
> talenthive-client@1.0.0 test
> vitest run --reporter dot --reporter verbose --no-color | npx strip-ansi-cli

stderr | src/test/contract.test.tsx > ContractCard > renders contract card for client view
⚠️ React Router Future Flag Warning: React Router will begin wrapping state updates in `React.startTransition` in v7. You can use the `v7_startTransition` future flag to opt-in early. For more information, see https://reactrouter.com/v6/upgrading/future#v7_starttransition.
⚠️ React Router Future Flag Warning: Relative route resolution within Splat routes is changing in v7. You can use the `v7_relativeSplatPath` future flag to opt-in early. For more information, see https://reactrouter.com/v6/upgrading/future#v7_relativesplatpath.

stderr | src/test/contract.test.tsx > ContractCard > renders contract card for client view
⚠️ React Router Future Flag Warning: React Router will begin wrapping state updates in `React.startTransition` in v7. You can use the `v7_startTransition` future flag to opt-in early. For more information, see https://reactrouter.com/v6/upgrading/future#v7_starttransition.
⚠️ React Router Future Flag Warning: Relative route resolution within Splat routes is changing in v7. You can use the `v7_relativeSplatPath` future flag to opt-in early. For more information, see https://reactrouter.com/v6/upgrading/future#v7_relativesplatpath.

stderr | src/test/contract.test.tsx > MilestoneManager > renders milestone manager with progress
Warning: validateDOMNesting(...): <p> cannot appear as a descendant of <p>.
    at p
    at /workspaces/TalentHive/client/node_modules/@emotion/react/dist/emotion-element-e8f4cc37.development.cjs.js:60:23
    at Typography (/workspaces/TalentHive/client/node_modules/@mui/material/node/Typography/Typography.js:92:64)
    at div
    at /workspaces/TalentHive/client/node_modules/@emotion/react/dist/emotion-element-e8f4cc37.development.cjs.js:60:23
    at Box (/workspaces/TalentHive/client/node_modules/@mui/system/createBox.js:31:41)
    at p
    at /workspaces/TalentHive/client/node_modules/@emotion/react/dist/emotion-element-e8f4cc37.development.cjs.js:60:23
    at Typography (/workspaces/TalentHive/client/node_modules/@mui/material/node/Typography/Typography.js:92:64)
    at div
    at /workspaces/TalentHive/client/node_modules/@emotion/react/dist/emotion-element-e8f4cc37.development.cjs.js:60:23
    at ListItemText (/workspaces/TalentHive/client/node_modules/@mui/material/node/ListItemText/ListItemText.js:66:59)
    at li
    at /workspaces/TalentHive/client/node_modules/@emotion/react/dist/emotion-element-e8f4cc37.development.cjs.js:60:23
    at ListItem (/workspaces/TalentHive/client/node_modules/@mui/material/node/ListItem/ListItem.js:147:59)
    at ul
    at /workspaces/TalentHive/client/node_modules/@emotion/react/dist/emotion-element-e8f4cc37.development.cjs.js:60:23
    at List (/workspaces/TalentHive/client/node_modules/@mui/material/node/List/List.js:58:59)
    at div
    at /workspaces/TalentHive/client/node_modules/@emotion/react/dist/emotion-element-e8f4cc37.development.cjs.js:60:23
    at AccordionDetails (/workspaces/TalentHive/client/node_modules/@mui/material/node/AccordionDetails/AccordionDetails.js:41:59)
    at div
    at div
    at /workspaces/TalentHive/client/node_modules/@emotion/react/dist/emotion-element-e8f4cc37.development.cjs.js:60:23
    at div
    at /workspaces/TalentHive/client/node_modules/@emotion/react/dist/emotion-element-e8f4cc37.development.cjs.js:60:23
    at div
    at /workspaces/TalentHive/client/node_modules/@emotion/react/dist/emotion-element-e8f4cc37.development.cjs.js:60:23
    at Transition (/workspaces/TalentHive/client/node_modules/react-transition-group/cjs/Transition.js:135:30)
    at Collapse (/workspaces/TalentHive/client/node_modules/@mui/material/node/Collapse/Collapse.js:104:59)
    at div
    at /workspaces/TalentHive/client/node_modules/@emotion/react/dist/emotion-element-e8f4cc37.development.cjs.js:60:23
    at Paper (/workspaces/TalentHive/client/node_modules/@mui/material/node/Paper/Paper.js:70:59)
    at /workspaces/TalentHive/client/node_modules/@emotion/react/dist/emotion-element-e8f4cc37.development.cjs.js:60:23
    at Accordion (/workspaces/TalentHive/client/node_modules/@mui/material/node/Accordion/Accordion.js:132:59)
    at div
    at /workspaces/TalentHive/client/node_modules/@emotion/react/dist/emotion-element-e8f4cc37.development.cjs.js:60:23
    at CardContent (/workspaces/TalentHive/client/node_modules/@mui/material/node/CardContent/CardContent.js:44:59)
    at div
    at /workspaces/TalentHive/client/node_modules/@emotion/react/dist/emotion-element-e8f4cc37.development.cjs.js:60:23
    at Paper (/workspaces/TalentHive/client/node_modules/@mui/material/node/Paper/Paper.js:70:59)
    at /workspaces/TalentHive/client/node_modules/@emotion/react/dist/emotion-element-e8f4cc37.development.cjs.js:60:23
    at Card (/workspaces/TalentHive/client/node_modules/@mui/material/node/Card/Card.js:43:59)
    at div
    at /workspaces/TalentHive/client/node_modules/@emotion/react/dist/emotion-element-e8f4cc37.development.cjs.js:60:23
    at Box (/workspaces/TalentHive/client/node_modules/@mui/system/createBox.js:31:41)
    at MilestoneManager (/workspaces/TalentHive/client/src/components/contracts/MilestoneManager.tsx:18:3)
    at DefaultPropsProvider (/workspaces/TalentHive/client/node_modules/@mui/system/DefaultPropsProvider/DefaultPropsProvider.js:18:3)
    at RtlProvider (/workspaces/TalentHive/client/node_modules/@mui/system/RtlProvider/index.js:19:7)
    at ThemeProvider (/workspaces/TalentHive/client/node_modules/@mui/private-theming/node/ThemeProvider/ThemeProvider.js:39:5)
    at ThemeProvider (/workspaces/TalentHive/client/node_modules/@mui/system/ThemeProvider/ThemeProvider.js:53:5)
    at ThemeProvider (/workspaces/TalentHive/client/node_modules/@mui/material/node/styles/ThemeProvider.js:21:14)
    at Router (/workspaces/TalentHive/client/node_modules/react-router/dist/umd/react-router.development.js:1207:17)
    at BrowserRouter (/workspaces/TalentHive/client/node_modules/react-router-dom/dist/umd/react-router-dom.development.js:695:7)
    at QueryClientProvider (file:///workspaces/TalentHive/client/node_modules/@tanstack/react-query/build/modern/QueryClientProvider.js:20:3)
    at Provider (file:///workspaces/TalentHive/client/node_modules/react-redux/dist/react-redux.mjs:875:11)
    at TestWrapper (/workspaces/TalentHive/client/src/test/contract.test.tsx:51:24)
Warning: validateDOMNesting(...): <div> cannot appear as a descendant of <p>.
    at div
    at /workspaces/TalentHive/client/node_modules/@emotion/react/dist/emotion-element-e8f4cc37.development.cjs.js:60:23
    at Box (/workspaces/TalentHive/client/node_modules/@mui/system/createBox.js:31:41)
    at p
    at /workspaces/TalentHive/client/node_modules/@emotion/react/dist/emotion-element-e8f4cc37.development.cjs.js:60:23
    at Typography (/workspaces/TalentHive/client/node_modules/@mui/material/node/Typography/Typography.js:92:64)
    at div
    at /workspaces/TalentHive/client/node_modules/@emotion/react/dist/emotion-element-e8f4cc37.development.cjs.js:60:23
    at ListItemText (/workspaces/TalentHive/client/node_modules/@mui/material/node/ListItemText/ListItemText.js:66:59)
    at li
    at /workspaces/TalentHive/client/node_modules/@emotion/react/dist/emotion-element-e8f4cc37.development.cjs.js:60:23
    at ListItem (/workspaces/TalentHive/client/node_modules/@mui/material/node/ListItem/ListItem.js:147:59)
    at ul
    at /workspaces/TalentHive/client/node_modules/@emotion/react/dist/emotion-element-e8f4cc37.development.cjs.js:60:23
    at List (/workspaces/TalentHive/client/node_modules/@mui/material/node/List/List.js:58:59)
    at div
    at /workspaces/TalentHive/client/node_modules/@emotion/react/dist/emotion-element-e8f4cc37.development.cjs.js:60:23
    at AccordionDetails (/workspaces/TalentHive/client/node_modules/@mui/material/node/AccordionDetails/AccordionDetails.js:41:59)
    at div
    at div
    at /workspaces/TalentHive/client/node_modules/@emotion/react/dist/emotion-element-e8f4cc37.development.cjs.js:60:23
    at div
    at /workspaces/TalentHive/client/node_modules/@emotion/react/dist/emotion-element-e8f4cc37.development.cjs.js:60:23
    at div
    at /workspaces/TalentHive/client/node_modules/@emotion/react/dist/emotion-element-e8f4cc37.development.cjs.js:60:23
    at Transition (/workspaces/TalentHive/client/node_modules/react-transition-group/cjs/Transition.js:135:30)
    at Collapse (/workspaces/TalentHive/client/node_modules/@mui/material/node/Collapse/Collapse.js:104:59)
    at div
    at /workspaces/TalentHive/client/node_modules/@emotion/react/dist/emotion-element-e8f4cc37.development.cjs.js:60:23
    at Paper (/workspaces/TalentHive/client/node_modules/@mui/material/node/Paper/Paper.js:70:59)
    at /workspaces/TalentHive/client/node_modules/@emotion/react/dist/emotion-element-e8f4cc37.development.cjs.js:60:23
    at Accordion (/workspaces/TalentHive/client/node_modules/@mui/material/node/Accordion/Accordion.js:132:59)
    at div
    at /workspaces/TalentHive/client/node_modules/@emotion/react/dist/emotion-element-e8f4cc37.development.cjs.js:60:23
    at CardContent (/workspaces/TalentHive/client/node_modules/@mui/material/node/CardContent/CardContent.js:44:59)
    at div
    at /workspaces/TalentHive/client/node_modules/@emotion/react/dist/emotion-element-e8f4cc37.development.cjs.js:60:23
    at Paper (/workspaces/TalentHive/client/node_modules/@mui/material/node/Paper/Paper.js:70:59)
    at /workspaces/TalentHive/client/node_modules/@emotion/react/dist/emotion-element-e8f4cc37.development.cjs.js:60:23
    at Card (/workspaces/TalentHive/client/node_modules/@mui/material/node/Card/Card.js:43:59)
    at div
    at /workspaces/TalentHive/client/node_modules/@emotion/react/dist/emotion-element-e8f4cc37.development.cjs.js:60:23
    at Box (/workspaces/TalentHive/client/node_modules/@mui/system/createBox.js:31:41)
    at MilestoneManager (/workspaces/TalentHive/client/src/components/contracts/MilestoneManager.tsx:18:3)
    at DefaultPropsProvider (/workspaces/TalentHive/client/node_modules/@mui/system/DefaultPropsProvider/DefaultPropsProvider.js:18:3)
    at RtlProvider (/workspaces/TalentHive/client/node_modules/@mui/system/RtlProvider/index.js:19:7)
    at ThemeProvider (/workspaces/TalentHive/client/node_modules/@mui/private-theming/node/ThemeProvider/ThemeProvider.js:39:5)
    at ThemeProvider (/workspaces/TalentHive/client/node_modules/@mui/system/ThemeProvider/ThemeProvider.js:53:5)
    at ThemeProvider (/workspaces/TalentHive/client/node_modules/@mui/material/node/styles/ThemeProvider.js:21:14)
    at Router (/workspaces/TalentHive/client/node_modules/react-router/dist/umd/react-router.development.js:1207:17)
    at BrowserRouter (/workspaces/TalentHive/client/node_modules/react-router-dom/dist/umd/react-router-dom.development.js:695:7)
    at QueryClientProvider (file:///workspaces/TalentHive/client/node_modules/@tanstack/react-query/build/modern/QueryClientProvider.js:20:3)
    at Provider (file:///workspaces/TalentHive/client/node_modules/react-redux/dist/react-redux.mjs:875:11)
    at TestWrapper (/workspaces/TalentHive/client/src/test/contract.test.tsx:51:24)

stderr | src/test/contract.test.tsx > MilestoneManager > renders milestone manager with progress
Warning: validateDOMNesting(...): <p> cannot appear as a descendant of <p>.
    at p
    at /workspaces/TalentHive/client/node_modules/@emotion/react/dist/emotion-element-e8f4cc37.development.cjs.js:60:23
    at Typography (/workspaces/TalentHive/client/node_modules/@mui/material/node/Typography/Typography.js:92:64)
    at div
    at /workspaces/TalentHive/client/node_modules/@emotion/react/dist/emotion-element-e8f4cc37.development.cjs.js:60:23
    at Box (/workspaces/TalentHive/client/node_modules/@mui/system/createBox.js:31:41)
    at p
    at /workspaces/TalentHive/client/node_modules/@emotion/react/dist/emotion-element-e8f4cc37.development.cjs.js:60:23
    at Typography (/workspaces/TalentHive/client/node_modules/@mui/material/node/Typography/Typography.js:92:64)
    at div
    at /workspaces/TalentHive/client/node_modules/@emotion/react/dist/emotion-element-e8f4cc37.development.cjs.js:60:23
    at ListItemText (/workspaces/TalentHive/client/node_modules/@mui/material/node/ListItemText/ListItemText.js:66:59)
    at li
    at /workspaces/TalentHive/client/node_modules/@emotion/react/dist/emotion-element-e8f4cc37.development.cjs.js:60:23
    at ListItem (/workspaces/TalentHive/client/node_modules/@mui/material/node/ListItem/ListItem.js:147:59)
    at ul
    at /workspaces/TalentHive/client/node_modules/@emotion/react/dist/emotion-element-e8f4cc37.development.cjs.js:60:23
    at List (/workspaces/TalentHive/client/node_modules/@mui/material/node/List/List.js:58:59)
    at div
    at /workspaces/TalentHive/client/node_modules/@emotion/react/dist/emotion-element-e8f4cc37.development.cjs.js:60:23
    at AccordionDetails (/workspaces/TalentHive/client/node_modules/@mui/material/node/AccordionDetails/AccordionDetails.js:41:59)
    at div
    at div
    at /workspaces/TalentHive/client/node_modules/@emotion/react/dist/emotion-element-e8f4cc37.development.cjs.js:60:23
    at div
    at /workspaces/TalentHive/client/node_modules/@emotion/react/dist/emotion-element-e8f4cc37.development.cjs.js:60:23
    at div
    at /workspaces/TalentHive/client/node_modules/@emotion/react/dist/emotion-element-e8f4cc37.development.cjs.js:60:23
    at Transition (/workspaces/TalentHive/client/node_modules/react-transition-group/cjs/Transition.js:135:30)
    at Collapse (/workspaces/TalentHive/client/node_modules/@mui/material/node/Collapse/Collapse.js:104:59)
    at div
    at /workspaces/TalentHive/client/node_modules/@emotion/react/dist/emotion-element-e8f4cc37.development.cjs.js:60:23
    at Paper (/workspaces/TalentHive/client/node_modules/@mui/material/node/Paper/Paper.js:70:59)
    at /workspaces/TalentHive/client/node_modules/@emotion/react/dist/emotion-element-e8f4cc37.development.cjs.js:60:23
    at Accordion (/workspaces/TalentHive/client/node_modules/@mui/material/node/Accordion/Accordion.js:132:59)
    at div
    at /workspaces/TalentHive/client/node_modules/@emotion/react/dist/emotion-element-e8f4cc37.development.cjs.js:60:23
    at CardContent (/workspaces/TalentHive/client/node_modules/@mui/material/node/CardContent/CardContent.js:44:59)
    at div
    at /workspaces/TalentHive/client/node_modules/@emotion/react/dist/emotion-element-e8f4cc37.development.cjs.js:60:23
    at Paper (/workspaces/TalentHive/client/node_modules/@mui/material/node/Paper/Paper.js:70:59)
    at /workspaces/TalentHive/client/node_modules/@emotion/react/dist/emotion-element-e8f4cc37.development.cjs.js:60:23
    at Card (/workspaces/TalentHive/client/node_modules/@mui/material/node/Card/Card.js:43:59)
    at div
    at /workspaces/TalentHive/client/node_modules/@emotion/react/dist/emotion-element-e8f4cc37.development.cjs.js:60:23
    at Box (/workspaces/TalentHive/client/node_modules/@mui/system/createBox.js:31:41)
    at MilestoneManager (/workspaces/TalentHive/client/src/components/contracts/MilestoneManager.tsx:18:3)
    at DefaultPropsProvider (/workspaces/TalentHive/client/node_modules/@mui/system/DefaultPropsProvider/DefaultPropsProvider.js:18:3)
    at RtlProvider (/workspaces/TalentHive/client/node_modules/@mui/system/RtlProvider/index.js:19:7)
    at ThemeProvider (/workspaces/TalentHive/client/node_modules/@mui/private-theming/node/ThemeProvider/ThemeProvider.js:39:5)
    at ThemeProvider (/workspaces/TalentHive/client/node_modules/@mui/system/ThemeProvider/ThemeProvider.js:53:5)
    at ThemeProvider (/workspaces/TalentHive/client/node_modules/@mui/material/node/styles/ThemeProvider.js:21:14)
    at Router (/workspaces/TalentHive/client/node_modules/react-router/dist/umd/react-router.development.js:1207:17)
    at BrowserRouter (/workspaces/TalentHive/client/node_modules/react-router-dom/dist/umd/react-router-dom.development.js:695:7)
    at QueryClientProvider (file:///workspaces/TalentHive/client/node_modules/@tanstack/react-query/build/modern/QueryClientProvider.js:20:3)
    at Provider (file:///workspaces/TalentHive/client/node_modules/react-redux/dist/react-redux.mjs:875:11)
    at TestWrapper (/workspaces/TalentHive/client/src/test/contract.test.tsx:51:24)
Warning: validateDOMNesting(...): <div> cannot appear as a descendant of <p>.
    at div
    at /workspaces/TalentHive/client/node_modules/@emotion/react/dist/emotion-element-e8f4cc37.development.cjs.js:60:23
    at Box (/workspaces/TalentHive/client/node_modules/@mui/system/createBox.js:31:41)
    at p
    at /workspaces/TalentHive/client/node_modules/@emotion/react/dist/emotion-element-e8f4cc37.development.cjs.js:60:23
    at Typography (/workspaces/TalentHive/client/node_modules/@mui/material/node/Typography/Typography.js:92:64)
    at div
    at /workspaces/TalentHive/client/node_modules/@emotion/react/dist/emotion-element-e8f4cc37.development.cjs.js:60:23
    at ListItemText (/workspaces/TalentHive/client/node_modules/@mui/material/node/ListItemText/ListItemText.js:66:59)
    at li
    at /workspaces/TalentHive/client/node_modules/@emotion/react/dist/emotion-element-e8f4cc37.development.cjs.js:60:23
    at ListItem (/workspaces/TalentHive/client/node_modules/@mui/material/node/ListItem/ListItem.js:147:59)
    at ul
    at /workspaces/TalentHive/client/node_modules/@emotion/react/dist/emotion-element-e8f4cc37.development.cjs.js:60:23
    at List (/workspaces/TalentHive/client/node_modules/@mui/material/node/List/List.js:58:59)
    at div
    at /workspaces/TalentHive/client/node_modules/@emotion/react/dist/emotion-element-e8f4cc37.development.cjs.js:60:23
    at AccordionDetails (/workspaces/TalentHive/client/node_modules/@mui/material/node/AccordionDetails/AccordionDetails.js:41:59)
    at div
    at div
    at /workspaces/TalentHive/client/node_modules/@emotion/react/dist/emotion-element-e8f4cc37.development.cjs.js:60:23
    at div
    at /workspaces/TalentHive/client/node_modules/@emotion/react/dist/emotion-element-e8f4cc37.development.cjs.js:60:23
    at div
    at /workspaces/TalentHive/client/node_modules/@emotion/react/dist/emotion-element-e8f4cc37.development.cjs.js:60:23
    at Transition (/workspaces/TalentHive/client/node_modules/react-transition-group/cjs/Transition.js:135:30)
    at Collapse (/workspaces/TalentHive/client/node_modules/@mui/material/node/Collapse/Collapse.js:104:59)
    at div
    at /workspaces/TalentHive/client/node_modules/@emotion/react/dist/emotion-element-e8f4cc37.development.cjs.js:60:23
    at Paper (/workspaces/TalentHive/client/node_modules/@mui/material/node/Paper/Paper.js:70:59)
    at /workspaces/TalentHive/client/node_modules/@emotion/react/dist/emotion-element-e8f4cc37.development.cjs.js:60:23
    at Accordion (/workspaces/TalentHive/client/node_modules/@mui/material/node/Accordion/Accordion.js:132:59)
    at div
    at /workspaces/TalentHive/client/node_modules/@emotion/react/dist/emotion-element-e8f4cc37.development.cjs.js:60:23
    at CardContent (/workspaces/TalentHive/client/node_modules/@mui/material/node/CardContent/CardContent.js:44:59)
    at div
    at /workspaces/TalentHive/client/node_modules/@emotion/react/dist/emotion-element-e8f4cc37.development.cjs.js:60:23
    at Paper (/workspaces/TalentHive/client/node_modules/@mui/material/node/Paper/Paper.js:70:59)
    at /workspaces/TalentHive/client/node_modules/@emotion/react/dist/emotion-element-e8f4cc37.development.cjs.js:60:23
    at Card (/workspaces/TalentHive/client/node_modules/@mui/material/node/Card/Card.js:43:59)
    at div
    at /workspaces/TalentHive/client/node_modules/@emotion/react/dist/emotion-element-e8f4cc37.development.cjs.js:60:23
    at Box (/workspaces/TalentHive/client/node_modules/@mui/system/createBox.js:31:41)
    at MilestoneManager (/workspaces/TalentHive/client/src/components/contracts/MilestoneManager.tsx:18:3)
    at DefaultPropsProvider (/workspaces/TalentHive/client/node_modules/@mui/system/DefaultPropsProvider/DefaultPropsProvider.js:18:3)
    at RtlProvider (/workspaces/TalentHive/client/node_modules/@mui/system/RtlProvider/index.js:19:7)
    at ThemeProvider (/workspaces/TalentHive/client/node_modules/@mui/private-theming/node/ThemeProvider/ThemeProvider.js:39:5)
    at ThemeProvider (/workspaces/TalentHive/client/node_modules/@mui/system/ThemeProvider/ThemeProvider.js:53:5)
    at ThemeProvider (/workspaces/TalentHive/client/node_modules/@mui/material/node/styles/ThemeProvider.js:21:14)
    at Router (/workspaces/TalentHive/client/node_modules/react-router/dist/umd/react-router.development.js:1207:17)
    at BrowserRouter (/workspaces/TalentHive/client/node_modules/react-router-dom/dist/umd/react-router-dom.development.js:695:7)
    at QueryClientProvider (file:///workspaces/TalentHive/client/node_modules/@tanstack/react-query/build/modern/QueryClientProvider.js:20:3)
    at Provider (file:///workspaces/TalentHive/client/node_modules/react-redux/dist/react-redux.mjs:875:11)
    at TestWrapper (/workspaces/TalentHive/client/src/test/contract.test.tsx:51:24)

stderr | src/test/timeTracking.test.tsx > TimeTracker Component > should render time tracker
Error fetching projects: TypeError: Cannot read properties of undefined (reading 'data')
    at fetchProjects (/workspaces/TalentHive/client/src/components/timeTracking/TimeTracker.tsx:63:28)
Error fetching contracts: TypeError: Cannot read properties of undefined (reading 'data')
    at fetchContracts (/workspaces/TalentHive/client/src/components/timeTracking/TimeTracker.tsx:72:29)

stderr | src/test/timeTracking.test.tsx > TimeTracker Component > should render time tracker
Error fetching projects: TypeError: Cannot read properties of undefined (reading 'data')
    at fetchProjects (/workspaces/TalentHive/client/src/components/timeTracking/TimeTracker.tsx:63:28)
Error fetching contracts: TypeError: Cannot read properties of undefined (reading 'data')
    at fetchContracts (/workspaces/TalentHive/client/src/components/timeTracking/TimeTracker.tsx:72:29)

stderr | src/test/timeTracking.test.tsx > TimeTracker Component > should display timer in correct format
Error fetching projects: TypeError: Cannot read properties of undefined (reading 'data')
    at fetchProjects (/workspaces/TalentHive/client/src/components/timeTracking/TimeTracker.tsx:63:28)
Error fetching contracts: TypeError: Cannot read properties of undefined (reading 'data')
    at fetchContracts (/workspaces/TalentHive/client/src/components/timeTracking/TimeTracker.tsx:72:29)

stderr | src/test/timeTracking.test.tsx > TimeTracker Component > should display timer in correct format
Error fetching projects: TypeError: Cannot read properties of undefined (reading 'data')
    at fetchProjects (/workspaces/TalentHive/client/src/components/timeTracking/TimeTracker.tsx:63:28)
Error fetching contracts: TypeError: Cannot read properties of undefined (reading 'data')
    at fetchContracts (/workspaces/TalentHive/client/src/components/timeTracking/TimeTracker.tsx:72:29)

stderr | src/test/timeTracking.test.tsx > TimeTracker Component > should stop tracking and save entry
MUI: You have provided an out-of-range value `1` for the select component.
Consider providing a value that matches one of the available options or ''.
The available values are "".
MUI: You have provided an out-of-range value `1` for the select component.
Consider providing a value that matches one of the available options or ''.
The available values are "".
MUI: You have provided an out-of-range value `1` for the select component.
Consider providing a value that matches one of the available options or ''.
The available values are "".
MUI: You have provided an out-of-range value `1` for the select component.
Consider providing a value that matches one of the available options or ''.
The available values are "".
MUI: You have provided an out-of-range value `1` for the select component.
Consider providing a value that matches one of the available options or ''.
The available values are "".
MUI: You have provided an out-of-range value `1` for the select component.
Consider providing a value that matches one of the available options or ''.
The available values are "".

stderr | src/test/timeTracking.test.tsx > TimeTracker Component > should stop tracking and save entry
MUI: You have provided an out-of-range value `1` for the select component.
Consider providing a value that matches one of the available options or ''.
The available values are "".
MUI: You have provided an out-of-range value `1` for the select component.
Consider providing a value that matches one of the available options or ''.
The available values are "".
MUI: You have provided an out-of-range value `1` for the select component.
Consider providing a value that matches one of the available options or ''.
The available values are "".
MUI: You have provided an out-of-range value `1` for the select component.
Consider providing a value that matches one of the available options or ''.
The available values are "".
MUI: You have provided an out-of-range value `1` for the select component.
Consider providing a value that matches one of the available options or ''.
The available values are "".
MUI: You have provided an out-of-range value `1` for the select component.
Consider providing a value that matches one of the available options or ''.
The available values are "".

stderr | src/test/timeTracking.test.tsx > TimeEntryList Component > should submit selected entries
Error: Uncaught [TypeError: Cannot read properties of undefined (reading 'map')]
    at reportException (/workspaces/TalentHive/client/node_modules/jsdom/lib/jsdom/living/helpers/runtime-script-errors.js:66:24)
    at innerInvokeEventListeners (/workspaces/TalentHive/client/node_modules/jsdom/lib/jsdom/living/events/EventTarget-impl.js:353:9)
    at invokeEventListeners (/workspaces/TalentHive/client/node_modules/jsdom/lib/jsdom/living/events/EventTarget-impl.js:286:3)
    at HTMLUnknownElementImpl._dispatch (/workspaces/TalentHive/client/node_modules/jsdom/lib/jsdom/living/events/EventTarget-impl.js:233:9)
    at HTMLUnknownElementImpl.dispatchEvent (/workspaces/TalentHive/client/node_modules/jsdom/lib/jsdom/living/events/EventTarget-impl.js:104:17)
    at HTMLUnknownElement.dispatchEvent (/workspaces/TalentHive/client/node_modules/jsdom/lib/jsdom/living/generated/EventTarget.js:241:34)
    at Object.invokeGuardedCallbackDev (/workspaces/TalentHive/client/node_modules/react-dom/cjs/react-dom.development.js:4213:16)
    at invokeGuardedCallback (/workspaces/TalentHive/client/node_modules/react-dom/cjs/react-dom.development.js:4277:31)
    at beginWork$1 (/workspaces/TalentHive/client/node_modules/react-dom/cjs/react-dom.development.js:27490:7)
    at performUnitOfWork (/workspaces/TalentHive/client/node_modules/react-dom/cjs/react-dom.development.js:26599:12) TypeError: Cannot read properties of undefined (reading 'map')
    at TimeEntryList (/workspaces/TalentHive/client/src/components/timeTracking/TimeEntryList.tsx:166:24)
    at renderWithHooks (/workspaces/TalentHive/client/node_modules/react-dom/cjs/react-dom.development.js:15486:18)
    at updateFunctionComponent (/workspaces/TalentHive/client/node_modules/react-dom/cjs/react-dom.development.js:19617:20)
    at beginWork (/workspaces/TalentHive/client/node_modules/react-dom/cjs/react-dom.development.js:21640:16)
    at HTMLUnknownElement.callCallback (/workspaces/TalentHive/client/node_modules/react-dom/cjs/react-dom.development.js:4164:14)
    at HTMLUnknownElement.callTheUserObjectsOperation (/workspaces/TalentHive/client/node_modules/jsdom/lib/jsdom/living/generated/EventListener.js:26:30)
    at innerInvokeEventListeners (/workspaces/TalentHive/client/node_modules/jsdom/lib/jsdom/living/events/EventTarget-impl.js:350:25)
    at invokeEventListeners (/workspaces/TalentHive/client/node_modules/jsdom/lib/jsdom/living/events/EventTarget-impl.js:286:3)
    at HTMLUnknownElementImpl._dispatch (/workspaces/TalentHive/client/node_modules/jsdom/lib/jsdom/living/events/EventTarget-impl.js:233:9)
    at HTMLUnknownElementImpl.dispatchEvent (/workspaces/TalentHive/client/node_modules/jsdom/lib/jsdom/living/events/EventTarget-impl.js:104:17)
Error: Uncaught [TypeError: Cannot read properties of undefined (reading 'map')]
    at reportException (/workspaces/TalentHive/client/node_modules/jsdom/lib/jsdom/living/helpers/runtime-script-errors.js:66:24)
    at innerInvokeEventListeners (/workspaces/TalentHive/client/node_modules/jsdom/lib/jsdom/living/events/EventTarget-impl.js:353:9)
    at invokeEventListeners (/workspaces/TalentHive/client/node_modules/jsdom/lib/jsdom/living/events/EventTarget-impl.js:286:3)
    at HTMLUnknownElementImpl._dispatch (/workspaces/TalentHive/client/node_modules/jsdom/lib/jsdom/living/events/EventTarget-impl.js:233:9)
    at HTMLUnknownElementImpl.dispatchEvent (/workspaces/TalentHive/client/node_modules/jsdom/lib/jsdom/living/events/EventTarget-impl.js:104:17)
    at HTMLUnknownElement.dispatchEvent (/workspaces/TalentHive/client/node_modules/jsdom/lib/jsdom/living/generated/EventTarget.js:241:34)
    at Object.invokeGuardedCallbackDev (/workspaces/TalentHive/client/node_modules/react-dom/cjs/react-dom.development.js:4213:16)
    at invokeGuardedCallback (/workspaces/TalentHive/client/node_modules/react-dom/cjs/react-dom.development.js:4277:31)
    at beginWork$1 (/workspaces/TalentHive/client/node_modules/react-dom/cjs/react-dom.development.js:27490:7)
    at performUnitOfWork (/workspaces/TalentHive/client/node_modules/react-dom/cjs/react-dom.development.js:26599:12) TypeError: Cannot read properties of undefined (reading 'map')
    at TimeEntryList (/workspaces/TalentHive/client/src/components/timeTracking/TimeEntryList.tsx:166:24)
    at renderWithHooks (/workspaces/TalentHive/client/node_modules/react-dom/cjs/react-dom.development.js:15486:18)
    at updateFunctionComponent (/workspaces/TalentHive/client/node_modules/react-dom/cjs/react-dom.development.js:19617:20)
    at beginWork (/workspaces/TalentHive/client/node_modules/react-dom/cjs/react-dom.development.js:21640:16)
    at HTMLUnknownElement.callCallback (/workspaces/TalentHive/client/node_modules/react-dom/cjs/react-dom.development.js:4164:14)
    at HTMLUnknownElement.callTheUserObjectsOperation (/workspaces/TalentHive/client/node_modules/jsdom/lib/jsdom/living/generated/EventListener.js:26:30)
    at innerInvokeEventListeners (/workspaces/TalentHive/client/node_modules/jsdom/lib/jsdom/living/events/EventTarget-impl.js:350:25)
    at invokeEventListeners (/workspaces/TalentHive/client/node_modules/jsdom/lib/jsdom/living/events/EventTarget-impl.js:286:3)
    at HTMLUnknownElementImpl._dispatch (/workspaces/TalentHive/client/node_modules/jsdom/lib/jsdom/living/events/EventTarget-impl.js:233:9)
    at HTMLUnknownElementImpl.dispatchEvent (/workspaces/TalentHive/client/node_modules/jsdom/lib/jsdom/living/events/EventTarget-impl.js:104:17)
The above error occurred in the <TimeEntryList> component:

    at TimeEntryList (/workspaces/TalentHive/client/src/components/timeTracking/TimeEntryList.tsx:14:42)
    at Router (/workspaces/TalentHive/client/node_modules/react-router/dist/umd/react-router.development.js:1207:17)
    at BrowserRouter (/workspaces/TalentHive/client/node_modules/react-router-dom/dist/umd/react-router-dom.development.js:695:7)
    at Provider (file:///workspaces/TalentHive/client/node_modules/react-redux/dist/react-redux.mjs:875:11)

Consider adding an error boundary to your tree to customize error handling behavior.
Visit https://reactjs.org/link/error-boundaries to learn more about error boundaries.

stderr | src/test/timeTracking.test.tsx > TimeEntryList Component > should submit selected entries
Error: Uncaught [TypeError: Cannot read properties of undefined (reading 'map')]
    at reportException (/workspaces/TalentHive/client/node_modules/jsdom/lib/jsdom/living/helpers/runtime-script-errors.js:66:24)
    at innerInvokeEventListeners (/workspaces/TalentHive/client/node_modules/jsdom/lib/jsdom/living/events/EventTarget-impl.js:353:9)
    at invokeEventListeners (/workspaces/TalentHive/client/node_modules/jsdom/lib/jsdom/living/events/EventTarget-impl.js:286:3)
    at HTMLUnknownElementImpl._dispatch (/workspaces/TalentHive/client/node_modules/jsdom/lib/jsdom/living/events/EventTarget-impl.js:233:9)
    at HTMLUnknownElementImpl.dispatchEvent (/workspaces/TalentHive/client/node_modules/jsdom/lib/jsdom/living/events/EventTarget-impl.js:104:17)
    at HTMLUnknownElement.dispatchEvent (/workspaces/TalentHive/client/node_modules/jsdom/lib/jsdom/living/generated/EventTarget.js:241:34)
    at Object.invokeGuardedCallbackDev (/workspaces/TalentHive/client/node_modules/react-dom/cjs/react-dom.development.js:4213:16)
    at invokeGuardedCallback (/workspaces/TalentHive/client/node_modules/react-dom/cjs/react-dom.development.js:4277:31)
    at beginWork$1 (/workspaces/TalentHive/client/node_modules/react-dom/cjs/react-dom.development.js:27490:7)
    at performUnitOfWork (/workspaces/TalentHive/client/node_modules/react-dom/cjs/react-dom.development.js:26599:12) TypeError: Cannot read properties of undefined (reading 'map')
    at TimeEntryList (/workspaces/TalentHive/client/src/components/timeTracking/TimeEntryList.tsx:166:24)
    at renderWithHooks (/workspaces/TalentHive/client/node_modules/react-dom/cjs/react-dom.development.js:15486:18)
    at updateFunctionComponent (/workspaces/TalentHive/client/node_modules/react-dom/cjs/react-dom.development.js:19617:20)
    at beginWork (/workspaces/TalentHive/client/node_modules/react-dom/cjs/react-dom.development.js:21640:16)
    at HTMLUnknownElement.callCallback (/workspaces/TalentHive/client/node_modules/react-dom/cjs/react-dom.development.js:4164:14)
    at HTMLUnknownElement.callTheUserObjectsOperation (/workspaces/TalentHive/client/node_modules/jsdom/lib/jsdom/living/generated/EventListener.js:26:30)
    at innerInvokeEventListeners (/workspaces/TalentHive/client/node_modules/jsdom/lib/jsdom/living/events/EventTarget-impl.js:350:25)
    at invokeEventListeners (/workspaces/TalentHive/client/node_modules/jsdom/lib/jsdom/living/events/EventTarget-impl.js:286:3)
    at HTMLUnknownElementImpl._dispatch (/workspaces/TalentHive/client/node_modules/jsdom/lib/jsdom/living/events/EventTarget-impl.js:233:9)
    at HTMLUnknownElementImpl.dispatchEvent (/workspaces/TalentHive/client/node_modules/jsdom/lib/jsdom/living/events/EventTarget-impl.js:104:17)
Error: Uncaught [TypeError: Cannot read properties of undefined (reading 'map')]
    at reportException (/workspaces/TalentHive/client/node_modules/jsdom/lib/jsdom/living/helpers/runtime-script-errors.js:66:24)
    at innerInvokeEventListeners (/workspaces/TalentHive/client/node_modules/jsdom/lib/jsdom/living/events/EventTarget-impl.js:353:9)
    at invokeEventListeners (/workspaces/TalentHive/client/node_modules/jsdom/lib/jsdom/living/events/EventTarget-impl.js:286:3)
    at HTMLUnknownElementImpl._dispatch (/workspaces/TalentHive/client/node_modules/jsdom/lib/jsdom/living/events/EventTarget-impl.js:233:9)
    at HTMLUnknownElementImpl.dispatchEvent (/workspaces/TalentHive/client/node_modules/jsdom/lib/jsdom/living/events/EventTarget-impl.js:104:17)
    at HTMLUnknownElement.dispatchEvent (/workspaces/TalentHive/client/node_modules/jsdom/lib/jsdom/living/generated/EventTarget.js:241:34)
    at Object.invokeGuardedCallbackDev (/workspaces/TalentHive/client/node_modules/react-dom/cjs/react-dom.development.js:4213:16)
    at invokeGuardedCallback (/workspaces/TalentHive/client/node_modules/react-dom/cjs/react-dom.development.js:4277:31)
    at beginWork$1 (/workspaces/TalentHive/client/node_modules/react-dom/cjs/react-dom.development.js:27490:7)
    at performUnitOfWork (/workspaces/TalentHive/client/node_modules/react-dom/cjs/react-dom.development.js:26599:12) TypeError: Cannot read properties of undefined (reading 'map')
    at TimeEntryList (/workspaces/TalentHive/client/src/components/timeTracking/TimeEntryList.tsx:166:24)
    at renderWithHooks (/workspaces/TalentHive/client/node_modules/react-dom/cjs/react-dom.development.js:15486:18)
    at updateFunctionComponent (/workspaces/TalentHive/client/node_modules/react-dom/cjs/react-dom.development.js:19617:20)
    at beginWork (/workspaces/TalentHive/client/node_modules/react-dom/cjs/react-dom.development.js:21640:16)
    at HTMLUnknownElement.callCallback (/workspaces/TalentHive/client/node_modules/react-dom/cjs/react-dom.development.js:4164:14)
    at HTMLUnknownElement.callTheUserObjectsOperation (/workspaces/TalentHive/client/node_modules/jsdom/lib/jsdom/living/generated/EventListener.js:26:30)
    at innerInvokeEventListeners (/workspaces/TalentHive/client/node_modules/jsdom/lib/jsdom/living/events/EventTarget-impl.js:350:25)
    at invokeEventListeners (/workspaces/TalentHive/client/node_modules/jsdom/lib/jsdom/living/events/EventTarget-impl.js:286:3)
    at HTMLUnknownElementImpl._dispatch (/workspaces/TalentHive/client/node_modules/jsdom/lib/jsdom/living/events/EventTarget-impl.js:233:9)
    at HTMLUnknownElementImpl.dispatchEvent (/workspaces/TalentHive/client/node_modules/jsdom/lib/jsdom/living/events/EventTarget-impl.js:104:17)
The above error occurred in the <TimeEntryList> component:

    at TimeEntryList (/workspaces/TalentHive/client/src/components/timeTracking/TimeEntryList.tsx:14:42)
    at Router (/workspaces/TalentHive/client/node_modules/react-router/dist/umd/react-router.development.js:1207:17)
    at BrowserRouter (/workspaces/TalentHive/client/node_modules/react-router-dom/dist/umd/react-router-dom.development.js:695:7)
    at Provider (file:///workspaces/TalentHive/client/node_modules/react-redux/dist/react-redux.mjs:875:11)

Consider adding an error boundary to your tree to customize error handling behavior.
Visit https://reactjs.org/link/error-boundaries to learn more about error boundaries.

⎯⎯⎯⎯⎯⎯ Failed Tests 66 ⎯⎯⎯⎯⎯⎯⎯

 FAIL  src/test/auth.test.tsx > Authentication Components > LoginPage > shows validation errors for empty fields
TestingLibraryElementError: Found multiple elements with the role "button" and name `/sign in/i`

Here are the matching elements:

 ❯ Object.getElementError node_modules/@testing-library/react/node_modules/@testing-library/dom/dist/config.js:37:19
 ❯ getElementError node_modules/@testing-library/react/node_modules/@testing-library/dom/dist/query-helpers.js:20:35
 ❯ getMultipleElementsFoundError node_modules/@testing-library/react/node_modules/@testing-library/dom/dist/query-helpers.js:23:10
 ❯ node_modules/@testing-library/react/node_modules/@testing-library/dom/dist/query-helpers.js:55:13
 ❯ node_modules/@testing-library/react/node_modules/@testing-library/dom/dist/query-helpers.js:95:19
 ❯ src/test/auth.test.tsx:83:35
     81|       );
     82| 
     83|       const submitButton = screen.getByRole('button', { name: /sign in…
       |                                   ^
     84|       fireEvent.click(submitButton);
     85| 

⎯⎯⎯⎯⎯⎯⎯⎯⎯⎯⎯⎯⎯⎯⎯⎯⎯⎯⎯⎯⎯⎯⎯[1/66]⎯

 FAIL  src/test/auth.test.tsx > Authentication Components > LoginPage > redirects to dashboard when already authenticated
TestingLibraryElementError: Found multiple elements with the text: Welcome Back

Here are the matching elements:

Ignored nodes: comments, script, style
[36m<h1[39m
  [33mclass[39m=[32m"MuiTypography-root MuiTypography-h4 MuiTypography-gutterBottom css-1vw6mcs-MuiTypography-root"[39m
[36m>[39m
  [0mWelcome Back[0m
[36m</h1>[39m

Ignored nodes: comments, script, style
[36m<h1[39m
  [33mclass[39m=[32m"MuiTypography-root MuiTypography-h4 MuiTypography-gutterBottom css-1vw6mcs-MuiTypography-root"[39m
[36m>[39m
  [0mWelcome Back[0m
[36m</h1>[39m

Ignored nodes: comments, script, style
[36m<h1[39m
  [33mclass[39m=[32m"MuiTypography-root MuiTypography-h4 MuiTypography-gutterBottom css-1vw6mcs-MuiTypography-root"[39m
[36m>[39m
  [0mWelcome Back[0m
[36m</h1>[39m

(If this is intentional, then use the `*AllBy*` variant of the query (like `queryAllByText`, `getAllByText`, or `findAllByText`)).

Ignored nodes: comments, script, style
[36m<body[39m
  [33mstyle[39m=[32m"padding-right: 1024px; overflow: hidden;"[39m
[36m>[39m
  [36m<div[39m
    [33maria-hidden[39m=[32m"true"[39m
  [36m>[39m
    [36m<div[39m
      [33mclass[39m=[32m"MuiBox-root css-0"[39m
    [36m>[39m
      [36m<div[39m
        [33mclass[39m=[32m"MuiBox-root css-i3pbo"[39m
      [36m>[39m
        [36m<h5[39m
          [33mclass[39m=[32m"MuiTypography-root MuiTypography-h5 MuiTypography-gutterBottom css-1hkf4sh-MuiTypography-root"[39m
        [36m>[39m
          [0mPayment History[0m
        [36m</h5>[39m
        [36m<p[39m
          [33mclass[39m=[32m"MuiTypography-root MuiTypography-body2 css-xtz2xu-MuiTypography-root"[39m
        [36m>[39m
          [0m1[0m
          [0m payment[0m
          [0m found[0m
        [36m</p>[39m
      [36m</div>[39m
      [36m<div[39m
        [33mclass[39m=[32m"MuiGrid-root MuiGrid-container MuiGrid-spacing-xs-2 css-12rc5ck-MuiGrid-root"[39m
      [36m>[39m
        [36m<div[39m
          [33mclass[39m=[32m"MuiGrid-root MuiGrid-item MuiGrid-grid-xs-12 MuiGrid-grid-sm-6 MuiGrid-grid-md-3 css-10voxkt-MuiGrid-root"[39m
        [36m>[39m
          [36m<div[39m
            [33mclass[39m=[32m"MuiFormControl-root MuiFormControl-fullWidth MuiTextField-root css-18hear-MuiFormControl-root-MuiTextField-root"[39m
          [36m>[39m
            [36m<div[39m
              [33mclass[39m=[32m"MuiInputBase-root MuiOutlinedInput-root MuiInputBase-colorPrimary MuiInputBase-fullWidth MuiInputBase-formControl MuiInputBase-sizeSmall MuiInputBase-adornedStart css-1cj7mpt-MuiInputBase-root-MuiOutlinedInput-root"[39m
            [36m>[39m
              [36m<div[39m
                [33mclass[39m=[32m"MuiInputAdornment-root MuiInputAdornment-positionStart MuiInputAdornment-outlined MuiInputAdornment-sizeSmall css-ittuaa-MuiInputAdornment-root"[39m
              [36m>[39m
                [36m<span[39m
                  [33mclass[39m=[32m"notranslate"[39m
                [36m>[39m
                  [0m​[0m
                [36m</span>[39m
                [36m<svg[39m
                  [33maria-hidden[39m=[32m"true"[39m
                  [33mclass[39m=[32m"MuiSvgIcon-root MuiSvgIcon-fontSizeMedium css-i4bv87-MuiSvgIcon-root"[39m
                  [33mdata-testid[39m=[32m"SearchIcon"[39m
                  [33mfocusable[39m=[32m"false"[39m
                  [33mviewBox[39m=[32m"0 0 24 24"[39m
                [36m>[39m
                  [36m<path[39m
                    [33md[39m=[32m"M15.5 14h-.79l-.28-.27C15.41 12.59 16 11.11 16 9.5 16 5.91 13.09 3 9.5 3S3 5.91 3 9.5 5.91 16 9.5 16c1.61 0 3.09-.59 4.23-1.57l.27.28v.79l5 4.99L20.49 19zm-6 0C7.01 14 5 11.99 5 9.5S7.01 5 9.5 5 14 7.01 14 9.5 11.99 14 9.5 14"[39m
                  [36m/>[39m
                [36m</svg>[39m
              [36m</div>[39m
              [36m<input[39m
                [33maria-invalid[39m=[32m"false"[39m
                [33mclass[39m=[32m"MuiInputBase-input MuiOutlinedInput-input MuiInputBase-inputSizeSmall MuiInputBase-inputAdornedStart css-1ua80n0-MuiInputBase-input-MuiOutlinedInput-input"[39m
                [33mid[39m=[32m":rt:"[39m
                [33mplaceholder[39m=[32m"Search payments..."[39m
                [33mtype[39m=[32m"text"[39m
                [33mvalue[39m=[32m""[39m
              [36m/>[39m
              [36m<fieldset[39m
                [33maria-hidden[39m=[32m"true"[39m
                [33mclass[39m=[32m"MuiOutlinedInput-notchedOutline css-r01yff-MuiNotchedOutlined-root-MuiOutlinedInput-notchedOutline"[39m
              [36m>[39m
                [36m<legend[39m
                  [33mclass[39m=[32m"css-1whs34k-MuiNotchedOutlined-root"[39m
                [36m>[39m
                  [36m<span[39m
                    [33mclass[39m=[32m"notranslate"[39m
                  [36m>[39m
                    [0m​[0m
                  [36m</span>[39m
                [36m</legend>[39m
              [36m</fieldset>[39m
            [36m</div>[39m
          [36m</div>[39m
        [36m</div>[39m
        [36m<div[39m
          [33mclass[39m=[32m"MuiGrid-root MuiGrid-item MuiGrid-grid-xs-12 MuiGrid-grid-sm-6 MuiGrid-grid-md-3 css-10voxkt-MuiGrid-root"[39m
        [36m>[39m
          [36m<div[39m
            [33mclass[39m=[32m"MuiFormControl-root MuiFormControl-fullWidth css-q8hpuo-MuiFormControl-root"[39m
          [36m>[39m
            [36m<label[39m
              [33mclass[39m=[32m"MuiFormLabel-root MuiInputLabel-root MuiInputLabel-formControl MuiInputLabel-animated MuiInputLabel-shrink MuiInputLabel-sizeSmall MuiInputLabel-outlined MuiFormLabel-colorPrimary MuiFormLabel-filled MuiInputLabel-root MuiInputLabel-formControl MuiInputLabel-animated MuiInputLabel-shrink MuiInputLabel-sizeSmall MuiInputLabel-outlined css-fe0mau-MuiFormLabel-root-MuiInputLabel-root"[39m
              [33mdata-shrink[39m=[32m"true"[39m
            [36m>[39m
              [0mStatus[0m
            [36m</label>[39m
            [36m<div[39m
              [33mclass[39m=[32m"MuiInputBase-root MuiOutlinedInput-root MuiInputBase-colorPrimary MuiInputBase-formControl MuiInputBase-sizeSmall css-13lg1x7-MuiInputBase-root-MuiOutlinedInput-root-MuiSelect-root"[39m
            [36m>[39m
              [36m<div[39m
                [33maria-controls[39m=[32m":ru:"[39m
                [33maria-expanded[39m=[32m"false"[39m
                [33maria-haspopup[39m=[32m"listbox"[39m
                [33mclass[39m=[32m"MuiSelect-select MuiSelect-outlined MuiInputBase-input MuiOutlinedInput-input MuiInputBase-inputSizeSmall css-1fzjff4-MuiSelect-select-MuiInputBase-input-MuiOutlinedInput-input"[39m
                [33mrole[39m=[32m"combobox"[39m
                [33mtabindex[39m=[32m"0"[39m
              [36m>[39m
                [0mAll Statuses[0m
              [36m</div>[39m
              [36m<input[39m
                [33maria-hidden[39m=[32m"true"[39m
                [33maria-invalid[39m=[32m"false"[39m
                [33mclass[39m=[32m"MuiSelect-nativeInput css-yf8vq0-MuiSelect-nativeInput"[39m
                [33mtabindex[39m=[32m"-1"[39m
                [33mvalue[39m=[32m"all"[39m
              [36m/>[39m
              [36m<svg[39m
                [33maria-hidden[39m=[32m"true"[39m
                [33mclass[39m=[32m"MuiSvgIcon-root MuiSvgIcon-fontSizeMedium MuiSelect-icon MuiSelect-iconOutlined css-hfutr2-MuiSvgIcon-root-MuiSelect-icon"[39m
                [33mdata-testid[39m=[32m"ArrowDropDownIcon"[39m
                [33mfocusable[39m=[32m"false"[39m
                [33mviewBox[39m=[32m"0 0 24 24"[39m
              [36m>[39m
                [36m<path[39m
                  [33md[39m=[32m"M7 10l5 5 5-5z"[39m
                [36m/>[39m
              [36m</svg>[...
 ❯ Object.getElementError node_modules/@testing-library/react/node_modules/@testing-library/dom/dist/config.js:37:19
 ❯ getElementError node_modules/@testing-library/react/node_modules/@testing-library/dom/dist/query-helpers.js:20:35
 ❯ getMultipleElementsFoundError node_modules/@testing-library/react/node_modules/@testing-library/dom/dist/query-helpers.js:23:10
 ❯ node_modules/@testing-library/react/node_modules/@testing-library/dom/dist/query-helpers.js:55:13
 ❯ node_modules/@testing-library/react/node_modules/@testing-library/dom/dist/query-helpers.js:95:19
 ❯ src/test/auth.test.tsx:126:21
    124| 
    125|       // Should not render login form when authenticated
    126|       expect(screen.queryByText('Welcome Back')).not.toBeInTheDocument…
       |                     ^
    127|     });
    128|   });

⎯⎯⎯⎯⎯⎯⎯⎯⎯⎯⎯⎯⎯⎯⎯⎯⎯⎯⎯⎯⎯⎯⎯[2/66]⎯

 FAIL  src/test/auth.test.tsx > Authentication Components > RegisterPage > shows role selection buttons
TestingLibraryElementError: Found multiple elements with the text: Find Work as a Freelancer

Here are the matching elements:

Ignored nodes: comments, script, style
[36m<button[39m
  [33maria-label[39m=[32m"freelancer"[39m
  [33maria-pressed[39m=[32m"true"[39m
  [33mclass[39m=[32m"MuiButtonBase-root MuiToggleButtonGroup-grouped MuiToggleButtonGroup-groupedHorizontal MuiToggleButton-root Mui-selected MuiToggleButton-fullWidth MuiToggleButton-sizeMedium MuiToggleButton-standard MuiToggleButtonGroup-grouped MuiToggleButtonGroup-groupedHorizontal MuiToggleButtonGroup-firstButton css-17ndd9v-MuiButtonBase-root-MuiToggleButton-root"[39m
  [33mtabindex[39m=[32m"0"[39m
  [33mtype[39m=[32m"button"[39m
  [33mvalue[39m=[32m"freelancer"[39m
[36m>[39m
  [36m<svg[39m
    [33maria-hidden[39m=[32m"true"[39m
    [33mclass[39m=[32m"MuiSvgIcon-root MuiSvgIcon-fontSizeMedium css-elhp89-MuiSvgIcon-root"[39m
    [33mdata-testid[39m=[32m"PersonIcon"[39m
    [33mfocusable[39m=[32m"false"[39m
    [33mviewBox[39m=[32m"0 0 24 24"[39m
  [36m>[39m
    [36m<path[39m
      [33md[39m=[32m"M12 12c2.21 0 4-1.79 4-4s-1.79-4-4-4-4 1.79-4 4 1.79 4 4 4m0 2c-2.67 0-8 1.34-8 4v2h16v-2c0-2.66-5.33-4-8-4"[39m
    [36m/>[39m
  [36m</svg>[39m
  [0mFind Work as a Freelancer[0m
  [36m<span[39m
    [33mclass[39m=[32m"MuiTouchRipple-root css-8je8zh-MuiTouchRipple-root"[39m
  [36m/>[39m
[36m</button>[39m

Ignored nodes: comments, script, style
[36m<button[39m
  [33maria-label[39m=[32m"freelancer"[39m
  [33maria-pressed[39m=[32m"true"[39m
  [33mclass[39m=[32m"MuiButtonBase-root MuiToggleButtonGroup-grouped MuiToggleButtonGroup-groupedHorizontal MuiToggleButton-root Mui-selected MuiToggleButton-fullWidth MuiToggleButton-sizeMedium MuiToggleButton-standard MuiToggleButtonGroup-grouped MuiToggleButtonGroup-groupedHorizontal MuiToggleButtonGroup-firstButton css-17ndd9v-MuiButtonBase-root-MuiToggleButton-root"[39m
  [33mtabindex[39m=[32m"0"[39m
  [33mtype[39m=[32m"button"[39m
  [33mvalue[39m=[32m"freelancer"[39m
[36m>[39m
  [36m<svg[39m
    [33maria-hidden[39m=[32m"true"[39m
    [33mclass[39m=[32m"MuiSvgIcon-root MuiSvgIcon-fontSizeMedium css-elhp89-MuiSvgIcon-root"[39m
    [33mdata-testid[39m=[32m"PersonIcon"[39m
    [33mfocusable[39m=[32m"false"[39m
    [33mviewBox[39m=[32m"0 0 24 24"[39m
  [36m>[39m
    [36m<path[39m
      [33md[39m=[32m"M12 12c2.21 0 4-1.79 4-4s-1.79-4-4-4-4 1.79-4 4 1.79 4 4 4m0 2c-2.67 0-8 1.34-8 4v2h16v-2c0-2.66-5.33-4-8-4"[39m
    [36m/>[39m
  [36m</svg>[39m
  [0mFind Work as a Freelancer[0m
  [36m<span[39m
    [33mclass[39m=[32m"MuiTouchRipple-root css-8je8zh-MuiTouchRipple-root"[39m
  [36m/>[39m
[36m</button>[39m

(If this is intentional, then use the `*AllBy*` variant of the query (like `queryAllByText`, `getAllByText`, or `findAllByText`)).

Ignored nodes: comments, script, style
[36m<body[39m
  [33mstyle[39m=[32m"padding-right: 1024px; overflow: hidden;"[39m
[36m>[39m
  [36m<div[39m
    [33maria-hidden[39m=[32m"true"[39m
  [36m>[39m
    [36m<div[39m
      [33mclass[39m=[32m"MuiBox-root css-0"[39m
    [36m>[39m
      [36m<div[39m
        [33mclass[39m=[32m"MuiBox-root css-i3pbo"[39m
      [36m>[39m
        [36m<h5[39m
          [33mclass[39m=[32m"MuiTypography-root MuiTypography-h5 MuiTypography-gutterBottom css-1hkf4sh-MuiTypography-root"[39m
        [36m>[39m
          [0mPayment History[0m
        [36m</h5>[39m
        [36m<p[39m
          [33mclass[39m=[32m"MuiTypography-root MuiTypography-body2 css-xtz2xu-MuiTypography-root"[39m
        [36m>[39m
          [0m1[0m
          [0m payment[0m
          [0m found[0m
        [36m</p>[39m
      [36m</div>[39m
      [36m<div[39m
        [33mclass[39m=[32m"MuiGrid-root MuiGrid-container MuiGrid-spacing-xs-2 css-12rc5ck-MuiGrid-root"[39m
      [36m>[39m
        [36m<div[39m
          [33mclass[39m=[32m"MuiGrid-root MuiGrid-item MuiGrid-grid-xs-12 MuiGrid-grid-sm-6 MuiGrid-grid-md-3 css-10voxkt-MuiGrid-root"[39m
        [36m>[39m
          [36m<div[39m
            [33mclass[39m=[32m"MuiFormControl-root MuiFormControl-fullWidth MuiTextField-root css-18hear-MuiFormControl-root-MuiTextField-root"[39m
          [36m>[39m
            [36m<div[39m
              [33mclass[39m=[32m"MuiInputBase-root MuiOutlinedInput-root MuiInputBase-colorPrimary MuiInputBase-fullWidth MuiInputBase-formControl MuiInputBase-sizeSmall MuiInputBase-adornedStart css-1cj7mpt-MuiInputBase-root-MuiOutlinedInput-root"[39m
            [36m>[39m
              [36m<div[39m
                [33mclass[39m=[32m"MuiInputAdornment-root MuiInputAdornment-positionStart MuiInputAdornment-outlined MuiInputAdornment-sizeSmall css-ittuaa-MuiInputAdornment-root"[39m
              [36m>[39m
                [36m<span[39m
                  [33mclass[39m=[32m"notranslate"[39m
                [36m>[39m
                  [0m​[0m
                [36m</span>[39m
                [36m<svg[39m
                  [33maria-hidden[39m=[32m"true"[39m
                  [33mclass[39m=[32m"MuiSvgIcon-root MuiSvgIcon-fontSizeMedium css-i4bv87-MuiSvgIcon-root"[39m
                  [33mdata-testid[39m=[32m"SearchIcon"[39m
                  [33mfocusable[39m=[32m"false"[39m
                  [33mviewBox[39m=[32m"0 0 24 24"[39m
                [36m>[39m
                  [36m<path[39m
                    [33md[39m=[32m"M15.5 14h-.79l-.28-.27C15.41 12.59 16 11.11 16 9.5 16 5.91 13.09 3 9.5 3S3 5.91 3 9.5 5.91 16 9.5 16c1.61 0 3.09-.59 4.23-1.57l.27.28v.79l5 4.99L20.49 19zm-6 0C7.01 14 5 11.99 5 9.5S7.01 5 9.5 5 14 7.01 14 9.5 11.99 14 9.5 14"[39m
                  [36m/>[39m
                [36m</svg>[39m
              [36m</div>[39m
              [36m<input[39m
                [33maria-invalid[39m=[32m"false"[39m
                [33mclass[39m=[32m"MuiInputBase-input MuiOutlinedInput-input MuiInputBase-inputSizeSmall MuiInputBase-inputAdornedStart css-1ua80n0-MuiInputBase-input-MuiOutlinedInput-input"[39m
                [33mid[39m=[32m":rt:"[39m
                [33mplaceholder[39m=[32m"Search payments..."[39m
                [33mtype[39m=[32m"text"[39m
                [33mvalue[39m=[32m""[39m
              [36m/>[39m
              [36m<fieldset[39m
                [33maria-hidden[39m=[32m"true"[39m
                [33mclass[39m=[32m"MuiOutlinedInput-notchedOutline css-r01yff-MuiNotchedOutlined-root-MuiOutlinedInput-notchedOutline"[39m
              [36m>[39m
                [36m<legend[39m
                  [33mclass[39m=[32m"css-1whs34k-MuiNotchedOutlined-root"[39m
                [36m>[39m
                  [36m<span[39m
                    [33mclass[39m=[32m"notranslate"[39m
                  [36m>[39m
                    [0m​[0m
                  [36m</span>[39m
                [36m</legend>[39m
              [36m</fieldset>[39m
            [36m</div>[39m
          [36m</div>[39m
        [36m</div>[39m
        [36m<div[39m
          [33mclass[39m=[32m"MuiGrid-root MuiGrid-item MuiGrid-grid-xs-12 MuiGrid-grid-sm-6 MuiGrid-grid-md-3 css-10voxkt-MuiGrid-root"[39m
        [36m>[39m
          [36m<div[39m
            [33mclass[39m=[32m"MuiFormControl-root MuiFormControl-fullWidth css-q8hpuo-MuiFormControl-root"[39m
          [36m>[39m
            [36m<label[39m
              [33mclass[39m=[32m"MuiFormLabel-root MuiInputLabel-root MuiInputLabel-formControl MuiInputLabel-animated MuiInputLabel-shrink MuiInputLabel-sizeSmall MuiInputLabel-outlined MuiFormLabel-colorPrimary MuiFormLabel-filled MuiInputLabel-root MuiInputLabel-formControl MuiInputLabel-animated MuiInputLabel-shrink MuiInputLabel-sizeSmall MuiInputLabel-outlined css-fe0mau-MuiFormLabel-root-MuiInputLabel-root"[39m
              [33mdata-shrink[39m=[32m"true"[39m
            [36m>[39m
              [0mStatus[0m
            [36m</label>[39m
            [36m<div[39m
              [33mclass[39m=[32m"MuiInputBase-root MuiOutlinedInput-root MuiInputBase-colorPrimary MuiInputBase-formControl MuiInputBase-sizeSmall css-13lg1x7-MuiInputBase-root-MuiOutlinedInput-root-MuiSelect-root"[39m
            [36m>[39m
              [36m<div[39m
                [33maria-controls[39m=[32m":ru:"[39m
                [33maria-expanded[39m=[32m"false"[39m
                [33maria-haspopup[39m=[32m"listbox"[39m
                [33mclass[39m=[32m"MuiSelect-select MuiSelect-outlined MuiInputBase-input MuiOutlinedInput-input MuiInputBase-inputSizeSmall css-1fzjff4-MuiSelect-select-MuiInputBase-input-MuiOutlinedInput-input"[39m
                [33mrole[39m=[32m"combobox"[39m
                [33mtabindex[39m=[32m"0"[39m
              [36m>[39m
                [0mAll Statuses[0m
              [36m</div>[39m
              [36m<input[39m
                [33maria-hidden[39m=[32m"true"[39m
                [33maria-invalid[39m=[32m"false"[39m
                [33mclass[39m=[32m"MuiSelect-nativeInput css-yf8vq0-MuiSelect-nativeInput"[39m
                [33mtabindex[39m=[32m"-1"[39m
                [33mvalue[39m=[32m"all"[39m
              [36m/>[39m
              [36m<svg[39m
                [33maria-hidden[39m=[32m"true"[39m
                [33mclass[39m=[32m"MuiSvgIcon-root MuiSvgIcon-fontSizeMedium MuiSelect-icon MuiSelect-iconOutlined css-hfutr2-MuiSvgIcon-root-MuiSelect-icon"[39m
                [33mdata-testid[39m=[32m"ArrowDropDownIcon"[39m
                [33mfocusable[39m=[32m"false"[39m
                [33mviewBox[39m=[32m"0 0 24 24"[39m
              [36m>[39m
                [36m<path[39m
                  [33md[39m=[32m"M7 10l5 5 5-5z"[39m
                [36m/>[39m
              [36m</svg>[...
 ❯ Object.getElementError node_modules/@testing-library/react/node_modules/@testing-library/dom/dist/config.js:37:19
 ❯ getElementError node_modules/@testing-library/react/node_modules/@testing-library/dom/dist/query-helpers.js:20:35
 ❯ getMultipleElementsFoundError node_modules/@testing-library/react/node_modules/@testing-library/dom/dist/query-helpers.js:23:10
 ❯ node_modules/@testing-library/react/node_modules/@testing-library/dom/dist/query-helpers.js:55:13
 ❯ node_modules/@testing-library/react/node_modules/@testing-library/dom/dist/query-helpers.js:95:19
 ❯ src/test/auth.test.tsx:154:21
    152|       );
    153| 
    154|       expect(screen.getByText('Find Work as a Freelancer')).toBeInTheD…
       |                     ^
    155|       expect(screen.getByText('Hire Freelancers')).toBeInTheDocument();
    156|       expect(screen.getByText('Admin Access')).toBeInTheDocument();

⎯⎯⎯⎯⎯⎯⎯⎯⎯⎯⎯⎯⎯⎯⎯⎯⎯⎯⎯⎯⎯⎯⎯[3/66]⎯

 FAIL  src/test/auth.test.tsx > Authentication Components > RegisterPage > shows company name field for client role
TestingLibraryElementError: Found multiple elements with the text: Hire Freelancers

Here are the matching elements:

Ignored nodes: comments, script, style
[36m<button[39m
  [33maria-label[39m=[32m"client"[39m
  [33maria-pressed[39m=[32m"false"[39m
  [33mclass[39m=[32m"MuiButtonBase-root MuiToggleButtonGroup-grouped MuiToggleButtonGroup-groupedHorizontal MuiToggleButton-root MuiToggleButton-fullWidth MuiToggleButton-sizeMedium MuiToggleButton-standard MuiToggleButtonGroup-grouped MuiToggleButtonGroup-groupedHorizontal MuiToggleButtonGroup-middleButton css-17ndd9v-MuiButtonBase-root-MuiToggleButton-root"[39m
  [33mtabindex[39m=[32m"0"[39m
  [33mtype[39m=[32m"button"[39m
  [33mvalue[39m=[32m"client"[39m
[36m>[39m
  [36m<svg[39m
    [33maria-hidden[39m=[32m"true"[39m
    [33mclass[39m=[32m"MuiSvgIcon-root MuiSvgIcon-fontSizeMedium css-elhp89-MuiSvgIcon-root"[39m
    [33mdata-testid[39m=[32m"BusinessIcon"[39m
    [33mfocusable[39m=[32m"false"[39m
    [33mviewBox[39m=[32m"0 0 24 24"[39m
  [36m>[39m
    [36m<path[39m
      [33md[39m=[32m"M12 7V3H2v18h20V7zM6 19H4v-2h2zm0-4H4v-2h2zm0-4H4V9h2zm0-4H4V5h2zm4 12H8v-2h2zm0-4H8v-2h2zm0-4H8V9h2zm0-4H8V5h2zm10 12h-8v-2h2v-2h-2v-2h2v-2h-2V9h8zm-2-8h-2v2h2zm0 4h-2v2h2z"[39m
    [36m/>[39m
  [36m</svg>[39m
  [0mHire Freelancers[0m
  [36m<span[39m
    [33mclass[39m=[32m"MuiTouchRipple-root css-8je8zh-MuiTouchRipple-root"[39m
  [36m/>[39m
[36m</button>[39m

Ignored nodes: comments, script, style
[36m<button[39m
  [33maria-label[39m=[32m"client"[39m
  [33maria-pressed[39m=[32m"false"[39m
  [33mclass[39m=[32m"MuiButtonBase-root MuiToggleButtonGroup-grouped MuiToggleButtonGroup-groupedHorizontal MuiToggleButton-root MuiToggleButton-fullWidth MuiToggleButton-sizeMedium MuiToggleButton-standard MuiToggleButtonGroup-grouped MuiToggleButtonGroup-groupedHorizontal MuiToggleButtonGroup-middleButton css-17ndd9v-MuiButtonBase-root-MuiToggleButton-root"[39m
  [33mtabindex[39m=[32m"0"[39m
  [33mtype[39m=[32m"button"[39m
  [33mvalue[39m=[32m"client"[39m
[36m>[39m
  [36m<svg[39m
    [33maria-hidden[39m=[32m"true"[39m
    [33mclass[39m=[32m"MuiSvgIcon-root MuiSvgIcon-fontSizeMedium css-elhp89-MuiSvgIcon-root"[39m
    [33mdata-testid[39m=[32m"BusinessIcon"[39m
    [33mfocusable[39m=[32m"false"[39m
    [33mviewBox[39m=[32m"0 0 24 24"[39m
  [36m>[39m
    [36m<path[39m
      [33md[39m=[32m"M12 7V3H2v18h20V7zM6 19H4v-2h2zm0-4H4v-2h2zm0-4H4V9h2zm0-4H4V5h2zm4 12H8v-2h2zm0-4H8v-2h2zm0-4H8V9h2zm0-4H8V5h2zm10 12h-8v-2h2v-2h-2v-2h2v-2h-2V9h8zm-2-8h-2v2h2zm0 4h-2v2h2z"[39m
    [36m/>[39m
  [36m</svg>[39m
  [0mHire Freelancers[0m
  [36m<span[39m
    [33mclass[39m=[32m"MuiTouchRipple-root css-8je8zh-MuiTouchRipple-root"[39m
  [36m/>[39m
[36m</button>[39m

Ignored nodes: comments, script, style
[36m<button[39m
  [33maria-label[39m=[32m"client"[39m
  [33maria-pressed[39m=[32m"false"[39m
  [33mclass[39m=[32m"MuiButtonBase-root MuiToggleButtonGroup-grouped MuiToggleButtonGroup-groupedHorizontal MuiToggleButton-root MuiToggleButton-fullWidth MuiToggleButton-sizeMedium MuiToggleButton-standard MuiToggleButtonGroup-grouped MuiToggleButtonGroup-groupedHorizontal MuiToggleButtonGroup-middleButton css-17ndd9v-MuiButtonBase-root-MuiToggleButton-root"[39m
  [33mtabindex[39m=[32m"0"[39m
  [33mtype[39m=[32m"button"[39m
  [33mvalue[39m=[32m"client"[39m
[36m>[39m
  [36m<svg[39m
    [33maria-hidden[39m=[32m"true"[39m
    [33mclass[39m=[32m"MuiSvgIcon-root MuiSvgIcon-fontSizeMedium css-elhp89-MuiSvgIcon-root"[39m
    [33mdata-testid[39m=[32m"BusinessIcon"[39m
    [33mfocusable[39m=[32m"false"[39m
    [33mviewBox[39m=[32m"0 0 24 24"[39m
  [36m>[39m
    [36m<path[39m
      [33md[39m=[32m"M12 7V3H2v18h20V7zM6 19H4v-2h2zm0-4H4v-2h2zm0-4H4V9h2zm0-4H4V5h2zm4 12H8v-2h2zm0-4H8v-2h2zm0-4H8V9h2zm0-4H8V5h2zm10 12h-8v-2h2v-2h-2v-2h2v-2h-2V9h8zm-2-8h-2v2h2zm0 4h-2v2h2z"[39m
    [36m/>[39m
  [36m</svg>[39m
  [0mHire Freelancers[0m
  [36m<span[39m
    [33mclass[39m=[32m"MuiTouchRipple-root css-8je8zh-MuiTouchRipple-root"[39m
  [36m/>[39m
[36m</button>[39m

(If this is intentional, then use the `*AllBy*` variant of the query (like `queryAllByText`, `getAllByText`, or `findAllByText`)).

Ignored nodes: comments, script, style
[36m<body[39m
  [33mstyle[39m=[32m"padding-right: 1024px; overflow: hidden;"[39m
[36m>[39m
  [36m<div[39m
    [33maria-hidden[39m=[32m"true"[39m
  [36m>[39m
    [36m<div[39m
      [33mclass[39m=[32m"MuiBox-root css-0"[39m
    [36m>[39m
      [36m<div[39m
        [33mclass[39m=[32m"MuiBox-root css-i3pbo"[39m
      [36m>[39m
        [36m<h5[39m
          [33mclass[39m=[32m"MuiTypography-root MuiTypography-h5 MuiTypography-gutterBottom css-1hkf4sh-MuiTypography-root"[39m
        [36m>[39m
          [0mPayment History[0m
        [36m</h5>[39m
        [36m<p[39m
          [33mclass[39m=[32m"MuiTypography-root MuiTypography-body2 css-xtz2xu-MuiTypography-root"[39m
        [36m>[39m
          [0m1[0m
          [0m payment[0m
          [0m found[0m
        [36m</p>[39m
      [36m</div>[39m
      [36m<div[39m
        [33mclass[39m=[32m"MuiGrid-root MuiGrid-container MuiGrid-spacing-xs-2 css-12rc5ck-MuiGrid-root"[39m
      [36m>[39m
        [36m<div[39m
          [33mclass[39m=[32m"MuiGrid-root MuiGrid-item MuiGrid-grid-xs-12 MuiGrid-grid-sm-6 MuiGrid-grid-md-3 css-10voxkt-MuiGrid-root"[39m
        [36m>[39m
          [36m<div[39m
            [33mclass[39m=[32m"MuiFormControl-root MuiFormControl-fullWidth MuiTextField-root css-18hear-MuiFormControl-root-MuiTextField-root"[39m
          [36m>[39m
            [36m<div[39m
              [33mclass[39m=[32m"MuiInputBase-root MuiOutlinedInput-root MuiInputBase-colorPrimary MuiInputBase-fullWidth MuiInputBase-formControl MuiInputBase-sizeSmall MuiInputBase-adornedStart css-1cj7mpt-MuiInputBase-root-MuiOutlinedInput-root"[39m
            [36m>[39m
              [36m<div[39m
                [33mclass[39m=[32m"MuiInputAdornment-root MuiInputAdornment-positionStart MuiInputAdornment-outlined MuiInputAdornment-sizeSmall css-ittuaa-MuiInputAdornment-root"[39m
              [36m>[39m
                [36m<span[39m
                  [33mclass[39m=[32m"notranslate"[39m
                [36m>[39m
                  [0m​[0m
                [36m</span>[39m
                [36m<svg[39m
                  [33maria-hidden[39m=[32m"true"[39m
                  [33mclass[39m=[32m"MuiSvgIcon-root MuiSvgIcon-fontSizeMedium css-i4bv87-MuiSvgIcon-root"[39m
                  [33mdata-testid[39m=[32m"SearchIcon"[39m
                  [33mfocusable[39m=[32m"false"[39m
                  [33mviewBox[39m=[32m"0 0 24 24"[39m
                [36m>[39m
                  [36m<path[39m
                    [33md[39m=[32m"M15.5 14h-.79l-.28-.27C15.41 12.59 16 11.11 16 9.5 16 5.91 13.09 3 9.5 3S3 5.91 3 9.5 5.91 16 9.5 16c1.61 0 3.09-.59 4.23-1.57l.27.28v.79l5 4.99L20.49 19zm-6 0C7.01 14 5 11.99 5 9.5S7.01 5 9.5 5 14 7.01 14 9.5 11.99 14 9.5 14"[39m
                  [36m/>[39m
                [36m</svg>[39m
              [36m</div>[39m
              [36m<input[39m
                [33maria-invalid[39m=[32m"false"[39m
                [33mclass[39m=[32m"MuiInputBase-input MuiOutlinedInput-input MuiInputBase-inputSizeSmall MuiInputBase-inputAdornedStart css-1ua80n0-MuiInputBase-input-MuiOutlinedInput-input"[39m
                [33mid[39m=[32m":rt:"[39m
                [33mplaceholder[39m=[32m"Search payments..."[39m
                [33mtype[39m=[32m"text"[39m
                [33mvalue[39m=[32m""[39m
              [36m/>[39m
              [36m<fieldset[39m
                [33maria-hidden[39m=[32m"true"[39m
                [33mclass[39m=[32m"MuiOutlinedInput-notchedOutline css-r01yff-MuiNotchedOutlined-root-MuiOutlinedInput-notchedOutline"[39m
              [36m>[39m
                [36m<legend[39m
                  [33mclass[39m=[32m"css-1whs34k-MuiNotchedOutlined-root"[39m
                [36m>[39m
                  [36m<span[39m
                    [33mclass[39m=[32m"notranslate"[39m
                  [36m>[39m
                    [0m​[0m
                  [36m</span>[39m
                [36m</legend>[39m
              [36m</fieldset>[39m
            [36m</div>[39m
          [36m</div>[39m
        [36m</div>[39m
        [36m<div[39m
          [33mclass[39m=[32m"MuiGrid-root MuiGrid-item MuiGrid-grid-xs-12 MuiGrid-grid-sm-6 MuiGrid-grid-md-3 css-10voxkt-MuiGrid-root"[39m
        [36m>[39m
          [36m<div[39m
            [33mclass[39m=[32m"MuiFormControl-root MuiFormControl-fullWidth css-q8hpuo-MuiFormControl-root"[39m
          [36m>[39m
            [36m<label[39m
              [33mclass[39m=[32m"MuiFormLabel-root MuiInputLabel-root MuiInputLabel-formControl MuiInputLabel-animated MuiInputLabel-shrink MuiInputLabel-sizeSmall MuiInputLabel-outlined MuiFormLabel-colorPrimary MuiFormLabel-filled MuiInputLabel-root MuiInputLabel-formControl MuiInputLabel-animated MuiInputLabel-shrink MuiInputLabel-sizeSmall MuiInputLabel-outlined css-fe0mau-MuiFormLabel-root-MuiInputLabel-root"[39m
              [33mdata-shrink[39m=[32m"true"[39m
            [36m>[39m
              [0mStatus[0m
            [36m</label>[39m
            [36m<div[39m
              [33mclass[39m=[32m"MuiInputBase-root MuiOutlinedInput-root MuiInputBase-colorPrimary MuiInputBase-formControl MuiInputBase-sizeSmall css-13lg1x7-MuiInputBase-root-MuiOutlinedInput-root-MuiSelect-root"[39m
            [36m>[39m
              [36m<div[39m
                [33maria-controls[39m=[32m":ru:"[39m
                [33maria-expanded[39m=[32m"false"[39m
                [33maria-haspopup[39m=[32m"listbox"[39m
                [33mclass[39m=[32m"MuiSelect-select MuiSelect-outlined MuiInputBase-input MuiOutlinedInput-input MuiInputBase-inputSizeSmall css-1fzjff4-MuiSelect-select-MuiInputBase-input-MuiOutlinedInput-input"[39m
                [33mrole[39m=[32m"combobox"[39m
                [33mtabindex[39m=[32m"0"[39m
              [36m>[39m
                [0mAll Statuses[0m
              [36m</div>[39m
              [36m<input[39m
                [33maria-hidden[39m=[32m"true"[39m
                [33maria-invalid[39m=[32m"false"[39m
                [33mclass[39m=[32m"MuiSelect-nativeInput css-yf8vq0-MuiSelect-nativeInput"[39m
                [33mtabindex[39m=[32m"-1"[39m
                [33mvalue[39m=[32m"all"[39m
              [36m/>[39m
              [36m<svg[39m
                [33maria-hidden[39m=[32m"true"[39m
                [33mclass[39m=[32m"MuiSvgIcon-root MuiSvgIcon-fontSizeMedium MuiSelect-icon MuiSelect-iconOutlined css-hfutr2-MuiSvgIcon-root-MuiSelect-icon"[39m
                [33mdata-testid[39m=[32m"ArrowDropDownIcon"[39m
                [33mfocusable[39m=[32m"false"[39m
                [33mviewBox[39m=[32m"0 0 24 24"[39m
              [36m>[39m
                [36m<path[39m
                  [33md[39m=[32m"M7 10l5 5 5-5z"[39m
                [36m/>[39m
              [36m</svg>[...
 ❯ Object.getElementError node_modules/@testing-library/react/node_modules/@testing-library/dom/dist/config.js:37:19
 ❯ getElementError node_modules/@testing-library/react/node_modules/@testing-library/dom/dist/query-helpers.js:20:35
 ❯ getMultipleElementsFoundError node_modules/@testing-library/react/node_modules/@testing-library/dom/dist/query-helpers.js:23:10
 ❯ node_modules/@testing-library/react/node_modules/@testing-library/dom/dist/query-helpers.js:55:13
 ❯ node_modules/@testing-library/react/node_modules/@testing-library/dom/dist/query-helpers.js:95:19
 ❯ src/test/auth.test.tsx:166:35
    164|       );
    165| 
    166|       const clientButton = screen.getByText('Hire Freelancers');
       |                                   ^
    167|       fireEvent.click(clientButton);
    168| 

⎯⎯⎯⎯⎯⎯⎯⎯⎯⎯⎯⎯⎯⎯⎯⎯⎯⎯⎯⎯⎯⎯⎯[4/66]⎯

 FAIL  src/test/auth.test.tsx > Authentication Components > RegisterPage > shows professional title field for freelancer role
TestingLibraryElementError: Found multiple elements with the text: Find Work as a Freelancer

Here are the matching elements:

Ignored nodes: comments, script, style
[36m<button[39m
  [33maria-label[39m=[32m"freelancer"[39m
  [33maria-pressed[39m=[32m"true"[39m
  [33mclass[39m=[32m"MuiButtonBase-root MuiToggleButtonGroup-grouped MuiToggleButtonGroup-groupedHorizontal MuiToggleButton-root Mui-selected MuiToggleButton-fullWidth MuiToggleButton-sizeMedium MuiToggleButton-standard MuiToggleButtonGroup-grouped MuiToggleButtonGroup-groupedHorizontal MuiToggleButtonGroup-firstButton css-17ndd9v-MuiButtonBase-root-MuiToggleButton-root"[39m
  [33mtabindex[39m=[32m"0"[39m
  [33mtype[39m=[32m"button"[39m
  [33mvalue[39m=[32m"freelancer"[39m
[36m>[39m
  [36m<svg[39m
    [33maria-hidden[39m=[32m"true"[39m
    [33mclass[39m=[32m"MuiSvgIcon-root MuiSvgIcon-fontSizeMedium css-elhp89-MuiSvgIcon-root"[39m
    [33mdata-testid[39m=[32m"PersonIcon"[39m
    [33mfocusable[39m=[32m"false"[39m
    [33mviewBox[39m=[32m"0 0 24 24"[39m
  [36m>[39m
    [36m<path[39m
      [33md[39m=[32m"M12 12c2.21 0 4-1.79 4-4s-1.79-4-4-4-4 1.79-4 4 1.79 4 4 4m0 2c-2.67 0-8 1.34-8 4v2h16v-2c0-2.66-5.33-4-8-4"[39m
    [36m/>[39m
  [36m</svg>[39m
  [0mFind Work as a Freelancer[0m
  [36m<span[39m
    [33mclass[39m=[32m"MuiTouchRipple-root css-8je8zh-MuiTouchRipple-root"[39m
  [36m/>[39m
[36m</button>[39m

Ignored nodes: comments, script, style
[36m<button[39m
  [33maria-label[39m=[32m"freelancer"[39m
  [33maria-pressed[39m=[32m"true"[39m
  [33mclass[39m=[32m"MuiButtonBase-root MuiToggleButtonGroup-grouped MuiToggleButtonGroup-groupedHorizontal MuiToggleButton-root Mui-selected MuiToggleButton-fullWidth MuiToggleButton-sizeMedium MuiToggleButton-standard MuiToggleButtonGroup-grouped MuiToggleButtonGroup-groupedHorizontal MuiToggleButtonGroup-firstButton css-17ndd9v-MuiButtonBase-root-MuiToggleButton-root"[39m
  [33mtabindex[39m=[32m"0"[39m
  [33mtype[39m=[32m"button"[39m
  [33mvalue[39m=[32m"freelancer"[39m
[36m>[39m
  [36m<svg[39m
    [33maria-hidden[39m=[32m"true"[39m
    [33mclass[39m=[32m"MuiSvgIcon-root MuiSvgIcon-fontSizeMedium css-elhp89-MuiSvgIcon-root"[39m
    [33mdata-testid[39m=[32m"PersonIcon"[39m
    [33mfocusable[39m=[32m"false"[39m
    [33mviewBox[39m=[32m"0 0 24 24"[39m
  [36m>[39m
    [36m<path[39m
      [33md[39m=[32m"M12 12c2.21 0 4-1.79 4-4s-1.79-4-4-4-4 1.79-4 4 1.79 4 4 4m0 2c-2.67 0-8 1.34-8 4v2h16v-2c0-2.66-5.33-4-8-4"[39m
    [36m/>[39m
  [36m</svg>[39m
  [0mFind Work as a Freelancer[0m
  [36m<span[39m
    [33mclass[39m=[32m"MuiTouchRipple-root css-8je8zh-MuiTouchRipple-root"[39m
  [36m/>[39m
[36m</button>[39m

Ignored nodes: comments, script, style
[36m<button[39m
  [33maria-label[39m=[32m"freelancer"[39m
  [33maria-pressed[39m=[32m"true"[39m
  [33mclass[39m=[32m"MuiButtonBase-root MuiToggleButtonGroup-grouped MuiToggleButtonGroup-groupedHorizontal MuiToggleButton-root Mui-selected MuiToggleButton-fullWidth MuiToggleButton-sizeMedium MuiToggleButton-standard MuiToggleButtonGroup-grouped MuiToggleButtonGroup-groupedHorizontal MuiToggleButtonGroup-firstButton css-17ndd9v-MuiButtonBase-root-MuiToggleButton-root"[39m
  [33mtabindex[39m=[32m"0"[39m
  [33mtype[39m=[32m"button"[39m
  [33mvalue[39m=[32m"freelancer"[39m
[36m>[39m
  [36m<svg[39m
    [33maria-hidden[39m=[32m"true"[39m
    [33mclass[39m=[32m"MuiSvgIcon-root MuiSvgIcon-fontSizeMedium css-elhp89-MuiSvgIcon-root"[39m
    [33mdata-testid[39m=[32m"PersonIcon"[39m
    [33mfocusable[39m=[32m"false"[39m
    [33mviewBox[39m=[32m"0 0 24 24"[39m
  [36m>[39m
    [36m<path[39m
      [33md[39m=[32m"M12 12c2.21 0 4-1.79 4-4s-1.79-4-4-4-4 1.79-4 4 1.79 4 4 4m0 2c-2.67 0-8 1.34-8 4v2h16v-2c0-2.66-5.33-4-8-4"[39m
    [36m/>[39m
  [36m</svg>[39m
  [0mFind Work as a Freelancer[0m
  [36m<span[39m
    [33mclass[39m=[32m"MuiTouchRipple-root css-8je8zh-MuiTouchRipple-root"[39m
  [36m/>[39m
[36m</button>[39m

Ignored nodes: comments, script, style
[36m<button[39m
  [33maria-label[39m=[32m"freelancer"[39m
  [33maria-pressed[39m=[32m"true"[39m
  [33mclass[39m=[32m"MuiButtonBase-root MuiToggleButtonGroup-grouped MuiToggleButtonGroup-groupedHorizontal MuiToggleButton-root Mui-selected MuiToggleButton-fullWidth MuiToggleButton-sizeMedium MuiToggleButton-standard MuiToggleButtonGroup-grouped MuiToggleButtonGroup-groupedHorizontal MuiToggleButtonGroup-firstButton css-17ndd9v-MuiButtonBase-root-MuiToggleButton-root"[39m
  [33mtabindex[39m=[32m"0"[39m
  [33mtype[39m=[32m"button"[39m
  [33mvalue[39m=[32m"freelancer"[39m
[36m>[39m
  [36m<svg[39m
    [33maria-hidden[39m=[32m"true"[39m
    [33mclass[39m=[32m"MuiSvgIcon-root MuiSvgIcon-fontSizeMedium css-elhp89-MuiSvgIcon-root"[39m
    [33mdata-testid[39m=[32m"PersonIcon"[39m
    [33mfocusable[39m=[32m"false"[39m
    [33mviewBox[39m=[32m"0 0 24 24"[39m
  [36m>[39m
    [36m<path[39m
      [33md[39m=[32m"M12 12c2.21 0 4-1.79 4-4s-1.79-4-4-4-4 1.79-4 4 1.79 4 4 4m0 2c-2.67 0-8 1.34-8 4v2h16v-2c0-2.66-5.33-4-8-4"[39m
    [36m/>[39m
  [36m</svg>[39m
  [0mFind Work as a Freelancer[0m
  [36m<span[39m
    [33mclass[39m=[32m"MuiTouchRipple-root css-8je8zh-MuiTouchRipple-root"[39m
  [36m/>[39m
[36m</button>[39m

(If this is intentional, then use the `*AllBy*` variant of the query (like `queryAllByText`, `getAllByText`, or `findAllByText`)).

Ignored nodes: comments, script, style
[36m<body[39m
  [33mstyle[39m=[32m"padding-right: 1024px; overflow: hidden;"[39m
[36m>[39m
  [36m<div[39m
    [33maria-hidden[39m=[32m"true"[39m
  [36m>[39m
    [36m<div[39m
      [33mclass[39m=[32m"MuiBox-root css-0"[39m
    [36m>[39m
      [36m<div[39m
        [33mclass[39m=[32m"MuiBox-root css-i3pbo"[39m
      [36m>[39m
        [36m<h5[39m
          [33mclass[39m=[32m"MuiTypography-root MuiTypography-h5 MuiTypography-gutterBottom css-1hkf4sh-MuiTypography-root"[39m
        [36m>[39m
          [0mPayment History[0m
        [36m</h5>[39m
        [36m<p[39m
          [33mclass[39m=[32m"MuiTypography-root MuiTypography-body2 css-xtz2xu-MuiTypography-root"[39m
        [36m>[39m
          [0m1[0m
          [0m payment[0m
          [0m found[0m
        [36m</p>[39m
      [36m</div>[39m
      [36m<div[39m
        [33mclass[39m=[32m"MuiGrid-root MuiGrid-container MuiGrid-spacing-xs-2 css-12rc5ck-MuiGrid-root"[39m
      [36m>[39m
        [36m<div[39m
          [33mclass[39m=[32m"MuiGrid-root MuiGrid-item MuiGrid-grid-xs-12 MuiGrid-grid-sm-6 MuiGrid-grid-md-3 css-10voxkt-MuiGrid-root"[39m
        [36m>[39m
          [36m<div[39m
            [33mclass[39m=[32m"MuiFormControl-root MuiFormControl-fullWidth MuiTextField-root css-18hear-MuiFormControl-root-MuiTextField-root"[39m
          [36m>[39m
            [36m<div[39m
              [33mclass[39m=[32m"MuiInputBase-root MuiOutlinedInput-root MuiInputBase-colorPrimary MuiInputBase-fullWidth MuiInputBase-formControl MuiInputBase-sizeSmall MuiInputBase-adornedStart css-1cj7mpt-MuiInputBase-root-MuiOutlinedInput-root"[39m
            [36m>[39m
              [36m<div[39m
                [33mclass[39m=[32m"MuiInputAdornment-root MuiInputAdornment-positionStart MuiInputAdornment-outlined MuiInputAdornment-sizeSmall css-ittuaa-MuiInputAdornment-root"[39m
              [36m>[39m
                [36m<span[39m
                  [33mclass[39m=[32m"notranslate"[39m
                [36m>[39m
                  [0m​[0m
                [36m</span>[39m
                [36m<svg[39m
                  [33maria-hidden[39m=[32m"true"[39m
                  [33mclass[39m=[32m"MuiSvgIcon-root MuiSvgIcon-fontSizeMedium css-i4bv87-MuiSvgIcon-root"[39m
                  [33mdata-testid[39m=[32m"SearchIcon"[39m
                  [33mfocusable[39m=[32m"false"[39m
                  [33mviewBox[39m=[32m"0 0 24 24"[39m
                [36m>[39m
                  [36m<path[39m
                    [33md[39m=[32m"M15.5 14h-.79l-.28-.27C15.41 12.59 16 11.11 16 9.5 16 5.91 13.09 3 9.5 3S3 5.91 3 9.5 5.91 16 9.5 16c1.61 0 3.09-.59 4.23-1.57l.27.28v.79l5 4.99L20.49 19zm-6 0C7.01 14 5 11.99 5 9.5S7.01 5 9.5 5 14 7.01 14 9.5 11.99 14 9.5 14"[39m
                  [36m/>[39m
                [36m</svg>[39m
              [36m</div>[39m
              [36m<input[39m
                [33maria-invalid[39m=[32m"false"[39m
                [33mclass[39m=[32m"MuiInputBase-input MuiOutlinedInput-input MuiInputBase-inputSizeSmall MuiInputBase-inputAdornedStart css-1ua80n0-MuiInputBase-input-MuiOutlinedInput-input"[39m
                [33mid[39m=[32m":rt:"[39m
                [33mplaceholder[39m=[32m"Search payments..."[39m
                [33mtype[39m=[32m"text"[39m
                [33mvalue[39m=[32m""[39m
              [36m/>[39m
              [36m<fieldset[39m
                [33maria-hidden[39m=[32m"true"[39m
                [33mclass[39m=[32m"MuiOutlinedInput-notchedOutline css-r01yff-MuiNotchedOutlined-root-MuiOutlinedInput-notchedOutline"[39m
              [36m>[39m
                [36m<legend[39m
                  [33mclass[39m=[32m"css-1whs34k-MuiNotchedOutlined-root"[39m
                [36m>[39m
                  [36m<span[39m
                    [33mclass[39m=[32m"notranslate"[39m
                  [36m>[39m
                    [0m​[0m
                  [36m</span>[39m
                [36m</legend>[39m
              [36m</fieldset>[39m
            [36m</div>[39m
          [36m</div>[39m
        [36m</div>[39m
        [36m<div[39m
          [33mclass[39m=[32m"MuiGrid-root MuiGrid-item MuiGrid-grid-xs-12 MuiGrid-grid-sm-6 MuiGrid-grid-md-3 css-10voxkt-MuiGrid-root"[39m
        [36m>[39m
          [36m<div[39m
            [33mclass[39m=[32m"MuiFormControl-root MuiFormControl-fullWidth css-q8hpuo-MuiFormControl-root"[39m
          [36m>[39m
            [36m<label[39m
              [33mclass[39m=[32m"MuiFormLabel-root MuiInputLabel-root MuiInputLabel-formControl MuiInputLabel-animated MuiInputLabel-shrink MuiInputLabel-sizeSmall MuiInputLabel-outlined MuiFormLabel-colorPrimary MuiFormLabel-filled MuiInputLabel-root MuiInputLabel-formControl MuiInputLabel-animated MuiInputLabel-shrink MuiInputLabel-sizeSmall MuiInputLabel-outlined css-fe0mau-MuiFormLabel-root-MuiInputLabel-root"[39m
              [33mdata-shrink[39m=[32m"true"[39m
            [36m>[39m
              [0mStatus[0m
            [36m</label>[39m
            [36m<div[39m
              [33mclass[39m=[32m"MuiInputBase-root MuiOutlinedInput-root MuiInputBase-colorPrimary MuiInputBase-formControl MuiInputBase-sizeSmall css-13lg1x7-MuiInputBase-root-MuiOutlinedInput-root-MuiSelect-root"[39m
            [36m>[39m
              [36m<div[39m
                [33maria-controls[39m=[32m":ru:"[39m
                [33maria-expanded[39m=[32m"false"[39m
                [33maria-haspopup[39m=[32m"listbox"[39m
                [33mclass[39m=[32m"MuiSelect-select MuiSelect-outlined MuiInputBase-input MuiOutlinedInput-input MuiInputBase-inputSizeSmall css-1fzjff4-MuiSelect-select-MuiInputBase-input-MuiOutlinedInput-input"[39m
                [33mrole[39m=[32m"combobox"[39m
                [33mtabindex[39m=[32m"0"[39m
              [36m>[39m
                [0mAll Statuses[0m
              [36m</div>[39m
              [36m<input[39m
                [33maria-hidden[39m=[32m"true"[39m
                [33maria-invalid[39m=[32m"false"[39m
                [33mclass[39m=[32m"MuiSelect-nativeInput css-yf8vq0-MuiSelect-nativeInput"[39m
                [33mtabindex[39m=[32m"-1"[39m
                [33mvalue[39m=[32m"all"[39m
              [36m/>[39m
              [36m<svg[39m
                [33maria-hidden[39m=[32m"true"[39m
                [33mclass[39m=[32m"MuiSvgIcon-root MuiSvgIcon-fontSizeMedium MuiSelect-icon MuiSelect-iconOutlined css-hfutr2-MuiSvgIcon-root-MuiSelect-icon"[39m
                [33mdata-testid[39m=[32m"ArrowDropDownIcon"[39m
                [33mfocusable[39m=[32m"false"[39m
                [33mviewBox[39m=[32m"0 0 24 24"[39m
              [36m>[39m
                [36m<path[39m
                  [33md[39m=[32m"M7 10l5 5 5-5z"[39m
                [36m/>[39m
              [36m</svg>[...
 ❯ Object.getElementError node_modules/@testing-library/react/node_modules/@testing-library/dom/dist/config.js:37:19
 ❯ getElementError node_modules/@testing-library/react/node_modules/@testing-library/dom/dist/query-helpers.js:20:35
 ❯ getMultipleElementsFoundError node_modules/@testing-library/react/node_modules/@testing-library/dom/dist/query-helpers.js:23:10
 ❯ node_modules/@testing-library/react/node_modules/@testing-library/dom/dist/query-helpers.js:55:13
 ❯ node_modules/@testing-library/react/node_modules/@testing-library/dom/dist/query-helpers.js:95:19
 ❯ src/test/auth.test.tsx:179:39
    177|       );
    178| 
    179|       const freelancerButton = screen.getByText('Find Work as a Freela…
       |                                       ^
    180|       fireEvent.click(freelancerButton);
    181| 

⎯⎯⎯⎯⎯⎯⎯⎯⎯⎯⎯⎯⎯⎯⎯⎯⎯⎯⎯⎯⎯⎯⎯[5/66]⎯

 FAIL  src/test/auth.test.tsx > Authentication Components > RegisterPage > shows validation errors for required fields
TestingLibraryElementError: Found multiple elements with the role "button" and name `/create account/i`

Here are the matching elements:

Ignored nodes: comments, script, style
[36m<button[39m
  [33mclass[39m=[32m"MuiButtonBase-root MuiButton-root MuiButton-contained MuiButton-containedPrimary MuiButton-sizeLarge MuiButton-containedSizeLarge MuiButton-colorPrimary MuiButton-fullWidth MuiButton-root MuiButton-contained MuiButton-containedPrimary MuiButton-sizeLarge MuiButton-containedSizeLarge MuiButton-colorPrimary MuiButton-fullWidth css-i4zi72-MuiButtonBase-root-MuiButton-root"[39m
  [33mtabindex[39m=[32m"0"[39m
  [33mtype[39m=[32m"submit"[39m
[36m>[39m
  [0mCreate Account[0m
  [36m<span[39m
    [33mclass[39m=[32m"MuiTouchRipple-root css-8je8zh-MuiTouchRipple-root"[39m
  [36m/>[39m
[36m</button>[39m

Ignored nodes: comments, script, style
[36m<button[39m
  [33mclass[39m=[32m"MuiButtonBase-root MuiButton-root MuiButton-contained MuiButton-containedPrimary MuiButton-sizeLarge MuiButton-containedSizeLarge MuiButton-colorPrimary MuiButton-fullWidth MuiButton-root MuiButton-contained MuiButton-containedPrimary MuiButton-sizeLarge MuiButton-containedSizeLarge MuiButton-colorPrimary MuiButton-fullWidth css-i4zi72-MuiButtonBase-root-MuiButton-root"[39m
  [33mtabindex[39m=[32m"0"[39m
  [33mtype[39m=[32m"submit"[39m
[36m>[39m
  [0mCreate Account[0m
  [36m<span[39m
    [33mclass[39m=[32m"MuiTouchRipple-root css-8je8zh-MuiTouchRipple-root"[39m
  [36m/>[39m
[36m</button>[39m

Ignored nodes: comments, script, style
[36m<button[39m
  [33mclass[39m=[32m"MuiButtonBase-root MuiButton-root MuiButton-contained MuiButton-containedPrimary MuiButton-sizeLarge MuiButton-containedSizeLarge MuiButton-colorPrimary MuiButton-fullWidth MuiButton-root MuiButton-contained MuiButton-containedPrimary MuiButton-sizeLarge MuiButton-containedSizeLarge MuiButton-colorPrimary MuiButton-fullWidth css-i4zi72-MuiButtonBase-root-MuiButton-root"[39m
  [33mtabindex[39m=[32m"0"[39m
  [33mtype[39m=[32m"submit"[39m
[36m>[39m
  [0mCreate Account[0m
  [36m<span[39m
    [33mclass[39m=[32m"MuiTouchRipple-root css-8je8zh-MuiTouchRipple-root"[39m
  [36m/>[39m
[36m</button>[39m

Ignored nodes: comments, script, style
[36m<button[39m
  [33mclass[39m=[32m"MuiButtonBase-root MuiButton-root MuiButton-contained MuiButton-containedPrimary MuiButton-sizeLarge MuiButton-containedSizeLarge MuiButton-colorPrimary MuiButton-fullWidth MuiButton-root MuiButton-contained MuiButton-containedPrimary MuiButton-sizeLarge MuiButton-containedSizeLarge MuiButton-colorPrimary MuiButton-fullWidth css-i4zi72-MuiButtonBase-root-MuiButton-root"[39m
  [33mtabindex[39m=[32m"0"[39m
  [33mtype[39m=[32m"submit"[39m
[36m>[39m
  [0mCreate Account[0m
  [36m<span[39m
    [33mclass[39m=[32m"MuiTouchRipple-root css-8je8zh-MuiTouchRipple-root"[39m
  [36m/>[39m
[36m</button>[39m

Ignored nodes: comments, script, style
[36m<button[39m
  [33mclass[39m=[32m"MuiButtonBase-root MuiButton-root MuiButton-contained MuiButton-containedPrimary MuiButton-sizeLarge MuiButton-containedSizeLarge MuiButton-colorPrimary MuiButton-fullWidth MuiButton-root MuiButton-contained MuiButton-containedPrimary MuiButton-sizeLarge MuiButton-containedSizeLarge MuiButton-colorPrimary MuiButton-fullWidth css-i4zi72-MuiButtonBase-root-MuiButton-root"[39m
  [33mtabindex[39m=[32m"0"[39m
  [33mtype[39m=[32m"submit"[39m
[36m>[39m
  [0mCreate Account[0m
  [36m<span[39m
    [33mclass[39m=[32m"MuiTouchRipple-root css-8je8zh-MuiTouchRipple-root"[39m
  [36m/>[39m
[36m</button>[39m

(If this is intentional, then use the `*AllBy*` variant of the query (like `queryAllByText`, `getAllByText`, or `findAllByText`)).

Ignored nodes: comments, script, style
[36m<body[39m
  [33mstyle[39m=[32m"padding-right: 1024px; overflow: hidden;"[39m
[36m>[39m
  [36m<div[39m
    [33maria-hidden[39m=[32m"true"[39m
  [36m>[39m
    [36m<div[39m
      [33mclass[39m=[32m"MuiBox-root css-0"[39m
    [36m>[39m
      [36m<div[39m
        [33mclass[39m=[32m"MuiBox-root css-i3pbo"[39m
      [36m>[39m
        [36m<h5[39m
          [33mclass[39m=[32m"MuiTypography-root MuiTypography-h5 MuiTypography-gutterBottom css-1hkf4sh-MuiTypography-root"[39m
        [36m>[39m
          [0mPayment History[0m
        [36m</h5>[39m
        [36m<p[39m
          [33mclass[39m=[32m"MuiTypography-root MuiTypography-body2 css-xtz2xu-MuiTypography-root"[39m
        [36m>[39m
          [0m1[0m
          [0m payment[0m
          [0m found[0m
        [36m</p>[39m
      [36m</div>[39m
      [36m<div[39m
        [33mclass[39m=[32m"MuiGrid-root MuiGrid-container MuiGrid-spacing-xs-2 css-12rc5ck-MuiGrid-root"[39m
      [36m>[39m
        [36m<div[39m
          [33mclass[39m=[32m"MuiGrid-root MuiGrid-item MuiGrid-grid-xs-12 MuiGrid-grid-sm-6 MuiGrid-grid-md-3 css-10voxkt-MuiGrid-root"[39m
        [36m>[39m
          [36m<div[39m
            [33mclass[39m=[32m"MuiFormControl-root MuiFormControl-fullWidth MuiTextField-root css-18hear-MuiFormControl-root-MuiTextField-root"[39m
          [36m>[39m
            [36m<div[39m
              [33mclass[39m=[32m"MuiInputBase-root MuiOutlinedInput-root MuiInputBase-colorPrimary MuiInputBase-fullWidth MuiInputBase-formControl MuiInputBase-sizeSmall MuiInputBase-adornedStart css-1cj7mpt-MuiInputBase-root-MuiOutlinedInput-root"[39m
            [36m>[39m
              [36m<div[39m
                [33mclass[39m=[32m"MuiInputAdornment-root MuiInputAdornment-positionStart MuiInputAdornment-outlined MuiInputAdornment-sizeSmall css-ittuaa-MuiInputAdornment-root"[39m
              [36m>[39m
                [36m<span[39m
                  [33mclass[39m=[32m"notranslate"[39m
                [36m>[39m
                  [0m​[0m
                [36m</span>[39m
                [36m<svg[39m
                  [33maria-hidden[39m=[32m"true"[39m
                  [33mclass[39m=[32m"MuiSvgIcon-root MuiSvgIcon-fontSizeMedium css-i4bv87-MuiSvgIcon-root"[39m
                  [33mdata-testid[39m=[32m"SearchIcon"[39m
                  [33mfocusable[39m=[32m"false"[39m
                  [33mviewBox[39m=[32m"0 0 24 24"[39m
                [36m>[39m
                  [36m<path[39m
                    [33md[39m=[32m"M15.5 14h-.79l-.28-.27C15.41 12.59 16 11.11 16 9.5 16 5.91 13.09 3 9.5 3S3 5.91 3 9.5 5.91 16 9.5 16c1.61 0 3.09-.59 4.23-1.57l.27.28v.79l5 4.99L20.49 19zm-6 0C7.01 14 5 11.99 5 9.5S7.01 5 9.5 5 14 7.01 14 9.5 11.99 14 9.5 14"[39m
                  [36m/>[39m
                [36m</svg>[39m
              [36m</div>[39m
              [36m<input[39m
                [33maria-invalid[39m=[32m"false"[39m
                [33mclass[39m=[32m"MuiInputBase-input MuiOutlinedInput-input MuiInputBase-inputSizeSmall MuiInputBase-inputAdornedStart css-1ua80n0-MuiInputBase-input-MuiOutlinedInput-input"[39m
                [33mid[39m=[32m":rt:"[39m
                [33mplaceholder[39m=[32m"Search payments..."[39m
                [33mtype[39m=[32m"text"[39m
                [33mvalue[39m=[32m""[39m
              [36m/>[39m
              [36m<fieldset[39m
                [33maria-hidden[39m=[32m"true"[39m
                [33mclass[39m=[32m"MuiOutlinedInput-notchedOutline css-r01yff-MuiNotchedOutlined-root-MuiOutlinedInput-notchedOutline"[39m
              [36m>[39m
                [36m<legend[39m
                  [33mclass[39m=[32m"css-1whs34k-MuiNotchedOutlined-root"[39m
                [36m>[39m
                  [36m<span[39m
                    [33mclass[39m=[32m"notranslate"[39m
                  [36m>[39m
                    [0m​[0m
                  [36m</span>[39m
                [36m</legend>[39m
              [36m</fieldset>[39m
            [36m</div>[39m
          [36m</div>[39m
        [36m</div>[39m
        [36m<div[39m
          [33mclass[39m=[32m"MuiGrid-root MuiGrid-item MuiGrid-grid-xs-12 MuiGrid-grid-sm-6 MuiGrid-grid-md-3 css-10voxkt-MuiGrid-root"[39m
        [36m>[39m
          [36m<div[39m
            [33mclass[39m=[32m"MuiFormControl-root MuiFormControl-fullWidth css-q8hpuo-MuiFormControl-root"[39m
          [36m>[39m
            [36m<label[39m
              [33mclass[39m=[32m"MuiFormLabel-root MuiInputLabel-root MuiInputLabel-formControl MuiInputLabel-animated MuiInputLabel-shrink MuiInputLabel-sizeSmall MuiInputLabel-outlined MuiFormLabel-colorPrimary MuiFormLabel-filled MuiInputLabel-root MuiInputLabel-formControl MuiInputLabel-animated MuiInputLabel-shrink MuiInputLabel-sizeSmall MuiInputLabel-outlined css-fe0mau-MuiFormLabel-root-MuiInputLabel-root"[39m
              [33mdata-shrink[39m=[32m"true"[39m
            [36m>[39m
              [0mStatus[0m
            [36m</label>[39m
            [36m<div[39m
              [33mclass[39m=[32m"MuiInputBase-root MuiOutlinedInput-root MuiInputBase-colorPrimary MuiInputBase-formControl MuiInputBase-sizeSmall css-13lg1x7-MuiInputBase-root-MuiOutlinedInput-root-MuiSelect-root"[39m
            [36m>[39m
              [36m<div[39m
                [33maria-controls[39m=[32m":ru:"[39m
                [33maria-expanded[39m=[32m"false"[39m
                [33maria-haspopup[39m=[32m"listbox"[39m
                [33mclass[39m=[32m"MuiSelect-select MuiSelect-outlined MuiInputBase-input MuiOutlinedInput-input MuiInputBase-inputSizeSmall css-1fzjff4-MuiSelect-select-MuiInputBase-input-MuiOutlinedInput-input"[39m
                [33mrole[39m=[32m"combobox"[39m
                [33mtabindex[39m=[32m"0"[39m
              [36m>[39m
                [0mAll Statuses[0m
              [36m</div>[39m
              [36m<input[39m
                [33maria-hidden[39m=[32m"true"[39m
                [33maria-invalid[39m=[32m"false"[39m
                [33mclass[39m=[32m"MuiSelect-nativeInput css-yf8vq0-MuiSelect-nativeInput"[39m
                [33mtabindex[39m=[32m"-1"[39m
                [33mvalue[39m=[32m"all"[39m
              [36m/>[39m
              [36m<svg[39m
                [33maria-hidden[39m=[32m"true"[39m
                [33mclass[39m=[32m"MuiSvgIcon-root MuiSvgIcon-fontSizeMedium MuiSelect-icon MuiSelect-iconOutlined css-hfutr2-MuiSvgIcon-root-MuiSelect-icon"[39m
                [33mdata-testid[39m=[32m"ArrowDropDownIcon"[39m
                [33mfocusable[39m=[32m"false"[39m
                [33mviewBox[39m=[32m"0 0 24 24"[39m
              [36m>[39m
                [36m<path[39m
                  [33md[39m=[32m"M7 10l5 5 5-5z"[39m
                [36m/>[39m
              [36m</svg>[...
 ❯ Object.getElementError node_modules/@testing-library/react/node_modules/@testing-library/dom/dist/config.js:37:19
 ❯ getElementError node_modules/@testing-library/react/node_modules/@testing-library/dom/dist/query-helpers.js:20:35
 ❯ getMultipleElementsFoundError node_modules/@testing-library/react/node_modules/@testing-library/dom/dist/query-helpers.js:23:10
 ❯ node_modules/@testing-library/react/node_modules/@testing-library/dom/dist/query-helpers.js:55:13
 ❯ node_modules/@testing-library/react/node_modules/@testing-library/dom/dist/query-helpers.js:95:19
 ❯ src/test/auth.test.tsx:192:35
    190|       );
    191| 
    192|       const submitButton = screen.getByRole('button', { name: /create …
       |                                   ^
    193|       fireEvent.click(submitButton);
    194| 

⎯⎯⎯⎯⎯⎯⎯⎯⎯⎯⎯⎯⎯⎯⎯⎯⎯⎯⎯⎯⎯⎯⎯[6/66]⎯

 FAIL  src/test/contract.test.tsx > ContractCard > renders contract card for client view
TestingLibraryElementError: Unable to find an element with the text: E-commerce Website. This could be because the text is broken up by multiple elements. In this case, you can provide a function for your text matcher to make your matcher more flexible.

Ignored nodes: comments, script, style
[36m<body>[39m
  [36m<div>[39m
    [36m<div[39m
      [33mclass[39m=[32m"MuiPaper-root MuiPaper-elevation MuiPaper-rounded MuiPaper-elevation1 MuiCard-root css-1xaxydr-MuiPaper-root-MuiCard-root"[39m
    [36m>[39m
      [36m<div[39m
        [33mclass[39m=[32m"MuiCardContent-root css-46bh2p-MuiCardContent-root"[39m
      [36m>[39m
        [36m<div[39m
          [33mclass[39m=[32m"MuiBox-root css-lhftxy"[39m
        [36m>[39m
          [36m<div[39m
            [33mclass[39m=[32m"MuiBox-root css-1rr4qq7"[39m
          [36m>[39m
            [36m<h6[39m
              [33mclass[39m=[32m"MuiTypography-root MuiTypography-h6 MuiTypography-gutterBottom css-pne570-MuiTypography-root"[39m
            [36m>[39m
              [0mWeb Development Contract[0m
            [36m</h6>[39m
            [36m<p[39m
              [33mclass[39m=[32m"MuiTypography-root MuiTypography-body2 css-xtz2xu-MuiTypography-root"[39m
            [36m>[39m
              [0mProject: [0m
              [0mE-commerce Website[0m
            [36m</p>[39m
          [36m</div>[39m
          [36m<div[39m
            [33mclass[39m=[32m"MuiChip-root MuiChip-filled MuiChip-sizeSmall MuiChip-colorPrimary MuiChip-filledPrimary css-10zotdu-MuiChip-root"[39m
          [36m>[39m
            [36m<span[39m
              [33mclass[39m=[32m"MuiChip-label MuiChip-labelSmall css-t3ycia-MuiChip-label"[39m
            [36m>[39m
              [0mIn Progress[0m
            [36m</span>[39m
          [36m</div>[39m
        [36m</div>[39m
        [36m<div[39m
          [33mclass[39m=[32m"MuiBox-root css-1hunpv2"[39m
        [36m>[39m
          [36m<div[39m
            [33mclass[39m=[32m"MuiAvatar-root MuiAvatar-circular css-3b47wn-MuiAvatar-root"[39m
          [36m>[39m
            [36m<img[39m
              [33mclass[39m=[32m"MuiAvatar-img css-1pqm26d-MuiAvatar-img"[39m
              [33msrc[39m=[32m"https://example.com/avatar2.jpg"[39m
            [36m/>[39m
          [36m</div>[39m
          [36m<div[39m
            [33mclass[39m=[32m"MuiBox-root css-1rr4qq7"[39m
          [36m>[39m
            [36m<h6[39m
              [33mclass[39m=[32m"MuiTypography-root MuiTypography-subtitle2 css-ati914-MuiTypography-root"[39m
            [36m>[39m
              [0mFreelancer[0m
              [0m: [0m
              [0mJane[0m
              [0m [0m
              [0mSmith[0m
            [36m</h6>[39m
            [36m<p[39m
              [33mclass[39m=[32m"MuiTypography-root MuiTypography-body2 css-xtz2xu-MuiTypography-root"[39m
            [36m>[39m
              [0mFull Stack Developer[0m
            [36m</p>[39m
          [36m</div>[39m
        [36m</div>[39m
        [36m<div[39m
          [33mclass[39m=[32m"MuiGrid-root MuiGrid-container MuiGrid-spacing-xs-2 css-l8v5xp-MuiGrid-root"[39m
        [36m>[39m
          [36m<div[39m
            [33mclass[39m=[32m"MuiGrid-root MuiGrid-item MuiGrid-grid-xs-6 css-1osj8n2-MuiGrid-root"[39m
          [36m>[39m
            [36m<div[39m
              [33mclass[39m=[32m"MuiBox-root css-v2eixv"[39m
            [36m>[39m
              [36m<svg[39m
                [33maria-hidden[39m=[32m"true"[39m
                [33mclass[39m=[32m"MuiSvgIcon-root MuiSvgIcon-fontSizeSmall css-ptiqhd-MuiSvgIcon-root"[39m
                [33mdata-testid[39m=[32m"AttachMoneyIcon"[39m
                [33mfocusable[39m=[32m"false"[39m
                [33mviewBox[39m=[32m"0 0 24 24"[39m
              [36m>[39m
                [36m<path[39m
                  [33md[39m=[32m"M11.8 10.9c-2.27-.59-3-1.2-3-2.15 0-1.09 1.01-1.85 2.7-1.85 1.78 0 2.44.85 2.5 2.1h2.21c-.07-1.72-1.12-3.3-3.21-3.81V3h-3v2.16c-1.94.42-3.5 1.68-3.5 3.61 0 2.31 1.91 3.46 4.7 4.13 2.5.6 3 1.48 3 2.41 0 .69-.49 1.79-2.7 1.79-2.06 0-2.87-.92-2.98-2.1h-2.2c.12 2.19 1.76 3.42 3.68 3.83V21h3v-2.15c1.95-.37 3.5-1.5 3.5-3.55 0-2.84-2.43-3.81-4.7-4.4"[39m
                [36m/>[39m
              [36m</svg>[39m
              [36m<p[39m
                [33mclass[39m=[32m"MuiTypography-root MuiTypography-body2 css-1884ygc-MuiTypography-root"[39m
              [36m>[39m
                [0m$[0m
                [0m2000[0m
                [0m [0m
                [0mUSD[0m
              [36m</p>[39m
            [36m</div>[39m
            [36m<span[39m
              [33mclass[39m=[32m"MuiTypography-root MuiTypography-caption css-ol7wxs-MuiTypography-root"[39m
            [36m>[39m
              [0mTotal Value[0m
            [36m</span>[39m
          [36m</div>[39m
          [36m<div[39m
            [33mclass[39m=[32m"MuiGrid-root MuiGrid-item MuiGrid-grid-xs-6 css-1osj8n2-MuiGrid-root"[39m
          [36m>[39m
            [36m<div[39m
              [33mclass[39m=[32m"MuiBox-root css-v2eixv"[39m
            [36m>[39m
              [36m<svg[39m
                [33maria-hidden[39m=[32m"true"[39m
                [33mclass[39m=[32m"MuiSvgIcon-root MuiSvgIcon-fontSizeSmall css-ptiqhd-MuiSvgIcon-root"[39m
                [33mdata-testid[39m=[32m"ScheduleIcon"[39m
                [33mfocusable[39m=[32m"false"[39m
                [33mviewBox[39m=[32m"0 0 24 24"[39m
              [36m>[39m
                [36m<path[39m
                  [33md[39m=[32m"M11.99 2C6.47 2 2 6.48 2 12s4.47 10 9.99 10C17.52 22 22 17.52 22 12S17.52 2 11.99 2M12 20c-4.42 0-8-3.58-8-8s3.58-8 8-8 8 3.58 8 8-3.58 8-8 8"[39m
                [36m/>[39m
                [36m<path[39m
                  [33md[39m=[32m"M12.5 7H11v6l5.25 3.15.75-1.23-4.5-2.67z"[39m
                [36m/>[39m
              [36m</svg>[39m
              [36m<p[39m
                [33mclass[39m=[32m"MuiTypography-root MuiTypography-body2 css-1884ygc-MuiTypography-root"[39m
              [36m>[39m
                [0mFeb 15, 2024[0m
              [36m</p>[39m
            [36m</div>[39m
            [36m<span[39m
              [33mclass[39m=[32m"MuiTypography-root MuiTypography-caption css-ol7wxs-MuiTypography-root"[39m
            [36m>[39m
              [0mDue Date[0m
            [36m</span>[39m
          [36m</div>[39m
        [36m</div>[39m
        [36m<div[39m
          [33mclass[39m=[32m"MuiBox-root css-1qm1lh"[39m
        [36m>[39m
          [36m<div[39m
            [33mclass[39m=[32m"MuiBox-root css-pcqfzb"[39m
          [36m>[39m
            [36m<p[39m
              [33mclass[39m=[32m"MuiTypography-root MuiTypography-body2 css-1884ygc-MuiTypography-root"[39m
            [36m>[39m
              [0mProgress[0m
            [36m</p>[39m
            [36m<p[39m
              [33mclass[39m=[32m"MuiTypography-root MuiTypography-body2 css-xtz2xu-MuiTypography-root"[39m
            [36m>[39m
              [0m50[0m
              [0m%[0m
            [36m</p>[39m
          [36m</...
 ❯ Object.getElementError node_modules/@testing-library/react/node_modules/@testing-library/dom/dist/config.js:37:19
 ❯ node_modules/@testing-library/react/node_modules/@testing-library/dom/dist/query-helpers.js:76:38
 ❯ node_modules/@testing-library/react/node_modules/@testing-library/dom/dist/query-helpers.js:52:17
 ❯ node_modules/@testing-library/react/node_modules/@testing-library/dom/dist/query-helpers.js:95:19
 ❯ src/test/contract.test.tsx:183:19
    181| 
    182|     expect(screen.getByText('Web Development Contract')).toBeInTheDocu…
    183|     expect(screen.getByText('E-commerce Website')).toBeInTheDocument();
       |                   ^
    184|     expect(screen.getByText('Freelancer: Jane Smith')).toBeInTheDocume…
    185|     expect(screen.getByText('$2000 USD')).toBeInTheDocument();

⎯⎯⎯⎯⎯⎯⎯⎯⎯⎯⎯⎯⎯⎯⎯⎯⎯⎯⎯⎯⎯⎯⎯[7/66]⎯

 FAIL  src/test/contract.test.tsx > ContractForm > renders contract form with proposal data
 FAIL  src/test/contract.test.tsx > ContractForm > navigates through form steps
 FAIL  src/test/contract.test.tsx > ContractForm > validates form fields
 FAIL  src/test/contract.test.tsx > ContractForm > manages milestones
 FAIL  src/test/contract.test.tsx > ContractForm > submits contract successfully
ReferenceError: jest is not defined
 ❯ src/test/contract.test.tsx:276:5
    274| describe('ContractForm', () => {
    275|   beforeEach(() => {
    276|     jest.clearAllMocks();
       |     ^
    277|   });
    278| 

⎯⎯⎯⎯⎯⎯⎯⎯⎯⎯⎯⎯⎯⎯⎯⎯⎯⎯⎯⎯⎯⎯⎯[8/66]⎯

 FAIL  src/test/contract.test.tsx > MilestoneManager > shows milestone details
TestingLibraryElementError: Found multiple elements with the text: $1000

Here are the matching elements:

Ignored nodes: comments, script, style
[36m<p[39m
  [33mclass[39m=[32m"MuiTypography-root MuiTypography-body2 css-2t8iw2-MuiTypography-root"[39m
[36m>[39m
  [0m$[0m
  [0m1000[0m
[36m</p>[39m

Ignored nodes: comments, script, style
[36m<p[39m
  [33mclass[39m=[32m"MuiTypography-root MuiTypography-body2 css-2t8iw2-MuiTypography-root"[39m
[36m>[39m
  [0m$[0m
  [0m1000[0m
[36m</p>[39m

(If this is intentional, then use the `*AllBy*` variant of the query (like `queryAllByText`, `getAllByText`, or `findAllByText`)).

Ignored nodes: comments, script, style
[36m<body>[39m
  [36m<div>[39m
    [36m<div[39m
      [33mclass[39m=[32m"MuiBox-root css-0"[39m
    [36m>[39m
      [36m<div[39m
        [33mclass[39m=[32m"MuiPaper-root MuiPaper-elevation MuiPaper-rounded MuiPaper-elevation1 MuiCard-root css-z38s0k-MuiPaper-root-MuiCard-root"[39m
      [36m>[39m
        [36m<div[39m
          [33mclass[39m=[32m"MuiCardContent-root css-46bh2p-MuiCardContent-root"[39m
        [36m>[39m
          [36m<h6[39m
            [33mclass[39m=[32m"MuiTypography-root MuiTypography-h6 MuiTypography-gutterBottom css-pne570-MuiTypography-root"[39m
          [36m>[39m
            [0mProject Progress[0m
          [36m</h6>[39m
          [36m<div[39m
            [33mclass[39m=[32m"MuiBox-root css-ukdiqv"[39m
          [36m>[39m
            [36m<span[39m
              [33maria-valuemax[39m=[32m"100"[39m
              [33maria-valuemin[39m=[32m"0"[39m
              [33maria-valuenow[39m=[32m"50"[39m
              [33mclass[39m=[32m"MuiLinearProgress-root MuiLinearProgress-colorPrimary MuiLinearProgress-determinate css-6eznea-MuiLinearProgress-root"[39m
              [33mrole[39m=[32m"progressbar"[39m
            [36m>[39m
              [36m<span[39m
                [33mclass[39m=[32m"MuiLinearProgress-bar MuiLinearProgress-barColorPrimary MuiLinearProgress-bar1Determinate css-4sz5p1-MuiLinearProgress-bar1"[39m
                [33mstyle[39m=[32m"transform: translateX(-50%);"[39m
              [36m/>[39m
            [36m</span>[39m
            [36m<p[39m
              [33mclass[39m=[32m"MuiTypography-root MuiTypography-body2 css-xtz2xu-MuiTypography-root"[39m
            [36m>[39m
              [0m50[0m
              [0m%[0m
            [36m</p>[39m
          [36m</div>[39m
          [36m<p[39m
            [33mclass[39m=[32m"MuiTypography-root MuiTypography-body2 css-xtz2xu-MuiTypography-root"[39m
          [36m>[39m
            [0m1[0m
            [0m of [0m
            [0m2[0m
            [0m milestones completed[0m
          [36m</p>[39m
        [36m</div>[39m
      [36m</div>[39m
      [36m<h6[39m
        [33mclass[39m=[32m"MuiTypography-root MuiTypography-h6 MuiTypography-gutterBottom css-pne570-MuiTypography-root"[39m
      [36m>[39m
        [0mMilestones ([0m
        [0m2[0m
        [0m)[0m
      [36m</h6>[39m
      [36m<div[39m
        [33mclass[39m=[32m"MuiPaper-root MuiPaper-elevation MuiPaper-rounded MuiPaper-elevation1 MuiCard-root css-18646eb-MuiPaper-root-MuiCard-root"[39m
      [36m>[39m
        [36m<div[39m
          [33mclass[39m=[32m"MuiCardContent-root css-46bh2p-MuiCardContent-root"[39m
        [36m>[39m
          [36m<div[39m
            [33mclass[39m=[32m"MuiBox-root css-lhftxy"[39m
          [36m>[39m
            [36m<div[39m
              [33mclass[39m=[32m"MuiBox-root css-1rr4qq7"[39m
            [36m>[39m
              [36m<h6[39m
                [33mclass[39m=[32m"MuiTypography-root MuiTypography-h6 MuiTypography-gutterBottom css-pne570-MuiTypography-root"[39m
              [36m>[39m
                [0mFrontend Development[0m
              [36m</h6>[39m
              [36m<p[39m
                [33mclass[39m=[32m"MuiTypography-root MuiTypography-body2 MuiTypography-paragraph css-ydbnju-MuiTypography-root"[39m
              [36m>[39m
                [0mBuild responsive frontend[0m
              [36m</p>[39m
            [36m</div>[39m
            [36m<div[39m
              [33mclass[39m=[32m"MuiBox-root css-axw7ok"[39m
            [36m>[39m
              [36m<svg[39m
                [33maria-hidden[39m=[32m"true"[39m
                [33mclass[39m=[32m"MuiSvgIcon-root MuiSvgIcon-colorSuccess MuiSvgIcon-fontSizeMedium css-d0womi-MuiSvgIcon-root"[39m
                [33mdata-testid[39m=[32m"CheckCircleIcon"[39m
                [33mfocusable[39m=[32m"false"[39m
                [33mviewBox[39m=[32m"0 0 24 24"[39m
              [36m>[39m
                [36m<path[39m
                  [33md[39m=[32m"M12 2C6.48 2 2 6.48 2 12s4.48 10 10 10 10-4.48 10-10S17.52 2 12 2m-2 15-5-5 1.41-1.41L10 14.17l7.59-7.59L19 8z"[39m
                [36m/>[39m
              [36m</svg>[39m
              [36m<div[39m
                [33mclass[39m=[32m"MuiChip-root MuiChip-filled MuiChip-sizeSmall MuiChip-colorSuccess MuiChip-filledSuccess css-127akec-MuiChip-root"[39m
              [36m>[39m
                [36m<span[39m
                  [33mclass[39m=[32m"MuiChip-label MuiChip-labelSmall css-t3ycia-MuiChip-label"[39m
                [36m>[39m
                  [0mAPPROVED[0m
                [36m</span>[39m
              [36m</div>[39m
            [36m</div>[39m
          [36m</div>[39m
          [36m<div[39m
            [33mclass[39m=[32m"MuiGrid-root MuiGrid-container MuiGrid-spacing-xs-2 css-l8v5xp-MuiGrid-root"[39m
          [36m>[39m
            [36m<div[39m
              [33mclass[39m=[32m"MuiGrid-root MuiGrid-item MuiGrid-grid-xs-12 MuiGrid-grid-sm-4 css-wg4xta-MuiGrid-root"[39m
            [36m>[39m
              [36m<div[39m
                [33mclass[39m=[32m"MuiBox-root css-171onha"[39m
              [36m>[39m
                [36m<svg[39m
                  [33maria-hidden[39m=[32m"true"[39m
                  [33mclass[39m=[32m"MuiSvgIcon-root MuiSvgIcon-fontSizeSmall css-ptiqhd-MuiSvgIcon-root"[39m
                  [33mdata-testid[39m=[32m"AttachMoneyIcon"[39m
                  [33mfocusable[39m=[32m"false"[39m
                  [33mviewBox[39m=[32m"0 0 24 24"[39m
                [36m>[39m
                  [36m<path[39m
                    [33md[39m=[32m"M11.8 10.9c-2.27-.59-3-1.2-3-2.15 0-1.09 1.01-1.85 2.7-1.85 1.78 0 2.44.85 2.5 2.1h2.21c-.07-1.72-1.12-3.3-3.21-3.81V3h-3v2.16c-1.94.42-3.5 1.68-3.5 3.61 0 2.31 1.91 3.46 4.7 4.13 2.5.6 3 1.48 3 2.41 0 .69-.49 1.79-2.7 1.79-2.06 0-2.87-.92-2.98-2.1h-2.2c.12 2.19 1.76 3.42 3.68 3.83V21h3v-2.15c1.95-.37 3.5-1.5 3.5-3.55 0-2.84-2.43-3.81-4.7-4.4"[39m
                  [36m/>[39m
                [36m</svg>[39m
                [36m<p[39m
                  [33mclass[39m=[32m"MuiTypography-root MuiTypography-body2 css-2t8iw2-MuiTypography-root"[39m
                [36m>[39m
                  [0m$[0m
                  [0m1000[0m
                [36m</p>[39m
              [36m</div>[39m
            [36m</div>[39m
            [36m<div[39m
              [33mclass[39m=[32m"MuiGrid-root MuiGrid-item MuiGrid-grid-xs-12 MuiGrid-grid-sm-4 css-wg4xta-MuiGrid-root"[39m
            [36m>[39m
              [36m<div[39m
                [33mclass[39m=[32m"MuiBox-root css-171onha"[39m
              [36m>[39m
                [36m<svg[39m
                  [33maria-hidden[39m=[32m"true"[39m
                  [33mclass[39m=[32m"MuiSvgIcon-root MuiSvgIcon-fontSizeS...
 ❯ Object.getElementError node_modules/@testing-library/react/node_modules/@testing-library/dom/dist/config.js:37:19
 ❯ getElementError node_modules/@testing-library/react/node_modules/@testing-library/dom/dist/query-helpers.js:20:35
 ❯ getMultipleElementsFoundError node_modules/@testing-library/react/node_modules/@testing-library/dom/dist/query-helpers.js:23:10
 ❯ node_modules/@testing-library/react/node_modules/@testing-library/dom/dist/query-helpers.js:55:13
 ❯ node_modules/@testing-library/react/node_modules/@testing-library/dom/dist/query-helpers.js:95:19
 ❯ src/test/contract.test.tsx:452:19
    450|     expect(screen.getByText('Frontend Development')).toBeInTheDocument…
    451|     expect(screen.getByText('Backend Development')).toBeInTheDocument(…
    452|     expect(screen.getByText('$1000')).toBeInTheDocument();
       |                   ^
    453|   });
    454| 

⎯⎯⎯⎯⎯⎯⎯⎯⎯⎯⎯⎯⎯⎯⎯⎯⎯⎯⎯⎯⎯⎯⎯[9/66]⎯

 FAIL  src/test/contract.test.tsx > MilestoneManager > handles milestone submission
TestingLibraryElementError: Found multiple elements with the text: Submit Milestone

Here are the matching elements:

Ignored nodes: comments, script, style
[36m<button[39m
  [33mclass[39m=[32m"MuiButtonBase-root MuiButton-root MuiButton-contained MuiButton-containedPrimary MuiButton-sizeSmall MuiButton-containedSizeSmall MuiButton-colorPrimary MuiButton-root MuiButton-contained MuiButton-containedPrimary MuiButton-sizeSmall MuiButton-containedSizeSmall MuiButton-colorPrimary css-1wl839p-MuiButtonBase-root-MuiButton-root"[39m
  [33mtabindex[39m=[32m"0"[39m
  [33mtype[39m=[32m"button"[39m
[36m>[39m
  [36m<span[39m
    [33mclass[39m=[32m"MuiButton-icon MuiButton-startIcon MuiButton-iconSizeSmall css-cstir9-MuiButton-startIcon"[39m
  [36m>[39m
    [36m<svg[39m
      [33maria-hidden[39m=[32m"true"[39m
      [33mclass[39m=[32m"MuiSvgIcon-root MuiSvgIcon-fontSizeMedium css-i4bv87-MuiSvgIcon-root"[39m
      [33mdata-testid[39m=[32m"UploadIcon"[39m
      [33mfocusable[39m=[32m"false"[39m
      [33mviewBox[39m=[32m"0 0 24 24"[39m
    [36m>[39m
      [36m<path[39m
        [33md[39m=[32m"M5 20h14v-2H5zm0-10h4v6h6v-6h4l-7-7z"[39m
      [36m/>[39m
    [36m</svg>[39m
  [36m</span>[39m
  [0mSubmit Milestone[0m
  [36m<span[39m
    [33mclass[39m=[32m"MuiTouchRipple-root css-8je8zh-MuiTouchRipple-root"[39m
  [36m/>[39m
[36m</button>[39m

Ignored nodes: comments, script, style
[36m<h2[39m
  [33mclass[39m=[32m"MuiTypography-root MuiTypography-h6 MuiDialogTitle-root css-dmdk1s-MuiTypography-root-MuiDialogTitle-root"[39m
  [33mid[39m=[32m":rf:"[39m
[36m>[39m
  [0mSubmit Milestone[0m
[36m</h2>[39m

Ignored nodes: comments, script, style
[36m<button[39m
  [33mclass[39m=[32m"MuiButtonBase-root MuiButton-root MuiButton-contained MuiButton-containedPrimary MuiButton-sizeMedium MuiButton-containedSizeMedium MuiButton-colorPrimary MuiButton-root MuiButton-contained MuiButton-containedPrimary MuiButton-sizeMedium MuiButton-containedSizeMedium MuiButton-colorPrimary css-1od66nh-MuiButtonBase-root-MuiButton-root"[39m
  [33mtabindex[39m=[32m"0"[39m
  [33mtype[39m=[32m"button"[39m
[36m>[39m
  [0mSubmit Milestone[0m
  [36m<span[39m
    [33mclass[39m=[32m"MuiTouchRipple-root css-8je8zh-MuiTouchRipple-root"[39m
  [36m/>[39m
[36m</button>[39m

(If this is intentional, then use the `*AllBy*` variant of the query (like `queryAllByText`, `getAllByText`, or `findAllByText`)).

Ignored nodes: comments, script, style
[36m<body[39m
  [33mstyle[39m=[32m"padding-right: 1024px; overflow: hidden;"[39m
[36m>[39m
  [36m<div[39m
    [33maria-hidden[39m=[32m"true"[39m
  [36m>[39m
    [36m<div[39m
      [33mclass[39m=[32m"MuiBox-root css-0"[39m
    [36m>[39m
      [36m<div[39m
        [33mclass[39m=[32m"MuiPaper-root MuiPaper-elevation MuiPaper-rounded MuiPaper-elevation1 MuiCard-root css-z38s0k-MuiPaper-root-MuiCard-root"[39m
      [36m>[39m
        [36m<div[39m
          [33mclass[39m=[32m"MuiCardContent-root css-46bh2p-MuiCardContent-root"[39m
        [36m>[39m
          [36m<h6[39m
            [33mclass[39m=[32m"MuiTypography-root MuiTypography-h6 MuiTypography-gutterBottom css-pne570-MuiTypography-root"[39m
          [36m>[39m
            [0mProject Progress[0m
          [36m</h6>[39m
          [36m<div[39m
            [33mclass[39m=[32m"MuiBox-root css-ukdiqv"[39m
          [36m>[39m
            [36m<span[39m
              [33maria-valuemax[39m=[32m"100"[39m
              [33maria-valuemin[39m=[32m"0"[39m
              [33maria-valuenow[39m=[32m"50"[39m
              [33mclass[39m=[32m"MuiLinearProgress-root MuiLinearProgress-colorPrimary MuiLinearProgress-determinate css-6eznea-MuiLinearProgress-root"[39m
              [33mrole[39m=[32m"progressbar"[39m
            [36m>[39m
              [36m<span[39m
                [33mclass[39m=[32m"MuiLinearProgress-bar MuiLinearProgress-barColorPrimary MuiLinearProgress-bar1Determinate css-4sz5p1-MuiLinearProgress-bar1"[39m
                [33mstyle[39m=[32m"transform: translateX(-50%);"[39m
              [36m/>[39m
            [36m</span>[39m
            [36m<p[39m
              [33mclass[39m=[32m"MuiTypography-root MuiTypography-body2 css-xtz2xu-MuiTypography-root"[39m
            [36m>[39m
              [0m50[0m
              [0m%[0m
            [36m</p>[39m
          [36m</div>[39m
          [36m<p[39m
            [33mclass[39m=[32m"MuiTypography-root MuiTypography-body2 css-xtz2xu-MuiTypography-root"[39m
          [36m>[39m
            [0m1[0m
            [0m of [0m
            [0m2[0m
            [0m milestones completed[0m
          [36m</p>[39m
        [36m</div>[39m
      [36m</div>[39m
      [36m<h6[39m
        [33mclass[39m=[32m"MuiTypography-root MuiTypography-h6 MuiTypography-gutterBottom css-pne570-MuiTypography-root"[39m
      [36m>[39m
        [0mMilestones ([0m
        [0m2[0m
        [0m)[0m
      [36m</h6>[39m
      [36m<div[39m
        [33mclass[39m=[32m"MuiPaper-root MuiPaper-elevation MuiPaper-rounded MuiPaper-elevation1 MuiCard-root css-18646eb-MuiPaper-root-MuiCard-root"[39m
      [36m>[39m
        [36m<div[39m
          [33mclass[39m=[32m"MuiCardContent-root css-46bh2p-MuiCardContent-root"[39m
        [36m>[39m
          [36m<div[39m
            [33mclass[39m=[32m"MuiBox-root css-lhftxy"[39m
          [36m>[39m
            [36m<div[39m
              [33mclass[39m=[32m"MuiBox-root css-1rr4qq7"[39m
            [36m>[39m
              [36m<h6[39m
                [33mclass[39m=[32m"MuiTypography-root MuiTypography-h6 MuiTypography-gutterBottom css-pne570-MuiTypography-root"[39m
              [36m>[39m
                [0mFrontend Development[0m
              [36m</h6>[39m
              [36m<p[39m
                [33mclass[39m=[32m"MuiTypography-root MuiTypography-body2 MuiTypography-paragraph css-ydbnju-MuiTypography-root"[39m
              [36m>[39m
                [0mBuild responsive frontend[0m
              [36m</p>[39m
            [36m</div>[39m
            [36m<div[39m
              [33mclass[39m=[32m"MuiBox-root css-axw7ok"[39m
            [36m>[39m
              [36m<svg[39m
                [33maria-hidden[39m=[32m"true"[39m
                [33mclass[39m=[32m"MuiSvgIcon-root MuiSvgIcon-colorSuccess MuiSvgIcon-fontSizeMedium css-d0womi-MuiSvgIcon-root"[39m
                [33mdata-testid[39m=[32m"CheckCircleIcon"[39m
                [33mfocusable[39m=[32m"false"[39m
                [33mviewBox[39m=[32m"0 0 24 24"[39m
              [36m>[39m
                [36m<path[39m
                  [33md[39m=[32m"M12 2C6.48 2 2 6.48 2 12s4.48 10 10 10 10-4.48 10-10S17.52 2 12 2m-2 15-5-5 1.41-1.41L10 14.17l7.59-7.59L19 8z"[39m
                [36m/>[39m
              [36m</svg>[39m
              [36m<div[39m
                [33mclass[39m=[32m"MuiChip-root MuiChip-filled MuiChip-sizeSmall MuiChip-colorSuccess MuiChip-filledSuccess css-127akec-MuiChip-root"[39m
              [36m>[39m
                [36m<span[39m
                  [33mclass[39m=[32m"MuiChip-label MuiChip-labelSmall css-t3ycia-MuiChip-label"[39m
                [36m>[39m
                  [0mAPPROVED[0m
                [36m</span>[39m
              [36m</div>[39m
            [36m</div>[39m
          [36m</div>[39m
          [36m<div[39m
            [33mclass[39m=[32m"MuiGrid-root MuiGrid-container MuiGrid-spacing-xs-2 css-l8v5xp-MuiGrid-root"[39m
          [36m>[39m
            [36m<div[39m
              [33mclass[39m=[32m"MuiGrid-root MuiGrid-item MuiGrid-grid-xs-12 MuiGrid-grid-sm-4 css-wg4xta-MuiGrid-root"[39m
            [36m>[39m
              [36m<div[39m
                [33mclass[39m=[32m"MuiBox-root css-171onha"[39m
              [36m>[39m
                [36m<svg[39m
                  [33maria-hidden[39m=[32m"true"[39m
                  [33mclass[39m=[32m"MuiSvgIcon-root MuiSvgIcon-fontSizeSmall css-ptiqhd-MuiSvgIcon-root"[39m
                  [33mdata-testid[39m=[32m"AttachMoneyIcon"[39m
                  [33mfocusable[39m=[32m"false"[39m
                  [33mviewBox[39m=[32m"0 0 24 24"[39m
                [36m>[39m
                  [36m<path[39m
                    [33md[39m=[32m"M11.8 10.9c-2.27-.59-3-1.2-3-2.15 0-1.09 1.01-1.85 2.7-1.85 1.78 0 2.44.85 2.5 2.1h2.21c-.07-1.72-1.12-3.3-3.21-3.81V3h-3v2.16c-1.94.42-3.5 1.68-3.5 3.61 0 2.31 1.91 3.46 4.7 4.13 2.5.6 3 1.48 3 2.41 0 .69-.49 1.79-2.7 1.79-2.06 0-2.87-.92-2.98-2.1h-2.2c.12 2.19 1.76 3.42 3.68 3.83V21h3v-2.15c1.95-.37 3.5-1.5 3.5-3.55 0-2.84-2.43-3.81-4.7-4.4"[39m
                  [36m/>[39m
                [36m</svg>[39m
                [36m<p[39m
                  [33mclass[39m=[32m"MuiTypography-root MuiTypography-body2 css-2t8iw2-MuiTypography-root"[39m
                [36m>[39m
                  [0m$[0m
                  [0m1000[0m
                [36m</p>[39m
              [36m</div>[39m
            [36m</div>[39m
            [36m<div[39m
              [33mclass[39m=[32m"MuiGrid-root MuiGrid-item MuiGrid-grid-xs-12 MuiGrid-grid-sm-4 css-wg4xta-MuiGrid-root"[39m
            [36m>[39m
              [36m<div[39m
                [33mclass[39m=[32m"MuiBox-root css-171onha"[39m
              [36m>[39m
                [36m<svg...
 ❯ Object.getElementError node_modules/@testing-library/react/node_modules/@testing-library/dom/dist/config.js:37:19
 ❯ getElementError node_modules/@testing-library/react/node_modules/@testing-library/dom/dist/query-helpers.js:20:35
 ❯ getMultipleElementsFoundError node_modules/@testing-library/react/node_modules/@testing-library/dom/dist/query-helpers.js:23:10
 ❯ node_modules/@testing-library/react/node_modules/@testing-library/dom/dist/query-helpers.js:55:13
 ❯ node_modules/@testing-library/react/node_modules/@testing-library/dom/dist/query-helpers.js:95:19
 ❯ src/test/contract.test.tsx:510:19
    508| 
    509|     // Should open dialog
    510|     expect(screen.getByText('Submit Milestone')).toBeInTheDocument();
       |                   ^
    511|     expect(screen.getByText('Backend Development')).toBeInTheDocument(…
    512| 

⎯⎯⎯⎯⎯⎯⎯⎯⎯⎯⎯⎯⎯⎯⎯⎯⎯⎯⎯⎯⎯⎯[10/66]⎯

 FAIL  src/test/contract.test.tsx > MilestoneManager > handles milestone approval
TestingLibraryElementError: Found multiple elements with the text: Approve Milestone

Here are the matching elements:

Ignored nodes: comments, script, style
[36m<h2[39m
  [33mclass[39m=[32m"MuiTypography-root MuiTypography-h6 MuiDialogTitle-root css-dmdk1s-MuiTypography-root-MuiDialogTitle-root"[39m
  [33mid[39m=[32m":rm:"[39m
[36m>[39m
  [0mApprove Milestone[0m
[36m</h2>[39m

Ignored nodes: comments, script, style
[36m<button[39m
  [33mclass[39m=[32m"MuiButtonBase-root MuiButton-root MuiButton-contained MuiButton-containedSuccess MuiButton-sizeMedium MuiButton-containedSizeMedium MuiButton-colorSuccess MuiButton-root MuiButton-contained MuiButton-containedSuccess MuiButton-sizeMedium MuiButton-containedSizeMedium MuiButton-colorSuccess css-1icjxmz-MuiButtonBase-root-MuiButton-root"[39m
  [33mtabindex[39m=[32m"0"[39m
  [33mtype[39m=[32m"button"[39m
[36m>[39m
  [0mApprove Milestone[0m
  [36m<span[39m
    [33mclass[39m=[32m"MuiTouchRipple-root css-8je8zh-MuiTouchRipple-root"[39m
  [36m/>[39m
[36m</button>[39m

(If this is intentional, then use the `*AllBy*` variant of the query (like `queryAllByText`, `getAllByText`, or `findAllByText`)).

Ignored nodes: comments, script, style
[36m<body[39m
  [33mstyle[39m=[32m"padding-right: 1024px; overflow: hidden;"[39m
[36m>[39m
  [36m<div[39m
    [33maria-hidden[39m=[32m"true"[39m
  [36m>[39m
    [36m<div[39m
      [33mclass[39m=[32m"MuiBox-root css-0"[39m
    [36m>[39m
      [36m<div[39m
        [33mclass[39m=[32m"MuiPaper-root MuiPaper-elevation MuiPaper-rounded MuiPaper-elevation1 MuiCard-root css-z38s0k-MuiPaper-root-MuiCard-root"[39m
      [36m>[39m
        [36m<div[39m
          [33mclass[39m=[32m"MuiCardContent-root css-46bh2p-MuiCardContent-root"[39m
        [36m>[39m
          [36m<h6[39m
            [33mclass[39m=[32m"MuiTypography-root MuiTypography-h6 MuiTypography-gutterBottom css-pne570-MuiTypography-root"[39m
          [36m>[39m
            [0mProject Progress[0m
          [36m</h6>[39m
          [36m<div[39m
            [33mclass[39m=[32m"MuiBox-root css-ukdiqv"[39m
          [36m>[39m
            [36m<span[39m
              [33maria-valuemax[39m=[32m"100"[39m
              [33maria-valuemin[39m=[32m"0"[39m
              [33maria-valuenow[39m=[32m"0"[39m
              [33mclass[39m=[32m"MuiLinearProgress-root MuiLinearProgress-colorPrimary MuiLinearProgress-determinate css-6eznea-MuiLinearProgress-root"[39m
              [33mrole[39m=[32m"progressbar"[39m
            [36m>[39m
              [36m<span[39m
                [33mclass[39m=[32m"MuiLinearProgress-bar MuiLinearProgress-barColorPrimary MuiLinearProgress-bar1Determinate css-4sz5p1-MuiLinearProgress-bar1"[39m
                [33mstyle[39m=[32m"transform: translateX(-100%);"[39m
              [36m/>[39m
            [36m</span>[39m
            [36m<p[39m
              [33mclass[39m=[32m"MuiTypography-root MuiTypography-body2 css-xtz2xu-MuiTypography-root"[39m
            [36m>[39m
              [0m0[0m
              [0m%[0m
            [36m</p>[39m
          [36m</div>[39m
          [36m<p[39m
            [33mclass[39m=[32m"MuiTypography-root MuiTypography-body2 css-xtz2xu-MuiTypography-root"[39m
          [36m>[39m
            [0m0[0m
            [0m of [0m
            [0m2[0m
            [0m milestones completed[0m
          [36m</p>[39m
        [36m</div>[39m
      [36m</div>[39m
      [36m<h6[39m
        [33mclass[39m=[32m"MuiTypography-root MuiTypography-h6 MuiTypography-gutterBottom css-pne570-MuiTypography-root"[39m
      [36m>[39m
        [0mMilestones ([0m
        [0m2[0m
        [0m)[0m
      [36m</h6>[39m
      [36m<div[39m
        [33mclass[39m=[32m"MuiPaper-root MuiPaper-elevation MuiPaper-rounded MuiPaper-elevation1 MuiCard-root css-18646eb-MuiPaper-root-MuiCard-root"[39m
      [36m>[39m
        [36m<div[39m
          [33mclass[39m=[32m"MuiCardContent-root css-46bh2p-MuiCardContent-root"[39m
        [36m>[39m
          [36m<div[39m
            [33mclass[39m=[32m"MuiBox-root css-lhftxy"[39m
          [36m>[39m
            [36m<div[39m
              [33mclass[39m=[32m"MuiBox-root css-1rr4qq7"[39m
            [36m>[39m
              [36m<h6[39m
                [33mclass[39m=[32m"MuiTypography-root MuiTypography-h6 MuiTypography-gutterBottom css-pne570-MuiTypography-root"[39m
              [36m>[39m
                [0mFrontend Development[0m
              [36m</h6>[39m
              [36m<p[39m
                [33mclass[39m=[32m"MuiTypography-root MuiTypography-body2 MuiTypography-paragraph css-ydbnju-MuiTypography-root"[39m
              [36m>[39m
                [0mBuild responsive frontend[0m
              [36m</p>[39m
            [36m</div>[39m
            [36m<div[39m
              [33mclass[39m=[32m"MuiBox-root css-axw7ok"[39m
            [36m>[39m
              [36m<svg[39m
                [33maria-hidden[39m=[32m"true"[39m
                [33mclass[39m=[32m"MuiSvgIcon-root MuiSvgIcon-colorWarning MuiSvgIcon-fontSizeMedium css-i94f2r-MuiSvgIcon-root"[39m
                [33mdata-testid[39m=[32m"ScheduleIcon"[39m
                [33mfocusable[39m=[32m"false"[39m
                [33mviewBox[39m=[32m"0 0 24 24"[39m
              [36m>[39m
                [36m<path[39m
                  [33md[39m=[32m"M11.99 2C6.47 2 2 6.48 2 12s4.47 10 9.99 10C17.52 22 22 17.52 22 12S17.52 2 11.99 2M12 20c-4.42 0-8-3.58-8-8s3.58-8 8-8 8 3.58 8 8-3.58 8-8 8"[39m
                [36m/>[39m
                [36m<path[39m
                  [33md[39m=[32m"M12.5 7H11v6l5.25 3.15.75-1.23-4.5-2.67z"[39m
                [36m/>[39m
              [36m</svg>[39m
              [36m<div[39m
                [33mclass[39m=[32m"MuiChip-root MuiChip-filled MuiChip-sizeSmall MuiChip-colorWarning MuiChip-filledWarning css-g26vwy-MuiChip-root"[39m
              [36m>[39m
                [36m<span[39m
                  [33mclass[39m=[32m"MuiChip-label MuiChip-labelSmall css-t3ycia-MuiChip-label"[39m
                [36m>[39m
                  [0mSUBMITTED[0m
                [36m</span>[39m
              [36m</div>[39m
            [36m</div>[39m
          [36m</div>[39m
          [36m<div[39m
            [33mclass[39m=[32m"MuiGrid-root MuiGrid-container MuiGrid-spacing-xs-2 css-l8v5xp-MuiGrid-root"[39m
          [36m>[39m
            [36m<div[39m
              [33mclass[39m=[32m"MuiGrid-root MuiGrid-item MuiGrid-grid-xs-12 MuiGrid-grid-sm-4 css-wg4xta-MuiGrid-root"[39m
            [36m>[39m
              [36m<div[39m
                [33mclass[39m=[32m"MuiBox-root css-171onha"[39m
              [36m>[39m
                [36m<svg[39m
                  [33maria-hidden[39m=[32m"true"[39m
                  [33mclass[39m=[32m"MuiSvgIcon-root MuiSvgIcon-fontSizeSmall css-ptiqhd-MuiSvgIcon-root"[39m
                  [33mdata-testid[39m=[32m"AttachMoneyIcon"[39m
                  [33mfocusable[39m=[32m"false"[39m
                  [33mviewBox[39m=[32m"0 0 24 24"[39m
                [36m>[39m
                  [36m<path[39m
                    [33md[39m=[32m"M11.8 10.9c-2.27-.59-3-1.2-3-2.15 0-1.09 1.01-1.85 2.7-1.85 1.78 0 2.44.85 2.5 2.1h2.21c-.07-1.72-1.12-3.3-3.21-3.81V3h-3v2.16c-1.94.42-3.5 1.68-3.5 3.61 0 2.31 1.91 3.46 4.7 4.13 2.5.6 3 1.48 3 2.41 0 .69-.49 1.79-2.7 1.79-2.06 0-2.87-.92-2.98-2.1h-2.2c.12 2.19 1.76 3.42 3.68 3.83V21h3v-2.15c1.95-.37 3.5-1.5 3.5-3.55 0-2.84-2.43-3.81-4.7-4.4"[39m
                  [36m/>[39m
                [36m</svg>[39m
                [36m<p[39m
                  [33mclass[39m=[32m"MuiTypography-root MuiTypography-body2 css-2t8iw2-MuiTypography-root"[39m
                [36m>[39m
                  [0m$[0m
                  [0m1000[0m
                [36m</p>[39m
              [36m</div>[39m
            [36m</div>[39m
            [36m<div[39m
              [33mclass[39m=[32m"MuiGrid-root MuiGrid-item MuiGrid-grid-xs-12 MuiGrid-grid-sm-4 css-wg4xta-MuiGrid-root"[39m
  ...
 ❯ Object.getElementError node_modules/@testing-library/react/node_modules/@testing-library/dom/dist/config.js:37:19
 ❯ getElementError node_modules/@testing-library/react/node_modules/@testing-library/dom/dist/query-helpers.js:20:35
 ❯ getMultipleElementsFoundError node_modules/@testing-library/react/node_modules/@testing-library/dom/dist/query-helpers.js:23:10
 ❯ node_modules/@testing-library/react/node_modules/@testing-library/dom/dist/query-helpers.js:55:13
 ❯ node_modules/@testing-library/react/node_modules/@testing-library/dom/dist/query-helpers.js:95:19
 ❯ src/test/contract.test.tsx:567:19
    565| 
    566|     // Should open dialog
    567|     expect(screen.getByText('Approve Milestone')).toBeInTheDocument();
       |                   ^
    568| 
    569|     // Add feedback and approve

⎯⎯⎯⎯⎯⎯⎯⎯⎯⎯⎯⎯⎯⎯⎯⎯⎯⎯⎯⎯⎯⎯[11/66]⎯

 FAIL  src/test/payment.test.tsx > PaymentForm > renders payment form correctly
 FAIL  src/test/payment.test.tsx > PaymentForm > calculates platform fee correctly
 FAIL  src/test/payment.test.tsx > PaymentForm > shows security and escrow notices
 FAIL  src/test/payment.test.tsx > PaymentForm > handles payment submission
ReferenceError: jest is not defined
 ❯ src/test/payment.test.tsx:162:5
    160| describe('PaymentForm', () => {
    161|   beforeEach(() => {
    162|     jest.clearAllMocks();
       |     ^
    163|   });
    164| 

⎯⎯⎯⎯⎯⎯⎯⎯⎯⎯⎯⎯⎯⎯⎯⎯⎯⎯⎯⎯⎯⎯[12/66]⎯

 FAIL  src/test/payment.test.tsx > PaymentHistory > filters payments by status
TestingLibraryElementError: Found a label with the text of: Status, however no form control was found associated to that label. Make sure you're using the "for" attribute or "aria-labelledby" attribute correctly.

Ignored nodes: comments, script, style
[36m<body[39m
  [33mstyle[39m=[32m""[39m
[36m>[39m
  [36m<div>[39m
    [36m<div[39m
      [33mclass[39m=[32m"MuiBox-root css-0"[39m
    [36m>[39m
      [36m<div[39m
        [33mclass[39m=[32m"MuiBox-root css-i3pbo"[39m
      [36m>[39m
        [36m<h5[39m
          [33mclass[39m=[32m"MuiTypography-root MuiTypography-h5 MuiTypography-gutterBottom css-1hkf4sh-MuiTypography-root"[39m
        [36m>[39m
          [0mPayment History[0m
        [36m</h5>[39m
        [36m<p[39m
          [33mclass[39m=[32m"MuiTypography-root MuiTypography-body2 css-xtz2xu-MuiTypography-root"[39m
        [36m>[39m
          [0m1[0m
          [0m payment[0m
          [0m found[0m
        [36m</p>[39m
      [36m</div>[39m
      [36m<div[39m
        [33mclass[39m=[32m"MuiGrid-root MuiGrid-container MuiGrid-spacing-xs-2 css-12rc5ck-MuiGrid-root"[39m
      [36m>[39m
        [36m<div[39m
          [33mclass[39m=[32m"MuiGrid-root MuiGrid-item MuiGrid-grid-xs-12 MuiGrid-grid-sm-6 MuiGrid-grid-md-3 css-10voxkt-MuiGrid-root"[39m
        [36m>[39m
          [36m<div[39m
            [33mclass[39m=[32m"MuiFormControl-root MuiFormControl-fullWidth MuiTextField-root css-18hear-MuiFormControl-root-MuiTextField-root"[39m
          [36m>[39m
            [36m<div[39m
              [33mclass[39m=[32m"MuiInputBase-root MuiOutlinedInput-root MuiInputBase-colorPrimary MuiInputBase-fullWidth MuiInputBase-formControl MuiInputBase-sizeSmall MuiInputBase-adornedStart css-1cj7mpt-MuiInputBase-root-MuiOutlinedInput-root"[39m
            [36m>[39m
              [36m<div[39m
                [33mclass[39m=[32m"MuiInputAdornment-root MuiInputAdornment-positionStart MuiInputAdornment-outlined MuiInputAdornment-sizeSmall css-ittuaa-MuiInputAdornment-root"[39m
              [36m>[39m
                [36m<span[39m
                  [33mclass[39m=[32m"notranslate"[39m
                [36m>[39m
                  [0m​[0m
                [36m</span>[39m
                [36m<svg[39m
                  [33maria-hidden[39m=[32m"true"[39m
                  [33mclass[39m=[32m"MuiSvgIcon-root MuiSvgIcon-fontSizeMedium css-i4bv87-MuiSvgIcon-root"[39m
                  [33mdata-testid[39m=[32m"SearchIcon"[39m
                  [33mfocusable[39m=[32m"false"[39m
                  [33mviewBox[39m=[32m"0 0 24 24"[39m
                [36m>[39m
                  [36m<path[39m
                    [33md[39m=[32m"M15.5 14h-.79l-.28-.27C15.41 12.59 16 11.11 16 9.5 16 5.91 13.09 3 9.5 3S3 5.91 3 9.5 5.91 16 9.5 16c1.61 0 3.09-.59 4.23-1.57l.27.28v.79l5 4.99L20.49 19zm-6 0C7.01 14 5 11.99 5 9.5S7.01 5 9.5 5 14 7.01 14 9.5 11.99 14 9.5 14"[39m
                  [36m/>[39m
                [36m</svg>[39m
              [36m</div>[39m
              [36m<input[39m
                [33maria-invalid[39m=[32m"false"[39m
                [33mclass[39m=[32m"MuiInputBase-input MuiOutlinedInput-input MuiInputBase-inputSizeSmall MuiInputBase-inputAdornedStart css-1ua80n0-MuiInputBase-input-MuiOutlinedInput-input"[39m
                [33mid[39m=[32m":rt:"[39m
                [33mplaceholder[39m=[32m"Search payments..."[39m
                [33mtype[39m=[32m"text"[39m
                [33mvalue[39m=[32m""[39m
              [36m/>[39m
              [36m<fieldset[39m
                [33maria-hidden[39m=[32m"true"[39m
                [33mclass[39m=[32m"MuiOutlinedInput-notchedOutline css-r01yff-MuiNotchedOutlined-root-MuiOutlinedInput-notchedOutline"[39m
              [36m>[39m
                [36m<legend[39m
                  [33mclass[39m=[32m"css-1whs34k-MuiNotchedOutlined-root"[39m
                [36m>[39m
                  [36m<span[39m
                    [33mclass[39m=[32m"notranslate"[39m
                  [36m>[39m
                    [0m​[0m
                  [36m</span>[39m
                [36m</legend>[39m
              [36m</fieldset>[39m
            [36m</div>[39m
          [36m</div>[39m
        [36m</div>[39m
        [36m<div[39m
          [33mclass[39m=[32m"MuiGrid-root MuiGrid-item MuiGrid-grid-xs-12 MuiGrid-grid-sm-6 MuiGrid-grid-md-3 css-10voxkt-MuiGrid-root"[39m
        [36m>[39m
          [36m<div[39m
            [33mclass[39m=[32m"MuiFormControl-root MuiFormControl-fullWidth css-q8hpuo-MuiFormControl-root"[39m
          [36m>[39m
            [36m<label[39m
              [33mclass[39m=[32m"MuiFormLabel-root MuiInputLabel-root MuiInputLabel-formControl MuiInputLabel-animated MuiInputLabel-shrink MuiInputLabel-sizeSmall MuiInputLabel-outlined MuiFormLabel-colorPrimary MuiFormLabel-filled MuiInputLabel-root MuiInputLabel-formControl MuiInputLabel-animated MuiInputLabel-shrink MuiInputLabel-sizeSmall MuiInputLabel-outlined css-fe0mau-MuiFormLabel-root-MuiInputLabel-root"[39m
              [33mdata-shrink[39m=[32m"true"[39m
            [36m>[39m
              [0mStatus[0m
            [36m</label>[39m
            [36m<div[39m
              [33mclass[39m=[32m"MuiInputBase-root MuiOutlinedInput-root MuiInputBase-colorPrimary MuiInputBase-formControl MuiInputBase-sizeSmall css-13lg1x7-MuiInputBase-root-MuiOutlinedInput-root-MuiSelect-root"[39m
            [36m>[39m
              [36m<div[39m
                [33maria-controls[39m=[32m":ru:"[39m
                [33maria-expanded[39m=[32m"false"[39m
                [33maria-haspopup[39m=[32m"listbox"[39m
                [33mclass[39m=[32m"MuiSelect-select MuiSelect-outlined MuiInputBase-input MuiOutlinedInput-input MuiInputBase-inputSizeSmall css-1fzjff4-MuiSelect-select-MuiInputBase-input-MuiOutlinedInput-input"[39m
                [33mrole[39m=[32m"combobox"[39m
                [33mtabindex[39m=[32m"0"[39m
              [36m>[39m
                [0mAll Statuses[0m
              [36m</div>[39m
              [36m<input[39m
                [33maria-hidden[39m=[32m"true"[39m
                [33maria-invalid[39m=[32m"false"[39m
                [33mclass[39m=[32m"MuiSelect-nativeInput css-yf8vq0-MuiSelect-nativeInput"[39m
                [33mtabindex[39m=[32m"-1"[39m
                [33mvalue[39m=[32m"all"[39m
              [36m/>[39m
              [36m<svg[39m
                [33maria-hidden[39m=[32m"true"[39m
                [33mclass[39m=[32m"MuiSvgIcon-root MuiSvgIcon-fontSizeMedium MuiSelect-icon MuiSelect-iconOutlined css-hfutr2-MuiSvgIcon-root-MuiSelect-icon"[39m
                [33mdata-testid[39m=[32m"ArrowDropDownIcon"[39m
                [33mfocusable[39m=[32m"false"[39m
                [33mviewBox[39m=[32m"0 0 24 24"[39m
              [36m>[39m
                [36m<path[39m
                  [33md[39m=[32m"M7 10l5 5 5-5z"[39m
                [36m/>[39m
              [36m</svg>[39m
              [36m<fieldset[39m
                [33maria-hidden[39m=[32m"true"[39m
   ...

Ignored nodes: comments, script, style
[36m<html>[39m
  [36m<head />[39m
  [36m<body[39m
    [33mstyle[39m=[32m""[39m
  [36m>[39m
    [36m<div>[39m
      [36m<div[39m
        [33mclass[39m=[32m"MuiBox-root css-0"[39m
      [36m>[39m
        [36m<div[39m
          [33mclass[39m=[32m"MuiBox-root css-i3pbo"[39m
        [36m>[39m
          [36m<h5[39m
            [33mclass[39m=[32m"MuiTypography-root MuiTypography-h5 MuiTypography-gutterBottom css-1hkf4sh-MuiTypography-root"[39m
          [36m>[39m
            [0mPayment History[0m
          [36m</h5>[39m
          [36m<p[39m
            [33mclass[39m=[32m"MuiTypography-root MuiTypography-body2 css-xtz2xu-MuiTypography-root"[39m
          [36m>[39m
            [0m1[0m
            [0m payment[0m
            [0m found[0m
          [36m</p>[39m
        [36m</div>[39m
        [36m<div[39m
          [33mclass[39m=[32m"MuiGrid-root MuiGrid-container MuiGrid-spacing-xs-2 css-12rc5ck-MuiGrid-root"[39m
        [36m>[39m
          [36m<div[39m
            [33mclass[39m=[32m"MuiGrid-root MuiGrid-item MuiGrid-grid-xs-12 MuiGrid-grid-sm-6 MuiGrid-grid-md-3 css-10voxkt-MuiGrid-root"[39m
          [36m>[39m
            [36m<div[39m
              [33mclass[39m=[32m"MuiFormControl-root MuiFormControl-fullWidth MuiTextField-root css-18hear-MuiFormControl-root-MuiTextField-root"[39m
            [36m>[39m
              [36m<div[39m
                [33mclass[39m=[32m"MuiInputBase-root MuiOutlinedInput-root MuiInputBase-colorPrimary MuiInputBase-fullWidth MuiInputBase-formControl MuiInputBase-sizeSmall MuiInputBase-adornedStart css-1cj7mpt-MuiInputBase-root-MuiOutlinedInput-root"[39m
              [36m>[39m
                [36m<div[39m
                  [33mclass[39m=[32m"MuiInputAdornment-root MuiInputAdornment-positionStart MuiInputAdornment-outlined MuiInputAdornment-sizeSmall css-ittuaa-MuiInputAdornment-root"[39m
                [36m>[39m
                  [36m<span[39m
                    [33mclass[39m=[32m"notranslate"[39m
                  [36m>[39m
                    [0m​[0m
                  [36m</span>[39m
                  [36m<svg[39m
                    [33maria-hidden[39m=[32m"true"[39m
                    [33mclass[39m=[32m"MuiSvgIcon-root MuiSvgIcon-fontSizeMedium css-i4bv87-MuiSvgIcon-root"[39m
                    [33mdata-testid[39m=[32m"SearchIcon"[39m
                    [33mfocusable[39m=[32m"false"[39m
                    [33mviewBox[39m=[32m"0 0 24 24"[39m
                  [36m>[39m
                    [36m<path[39m
                      [33md[39m=[32m"M15.5 14h-.79l-.28-.27C15.41 12.59 16 11.11 16 9.5 16 5.91 13.09 3 9.5 3S3 5.91 3 9.5 5.91 16 9.5 16c1.61 0 3.09-.59 4.23-1.57l.27.28v.79l5 4.99L20.49 19zm-6 0C7.01 14 5 11.99 5 9.5S7.01 5 9.5 5 14 7.01 14 9.5 11.99 14 9.5 14"[39m
                    [36m/>[39m
                  [36m</svg>[39m
                [36m</div>[39m
                [36m<input[39m
                  [33maria-invalid[39m=[32m"false"[39m
                  [33mclass[39m=[32m"MuiInputBase-input MuiOutlinedInput-input MuiInputBase-inputSizeSmall MuiInputBase-inputAdornedStart css-1ua80n0-MuiInputBase-input-MuiOutlinedInput-input"[39m
                  [33mid[39m=[32m":rt:"[39m
                  [33mplaceholder[39m=[32m"Search payments..."[39m
                  [33mtype[39m=[32m"text"[39m
                  [33mvalue[39m=[32m""[39m
                [36m/>[39m
                [36m<fieldset[39m
                  [33maria-hidden[39m=[32m"true"[39m
                  [33mclass[39m=[32m"MuiOutlinedInput-notchedOutline css-r01yff-MuiNotchedOutlined-root-MuiOutlinedInput-notchedOutline"[39m
                [36m>[39m
                  [36m<legend[39m
                    [33mclass[39m=[32m"css-1whs34k-MuiNotchedOutlined-root"[39m
                  [36m>[39m
                    [36m<span[39m
                      [33mclass[39m=[32m"notranslate"[39m
                    [36m>[39m
                      [0m​[0m
                    [36m</span>[39m
                  [36m</legend>[39m
                [36m</fieldset>[39m
              [36m</div>[39m
            [36m</div>[39m
          [36m</div>[39m
          [36m<div[39m
            [33mclass[39m=[32m"MuiGrid-root MuiGrid-item MuiGrid-grid-xs-12 MuiGrid-grid-sm-6 MuiGrid-grid-md-3 css-10voxkt-MuiGrid-root"[39m
          [36m>[39m
            [36m<div[39m
              [33mclass[39m=[32m"MuiFormControl-root MuiFormControl-fullWidth css-q8hpuo-MuiFormControl-root"[39m
            [36m>[39m
              [36m<label[39m
                [33mclass[39m=[32m"MuiFormLabel-root MuiInputLabel-root MuiInputLabel-formControl MuiInputLabel-animated MuiInputLabel-shrink MuiInputLabel-sizeSmall MuiInputLabel-outlined MuiFormLabel-colorPrimary MuiFormLabel-filled MuiInputLabel-root MuiInputLabel-formControl MuiInputLabel-animated MuiInputLabel-shrink MuiInputLabel-sizeSmall MuiInputLabel-outlined css-fe0mau-MuiFormLabel-root-MuiInputLabel-root"[39m
                [33mdata-shrink[39m=[32m"true"[39m
              [36m>[39m
                [0mStatus[0m
              [36m</label>[39m
              [36m<div[39m
                [33mclass[39m=[32m"MuiInputBase-root MuiOutlinedInput-root MuiInputBase-colorPrimary MuiInputBase-formControl MuiInputBase-sizeSmall css-13lg1x7-MuiInputBase-root-MuiOutlinedInput-root-MuiSelect-root"[39m
              [36m>[39m
                [36m<div[39m
                  [33maria-controls[39m=[32m":ru:"[39m
                  [33maria-expanded[39m=[32m"false"[39m
                  [33maria-haspopup[39m=[32m"listbox"[39m
                  [33mclass[39m=[32m"MuiSelect-select MuiSelect-outlined MuiInputBase-input MuiOutlinedInput-input MuiInputBase-inputSizeSmall css-1fzjff4-MuiSelect-select-MuiInputBase-input-MuiOutlinedInput-input"[39m
                  [33mrole[39m=[32m"combobox"[39m
                  [33mtabindex[39m=[32m"0"[39m
                [36m>[39m
                  [0mAll Statuses[0m
                [36m</div>[39m
                [36m<input[39m
                  [33maria-hidden[39m=[32m"true"[39m
                  [33maria-invalid[39m=[32m"false"[39m
                  [33mclass[39m=[32m"MuiSelect-nativeInput css-yf8vq0-MuiSelect-nativeInput"[39m
                  [33mtabindex[39m=[32m"-1"[39m
                  [33mvalue[39m=[32m"all"[39m
                [36m/>[39m
                [36m<svg[39m
                  [33maria-hidden[39m=[32m"true"[39m
                  [33mclass[39m=[32m"MuiSvgIcon-root MuiSvgIcon-fontSizeMedium MuiSelect-icon MuiSelect-iconOutlined css-hfutr2-MuiSvgIcon-root-MuiSelect-icon"[39m
                  [33mdata-testid[39m=[32m"ArrowDropDownIcon"[39m
                  [33mfocusable[39m=[32m"false"[39m
                  [33mviewBox[39m=[32m"0 0 24 24...
 ❯ Proxy.waitForWrapper node_modules/@testing-library/react/node_modules/@testing-library/dom/dist/wait-for.js:163:27
 ❯ src/test/payment.test.tsx:317:11
    315|     );
    316| 
    317|     await waitFor(() => {
       |           ^
    318|       expect(screen.getByLabelText('Status')).toBeInTheDocument();
    319|     });

⎯⎯⎯⎯⎯⎯⎯⎯⎯⎯⎯⎯⎯⎯⎯⎯⎯⎯⎯⎯⎯⎯[13/66]⎯

 FAIL  src/test/payment.test.tsx > PayoutManager > renders payout manager correctly
TestingLibraryElementError: Found multiple elements with the text: Available Balance

Here are the matching elements:

Ignored nodes: comments, script, style
[36m<p[39m
  [33mclass[39m=[32m"MuiTypography-root MuiTypography-body2 css-xtz2xu-MuiTypography-root"[39m
[36m>[39m
  [0mAvailable Balance[0m
[36m</p>[39m

Ignored nodes: comments, script, style
[36m<h6[39m
  [33mclass[39m=[32m"MuiTypography-root MuiTypography-h6 css-1rem9xf-MuiTypography-root"[39m
[36m>[39m
  [0mAvailable Balance[0m
[36m</h6>[39m

(If this is intentional, then use the `*AllBy*` variant of the query (like `queryAllByText`, `getAllByText`, or `findAllByText`)).

Ignored nodes: comments, script, style
[36m<body[39m
  [33mstyle[39m=[32m""[39m
[36m>[39m
  [36m<div>[39m
    [36m<div[39m
      [33mclass[39m=[32m"MuiBox-root css-0"[39m
    [36m>[39m
      [36m<div[39m
        [33mclass[39m=[32m"MuiBox-root css-i3pbo"[39m
      [36m>[39m
        [36m<h5[39m
          [33mclass[39m=[32m"MuiTypography-root MuiTypography-h5 MuiTypography-gutterBottom css-1hkf4sh-MuiTypography-root"[39m
        [36m>[39m
          [0mPayment History[0m
        [36m</h5>[39m
        [36m<p[39m
          [33mclass[39m=[32m"MuiTypography-root MuiTypography-body2 css-xtz2xu-MuiTypography-root"[39m
        [36m>[39m
          [0m1[0m
          [0m payment[0m
          [0m found[0m
        [36m</p>[39m
      [36m</div>[39m
      [36m<div[39m
        [33mclass[39m=[32m"MuiGrid-root MuiGrid-container MuiGrid-spacing-xs-2 css-12rc5ck-MuiGrid-root"[39m
      [36m>[39m
        [36m<div[39m
          [33mclass[39m=[32m"MuiGrid-root MuiGrid-item MuiGrid-grid-xs-12 MuiGrid-grid-sm-6 MuiGrid-grid-md-3 css-10voxkt-MuiGrid-root"[39m
        [36m>[39m
          [36m<div[39m
            [33mclass[39m=[32m"MuiFormControl-root MuiFormControl-fullWidth MuiTextField-root css-18hear-MuiFormControl-root-MuiTextField-root"[39m
          [36m>[39m
            [36m<div[39m
              [33mclass[39m=[32m"MuiInputBase-root MuiOutlinedInput-root MuiInputBase-colorPrimary MuiInputBase-fullWidth MuiInputBase-formControl MuiInputBase-sizeSmall MuiInputBase-adornedStart css-1cj7mpt-MuiInputBase-root-MuiOutlinedInput-root"[39m
            [36m>[39m
              [36m<div[39m
                [33mclass[39m=[32m"MuiInputAdornment-root MuiInputAdornment-positionStart MuiInputAdornment-outlined MuiInputAdornment-sizeSmall css-ittuaa-MuiInputAdornment-root"[39m
              [36m>[39m
                [36m<span[39m
                  [33mclass[39m=[32m"notranslate"[39m
                [36m>[39m
                  [0m​[0m
                [36m</span>[39m
                [36m<svg[39m
                  [33maria-hidden[39m=[32m"true"[39m
                  [33mclass[39m=[32m"MuiSvgIcon-root MuiSvgIcon-fontSizeMedium css-i4bv87-MuiSvgIcon-root"[39m
                  [33mdata-testid[39m=[32m"SearchIcon"[39m
                  [33mfocusable[39m=[32m"false"[39m
                  [33mviewBox[39m=[32m"0 0 24 24"[39m
                [36m>[39m
                  [36m<path[39m
                    [33md[39m=[32m"M15.5 14h-.79l-.28-.27C15.41 12.59 16 11.11 16 9.5 16 5.91 13.09 3 9.5 3S3 5.91 3 9.5 5.91 16 9.5 16c1.61 0 3.09-.59 4.23-1.57l.27.28v.79l5 4.99L20.49 19zm-6 0C7.01 14 5 11.99 5 9.5S7.01 5 9.5 5 14 7.01 14 9.5 11.99 14 9.5 14"[39m
                  [36m/>[39m
                [36m</svg>[39m
              [36m</div>[39m
              [36m<input[39m
                [33maria-invalid[39m=[32m"false"[39m
                [33mclass[39m=[32m"MuiInputBase-input MuiOutlinedInput-input MuiInputBase-inputSizeSmall MuiInputBase-inputAdornedStart css-1ua80n0-MuiInputBase-input-MuiOutlinedInput-input"[39m
                [33mid[39m=[32m":rt:"[39m
                [33mplaceholder[39m=[32m"Search payments..."[39m
                [33mtype[39m=[32m"text"[39m
                [33mvalue[39m=[32m""[39m
              [36m/>[39m
              [36m<fieldset[39m
                [33maria-hidden[39m=[32m"true"[39m
                [33mclass[39m=[32m"MuiOutlinedInput-notchedOutline css-r01yff-MuiNotchedOutlined-root-MuiOutlinedInput-notchedOutline"[39m
              [36m>[39m
                [36m<legend[39m
                  [33mclass[39m=[32m"css-1whs34k-MuiNotchedOutlined-root"[39m
                [36m>[39m
                  [36m<span[39m
                    [33mclass[39m=[32m"notranslate"[39m
                  [36m>[39m
                    [0m​[0m
                  [36m</span>[39m
                [36m</legend>[39m
              [36m</fieldset>[39m
            [36m</div>[39m
          [36m</div>[39m
        [36m</div>[39m
        [36m<div[39m
          [33mclass[39m=[32m"MuiGrid-root MuiGrid-item MuiGrid-grid-xs-12 MuiGrid-grid-sm-6 MuiGrid-grid-md-3 css-10voxkt-MuiGrid-root"[39m
        [36m>[39m
          [36m<div[39m
            [33mclass[39m=[32m"MuiFormControl-root MuiFormControl-fullWidth css-q8hpuo-MuiFormControl-root"[39m
          [36m>[39m
            [36m<label[39m
              [33mclass[39m=[32m"MuiFormLabel-root MuiInputLabel-root MuiInputLabel-formControl MuiInputLabel-animated MuiInputLabel-shrink MuiInputLabel-sizeSmall MuiInputLabel-outlined MuiFormLabel-colorPrimary MuiFormLabel-filled MuiInputLabel-root MuiInputLabel-formControl MuiInputLabel-animated MuiInputLabel-shrink MuiInputLabel-sizeSmall MuiInputLabel-outlined css-fe0mau-MuiFormLabel-root-MuiInputLabel-root"[39m
              [33mdata-shrink[39m=[32m"true"[39m
            [36m>[39m
              [0mStatus[0m
            [36m</label>[39m
            [36m<div[39m
              [33mclass[39m=[32m"MuiInputBase-root MuiOutlinedInput-root MuiInputBase-colorPrimary MuiInputBase-formControl MuiInputBase-sizeSmall css-13lg1x7-MuiInputBase-root-MuiOutlinedInput-root-MuiSelect-root"[39m
            [36m>[39m
              [36m<div[39m
                [33maria-controls[39m=[32m":ru:"[39m
                [33maria-expanded[39m=[32m"false"[39m
                [33maria-haspopup[39m=[32m"listbox"[39m
                [33mclass[39m=[32m"MuiSelect-select MuiSelect-outlined MuiInputBase-input MuiOutlinedInput-input MuiInputBase-inputSizeSmall css-1fzjff4-MuiSelect-select-MuiInputBase-input-MuiOutlinedInput-input"[39m
                [33mrole[39m=[32m"combobox"[39m
                [33mtabindex[39m=[32m"0"[39m
              [36m>[39m
                [0mAll Statuses[0m
              [36m</div>[39m
              [36m<input[39m
                [33maria-hidden[39m=[32m"true"[39m
                [33maria-invalid[39m=[32m"false"[39m
                [33mclass[39m=[32m"MuiSelect-nativeInput css-yf8vq0-MuiSelect-nativeInput"[39m
                [33mtabindex[39m=[32m"-1"[39m
                [33mvalue[39m=[32m"all"[39m
              [36m/>[39m
              [36m<svg[39m
                [33maria-hidden[39m=[32m"true"[39m
                [33mclass[39m=[32m"MuiSvgIcon-root MuiSvgIcon-fontSizeMedium MuiSelect-icon MuiSelect-iconOutlined css-hfutr2-MuiSvgIcon-root-MuiSelect-icon"[39m
                [33mdata-testid[39m=[32m"ArrowDropDownIcon"[39m
                [33mfocusable[39m=[32m"false"[39m
                [33mviewBox[39m=[32m"0 0 24 24"[39m
              [36m>[39m
                [36m<path[39m
                  [33md[39m=[32m"M7 10l5 5 5-5z"[39m
                [36m/>[39m
              [36m</svg>[39m
              [36m<fieldset[39m
                [33maria-hidden[39m=[32m"true"[39m
   ...

Ignored nodes: comments, script, style
[36m<html>[39m
  [36m<head />[39m
  [36m<body[39m
    [33mstyle[39m=[32m""[39m
  [36m>[39m
    [36m<div>[39m
      [36m<div[39m
        [33mclass[39m=[32m"MuiBox-root css-0"[39m
      [36m>[39m
        [36m<div[39m
          [33mclass[39m=[32m"MuiBox-root css-i3pbo"[39m
        [36m>[39m
          [36m<h5[39m
            [33mclass[39m=[32m"MuiTypography-root MuiTypography-h5 MuiTypography-gutterBottom css-1hkf4sh-MuiTypography-root"[39m
          [36m>[39m
            [0mPayment History[0m
          [36m</h5>[39m
          [36m<p[39m
            [33mclass[39m=[32m"MuiTypography-root MuiTypography-body2 css-xtz2xu-MuiTypography-root"[39m
          [36m>[39m
            [0m1[0m
            [0m payment[0m
            [0m found[0m
          [36m</p>[39m
        [36m</div>[39m
        [36m<div[39m
          [33mclass[39m=[32m"MuiGrid-root MuiGrid-container MuiGrid-spacing-xs-2 css-12rc5ck-MuiGrid-root"[39m
        [36m>[39m
          [36m<div[39m
            [33mclass[39m=[32m"MuiGrid-root MuiGrid-item MuiGrid-grid-xs-12 MuiGrid-grid-sm-6 MuiGrid-grid-md-3 css-10voxkt-MuiGrid-root"[39m
          [36m>[39m
            [36m<div[39m
              [33mclass[39m=[32m"MuiFormControl-root MuiFormControl-fullWidth MuiTextField-root css-18hear-MuiFormControl-root-MuiTextField-root"[39m
            [36m>[39m
              [36m<div[39m
                [33mclass[39m=[32m"MuiInputBase-root MuiOutlinedInput-root MuiInputBase-colorPrimary MuiInputBase-fullWidth MuiInputBase-formControl MuiInputBase-sizeSmall MuiInputBase-adornedStart css-1cj7mpt-MuiInputBase-root-MuiOutlinedInput-root"[39m
              [36m>[39m
                [36m<div[39m
                  [33mclass[39m=[32m"MuiInputAdornment-root MuiInputAdornment-positionStart MuiInputAdornment-outlined MuiInputAdornment-sizeSmall css-ittuaa-MuiInputAdornment-root"[39m
                [36m>[39m
                  [36m<span[39m
                    [33mclass[39m=[32m"notranslate"[39m
                  [36m>[39m
                    [0m​[0m
                  [36m</span>[39m
                  [36m<svg[39m
                    [33maria-hidden[39m=[32m"true"[39m
                    [33mclass[39m=[32m"MuiSvgIcon-root MuiSvgIcon-fontSizeMedium css-i4bv87-MuiSvgIcon-root"[39m
                    [33mdata-testid[39m=[32m"SearchIcon"[39m
                    [33mfocusable[39m=[32m"false"[39m
                    [33mviewBox[39m=[32m"0 0 24 24"[39m
                  [36m>[39m
                    [36m<path[39m
                      [33md[39m=[32m"M15.5 14h-.79l-.28-.27C15.41 12.59 16 11.11 16 9.5 16 5.91 13.09 3 9.5 3S3 5.91 3 9.5 5.91 16 9.5 16c1.61 0 3.09-.59 4.23-1.57l.27.28v.79l5 4.99L20.49 19zm-6 0C7.01 14 5 11.99 5 9.5S7.01 5 9.5 5 14 7.01 14 9.5 11.99 14 9.5 14"[39m
                    [36m/>[39m
                  [36m</svg>[39m
                [36m</div>[39m
                [36m<input[39m
                  [33maria-invalid[39m=[32m"false"[39m
                  [33mclass[39m=[32m"MuiInputBase-input MuiOutlinedInput-input MuiInputBase-inputSizeSmall MuiInputBase-inputAdornedStart css-1ua80n0-MuiInputBase-input-MuiOutlinedInput-input"[39m
                  [33mid[39m=[32m":rt:"[39m
                  [33mplaceholder[39m=[32m"Search payments..."[39m
                  [33mtype[39m=[32m"text"[39m
                  [33mvalue[39m=[32m""[39m
                [36m/>[39m
                [36m<fieldset[39m
                  [33maria-hidden[39m=[32m"true"[39m
                  [33mclass[39m=[32m"MuiOutlinedInput-notchedOutline css-r01yff-MuiNotchedOutlined-root-MuiOutlinedInput-notchedOutline"[39m
                [36m>[39m
                  [36m<legend[39m
                    [33mclass[39m=[32m"css-1whs34k-MuiNotchedOutlined-root"[39m
                  [36m>[39m
                    [36m<span[39m
                      [33mclass[39m=[32m"notranslate"[39m
                    [36m>[39m
                      [0m​[0m
                    [36m</span>[39m
                  [36m</legend>[39m
                [36m</fieldset>[39m
              [36m</div>[39m
            [36m</div>[39m
          [36m</div>[39m
          [36m<div[39m
            [33mclass[39m=[32m"MuiGrid-root MuiGrid-item MuiGrid-grid-xs-12 MuiGrid-grid-sm-6 MuiGrid-grid-md-3 css-10voxkt-MuiGrid-root"[39m
          [36m>[39m
            [36m<div[39m
              [33mclass[39m=[32m"MuiFormControl-root MuiFormControl-fullWidth css-q8hpuo-MuiFormControl-root"[39m
            [36m>[39m
              [36m<label[39m
                [33mclass[39m=[32m"MuiFormLabel-root MuiInputLabel-root MuiInputLabel-formControl MuiInputLabel-animated MuiInputLabel-shrink MuiInputLabel-sizeSmall MuiInputLabel-outlined MuiFormLabel-colorPrimary MuiFormLabel-filled MuiInputLabel-root MuiInputLabel-formControl MuiInputLabel-animated MuiInputLabel-shrink MuiInputLabel-sizeSmall MuiInputLabel-outlined css-fe0mau-MuiFormLabel-root-MuiInputLabel-root"[39m
                [33mdata-shrink[39m=[32m"true"[39m
              [36m>[39m
                [0mStatus[0m
              [36m</label>[39m
              [36m<div[39m
                [33mclass[39m=[32m"MuiInputBase-root MuiOutlinedInput-root MuiInputBase-colorPrimary MuiInputBase-formControl MuiInputBase-sizeSmall css-13lg1x7-MuiInputBase-root-MuiOutlinedInput-root-MuiSelect-root"[39m
              [36m>[39m
                [36m<div[39m
                  [33maria-controls[39m=[32m":ru:"[39m
                  [33maria-expanded[39m=[32m"false"[39m
                  [33maria-haspopup[39m=[32m"listbox"[39m
                  [33mclass[39m=[32m"MuiSelect-select MuiSelect-outlined MuiInputBase-input MuiOutlinedInput-input MuiInputBase-inputSizeSmall css-1fzjff4-MuiSelect-select-MuiInputBase-input-MuiOutlinedInput-input"[39m
                  [33mrole[39m=[32m"combobox"[39m
                  [33mtabindex[39m=[32m"0"[39m
                [36m>[39m
                  [0mAll Statuses[0m
                [36m</div>[39m
                [36m<input[39m
                  [33maria-hidden[39m=[32m"true"[39m
                  [33maria-invalid[39m=[32m"false"[39m
                  [33mclass[39m=[32m"MuiSelect-nativeInput css-yf8vq0-MuiSelect-nativeInput"[39m
                  [33mtabindex[39m=[32m"-1"[39m
                  [33mvalue[39m=[32m"all"[39m
                [36m/>[39m
                [36m<svg[39m
                  [33maria-hidden[39m=[32m"true"[39m
                  [33mclass[39m=[32m"MuiSvgIcon-root MuiSvgIcon-fontSizeMedium MuiSelect-icon MuiSelect-iconOutlined css-hfutr2-MuiSvgIcon-root-MuiSelect-icon"[39m
                  [33mdata-testid[39m=[32m"ArrowDropDownIcon"[39m
                  [33mfocusable[39m=[32m"false"[39m
                  [33mviewBox[39m=[32m"0 0 24 24...
 ❯ Proxy.waitForWrapper node_modules/@testing-library/react/node_modules/@testing-library/dom/dist/wait-for.js:163:27
 ❯ src/test/payment.test.tsx:462:11
    460|     );
    461| 
    462|     await waitFor(() => {
       |           ^
    463|       expect(screen.getByText('Payout Management')).toBeInTheDocument(…
    464|       expect(screen.getByText('Available Balance')).toBeInTheDocument(…

⎯⎯⎯⎯⎯⎯⎯⎯⎯⎯⎯⎯⎯⎯⎯⎯⎯⎯⎯⎯⎯⎯[14/66]⎯

 FAIL  src/test/payment.test.tsx > PayoutManager > handles payout request
TestingLibraryElementError: Found multiple elements with the text: Request Payout

Here are the matching elements:

Ignored nodes: comments, script, style
[36m<h6[39m
  [33mclass[39m=[32m"MuiTypography-root MuiTypography-h6 MuiTypography-gutterBottom css-pne570-MuiTypography-root"[39m
[36m>[39m
  [0mRequest Payout[0m
[36m</h6>[39m

Ignored nodes: comments, script, style
[36m<button[39m
  [33mclass[39m=[32m"MuiButtonBase-root MuiButton-root MuiButton-contained MuiButton-containedPrimary MuiButton-sizeMedium MuiButton-containedSizeMedium MuiButton-colorPrimary MuiButton-root MuiButton-contained MuiButton-containedPrimary MuiButton-sizeMedium MuiButton-containedSizeMedium MuiButton-colorPrimary css-1od66nh-MuiButtonBase-root-MuiButton-root"[39m
  [33mtabindex[39m=[32m"0"[39m
  [33mtype[39m=[32m"button"[39m
[36m>[39m
  [36m<span[39m
    [33mclass[39m=[32m"MuiButton-icon MuiButton-startIcon MuiButton-iconSizeMedium css-gcc2o7-MuiButton-startIcon"[39m
  [36m>[39m
    [36m<svg[39m
      [33maria-hidden[39m=[32m"true"[39m
      [33mclass[39m=[32m"MuiSvgIcon-root MuiSvgIcon-fontSizeMedium css-i4bv87-MuiSvgIcon-root"[39m
      [33mdata-testid[39m=[32m"AttachMoneyIcon"[39m
      [33mfocusable[39m=[32m"false"[39m
      [33mviewBox[39m=[32m"0 0 24 24"[39m
    [36m>[39m
      [36m<path[39m
        [33md[39m=[32m"M11.8 10.9c-2.27-.59-3-1.2-3-2.15 0-1.09 1.01-1.85 2.7-1.85 1.78 0 2.44.85 2.5 2.1h2.21c-.07-1.72-1.12-3.3-3.21-3.81V3h-3v2.16c-1.94.42-3.5 1.68-3.5 3.61 0 2.31 1.91 3.46 4.7 4.13 2.5.6 3 1.48 3 2.41 0 .69-.49 1.79-2.7 1.79-2.06 0-2.87-.92-2.98-2.1h-2.2c.12 2.19 1.76 3.42 3.68 3.83V21h3v-2.15c1.95-.37 3.5-1.5 3.5-3.55 0-2.84-2.43-3.81-4.7-4.4"[39m
      [36m/>[39m
    [36m</svg>[39m
  [36m</span>[39m
  [0mRequest Payout[0m
  [36m<span[39m
    [33mclass[39m=[32m"MuiTouchRipple-root css-8je8zh-MuiTouchRipple-root"[39m
  [36m/>[39m
[36m</button>[39m

Ignored nodes: comments, script, style
[36m<h6[39m
  [33mclass[39m=[32m"MuiTypography-root MuiTypography-h6 MuiTypography-gutterBottom css-pne570-MuiTypography-root"[39m
[36m>[39m
  [0mRequest Payout[0m
[36m</h6>[39m

Ignored nodes: comments, script, style
[36m<button[39m
  [33mclass[39m=[32m"MuiButtonBase-root MuiButton-root MuiButton-contained MuiButton-containedPrimary MuiButton-sizeMedium MuiButton-containedSizeMedium MuiButton-colorPrimary MuiButton-root MuiButton-contained MuiButton-containedPrimary MuiButton-sizeMedium MuiButton-containedSizeMedium MuiButton-colorPrimary css-1od66nh-MuiButtonBase-root-MuiButton-root"[39m
  [33mtabindex[39m=[32m"0"[39m
  [33mtype[39m=[32m"button"[39m
[36m>[39m
  [36m<span[39m
    [33mclass[39m=[32m"MuiButton-icon MuiButton-startIcon MuiButton-iconSizeMedium css-gcc2o7-MuiButton-startIcon"[39m
  [36m>[39m
    [36m<svg[39m
      [33maria-hidden[39m=[32m"true"[39m
      [33mclass[39m=[32m"MuiSvgIcon-root MuiSvgIcon-fontSizeMedium css-i4bv87-MuiSvgIcon-root"[39m
      [33mdata-testid[39m=[32m"AttachMoneyIcon"[39m
      [33mfocusable[39m=[32m"false"[39m
      [33mviewBox[39m=[32m"0 0 24 24"[39m
    [36m>[39m
      [36m<path[39m
        [33md[39m=[32m"M11.8 10.9c-2.27-.59-3-1.2-3-2.15 0-1.09 1.01-1.85 2.7-1.85 1.78 0 2.44.85 2.5 2.1h2.21c-.07-1.72-1.12-3.3-3.21-3.81V3h-3v2.16c-1.94.42-3.5 1.68-3.5 3.61 0 2.31 1.91 3.46 4.7 4.13 2.5.6 3 1.48 3 2.41 0 .69-.49 1.79-2.7 1.79-2.06 0-2.87-.92-2.98-2.1h-2.2c.12 2.19 1.76 3.42 3.68 3.83V21h3v-2.15c1.95-.37 3.5-1.5 3.5-3.55 0-2.84-2.43-3.81-4.7-4.4"[39m
      [36m/>[39m
    [36m</svg>[39m
  [36m</span>[39m
  [0mRequest Payout[0m
  [36m<span[39m
    [33mclass[39m=[32m"MuiTouchRipple-root css-8je8zh-MuiTouchRipple-root"[39m
  [36m/>[39m
[36m</button>[39m

Ignored nodes: comments, script, style
[36m<h6[39m
  [33mclass[39m=[32m"MuiTypography-root MuiTypography-h6 MuiTypography-gutterBottom css-pne570-MuiTypography-root"[39m
[36m>[39m
  [0mRequest Payout[0m
[36m</h6>[39m

Ignored nodes: comments, script, style
[36m<button[39m
  [33mclass[39m=[32m"MuiButtonBase-root MuiButton-root MuiButton-contained MuiButton-containedPrimary MuiButton-sizeMedium MuiButton-containedSizeMedium MuiButton-colorPrimary MuiButton-root MuiButton-contained MuiButton-containedPrimary MuiButton-sizeMedium MuiButton-containedSizeMedium MuiButton-colorPrimary css-1od66nh-MuiButtonBase-root-MuiButton-root"[39m
  [33mtabindex[39m=[32m"0"[39m
  [33mtype[39m=[32m"button"[39m
[36m>[39m
  [36m<span[39m
    [33mclass[39m=[32m"MuiButton-icon MuiButton-startIcon MuiButton-iconSizeMedium css-gcc2o7-MuiButton-startIcon"[39m
  [36m>[39m
    [36m<svg[39m
      [33maria-hidden[39m=[32m"true"[39m
      [33mclass[39m=[32m"MuiSvgIcon-root MuiSvgIcon-fontSizeMedium css-i4bv87-MuiSvgIcon-root"[39m
      [33mdata-testid[39m=[32m"AttachMoneyIcon"[39m
      [33mfocusable[39m=[32m"false"[39m
      [33mviewBox[39m=[32m"0 0 24 24"[39m
    [36m>[39m
      [36m<path[39m
        [33md[39m=[32m"M11.8 10.9c-2.27-.59-3-1.2-3-2.15 0-1.09 1.01-1.85 2.7-1.85 1.78 0 2.44.85 2.5 2.1h2.21c-.07-1.72-1.12-3.3-3.21-3.81V3h-3v2.16c-1.94.42-3.5 1.68-3.5 3.61 0 2.31 1.91 3.46 4.7 4.13 2.5.6 3 1.48 3 2.41 0 .69-.49 1.79-2.7 1.79-2.06 0-2.87-.92-2.98-2.1h-2.2c.12 2.19 1.76 3.42 3.68 3.83V21h3v-2.15c1.95-.37 3.5-1.5 3.5-3.55 0-2.84-2.43-3.81-4.7-4.4"[39m
      [36m/>[39m
    [36m</svg>[39m
  [36m</span>[39m
  [0mRequest Payout[0m
  [36m<span[39m
    [33mclass[39m=[32m"MuiTouchRipple-root css-8je8zh-MuiTouchRipple-root"[39m
  [36m/>[39m
[36m</button>[39m

(If this is intentional, then use the `*AllBy*` variant of the query (like `queryAllByText`, `getAllByText`, or `findAllByText`)).

Ignored nodes: comments, script, style
[36m<body[39m
  [33mstyle[39m=[32m""[39m
[36m>[39m
  [36m<div>[39m
    [36m<div[39m
      [33mclass[39m=[32m"MuiBox-root css-0"[39m
    [36m>[39m
      [36m<div[39m
        [33mclass[39m=[32m"MuiBox-root css-i3pbo"[39m
      [36m>[39m
        [36m<h5[39m
          [33mclass[39m=[32m"MuiTypography-root MuiTypography-h5 MuiTypography-gutterBottom css-1hkf4sh-MuiTypography-root"[39m
        [36m>[39m
          [0mPayment History[0m
        [36m</h5>[39m
        [36m<p[39m
          [33mclass[39m=[32m"MuiTypography-root MuiTypography-body2 css-xtz2xu-MuiTypography-root"[39m
        [36m>[39m
          [0m1[0m
          [0m payment[0m
          [0m found[0m
        [36m</p>[39m
      [36m</div>[39m
      [36m<div[39m
        [33mclass[39m=[32m"MuiGrid-root MuiGrid-container MuiGrid-spacing-xs-2 css-12rc5ck-MuiGrid-root"[39m
      [36m>[39m
        [36m<div[39m
          [33mclass[39m=[32m"MuiGrid-root MuiGrid-item MuiGrid-grid-xs-12 MuiGrid-grid-sm-6 MuiGrid-grid-md-3 css-10voxkt-MuiGrid-root"[39m
        [36m>[39m
          [36m<div[39m
            [33mclass[39m=[32m"MuiFormControl-root MuiFormControl-fullWidth MuiTextField-root css-18hear-MuiFormControl-root-MuiTextField-root"[39m
          [36m>[39m
            [36m<div[39m
              [33mclass[39m=[32m"MuiInputBase-root MuiOutlinedInput-root MuiInputBase-colorPrimary MuiInputBase-fullWidth MuiInputBase-formControl MuiInputBase-sizeSmall MuiInputBase-adornedStart css-1cj7mpt-MuiInputBase-root-MuiOutlinedInput-root"[39m
            [36m>[39m
              [36m<div[39m
                [33mclass[39m=[32m"MuiInputAdornment-root MuiInputAdornment-positionStart MuiInputAdornment-outlined MuiInputAdornment-sizeSmall css-ittuaa-MuiInputAdornment-root"[39m
              [36m>[39m
                [36m<span[39m
                  [33mclass[39m=[32m"notranslate"[39m
                [36m>[39m
                  [0m​[0m
                [36m</span>[39m
                [36m<svg[39m
                  [33maria-hidden[39m=[32m"true"[39m
                  [33mclass[39m=[32m"MuiSvgIcon-root MuiSvgIcon-fontSizeMedium css-i4bv87-MuiSvgIcon-root"[39m
                  [33mdata-testid[39m=[32m"SearchIcon"[39m
                  [33mfocusable[39m=[32m"false"[39m
                  [33mviewBox[39m=[32m"0 0 24 24"[39m
                [36m>[39m
                  [36m<path[39m
                    [33md[39m=[32m"M15.5 14h-.79l-.28-.27C15.41 12.59 16 11.11 16 9.5 16 5.91 13.09 3 9.5 3S3 5.91 3 9.5 5.91 16 9.5 16c1.61 0 3.09-.59 4.23-1.57l.27.28v.79l5 4.99L20.49 19zm-6 0C7.01 14 5 11.99 5 9.5S7.01 5 9.5 5 14 7.01 14 9.5 11.99 14 9.5 14"[39m
                  [36m/>[39m
                [36m</svg>[39m
              [36m</div>[39m
              [36m<input[39m
                [33maria-invalid[39m=[32m"false"[39m
                [33mclass[39m=[32m"MuiInputBase-input MuiOutlinedInput-input MuiInputBase-inputSizeSmall MuiInputBase-inputAdornedStart css-1ua80n0-MuiInputBase-input-MuiOutlinedInput-input"[39m
                [33mid[39m=[32m":rt:"[39m
                [33mplaceholder[39m=[32m"Search payments..."[39m
                [33mtype[39m=[32m"text"[39m
                [33mvalue[39m=[32m""[39m
              [36m/>[39m
              [36m<fieldset[39m
                [33maria-hidden[39m=[32m"true"[39m
                [33mclass[39m=[32m"MuiOutlinedInput-notchedOutline css-r01yff-MuiNotchedOutlined-root-MuiOutlinedInput-notchedOutline"[39m
              [36m>[39m
                [36m<legend[39m
                  [33mclass[39m=[32m"css-1whs34k-MuiNotchedOutlined-root"[39m
                [36m>[39m
                  [36m<span[39m
                    [33mclass[39m=[32m"notranslate"[39m
                  [36m>[39m
                    [0m​[0m
                  [36m</span>[39m
                [36m</legend>[39m
              [36m</fieldset>[39m
            [36m</div>[39m
          [36m</div>[39m
        [36m</div>[39m
        [36m<div[39m
          [33mclass[39m=[32m"MuiGrid-root MuiGrid-item MuiGrid-grid-xs-12 MuiGrid-grid-sm-6 MuiGrid-grid-md-3 css-10voxkt-MuiGrid-root"[39m
        [36m>[39m
          [36m<div[39m
            [33mclass[39m=[32m"MuiFormControl-root MuiFormControl-fullWidth css-q8hpuo-MuiFormControl-root"[39m
          [36m>[39m
            [36m<label[39m
              [33mclass[39m=[32m"MuiFormLabel-root MuiInputLabel-root MuiInputLabel-formControl MuiInputLabel-animated MuiInputLabel-shrink MuiInputLabel-sizeSmall MuiInputLabel-outlined MuiFormLabel-colorPrimary MuiFormLabel-filled MuiInputLabel-root MuiInputLabel-formControl MuiInputLabel-animated MuiInputLabel-shrink MuiInputLabel-sizeSmall MuiInputLabel-outlined css-fe0mau-MuiFormLabel-root-MuiInputLabel-root"[39m
              [33mdata-shrink[39m=[32m"true"[39m
            [36m>[39m
              [0mStatus[0m
            [36m</label>[39m
            [36m<div[39m
              [33mclass[39m=[32m"MuiInputBase-root MuiOutlinedInput-root MuiInputBase-colorPrimary MuiInputBase-formControl MuiInputBase-sizeSmall css-13lg1x7-MuiInputBase-root-MuiOutlinedInput-root-MuiSelect-root"[39m
            [36m>[39m
              [36m<div[39m
                [33maria-controls[39m=[32m":ru:"[39m
                [33maria-expanded[39m=[32m"false"[39m
                [33maria-haspopup[39m=[32m"listbox"[39m
                [33mclass[39m=[32m"MuiSelect-select MuiSelect-outlined MuiInputBase-input MuiOutlinedInput-input MuiInputBase-inputSizeSmall css-1fzjff4-MuiSelect-select-MuiInputBase-input-MuiOutlinedInput-input"[39m
                [33mrole[39m=[32m"combobox"[39m
                [33mtabindex[39m=[32m"0"[39m
              [36m>[39m
                [0mAll Statuses[0m
              [36m</div>[39m
              [36m<input[39m
                [33maria-hidden[39m=[32m"true"[39m
                [33maria-invalid[39m=[32m"false"[39m
                [33mclass[39m=[32m"MuiSelect-nativeInput css-yf8vq0-MuiSelect-nativeInput"[39m
                [33mtabindex[39m=[32m"-1"[39m
                [33mvalue[39m=[32m"all"[39m
              [36m/>[39m
              [36m<svg[39m
                [33maria-hidden[39m=[32m"true"[39m
                [33mclass[39m=[32m"MuiSvgIcon-root MuiSvgIcon-fontSizeMedium MuiSelect-icon MuiSelect-iconOutlined css-hfutr2-MuiSvgIcon-root-MuiSelect-icon"[39m
                [33mdata-testid[39m=[32m"ArrowDropDownIcon"[39m
                [33mfocusable[39m=[32m"false"[39m
                [33mviewBox[39m=[32m"0 0 24 24"[39m
              [36m>[39m
                [36m<path[39m
                  [33md[39m=[32m"M7 10l5 5 5-5z"[39m
                [36m/>[39m
              [36m</svg>[39m
              [36m<fieldset[39m
                [33maria-hidden[39m=[32m"true"[39m
   ...

Ignored nodes: comments, script, style
[36m<html>[39m
  [36m<head />[39m
  [36m<body[39m
    [33mstyle[39m=[32m""[39m
  [36m>[39m
    [36m<div>[39m
      [36m<div[39m
        [33mclass[39m=[32m"MuiBox-root css-0"[39m
      [36m>[39m
        [36m<div[39m
          [33mclass[39m=[32m"MuiBox-root css-i3pbo"[39m
        [36m>[39m
          [36m<h5[39m
            [33mclass[39m=[32m"MuiTypography-root MuiTypography-h5 MuiTypography-gutterBottom css-1hkf4sh-MuiTypography-root"[39m
          [36m>[39m
            [0mPayment History[0m
          [36m</h5>[39m
          [36m<p[39m
            [33mclass[39m=[32m"MuiTypography-root MuiTypography-body2 css-xtz2xu-MuiTypography-root"[39m
          [36m>[39m
            [0m1[0m
            [0m payment[0m
            [0m found[0m
          [36m</p>[39m
        [36m</div>[39m
        [36m<div[39m
          [33mclass[39m=[32m"MuiGrid-root MuiGrid-container MuiGrid-spacing-xs-2 css-12rc5ck-MuiGrid-root"[39m
        [36m>[39m
          [36m<div[39m
            [33mclass[39m=[32m"MuiGrid-root MuiGrid-item MuiGrid-grid-xs-12 MuiGrid-grid-sm-6 MuiGrid-grid-md-3 css-10voxkt-MuiGrid-root"[39m
          [36m>[39m
            [36m<div[39m
              [33mclass[39m=[32m"MuiFormControl-root MuiFormControl-fullWidth MuiTextField-root css-18hear-MuiFormControl-root-MuiTextField-root"[39m
            [36m>[39m
              [36m<div[39m
                [33mclass[39m=[32m"MuiInputBase-root MuiOutlinedInput-root MuiInputBase-colorPrimary MuiInputBase-fullWidth MuiInputBase-formControl MuiInputBase-sizeSmall MuiInputBase-adornedStart css-1cj7mpt-MuiInputBase-root-MuiOutlinedInput-root"[39m
              [36m>[39m
                [36m<div[39m
                  [33mclass[39m=[32m"MuiInputAdornment-root MuiInputAdornment-positionStart MuiInputAdornment-outlined MuiInputAdornment-sizeSmall css-ittuaa-MuiInputAdornment-root"[39m
                [36m>[39m
                  [36m<span[39m
                    [33mclass[39m=[32m"notranslate"[39m
                  [36m>[39m
                    [0m​[0m
                  [36m</span>[39m
                  [36m<svg[39m
                    [33maria-hidden[39m=[32m"true"[39m
                    [33mclass[39m=[32m"MuiSvgIcon-root MuiSvgIcon-fontSizeMedium css-i4bv87-MuiSvgIcon-root"[39m
                    [33mdata-testid[39m=[32m"SearchIcon"[39m
                    [33mfocusable[39m=[32m"false"[39m
                    [33mviewBox[39m=[32m"0 0 24 24"[39m
                  [36m>[39m
                    [36m<path[39m
                      [33md[39m=[32m"M15.5 14h-.79l-.28-.27C15.41 12.59 16 11.11 16 9.5 16 5.91 13.09 3 9.5 3S3 5.91 3 9.5 5.91 16 9.5 16c1.61 0 3.09-.59 4.23-1.57l.27.28v.79l5 4.99L20.49 19zm-6 0C7.01 14 5 11.99 5 9.5S7.01 5 9.5 5 14 7.01 14 9.5 11.99 14 9.5 14"[39m
                    [36m/>[39m
                  [36m</svg>[39m
                [36m</div>[39m
                [36m<input[39m
                  [33maria-invalid[39m=[32m"false"[39m
                  [33mclass[39m=[32m"MuiInputBase-input MuiOutlinedInput-input MuiInputBase-inputSizeSmall MuiInputBase-inputAdornedStart css-1ua80n0-MuiInputBase-input-MuiOutlinedInput-input"[39m
                  [33mid[39m=[32m":rt:"[39m
                  [33mplaceholder[39m=[32m"Search payments..."[39m
                  [33mtype[39m=[32m"text"[39m
                  [33mvalue[39m=[32m""[39m
                [36m/>[39m
                [36m<fieldset[39m
                  [33maria-hidden[39m=[32m"true"[39m
                  [33mclass[39m=[32m"MuiOutlinedInput-notchedOutline css-r01yff-MuiNotchedOutlined-root-MuiOutlinedInput-notchedOutline"[39m
                [36m>[39m
                  [36m<legend[39m
                    [33mclass[39m=[32m"css-1whs34k-MuiNotchedOutlined-root"[39m
                  [36m>[39m
                    [36m<span[39m
                      [33mclass[39m=[32m"notranslate"[39m
                    [36m>[39m
                      [0m​[0m
                    [36m</span>[39m
                  [36m</legend>[39m
                [36m</fieldset>[39m
              [36m</div>[39m
            [36m</div>[39m
          [36m</div>[39m
          [36m<div[39m
            [33mclass[39m=[32m"MuiGrid-root MuiGrid-item MuiGrid-grid-xs-12 MuiGrid-grid-sm-6 MuiGrid-grid-md-3 css-10voxkt-MuiGrid-root"[39m
          [36m>[39m
            [36m<div[39m
              [33mclass[39m=[32m"MuiFormControl-root MuiFormControl-fullWidth css-q8hpuo-MuiFormControl-root"[39m
            [36m>[39m
              [36m<label[39m
                [33mclass[39m=[32m"MuiFormLabel-root MuiInputLabel-root MuiInputLabel-formControl MuiInputLabel-animated MuiInputLabel-shrink MuiInputLabel-sizeSmall MuiInputLabel-outlined MuiFormLabel-colorPrimary MuiFormLabel-filled MuiInputLabel-root MuiInputLabel-formControl MuiInputLabel-animated MuiInputLabel-shrink MuiInputLabel-sizeSmall MuiInputLabel-outlined css-fe0mau-MuiFormLabel-root-MuiInputLabel-root"[39m
                [33mdata-shrink[39m=[32m"true"[39m
              [36m>[39m
                [0mStatus[0m
              [36m</label>[39m
              [36m<div[39m
                [33mclass[39m=[32m"MuiInputBase-root MuiOutlinedInput-root MuiInputBase-colorPrimary MuiInputBase-formControl MuiInputBase-sizeSmall css-13lg1x7-MuiInputBase-root-MuiOutlinedInput-root-MuiSelect-root"[39m
              [36m>[39m
                [36m<div[39m
                  [33maria-controls[39m=[32m":ru:"[39m
                  [33maria-expanded[39m=[32m"false"[39m
                  [33maria-haspopup[39m=[32m"listbox"[39m
                  [33mclass[39m=[32m"MuiSelect-select MuiSelect-outlined MuiInputBase-input MuiOutlinedInput-input MuiInputBase-inputSizeSmall css-1fzjff4-MuiSelect-select-MuiInputBase-input-MuiOutlinedInput-input"[39m
                  [33mrole[39m=[32m"combobox"[39m
                  [33mtabindex[39m=[32m"0"[39m
                [36m>[39m
                  [0mAll Statuses[0m
                [36m</div>[39m
                [36m<input[39m
                  [33maria-hidden[39m=[32m"true"[39m
                  [33maria-invalid[39m=[32m"false"[39m
                  [33mclass[39m=[32m"MuiSelect-nativeInput css-yf8vq0-MuiSelect-nativeInput"[39m
                  [33mtabindex[39m=[32m"-1"[39m
                  [33mvalue[39m=[32m"all"[39m
                [36m/>[39m
                [36m<svg[39m
                  [33maria-hidden[39m=[32m"true"[39m
                  [33mclass[39m=[32m"MuiSvgIcon-root MuiSvgIcon-fontSizeMedium MuiSelect-icon MuiSelect-iconOutlined css-hfutr2-MuiSvgIcon-root-MuiSelect-icon"[39m
                  [33mdata-testid[39m=[32m"ArrowDropDownIcon"[39m
                  [33mfocusable[39m=[32m"false"[39m
                  [33mviewBox[39m=[32m"0 0 24 24...
 ❯ Proxy.waitForWrapper node_modules/@testing-library/react/node_modules/@testing-library/dom/dist/wait-for.js:163:27
 ❯ src/test/payment.test.tsx:501:11
    499|     );
    500| 
    501|     await waitFor(() => {
       |           ^
    502|       expect(screen.getByText('Request Payout')).toBeInTheDocument();
    503|     });

⎯⎯⎯⎯⎯⎯⎯⎯⎯⎯⎯⎯⎯⎯⎯⎯⎯⎯⎯⎯⎯⎯[15/66]⎯

 FAIL  src/test/payment.test.tsx > PayoutManager > shows minimum payout warning
TestingLibraryElementError: Found multiple elements with the text: Request Payout

Here are the matching elements:

Ignored nodes: comments, script, style
[36m<h6[39m
  [33mclass[39m=[32m"MuiTypography-root MuiTypography-h6 MuiTypography-gutterBottom css-pne570-MuiTypography-root"[39m
[36m>[39m
  [0mRequest Payout[0m
[36m</h6>[39m

Ignored nodes: comments, script, style
[36m<button[39m
  [33mclass[39m=[32m"MuiButtonBase-root MuiButton-root MuiButton-contained MuiButton-containedPrimary MuiButton-sizeMedium MuiButton-containedSizeMedium MuiButton-colorPrimary MuiButton-root MuiButton-contained MuiButton-containedPrimary MuiButton-sizeMedium MuiButton-containedSizeMedium MuiButton-colorPrimary css-1od66nh-MuiButtonBase-root-MuiButton-root"[39m
  [33mtabindex[39m=[32m"0"[39m
  [33mtype[39m=[32m"button"[39m
[36m>[39m
  [36m<span[39m
    [33mclass[39m=[32m"MuiButton-icon MuiButton-startIcon MuiButton-iconSizeMedium css-gcc2o7-MuiButton-startIcon"[39m
  [36m>[39m
    [36m<svg[39m
      [33maria-hidden[39m=[32m"true"[39m
      [33mclass[39m=[32m"MuiSvgIcon-root MuiSvgIcon-fontSizeMedium css-i4bv87-MuiSvgIcon-root"[39m
      [33mdata-testid[39m=[32m"AttachMoneyIcon"[39m
      [33mfocusable[39m=[32m"false"[39m
      [33mviewBox[39m=[32m"0 0 24 24"[39m
    [36m>[39m
      [36m<path[39m
        [33md[39m=[32m"M11.8 10.9c-2.27-.59-3-1.2-3-2.15 0-1.09 1.01-1.85 2.7-1.85 1.78 0 2.44.85 2.5 2.1h2.21c-.07-1.72-1.12-3.3-3.21-3.81V3h-3v2.16c-1.94.42-3.5 1.68-3.5 3.61 0 2.31 1.91 3.46 4.7 4.13 2.5.6 3 1.48 3 2.41 0 .69-.49 1.79-2.7 1.79-2.06 0-2.87-.92-2.98-2.1h-2.2c.12 2.19 1.76 3.42 3.68 3.83V21h3v-2.15c1.95-.37 3.5-1.5 3.5-3.55 0-2.84-2.43-3.81-4.7-4.4"[39m
      [36m/>[39m
    [36m</svg>[39m
  [36m</span>[39m
  [0mRequest Payout[0m
  [36m<span[39m
    [33mclass[39m=[32m"MuiTouchRipple-root css-8je8zh-MuiTouchRipple-root"[39m
  [36m/>[39m
[36m</button>[39m

Ignored nodes: comments, script, style
[36m<h6[39m
  [33mclass[39m=[32m"MuiTypography-root MuiTypography-h6 MuiTypography-gutterBottom css-pne570-MuiTypography-root"[39m
[36m>[39m
  [0mRequest Payout[0m
[36m</h6>[39m

Ignored nodes: comments, script, style
[36m<button[39m
  [33mclass[39m=[32m"MuiButtonBase-root MuiButton-root MuiButton-contained MuiButton-containedPrimary MuiButton-sizeMedium MuiButton-containedSizeMedium MuiButton-colorPrimary MuiButton-root MuiButton-contained MuiButton-containedPrimary MuiButton-sizeMedium MuiButton-containedSizeMedium MuiButton-colorPrimary css-1od66nh-MuiButtonBase-root-MuiButton-root"[39m
  [33mtabindex[39m=[32m"0"[39m
  [33mtype[39m=[32m"button"[39m
[36m>[39m
  [36m<span[39m
    [33mclass[39m=[32m"MuiButton-icon MuiButton-startIcon MuiButton-iconSizeMedium css-gcc2o7-MuiButton-startIcon"[39m
  [36m>[39m
    [36m<svg[39m
      [33maria-hidden[39m=[32m"true"[39m
      [33mclass[39m=[32m"MuiSvgIcon-root MuiSvgIcon-fontSizeMedium css-i4bv87-MuiSvgIcon-root"[39m
      [33mdata-testid[39m=[32m"AttachMoneyIcon"[39m
      [33mfocusable[39m=[32m"false"[39m
      [33mviewBox[39m=[32m"0 0 24 24"[39m
    [36m>[39m
      [36m<path[39m
        [33md[39m=[32m"M11.8 10.9c-2.27-.59-3-1.2-3-2.15 0-1.09 1.01-1.85 2.7-1.85 1.78 0 2.44.85 2.5 2.1h2.21c-.07-1.72-1.12-3.3-3.21-3.81V3h-3v2.16c-1.94.42-3.5 1.68-3.5 3.61 0 2.31 1.91 3.46 4.7 4.13 2.5.6 3 1.48 3 2.41 0 .69-.49 1.79-2.7 1.79-2.06 0-2.87-.92-2.98-2.1h-2.2c.12 2.19 1.76 3.42 3.68 3.83V21h3v-2.15c1.95-.37 3.5-1.5 3.5-3.55 0-2.84-2.43-3.81-4.7-4.4"[39m
      [36m/>[39m
    [36m</svg>[39m
  [36m</span>[39m
  [0mRequest Payout[0m
  [36m<span[39m
    [33mclass[39m=[32m"MuiTouchRipple-root css-8je8zh-MuiTouchRipple-root"[39m
  [36m/>[39m
[36m</button>[39m

Ignored nodes: comments, script, style
[36m<h6[39m
  [33mclass[39m=[32m"MuiTypography-root MuiTypography-h6 MuiTypography-gutterBottom css-pne570-MuiTypography-root"[39m
[36m>[39m
  [0mRequest Payout[0m
[36m</h6>[39m

Ignored nodes: comments, script, style
[36m<button[39m
  [33mclass[39m=[32m"MuiButtonBase-root MuiButton-root MuiButton-contained MuiButton-containedPrimary MuiButton-sizeMedium MuiButton-containedSizeMedium MuiButton-colorPrimary MuiButton-root MuiButton-contained MuiButton-containedPrimary MuiButton-sizeMedium MuiButton-containedSizeMedium MuiButton-colorPrimary css-1od66nh-MuiButtonBase-root-MuiButton-root"[39m
  [33mtabindex[39m=[32m"0"[39m
  [33mtype[39m=[32m"button"[39m
[36m>[39m
  [36m<span[39m
    [33mclass[39m=[32m"MuiButton-icon MuiButton-startIcon MuiButton-iconSizeMedium css-gcc2o7-MuiButton-startIcon"[39m
  [36m>[39m
    [36m<svg[39m
      [33maria-hidden[39m=[32m"true"[39m
      [33mclass[39m=[32m"MuiSvgIcon-root MuiSvgIcon-fontSizeMedium css-i4bv87-MuiSvgIcon-root"[39m
      [33mdata-testid[39m=[32m"AttachMoneyIcon"[39m
      [33mfocusable[39m=[32m"false"[39m
      [33mviewBox[39m=[32m"0 0 24 24"[39m
    [36m>[39m
      [36m<path[39m
        [33md[39m=[32m"M11.8 10.9c-2.27-.59-3-1.2-3-2.15 0-1.09 1.01-1.85 2.7-1.85 1.78 0 2.44.85 2.5 2.1h2.21c-.07-1.72-1.12-3.3-3.21-3.81V3h-3v2.16c-1.94.42-3.5 1.68-3.5 3.61 0 2.31 1.91 3.46 4.7 4.13 2.5.6 3 1.48 3 2.41 0 .69-.49 1.79-2.7 1.79-2.06 0-2.87-.92-2.98-2.1h-2.2c.12 2.19 1.76 3.42 3.68 3.83V21h3v-2.15c1.95-.37 3.5-1.5 3.5-3.55 0-2.84-2.43-3.81-4.7-4.4"[39m
      [36m/>[39m
    [36m</svg>[39m
  [36m</span>[39m
  [0mRequest Payout[0m
  [36m<span[39m
    [33mclass[39m=[32m"MuiTouchRipple-root css-8je8zh-MuiTouchRipple-root"[39m
  [36m/>[39m
[36m</button>[39m

Ignored nodes: comments, script, style
[36m<h6[39m
  [33mclass[39m=[32m"MuiTypography-root MuiTypography-h6 MuiTypography-gutterBottom css-pne570-MuiTypography-root"[39m
[36m>[39m
  [0mRequest Payout[0m
[36m</h6>[39m

Ignored nodes: comments, script, style
[36m<button[39m
  [33mclass[39m=[32m"MuiButtonBase-root MuiButton-root MuiButton-contained MuiButton-containedPrimary MuiButton-sizeMedium MuiButton-containedSizeMedium MuiButton-colorPrimary Mui-disabled MuiButton-root MuiButton-contained MuiButton-containedPrimary MuiButton-sizeMedium MuiButton-containedSizeMedium MuiButton-colorPrimary css-1od66nh-MuiButtonBase-root-MuiButton-root"[39m
  [33mdisabled[39m=[32m""[39m
  [33mtabindex[39m=[32m"-1"[39m
  [33mtype[39m=[32m"button"[39m
[36m>[39m
  [36m<span[39m
    [33mclass[39m=[32m"MuiButton-icon MuiButton-startIcon MuiButton-iconSizeMedium css-gcc2o7-MuiButton-startIcon"[39m
  [36m>[39m
    [36m<svg[39m
      [33maria-hidden[39m=[32m"true"[39m
      [33mclass[39m=[32m"MuiSvgIcon-root MuiSvgIcon-fontSizeMedium css-i4bv87-MuiSvgIcon-root"[39m
      [33mdata-testid[39m=[32m"AttachMoneyIcon"[39m
      [33mfocusable[39m=[32m"false"[39m
      [33mviewBox[39m=[32m"0 0 24 24"[39m
    [36m>[39m
      [36m<path[39m
        [33md[39m=[32m"M11.8 10.9c-2.27-.59-3-1.2-3-2.15 0-1.09 1.01-1.85 2.7-1.85 1.78 0 2.44.85 2.5 2.1h2.21c-.07-1.72-1.12-3.3-3.21-3.81V3h-3v2.16c-1.94.42-3.5 1.68-3.5 3.61 0 2.31 1.91 3.46 4.7 4.13 2.5.6 3 1.48 3 2.41 0 .69-.49 1.79-2.7 1.79-2.06 0-2.87-.92-2.98-2.1h-2.2c.12 2.19 1.76 3.42 3.68 3.83V21h3v-2.15c1.95-.37 3.5-1.5 3.5-3.55 0-2.84-2.43-3.81-4.7-4.4"[39m
      [36m/>[39m
    [36m</svg>[39m
  [36m</span>[39m
  [0mRequest Payout[0m
[36m</button>[39m

(If this is intentional, then use the `*AllBy*` variant of the query (like `queryAllByText`, `getAllByText`, or `findAllByText`)).

Ignored nodes: comments, script, style
[36m<body[39m
  [33mstyle[39m=[32m""[39m
[36m>[39m
  [36m<div>[39m
    [36m<div[39m
      [33mclass[39m=[32m"MuiBox-root css-0"[39m
    [36m>[39m
      [36m<div[39m
        [33mclass[39m=[32m"MuiBox-root css-i3pbo"[39m
      [36m>[39m
        [36m<h5[39m
          [33mclass[39m=[32m"MuiTypography-root MuiTypography-h5 MuiTypography-gutterBottom css-1hkf4sh-MuiTypography-root"[39m
        [36m>[39m
          [0mPayment History[0m
        [36m</h5>[39m
        [36m<p[39m
          [33mclass[39m=[32m"MuiTypography-root MuiTypography-body2 css-xtz2xu-MuiTypography-root"[39m
        [36m>[39m
          [0m1[0m
          [0m payment[0m
          [0m found[0m
        [36m</p>[39m
      [36m</div>[39m
      [36m<div[39m
        [33mclass[39m=[32m"MuiGrid-root MuiGrid-container MuiGrid-spacing-xs-2 css-12rc5ck-MuiGrid-root"[39m
      [36m>[39m
        [36m<div[39m
          [33mclass[39m=[32m"MuiGrid-root MuiGrid-item MuiGrid-grid-xs-12 MuiGrid-grid-sm-6 MuiGrid-grid-md-3 css-10voxkt-MuiGrid-root"[39m
        [36m>[39m
          [36m<div[39m
            [33mclass[39m=[32m"MuiFormControl-root MuiFormControl-fullWidth MuiTextField-root css-18hear-MuiFormControl-root-MuiTextField-root"[39m
          [36m>[39m
            [36m<div[39m
              [33mclass[39m=[32m"MuiInputBase-root MuiOutlinedInput-root MuiInputBase-colorPrimary MuiInputBase-fullWidth MuiInputBase-formControl MuiInputBase-sizeSmall MuiInputBase-adornedStart css-1cj7mpt-MuiInputBase-root-MuiOutlinedInput-root"[39m
            [36m>[39m
              [36m<div[39m
                [33mclass[39m=[32m"MuiInputAdornment-root MuiInputAdornment-positionStart MuiInputAdornment-outlined MuiInputAdornment-sizeSmall css-ittuaa-MuiInputAdornment-root"[39m
              [36m>[39m
                [36m<span[39m
                  [33mclass[39m=[32m"notranslate"[39m
                [36m>[39m
                  [0m​[0m
                [36m</span>[39m
                [36m<svg[39m
                  [33maria-hidden[39m=[32m"true"[39m
                  [33mclass[39m=[32m"MuiSvgIcon-root MuiSvgIcon-fontSizeMedium css-i4bv87-MuiSvgIcon-root"[39m
                  [33mdata-testid[39m=[32m"SearchIcon"[39m
                  [33mfocusable[39m=[32m"false"[39m
                  [33mviewBox[39m=[32m"0 0 24 24"[39m
                [36m>[39m
                  [36m<path[39m
                    [33md[39m=[32m"M15.5 14h-.79l-.28-.27C15.41 12.59 16 11.11 16 9.5 16 5.91 13.09 3 9.5 3S3 5.91 3 9.5 5.91 16 9.5 16c1.61 0 3.09-.59 4.23-1.57l.27.28v.79l5 4.99L20.49 19zm-6 0C7.01 14 5 11.99 5 9.5S7.01 5 9.5 5 14 7.01 14 9.5 11.99 14 9.5 14"[39m
                  [36m/>[39m
                [36m</svg>[39m
              [36m</div>[39m
              [36m<input[39m
                [33maria-invalid[39m=[32m"false"[39m
                [33mclass[39m=[32m"MuiInputBase-input MuiOutlinedInput-input MuiInputBase-inputSizeSmall MuiInputBase-inputAdornedStart css-1ua80n0-MuiInputBase-input-MuiOutlinedInput-input"[39m
                [33mid[39m=[32m":rt:"[39m
                [33mplaceholder[39m=[32m"Search payments..."[39m
                [33mtype[39m=[32m"text"[39m
                [33mvalue[39m=[32m""[39m
              [36m/>[39m
              [36m<fieldset[39m
                [33maria-hidden[39m=[32m"true"[39m
                [33mclass[39m=[32m"MuiOutlinedInput-notchedOutline css-r01yff-MuiNotchedOutlined-root-MuiOutlinedInput-notchedOutline"[39m
              [36m>[39m
                [36m<legend[39m
                  [33mclass[39m=[32m"css-1whs34k-MuiNotchedOutlined-root"[39m
                [36m>[39m
                  [36m<span[39m
                    [33mclass[39m=[32m"notranslate"[39m
                  [36m>[39m
                    [0m​[0m
                  [36m</span>[39m
                [36m</legend>[39m
              [36m</fieldset>[39m
            [36m</div>[39m
          [36m</div>[39m
        [36m</div>[39m
        [36m<div[39m
          [33mclass[39m=[32m"MuiGrid-root MuiGrid-item MuiGrid-grid-xs-12 MuiGrid-grid-sm-6 MuiGrid-grid-md-3 css-10voxkt-MuiGrid-root"[39m
        [36m>[39m
          [36m<div[39m
            [33mclass[39m=[32m"MuiFormControl-root MuiFormControl-fullWidth css-q8hpuo-MuiFormControl-root"[39m
          [36m>[39m
            [36m<label[39m
              [33mclass[39m=[32m"MuiFormLabel-root MuiInputLabel-root MuiInputLabel-formControl MuiInputLabel-animated MuiInputLabel-shrink MuiInputLabel-sizeSmall MuiInputLabel-outlined MuiFormLabel-colorPrimary MuiFormLabel-filled MuiInputLabel-root MuiInputLabel-formControl MuiInputLabel-animated MuiInputLabel-shrink MuiInputLabel-sizeSmall MuiInputLabel-outlined css-fe0mau-MuiFormLabel-root-MuiInputLabel-root"[39m
              [33mdata-shrink[39m=[32m"true"[39m
            [36m>[39m
              [0mStatus[0m
            [36m</label>[39m
            [36m<div[39m
              [33mclass[39m=[32m"MuiInputBase-root MuiOutlinedInput-root MuiInputBase-colorPrimary MuiInputBase-formControl MuiInputBase-sizeSmall css-13lg1x7-MuiInputBase-root-MuiOutlinedInput-root-MuiSelect-root"[39m
            [36m>[39m
              [36m<div[39m
                [33maria-controls[39m=[32m":ru:"[39m
                [33maria-expanded[39m=[32m"false"[39m
                [33maria-haspopup[39m=[32m"listbox"[39m
                [33mclass[39m=[32m"MuiSelect-select MuiSelect-outlined MuiInputBase-input MuiOutlinedInput-input MuiInputBase-inputSizeSmall css-1fzjff4-MuiSelect-select-MuiInputBase-input-MuiOutlinedInput-input"[39m
                [33mrole[39m=[32m"combobox"[39m
                [33mtabindex[39m=[32m"0"[39m
              [36m>[39m
                [0mAll Statuses[0m
              [36m</div>[39m
              [36m<input[39m
                [33maria-hidden[39m=[32m"true"[39m
                [33maria-invalid[39m=[32m"false"[39m
                [33mclass[39m=[32m"MuiSelect-nativeInput css-yf8vq0-MuiSelect-nativeInput"[39m
                [33mtabindex[39m=[32m"-1"[39m
                [33mvalue[39m=[32m"all"[39m
              [36m/>[39m
              [36m<svg[39m
                [33maria-hidden[39m=[32m"true"[39m
                [33mclass[39m=[32m"MuiSvgIcon-root MuiSvgIcon-fontSizeMedium MuiSelect-icon MuiSelect-iconOutlined css-hfutr2-MuiSvgIcon-root-MuiSelect-icon"[39m
                [33mdata-testid[39m=[32m"ArrowDropDownIcon"[39m
                [33mfocusable[39m=[32m"false"[39m
                [33mviewBox[39m=[32m"0 0 24 24"[39m
              [36m>[39m
                [36m<path[39m
                  [33md[39m=[32m"M7 10l5 5 5-5z"[39m
                [36m/>[39m
              [36m</svg>[39m
              [36m<fieldset[39m
                [33maria-hidden[39m=[32m"true"[39m
   ...

Ignored nodes: comments, script, style
[36m<html>[39m
  [36m<head />[39m
  [36m<body[39m
    [33mstyle[39m=[32m""[39m
  [36m>[39m
    [36m<div>[39m
      [36m<div[39m
        [33mclass[39m=[32m"MuiBox-root css-0"[39m
      [36m>[39m
        [36m<div[39m
          [33mclass[39m=[32m"MuiBox-root css-i3pbo"[39m
        [36m>[39m
          [36m<h5[39m
            [33mclass[39m=[32m"MuiTypography-root MuiTypography-h5 MuiTypography-gutterBottom css-1hkf4sh-MuiTypography-root"[39m
          [36m>[39m
            [0mPayment History[0m
          [36m</h5>[39m
          [36m<p[39m
            [33mclass[39m=[32m"MuiTypography-root MuiTypography-body2 css-xtz2xu-MuiTypography-root"[39m
          [36m>[39m
            [0m1[0m
            [0m payment[0m
            [0m found[0m
          [36m</p>[39m
        [36m</div>[39m
        [36m<div[39m
          [33mclass[39m=[32m"MuiGrid-root MuiGrid-container MuiGrid-spacing-xs-2 css-12rc5ck-MuiGrid-root"[39m
        [36m>[39m
          [36m<div[39m
            [33mclass[39m=[32m"MuiGrid-root MuiGrid-item MuiGrid-grid-xs-12 MuiGrid-grid-sm-6 MuiGrid-grid-md-3 css-10voxkt-MuiGrid-root"[39m
          [36m>[39m
            [36m<div[39m
              [33mclass[39m=[32m"MuiFormControl-root MuiFormControl-fullWidth MuiTextField-root css-18hear-MuiFormControl-root-MuiTextField-root"[39m
            [36m>[39m
              [36m<div[39m
                [33mclass[39m=[32m"MuiInputBase-root MuiOutlinedInput-root MuiInputBase-colorPrimary MuiInputBase-fullWidth MuiInputBase-formControl MuiInputBase-sizeSmall MuiInputBase-adornedStart css-1cj7mpt-MuiInputBase-root-MuiOutlinedInput-root"[39m
              [36m>[39m
                [36m<div[39m
                  [33mclass[39m=[32m"MuiInputAdornment-root MuiInputAdornment-positionStart MuiInputAdornment-outlined MuiInputAdornment-sizeSmall css-ittuaa-MuiInputAdornment-root"[39m
                [36m>[39m
                  [36m<span[39m
                    [33mclass[39m=[32m"notranslate"[39m
                  [36m>[39m
                    [0m​[0m
                  [36m</span>[39m
                  [36m<svg[39m
                    [33maria-hidden[39m=[32m"true"[39m
                    [33mclass[39m=[32m"MuiSvgIcon-root MuiSvgIcon-fontSizeMedium css-i4bv87-MuiSvgIcon-root"[39m
                    [33mdata-testid[39m=[32m"SearchIcon"[39m
                    [33mfocusable[39m=[32m"false"[39m
                    [33mviewBox[39m=[32m"0 0 24 24"[39m
                  [36m>[39m
                    [36m<path[39m
                      [33md[39m=[32m"M15.5 14h-.79l-.28-.27C15.41 12.59 16 11.11 16 9.5 16 5.91 13.09 3 9.5 3S3 5.91 3 9.5 5.91 16 9.5 16c1.61 0 3.09-.59 4.23-1.57l.27.28v.79l5 4.99L20.49 19zm-6 0C7.01 14 5 11.99 5 9.5S7.01 5 9.5 5 14 7.01 14 9.5 11.99 14 9.5 14"[39m
                    [36m/>[39m
                  [36m</svg>[39m
                [36m</div>[39m
                [36m<input[39m
                  [33maria-invalid[39m=[32m"false"[39m
                  [33mclass[39m=[32m"MuiInputBase-input MuiOutlinedInput-input MuiInputBase-inputSizeSmall MuiInputBase-inputAdornedStart css-1ua80n0-MuiInputBase-input-MuiOutlinedInput-input"[39m
                  [33mid[39m=[32m":rt:"[39m
                  [33mplaceholder[39m=[32m"Search payments..."[39m
                  [33mtype[39m=[32m"text"[39m
                  [33mvalue[39m=[32m""[39m
                [36m/>[39m
                [36m<fieldset[39m
                  [33maria-hidden[39m=[32m"true"[39m
                  [33mclass[39m=[32m"MuiOutlinedInput-notchedOutline css-r01yff-MuiNotchedOutlined-root-MuiOutlinedInput-notchedOutline"[39m
                [36m>[39m
                  [36m<legend[39m
                    [33mclass[39m=[32m"css-1whs34k-MuiNotchedOutlined-root"[39m
                  [36m>[39m
                    [36m<span[39m
                      [33mclass[39m=[32m"notranslate"[39m
                    [36m>[39m
                      [0m​[0m
                    [36m</span>[39m
                  [36m</legend>[39m
                [36m</fieldset>[39m
              [36m</div>[39m
            [36m</div>[39m
          [36m</div>[39m
          [36m<div[39m
            [33mclass[39m=[32m"MuiGrid-root MuiGrid-item MuiGrid-grid-xs-12 MuiGrid-grid-sm-6 MuiGrid-grid-md-3 css-10voxkt-MuiGrid-root"[39m
          [36m>[39m
            [36m<div[39m
              [33mclass[39m=[32m"MuiFormControl-root MuiFormControl-fullWidth css-q8hpuo-MuiFormControl-root"[39m
            [36m>[39m
              [36m<label[39m
                [33mclass[39m=[32m"MuiFormLabel-root MuiInputLabel-root MuiInputLabel-formControl MuiInputLabel-animated MuiInputLabel-shrink MuiInputLabel-sizeSmall MuiInputLabel-outlined MuiFormLabel-colorPrimary MuiFormLabel-filled MuiInputLabel-root MuiInputLabel-formControl MuiInputLabel-animated MuiInputLabel-shrink MuiInputLabel-sizeSmall MuiInputLabel-outlined css-fe0mau-MuiFormLabel-root-MuiInputLabel-root"[39m
                [33mdata-shrink[39m=[32m"true"[39m
              [36m>[39m
                [0mStatus[0m
              [36m</label>[39m
              [36m<div[39m
                [33mclass[39m=[32m"MuiInputBase-root MuiOutlinedInput-root MuiInputBase-colorPrimary MuiInputBase-formControl MuiInputBase-sizeSmall css-13lg1x7-MuiInputBase-root-MuiOutlinedInput-root-MuiSelect-root"[39m
              [36m>[39m
                [36m<div[39m
                  [33maria-controls[39m=[32m":ru:"[39m
                  [33maria-expanded[39m=[32m"false"[39m
                  [33maria-haspopup[39m=[32m"listbox"[39m
                  [33mclass[39m=[32m"MuiSelect-select MuiSelect-outlined MuiInputBase-input MuiOutlinedInput-input MuiInputBase-inputSizeSmall css-1fzjff4-MuiSelect-select-MuiInputBase-input-MuiOutlinedInput-input"[39m
                  [33mrole[39m=[32m"combobox"[39m
                  [33mtabindex[39m=[32m"0"[39m
                [36m>[39m
                  [0mAll Statuses[0m
                [36m</div>[39m
                [36m<input[39m
                  [33maria-hidden[39m=[32m"true"[39m
                  [33maria-invalid[39m=[32m"false"[39m
                  [33mclass[39m=[32m"MuiSelect-nativeInput css-yf8vq0-MuiSelect-nativeInput"[39m
                  [33mtabindex[39m=[32m"-1"[39m
                  [33mvalue[39m=[32m"all"[39m
                [36m/>[39m
                [36m<svg[39m
                  [33maria-hidden[39m=[32m"true"[39m
                  [33mclass[39m=[32m"MuiSvgIcon-root MuiSvgIcon-fontSizeMedium MuiSelect-icon MuiSelect-iconOutlined css-hfutr2-MuiSvgIcon-root-MuiSelect-icon"[39m
                  [33mdata-testid[39m=[32m"ArrowDropDownIcon"[39m
                  [33mfocusable[39m=[32m"false"[39m
                  [33mviewBox[39m=[32m"0 0 24 24...
 ❯ Proxy.waitForWrapper node_modules/@testing-library/react/node_modules/@testing-library/dom/dist/wait-for.js:163:27
 ❯ src/test/payment.test.tsx:559:11
    557|     );
    558| 
    559|     await waitFor(() => {
       |           ^
    560|       expect(screen.getByText('Minimum payout amount is $10.00')).toBe…
    561|       expect(screen.getByText('Request Payout')).toBeDisabled();

⎯⎯⎯⎯⎯⎯⎯⎯⎯⎯⎯⎯⎯⎯⎯⎯⎯⎯⎯⎯⎯⎯[16/66]⎯

 FAIL  src/test/profile.test.tsx > Profile Components > ProfileHeader > renders user information correctly
TestingLibraryElementError: Found multiple elements with the text: Full Stack Developer

Here are the matching elements:

Ignored nodes: comments, script, style
[36m<p[39m
  [33mclass[39m=[32m"MuiTypography-root MuiTypography-body2 css-xtz2xu-MuiTypography-root"[39m
[36m>[39m
  [0mFull Stack Developer[0m
[36m</p>[39m

Ignored nodes: comments, script, style
[36m<p[39m
  [33mclass[39m=[32m"MuiTypography-root MuiTypography-body2 css-xtz2xu-MuiTypography-root"[39m
[36m>[39m
  [0mFull Stack Developer[0m
[36m</p>[39m

Ignored nodes: comments, script, style
[36m<p[39m
  [33mclass[39m=[32m"MuiTypography-root MuiTypography-body2 css-xtz2xu-MuiTypography-root"[39m
[36m>[39m
  [0mFull Stack Developer[0m
[36m</p>[39m

Ignored nodes: comments, script, style
[36m<p[39m
  [33mclass[39m=[32m"MuiTypography-root MuiTypography-body2 MuiTypography-gutterBottom css-141jttu-MuiTypography-root"[39m
[36m>[39m
  [0mFull Stack Developer[0m
[36m</p>[39m

Ignored nodes: comments, script, style
[36m<p[39m
  [33mclass[39m=[32m"MuiTypography-root MuiTypography-body2 MuiTypography-gutterBottom css-141jttu-MuiTypography-root"[39m
[36m>[39m
  [0mFull Stack Developer[0m
[36m</p>[39m

Ignored nodes: comments, script, style
[36m<p[39m
  [33mclass[39m=[32m"MuiTypography-root MuiTypography-body2 MuiTypography-gutterBottom css-141jttu-MuiTypography-root"[39m
[36m>[39m
  [0mFull Stack Developer[0m
[36m</p>[39m

Ignored nodes: comments, script, style
[36m<h6[39m
  [33mclass[39m=[32m"MuiTypography-root MuiTypography-h6 MuiTypography-gutterBottom css-137rogq-MuiTypography-root"[39m
[36m>[39m
  [0mFull Stack Developer[0m
[36m</h6>[39m

(If this is intentional, then use the `*AllBy*` variant of the query (like `queryAllByText`, `getAllByText`, or `findAllByText`)).

Ignored nodes: comments, script, style
[36m<body[39m
  [33mstyle[39m=[32m"padding-right: 1024px; overflow: hidden;"[39m
[36m>[39m
  [36m<div[39m
    [33maria-hidden[39m=[32m"true"[39m
  [36m>[39m
    [36m<div[39m
      [33mclass[39m=[32m"MuiBox-root css-0"[39m
    [36m>[39m
      [36m<div[39m
        [33mclass[39m=[32m"MuiBox-root css-i3pbo"[39m
      [36m>[39m
        [36m<h5[39m
          [33mclass[39m=[32m"MuiTypography-root MuiTypography-h5 MuiTypography-gutterBottom css-1hkf4sh-MuiTypography-root"[39m
        [36m>[39m
          [0mPayment History[0m
        [36m</h5>[39m
        [36m<p[39m
          [33mclass[39m=[32m"MuiTypography-root MuiTypography-body2 css-xtz2xu-MuiTypography-root"[39m
        [36m>[39m
          [0m1[0m
          [0m payment[0m
          [0m found[0m
        [36m</p>[39m
      [36m</div>[39m
      [36m<div[39m
        [33mclass[39m=[32m"MuiGrid-root MuiGrid-container MuiGrid-spacing-xs-2 css-12rc5ck-MuiGrid-root"[39m
      [36m>[39m
        [36m<div[39m
          [33mclass[39m=[32m"MuiGrid-root MuiGrid-item MuiGrid-grid-xs-12 MuiGrid-grid-sm-6 MuiGrid-grid-md-3 css-10voxkt-MuiGrid-root"[39m
        [36m>[39m
          [36m<div[39m
            [33mclass[39m=[32m"MuiFormControl-root MuiFormControl-fullWidth MuiTextField-root css-18hear-MuiFormControl-root-MuiTextField-root"[39m
          [36m>[39m
            [36m<div[39m
              [33mclass[39m=[32m"MuiInputBase-root MuiOutlinedInput-root MuiInputBase-colorPrimary MuiInputBase-fullWidth MuiInputBase-formControl MuiInputBase-sizeSmall MuiInputBase-adornedStart css-1cj7mpt-MuiInputBase-root-MuiOutlinedInput-root"[39m
            [36m>[39m
              [36m<div[39m
                [33mclass[39m=[32m"MuiInputAdornment-root MuiInputAdornment-positionStart MuiInputAdornment-outlined MuiInputAdornment-sizeSmall css-ittuaa-MuiInputAdornment-root"[39m
              [36m>[39m
                [36m<span[39m
                  [33mclass[39m=[32m"notranslate"[39m
                [36m>[39m
                  [0m​[0m
                [36m</span>[39m
                [36m<svg[39m
                  [33maria-hidden[39m=[32m"true"[39m
                  [33mclass[39m=[32m"MuiSvgIcon-root MuiSvgIcon-fontSizeMedium css-i4bv87-MuiSvgIcon-root"[39m
                  [33mdata-testid[39m=[32m"SearchIcon"[39m
                  [33mfocusable[39m=[32m"false"[39m
                  [33mviewBox[39m=[32m"0 0 24 24"[39m
                [36m>[39m
                  [36m<path[39m
                    [33md[39m=[32m"M15.5 14h-.79l-.28-.27C15.41 12.59 16 11.11 16 9.5 16 5.91 13.09 3 9.5 3S3 5.91 3 9.5 5.91 16 9.5 16c1.61 0 3.09-.59 4.23-1.57l.27.28v.79l5 4.99L20.49 19zm-6 0C7.01 14 5 11.99 5 9.5S7.01 5 9.5 5 14 7.01 14 9.5 11.99 14 9.5 14"[39m
                  [36m/>[39m
                [36m</svg>[39m
              [36m</div>[39m
              [36m<input[39m
                [33maria-invalid[39m=[32m"false"[39m
                [33mclass[39m=[32m"MuiInputBase-input MuiOutlinedInput-input MuiInputBase-inputSizeSmall MuiInputBase-inputAdornedStart css-1ua80n0-MuiInputBase-input-MuiOutlinedInput-input"[39m
                [33mid[39m=[32m":rt:"[39m
                [33mplaceholder[39m=[32m"Search payments..."[39m
                [33mtype[39m=[32m"text"[39m
                [33mvalue[39m=[32m""[39m
              [36m/>[39m
              [36m<fieldset[39m
                [33maria-hidden[39m=[32m"true"[39m
                [33mclass[39m=[32m"MuiOutlinedInput-notchedOutline css-r01yff-MuiNotchedOutlined-root-MuiOutlinedInput-notchedOutline"[39m
              [36m>[39m
                [36m<legend[39m
                  [33mclass[39m=[32m"css-1whs34k-MuiNotchedOutlined-root"[39m
                [36m>[39m
                  [36m<span[39m
                    [33mclass[39m=[32m"notranslate"[39m
                  [36m>[39m
                    [0m​[0m
                  [36m</span>[39m
                [36m</legend>[39m
              [36m</fieldset>[39m
            [36m</div>[39m
          [36m</div>[39m
        [36m</div>[39m
        [36m<div[39m
          [33mclass[39m=[32m"MuiGrid-root MuiGrid-item MuiGrid-grid-xs-12 MuiGrid-grid-sm-6 MuiGrid-grid-md-3 css-10voxkt-MuiGrid-root"[39m
        [36m>[39m
          [36m<div[39m
            [33mclass[39m=[32m"MuiFormControl-root MuiFormControl-fullWidth css-q8hpuo-MuiFormControl-root"[39m
          [36m>[39m
            [36m<label[39m
              [33mclass[39m=[32m"MuiFormLabel-root MuiInputLabel-root MuiInputLabel-formControl MuiInputLabel-animated MuiInputLabel-shrink MuiInputLabel-sizeSmall MuiInputLabel-outlined MuiFormLabel-colorPrimary MuiFormLabel-filled MuiInputLabel-root MuiInputLabel-formControl MuiInputLabel-animated MuiInputLabel-shrink MuiInputLabel-sizeSmall MuiInputLabel-outlined css-fe0mau-MuiFormLabel-root-MuiInputLabel-root"[39m
              [33mdata-shrink[39m=[32m"true"[39m
            [36m>[39m
              [0mStatus[0m
            [36m</label>[39m
            [36m<div[39m
              [33mclass[39m=[32m"MuiInputBase-root MuiOutlinedInput-root MuiInputBase-colorPrimary MuiInputBase-formControl MuiInputBase-sizeSmall css-13lg1x7-MuiInputBase-root-MuiOutlinedInput-root-MuiSelect-root"[39m
            [36m>[39m
              [36m<div[39m
                [33maria-controls[39m=[32m":ru:"[39m
                [33maria-expanded[39m=[32m"false"[39m
                [33maria-haspopup[39m=[32m"listbox"[39m
                [33mclass[39m=[32m"MuiSelect-select MuiSelect-outlined MuiInputBase-input MuiOutlinedInput-input MuiInputBase-inputSizeSmall css-1fzjff4-MuiSelect-select-MuiInputBase-input-MuiOutlinedInput-input"[39m
                [33mrole[39m=[32m"combobox"[39m
                [33mtabindex[39m=[32m"0"[39m
              [36m>[39m
                [0mAll Statuses[0m
              [36m</div>[39m
              [36m<input[39m
                [33maria-hidden[39m=[32m"true"[39m
                [33maria-invalid[39m=[32m"false"[39m
                [33mclass[39m=[32m"MuiSelect-nativeInput css-yf8vq0-MuiSelect-nativeInput"[39m
                [33mtabindex[39m=[32m"-1"[39m
                [33mvalue[39m=[32m"all"[39m
              [36m/>[39m
              [36m<svg[39m
                [33maria-hidden[39m=[32m"true"[39m
                [33mclass[39m=[32m"MuiSvgIcon-root MuiSvgIcon-fontSizeMedium MuiSelect-icon MuiSelect-iconOutlined css-hfutr2-MuiSvgIcon-root-MuiSelect-icon"[39m
                [33mdata-testid[39m=[32m"ArrowDropDownIcon"[39m
                [33mfocusable[39m=[32m"false"[39m
                [33mviewBox[39m=[32m"0 0 24 24"[39m
              [36m>[39m
                [36m<path[39m
                  [33md[39m=[32m"M7 10l5 5 5-5z"[39m
                [36m/>[39m
              [36m</svg>[...
 ❯ Object.getElementError node_modules/@testing-library/react/node_modules/@testing-library/dom/dist/config.js:37:19
 ❯ getElementError node_modules/@testing-library/react/node_modules/@testing-library/dom/dist/query-helpers.js:20:35
 ❯ getMultipleElementsFoundError node_modules/@testing-library/react/node_modules/@testing-library/dom/dist/query-helpers.js:23:10
 ❯ node_modules/@testing-library/react/node_modules/@testing-library/dom/dist/query-helpers.js:55:13
 ❯ node_modules/@testing-library/react/node_modules/@testing-library/dom/dist/query-helpers.js:95:19
 ❯ src/test/profile.test.tsx:99:21
     97| 
     98|       expect(screen.getByText('John Doe')).toBeInTheDocument();
     99|       expect(screen.getByText('Full Stack Developer')).toBeInTheDocume…
       |                     ^
    100|       expect(screen.getByText('San Francisco, CA')).toBeInTheDocument(…
    101|       expect(screen.getByText('4.8 (25 reviews)')).toBeInTheDocument();

⎯⎯⎯⎯⎯⎯⎯⎯⎯⎯⎯⎯⎯⎯⎯⎯⎯⎯⎯⎯⎯⎯[17/66]⎯

 FAIL  src/test/profile.test.tsx > Profile Components > ProfileHeader > shows profile completeness for own profile
TestingLibraryElementError: Found multiple elements with the text: Profile Completeness

Here are the matching elements:

Ignored nodes: comments, script, style
[36m<p[39m
  [33mclass[39m=[32m"MuiTypography-root MuiTypography-body2 css-r40f8v-MuiTypography-root"[39m
[36m>[39m
  [0mProfile Completeness[0m
[36m</p>[39m

Ignored nodes: comments, script, style
[36m<p[39m
  [33mclass[39m=[32m"MuiTypography-root MuiTypography-body2 css-r40f8v-MuiTypography-root"[39m
[36m>[39m
  [0mProfile Completeness[0m
[36m</p>[39m

(If this is intentional, then use the `*AllBy*` variant of the query (like `queryAllByText`, `getAllByText`, or `findAllByText`)).

Ignored nodes: comments, script, style
[36m<body[39m
  [33mstyle[39m=[32m"padding-right: 1024px; overflow: hidden;"[39m
[36m>[39m
  [36m<div[39m
    [33maria-hidden[39m=[32m"true"[39m
  [36m>[39m
    [36m<div[39m
      [33mclass[39m=[32m"MuiBox-root css-0"[39m
    [36m>[39m
      [36m<div[39m
        [33mclass[39m=[32m"MuiBox-root css-i3pbo"[39m
      [36m>[39m
        [36m<h5[39m
          [33mclass[39m=[32m"MuiTypography-root MuiTypography-h5 MuiTypography-gutterBottom css-1hkf4sh-MuiTypography-root"[39m
        [36m>[39m
          [0mPayment History[0m
        [36m</h5>[39m
        [36m<p[39m
          [33mclass[39m=[32m"MuiTypography-root MuiTypography-body2 css-xtz2xu-MuiTypography-root"[39m
        [36m>[39m
          [0m1[0m
          [0m payment[0m
          [0m found[0m
        [36m</p>[39m
      [36m</div>[39m
      [36m<div[39m
        [33mclass[39m=[32m"MuiGrid-root MuiGrid-container MuiGrid-spacing-xs-2 css-12rc5ck-MuiGrid-root"[39m
      [36m>[39m
        [36m<div[39m
          [33mclass[39m=[32m"MuiGrid-root MuiGrid-item MuiGrid-grid-xs-12 MuiGrid-grid-sm-6 MuiGrid-grid-md-3 css-10voxkt-MuiGrid-root"[39m
        [36m>[39m
          [36m<div[39m
            [33mclass[39m=[32m"MuiFormControl-root MuiFormControl-fullWidth MuiTextField-root css-18hear-MuiFormControl-root-MuiTextField-root"[39m
          [36m>[39m
            [36m<div[39m
              [33mclass[39m=[32m"MuiInputBase-root MuiOutlinedInput-root MuiInputBase-colorPrimary MuiInputBase-fullWidth MuiInputBase-formControl MuiInputBase-sizeSmall MuiInputBase-adornedStart css-1cj7mpt-MuiInputBase-root-MuiOutlinedInput-root"[39m
            [36m>[39m
              [36m<div[39m
                [33mclass[39m=[32m"MuiInputAdornment-root MuiInputAdornment-positionStart MuiInputAdornment-outlined MuiInputAdornment-sizeSmall css-ittuaa-MuiInputAdornment-root"[39m
              [36m>[39m
                [36m<span[39m
                  [33mclass[39m=[32m"notranslate"[39m
                [36m>[39m
                  [0m​[0m
                [36m</span>[39m
                [36m<svg[39m
                  [33maria-hidden[39m=[32m"true"[39m
                  [33mclass[39m=[32m"MuiSvgIcon-root MuiSvgIcon-fontSizeMedium css-i4bv87-MuiSvgIcon-root"[39m
                  [33mdata-testid[39m=[32m"SearchIcon"[39m
                  [33mfocusable[39m=[32m"false"[39m
                  [33mviewBox[39m=[32m"0 0 24 24"[39m
                [36m>[39m
                  [36m<path[39m
                    [33md[39m=[32m"M15.5 14h-.79l-.28-.27C15.41 12.59 16 11.11 16 9.5 16 5.91 13.09 3 9.5 3S3 5.91 3 9.5 5.91 16 9.5 16c1.61 0 3.09-.59 4.23-1.57l.27.28v.79l5 4.99L20.49 19zm-6 0C7.01 14 5 11.99 5 9.5S7.01 5 9.5 5 14 7.01 14 9.5 11.99 14 9.5 14"[39m
                  [36m/>[39m
                [36m</svg>[39m
              [36m</div>[39m
              [36m<input[39m
                [33maria-invalid[39m=[32m"false"[39m
                [33mclass[39m=[32m"MuiInputBase-input MuiOutlinedInput-input MuiInputBase-inputSizeSmall MuiInputBase-inputAdornedStart css-1ua80n0-MuiInputBase-input-MuiOutlinedInput-input"[39m
                [33mid[39m=[32m":rt:"[39m
                [33mplaceholder[39m=[32m"Search payments..."[39m
                [33mtype[39m=[32m"text"[39m
                [33mvalue[39m=[32m""[39m
              [36m/>[39m
              [36m<fieldset[39m
                [33maria-hidden[39m=[32m"true"[39m
                [33mclass[39m=[32m"MuiOutlinedInput-notchedOutline css-r01yff-MuiNotchedOutlined-root-MuiOutlinedInput-notchedOutline"[39m
              [36m>[39m
                [36m<legend[39m
                  [33mclass[39m=[32m"css-1whs34k-MuiNotchedOutlined-root"[39m
                [36m>[39m
                  [36m<span[39m
                    [33mclass[39m=[32m"notranslate"[39m
                  [36m>[39m
                    [0m​[0m
                  [36m</span>[39m
                [36m</legend>[39m
              [36m</fieldset>[39m
            [36m</div>[39m
          [36m</div>[39m
        [36m</div>[39m
        [36m<div[39m
          [33mclass[39m=[32m"MuiGrid-root MuiGrid-item MuiGrid-grid-xs-12 MuiGrid-grid-sm-6 MuiGrid-grid-md-3 css-10voxkt-MuiGrid-root"[39m
        [36m>[39m
          [36m<div[39m
            [33mclass[39m=[32m"MuiFormControl-root MuiFormControl-fullWidth css-q8hpuo-MuiFormControl-root"[39m
          [36m>[39m
            [36m<label[39m
              [33mclass[39m=[32m"MuiFormLabel-root MuiInputLabel-root MuiInputLabel-formControl MuiInputLabel-animated MuiInputLabel-shrink MuiInputLabel-sizeSmall MuiInputLabel-outlined MuiFormLabel-colorPrimary MuiFormLabel-filled MuiInputLabel-root MuiInputLabel-formControl MuiInputLabel-animated MuiInputLabel-shrink MuiInputLabel-sizeSmall MuiInputLabel-outlined css-fe0mau-MuiFormLabel-root-MuiInputLabel-root"[39m
              [33mdata-shrink[39m=[32m"true"[39m
            [36m>[39m
              [0mStatus[0m
            [36m</label>[39m
            [36m<div[39m
              [33mclass[39m=[32m"MuiInputBase-root MuiOutlinedInput-root MuiInputBase-colorPrimary MuiInputBase-formControl MuiInputBase-sizeSmall css-13lg1x7-MuiInputBase-root-MuiOutlinedInput-root-MuiSelect-root"[39m
            [36m>[39m
              [36m<div[39m
                [33maria-controls[39m=[32m":ru:"[39m
                [33maria-expanded[39m=[32m"false"[39m
                [33maria-haspopup[39m=[32m"listbox"[39m
                [33mclass[39m=[32m"MuiSelect-select MuiSelect-outlined MuiInputBase-input MuiOutlinedInput-input MuiInputBase-inputSizeSmall css-1fzjff4-MuiSelect-select-MuiInputBase-input-MuiOutlinedInput-input"[39m
                [33mrole[39m=[32m"combobox"[39m
                [33mtabindex[39m=[32m"0"[39m
              [36m>[39m
                [0mAll Statuses[0m
              [36m</div>[39m
              [36m<input[39m
                [33maria-hidden[39m=[32m"true"[39m
                [33maria-invalid[39m=[32m"false"[39m
                [33mclass[39m=[32m"MuiSelect-nativeInput css-yf8vq0-MuiSelect-nativeInput"[39m
                [33mtabindex[39m=[32m"-1"[39m
                [33mvalue[39m=[32m"all"[39m
              [36m/>[39m
              [36m<svg[39m
                [33maria-hidden[39m=[32m"true"[39m
                [33mclass[39m=[32m"MuiSvgIcon-root MuiSvgIcon-fontSizeMedium MuiSelect-icon MuiSelect-iconOutlined css-hfutr2-MuiSvgIcon-root-MuiSelect-icon"[39m
                [33mdata-testid[39m=[32m"ArrowDropDownIcon"[39m
                [33mfocusable[39m=[32m"false"[39m
                [33mviewBox[39m=[32m"0 0 24 24"[39m
              [36m>[39m
                [36m<path[39m
                  [33md[39m=[32m"M7 10l5 5 5-5z"[39m
                [36m/>[39m
              [36m</svg>[...
 ❯ Object.getElementError node_modules/@testing-library/react/node_modules/@testing-library/dom/dist/config.js:37:19
 ❯ getElementError node_modules/@testing-library/react/node_modules/@testing-library/dom/dist/query-helpers.js:20:35
 ❯ getMultipleElementsFoundError node_modules/@testing-library/react/node_modules/@testing-library/dom/dist/query-helpers.js:23:10
 ❯ node_modules/@testing-library/react/node_modules/@testing-library/dom/dist/query-helpers.js:55:13
 ❯ node_modules/@testing-library/react/node_modules/@testing-library/dom/dist/query-helpers.js:95:19
 ❯ src/test/profile.test.tsx:131:21
    129|       );
    130| 
    131|       expect(screen.getByText('Profile Completeness')).toBeInTheDocume…
       |                     ^
    132|     });
    133| 

⎯⎯⎯⎯⎯⎯⎯⎯⎯⎯⎯⎯⎯⎯⎯⎯⎯⎯⎯⎯⎯⎯[18/66]⎯

 FAIL  src/test/profile.test.tsx > Profile Components > ProfileHeader > displays availability status correctly
TestingLibraryElementError: Found multiple elements with the text: Available for work

Here are the matching elements:

Ignored nodes: comments, script, style
[36m<span[39m
  [33mclass[39m=[32m"MuiChip-label MuiChip-labelSmall css-wjsjww-MuiChip-label"[39m
[36m>[39m
  [0mAvailable for work[0m
[36m</span>[39m

Ignored nodes: comments, script, style
[36m<span[39m
  [33mclass[39m=[32m"MuiChip-label MuiChip-labelSmall css-wjsjww-MuiChip-label"[39m
[36m>[39m
  [0mAvailable for work[0m
[36m</span>[39m

Ignored nodes: comments, script, style
[36m<span[39m
  [33mclass[39m=[32m"MuiChip-label MuiChip-labelSmall css-wjsjww-MuiChip-label"[39m
[36m>[39m
  [0mAvailable for work[0m
[36m</span>[39m

Ignored nodes: comments, script, style
[36m<span[39m
  [33mclass[39m=[32m"MuiChip-label MuiChip-labelSmall css-wjsjww-MuiChip-label"[39m
[36m>[39m
  [0mAvailable for work[0m
[36m</span>[39m

(If this is intentional, then use the `*AllBy*` variant of the query (like `queryAllByText`, `getAllByText`, or `findAllByText`)).

Ignored nodes: comments, script, style
[36m<body[39m
  [33mstyle[39m=[32m"padding-right: 1024px; overflow: hidden;"[39m
[36m>[39m
  [36m<div[39m
    [33maria-hidden[39m=[32m"true"[39m
  [36m>[39m
    [36m<div[39m
      [33mclass[39m=[32m"MuiBox-root css-0"[39m
    [36m>[39m
      [36m<div[39m
        [33mclass[39m=[32m"MuiBox-root css-i3pbo"[39m
      [36m>[39m
        [36m<h5[39m
          [33mclass[39m=[32m"MuiTypography-root MuiTypography-h5 MuiTypography-gutterBottom css-1hkf4sh-MuiTypography-root"[39m
        [36m>[39m
          [0mPayment History[0m
        [36m</h5>[39m
        [36m<p[39m
          [33mclass[39m=[32m"MuiTypography-root MuiTypography-body2 css-xtz2xu-MuiTypography-root"[39m
        [36m>[39m
          [0m1[0m
          [0m payment[0m
          [0m found[0m
        [36m</p>[39m
      [36m</div>[39m
      [36m<div[39m
        [33mclass[39m=[32m"MuiGrid-root MuiGrid-container MuiGrid-spacing-xs-2 css-12rc5ck-MuiGrid-root"[39m
      [36m>[39m
        [36m<div[39m
          [33mclass[39m=[32m"MuiGrid-root MuiGrid-item MuiGrid-grid-xs-12 MuiGrid-grid-sm-6 MuiGrid-grid-md-3 css-10voxkt-MuiGrid-root"[39m
        [36m>[39m
          [36m<div[39m
            [33mclass[39m=[32m"MuiFormControl-root MuiFormControl-fullWidth MuiTextField-root css-18hear-MuiFormControl-root-MuiTextField-root"[39m
          [36m>[39m
            [36m<div[39m
              [33mclass[39m=[32m"MuiInputBase-root MuiOutlinedInput-root MuiInputBase-colorPrimary MuiInputBase-fullWidth MuiInputBase-formControl MuiInputBase-sizeSmall MuiInputBase-adornedStart css-1cj7mpt-MuiInputBase-root-MuiOutlinedInput-root"[39m
            [36m>[39m
              [36m<div[39m
                [33mclass[39m=[32m"MuiInputAdornment-root MuiInputAdornment-positionStart MuiInputAdornment-outlined MuiInputAdornment-sizeSmall css-ittuaa-MuiInputAdornment-root"[39m
              [36m>[39m
                [36m<span[39m
                  [33mclass[39m=[32m"notranslate"[39m
                [36m>[39m
                  [0m​[0m
                [36m</span>[39m
                [36m<svg[39m
                  [33maria-hidden[39m=[32m"true"[39m
                  [33mclass[39m=[32m"MuiSvgIcon-root MuiSvgIcon-fontSizeMedium css-i4bv87-MuiSvgIcon-root"[39m
                  [33mdata-testid[39m=[32m"SearchIcon"[39m
                  [33mfocusable[39m=[32m"false"[39m
                  [33mviewBox[39m=[32m"0 0 24 24"[39m
                [36m>[39m
                  [36m<path[39m
                    [33md[39m=[32m"M15.5 14h-.79l-.28-.27C15.41 12.59 16 11.11 16 9.5 16 5.91 13.09 3 9.5 3S3 5.91 3 9.5 5.91 16 9.5 16c1.61 0 3.09-.59 4.23-1.57l.27.28v.79l5 4.99L20.49 19zm-6 0C7.01 14 5 11.99 5 9.5S7.01 5 9.5 5 14 7.01 14 9.5 11.99 14 9.5 14"[39m
                  [36m/>[39m
                [36m</svg>[39m
              [36m</div>[39m
              [36m<input[39m
                [33maria-invalid[39m=[32m"false"[39m
                [33mclass[39m=[32m"MuiInputBase-input MuiOutlinedInput-input MuiInputBase-inputSizeSmall MuiInputBase-inputAdornedStart css-1ua80n0-MuiInputBase-input-MuiOutlinedInput-input"[39m
                [33mid[39m=[32m":rt:"[39m
                [33mplaceholder[39m=[32m"Search payments..."[39m
                [33mtype[39m=[32m"text"[39m
                [33mvalue[39m=[32m""[39m
              [36m/>[39m
              [36m<fieldset[39m
                [33maria-hidden[39m=[32m"true"[39m
                [33mclass[39m=[32m"MuiOutlinedInput-notchedOutline css-r01yff-MuiNotchedOutlined-root-MuiOutlinedInput-notchedOutline"[39m
              [36m>[39m
                [36m<legend[39m
                  [33mclass[39m=[32m"css-1whs34k-MuiNotchedOutlined-root"[39m
                [36m>[39m
                  [36m<span[39m
                    [33mclass[39m=[32m"notranslate"[39m
                  [36m>[39m
                    [0m​[0m
                  [36m</span>[39m
                [36m</legend>[39m
              [36m</fieldset>[39m
            [36m</div>[39m
          [36m</div>[39m
        [36m</div>[39m
        [36m<div[39m
          [33mclass[39m=[32m"MuiGrid-root MuiGrid-item MuiGrid-grid-xs-12 MuiGrid-grid-sm-6 MuiGrid-grid-md-3 css-10voxkt-MuiGrid-root"[39m
        [36m>[39m
          [36m<div[39m
            [33mclass[39m=[32m"MuiFormControl-root MuiFormControl-fullWidth css-q8hpuo-MuiFormControl-root"[39m
          [36m>[39m
            [36m<label[39m
              [33mclass[39m=[32m"MuiFormLabel-root MuiInputLabel-root MuiInputLabel-formControl MuiInputLabel-animated MuiInputLabel-shrink MuiInputLabel-sizeSmall MuiInputLabel-outlined MuiFormLabel-colorPrimary MuiFormLabel-filled MuiInputLabel-root MuiInputLabel-formControl MuiInputLabel-animated MuiInputLabel-shrink MuiInputLabel-sizeSmall MuiInputLabel-outlined css-fe0mau-MuiFormLabel-root-MuiInputLabel-root"[39m
              [33mdata-shrink[39m=[32m"true"[39m
            [36m>[39m
              [0mStatus[0m
            [36m</label>[39m
            [36m<div[39m
              [33mclass[39m=[32m"MuiInputBase-root MuiOutlinedInput-root MuiInputBase-colorPrimary MuiInputBase-formControl MuiInputBase-sizeSmall css-13lg1x7-MuiInputBase-root-MuiOutlinedInput-root-MuiSelect-root"[39m
            [36m>[39m
              [36m<div[39m
                [33maria-controls[39m=[32m":ru:"[39m
                [33maria-expanded[39m=[32m"false"[39m
                [33maria-haspopup[39m=[32m"listbox"[39m
                [33mclass[39m=[32m"MuiSelect-select MuiSelect-outlined MuiInputBase-input MuiOutlinedInput-input MuiInputBase-inputSizeSmall css-1fzjff4-MuiSelect-select-MuiInputBase-input-MuiOutlinedInput-input"[39m
                [33mrole[39m=[32m"combobox"[39m
                [33mtabindex[39m=[32m"0"[39m
              [36m>[39m
                [0mAll Statuses[0m
              [36m</div>[39m
              [36m<input[39m
                [33maria-hidden[39m=[32m"true"[39m
                [33maria-invalid[39m=[32m"false"[39m
                [33mclass[39m=[32m"MuiSelect-nativeInput css-yf8vq0-MuiSelect-nativeInput"[39m
                [33mtabindex[39m=[32m"-1"[39m
                [33mvalue[39m=[32m"all"[39m
              [36m/>[39m
              [36m<svg[39m
                [33maria-hidden[39m=[32m"true"[39m
                [33mclass[39m=[32m"MuiSvgIcon-root MuiSvgIcon-fontSizeMedium MuiSelect-icon MuiSelect-iconOutlined css-hfutr2-MuiSvgIcon-root-MuiSelect-icon"[39m
                [33mdata-testid[39m=[32m"ArrowDropDownIcon"[39m
                [33mfocusable[39m=[32m"false"[39m
                [33mviewBox[39m=[32m"0 0 24 24"[39m
              [36m>[39m
                [36m<path[39m
                  [33md[39m=[32m"M7 10l5 5 5-5z"[39m
                [36m/>[39m
              [36m</svg>[...
 ❯ Object.getElementError node_modules/@testing-library/react/node_modules/@testing-library/dom/dist/config.js:37:19
 ❯ getElementError node_modules/@testing-library/react/node_modules/@testing-library/dom/dist/query-helpers.js:20:35
 ❯ getMultipleElementsFoundError node_modules/@testing-library/react/node_modules/@testing-library/dom/dist/query-helpers.js:23:10
 ❯ node_modules/@testing-library/react/node_modules/@testing-library/dom/dist/query-helpers.js:55:13
 ❯ node_modules/@testing-library/react/node_modules/@testing-library/dom/dist/query-helpers.js:95:19
 ❯ src/test/profile.test.tsx:141:21
    139|       );
    140| 
    141|       expect(screen.getByText('Available for work')).toBeInTheDocument…
       |                     ^
    142|     });
    143| 

⎯⎯⎯⎯⎯⎯⎯⎯⎯⎯⎯⎯⎯⎯⎯⎯⎯⎯⎯⎯⎯⎯[19/66]⎯

 FAIL  src/test/profile.test.tsx > Profile Components > ProfileHeader > shows hourly rate for freelancers
TestingLibraryElementError: Found multiple elements with the text: $50/hour

Here are the matching elements:

Ignored nodes: comments, script, style
[36m<h5[39m
  [33mclass[39m=[32m"MuiTypography-root MuiTypography-h5 css-1invrju-MuiTypography-root"[39m
[36m>[39m
  [0m$[0m
  [0m50[0m
  [0m/hour[0m
[36m</h5>[39m

Ignored nodes: comments, script, style
[36m<h5[39m
  [33mclass[39m=[32m"MuiTypography-root MuiTypography-h5 css-1invrju-MuiTypography-root"[39m
[36m>[39m
  [0m$[0m
  [0m50[0m
  [0m/hour[0m
[36m</h5>[39m

Ignored nodes: comments, script, style
[36m<h5[39m
  [33mclass[39m=[32m"MuiTypography-root MuiTypography-h5 css-1invrju-MuiTypography-root"[39m
[36m>[39m
  [0m$[0m
  [0m50[0m
  [0m/hour[0m
[36m</h5>[39m

Ignored nodes: comments, script, style
[36m<h5[39m
  [33mclass[39m=[32m"MuiTypography-root MuiTypography-h5 css-1invrju-MuiTypography-root"[39m
[36m>[39m
  [0m$[0m
  [0m50[0m
  [0m/hour[0m
[36m</h5>[39m

Ignored nodes: comments, script, style
[36m<h5[39m
  [33mclass[39m=[32m"MuiTypography-root MuiTypography-h5 css-1invrju-MuiTypography-root"[39m
[36m>[39m
  [0m$[0m
  [0m50[0m
  [0m/hour[0m
[36m</h5>[39m

(If this is intentional, then use the `*AllBy*` variant of the query (like `queryAllByText`, `getAllByText`, or `findAllByText`)).

Ignored nodes: comments, script, style
[36m<body[39m
  [33mstyle[39m=[32m"padding-right: 1024px; overflow: hidden;"[39m
[36m>[39m
  [36m<div[39m
    [33maria-hidden[39m=[32m"true"[39m
  [36m>[39m
    [36m<div[39m
      [33mclass[39m=[32m"MuiBox-root css-0"[39m
    [36m>[39m
      [36m<div[39m
        [33mclass[39m=[32m"MuiBox-root css-i3pbo"[39m
      [36m>[39m
        [36m<h5[39m
          [33mclass[39m=[32m"MuiTypography-root MuiTypography-h5 MuiTypography-gutterBottom css-1hkf4sh-MuiTypography-root"[39m
        [36m>[39m
          [0mPayment History[0m
        [36m</h5>[39m
        [36m<p[39m
          [33mclass[39m=[32m"MuiTypography-root MuiTypography-body2 css-xtz2xu-MuiTypography-root"[39m
        [36m>[39m
          [0m1[0m
          [0m payment[0m
          [0m found[0m
        [36m</p>[39m
      [36m</div>[39m
      [36m<div[39m
        [33mclass[39m=[32m"MuiGrid-root MuiGrid-container MuiGrid-spacing-xs-2 css-12rc5ck-MuiGrid-root"[39m
      [36m>[39m
        [36m<div[39m
          [33mclass[39m=[32m"MuiGrid-root MuiGrid-item MuiGrid-grid-xs-12 MuiGrid-grid-sm-6 MuiGrid-grid-md-3 css-10voxkt-MuiGrid-root"[39m
        [36m>[39m
          [36m<div[39m
            [33mclass[39m=[32m"MuiFormControl-root MuiFormControl-fullWidth MuiTextField-root css-18hear-MuiFormControl-root-MuiTextField-root"[39m
          [36m>[39m
            [36m<div[39m
              [33mclass[39m=[32m"MuiInputBase-root MuiOutlinedInput-root MuiInputBase-colorPrimary MuiInputBase-fullWidth MuiInputBase-formControl MuiInputBase-sizeSmall MuiInputBase-adornedStart css-1cj7mpt-MuiInputBase-root-MuiOutlinedInput-root"[39m
            [36m>[39m
              [36m<div[39m
                [33mclass[39m=[32m"MuiInputAdornment-root MuiInputAdornment-positionStart MuiInputAdornment-outlined MuiInputAdornment-sizeSmall css-ittuaa-MuiInputAdornment-root"[39m
              [36m>[39m
                [36m<span[39m
                  [33mclass[39m=[32m"notranslate"[39m
                [36m>[39m
                  [0m​[0m
                [36m</span>[39m
                [36m<svg[39m
                  [33maria-hidden[39m=[32m"true"[39m
                  [33mclass[39m=[32m"MuiSvgIcon-root MuiSvgIcon-fontSizeMedium css-i4bv87-MuiSvgIcon-root"[39m
                  [33mdata-testid[39m=[32m"SearchIcon"[39m
                  [33mfocusable[39m=[32m"false"[39m
                  [33mviewBox[39m=[32m"0 0 24 24"[39m
                [36m>[39m
                  [36m<path[39m
                    [33md[39m=[32m"M15.5 14h-.79l-.28-.27C15.41 12.59 16 11.11 16 9.5 16 5.91 13.09 3 9.5 3S3 5.91 3 9.5 5.91 16 9.5 16c1.61 0 3.09-.59 4.23-1.57l.27.28v.79l5 4.99L20.49 19zm-6 0C7.01 14 5 11.99 5 9.5S7.01 5 9.5 5 14 7.01 14 9.5 11.99 14 9.5 14"[39m
                  [36m/>[39m
                [36m</svg>[39m
              [36m</div>[39m
              [36m<input[39m
                [33maria-invalid[39m=[32m"false"[39m
                [33mclass[39m=[32m"MuiInputBase-input MuiOutlinedInput-input MuiInputBase-inputSizeSmall MuiInputBase-inputAdornedStart css-1ua80n0-MuiInputBase-input-MuiOutlinedInput-input"[39m
                [33mid[39m=[32m":rt:"[39m
                [33mplaceholder[39m=[32m"Search payments..."[39m
                [33mtype[39m=[32m"text"[39m
                [33mvalue[39m=[32m""[39m
              [36m/>[39m
              [36m<fieldset[39m
                [33maria-hidden[39m=[32m"true"[39m
                [33mclass[39m=[32m"MuiOutlinedInput-notchedOutline css-r01yff-MuiNotchedOutlined-root-MuiOutlinedInput-notchedOutline"[39m
              [36m>[39m
                [36m<legend[39m
                  [33mclass[39m=[32m"css-1whs34k-MuiNotchedOutlined-root"[39m
                [36m>[39m
                  [36m<span[39m
                    [33mclass[39m=[32m"notranslate"[39m
                  [36m>[39m
                    [0m​[0m
                  [36m</span>[39m
                [36m</legend>[39m
              [36m</fieldset>[39m
            [36m</div>[39m
          [36m</div>[39m
        [36m</div>[39m
        [36m<div[39m
          [33mclass[39m=[32m"MuiGrid-root MuiGrid-item MuiGrid-grid-xs-12 MuiGrid-grid-sm-6 MuiGrid-grid-md-3 css-10voxkt-MuiGrid-root"[39m
        [36m>[39m
          [36m<div[39m
            [33mclass[39m=[32m"MuiFormControl-root MuiFormControl-fullWidth css-q8hpuo-MuiFormControl-root"[39m
          [36m>[39m
            [36m<label[39m
              [33mclass[39m=[32m"MuiFormLabel-root MuiInputLabel-root MuiInputLabel-formControl MuiInputLabel-animated MuiInputLabel-shrink MuiInputLabel-sizeSmall MuiInputLabel-outlined MuiFormLabel-colorPrimary MuiFormLabel-filled MuiInputLabel-root MuiInputLabel-formControl MuiInputLabel-animated MuiInputLabel-shrink MuiInputLabel-sizeSmall MuiInputLabel-outlined css-fe0mau-MuiFormLabel-root-MuiInputLabel-root"[39m
              [33mdata-shrink[39m=[32m"true"[39m
            [36m>[39m
              [0mStatus[0m
            [36m</label>[39m
            [36m<div[39m
              [33mclass[39m=[32m"MuiInputBase-root MuiOutlinedInput-root MuiInputBase-colorPrimary MuiInputBase-formControl MuiInputBase-sizeSmall css-13lg1x7-MuiInputBase-root-MuiOutlinedInput-root-MuiSelect-root"[39m
            [36m>[39m
              [36m<div[39m
                [33maria-controls[39m=[32m":ru:"[39m
                [33maria-expanded[39m=[32m"false"[39m
                [33maria-haspopup[39m=[32m"listbox"[39m
                [33mclass[39m=[32m"MuiSelect-select MuiSelect-outlined MuiInputBase-input MuiOutlinedInput-input MuiInputBase-inputSizeSmall css-1fzjff4-MuiSelect-select-MuiInputBase-input-MuiOutlinedInput-input"[39m
                [33mrole[39m=[32m"combobox"[39m
                [33mtabindex[39m=[32m"0"[39m
              [36m>[39m
                [0mAll Statuses[0m
              [36m</div>[39m
              [36m<input[39m
                [33maria-hidden[39m=[32m"true"[39m
                [33maria-invalid[39m=[32m"false"[39m
                [33mclass[39m=[32m"MuiSelect-nativeInput css-yf8vq0-MuiSelect-nativeInput"[39m
                [33mtabindex[39m=[32m"-1"[39m
                [33mvalue[39m=[32m"all"[39m
              [36m/>[39m
              [36m<svg[39m
                [33maria-hidden[39m=[32m"true"[39m
                [33mclass[39m=[32m"MuiSvgIcon-root MuiSvgIcon-fontSizeMedium MuiSelect-icon MuiSelect-iconOutlined css-hfutr2-MuiSvgIcon-root-MuiSelect-icon"[39m
                [33mdata-testid[39m=[32m"ArrowDropDownIcon"[39m
                [33mfocusable[39m=[32m"false"[39m
                [33mviewBox[39m=[32m"0 0 24 24"[39m
              [36m>[39m
                [36m<path[39m
                  [33md[39m=[32m"M7 10l5 5 5-5z"[39m
                [36m/>[39m
              [36m</svg>[...
 ❯ Object.getElementError node_modules/@testing-library/react/node_modules/@testing-library/dom/dist/config.js:37:19
 ❯ getElementError node_modules/@testing-library/react/node_modules/@testing-library/dom/dist/query-helpers.js:20:35
 ❯ getMultipleElementsFoundError node_modules/@testing-library/react/node_modules/@testing-library/dom/dist/query-helpers.js:23:10
 ❯ node_modules/@testing-library/react/node_modules/@testing-library/dom/dist/query-helpers.js:55:13
 ❯ node_modules/@testing-library/react/node_modules/@testing-library/dom/dist/query-helpers.js:95:19
 ❯ src/test/profile.test.tsx:151:21
    149|       );
    150| 
    151|       expect(screen.getByText('$50/hour')).toBeInTheDocument();
       |                     ^
    152|       expect(screen.getByText('Starting rate')).toBeInTheDocument();
    153|     });

⎯⎯⎯⎯⎯⎯⎯⎯⎯⎯⎯⎯⎯⎯⎯⎯⎯⎯⎯⎯⎯⎯[20/66]⎯

 FAIL  src/test/profile.test.tsx > Profile Components > SkillsManager > displays skills correctly
TestingLibraryElementError: Found multiple elements with the text: React

Here are the matching elements:

Ignored nodes: comments, script, style
[36m<span[39m
  [33mclass[39m=[32m"MuiChip-label MuiChip-labelSmall css-rrn746-MuiChip-label"[39m
[36m>[39m
  [0mReact[0m
[36m</span>[39m

Ignored nodes: comments, script, style
[36m<span[39m
  [33mclass[39m=[32m"MuiChip-label MuiChip-labelSmall css-rrn746-MuiChip-label"[39m
[36m>[39m
  [0mReact[0m
[36m</span>[39m

Ignored nodes: comments, script, style
[36m<span[39m
  [33mclass[39m=[32m"MuiChip-label MuiChip-labelSmall css-rrn746-MuiChip-label"[39m
[36m>[39m
  [0mReact[0m
[36m</span>[39m

Ignored nodes: comments, script, style
[36m<span[39m
  [33mclass[39m=[32m"MuiChip-label MuiChip-labelSmall css-rrn746-MuiChip-label"[39m
[36m>[39m
  [0mReact[0m
[36m</span>[39m

Ignored nodes: comments, script, style
[36m<span[39m
  [33mclass[39m=[32m"MuiChip-label MuiChip-labelSmall css-rrn746-MuiChip-label"[39m
[36m>[39m
  [0mReact[0m
[36m</span>[39m

Ignored nodes: comments, script, style
[36m<span[39m
  [33mclass[39m=[32m"MuiChip-label MuiChip-labelSmall css-rrn746-MuiChip-label"[39m
[36m>[39m
  [0mReact[0m
[36m</span>[39m

Ignored nodes: comments, script, style
[36m<span[39m
  [33mclass[39m=[32m"MuiChip-label MuiChip-labelSmall css-rrn746-MuiChip-label"[39m
[36m>[39m
  [0mReact[0m
[36m</span>[39m

Ignored nodes: comments, script, style
[36m<span[39m
  [33mclass[39m=[32m"MuiChip-label MuiChip-labelSmall css-rrn746-MuiChip-label"[39m
[36m>[39m
  [0mReact[0m
[36m</span>[39m

Ignored nodes: comments, script, style
[36m<span[39m
  [33mclass[39m=[32m"MuiChip-label MuiChip-labelSmall css-rrn746-MuiChip-label"[39m
[36m>[39m
  [0mReact[0m
[36m</span>[39m

Ignored nodes: comments, script, style
[36m<span[39m
  [33mclass[39m=[32m"MuiChip-label MuiChip-labelSmall css-rrn746-MuiChip-label"[39m
[36m>[39m
  [0mReact[0m
[36m</span>[39m

Ignored nodes: comments, script, style
[36m<span[39m
  [33mclass[39m=[32m"MuiChip-label MuiChip-labelSmall css-rrn746-MuiChip-label"[39m
[36m>[39m
  [0mReact[0m
[36m</span>[39m

Ignored nodes: comments, script, style
[36m<span[39m
  [33mclass[39m=[32m"MuiChip-label MuiChip-labelSmall css-rrn746-MuiChip-label"[39m
[36m>[39m
  [0mReact[0m
[36m</span>[39m

Ignored nodes: comments, script, style
[36m<span[39m
  [33mclass[39m=[32m"MuiChip-label MuiChip-labelSmall css-rrn746-MuiChip-label"[39m
[36m>[39m
  [0mReact[0m
[36m</span>[39m

Ignored nodes: comments, script, style
[36m<span>[39m
  [0mReact[0m
[36m</span>[39m

(If this is intentional, then use the `*AllBy*` variant of the query (like `queryAllByText`, `getAllByText`, or `findAllByText`)).

Ignored nodes: comments, script, style
[36m<body[39m
  [33mstyle[39m=[32m"padding-right: 1024px; overflow: hidden;"[39m
[36m>[39m
  [36m<div[39m
    [33maria-hidden[39m=[32m"true"[39m
  [36m>[39m
    [36m<div[39m
      [33mclass[39m=[32m"MuiBox-root css-0"[39m
    [36m>[39m
      [36m<div[39m
        [33mclass[39m=[32m"MuiBox-root css-i3pbo"[39m
      [36m>[39m
        [36m<h5[39m
          [33mclass[39m=[32m"MuiTypography-root MuiTypography-h5 MuiTypography-gutterBottom css-1hkf4sh-MuiTypography-root"[39m
        [36m>[39m
          [0mPayment History[0m
        [36m</h5>[39m
        [36m<p[39m
          [33mclass[39m=[32m"MuiTypography-root MuiTypography-body2 css-xtz2xu-MuiTypography-root"[39m
        [36m>[39m
          [0m1[0m
          [0m payment[0m
          [0m found[0m
        [36m</p>[39m
      [36m</div>[39m
      [36m<div[39m
        [33mclass[39m=[32m"MuiGrid-root MuiGrid-container MuiGrid-spacing-xs-2 css-12rc5ck-MuiGrid-root"[39m
      [36m>[39m
        [36m<div[39m
          [33mclass[39m=[32m"MuiGrid-root MuiGrid-item MuiGrid-grid-xs-12 MuiGrid-grid-sm-6 MuiGrid-grid-md-3 css-10voxkt-MuiGrid-root"[39m
        [36m>[39m
          [36m<div[39m
            [33mclass[39m=[32m"MuiFormControl-root MuiFormControl-fullWidth MuiTextField-root css-18hear-MuiFormControl-root-MuiTextField-root"[39m
          [36m>[39m
            [36m<div[39m
              [33mclass[39m=[32m"MuiInputBase-root MuiOutlinedInput-root MuiInputBase-colorPrimary MuiInputBase-fullWidth MuiInputBase-formControl MuiInputBase-sizeSmall MuiInputBase-adornedStart css-1cj7mpt-MuiInputBase-root-MuiOutlinedInput-root"[39m
            [36m>[39m
              [36m<div[39m
                [33mclass[39m=[32m"MuiInputAdornment-root MuiInputAdornment-positionStart MuiInputAdornment-outlined MuiInputAdornment-sizeSmall css-ittuaa-MuiInputAdornment-root"[39m
              [36m>[39m
                [36m<span[39m
                  [33mclass[39m=[32m"notranslate"[39m
                [36m>[39m
                  [0m​[0m
                [36m</span>[39m
                [36m<svg[39m
                  [33maria-hidden[39m=[32m"true"[39m
                  [33mclass[39m=[32m"MuiSvgIcon-root MuiSvgIcon-fontSizeMedium css-i4bv87-MuiSvgIcon-root"[39m
                  [33mdata-testid[39m=[32m"SearchIcon"[39m
                  [33mfocusable[39m=[32m"false"[39m
                  [33mviewBox[39m=[32m"0 0 24 24"[39m
                [36m>[39m
                  [36m<path[39m
                    [33md[39m=[32m"M15.5 14h-.79l-.28-.27C15.41 12.59 16 11.11 16 9.5 16 5.91 13.09 3 9.5 3S3 5.91 3 9.5 5.91 16 9.5 16c1.61 0 3.09-.59 4.23-1.57l.27.28v.79l5 4.99L20.49 19zm-6 0C7.01 14 5 11.99 5 9.5S7.01 5 9.5 5 14 7.01 14 9.5 11.99 14 9.5 14"[39m
                  [36m/>[39m
                [36m</svg>[39m
              [36m</div>[39m
              [36m<input[39m
                [33maria-invalid[39m=[32m"false"[39m
                [33mclass[39m=[32m"MuiInputBase-input MuiOutlinedInput-input MuiInputBase-inputSizeSmall MuiInputBase-inputAdornedStart css-1ua80n0-MuiInputBase-input-MuiOutlinedInput-input"[39m
                [33mid[39m=[32m":rt:"[39m
                [33mplaceholder[39m=[32m"Search payments..."[39m
                [33mtype[39m=[32m"text"[39m
                [33mvalue[39m=[32m""[39m
              [36m/>[39m
              [36m<fieldset[39m
                [33maria-hidden[39m=[32m"true"[39m
                [33mclass[39m=[32m"MuiOutlinedInput-notchedOutline css-r01yff-MuiNotchedOutlined-root-MuiOutlinedInput-notchedOutline"[39m
              [36m>[39m
                [36m<legend[39m
                  [33mclass[39m=[32m"css-1whs34k-MuiNotchedOutlined-root"[39m
                [36m>[39m
                  [36m<span[39m
                    [33mclass[39m=[32m"notranslate"[39m
                  [36m>[39m
                    [0m​[0m
                  [36m</span>[39m
                [36m</legend>[39m
              [36m</fieldset>[39m
            [36m</div>[39m
          [36m</div>[39m
        [36m</div>[39m
        [36m<div[39m
          [33mclass[39m=[32m"MuiGrid-root MuiGrid-item MuiGrid-grid-xs-12 MuiGrid-grid-sm-6 MuiGrid-grid-md-3 css-10voxkt-MuiGrid-root"[39m
        [36m>[39m
          [36m<div[39m
            [33mclass[39m=[32m"MuiFormControl-root MuiFormControl-fullWidth css-q8hpuo-MuiFormControl-root"[39m
          [36m>[39m
            [36m<label[39m
              [33mclass[39m=[32m"MuiFormLabel-root MuiInputLabel-root MuiInputLabel-formControl MuiInputLabel-animated MuiInputLabel-shrink MuiInputLabel-sizeSmall MuiInputLabel-outlined MuiFormLabel-colorPrimary MuiFormLabel-filled MuiInputLabel-root MuiInputLabel-formControl MuiInputLabel-animated MuiInputLabel-shrink MuiInputLabel-sizeSmall MuiInputLabel-outlined css-fe0mau-MuiFormLabel-root-MuiInputLabel-root"[39m
              [33mdata-shrink[39m=[32m"true"[39m
            [36m>[39m
              [0mStatus[0m
            [36m</label>[39m
            [36m<div[39m
              [33mclass[39m=[32m"MuiInputBase-root MuiOutlinedInput-root MuiInputBase-colorPrimary MuiInputBase-formControl MuiInputBase-sizeSmall css-13lg1x7-MuiInputBase-root-MuiOutlinedInput-root-MuiSelect-root"[39m
            [36m>[39m
              [36m<div[39m
                [33maria-controls[39m=[32m":ru:"[39m
                [33maria-expanded[39m=[32m"false"[39m
                [33maria-haspopup[39m=[32m"listbox"[39m
                [33mclass[39m=[32m"MuiSelect-select MuiSelect-outlined MuiInputBase-input MuiOutlinedInput-input MuiInputBase-inputSizeSmall css-1fzjff4-MuiSelect-select-MuiInputBase-input-MuiOutlinedInput-input"[39m
                [33mrole[39m=[32m"combobox"[39m
                [33mtabindex[39m=[32m"0"[39m
              [36m>[39m
                [0mAll Statuses[0m
              [36m</div>[39m
              [36m<input[39m
                [33maria-hidden[39m=[32m"true"[39m
                [33maria-invalid[39m=[32m"false"[39m
                [33mclass[39m=[32m"MuiSelect-nativeInput css-yf8vq0-MuiSelect-nativeInput"[39m
                [33mtabindex[39m=[32m"-1"[39m
                [33mvalue[39m=[32m"all"[39m
              [36m/>[39m
              [36m<svg[39m
                [33maria-hidden[39m=[32m"true"[39m
                [33mclass[39m=[32m"MuiSvgIcon-root MuiSvgIcon-fontSizeMedium MuiSelect-icon MuiSelect-iconOutlined css-hfutr2-MuiSvgIcon-root-MuiSelect-icon"[39m
                [33mdata-testid[39m=[32m"ArrowDropDownIcon"[39m
                [33mfocusable[39m=[32m"false"[39m
                [33mviewBox[39m=[32m"0 0 24 24"[39m
              [36m>[39m
                [36m<path[39m
                  [33md[39m=[32m"M7 10l5 5 5-5z"[39m
                [36m/>[39m
              [36m</svg>[...
 ❯ Object.getElementError node_modules/@testing-library/react/node_modules/@testing-library/dom/dist/config.js:37:19
 ❯ getElementError node_modules/@testing-library/react/node_modules/@testing-library/dom/dist/query-helpers.js:20:35
 ❯ getMultipleElementsFoundError node_modules/@testing-library/react/node_modules/@testing-library/dom/dist/query-helpers.js:23:10
 ❯ node_modules/@testing-library/react/node_modules/@testing-library/dom/dist/query-helpers.js:55:13
 ❯ node_modules/@testing-library/react/node_modules/@testing-library/dom/dist/query-helpers.js:95:19
 ❯ src/test/profile.test.tsx:174:21
    172| 
    173|       expect(screen.getByText('Skills (3)')).toBeInTheDocument();
    174|       expect(screen.getByText('React')).toBeInTheDocument();
       |                     ^
    175|       expect(screen.getByText('Node.js')).toBeInTheDocument();
    176|       expect(screen.getByText('TypeScript')).toBeInTheDocument();

⎯⎯⎯⎯⎯⎯⎯⎯⎯⎯⎯⎯⎯⎯⎯⎯⎯⎯⎯⎯⎯⎯[21/66]⎯

 FAIL  src/test/profile.test.tsx > Profile Components > SkillsManager > shows skill rates when available
TestingLibraryElementError: Found multiple elements with the text: /\$60\/hr/

Here are the matching elements:

Ignored nodes: comments, script, style
[36m<span[39m
  [33mclass[39m=[32m"MuiBox-root css-1o5izto"[39m
[36m>[39m
  [0m$[0m
  [0m60[0m
  [0m/hr[0m
[36m</span>[39m

Ignored nodes: comments, script, style
[36m<span[39m
  [33mclass[39m=[32m"MuiBox-root css-1o5izto"[39m
[36m>[39m
  [0m$[0m
  [0m60[0m
  [0m/hr[0m
[36m</span>[39m

(If this is intentional, then use the `*AllBy*` variant of the query (like `queryAllByText`, `getAllByText`, or `findAllByText`)).

Ignored nodes: comments, script, style
[36m<body[39m
  [33mstyle[39m=[32m"padding-right: 1024px; overflow: hidden;"[39m
[36m>[39m
  [36m<div[39m
    [33maria-hidden[39m=[32m"true"[39m
  [36m>[39m
    [36m<div[39m
      [33mclass[39m=[32m"MuiBox-root css-0"[39m
    [36m>[39m
      [36m<div[39m
        [33mclass[39m=[32m"MuiBox-root css-i3pbo"[39m
      [36m>[39m
        [36m<h5[39m
          [33mclass[39m=[32m"MuiTypography-root MuiTypography-h5 MuiTypography-gutterBottom css-1hkf4sh-MuiTypography-root"[39m
        [36m>[39m
          [0mPayment History[0m
        [36m</h5>[39m
        [36m<p[39m
          [33mclass[39m=[32m"MuiTypography-root MuiTypography-body2 css-xtz2xu-MuiTypography-root"[39m
        [36m>[39m
          [0m1[0m
          [0m payment[0m
          [0m found[0m
        [36m</p>[39m
      [36m</div>[39m
      [36m<div[39m
        [33mclass[39m=[32m"MuiGrid-root MuiGrid-container MuiGrid-spacing-xs-2 css-12rc5ck-MuiGrid-root"[39m
      [36m>[39m
        [36m<div[39m
          [33mclass[39m=[32m"MuiGrid-root MuiGrid-item MuiGrid-grid-xs-12 MuiGrid-grid-sm-6 MuiGrid-grid-md-3 css-10voxkt-MuiGrid-root"[39m
        [36m>[39m
          [36m<div[39m
            [33mclass[39m=[32m"MuiFormControl-root MuiFormControl-fullWidth MuiTextField-root css-18hear-MuiFormControl-root-MuiTextField-root"[39m
          [36m>[39m
            [36m<div[39m
              [33mclass[39m=[32m"MuiInputBase-root MuiOutlinedInput-root MuiInputBase-colorPrimary MuiInputBase-fullWidth MuiInputBase-formControl MuiInputBase-sizeSmall MuiInputBase-adornedStart css-1cj7mpt-MuiInputBase-root-MuiOutlinedInput-root"[39m
            [36m>[39m
              [36m<div[39m
                [33mclass[39m=[32m"MuiInputAdornment-root MuiInputAdornment-positionStart MuiInputAdornment-outlined MuiInputAdornment-sizeSmall css-ittuaa-MuiInputAdornment-root"[39m
              [36m>[39m
                [36m<span[39m
                  [33mclass[39m=[32m"notranslate"[39m
                [36m>[39m
                  [0m​[0m
                [36m</span>[39m
                [36m<svg[39m
                  [33maria-hidden[39m=[32m"true"[39m
                  [33mclass[39m=[32m"MuiSvgIcon-root MuiSvgIcon-fontSizeMedium css-i4bv87-MuiSvgIcon-root"[39m
                  [33mdata-testid[39m=[32m"SearchIcon"[39m
                  [33mfocusable[39m=[32m"false"[39m
                  [33mviewBox[39m=[32m"0 0 24 24"[39m
                [36m>[39m
                  [36m<path[39m
                    [33md[39m=[32m"M15.5 14h-.79l-.28-.27C15.41 12.59 16 11.11 16 9.5 16 5.91 13.09 3 9.5 3S3 5.91 3 9.5 5.91 16 9.5 16c1.61 0 3.09-.59 4.23-1.57l.27.28v.79l5 4.99L20.49 19zm-6 0C7.01 14 5 11.99 5 9.5S7.01 5 9.5 5 14 7.01 14 9.5 11.99 14 9.5 14"[39m
                  [36m/>[39m
                [36m</svg>[39m
              [36m</div>[39m
              [36m<input[39m
                [33maria-invalid[39m=[32m"false"[39m
                [33mclass[39m=[32m"MuiInputBase-input MuiOutlinedInput-input MuiInputBase-inputSizeSmall MuiInputBase-inputAdornedStart css-1ua80n0-MuiInputBase-input-MuiOutlinedInput-input"[39m
                [33mid[39m=[32m":rt:"[39m
                [33mplaceholder[39m=[32m"Search payments..."[39m
                [33mtype[39m=[32m"text"[39m
                [33mvalue[39m=[32m""[39m
              [36m/>[39m
              [36m<fieldset[39m
                [33maria-hidden[39m=[32m"true"[39m
                [33mclass[39m=[32m"MuiOutlinedInput-notchedOutline css-r01yff-MuiNotchedOutlined-root-MuiOutlinedInput-notchedOutline"[39m
              [36m>[39m
                [36m<legend[39m
                  [33mclass[39m=[32m"css-1whs34k-MuiNotchedOutlined-root"[39m
                [36m>[39m
                  [36m<span[39m
                    [33mclass[39m=[32m"notranslate"[39m
                  [36m>[39m
                    [0m​[0m
                  [36m</span>[39m
                [36m</legend>[39m
              [36m</fieldset>[39m
            [36m</div>[39m
          [36m</div>[39m
        [36m</div>[39m
        [36m<div[39m
          [33mclass[39m=[32m"MuiGrid-root MuiGrid-item MuiGrid-grid-xs-12 MuiGrid-grid-sm-6 MuiGrid-grid-md-3 css-10voxkt-MuiGrid-root"[39m
        [36m>[39m
          [36m<div[39m
            [33mclass[39m=[32m"MuiFormControl-root MuiFormControl-fullWidth css-q8hpuo-MuiFormControl-root"[39m
          [36m>[39m
            [36m<label[39m
              [33mclass[39m=[32m"MuiFormLabel-root MuiInputLabel-root MuiInputLabel-formControl MuiInputLabel-animated MuiInputLabel-shrink MuiInputLabel-sizeSmall MuiInputLabel-outlined MuiFormLabel-colorPrimary MuiFormLabel-filled MuiInputLabel-root MuiInputLabel-formControl MuiInputLabel-animated MuiInputLabel-shrink MuiInputLabel-sizeSmall MuiInputLabel-outlined css-fe0mau-MuiFormLabel-root-MuiInputLabel-root"[39m
              [33mdata-shrink[39m=[32m"true"[39m
            [36m>[39m
              [0mStatus[0m
            [36m</label>[39m
            [36m<div[39m
              [33mclass[39m=[32m"MuiInputBase-root MuiOutlinedInput-root MuiInputBase-colorPrimary MuiInputBase-formControl MuiInputBase-sizeSmall css-13lg1x7-MuiInputBase-root-MuiOutlinedInput-root-MuiSelect-root"[39m
            [36m>[39m
              [36m<div[39m
                [33maria-controls[39m=[32m":ru:"[39m
                [33maria-expanded[39m=[32m"false"[39m
                [33maria-haspopup[39m=[32m"listbox"[39m
                [33mclass[39m=[32m"MuiSelect-select MuiSelect-outlined MuiInputBase-input MuiOutlinedInput-input MuiInputBase-inputSizeSmall css-1fzjff4-MuiSelect-select-MuiInputBase-input-MuiOutlinedInput-input"[39m
                [33mrole[39m=[32m"combobox"[39m
                [33mtabindex[39m=[32m"0"[39m
              [36m>[39m
                [0mAll Statuses[0m
              [36m</div>[39m
              [36m<input[39m
                [33maria-hidden[39m=[32m"true"[39m
                [33maria-invalid[39m=[32m"false"[39m
                [33mclass[39m=[32m"MuiSelect-nativeInput css-yf8vq0-MuiSelect-nativeInput"[39m
                [33mtabindex[39m=[32m"-1"[39m
                [33mvalue[39m=[32m"all"[39m
              [36m/>[39m
              [36m<svg[39m
                [33maria-hidden[39m=[32m"true"[39m
                [33mclass[39m=[32m"MuiSvgIcon-root MuiSvgIcon-fontSizeMedium MuiSelect-icon MuiSelect-iconOutlined css-hfutr2-MuiSvgIcon-root-MuiSelect-icon"[39m
                [33mdata-testid[39m=[32m"ArrowDropDownIcon"[39m
                [33mfocusable[39m=[32m"false"[39m
                [33mviewBox[39m=[32m"0 0 24 24"[39m
              [36m>[39m
                [36m<path[39m
                  [33md[39m=[32m"M7 10l5 5 5-5z"[39m
                [36m/>[39m
              [36m</svg>[...
 ❯ Object.getElementError node_modules/@testing-library/react/node_modules/@testing-library/dom/dist/config.js:37:19
 ❯ getElementError node_modules/@testing-library/react/node_modules/@testing-library/dom/dist/query-helpers.js:20:35
 ❯ getMultipleElementsFoundError node_modules/@testing-library/react/node_modules/@testing-library/dom/dist/query-helpers.js:23:10
 ❯ node_modules/@testing-library/react/node_modules/@testing-library/dom/dist/query-helpers.js:55:13
 ❯ node_modules/@testing-library/react/node_modules/@testing-library/dom/dist/query-helpers.js:95:19
 ❯ src/test/profile.test.tsx:190:21
    188| 
    189|       // React should show rate
    190|       expect(screen.getByText(/\$60\/hr/)).toBeInTheDocument();
       |                     ^
    191|       // Node.js should show rate
    192|       expect(screen.getByText(/\$55\/hr/)).toBeInTheDocument();

⎯⎯⎯⎯⎯⎯⎯⎯⎯⎯⎯⎯⎯⎯⎯⎯⎯⎯⎯⎯⎯⎯[22/66]⎯

 FAIL  src/test/profile.test.tsx > Profile Components > SkillsManager > opens add skill dialog when button clicked
TestingLibraryElementError: Found multiple elements with the text: Add Skill

Here are the matching elements:

Ignored nodes: comments, script, style
[36m<button[39m
  [33mclass[39m=[32m"MuiButtonBase-root MuiButton-root MuiButton-outlined MuiButton-outlinedPrimary MuiButton-sizeSmall MuiButton-outlinedSizeSmall MuiButton-colorPrimary MuiButton-root MuiButton-outlined MuiButton-outlinedPrimary MuiButton-sizeSmall MuiButton-outlinedSizeSmall MuiButton-colorPrimary css-1k23hlb-MuiButtonBase-root-MuiButton-root"[39m
  [33mtabindex[39m=[32m"0"[39m
  [33mtype[39m=[32m"button"[39m
[36m>[39m
  [36m<span[39m
    [33mclass[39m=[32m"MuiButton-icon MuiButton-startIcon MuiButton-iconSizeSmall css-y6rp3m-MuiButton-startIcon"[39m
  [36m>[39m
    [36m<svg[39m
      [33maria-hidden[39m=[32m"true"[39m
      [33mclass[39m=[32m"MuiSvgIcon-root MuiSvgIcon-fontSizeMedium css-i4bv87-MuiSvgIcon-root"[39m
      [33mdata-testid[39m=[32m"AddIcon"[39m
      [33mfocusable[39m=[32m"false"[39m
      [33mviewBox[39m=[32m"0 0 24 24"[39m
    [36m>[39m
      [36m<path[39m
        [33md[39m=[32m"M19 13h-6v6h-2v-6H5v-2h6V5h2v6h6z"[39m
      [36m/>[39m
    [36m</svg>[39m
  [36m</span>[39m
  [0mAdd Skill[0m
  [36m<span[39m
    [33mclass[39m=[32m"MuiTouchRipple-root css-8je8zh-MuiTouchRipple-root"[39m
  [36m/>[39m
[36m</button>[39m

Ignored nodes: comments, script, style
[36m<button[39m
  [33mclass[39m=[32m"MuiButtonBase-root MuiButton-root MuiButton-outlined MuiButton-outlinedPrimary MuiButton-sizeSmall MuiButton-outlinedSizeSmall MuiButton-colorPrimary MuiButton-root MuiButton-outlined MuiButton-outlinedPrimary MuiButton-sizeSmall MuiButton-outlinedSizeSmall MuiButton-colorPrimary css-1k23hlb-MuiButtonBase-root-MuiButton-root"[39m
  [33mtabindex[39m=[32m"0"[39m
  [33mtype[39m=[32m"button"[39m
[36m>[39m
  [36m<span[39m
    [33mclass[39m=[32m"MuiButton-icon MuiButton-startIcon MuiButton-iconSizeSmall css-y6rp3m-MuiButton-startIcon"[39m
  [36m>[39m
    [36m<svg[39m
      [33maria-hidden[39m=[32m"true"[39m
      [33mclass[39m=[32m"MuiSvgIcon-root MuiSvgIcon-fontSizeMedium css-i4bv87-MuiSvgIcon-root"[39m
      [33mdata-testid[39m=[32m"AddIcon"[39m
      [33mfocusable[39m=[32m"false"[39m
      [33mviewBox[39m=[32m"0 0 24 24"[39m
    [36m>[39m
      [36m<path[39m
        [33md[39m=[32m"M19 13h-6v6h-2v-6H5v-2h6V5h2v6h6z"[39m
      [36m/>[39m
    [36m</svg>[39m
  [36m</span>[39m
  [0mAdd Skill[0m
  [36m<span[39m
    [33mclass[39m=[32m"MuiTouchRipple-root css-8je8zh-MuiTouchRipple-root"[39m
  [36m/>[39m
[36m</button>[39m

(If this is intentional, then use the `*AllBy*` variant of the query (like `queryAllByText`, `getAllByText`, or `findAllByText`)).

Ignored nodes: comments, script, style
[36m<body[39m
  [33mstyle[39m=[32m"padding-right: 1024px; overflow: hidden;"[39m
[36m>[39m
  [36m<div[39m
    [33maria-hidden[39m=[32m"true"[39m
  [36m>[39m
    [36m<div[39m
      [33mclass[39m=[32m"MuiBox-root css-0"[39m
    [36m>[39m
      [36m<div[39m
        [33mclass[39m=[32m"MuiBox-root css-i3pbo"[39m
      [36m>[39m
        [36m<h5[39m
          [33mclass[39m=[32m"MuiTypography-root MuiTypography-h5 MuiTypography-gutterBottom css-1hkf4sh-MuiTypography-root"[39m
        [36m>[39m
          [0mPayment History[0m
        [36m</h5>[39m
        [36m<p[39m
          [33mclass[39m=[32m"MuiTypography-root MuiTypography-body2 css-xtz2xu-MuiTypography-root"[39m
        [36m>[39m
          [0m1[0m
          [0m payment[0m
          [0m found[0m
        [36m</p>[39m
      [36m</div>[39m
      [36m<div[39m
        [33mclass[39m=[32m"MuiGrid-root MuiGrid-container MuiGrid-spacing-xs-2 css-12rc5ck-MuiGrid-root"[39m
      [36m>[39m
        [36m<div[39m
          [33mclass[39m=[32m"MuiGrid-root MuiGrid-item MuiGrid-grid-xs-12 MuiGrid-grid-sm-6 MuiGrid-grid-md-3 css-10voxkt-MuiGrid-root"[39m
        [36m>[39m
          [36m<div[39m
            [33mclass[39m=[32m"MuiFormControl-root MuiFormControl-fullWidth MuiTextField-root css-18hear-MuiFormControl-root-MuiTextField-root"[39m
          [36m>[39m
            [36m<div[39m
              [33mclass[39m=[32m"MuiInputBase-root MuiOutlinedInput-root MuiInputBase-colorPrimary MuiInputBase-fullWidth MuiInputBase-formControl MuiInputBase-sizeSmall MuiInputBase-adornedStart css-1cj7mpt-MuiInputBase-root-MuiOutlinedInput-root"[39m
            [36m>[39m
              [36m<div[39m
                [33mclass[39m=[32m"MuiInputAdornment-root MuiInputAdornment-positionStart MuiInputAdornment-outlined MuiInputAdornment-sizeSmall css-ittuaa-MuiInputAdornment-root"[39m
              [36m>[39m
                [36m<span[39m
                  [33mclass[39m=[32m"notranslate"[39m
                [36m>[39m
                  [0m​[0m
                [36m</span>[39m
                [36m<svg[39m
                  [33maria-hidden[39m=[32m"true"[39m
                  [33mclass[39m=[32m"MuiSvgIcon-root MuiSvgIcon-fontSizeMedium css-i4bv87-MuiSvgIcon-root"[39m
                  [33mdata-testid[39m=[32m"SearchIcon"[39m
                  [33mfocusable[39m=[32m"false"[39m
                  [33mviewBox[39m=[32m"0 0 24 24"[39m
                [36m>[39m
                  [36m<path[39m
                    [33md[39m=[32m"M15.5 14h-.79l-.28-.27C15.41 12.59 16 11.11 16 9.5 16 5.91 13.09 3 9.5 3S3 5.91 3 9.5 5.91 16 9.5 16c1.61 0 3.09-.59 4.23-1.57l.27.28v.79l5 4.99L20.49 19zm-6 0C7.01 14 5 11.99 5 9.5S7.01 5 9.5 5 14 7.01 14 9.5 11.99 14 9.5 14"[39m
                  [36m/>[39m
                [36m</svg>[39m
              [36m</div>[39m
              [36m<input[39m
                [33maria-invalid[39m=[32m"false"[39m
                [33mclass[39m=[32m"MuiInputBase-input MuiOutlinedInput-input MuiInputBase-inputSizeSmall MuiInputBase-inputAdornedStart css-1ua80n0-MuiInputBase-input-MuiOutlinedInput-input"[39m
                [33mid[39m=[32m":rt:"[39m
                [33mplaceholder[39m=[32m"Search payments..."[39m
                [33mtype[39m=[32m"text"[39m
                [33mvalue[39m=[32m""[39m
              [36m/>[39m
              [36m<fieldset[39m
                [33maria-hidden[39m=[32m"true"[39m
                [33mclass[39m=[32m"MuiOutlinedInput-notchedOutline css-r01yff-MuiNotchedOutlined-root-MuiOutlinedInput-notchedOutline"[39m
              [36m>[39m
                [36m<legend[39m
                  [33mclass[39m=[32m"css-1whs34k-MuiNotchedOutlined-root"[39m
                [36m>[39m
                  [36m<span[39m
                    [33mclass[39m=[32m"notranslate"[39m
                  [36m>[39m
                    [0m​[0m
                  [36m</span>[39m
                [36m</legend>[39m
              [36m</fieldset>[39m
            [36m</div>[39m
          [36m</div>[39m
        [36m</div>[39m
        [36m<div[39m
          [33mclass[39m=[32m"MuiGrid-root MuiGrid-item MuiGrid-grid-xs-12 MuiGrid-grid-sm-6 MuiGrid-grid-md-3 css-10voxkt-MuiGrid-root"[39m
        [36m>[39m
          [36m<div[39m
            [33mclass[39m=[32m"MuiFormControl-root MuiFormControl-fullWidth css-q8hpuo-MuiFormControl-root"[39m
          [36m>[39m
            [36m<label[39m
              [33mclass[39m=[32m"MuiFormLabel-root MuiInputLabel-root MuiInputLabel-formControl MuiInputLabel-animated MuiInputLabel-shrink MuiInputLabel-sizeSmall MuiInputLabel-outlined MuiFormLabel-colorPrimary MuiFormLabel-filled MuiInputLabel-root MuiInputLabel-formControl MuiInputLabel-animated MuiInputLabel-shrink MuiInputLabel-sizeSmall MuiInputLabel-outlined css-fe0mau-MuiFormLabel-root-MuiInputLabel-root"[39m
              [33mdata-shrink[39m=[32m"true"[39m
            [36m>[39m
              [0mStatus[0m
            [36m</label>[39m
            [36m<div[39m
              [33mclass[39m=[32m"MuiInputBase-root MuiOutlinedInput-root MuiInputBase-colorPrimary MuiInputBase-formControl MuiInputBase-sizeSmall css-13lg1x7-MuiInputBase-root-MuiOutlinedInput-root-MuiSelect-root"[39m
            [36m>[39m
              [36m<div[39m
                [33maria-controls[39m=[32m":ru:"[39m
                [33maria-expanded[39m=[32m"false"[39m
                [33maria-haspopup[39m=[32m"listbox"[39m
                [33mclass[39m=[32m"MuiSelect-select MuiSelect-outlined MuiInputBase-input MuiOutlinedInput-input MuiInputBase-inputSizeSmall css-1fzjff4-MuiSelect-select-MuiInputBase-input-MuiOutlinedInput-input"[39m
                [33mrole[39m=[32m"combobox"[39m
                [33mtabindex[39m=[32m"0"[39m
              [36m>[39m
                [0mAll Statuses[0m
              [36m</div>[39m
              [36m<input[39m
                [33maria-hidden[39m=[32m"true"[39m
                [33maria-invalid[39m=[32m"false"[39m
                [33mclass[39m=[32m"MuiSelect-nativeInput css-yf8vq0-MuiSelect-nativeInput"[39m
                [33mtabindex[39m=[32m"-1"[39m
                [33mvalue[39m=[32m"all"[39m
              [36m/>[39m
              [36m<svg[39m
                [33maria-hidden[39m=[32m"true"[39m
                [33mclass[39m=[32m"MuiSvgIcon-root MuiSvgIcon-fontSizeMedium MuiSelect-icon MuiSelect-iconOutlined css-hfutr2-MuiSvgIcon-root-MuiSelect-icon"[39m
                [33mdata-testid[39m=[32m"ArrowDropDownIcon"[39m
                [33mfocusable[39m=[32m"false"[39m
                [33mviewBox[39m=[32m"0 0 24 24"[39m
              [36m>[39m
                [36m<path[39m
                  [33md[39m=[32m"M7 10l5 5 5-5z"[39m
                [36m/>[39m
              [36m</svg>[...
 ❯ Object.getElementError node_modules/@testing-library/react/node_modules/@testing-library/dom/dist/config.js:37:19
 ❯ getElementError node_modules/@testing-library/react/node_modules/@testing-library/dom/dist/query-helpers.js:20:35
 ❯ getMultipleElementsFoundError node_modules/@testing-library/react/node_modules/@testing-library/dom/dist/query-helpers.js:23:10
 ❯ node_modules/@testing-library/react/node_modules/@testing-library/dom/dist/query-helpers.js:55:13
 ❯ node_modules/@testing-library/react/node_modules/@testing-library/dom/dist/query-helpers.js:95:19
 ❯ src/test/profile.test.tsx:220:32
    218|       );
    219| 
    220|       const addButton = screen.getByText('Add Skill');
       |                                ^
    221|       fireEvent.click(addButton);
    222| 

⎯⎯⎯⎯⎯⎯⎯⎯⎯⎯⎯⎯⎯⎯⎯⎯⎯⎯⎯⎯⎯⎯[23/66]⎯

 FAIL  src/test/profile.test.tsx > Profile Components > FreelancerCard > renders freelancer information correctly
TestingLibraryElementError: Found multiple elements with the text: John Doe

Here are the matching elements:

Ignored nodes: comments, script, style
[36m<h1[39m
  [33mclass[39m=[32m"MuiTypography-root MuiTypography-h4 css-5lbw0b-MuiTypography-root"[39m
[36m>[39m
  [0mJohn[0m
  [0m [0m
  [0mDoe[0m
[36m</h1>[39m

Ignored nodes: comments, script, style
[36m<h1[39m
  [33mclass[39m=[32m"MuiTypography-root MuiTypography-h4 css-5lbw0b-MuiTypography-root"[39m
[36m>[39m
  [0mJohn[0m
  [0m [0m
  [0mDoe[0m
[36m</h1>[39m

Ignored nodes: comments, script, style
[36m<h1[39m
  [33mclass[39m=[32m"MuiTypography-root MuiTypography-h4 css-5lbw0b-MuiTypography-root"[39m
[36m>[39m
  [0mJohn[0m
  [0m [0m
  [0mDoe[0m
[36m</h1>[39m

Ignored nodes: comments, script, style
[36m<h1[39m
  [33mclass[39m=[32m"MuiTypography-root MuiTypography-h4 css-5lbw0b-MuiTypography-root"[39m
[36m>[39m
  [0mJohn[0m
  [0m [0m
  [0mDoe[0m
[36m</h1>[39m

Ignored nodes: comments, script, style
[36m<h1[39m
  [33mclass[39m=[32m"MuiTypography-root MuiTypography-h4 css-5lbw0b-MuiTypography-root"[39m
[36m>[39m
  [0mJohn[0m
  [0m [0m
  [0mDoe[0m
[36m</h1>[39m

Ignored nodes: comments, script, style
[36m<h3[39m
  [33mclass[39m=[32m"MuiTypography-root MuiTypography-h6 css-2ulfj5-MuiTypography-root"[39m
[36m>[39m
  [0mJohn[0m
  [0m [0m
  [0mDoe[0m
[36m</h3>[39m

(If this is intentional, then use the `*AllBy*` variant of the query (like `queryAllByText`, `getAllByText`, or `findAllByText`)).

Ignored nodes: comments, script, style
[36m<body[39m
  [33mstyle[39m=[32m"padding-right: 1024px; overflow: hidden;"[39m
[36m>[39m
  [36m<div[39m
    [33maria-hidden[39m=[32m"true"[39m
  [36m>[39m
    [36m<div[39m
      [33mclass[39m=[32m"MuiBox-root css-0"[39m
    [36m>[39m
      [36m<div[39m
        [33mclass[39m=[32m"MuiBox-root css-i3pbo"[39m
      [36m>[39m
        [36m<h5[39m
          [33mclass[39m=[32m"MuiTypography-root MuiTypography-h5 MuiTypography-gutterBottom css-1hkf4sh-MuiTypography-root"[39m
        [36m>[39m
          [0mPayment History[0m
        [36m</h5>[39m
        [36m<p[39m
          [33mclass[39m=[32m"MuiTypography-root MuiTypography-body2 css-xtz2xu-MuiTypography-root"[39m
        [36m>[39m
          [0m1[0m
          [0m payment[0m
          [0m found[0m
        [36m</p>[39m
      [36m</div>[39m
      [36m<div[39m
        [33mclass[39m=[32m"MuiGrid-root MuiGrid-container MuiGrid-spacing-xs-2 css-12rc5ck-MuiGrid-root"[39m
      [36m>[39m
        [36m<div[39m
          [33mclass[39m=[32m"MuiGrid-root MuiGrid-item MuiGrid-grid-xs-12 MuiGrid-grid-sm-6 MuiGrid-grid-md-3 css-10voxkt-MuiGrid-root"[39m
        [36m>[39m
          [36m<div[39m
            [33mclass[39m=[32m"MuiFormControl-root MuiFormControl-fullWidth MuiTextField-root css-18hear-MuiFormControl-root-MuiTextField-root"[39m
          [36m>[39m
            [36m<div[39m
              [33mclass[39m=[32m"MuiInputBase-root MuiOutlinedInput-root MuiInputBase-colorPrimary MuiInputBase-fullWidth MuiInputBase-formControl MuiInputBase-sizeSmall MuiInputBase-adornedStart css-1cj7mpt-MuiInputBase-root-MuiOutlinedInput-root"[39m
            [36m>[39m
              [36m<div[39m
                [33mclass[39m=[32m"MuiInputAdornment-root MuiInputAdornment-positionStart MuiInputAdornment-outlined MuiInputAdornment-sizeSmall css-ittuaa-MuiInputAdornment-root"[39m
              [36m>[39m
                [36m<span[39m
                  [33mclass[39m=[32m"notranslate"[39m
                [36m>[39m
                  [0m​[0m
                [36m</span>[39m
                [36m<svg[39m
                  [33maria-hidden[39m=[32m"true"[39m
                  [33mclass[39m=[32m"MuiSvgIcon-root MuiSvgIcon-fontSizeMedium css-i4bv87-MuiSvgIcon-root"[39m
                  [33mdata-testid[39m=[32m"SearchIcon"[39m
                  [33mfocusable[39m=[32m"false"[39m
                  [33mviewBox[39m=[32m"0 0 24 24"[39m
                [36m>[39m
                  [36m<path[39m
                    [33md[39m=[32m"M15.5 14h-.79l-.28-.27C15.41 12.59 16 11.11 16 9.5 16 5.91 13.09 3 9.5 3S3 5.91 3 9.5 5.91 16 9.5 16c1.61 0 3.09-.59 4.23-1.57l.27.28v.79l5 4.99L20.49 19zm-6 0C7.01 14 5 11.99 5 9.5S7.01 5 9.5 5 14 7.01 14 9.5 11.99 14 9.5 14"[39m
                  [36m/>[39m
                [36m</svg>[39m
              [36m</div>[39m
              [36m<input[39m
                [33maria-invalid[39m=[32m"false"[39m
                [33mclass[39m=[32m"MuiInputBase-input MuiOutlinedInput-input MuiInputBase-inputSizeSmall MuiInputBase-inputAdornedStart css-1ua80n0-MuiInputBase-input-MuiOutlinedInput-input"[39m
                [33mid[39m=[32m":rt:"[39m
                [33mplaceholder[39m=[32m"Search payments..."[39m
                [33mtype[39m=[32m"text"[39m
                [33mvalue[39m=[32m""[39m
              [36m/>[39m
              [36m<fieldset[39m
                [33maria-hidden[39m=[32m"true"[39m
                [33mclass[39m=[32m"MuiOutlinedInput-notchedOutline css-r01yff-MuiNotchedOutlined-root-MuiOutlinedInput-notchedOutline"[39m
              [36m>[39m
                [36m<legend[39m
                  [33mclass[39m=[32m"css-1whs34k-MuiNotchedOutlined-root"[39m
                [36m>[39m
                  [36m<span[39m
                    [33mclass[39m=[32m"notranslate"[39m
                  [36m>[39m
                    [0m​[0m
                  [36m</span>[39m
                [36m</legend>[39m
              [36m</fieldset>[39m
            [36m</div>[39m
          [36m</div>[39m
        [36m</div>[39m
        [36m<div[39m
          [33mclass[39m=[32m"MuiGrid-root MuiGrid-item MuiGrid-grid-xs-12 MuiGrid-grid-sm-6 MuiGrid-grid-md-3 css-10voxkt-MuiGrid-root"[39m
        [36m>[39m
          [36m<div[39m
            [33mclass[39m=[32m"MuiFormControl-root MuiFormControl-fullWidth css-q8hpuo-MuiFormControl-root"[39m
          [36m>[39m
            [36m<label[39m
              [33mclass[39m=[32m"MuiFormLabel-root MuiInputLabel-root MuiInputLabel-formControl MuiInputLabel-animated MuiInputLabel-shrink MuiInputLabel-sizeSmall MuiInputLabel-outlined MuiFormLabel-colorPrimary MuiFormLabel-filled MuiInputLabel-root MuiInputLabel-formControl MuiInputLabel-animated MuiInputLabel-shrink MuiInputLabel-sizeSmall MuiInputLabel-outlined css-fe0mau-MuiFormLabel-root-MuiInputLabel-root"[39m
              [33mdata-shrink[39m=[32m"true"[39m
            [36m>[39m
              [0mStatus[0m
            [36m</label>[39m
            [36m<div[39m
              [33mclass[39m=[32m"MuiInputBase-root MuiOutlinedInput-root MuiInputBase-colorPrimary MuiInputBase-formControl MuiInputBase-sizeSmall css-13lg1x7-MuiInputBase-root-MuiOutlinedInput-root-MuiSelect-root"[39m
            [36m>[39m
              [36m<div[39m
                [33maria-controls[39m=[32m":ru:"[39m
                [33maria-expanded[39m=[32m"false"[39m
                [33maria-haspopup[39m=[32m"listbox"[39m
                [33mclass[39m=[32m"MuiSelect-select MuiSelect-outlined MuiInputBase-input MuiOutlinedInput-input MuiInputBase-inputSizeSmall css-1fzjff4-MuiSelect-select-MuiInputBase-input-MuiOutlinedInput-input"[39m
                [33mrole[39m=[32m"combobox"[39m
                [33mtabindex[39m=[32m"0"[39m
              [36m>[39m
                [0mAll Statuses[0m
              [36m</div>[39m
              [36m<input[39m
                [33maria-hidden[39m=[32m"true"[39m
                [33maria-invalid[39m=[32m"false"[39m
                [33mclass[39m=[32m"MuiSelect-nativeInput css-yf8vq0-MuiSelect-nativeInput"[39m
                [33mtabindex[39m=[32m"-1"[39m
                [33mvalue[39m=[32m"all"[39m
              [36m/>[39m
              [36m<svg[39m
                [33maria-hidden[39m=[32m"true"[39m
                [33mclass[39m=[32m"MuiSvgIcon-root MuiSvgIcon-fontSizeMedium MuiSelect-icon MuiSelect-iconOutlined css-hfutr2-MuiSvgIcon-root-MuiSelect-icon"[39m
                [33mdata-testid[39m=[32m"ArrowDropDownIcon"[39m
                [33mfocusable[39m=[32m"false"[39m
                [33mviewBox[39m=[32m"0 0 24 24"[39m
              [36m>[39m
                [36m<path[39m
                  [33md[39m=[32m"M7 10l5 5 5-5z"[39m
                [36m/>[39m
              [36m</svg>[...
 ❯ Object.getElementError node_modules/@testing-library/react/node_modules/@testing-library/dom/dist/config.js:37:19
 ❯ getElementError node_modules/@testing-library/react/node_modules/@testing-library/dom/dist/query-helpers.js:20:35
 ❯ getMultipleElementsFoundError node_modules/@testing-library/react/node_modules/@testing-library/dom/dist/query-helpers.js:23:10
 ❯ node_modules/@testing-library/react/node_modules/@testing-library/dom/dist/query-helpers.js:55:13
 ❯ node_modules/@testing-library/react/node_modules/@testing-library/dom/dist/query-helpers.js:95:19
 ❯ src/test/profile.test.tsx:252:21
    250|       );
    251| 
    252|       expect(screen.getByText('John Doe')).toBeInTheDocument();
       |                     ^
    253|       expect(screen.getByText('Full Stack Developer')).toBeInTheDocume…
    254|       expect(screen.getByText('San Francisco, CA')).toBeInTheDocument(…

⎯⎯⎯⎯⎯⎯⎯⎯⎯⎯⎯⎯⎯⎯⎯⎯⎯⎯⎯⎯⎯⎯[24/66]⎯

 FAIL  src/test/profile.test.tsx > Profile Components > FreelancerCard > shows verified badge for verified freelancers
TestingLibraryElementError: Found multiple elements with the text of: Verified freelancer

Here are the matching elements:

Ignored nodes: comments, script, style
[36m<svg[39m
  [33maria-hidden[39m=[32m"true"[39m
  [33maria-label[39m=[32m"Verified freelancer"[39m
  [33mclass[39m=[32m"MuiSvgIcon-root MuiSvgIcon-colorPrimary MuiSvgIcon-fontSizeSmall css-1bptiuh-MuiSvgIcon-root"[39m
  [33mdata-mui-internal-clone-element[39m=[32m"true"[39m
  [33mdata-testid[39m=[32m"VerifiedIcon"[39m
  [33mfocusable[39m=[32m"false"[39m
  [33mviewBox[39m=[32m"0 0 24 24"[39m
[36m>[39m
  [36m<path[39m
    [33md[39m=[32m"m23 12-2.44-2.79.34-3.69-3.61-.82-1.89-3.2L12 2.96 8.6 1.5 6.71 4.69 3.1 5.5l.34 3.7L1 12l2.44 2.79-.34 3.7 3.61.82L8.6 22.5l3.4-1.47 3.4 1.46 1.89-3.19 3.61-.82-.34-3.69zm-12.91 4.72-3.8-3.81 1.48-1.48 2.32 2.33 5.85-5.87 1.48 1.48z"[39m
  [36m/>[39m
[36m</svg>[39m

Ignored nodes: comments, script, style
[36m<svg[39m
  [33maria-hidden[39m=[32m"true"[39m
  [33maria-label[39m=[32m"Verified freelancer"[39m
  [33mclass[39m=[32m"MuiSvgIcon-root MuiSvgIcon-colorPrimary MuiSvgIcon-fontSizeSmall css-1bptiuh-MuiSvgIcon-root"[39m
  [33mdata-mui-internal-clone-element[39m=[32m"true"[39m
  [33mdata-testid[39m=[32m"VerifiedIcon"[39m
  [33mfocusable[39m=[32m"false"[39m
  [33mviewBox[39m=[32m"0 0 24 24"[39m
[36m>[39m
  [36m<path[39m
    [33md[39m=[32m"m23 12-2.44-2.79.34-3.69-3.61-.82-1.89-3.2L12 2.96 8.6 1.5 6.71 4.69 3.1 5.5l.34 3.7L1 12l2.44 2.79-.34 3.7 3.61.82L8.6 22.5l3.4-1.47 3.4 1.46 1.89-3.19 3.61-.82-.34-3.69zm-12.91 4.72-3.8-3.81 1.48-1.48 2.32 2.33 5.85-5.87 1.48 1.48z"[39m
  [36m/>[39m
[36m</svg>[39m

Ignored nodes: comments, script, style
[36m<svg[39m
  [33maria-hidden[39m=[32m"true"[39m
  [33maria-label[39m=[32m"Verified freelancer"[39m
  [33mclass[39m=[32m"MuiSvgIcon-root MuiSvgIcon-colorPrimary MuiSvgIcon-fontSizeSmall css-1bptiuh-MuiSvgIcon-root"[39m
  [33mdata-mui-internal-clone-element[39m=[32m"true"[39m
  [33mdata-testid[39m=[32m"VerifiedIcon"[39m
  [33mfocusable[39m=[32m"false"[39m
  [33mviewBox[39m=[32m"0 0 24 24"[39m
[36m>[39m
  [36m<path[39m
    [33md[39m=[32m"m23 12-2.44-2.79.34-3.69-3.61-.82-1.89-3.2L12 2.96 8.6 1.5 6.71 4.69 3.1 5.5l.34 3.7L1 12l2.44 2.79-.34 3.7 3.61.82L8.6 22.5l3.4-1.47 3.4 1.46 1.89-3.19 3.61-.82-.34-3.69zm-12.91 4.72-3.8-3.81 1.48-1.48 2.32 2.33 5.85-5.87 1.48 1.48z"[39m
  [36m/>[39m
[36m</svg>[39m

(If this is intentional, then use the `*AllBy*` variant of the query (like `queryAllByText`, `getAllByText`, or `findAllByText`)).

Ignored nodes: comments, script, style
[36m<body[39m
  [33mstyle[39m=[32m"padding-right: 1024px; overflow: hidden;"[39m
[36m>[39m
  [36m<div[39m
    [33maria-hidden[39m=[32m"true"[39m
  [36m>[39m
    [36m<div[39m
      [33mclass[39m=[32m"MuiBox-root css-0"[39m
    [36m>[39m
      [36m<div[39m
        [33mclass[39m=[32m"MuiBox-root css-i3pbo"[39m
      [36m>[39m
        [36m<h5[39m
          [33mclass[39m=[32m"MuiTypography-root MuiTypography-h5 MuiTypography-gutterBottom css-1hkf4sh-MuiTypography-root"[39m
        [36m>[39m
          [0mPayment History[0m
        [36m</h5>[39m
        [36m<p[39m
          [33mclass[39m=[32m"MuiTypography-root MuiTypography-body2 css-xtz2xu-MuiTypography-root"[39m
        [36m>[39m
          [0m1[0m
          [0m payment[0m
          [0m found[0m
        [36m</p>[39m
      [36m</div>[39m
      [36m<div[39m
        [33mclass[39m=[32m"MuiGrid-root MuiGrid-container MuiGrid-spacing-xs-2 css-12rc5ck-MuiGrid-root"[39m
      [36m>[39m
        [36m<div[39m
          [33mclass[39m=[32m"MuiGrid-root MuiGrid-item MuiGrid-grid-xs-12 MuiGrid-grid-sm-6 MuiGrid-grid-md-3 css-10voxkt-MuiGrid-root"[39m
        [36m>[39m
          [36m<div[39m
            [33mclass[39m=[32m"MuiFormControl-root MuiFormControl-fullWidth MuiTextField-root css-18hear-MuiFormControl-root-MuiTextField-root"[39m
          [36m>[39m
            [36m<div[39m
              [33mclass[39m=[32m"MuiInputBase-root MuiOutlinedInput-root MuiInputBase-colorPrimary MuiInputBase-fullWidth MuiInputBase-formControl MuiInputBase-sizeSmall MuiInputBase-adornedStart css-1cj7mpt-MuiInputBase-root-MuiOutlinedInput-root"[39m
            [36m>[39m
              [36m<div[39m
                [33mclass[39m=[32m"MuiInputAdornment-root MuiInputAdornment-positionStart MuiInputAdornment-outlined MuiInputAdornment-sizeSmall css-ittuaa-MuiInputAdornment-root"[39m
              [36m>[39m
                [36m<span[39m
                  [33mclass[39m=[32m"notranslate"[39m
                [36m>[39m
                  [0m​[0m
                [36m</span>[39m
                [36m<svg[39m
                  [33maria-hidden[39m=[32m"true"[39m
                  [33mclass[39m=[32m"MuiSvgIcon-root MuiSvgIcon-fontSizeMedium css-i4bv87-MuiSvgIcon-root"[39m
                  [33mdata-testid[39m=[32m"SearchIcon"[39m
                  [33mfocusable[39m=[32m"false"[39m
                  [33mviewBox[39m=[32m"0 0 24 24"[39m
                [36m>[39m
                  [36m<path[39m
                    [33md[39m=[32m"M15.5 14h-.79l-.28-.27C15.41 12.59 16 11.11 16 9.5 16 5.91 13.09 3 9.5 3S3 5.91 3 9.5 5.91 16 9.5 16c1.61 0 3.09-.59 4.23-1.57l.27.28v.79l5 4.99L20.49 19zm-6 0C7.01 14 5 11.99 5 9.5S7.01 5 9.5 5 14 7.01 14 9.5 11.99 14 9.5 14"[39m
                  [36m/>[39m
                [36m</svg>[39m
              [36m</div>[39m
              [36m<input[39m
                [33maria-invalid[39m=[32m"false"[39m
                [33mclass[39m=[32m"MuiInputBase-input MuiOutlinedInput-input MuiInputBase-inputSizeSmall MuiInputBase-inputAdornedStart css-1ua80n0-MuiInputBase-input-MuiOutlinedInput-input"[39m
                [33mid[39m=[32m":rt:"[39m
                [33mplaceholder[39m=[32m"Search payments..."[39m
                [33mtype[39m=[32m"text"[39m
                [33mvalue[39m=[32m""[39m
              [36m/>[39m
              [36m<fieldset[39m
                [33maria-hidden[39m=[32m"true"[39m
                [33mclass[39m=[32m"MuiOutlinedInput-notchedOutline css-r01yff-MuiNotchedOutlined-root-MuiOutlinedInput-notchedOutline"[39m
              [36m>[39m
                [36m<legend[39m
                  [33mclass[39m=[32m"css-1whs34k-MuiNotchedOutlined-root"[39m
                [36m>[39m
                  [36m<span[39m
                    [33mclass[39m=[32m"notranslate"[39m
                  [36m>[39m
                    [0m​[0m
                  [36m</span>[39m
                [36m</legend>[39m
              [36m</fieldset>[39m
            [36m</div>[39m
          [36m</div>[39m
        [36m</div>[39m
        [36m<div[39m
          [33mclass[39m=[32m"MuiGrid-root MuiGrid-item MuiGrid-grid-xs-12 MuiGrid-grid-sm-6 MuiGrid-grid-md-3 css-10voxkt-MuiGrid-root"[39m
        [36m>[39m
          [36m<div[39m
            [33mclass[39m=[32m"MuiFormControl-root MuiFormControl-fullWidth css-q8hpuo-MuiFormControl-root"[39m
          [36m>[39m
            [36m<label[39m
              [33mclass[39m=[32m"MuiFormLabel-root MuiInputLabel-root MuiInputLabel-formControl MuiInputLabel-animated MuiInputLabel-shrink MuiInputLabel-sizeSmall MuiInputLabel-outlined MuiFormLabel-colorPrimary MuiFormLabel-filled MuiInputLabel-root MuiInputLabel-formControl MuiInputLabel-animated MuiInputLabel-shrink MuiInputLabel-sizeSmall MuiInputLabel-outlined css-fe0mau-MuiFormLabel-root-MuiInputLabel-root"[39m
              [33mdata-shrink[39m=[32m"true"[39m
            [36m>[39m
              [0mStatus[0m
            [36m</label>[39m
            [36m<div[39m
              [33mclass[39m=[32m"MuiInputBase-root MuiOutlinedInput-root MuiInputBase-colorPrimary MuiInputBase-formControl MuiInputBase-sizeSmall css-13lg1x7-MuiInputBase-root-MuiOutlinedInput-root-MuiSelect-root"[39m
            [36m>[39m
              [36m<div[39m
                [33maria-controls[39m=[32m":ru:"[39m
                [33maria-expanded[39m=[32m"false"[39m
                [33maria-haspopup[39m=[32m"listbox"[39m
                [33mclass[39m=[32m"MuiSelect-select MuiSelect-outlined MuiInputBase-input MuiOutlinedInput-input MuiInputBase-inputSizeSmall css-1fzjff4-MuiSelect-select-MuiInputBase-input-MuiOutlinedInput-input"[39m
                [33mrole[39m=[32m"combobox"[39m
                [33mtabindex[39m=[32m"0"[39m
              [36m>[39m
                [0mAll Statuses[0m
              [36m</div>[39m
              [36m<input[39m
                [33maria-hidden[39m=[32m"true"[39m
                [33maria-invalid[39m=[32m"false"[39m
                [33mclass[39m=[32m"MuiSelect-nativeInput css-yf8vq0-MuiSelect-nativeInput"[39m
                [33mtabindex[39m=[32m"-1"[39m
                [33mvalue[39m=[32m"all"[39m
              [36m/>[39m
              [36m<svg[39m
                [33maria-hidden[39m=[32m"true"[39m
                [33mclass[39m=[32m"MuiSvgIcon-root MuiSvgIcon-fontSizeMedium MuiSelect-icon MuiSelect-iconOutlined css-hfutr2-MuiSvgIcon-root-MuiSelect-icon"[39m
                [33mdata-testid[39m=[32m"ArrowDropDownIcon"[39m
                [33mfocusable[39m=[32m"false"[39m
                [33mviewBox[39m=[32m"0 0 24 24"[39m
              [36m>[39m
                [36m<path[39m
                  [33md[39m=[32m"M7 10l5 5 5-5z"[39m
                [36m/>[39m
              [36m</svg>[...
 ❯ Object.getElementError node_modules/@testing-library/react/node_modules/@testing-library/dom/dist/config.js:37:19
 ❯ getElementError node_modules/@testing-library/react/node_modules/@testing-library/dom/dist/query-helpers.js:20:35
 ❯ getMultipleElementsFoundError node_modules/@testing-library/react/node_modules/@testing-library/dom/dist/query-helpers.js:23:10
 ❯ node_modules/@testing-library/react/node_modules/@testing-library/dom/dist/query-helpers.js:55:13
 ❯ node_modules/@testing-library/react/node_modules/@testing-library/dom/dist/query-helpers.js:95:19
 ❯ src/test/profile.test.tsx:285:35
    283| 
    284|       // Check for verified icon (using aria-label attribute)
    285|       const verifiedIcon = screen.getByLabelText('Verified freelancer'…
       |                                   ^
    286|       expect(verifiedIcon).toBeInTheDocument();
    287|     });

⎯⎯⎯⎯⎯⎯⎯⎯⎯⎯⎯⎯⎯⎯⎯⎯⎯⎯⎯⎯⎯⎯[25/66]⎯

 FAIL  src/test/profile.test.tsx > Profile Components > FreelancerCard > has view profile link
TestingLibraryElementError: Found multiple elements with the text: View Profile

Here are the matching elements:

Ignored nodes: comments, script, style
[36m<a[39m
  [33mclass[39m=[32m"MuiButtonBase-root MuiButton-root MuiButton-contained MuiButton-containedPrimary MuiButton-sizeSmall MuiButton-containedSizeSmall MuiButton-colorPrimary MuiButton-root MuiButton-contained MuiButton-containedPrimary MuiButton-sizeSmall MuiButton-containedSizeSmall MuiButton-colorPrimary css-11qr2p8-MuiButtonBase-root-MuiButton-root"[39m
  [33mhref[39m=[32m"/freelancers/1"[39m
  [33mtabindex[39m=[32m"0"[39m
[36m>[39m
  [0mView Profile[0m
  [36m<span[39m
    [33mclass[39m=[32m"MuiTouchRipple-root css-8je8zh-MuiTouchRipple-root"[39m
  [36m/>[39m
[36m</a>[39m

Ignored nodes: comments, script, style
[36m<a[39m
  [33mclass[39m=[32m"MuiButtonBase-root MuiButton-root MuiButton-contained MuiButton-containedPrimary MuiButton-sizeSmall MuiButton-containedSizeSmall MuiButton-colorPrimary MuiButton-root MuiButton-contained MuiButton-containedPrimary MuiButton-sizeSmall MuiButton-containedSizeSmall MuiButton-colorPrimary css-11qr2p8-MuiButtonBase-root-MuiButton-root"[39m
  [33mhref[39m=[32m"/freelancers/1"[39m
  [33mtabindex[39m=[32m"0"[39m
[36m>[39m
  [0mView Profile[0m
  [36m<span[39m
    [33mclass[39m=[32m"MuiTouchRipple-root css-8je8zh-MuiTouchRipple-root"[39m
  [36m/>[39m
[36m</a>[39m

Ignored nodes: comments, script, style
[36m<a[39m
  [33mclass[39m=[32m"MuiButtonBase-root MuiButton-root MuiButton-contained MuiButton-containedPrimary MuiButton-sizeSmall MuiButton-containedSizeSmall MuiButton-colorPrimary MuiButton-root MuiButton-contained MuiButton-containedPrimary MuiButton-sizeSmall MuiButton-containedSizeSmall MuiButton-colorPrimary css-11qr2p8-MuiButtonBase-root-MuiButton-root"[39m
  [33mhref[39m=[32m"/freelancers/1"[39m
  [33mtabindex[39m=[32m"0"[39m
[36m>[39m
  [0mView Profile[0m
  [36m<span[39m
    [33mclass[39m=[32m"MuiTouchRipple-root css-8je8zh-MuiTouchRipple-root"[39m
  [36m/>[39m
[36m</a>[39m

Ignored nodes: comments, script, style
[36m<a[39m
  [33mclass[39m=[32m"MuiButtonBase-root MuiButton-root MuiButton-contained MuiButton-containedPrimary MuiButton-sizeSmall MuiButton-containedSizeSmall MuiButton-colorPrimary MuiButton-root MuiButton-contained MuiButton-containedPrimary MuiButton-sizeSmall MuiButton-containedSizeSmall MuiButton-colorPrimary css-11qr2p8-MuiButtonBase-root-MuiButton-root"[39m
  [33mhref[39m=[32m"/freelancers/1"[39m
  [33mtabindex[39m=[32m"0"[39m
[36m>[39m
  [0mView Profile[0m
  [36m<span[39m
    [33mclass[39m=[32m"MuiTouchRipple-root css-8je8zh-MuiTouchRipple-root"[39m
  [36m/>[39m
[36m</a>[39m

Ignored nodes: comments, script, style
[36m<a[39m
  [33mclass[39m=[32m"MuiButtonBase-root MuiButton-root MuiButton-contained MuiButton-containedPrimary MuiButton-sizeSmall MuiButton-containedSizeSmall MuiButton-colorPrimary MuiButton-root MuiButton-contained MuiButton-containedPrimary MuiButton-sizeSmall MuiButton-containedSizeSmall MuiButton-colorPrimary css-11qr2p8-MuiButtonBase-root-MuiButton-root"[39m
  [33mhref[39m=[32m"/freelancers/1"[39m
  [33mtabindex[39m=[32m"0"[39m
[36m>[39m
  [0mView Profile[0m
  [36m<span[39m
    [33mclass[39m=[32m"MuiTouchRipple-root css-8je8zh-MuiTouchRipple-root"[39m
  [36m/>[39m
[36m</a>[39m

Ignored nodes: comments, script, style
[36m<a[39m
  [33mclass[39m=[32m"MuiButtonBase-root MuiButton-root MuiButton-contained MuiButton-containedPrimary MuiButton-sizeSmall MuiButton-containedSizeSmall MuiButton-colorPrimary MuiButton-root MuiButton-contained MuiButton-containedPrimary MuiButton-sizeSmall MuiButton-containedSizeSmall MuiButton-colorPrimary css-11qr2p8-MuiButtonBase-root-MuiButton-root"[39m
  [33mhref[39m=[32m"/freelancers/1"[39m
  [33mtabindex[39m=[32m"0"[39m
[36m>[39m
  [0mView Profile[0m
  [36m<span[39m
    [33mclass[39m=[32m"MuiTouchRipple-root css-8je8zh-MuiTouchRipple-root"[39m
  [36m/>[39m
[36m</a>[39m

(If this is intentional, then use the `*AllBy*` variant of the query (like `queryAllByText`, `getAllByText`, or `findAllByText`)).

Ignored nodes: comments, script, style
[36m<body[39m
  [33mstyle[39m=[32m"padding-right: 1024px; overflow: hidden;"[39m
[36m>[39m
  [36m<div[39m
    [33maria-hidden[39m=[32m"true"[39m
  [36m>[39m
    [36m<div[39m
      [33mclass[39m=[32m"MuiBox-root css-0"[39m
    [36m>[39m
      [36m<div[39m
        [33mclass[39m=[32m"MuiBox-root css-i3pbo"[39m
      [36m>[39m
        [36m<h5[39m
          [33mclass[39m=[32m"MuiTypography-root MuiTypography-h5 MuiTypography-gutterBottom css-1hkf4sh-MuiTypography-root"[39m
        [36m>[39m
          [0mPayment History[0m
        [36m</h5>[39m
        [36m<p[39m
          [33mclass[39m=[32m"MuiTypography-root MuiTypography-body2 css-xtz2xu-MuiTypography-root"[39m
        [36m>[39m
          [0m1[0m
          [0m payment[0m
          [0m found[0m
        [36m</p>[39m
      [36m</div>[39m
      [36m<div[39m
        [33mclass[39m=[32m"MuiGrid-root MuiGrid-container MuiGrid-spacing-xs-2 css-12rc5ck-MuiGrid-root"[39m
      [36m>[39m
        [36m<div[39m
          [33mclass[39m=[32m"MuiGrid-root MuiGrid-item MuiGrid-grid-xs-12 MuiGrid-grid-sm-6 MuiGrid-grid-md-3 css-10voxkt-MuiGrid-root"[39m
        [36m>[39m
          [36m<div[39m
            [33mclass[39m=[32m"MuiFormControl-root MuiFormControl-fullWidth MuiTextField-root css-18hear-MuiFormControl-root-MuiTextField-root"[39m
          [36m>[39m
            [36m<div[39m
              [33mclass[39m=[32m"MuiInputBase-root MuiOutlinedInput-root MuiInputBase-colorPrimary MuiInputBase-fullWidth MuiInputBase-formControl MuiInputBase-sizeSmall MuiInputBase-adornedStart css-1cj7mpt-MuiInputBase-root-MuiOutlinedInput-root"[39m
            [36m>[39m
              [36m<div[39m
                [33mclass[39m=[32m"MuiInputAdornment-root MuiInputAdornment-positionStart MuiInputAdornment-outlined MuiInputAdornment-sizeSmall css-ittuaa-MuiInputAdornment-root"[39m
              [36m>[39m
                [36m<span[39m
                  [33mclass[39m=[32m"notranslate"[39m
                [36m>[39m
                  [0m​[0m
                [36m</span>[39m
                [36m<svg[39m
                  [33maria-hidden[39m=[32m"true"[39m
                  [33mclass[39m=[32m"MuiSvgIcon-root MuiSvgIcon-fontSizeMedium css-i4bv87-MuiSvgIcon-root"[39m
                  [33mdata-testid[39m=[32m"SearchIcon"[39m
                  [33mfocusable[39m=[32m"false"[39m
                  [33mviewBox[39m=[32m"0 0 24 24"[39m
                [36m>[39m
                  [36m<path[39m
                    [33md[39m=[32m"M15.5 14h-.79l-.28-.27C15.41 12.59 16 11.11 16 9.5 16 5.91 13.09 3 9.5 3S3 5.91 3 9.5 5.91 16 9.5 16c1.61 0 3.09-.59 4.23-1.57l.27.28v.79l5 4.99L20.49 19zm-6 0C7.01 14 5 11.99 5 9.5S7.01 5 9.5 5 14 7.01 14 9.5 11.99 14 9.5 14"[39m
                  [36m/>[39m
                [36m</svg>[39m
              [36m</div>[39m
              [36m<input[39m
                [33maria-invalid[39m=[32m"false"[39m
                [33mclass[39m=[32m"MuiInputBase-input MuiOutlinedInput-input MuiInputBase-inputSizeSmall MuiInputBase-inputAdornedStart css-1ua80n0-MuiInputBase-input-MuiOutlinedInput-input"[39m
                [33mid[39m=[32m":rt:"[39m
                [33mplaceholder[39m=[32m"Search payments..."[39m
                [33mtype[39m=[32m"text"[39m
                [33mvalue[39m=[32m""[39m
              [36m/>[39m
              [36m<fieldset[39m
                [33maria-hidden[39m=[32m"true"[39m
                [33mclass[39m=[32m"MuiOutlinedInput-notchedOutline css-r01yff-MuiNotchedOutlined-root-MuiOutlinedInput-notchedOutline"[39m
              [36m>[39m
                [36m<legend[39m
                  [33mclass[39m=[32m"css-1whs34k-MuiNotchedOutlined-root"[39m
                [36m>[39m
                  [36m<span[39m
                    [33mclass[39m=[32m"notranslate"[39m
                  [36m>[39m
                    [0m​[0m
                  [36m</span>[39m
                [36m</legend>[39m
              [36m</fieldset>[39m
            [36m</div>[39m
          [36m</div>[39m
        [36m</div>[39m
        [36m<div[39m
          [33mclass[39m=[32m"MuiGrid-root MuiGrid-item MuiGrid-grid-xs-12 MuiGrid-grid-sm-6 MuiGrid-grid-md-3 css-10voxkt-MuiGrid-root"[39m
        [36m>[39m
          [36m<div[39m
            [33mclass[39m=[32m"MuiFormControl-root MuiFormControl-fullWidth css-q8hpuo-MuiFormControl-root"[39m
          [36m>[39m
            [36m<label[39m
              [33mclass[39m=[32m"MuiFormLabel-root MuiInputLabel-root MuiInputLabel-formControl MuiInputLabel-animated MuiInputLabel-shrink MuiInputLabel-sizeSmall MuiInputLabel-outlined MuiFormLabel-colorPrimary MuiFormLabel-filled MuiInputLabel-root MuiInputLabel-formControl MuiInputLabel-animated MuiInputLabel-shrink MuiInputLabel-sizeSmall MuiInputLabel-outlined css-fe0mau-MuiFormLabel-root-MuiInputLabel-root"[39m
              [33mdata-shrink[39m=[32m"true"[39m
            [36m>[39m
              [0mStatus[0m
            [36m</label>[39m
            [36m<div[39m
              [33mclass[39m=[32m"MuiInputBase-root MuiOutlinedInput-root MuiInputBase-colorPrimary MuiInputBase-formControl MuiInputBase-sizeSmall css-13lg1x7-MuiInputBase-root-MuiOutlinedInput-root-MuiSelect-root"[39m
            [36m>[39m
              [36m<div[39m
                [33maria-controls[39m=[32m":ru:"[39m
                [33maria-expanded[39m=[32m"false"[39m
                [33maria-haspopup[39m=[32m"listbox"[39m
                [33mclass[39m=[32m"MuiSelect-select MuiSelect-outlined MuiInputBase-input MuiOutlinedInput-input MuiInputBase-inputSizeSmall css-1fzjff4-MuiSelect-select-MuiInputBase-input-MuiOutlinedInput-input"[39m
                [33mrole[39m=[32m"combobox"[39m
                [33mtabindex[39m=[32m"0"[39m
              [36m>[39m
                [0mAll Statuses[0m
              [36m</div>[39m
              [36m<input[39m
                [33maria-hidden[39m=[32m"true"[39m
                [33maria-invalid[39m=[32m"false"[39m
                [33mclass[39m=[32m"MuiSelect-nativeInput css-yf8vq0-MuiSelect-nativeInput"[39m
                [33mtabindex[39m=[32m"-1"[39m
                [33mvalue[39m=[32m"all"[39m
              [36m/>[39m
              [36m<svg[39m
                [33maria-hidden[39m=[32m"true"[39m
                [33mclass[39m=[32m"MuiSvgIcon-root MuiSvgIcon-fontSizeMedium MuiSelect-icon MuiSelect-iconOutlined css-hfutr2-MuiSvgIcon-root-MuiSelect-icon"[39m
                [33mdata-testid[39m=[32m"ArrowDropDownIcon"[39m
                [33mfocusable[39m=[32m"false"[39m
                [33mviewBox[39m=[32m"0 0 24 24"[39m
              [36m>[39m
                [36m<path[39m
                  [33md[39m=[32m"M7 10l5 5 5-5z"[39m
                [36m/>[39m
              [36m</svg>[...
 ❯ Object.getElementError node_modules/@testing-library/react/node_modules/@testing-library/dom/dist/config.js:37:19
 ❯ getElementError node_modules/@testing-library/react/node_modules/@testing-library/dom/dist/query-helpers.js:20:35
 ❯ getMultipleElementsFoundError node_modules/@testing-library/react/node_modules/@testing-library/dom/dist/query-helpers.js:23:10
 ❯ node_modules/@testing-library/react/node_modules/@testing-library/dom/dist/query-helpers.js:55:13
 ❯ node_modules/@testing-library/react/node_modules/@testing-library/dom/dist/query-helpers.js:95:19
 ❯ src/test/profile.test.tsx:334:38
    332|       );
    333| 
    334|       const viewProfileLink = screen.getByText('View Profile');
       |                                      ^
    335|       expect(viewProfileLink).toBeInTheDocument();
    336|       expect(viewProfileLink.closest('a')).toHaveAttribute('href', '/f…

⎯⎯⎯⎯⎯⎯⎯⎯⎯⎯⎯⎯⎯⎯⎯⎯⎯⎯⎯⎯⎯⎯[26/66]⎯

 FAIL  src/test/project.test.tsx > Project Components > ProjectCard > displays featured badge for featured projects
TestingLibraryElementError: Found multiple elements with the text: FEATURED

Here are the matching elements:

Ignored nodes: comments, script, style
[36m<div[39m
  [33mclass[39m=[32m"MuiBox-root css-9zj1wp"[39m
[36m>[39m
  [0mFEATURED[0m
[36m</div>[39m

Ignored nodes: comments, script, style
[36m<div[39m
  [33mclass[39m=[32m"MuiBox-root css-9zj1wp"[39m
[36m>[39m
  [0mFEATURED[0m
[36m</div>[39m

(If this is intentional, then use the `*AllBy*` variant of the query (like `queryAllByText`, `getAllByText`, or `findAllByText`)).

Ignored nodes: comments, script, style
[36m<body[39m
  [33mstyle[39m=[32m"padding-right: 1024px; overflow: hidden;"[39m
[36m>[39m
  [36m<div[39m
    [33maria-hidden[39m=[32m"true"[39m
  [36m>[39m
    [36m<div[39m
      [33mclass[39m=[32m"MuiBox-root css-0"[39m
    [36m>[39m
      [36m<div[39m
        [33mclass[39m=[32m"MuiBox-root css-i3pbo"[39m
      [36m>[39m
        [36m<h5[39m
          [33mclass[39m=[32m"MuiTypography-root MuiTypography-h5 MuiTypography-gutterBottom css-1hkf4sh-MuiTypography-root"[39m
        [36m>[39m
          [0mPayment History[0m
        [36m</h5>[39m
        [36m<p[39m
          [33mclass[39m=[32m"MuiTypography-root MuiTypography-body2 css-xtz2xu-MuiTypography-root"[39m
        [36m>[39m
          [0m1[0m
          [0m payment[0m
          [0m found[0m
        [36m</p>[39m
      [36m</div>[39m
      [36m<div[39m
        [33mclass[39m=[32m"MuiGrid-root MuiGrid-container MuiGrid-spacing-xs-2 css-12rc5ck-MuiGrid-root"[39m
      [36m>[39m
        [36m<div[39m
          [33mclass[39m=[32m"MuiGrid-root MuiGrid-item MuiGrid-grid-xs-12 MuiGrid-grid-sm-6 MuiGrid-grid-md-3 css-10voxkt-MuiGrid-root"[39m
        [36m>[39m
          [36m<div[39m
            [33mclass[39m=[32m"MuiFormControl-root MuiFormControl-fullWidth MuiTextField-root css-18hear-MuiFormControl-root-MuiTextField-root"[39m
          [36m>[39m
            [36m<div[39m
              [33mclass[39m=[32m"MuiInputBase-root MuiOutlinedInput-root MuiInputBase-colorPrimary MuiInputBase-fullWidth MuiInputBase-formControl MuiInputBase-sizeSmall MuiInputBase-adornedStart css-1cj7mpt-MuiInputBase-root-MuiOutlinedInput-root"[39m
            [36m>[39m
              [36m<div[39m
                [33mclass[39m=[32m"MuiInputAdornment-root MuiInputAdornment-positionStart MuiInputAdornment-outlined MuiInputAdornment-sizeSmall css-ittuaa-MuiInputAdornment-root"[39m
              [36m>[39m
                [36m<span[39m
                  [33mclass[39m=[32m"notranslate"[39m
                [36m>[39m
                  [0m​[0m
                [36m</span>[39m
                [36m<svg[39m
                  [33maria-hidden[39m=[32m"true"[39m
                  [33mclass[39m=[32m"MuiSvgIcon-root MuiSvgIcon-fontSizeMedium css-i4bv87-MuiSvgIcon-root"[39m
                  [33mdata-testid[39m=[32m"SearchIcon"[39m
                  [33mfocusable[39m=[32m"false"[39m
                  [33mviewBox[39m=[32m"0 0 24 24"[39m
                [36m>[39m
                  [36m<path[39m
                    [33md[39m=[32m"M15.5 14h-.79l-.28-.27C15.41 12.59 16 11.11 16 9.5 16 5.91 13.09 3 9.5 3S3 5.91 3 9.5 5.91 16 9.5 16c1.61 0 3.09-.59 4.23-1.57l.27.28v.79l5 4.99L20.49 19zm-6 0C7.01 14 5 11.99 5 9.5S7.01 5 9.5 5 14 7.01 14 9.5 11.99 14 9.5 14"[39m
                  [36m/>[39m
                [36m</svg>[39m
              [36m</div>[39m
              [36m<input[39m
                [33maria-invalid[39m=[32m"false"[39m
                [33mclass[39m=[32m"MuiInputBase-input MuiOutlinedInput-input MuiInputBase-inputSizeSmall MuiInputBase-inputAdornedStart css-1ua80n0-MuiInputBase-input-MuiOutlinedInput-input"[39m
                [33mid[39m=[32m":rt:"[39m
                [33mplaceholder[39m=[32m"Search payments..."[39m
                [33mtype[39m=[32m"text"[39m
                [33mvalue[39m=[32m""[39m
              [36m/>[39m
              [36m<fieldset[39m
                [33maria-hidden[39m=[32m"true"[39m
                [33mclass[39m=[32m"MuiOutlinedInput-notchedOutline css-r01yff-MuiNotchedOutlined-root-MuiOutlinedInput-notchedOutline"[39m
              [36m>[39m
                [36m<legend[39m
                  [33mclass[39m=[32m"css-1whs34k-MuiNotchedOutlined-root"[39m
                [36m>[39m
                  [36m<span[39m
                    [33mclass[39m=[32m"notranslate"[39m
                  [36m>[39m
                    [0m​[0m
                  [36m</span>[39m
                [36m</legend>[39m
              [36m</fieldset>[39m
            [36m</div>[39m
          [36m</div>[39m
        [36m</div>[39m
        [36m<div[39m
          [33mclass[39m=[32m"MuiGrid-root MuiGrid-item MuiGrid-grid-xs-12 MuiGrid-grid-sm-6 MuiGrid-grid-md-3 css-10voxkt-MuiGrid-root"[39m
        [36m>[39m
          [36m<div[39m
            [33mclass[39m=[32m"MuiFormControl-root MuiFormControl-fullWidth css-q8hpuo-MuiFormControl-root"[39m
          [36m>[39m
            [36m<label[39m
              [33mclass[39m=[32m"MuiFormLabel-root MuiInputLabel-root MuiInputLabel-formControl MuiInputLabel-animated MuiInputLabel-shrink MuiInputLabel-sizeSmall MuiInputLabel-outlined MuiFormLabel-colorPrimary MuiFormLabel-filled MuiInputLabel-root MuiInputLabel-formControl MuiInputLabel-animated MuiInputLabel-shrink MuiInputLabel-sizeSmall MuiInputLabel-outlined css-fe0mau-MuiFormLabel-root-MuiInputLabel-root"[39m
              [33mdata-shrink[39m=[32m"true"[39m
            [36m>[39m
              [0mStatus[0m
            [36m</label>[39m
            [36m<div[39m
              [33mclass[39m=[32m"MuiInputBase-root MuiOutlinedInput-root MuiInputBase-colorPrimary MuiInputBase-formControl MuiInputBase-sizeSmall css-13lg1x7-MuiInputBase-root-MuiOutlinedInput-root-MuiSelect-root"[39m
            [36m>[39m
              [36m<div[39m
                [33maria-controls[39m=[32m":ru:"[39m
                [33maria-expanded[39m=[32m"false"[39m
                [33maria-haspopup[39m=[32m"listbox"[39m
                [33mclass[39m=[32m"MuiSelect-select MuiSelect-outlined MuiInputBase-input MuiOutlinedInput-input MuiInputBase-inputSizeSmall css-1fzjff4-MuiSelect-select-MuiInputBase-input-MuiOutlinedInput-input"[39m
                [33mrole[39m=[32m"combobox"[39m
                [33mtabindex[39m=[32m"0"[39m
              [36m>[39m
                [0mAll Statuses[0m
              [36m</div>[39m
              [36m<input[39m
                [33maria-hidden[39m=[32m"true"[39m
                [33maria-invalid[39m=[32m"false"[39m
                [33mclass[39m=[32m"MuiSelect-nativeInput css-yf8vq0-MuiSelect-nativeInput"[39m
                [33mtabindex[39m=[32m"-1"[39m
                [33mvalue[39m=[32m"all"[39m
              [36m/>[39m
              [36m<svg[39m
                [33maria-hidden[39m=[32m"true"[39m
                [33mclass[39m=[32m"MuiSvgIcon-root MuiSvgIcon-fontSizeMedium MuiSelect-icon MuiSelect-iconOutlined css-hfutr2-MuiSvgIcon-root-MuiSelect-icon"[39m
                [33mdata-testid[39m=[32m"ArrowDropDownIcon"[39m
                [33mfocusable[39m=[32m"false"[39m
                [33mviewBox[39m=[32m"0 0 24 24"[39m
              [36m>[39m
                [36m<path[39m
                  [33md[39m=[32m"M7 10l5 5 5-5z"[39m
                [36m/>[39m
              [36m</svg>[...
 ❯ Object.getElementError node_modules/@testing-library/react/node_modules/@testing-library/dom/dist/config.js:37:19
 ❯ getElementError node_modules/@testing-library/react/node_modules/@testing-library/dom/dist/query-helpers.js:20:35
 ❯ getMultipleElementsFoundError node_modules/@testing-library/react/node_modules/@testing-library/dom/dist/query-helpers.js:23:10
 ❯ node_modules/@testing-library/react/node_modules/@testing-library/dom/dist/query-helpers.js:55:13
 ❯ node_modules/@testing-library/react/node_modules/@testing-library/dom/dist/query-helpers.js:95:19
 ❯ src/test/project.test.tsx:129:21
    127|       );
    128| 
    129|       expect(screen.getByText('FEATURED')).toBeInTheDocument();
       |                     ^
    130|     });
    131| 

⎯⎯⎯⎯⎯⎯⎯⎯⎯⎯⎯⎯⎯⎯⎯⎯⎯⎯⎯⎯⎯⎯[27/66]⎯

 FAIL  src/test/project.test.tsx > Project Components > ProjectCard > shows urgent flag for urgent projects
TestingLibraryElementError: Unable to find an element with the title: Urgent project.

Ignored nodes: comments, script, style
[36m<body[39m
  [33mstyle[39m=[32m"padding-right: 1024px; overflow: hidden;"[39m
[36m>[39m
  [36m<div[39m
    [33maria-hidden[39m=[32m"true"[39m
  [36m>[39m
    [36m<div[39m
      [33mclass[39m=[32m"MuiBox-root css-0"[39m
    [36m>[39m
      [36m<div[39m
        [33mclass[39m=[32m"MuiBox-root css-i3pbo"[39m
      [36m>[39m
        [36m<h5[39m
          [33mclass[39m=[32m"MuiTypography-root MuiTypography-h5 MuiTypography-gutterBottom css-1hkf4sh-MuiTypography-root"[39m
        [36m>[39m
          [0mPayment History[0m
        [36m</h5>[39m
        [36m<p[39m
          [33mclass[39m=[32m"MuiTypography-root MuiTypography-body2 css-xtz2xu-MuiTypography-root"[39m
        [36m>[39m
          [0m1[0m
          [0m payment[0m
          [0m found[0m
        [36m</p>[39m
      [36m</div>[39m
      [36m<div[39m
        [33mclass[39m=[32m"MuiGrid-root MuiGrid-container MuiGrid-spacing-xs-2 css-12rc5ck-MuiGrid-root"[39m
      [36m>[39m
        [36m<div[39m
          [33mclass[39m=[32m"MuiGrid-root MuiGrid-item MuiGrid-grid-xs-12 MuiGrid-grid-sm-6 MuiGrid-grid-md-3 css-10voxkt-MuiGrid-root"[39m
        [36m>[39m
          [36m<div[39m
            [33mclass[39m=[32m"MuiFormControl-root MuiFormControl-fullWidth MuiTextField-root css-18hear-MuiFormControl-root-MuiTextField-root"[39m
          [36m>[39m
            [36m<div[39m
              [33mclass[39m=[32m"MuiInputBase-root MuiOutlinedInput-root MuiInputBase-colorPrimary MuiInputBase-fullWidth MuiInputBase-formControl MuiInputBase-sizeSmall MuiInputBase-adornedStart css-1cj7mpt-MuiInputBase-root-MuiOutlinedInput-root"[39m
            [36m>[39m
              [36m<div[39m
                [33mclass[39m=[32m"MuiInputAdornment-root MuiInputAdornment-positionStart MuiInputAdornment-outlined MuiInputAdornment-sizeSmall css-ittuaa-MuiInputAdornment-root"[39m
              [36m>[39m
                [36m<span[39m
                  [33mclass[39m=[32m"notranslate"[39m
                [36m>[39m
                  [0m​[0m
                [36m</span>[39m
                [36m<svg[39m
                  [33maria-hidden[39m=[32m"true"[39m
                  [33mclass[39m=[32m"MuiSvgIcon-root MuiSvgIcon-fontSizeMedium css-i4bv87-MuiSvgIcon-root"[39m
                  [33mdata-testid[39m=[32m"SearchIcon"[39m
                  [33mfocusable[39m=[32m"false"[39m
                  [33mviewBox[39m=[32m"0 0 24 24"[39m
                [36m>[39m
                  [36m<path[39m
                    [33md[39m=[32m"M15.5 14h-.79l-.28-.27C15.41 12.59 16 11.11 16 9.5 16 5.91 13.09 3 9.5 3S3 5.91 3 9.5 5.91 16 9.5 16c1.61 0 3.09-.59 4.23-1.57l.27.28v.79l5 4.99L20.49 19zm-6 0C7.01 14 5 11.99 5 9.5S7.01 5 9.5 5 14 7.01 14 9.5 11.99 14 9.5 14"[39m
                  [36m/>[39m
                [36m</svg>[39m
              [36m</div>[39m
              [36m<input[39m
                [33maria-invalid[39m=[32m"false"[39m
                [33mclass[39m=[32m"MuiInputBase-input MuiOutlinedInput-input MuiInputBase-inputSizeSmall MuiInputBase-inputAdornedStart css-1ua80n0-MuiInputBase-input-MuiOutlinedInput-input"[39m
                [33mid[39m=[32m":rt:"[39m
                [33mplaceholder[39m=[32m"Search payments..."[39m
                [33mtype[39m=[32m"text"[39m
                [33mvalue[39m=[32m""[39m
              [36m/>[39m
              [36m<fieldset[39m
                [33maria-hidden[39m=[32m"true"[39m
                [33mclass[39m=[32m"MuiOutlinedInput-notchedOutline css-r01yff-MuiNotchedOutlined-root-MuiOutlinedInput-notchedOutline"[39m
              [36m>[39m
                [36m<legend[39m
                  [33mclass[39m=[32m"css-1whs34k-MuiNotchedOutlined-root"[39m
                [36m>[39m
                  [36m<span[39m
                    [33mclass[39m=[32m"notranslate"[39m
                  [36m>[39m
                    [0m​[0m
                  [36m</span>[39m
                [36m</legend>[39m
              [36m</fieldset>[39m
            [36m</div>[39m
          [36m</div>[39m
        [36m</div>[39m
        [36m<div[39m
          [33mclass[39m=[32m"MuiGrid-root MuiGrid-item MuiGrid-grid-xs-12 MuiGrid-grid-sm-6 MuiGrid-grid-md-3 css-10voxkt-MuiGrid-root"[39m
        [36m>[39m
          [36m<div[39m
            [33mclass[39m=[32m"MuiFormControl-root MuiFormControl-fullWidth css-q8hpuo-MuiFormControl-root"[39m
          [36m>[39m
            [36m<label[39m
              [33mclass[39m=[32m"MuiFormLabel-root MuiInputLabel-root MuiInputLabel-formControl MuiInputLabel-animated MuiInputLabel-shrink MuiInputLabel-sizeSmall MuiInputLabel-outlined MuiFormLabel-colorPrimary MuiFormLabel-filled MuiInputLabel-root MuiInputLabel-formControl MuiInputLabel-animated MuiInputLabel-shrink MuiInputLabel-sizeSmall MuiInputLabel-outlined css-fe0mau-MuiFormLabel-root-MuiInputLabel-root"[39m
              [33mdata-shrink[39m=[32m"true"[39m
            [36m>[39m
              [0mStatus[0m
            [36m</label>[39m
            [36m<div[39m
              [33mclass[39m=[32m"MuiInputBase-root MuiOutlinedInput-root MuiInputBase-colorPrimary MuiInputBase-formControl MuiInputBase-sizeSmall css-13lg1x7-MuiInputBase-root-MuiOutlinedInput-root-MuiSelect-root"[39m
            [36m>[39m
              [36m<div[39m
                [33maria-controls[39m=[32m":ru:"[39m
                [33maria-expanded[39m=[32m"false"[39m
                [33maria-haspopup[39m=[32m"listbox"[39m
                [33mclass[39m=[32m"MuiSelect-select MuiSelect-outlined MuiInputBase-input MuiOutlinedInput-input MuiInputBase-inputSizeSmall css-1fzjff4-MuiSelect-select-MuiInputBase-input-MuiOutlinedInput-input"[39m
                [33mrole[39m=[32m"combobox"[39m
                [33mtabindex[39m=[32m"0"[39m
              [36m>[39m
                [0mAll Statuses[0m
              [36m</div>[39m
              [36m<input[39m
                [33maria-hidden[39m=[32m"true"[39m
                [33maria-invalid[39m=[32m"false"[39m
                [33mclass[39m=[32m"MuiSelect-nativeInput css-yf8vq0-MuiSelect-nativeInput"[39m
                [33mtabindex[39m=[32m"-1"[39m
                [33mvalue[39m=[32m"all"[39m
              [36m/>[39m
              [36m<svg[39m
                [33maria-hidden[39m=[32m"true"[39m
                [33mclass[39m=[32m"MuiSvgIcon-root MuiSvgIcon-fontSizeMedium MuiSelect-icon MuiSelect-iconOutlined css-hfutr2-MuiSvgIcon-root-MuiSelect-icon"[39m
                [33mdata-testid[39m=[32m"ArrowDropDownIcon"[39m
                [33mfocusable[39m=[32m"false"[39m
                [33mviewBox[39m=[32m"0 0 24 24"[39m
              [36m>[39m
                [36m<path[39m
                  [33md[39m=[32m"M7 10l5 5 5-5z"[39m
                [36m/>[39m
              [36m</svg>[...
 ❯ Object.getElementError node_modules/@testing-library/react/node_modules/@testing-library/dom/dist/config.js:37:19
 ❯ node_modules/@testing-library/react/node_modules/@testing-library/dom/dist/query-helpers.js:76:38
 ❯ node_modules/@testing-library/react/node_modules/@testing-library/dom/dist/query-helpers.js:52:17
 ❯ node_modules/@testing-library/react/node_modules/@testing-library/dom/dist/query-helpers.js:95:19
 ❯ src/test/project.test.tsx:142:33
    140| 
    141|       // Check for urgent flag icon (using title attribute)
    142|       const urgentIcon = screen.getByTitle('Urgent project');
       |                                 ^
    143|       expect(urgentIcon).toBeInTheDocument();
    144|     });

⎯⎯⎯⎯⎯⎯⎯⎯⎯⎯⎯⎯⎯⎯⎯⎯⎯⎯⎯⎯⎯⎯[28/66]⎯

 FAIL  src/test/project.test.tsx > Project Components > ProjectCard > displays skills with overflow indicator
TestingLibraryElementError: Found multiple elements with the text: React

Here are the matching elements:

Ignored nodes: comments, script, style
[36m<span[39m
  [33mclass[39m=[32m"MuiChip-label MuiChip-labelSmall css-rrn746-MuiChip-label"[39m
[36m>[39m
  [0mReact[0m
[36m</span>[39m

Ignored nodes: comments, script, style
[36m<span[39m
  [33mclass[39m=[32m"MuiChip-label MuiChip-labelSmall css-rrn746-MuiChip-label"[39m
[36m>[39m
  [0mReact[0m
[36m</span>[39m

Ignored nodes: comments, script, style
[36m<span[39m
  [33mclass[39m=[32m"MuiChip-label MuiChip-labelSmall css-rrn746-MuiChip-label"[39m
[36m>[39m
  [0mReact[0m
[36m</span>[39m

Ignored nodes: comments, script, style
[36m<span[39m
  [33mclass[39m=[32m"MuiChip-label MuiChip-labelSmall css-rrn746-MuiChip-label"[39m
[36m>[39m
  [0mReact[0m
[36m</span>[39m

(If this is intentional, then use the `*AllBy*` variant of the query (like `queryAllByText`, `getAllByText`, or `findAllByText`)).

Ignored nodes: comments, script, style
[36m<body[39m
  [33mstyle[39m=[32m"padding-right: 1024px; overflow: hidden;"[39m
[36m>[39m
  [36m<div[39m
    [33maria-hidden[39m=[32m"true"[39m
  [36m>[39m
    [36m<div[39m
      [33mclass[39m=[32m"MuiBox-root css-0"[39m
    [36m>[39m
      [36m<div[39m
        [33mclass[39m=[32m"MuiBox-root css-i3pbo"[39m
      [36m>[39m
        [36m<h5[39m
          [33mclass[39m=[32m"MuiTypography-root MuiTypography-h5 MuiTypography-gutterBottom css-1hkf4sh-MuiTypography-root"[39m
        [36m>[39m
          [0mPayment History[0m
        [36m</h5>[39m
        [36m<p[39m
          [33mclass[39m=[32m"MuiTypography-root MuiTypography-body2 css-xtz2xu-MuiTypography-root"[39m
        [36m>[39m
          [0m1[0m
          [0m payment[0m
          [0m found[0m
        [36m</p>[39m
      [36m</div>[39m
      [36m<div[39m
        [33mclass[39m=[32m"MuiGrid-root MuiGrid-container MuiGrid-spacing-xs-2 css-12rc5ck-MuiGrid-root"[39m
      [36m>[39m
        [36m<div[39m
          [33mclass[39m=[32m"MuiGrid-root MuiGrid-item MuiGrid-grid-xs-12 MuiGrid-grid-sm-6 MuiGrid-grid-md-3 css-10voxkt-MuiGrid-root"[39m
        [36m>[39m
          [36m<div[39m
            [33mclass[39m=[32m"MuiFormControl-root MuiFormControl-fullWidth MuiTextField-root css-18hear-MuiFormControl-root-MuiTextField-root"[39m
          [36m>[39m
            [36m<div[39m
              [33mclass[39m=[32m"MuiInputBase-root MuiOutlinedInput-root MuiInputBase-colorPrimary MuiInputBase-fullWidth MuiInputBase-formControl MuiInputBase-sizeSmall MuiInputBase-adornedStart css-1cj7mpt-MuiInputBase-root-MuiOutlinedInput-root"[39m
            [36m>[39m
              [36m<div[39m
                [33mclass[39m=[32m"MuiInputAdornment-root MuiInputAdornment-positionStart MuiInputAdornment-outlined MuiInputAdornment-sizeSmall css-ittuaa-MuiInputAdornment-root"[39m
              [36m>[39m
                [36m<span[39m
                  [33mclass[39m=[32m"notranslate"[39m
                [36m>[39m
                  [0m​[0m
                [36m</span>[39m
                [36m<svg[39m
                  [33maria-hidden[39m=[32m"true"[39m
                  [33mclass[39m=[32m"MuiSvgIcon-root MuiSvgIcon-fontSizeMedium css-i4bv87-MuiSvgIcon-root"[39m
                  [33mdata-testid[39m=[32m"SearchIcon"[39m
                  [33mfocusable[39m=[32m"false"[39m
                  [33mviewBox[39m=[32m"0 0 24 24"[39m
                [36m>[39m
                  [36m<path[39m
                    [33md[39m=[32m"M15.5 14h-.79l-.28-.27C15.41 12.59 16 11.11 16 9.5 16 5.91 13.09 3 9.5 3S3 5.91 3 9.5 5.91 16 9.5 16c1.61 0 3.09-.59 4.23-1.57l.27.28v.79l5 4.99L20.49 19zm-6 0C7.01 14 5 11.99 5 9.5S7.01 5 9.5 5 14 7.01 14 9.5 11.99 14 9.5 14"[39m
                  [36m/>[39m
                [36m</svg>[39m
              [36m</div>[39m
              [36m<input[39m
                [33maria-invalid[39m=[32m"false"[39m
                [33mclass[39m=[32m"MuiInputBase-input MuiOutlinedInput-input MuiInputBase-inputSizeSmall MuiInputBase-inputAdornedStart css-1ua80n0-MuiInputBase-input-MuiOutlinedInput-input"[39m
                [33mid[39m=[32m":rt:"[39m
                [33mplaceholder[39m=[32m"Search payments..."[39m
                [33mtype[39m=[32m"text"[39m
                [33mvalue[39m=[32m""[39m
              [36m/>[39m
              [36m<fieldset[39m
                [33maria-hidden[39m=[32m"true"[39m
                [33mclass[39m=[32m"MuiOutlinedInput-notchedOutline css-r01yff-MuiNotchedOutlined-root-MuiOutlinedInput-notchedOutline"[39m
              [36m>[39m
                [36m<legend[39m
                  [33mclass[39m=[32m"css-1whs34k-MuiNotchedOutlined-root"[39m
                [36m>[39m
                  [36m<span[39m
                    [33mclass[39m=[32m"notranslate"[39m
                  [36m>[39m
                    [0m​[0m
                  [36m</span>[39m
                [36m</legend>[39m
              [36m</fieldset>[39m
            [36m</div>[39m
          [36m</div>[39m
        [36m</div>[39m
        [36m<div[39m
          [33mclass[39m=[32m"MuiGrid-root MuiGrid-item MuiGrid-grid-xs-12 MuiGrid-grid-sm-6 MuiGrid-grid-md-3 css-10voxkt-MuiGrid-root"[39m
        [36m>[39m
          [36m<div[39m
            [33mclass[39m=[32m"MuiFormControl-root MuiFormControl-fullWidth css-q8hpuo-MuiFormControl-root"[39m
          [36m>[39m
            [36m<label[39m
              [33mclass[39m=[32m"MuiFormLabel-root MuiInputLabel-root MuiInputLabel-formControl MuiInputLabel-animated MuiInputLabel-shrink MuiInputLabel-sizeSmall MuiInputLabel-outlined MuiFormLabel-colorPrimary MuiFormLabel-filled MuiInputLabel-root MuiInputLabel-formControl MuiInputLabel-animated MuiInputLabel-shrink MuiInputLabel-sizeSmall MuiInputLabel-outlined css-fe0mau-MuiFormLabel-root-MuiInputLabel-root"[39m
              [33mdata-shrink[39m=[32m"true"[39m
            [36m>[39m
              [0mStatus[0m
            [36m</label>[39m
            [36m<div[39m
              [33mclass[39m=[32m"MuiInputBase-root MuiOutlinedInput-root MuiInputBase-colorPrimary MuiInputBase-formControl MuiInputBase-sizeSmall css-13lg1x7-MuiInputBase-root-MuiOutlinedInput-root-MuiSelect-root"[39m
            [36m>[39m
              [36m<div[39m
                [33maria-controls[39m=[32m":ru:"[39m
                [33maria-expanded[39m=[32m"false"[39m
                [33maria-haspopup[39m=[32m"listbox"[39m
                [33mclass[39m=[32m"MuiSelect-select MuiSelect-outlined MuiInputBase-input MuiOutlinedInput-input MuiInputBase-inputSizeSmall css-1fzjff4-MuiSelect-select-MuiInputBase-input-MuiOutlinedInput-input"[39m
                [33mrole[39m=[32m"combobox"[39m
                [33mtabindex[39m=[32m"0"[39m
              [36m>[39m
                [0mAll Statuses[0m
              [36m</div>[39m
              [36m<input[39m
                [33maria-hidden[39m=[32m"true"[39m
                [33maria-invalid[39m=[32m"false"[39m
                [33mclass[39m=[32m"MuiSelect-nativeInput css-yf8vq0-MuiSelect-nativeInput"[39m
                [33mtabindex[39m=[32m"-1"[39m
                [33mvalue[39m=[32m"all"[39m
              [36m/>[39m
              [36m<svg[39m
                [33maria-hidden[39m=[32m"true"[39m
                [33mclass[39m=[32m"MuiSvgIcon-root MuiSvgIcon-fontSizeMedium MuiSelect-icon MuiSelect-iconOutlined css-hfutr2-MuiSvgIcon-root-MuiSelect-icon"[39m
                [33mdata-testid[39m=[32m"ArrowDropDownIcon"[39m
                [33mfocusable[39m=[32m"false"[39m
                [33mviewBox[39m=[32m"0 0 24 24"[39m
              [36m>[39m
                [36m<path[39m
                  [33md[39m=[32m"M7 10l5 5 5-5z"[39m
                [36m/>[39m
              [36m</svg>[...
 ❯ Object.getElementError node_modules/@testing-library/react/node_modules/@testing-library/dom/dist/config.js:37:19
 ❯ getElementError node_modules/@testing-library/react/node_modules/@testing-library/dom/dist/query-helpers.js:20:35
 ❯ getMultipleElementsFoundError node_modules/@testing-library/react/node_modules/@testing-library/dom/dist/query-helpers.js:23:10
 ❯ node_modules/@testing-library/react/node_modules/@testing-library/dom/dist/query-helpers.js:55:13
 ❯ node_modules/@testing-library/react/node_modules/@testing-library/dom/dist/query-helpers.js:95:19
 ❯ src/test/project.test.tsx:153:21
    151|       );
    152| 
    153|       expect(screen.getByText('React')).toBeInTheDocument();
       |                     ^
    154|       expect(screen.getByText('Node.js')).toBeInTheDocument();
    155|       expect(screen.getByText('MongoDB')).toBeInTheDocument();

⎯⎯⎯⎯⎯⎯⎯⎯⎯⎯⎯⎯⎯⎯⎯⎯⎯⎯⎯⎯⎯⎯[29/66]⎯

 FAIL  src/test/project.test.tsx > Project Components > ProjectCard > shows bookmark button when enabled
TestingLibraryElementError: Found multiple elements with the role "button"

Here are the matching elements:

Ignored nodes: comments, script, style
[36m<button[39m
  [33mclass[39m=[32m"MuiButtonBase-root MuiIconButton-root MuiIconButton-sizeMedium css-78trlr-MuiButtonBase-root-MuiIconButton-root"[39m
  [33mtabindex[39m=[32m"0"[39m
  [33mtype[39m=[32m"button"[39m
[36m>[39m
  [36m<svg[39m
    [33maria-hidden[39m=[32m"true"[39m
    [33mclass[39m=[32m"MuiSvgIcon-root MuiSvgIcon-fontSizeMedium css-i4bv87-MuiSvgIcon-root"[39m
    [33mdata-testid[39m=[32m"CloseIcon"[39m
    [33mfocusable[39m=[32m"false"[39m
    [33mviewBox[39m=[32m"0 0 24 24"[39m
  [36m>[39m
    [36m<path[39m
      [33md[39m=[32m"M19 6.41 17.59 5 12 10.59 6.41 5 5 6.41 10.59 12 5 17.59 6.41 19 12 13.41 17.59 19 19 17.59 13.41 12z"[39m
    [36m/>[39m
  [36m</svg>[39m
  [36m<span[39m
    [33mclass[39m=[32m"MuiTouchRipple-root css-8je8zh-MuiTouchRipple-root"[39m
  [36m/>[39m
[36m</button>[39m

Ignored nodes: comments, script, style
[36m<div[39m
  [33maria-expanded[39m=[32m"false"[39m
  [33mclass[39m=[32m"MuiButtonBase-root MuiAccordionSummary-root MuiAccordionSummary-gutters css-1f773le-MuiButtonBase-root-MuiAccordionSummary-root"[39m
  [33mrole[39m=[32m"button"[39m
  [33mtabindex[39m=[32m"0"[39m
[36m>[39m
  [36m<div[39m
    [33mclass[39m=[32m"MuiAccordionSummary-content MuiAccordionSummary-contentGutters css-eqpfi5-MuiAccordionSummary-content"[39m
  [36m>[39m
    [36m<h6[39m
      [33mclass[39m=[32m"MuiTypography-root MuiTypography-h6 css-1rem9xf-MuiTypography-root"[39m
    [36m>[39m
      [0mProject Milestones ([0m
      [0m2[0m
      [0m)[0m
    [36m</h6>[39m
  [36m</div>[39m
  [36m<div[39m
    [33mclass[39m=[32m"MuiAccordionSummary-expandIconWrapper css-yw020d-MuiAccordionSummary-expandIconWrapper"[39m
  [36m>[39m
    [36m<svg[39m
      [33maria-hidden[39m=[32m"true"[39m
      [33mclass[39m=[32m"MuiSvgIcon-root MuiSvgIcon-fontSizeMedium css-i4bv87-MuiSvgIcon-root"[39m
      [33mdata-testid[39m=[32m"ExpandMoreIcon"[39m
      [33mfocusable[39m=[32m"false"[39m
      [33mviewBox[39m=[32m"0 0 24 24"[39m
    [36m>[39m
      [36m<path[39m
        [33md[39m=[32m"M16.59 8.59 12 13.17 7.41 8.59 6 10l6 6 6-6z"[39m
      [36m/>[39m
    [36m</svg>[39m
  [36m</div>[39m
[36m</div>[39m

Ignored nodes: comments, script, style
[36m<button[39m
  [33mclass[39m=[32m"MuiButtonBase-root MuiButton-root MuiButton-text MuiButton-textError MuiButton-sizeMedium MuiButton-textSizeMedium MuiButton-colorError MuiButton-root MuiButton-text MuiButton-textError MuiButton-sizeMedium MuiButton-textSizeMedium MuiButton-colorError css-gwcbq2-MuiButtonBase-root-MuiButton-root"[39m
  [33mtabindex[39m=[32m"0"[39m
  [33mtype[39m=[32m"button"[39m
[36m>[39m
  [0mWithdraw Proposal[0m
  [36m<span[39m
    [33mclass[39m=[32m"MuiTouchRipple-root css-8je8zh-MuiTouchRipple-root"[39m
  [36m/>[39m
[36m</button>[39m

Ignored nodes: comments, script, style
[36m<button[39m
  [33mclass[39m=[32m"MuiButtonBase-root MuiButton-root MuiButton-text MuiButton-textPrimary MuiButton-sizeMedium MuiButton-textSizeMedium MuiButton-colorPrimary MuiButton-root MuiButton-text MuiButton-textPrimary MuiButton-sizeMedium MuiButton-textSizeMedium MuiButton-colorPrimary css-94khcu-MuiButtonBase-root-MuiButton-root"[39m
  [33mtabindex[39m=[32m"0"[39m
  [33mtype[39m=[32m"button"[39m
[36m>[39m
  [0mClose[0m
  [36m<span[39m
    [33mclass[39m=[32m"MuiTouchRipple-root css-8je8zh-MuiTouchRipple-root"[39m
  [36m/>[39m
[36m</button>[39m

Ignored nodes: comments, script, style
[36m<button[39m
  [33mclass[39m=[32m"MuiButtonBase-root MuiIconButton-root MuiIconButton-sizeSmall css-1l7m31k-MuiButtonBase-root-MuiIconButton-root"[39m
  [33mtabindex[39m=[32m"0"[39m
  [33mtype[39m=[32m"button"[39m
[36m>[39m
  [36m<svg[39m
    [33maria-hidden[39m=[32m"true"[39m
    [33mclass[39m=[32m"MuiSvgIcon-root MuiSvgIcon-fontSizeMedium css-i4bv87-MuiSvgIcon-root"[39m
    [33mdata-testid[39m=[32m"BookmarkBorderIcon"[39m
    [33mfocusable[39m=[32m"false"[39m
    [33mviewBox[39m=[32m"0 0 24 24"[39m
  [36m>[39m
    [36m<path[39m
      [33md[39m=[32m"M17 3H7c-1.1 0-1.99.9-1.99 2L5 21l7-3 7 3V5c0-1.1-.9-2-2-2m0 15-5-2.18L7 18V5h10z"[39m
    [36m/>[39m
  [36m</svg>[39m
  [36m<span[39m
    [33mclass[39m=[32m"MuiTouchRipple-root css-8je8zh-MuiTouchRipple-root"[39m
  [36m/>[39m
[36m</button>[39m

(If this is intentional, then use the `*AllBy*` variant of the query (like `queryAllByText`, `getAllByText`, or `findAllByText`)).

Ignored nodes: comments, script, style
[36m<body[39m
  [33mstyle[39m=[32m"padding-right: 1024px; overflow: hidden;"[39m
[36m>[39m
  [36m<div[39m
    [33maria-hidden[39m=[32m"true"[39m
  [36m>[39m
    [36m<div[39m
      [33mclass[39m=[32m"MuiBox-root css-0"[39m
    [36m>[39m
      [36m<div[39m
        [33mclass[39m=[32m"MuiBox-root css-i3pbo"[39m
      [36m>[39m
        [36m<h5[39m
          [33mclass[39m=[32m"MuiTypography-root MuiTypography-h5 MuiTypography-gutterBottom css-1hkf4sh-MuiTypography-root"[39m
        [36m>[39m
          [0mPayment History[0m
        [36m</h5>[39m
        [36m<p[39m
          [33mclass[39m=[32m"MuiTypography-root MuiTypography-body2 css-xtz2xu-MuiTypography-root"[39m
        [36m>[39m
          [0m1[0m
          [0m payment[0m
          [0m found[0m
        [36m</p>[39m
      [36m</div>[39m
      [36m<div[39m
        [33mclass[39m=[32m"MuiGrid-root MuiGrid-container MuiGrid-spacing-xs-2 css-12rc5ck-MuiGrid-root"[39m
      [36m>[39m
        [36m<div[39m
          [33mclass[39m=[32m"MuiGrid-root MuiGrid-item MuiGrid-grid-xs-12 MuiGrid-grid-sm-6 MuiGrid-grid-md-3 css-10voxkt-MuiGrid-root"[39m
        [36m>[39m
          [36m<div[39m
            [33mclass[39m=[32m"MuiFormControl-root MuiFormControl-fullWidth MuiTextField-root css-18hear-MuiFormControl-root-MuiTextField-root"[39m
          [36m>[39m
            [36m<div[39m
              [33mclass[39m=[32m"MuiInputBase-root MuiOutlinedInput-root MuiInputBase-colorPrimary MuiInputBase-fullWidth MuiInputBase-formControl MuiInputBase-sizeSmall MuiInputBase-adornedStart css-1cj7mpt-MuiInputBase-root-MuiOutlinedInput-root"[39m
            [36m>[39m
              [36m<div[39m
                [33mclass[39m=[32m"MuiInputAdornment-root MuiInputAdornment-positionStart MuiInputAdornment-outlined MuiInputAdornment-sizeSmall css-ittuaa-MuiInputAdornment-root"[39m
              [36m>[39m
                [36m<span[39m
                  [33mclass[39m=[32m"notranslate"[39m
                [36m>[39m
                  [0m​[0m
                [36m</span>[39m
                [36m<svg[39m
                  [33maria-hidden[39m=[32m"true"[39m
                  [33mclass[39m=[32m"MuiSvgIcon-root MuiSvgIcon-fontSizeMedium css-i4bv87-MuiSvgIcon-root"[39m
                  [33mdata-testid[39m=[32m"SearchIcon"[39m
                  [33mfocusable[39m=[32m"false"[39m
                  [33mviewBox[39m=[32m"0 0 24 24"[39m
                [36m>[39m
                  [36m<path[39m
                    [33md[39m=[32m"M15.5 14h-.79l-.28-.27C15.41 12.59 16 11.11 16 9.5 16 5.91 13.09 3 9.5 3S3 5.91 3 9.5 5.91 16 9.5 16c1.61 0 3.09-.59 4.23-1.57l.27.28v.79l5 4.99L20.49 19zm-6 0C7.01 14 5 11.99 5 9.5S7.01 5 9.5 5 14 7.01 14 9.5 11.99 14 9.5 14"[39m
                  [36m/>[39m
                [36m</svg>[39m
              [36m</div>[39m
              [36m<input[39m
                [33maria-invalid[39m=[32m"false"[39m
                [33mclass[39m=[32m"MuiInputBase-input MuiOutlinedInput-input MuiInputBase-inputSizeSmall MuiInputBase-inputAdornedStart css-1ua80n0-MuiInputBase-input-MuiOutlinedInput-input"[39m
                [33mid[39m=[32m":rt:"[39m
                [33mplaceholder[39m=[32m"Search payments..."[39m
                [33mtype[39m=[32m"text"[39m
                [33mvalue[39m=[32m""[39m
              [36m/>[39m
              [36m<fieldset[39m
                [33maria-hidden[39m=[32m"true"[39m
                [33mclass[39m=[32m"MuiOutlinedInput-notchedOutline css-r01yff-MuiNotchedOutlined-root-MuiOutlinedInput-notchedOutline"[39m
              [36m>[39m
                [36m<legend[39m
                  [33mclass[39m=[32m"css-1whs34k-MuiNotchedOutlined-root"[39m
                [36m>[39m
                  [36m<span[39m
                    [33mclass[39m=[32m"notranslate"[39m
                  [36m>[39m
                    [0m​[0m
                  [36m</span>[39m
                [36m</legend>[39m
              [36m</fieldset>[39m
            [36m</div>[39m
          [36m</div>[39m
        [36m</div>[39m
        [36m<div[39m
          [33mclass[39m=[32m"MuiGrid-root MuiGrid-item MuiGrid-grid-xs-12 MuiGrid-grid-sm-6 MuiGrid-grid-md-3 css-10voxkt-MuiGrid-root"[39m
        [36m>[39m
          [36m<div[39m
            [33mclass[39m=[32m"MuiFormControl-root MuiFormControl-fullWidth css-q8hpuo-MuiFormControl-root"[39m
          [36m>[39m
            [36m<label[39m
              [33mclass[39m=[32m"MuiFormLabel-root MuiInputLabel-root MuiInputLabel-formControl MuiInputLabel-animated MuiInputLabel-shrink MuiInputLabel-sizeSmall MuiInputLabel-outlined MuiFormLabel-colorPrimary MuiFormLabel-filled MuiInputLabel-root MuiInputLabel-formControl MuiInputLabel-animated MuiInputLabel-shrink MuiInputLabel-sizeSmall MuiInputLabel-outlined css-fe0mau-MuiFormLabel-root-MuiInputLabel-root"[39m
              [33mdata-shrink[39m=[32m"true"[39m
            [36m>[39m
              [0mStatus[0m
            [36m</label>[39m
            [36m<div[39m
              [33mclass[39m=[32m"MuiInputBase-root MuiOutlinedInput-root MuiInputBase-colorPrimary MuiInputBase-formControl MuiInputBase-sizeSmall css-13lg1x7-MuiInputBase-root-MuiOutlinedInput-root-MuiSelect-root"[39m
            [36m>[39m
              [36m<div[39m
                [33maria-controls[39m=[32m":ru:"[39m
                [33maria-expanded[39m=[32m"false"[39m
                [33maria-haspopup[39m=[32m"listbox"[39m
                [33mclass[39m=[32m"MuiSelect-select MuiSelect-outlined MuiInputBase-input MuiOutlinedInput-input MuiInputBase-inputSizeSmall css-1fzjff4-MuiSelect-select-MuiInputBase-input-MuiOutlinedInput-input"[39m
                [33mrole[39m=[32m"combobox"[39m
                [33mtabindex[39m=[32m"0"[39m
              [36m>[39m
                [0mAll Statuses[0m
              [36m</div>[39m
              [36m<input[39m
                [33maria-hidden[39m=[32m"true"[39m
                [33maria-invalid[39m=[32m"false"[39m
                [33mclass[39m=[32m"MuiSelect-nativeInput css-yf8vq0-MuiSelect-nativeInput"[39m
                [33mtabindex[39m=[32m"-1"[39m
                [33mvalue[39m=[32m"all"[39m
              [36m/>[39m
              [36m<svg[39m
                [33maria-hidden[39m=[32m"true"[39m
                [33mclass[39m=[32m"MuiSvgIcon-root MuiSvgIcon-fontSizeMedium MuiSelect-icon MuiSelect-iconOutlined css-hfutr2-MuiSvgIcon-root-MuiSelect-icon"[39m
                [33mdata-testid[39m=[32m"ArrowDropDownIcon"[39m
                [33mfocusable[39m=[32m"false"[39m
                [33mviewBox[39m=[32m"0 0 24 24"[39m
              [36m>[39m
                [36m<path[39m
                  [33md[39m=[32m"M7 10l5 5 5-5z"[39m
                [36m/>[39m
              [36m</svg>[...
 ❯ Object.getElementError node_modules/@testing-library/react/node_modules/@testing-library/dom/dist/config.js:37:19
 ❯ getElementError node_modules/@testing-library/react/node_modules/@testing-library/dom/dist/query-helpers.js:20:35
 ❯ getMultipleElementsFoundError node_modules/@testing-library/react/node_modules/@testing-library/dom/dist/query-helpers.js:23:10
 ❯ node_modules/@testing-library/react/node_modules/@testing-library/dom/dist/query-helpers.js:55:13
 ❯ node_modules/@testing-library/react/node_modules/@testing-library/dom/dist/query-helpers.js:95:19
 ❯ src/test/project.test.tsx:171:37
    169|       );
    170| 
    171|       const bookmarkButton = screen.getByRole('button');
       |                                     ^
    172|       expect(bookmarkButton).toBeInTheDocument();
    173|       

⎯⎯⎯⎯⎯⎯⎯⎯⎯⎯⎯⎯⎯⎯⎯⎯⎯⎯⎯⎯⎯⎯[30/66]⎯

 FAIL  src/test/project.test.tsx > Project Components > ProjectCard > displays project stats correctly
TestingLibraryElementError: Found multiple elements with the text: 5 proposals

Here are the matching elements:

Ignored nodes: comments, script, style
[36m<span[39m
  [33mclass[39m=[32m"MuiTypography-root MuiTypography-caption css-ol7wxs-MuiTypography-root"[39m
[36m>[39m
  [0m5[0m
  [0m proposals[0m
[36m</span>[39m

Ignored nodes: comments, script, style
[36m<span[39m
  [33mclass[39m=[32m"MuiTypography-root MuiTypography-caption css-ol7wxs-MuiTypography-root"[39m
[36m>[39m
  [0m5[0m
  [0m proposals[0m
[36m</span>[39m

Ignored nodes: comments, script, style
[36m<span[39m
  [33mclass[39m=[32m"MuiTypography-root MuiTypography-caption css-ol7wxs-MuiTypography-root"[39m
[36m>[39m
  [0m5[0m
  [0m proposals[0m
[36m</span>[39m

Ignored nodes: comments, script, style
[36m<span[39m
  [33mclass[39m=[32m"MuiTypography-root MuiTypography-caption css-ol7wxs-MuiTypography-root"[39m
[36m>[39m
  [0m5[0m
  [0m proposals[0m
[36m</span>[39m

Ignored nodes: comments, script, style
[36m<span[39m
  [33mclass[39m=[32m"MuiTypography-root MuiTypography-caption css-ol7wxs-MuiTypography-root"[39m
[36m>[39m
  [0m5[0m
  [0m proposals[0m
[36m</span>[39m

Ignored nodes: comments, script, style
[36m<span[39m
  [33mclass[39m=[32m"MuiTypography-root MuiTypography-caption css-ol7wxs-MuiTypography-root"[39m
[36m>[39m
  [0m5[0m
  [0m proposals[0m
[36m</span>[39m

(If this is intentional, then use the `*AllBy*` variant of the query (like `queryAllByText`, `getAllByText`, or `findAllByText`)).

Ignored nodes: comments, script, style
[36m<body[39m
  [33mstyle[39m=[32m"padding-right: 1024px; overflow: hidden;"[39m
[36m>[39m
  [36m<div[39m
    [33maria-hidden[39m=[32m"true"[39m
  [36m>[39m
    [36m<div[39m
      [33mclass[39m=[32m"MuiBox-root css-0"[39m
    [36m>[39m
      [36m<div[39m
        [33mclass[39m=[32m"MuiBox-root css-i3pbo"[39m
      [36m>[39m
        [36m<h5[39m
          [33mclass[39m=[32m"MuiTypography-root MuiTypography-h5 MuiTypography-gutterBottom css-1hkf4sh-MuiTypography-root"[39m
        [36m>[39m
          [0mPayment History[0m
        [36m</h5>[39m
        [36m<p[39m
          [33mclass[39m=[32m"MuiTypography-root MuiTypography-body2 css-xtz2xu-MuiTypography-root"[39m
        [36m>[39m
          [0m1[0m
          [0m payment[0m
          [0m found[0m
        [36m</p>[39m
      [36m</div>[39m
      [36m<div[39m
        [33mclass[39m=[32m"MuiGrid-root MuiGrid-container MuiGrid-spacing-xs-2 css-12rc5ck-MuiGrid-root"[39m
      [36m>[39m
        [36m<div[39m
          [33mclass[39m=[32m"MuiGrid-root MuiGrid-item MuiGrid-grid-xs-12 MuiGrid-grid-sm-6 MuiGrid-grid-md-3 css-10voxkt-MuiGrid-root"[39m
        [36m>[39m
          [36m<div[39m
            [33mclass[39m=[32m"MuiFormControl-root MuiFormControl-fullWidth MuiTextField-root css-18hear-MuiFormControl-root-MuiTextField-root"[39m
          [36m>[39m
            [36m<div[39m
              [33mclass[39m=[32m"MuiInputBase-root MuiOutlinedInput-root MuiInputBase-colorPrimary MuiInputBase-fullWidth MuiInputBase-formControl MuiInputBase-sizeSmall MuiInputBase-adornedStart css-1cj7mpt-MuiInputBase-root-MuiOutlinedInput-root"[39m
            [36m>[39m
              [36m<div[39m
                [33mclass[39m=[32m"MuiInputAdornment-root MuiInputAdornment-positionStart MuiInputAdornment-outlined MuiInputAdornment-sizeSmall css-ittuaa-MuiInputAdornment-root"[39m
              [36m>[39m
                [36m<span[39m
                  [33mclass[39m=[32m"notranslate"[39m
                [36m>[39m
                  [0m​[0m
                [36m</span>[39m
                [36m<svg[39m
                  [33maria-hidden[39m=[32m"true"[39m
                  [33mclass[39m=[32m"MuiSvgIcon-root MuiSvgIcon-fontSizeMedium css-i4bv87-MuiSvgIcon-root"[39m
                  [33mdata-testid[39m=[32m"SearchIcon"[39m
                  [33mfocusable[39m=[32m"false"[39m
                  [33mviewBox[39m=[32m"0 0 24 24"[39m
                [36m>[39m
                  [36m<path[39m
                    [33md[39m=[32m"M15.5 14h-.79l-.28-.27C15.41 12.59 16 11.11 16 9.5 16 5.91 13.09 3 9.5 3S3 5.91 3 9.5 5.91 16 9.5 16c1.61 0 3.09-.59 4.23-1.57l.27.28v.79l5 4.99L20.49 19zm-6 0C7.01 14 5 11.99 5 9.5S7.01 5 9.5 5 14 7.01 14 9.5 11.99 14 9.5 14"[39m
                  [36m/>[39m
                [36m</svg>[39m
              [36m</div>[39m
              [36m<input[39m
                [33maria-invalid[39m=[32m"false"[39m
                [33mclass[39m=[32m"MuiInputBase-input MuiOutlinedInput-input MuiInputBase-inputSizeSmall MuiInputBase-inputAdornedStart css-1ua80n0-MuiInputBase-input-MuiOutlinedInput-input"[39m
                [33mid[39m=[32m":rt:"[39m
                [33mplaceholder[39m=[32m"Search payments..."[39m
                [33mtype[39m=[32m"text"[39m
                [33mvalue[39m=[32m""[39m
              [36m/>[39m
              [36m<fieldset[39m
                [33maria-hidden[39m=[32m"true"[39m
                [33mclass[39m=[32m"MuiOutlinedInput-notchedOutline css-r01yff-MuiNotchedOutlined-root-MuiOutlinedInput-notchedOutline"[39m
              [36m>[39m
                [36m<legend[39m
                  [33mclass[39m=[32m"css-1whs34k-MuiNotchedOutlined-root"[39m
                [36m>[39m
                  [36m<span[39m
                    [33mclass[39m=[32m"notranslate"[39m
                  [36m>[39m
                    [0m​[0m
                  [36m</span>[39m
                [36m</legend>[39m
              [36m</fieldset>[39m
            [36m</div>[39m
          [36m</div>[39m
        [36m</div>[39m
        [36m<div[39m
          [33mclass[39m=[32m"MuiGrid-root MuiGrid-item MuiGrid-grid-xs-12 MuiGrid-grid-sm-6 MuiGrid-grid-md-3 css-10voxkt-MuiGrid-root"[39m
        [36m>[39m
          [36m<div[39m
            [33mclass[39m=[32m"MuiFormControl-root MuiFormControl-fullWidth css-q8hpuo-MuiFormControl-root"[39m
          [36m>[39m
            [36m<label[39m
              [33mclass[39m=[32m"MuiFormLabel-root MuiInputLabel-root MuiInputLabel-formControl MuiInputLabel-animated MuiInputLabel-shrink MuiInputLabel-sizeSmall MuiInputLabel-outlined MuiFormLabel-colorPrimary MuiFormLabel-filled MuiInputLabel-root MuiInputLabel-formControl MuiInputLabel-animated MuiInputLabel-shrink MuiInputLabel-sizeSmall MuiInputLabel-outlined css-fe0mau-MuiFormLabel-root-MuiInputLabel-root"[39m
              [33mdata-shrink[39m=[32m"true"[39m
            [36m>[39m
              [0mStatus[0m
            [36m</label>[39m
            [36m<div[39m
              [33mclass[39m=[32m"MuiInputBase-root MuiOutlinedInput-root MuiInputBase-colorPrimary MuiInputBase-formControl MuiInputBase-sizeSmall css-13lg1x7-MuiInputBase-root-MuiOutlinedInput-root-MuiSelect-root"[39m
            [36m>[39m
              [36m<div[39m
                [33maria-controls[39m=[32m":ru:"[39m
                [33maria-expanded[39m=[32m"false"[39m
                [33maria-haspopup[39m=[32m"listbox"[39m
                [33mclass[39m=[32m"MuiSelect-select MuiSelect-outlined MuiInputBase-input MuiOutlinedInput-input MuiInputBase-inputSizeSmall css-1fzjff4-MuiSelect-select-MuiInputBase-input-MuiOutlinedInput-input"[39m
                [33mrole[39m=[32m"combobox"[39m
                [33mtabindex[39m=[32m"0"[39m
              [36m>[39m
                [0mAll Statuses[0m
              [36m</div>[39m
              [36m<input[39m
                [33maria-hidden[39m=[32m"true"[39m
                [33maria-invalid[39m=[32m"false"[39m
                [33mclass[39m=[32m"MuiSelect-nativeInput css-yf8vq0-MuiSelect-nativeInput"[39m
                [33mtabindex[39m=[32m"-1"[39m
                [33mvalue[39m=[32m"all"[39m
              [36m/>[39m
              [36m<svg[39m
                [33maria-hidden[39m=[32m"true"[39m
                [33mclass[39m=[32m"MuiSvgIcon-root MuiSvgIcon-fontSizeMedium MuiSelect-icon MuiSelect-iconOutlined css-hfutr2-MuiSvgIcon-root-MuiSelect-icon"[39m
                [33mdata-testid[39m=[32m"ArrowDropDownIcon"[39m
                [33mfocusable[39m=[32m"false"[39m
                [33mviewBox[39m=[32m"0 0 24 24"[39m
              [36m>[39m
                [36m<path[39m
                  [33md[39m=[32m"M7 10l5 5 5-5z"[39m
                [36m/>[39m
              [36m</svg>[...
 ❯ Object.getElementError node_modules/@testing-library/react/node_modules/@testing-library/dom/dist/config.js:37:19
 ❯ getElementError node_modules/@testing-library/react/node_modules/@testing-library/dom/dist/query-helpers.js:20:35
 ❯ getMultipleElementsFoundError node_modules/@testing-library/react/node_modules/@testing-library/dom/dist/query-helpers.js:23:10
 ❯ node_modules/@testing-library/react/node_modules/@testing-library/dom/dist/query-helpers.js:55:13
 ❯ node_modules/@testing-library/react/node_modules/@testing-library/dom/dist/query-helpers.js:95:19
 ❯ src/test/project.test.tsx:185:21
    183|       );
    184| 
    185|       expect(screen.getByText('5 proposals')).toBeInTheDocument();
       |                     ^
    186|       expect(screen.getByText('25 views')).toBeInTheDocument();
    187|     });

⎯⎯⎯⎯⎯⎯⎯⎯⎯⎯⎯⎯⎯⎯⎯⎯⎯⎯⎯⎯⎯⎯[31/66]⎯

 FAIL  src/test/project.test.tsx > Project Components > ProjectCard > shows application deadline
TestingLibraryElementError: Found multiple elements with the text: /Deadline:/

Here are the matching elements:

Ignored nodes: comments, script, style
[36m<span[39m
  [33mclass[39m=[32m"MuiTypography-root MuiTypography-caption css-19sk6fl-MuiTypography-root"[39m
[36m>[39m
  [0mDeadline: [0m
  [0m2/15/2024[0m
[36m</span>[39m

Ignored nodes: comments, script, style
[36m<span[39m
  [33mclass[39m=[32m"MuiTypography-root MuiTypography-caption css-19sk6fl-MuiTypography-root"[39m
[36m>[39m
  [0mDeadline: [0m
  [0m2/15/2024[0m
[36m</span>[39m

Ignored nodes: comments, script, style
[36m<span[39m
  [33mclass[39m=[32m"MuiTypography-root MuiTypography-caption css-19sk6fl-MuiTypography-root"[39m
[36m>[39m
  [0mDeadline: [0m
  [0m2/15/2024[0m
[36m</span>[39m

Ignored nodes: comments, script, style
[36m<span[39m
  [33mclass[39m=[32m"MuiTypography-root MuiTypography-caption css-19sk6fl-MuiTypography-root"[39m
[36m>[39m
  [0mDeadline: [0m
  [0m2/15/2024[0m
[36m</span>[39m

Ignored nodes: comments, script, style
[36m<span[39m
  [33mclass[39m=[32m"MuiTypography-root MuiTypography-caption css-19sk6fl-MuiTypography-root"[39m
[36m>[39m
  [0mDeadline: [0m
  [0m2/15/2024[0m
[36m</span>[39m

Ignored nodes: comments, script, style
[36m<span[39m
  [33mclass[39m=[32m"MuiTypography-root MuiTypography-caption css-19sk6fl-MuiTypography-root"[39m
[36m>[39m
  [0mDeadline: [0m
  [0m2/15/2024[0m
[36m</span>[39m

Ignored nodes: comments, script, style
[36m<span[39m
  [33mclass[39m=[32m"MuiTypography-root MuiTypography-caption css-19sk6fl-MuiTypography-root"[39m
[36m>[39m
  [0mDeadline: [0m
  [0m2/15/2024[0m
[36m</span>[39m

(If this is intentional, then use the `*AllBy*` variant of the query (like `queryAllByText`, `getAllByText`, or `findAllByText`)).

Ignored nodes: comments, script, style
[36m<body[39m
  [33mstyle[39m=[32m"padding-right: 1024px; overflow: hidden;"[39m
[36m>[39m
  [36m<div[39m
    [33maria-hidden[39m=[32m"true"[39m
  [36m>[39m
    [36m<div[39m
      [33mclass[39m=[32m"MuiBox-root css-0"[39m
    [36m>[39m
      [36m<div[39m
        [33mclass[39m=[32m"MuiBox-root css-i3pbo"[39m
      [36m>[39m
        [36m<h5[39m
          [33mclass[39m=[32m"MuiTypography-root MuiTypography-h5 MuiTypography-gutterBottom css-1hkf4sh-MuiTypography-root"[39m
        [36m>[39m
          [0mPayment History[0m
        [36m</h5>[39m
        [36m<p[39m
          [33mclass[39m=[32m"MuiTypography-root MuiTypography-body2 css-xtz2xu-MuiTypography-root"[39m
        [36m>[39m
          [0m1[0m
          [0m payment[0m
          [0m found[0m
        [36m</p>[39m
      [36m</div>[39m
      [36m<div[39m
        [33mclass[39m=[32m"MuiGrid-root MuiGrid-container MuiGrid-spacing-xs-2 css-12rc5ck-MuiGrid-root"[39m
      [36m>[39m
        [36m<div[39m
          [33mclass[39m=[32m"MuiGrid-root MuiGrid-item MuiGrid-grid-xs-12 MuiGrid-grid-sm-6 MuiGrid-grid-md-3 css-10voxkt-MuiGrid-root"[39m
        [36m>[39m
          [36m<div[39m
            [33mclass[39m=[32m"MuiFormControl-root MuiFormControl-fullWidth MuiTextField-root css-18hear-MuiFormControl-root-MuiTextField-root"[39m
          [36m>[39m
            [36m<div[39m
              [33mclass[39m=[32m"MuiInputBase-root MuiOutlinedInput-root MuiInputBase-colorPrimary MuiInputBase-fullWidth MuiInputBase-formControl MuiInputBase-sizeSmall MuiInputBase-adornedStart css-1cj7mpt-MuiInputBase-root-MuiOutlinedInput-root"[39m
            [36m>[39m
              [36m<div[39m
                [33mclass[39m=[32m"MuiInputAdornment-root MuiInputAdornment-positionStart MuiInputAdornment-outlined MuiInputAdornment-sizeSmall css-ittuaa-MuiInputAdornment-root"[39m
              [36m>[39m
                [36m<span[39m
                  [33mclass[39m=[32m"notranslate"[39m
                [36m>[39m
                  [0m​[0m
                [36m</span>[39m
                [36m<svg[39m
                  [33maria-hidden[39m=[32m"true"[39m
                  [33mclass[39m=[32m"MuiSvgIcon-root MuiSvgIcon-fontSizeMedium css-i4bv87-MuiSvgIcon-root"[39m
                  [33mdata-testid[39m=[32m"SearchIcon"[39m
                  [33mfocusable[39m=[32m"false"[39m
                  [33mviewBox[39m=[32m"0 0 24 24"[39m
                [36m>[39m
                  [36m<path[39m
                    [33md[39m=[32m"M15.5 14h-.79l-.28-.27C15.41 12.59 16 11.11 16 9.5 16 5.91 13.09 3 9.5 3S3 5.91 3 9.5 5.91 16 9.5 16c1.61 0 3.09-.59 4.23-1.57l.27.28v.79l5 4.99L20.49 19zm-6 0C7.01 14 5 11.99 5 9.5S7.01 5 9.5 5 14 7.01 14 9.5 11.99 14 9.5 14"[39m
                  [36m/>[39m
                [36m</svg>[39m
              [36m</div>[39m
              [36m<input[39m
                [33maria-invalid[39m=[32m"false"[39m
                [33mclass[39m=[32m"MuiInputBase-input MuiOutlinedInput-input MuiInputBase-inputSizeSmall MuiInputBase-inputAdornedStart css-1ua80n0-MuiInputBase-input-MuiOutlinedInput-input"[39m
                [33mid[39m=[32m":rt:"[39m
                [33mplaceholder[39m=[32m"Search payments..."[39m
                [33mtype[39m=[32m"text"[39m
                [33mvalue[39m=[32m""[39m
              [36m/>[39m
              [36m<fieldset[39m
                [33maria-hidden[39m=[32m"true"[39m
                [33mclass[39m=[32m"MuiOutlinedInput-notchedOutline css-r01yff-MuiNotchedOutlined-root-MuiOutlinedInput-notchedOutline"[39m
              [36m>[39m
                [36m<legend[39m
                  [33mclass[39m=[32m"css-1whs34k-MuiNotchedOutlined-root"[39m
                [36m>[39m
                  [36m<span[39m
                    [33mclass[39m=[32m"notranslate"[39m
                  [36m>[39m
                    [0m​[0m
                  [36m</span>[39m
                [36m</legend>[39m
              [36m</fieldset>[39m
            [36m</div>[39m
          [36m</div>[39m
        [36m</div>[39m
        [36m<div[39m
          [33mclass[39m=[32m"MuiGrid-root MuiGrid-item MuiGrid-grid-xs-12 MuiGrid-grid-sm-6 MuiGrid-grid-md-3 css-10voxkt-MuiGrid-root"[39m
        [36m>[39m
          [36m<div[39m
            [33mclass[39m=[32m"MuiFormControl-root MuiFormControl-fullWidth css-q8hpuo-MuiFormControl-root"[39m
          [36m>[39m
            [36m<label[39m
              [33mclass[39m=[32m"MuiFormLabel-root MuiInputLabel-root MuiInputLabel-formControl MuiInputLabel-animated MuiInputLabel-shrink MuiInputLabel-sizeSmall MuiInputLabel-outlined MuiFormLabel-colorPrimary MuiFormLabel-filled MuiInputLabel-root MuiInputLabel-formControl MuiInputLabel-animated MuiInputLabel-shrink MuiInputLabel-sizeSmall MuiInputLabel-outlined css-fe0mau-MuiFormLabel-root-MuiInputLabel-root"[39m
              [33mdata-shrink[39m=[32m"true"[39m
            [36m>[39m
              [0mStatus[0m
            [36m</label>[39m
            [36m<div[39m
              [33mclass[39m=[32m"MuiInputBase-root MuiOutlinedInput-root MuiInputBase-colorPrimary MuiInputBase-formControl MuiInputBase-sizeSmall css-13lg1x7-MuiInputBase-root-MuiOutlinedInput-root-MuiSelect-root"[39m
            [36m>[39m
              [36m<div[39m
                [33maria-controls[39m=[32m":ru:"[39m
                [33maria-expanded[39m=[32m"false"[39m
                [33maria-haspopup[39m=[32m"listbox"[39m
                [33mclass[39m=[32m"MuiSelect-select MuiSelect-outlined MuiInputBase-input MuiOutlinedInput-input MuiInputBase-inputSizeSmall css-1fzjff4-MuiSelect-select-MuiInputBase-input-MuiOutlinedInput-input"[39m
                [33mrole[39m=[32m"combobox"[39m
                [33mtabindex[39m=[32m"0"[39m
              [36m>[39m
                [0mAll Statuses[0m
              [36m</div>[39m
              [36m<input[39m
                [33maria-hidden[39m=[32m"true"[39m
                [33maria-invalid[39m=[32m"false"[39m
                [33mclass[39m=[32m"MuiSelect-nativeInput css-yf8vq0-MuiSelect-nativeInput"[39m
                [33mtabindex[39m=[32m"-1"[39m
                [33mvalue[39m=[32m"all"[39m
              [36m/>[39m
              [36m<svg[39m
                [33maria-hidden[39m=[32m"true"[39m
                [33mclass[39m=[32m"MuiSvgIcon-root MuiSvgIcon-fontSizeMedium MuiSelect-icon MuiSelect-iconOutlined css-hfutr2-MuiSvgIcon-root-MuiSelect-icon"[39m
                [33mdata-testid[39m=[32m"ArrowDropDownIcon"[39m
                [33mfocusable[39m=[32m"false"[39m
                [33mviewBox[39m=[32m"0 0 24 24"[39m
              [36m>[39m
                [36m<path[39m
                  [33md[39m=[32m"M7 10l5 5 5-5z"[39m
                [36m/>[39m
              [36m</svg>[...
 ❯ Object.getElementError node_modules/@testing-library/react/node_modules/@testing-library/dom/dist/config.js:37:19
 ❯ getElementError node_modules/@testing-library/react/node_modules/@testing-library/dom/dist/query-helpers.js:20:35
 ❯ getMultipleElementsFoundError node_modules/@testing-library/react/node_modules/@testing-library/dom/dist/query-helpers.js:23:10
 ❯ node_modules/@testing-library/react/node_modules/@testing-library/dom/dist/query-helpers.js:55:13
 ❯ node_modules/@testing-library/react/node_modules/@testing-library/dom/dist/query-helpers.js:95:19
 ❯ src/test/project.test.tsx:196:21
    194|       );
    195| 
    196|       expect(screen.getByText(/Deadline:/)).toBeInTheDocument();
       |                     ^
    197|     });
    198| 

⎯⎯⎯⎯⎯⎯⎯⎯⎯⎯⎯⎯⎯⎯⎯⎯⎯⎯⎯⎯⎯⎯[32/66]⎯

 FAIL  src/test/project.test.tsx > Project Components > ProjectCard > has view details link
TestingLibraryElementError: Found multiple elements with the text: View Details

Here are the matching elements:

Ignored nodes: comments, script, style
[36m<button[39m
  [33mclass[39m=[32m"MuiButtonBase-root MuiButton-root MuiButton-text MuiButton-textPrimary MuiButton-sizeSmall MuiButton-textSizeSmall MuiButton-colorPrimary MuiButton-root MuiButton-text MuiButton-textPrimary MuiButton-sizeSmall MuiButton-textSizeSmall MuiButton-colorPrimary css-1v1pa0w-MuiButtonBase-root-MuiButton-root"[39m
  [33mtabindex[39m=[32m"0"[39m
  [33mtype[39m=[32m"button"[39m
[36m>[39m
  [36m<span[39m
    [33mclass[39m=[32m"MuiButton-icon MuiButton-startIcon MuiButton-iconSizeSmall css-cstir9-MuiButton-startIcon"[39m
  [36m>[39m
    [36m<svg[39m
      [33maria-hidden[39m=[32m"true"[39m
      [33mclass[39m=[32m"MuiSvgIcon-root MuiSvgIcon-fontSizeMedium css-i4bv87-MuiSvgIcon-root"[39m
      [33mdata-testid[39m=[32m"VisibilityIcon"[39m
      [33mfocusable[39m=[32m"false"[39m
      [33mviewBox[39m=[32m"0 0 24 24"[39m
    [36m>[39m
      [36m<path[39m
        [33md[39m=[32m"M12 4.5C7 4.5 2.73 7.61 1 12c1.73 4.39 6 7.5 11 7.5s9.27-3.11 11-7.5c-1.73-4.39-6-7.5-11-7.5M12 17c-2.76 0-5-2.24-5-5s2.24-5 5-5 5 2.24 5 5-2.24 5-5 5m0-8c-1.66 0-3 1.34-3 3s1.34 3 3 3 3-1.34 3-3-1.34-3-3-3"[39m
      [36m/>[39m
    [36m</svg>[39m
  [36m</span>[39m
  [0mView Details[0m
  [36m<span[39m
    [33mclass[39m=[32m"MuiTouchRipple-root css-8je8zh-MuiTouchRipple-root"[39m
  [36m/>[39m
[36m</button>[39m

Ignored nodes: comments, script, style
[36m<button[39m
  [33mclass[39m=[32m"MuiButtonBase-root MuiButton-root MuiButton-text MuiButton-textPrimary MuiButton-sizeSmall MuiButton-textSizeSmall MuiButton-colorPrimary MuiButton-root MuiButton-text MuiButton-textPrimary MuiButton-sizeSmall MuiButton-textSizeSmall MuiButton-colorPrimary css-1v1pa0w-MuiButtonBase-root-MuiButton-root"[39m
  [33mtabindex[39m=[32m"0"[39m
  [33mtype[39m=[32m"button"[39m
[36m>[39m
  [36m<span[39m
    [33mclass[39m=[32m"MuiButton-icon MuiButton-startIcon MuiButton-iconSizeSmall css-cstir9-MuiButton-startIcon"[39m
  [36m>[39m
    [36m<svg[39m
      [33maria-hidden[39m=[32m"true"[39m
      [33mclass[39m=[32m"MuiSvgIcon-root MuiSvgIcon-fontSizeMedium css-i4bv87-MuiSvgIcon-root"[39m
      [33mdata-testid[39m=[32m"VisibilityIcon"[39m
      [33mfocusable[39m=[32m"false"[39m
      [33mviewBox[39m=[32m"0 0 24 24"[39m
    [36m>[39m
      [36m<path[39m
        [33md[39m=[32m"M12 4.5C7 4.5 2.73 7.61 1 12c1.73 4.39 6 7.5 11 7.5s9.27-3.11 11-7.5c-1.73-4.39-6-7.5-11-7.5M12 17c-2.76 0-5-2.24-5-5s2.24-5 5-5 5 2.24 5 5-2.24 5-5 5m0-8c-1.66 0-3 1.34-3 3s1.34 3 3 3 3-1.34 3-3-1.34-3-3-3"[39m
      [36m/>[39m
    [36m</svg>[39m
  [36m</span>[39m
  [0mView Details[0m
  [36m<span[39m
    [33mclass[39m=[32m"MuiTouchRipple-root css-8je8zh-MuiTouchRipple-root"[39m
  [36m/>[39m
[36m</button>[39m

Ignored nodes: comments, script, style
[36m<button[39m
  [33mclass[39m=[32m"MuiButtonBase-root MuiButton-root MuiButton-text MuiButton-textPrimary MuiButton-sizeSmall MuiButton-textSizeSmall MuiButton-colorPrimary MuiButton-root MuiButton-text MuiButton-textPrimary MuiButton-sizeSmall MuiButton-textSizeSmall MuiButton-colorPrimary css-1v1pa0w-MuiButtonBase-root-MuiButton-root"[39m
  [33mtabindex[39m=[32m"0"[39m
  [33mtype[39m=[32m"button"[39m
[36m>[39m
  [36m<span[39m
    [33mclass[39m=[32m"MuiButton-icon MuiButton-startIcon MuiButton-iconSizeSmall css-cstir9-MuiButton-startIcon"[39m
  [36m>[39m
    [36m<svg[39m
      [33maria-hidden[39m=[32m"true"[39m
      [33mclass[39m=[32m"MuiSvgIcon-root MuiSvgIcon-fontSizeMedium css-i4bv87-MuiSvgIcon-root"[39m
      [33mdata-testid[39m=[32m"VisibilityIcon"[39m
      [33mfocusable[39m=[32m"false"[39m
      [33mviewBox[39m=[32m"0 0 24 24"[39m
    [36m>[39m
      [36m<path[39m
        [33md[39m=[32m"M12 4.5C7 4.5 2.73 7.61 1 12c1.73 4.39 6 7.5 11 7.5s9.27-3.11 11-7.5c-1.73-4.39-6-7.5-11-7.5M12 17c-2.76 0-5-2.24-5-5s2.24-5 5-5 5 2.24 5 5-2.24 5-5 5m0-8c-1.66 0-3 1.34-3 3s1.34 3 3 3 3-1.34 3-3-1.34-3-3-3"[39m
      [36m/>[39m
    [36m</svg>[39m
  [36m</span>[39m
  [0mView Details[0m
  [36m<span[39m
    [33mclass[39m=[32m"MuiTouchRipple-root css-8je8zh-MuiTouchRipple-root"[39m
  [36m/>[39m
[36m</button>[39m

Ignored nodes: comments, script, style
[36m<button[39m
  [33mclass[39m=[32m"MuiButtonBase-root MuiButton-root MuiButton-text MuiButton-textPrimary MuiButton-sizeSmall MuiButton-textSizeSmall MuiButton-colorPrimary MuiButton-root MuiButton-text MuiButton-textPrimary MuiButton-sizeSmall MuiButton-textSizeSmall MuiButton-colorPrimary css-1v1pa0w-MuiButtonBase-root-MuiButton-root"[39m
  [33mtabindex[39m=[32m"0"[39m
  [33mtype[39m=[32m"button"[39m
[36m>[39m
  [36m<span[39m
    [33mclass[39m=[32m"MuiButton-icon MuiButton-startIcon MuiButton-iconSizeSmall css-cstir9-MuiButton-startIcon"[39m
  [36m>[39m
    [36m<svg[39m
      [33maria-hidden[39m=[32m"true"[39m
      [33mclass[39m=[32m"MuiSvgIcon-root MuiSvgIcon-fontSizeMedium css-i4bv87-MuiSvgIcon-root"[39m
      [33mdata-testid[39m=[32m"VisibilityIcon"[39m
      [33mfocusable[39m=[32m"false"[39m
      [33mviewBox[39m=[32m"0 0 24 24"[39m
    [36m>[39m
      [36m<path[39m
        [33md[39m=[32m"M12 4.5C7 4.5 2.73 7.61 1 12c1.73 4.39 6 7.5 11 7.5s9.27-3.11 11-7.5c-1.73-4.39-6-7.5-11-7.5M12 17c-2.76 0-5-2.24-5-5s2.24-5 5-5 5 2.24 5 5-2.24 5-5 5m0-8c-1.66 0-3 1.34-3 3s1.34 3 3 3 3-1.34 3-3-1.34-3-3-3"[39m
      [36m/>[39m
    [36m</svg>[39m
  [36m</span>[39m
  [0mView Details[0m
  [36m<span[39m
    [33mclass[39m=[32m"MuiTouchRipple-root css-8je8zh-MuiTouchRipple-root"[39m
  [36m/>[39m
[36m</button>[39m

Ignored nodes: comments, script, style
[36m<a[39m
  [33mclass[39m=[32m"MuiButtonBase-root MuiButton-root MuiButton-contained MuiButton-containedPrimary MuiButton-sizeSmall MuiButton-containedSizeSmall MuiButton-colorPrimary MuiButton-fullWidth MuiButton-root MuiButton-contained MuiButton-containedPrimary MuiButton-sizeSmall MuiButton-containedSizeSmall MuiButton-colorPrimary MuiButton-fullWidth css-1evprfk-MuiButtonBase-root-MuiButton-root"[39m
  [33mhref[39m=[32m"/projects/1"[39m
  [33mtabindex[39m=[32m"0"[39m
[36m>[39m
  [0mView Details[0m
  [36m<span[39m
    [33mclass[39m=[32m"MuiTouchRipple-root css-8je8zh-MuiTouchRipple-root"[39m
  [36m/>[39m
[36m</a>[39m

Ignored nodes: comments, script, style
[36m<a[39m
  [33mclass[39m=[32m"MuiButtonBase-root MuiButton-root MuiButton-contained MuiButton-containedPrimary MuiButton-sizeSmall MuiButton-containedSizeSmall MuiButton-colorPrimary MuiButton-fullWidth MuiButton-root MuiButton-contained MuiButton-containedPrimary MuiButton-sizeSmall MuiButton-containedSizeSmall MuiButton-colorPrimary MuiButton-fullWidth css-1evprfk-MuiButtonBase-root-MuiButton-root"[39m
  [33mhref[39m=[32m"/projects/1"[39m
  [33mtabindex[39m=[32m"0"[39m
[36m>[39m
  [0mView Details[0m
  [36m<span[39m
    [33mclass[39m=[32m"MuiTouchRipple-root css-8je8zh-MuiTouchRipple-root"[39m
  [36m/>[39m
[36m</a>[39m

Ignored nodes: comments, script, style
[36m<a[39m
  [33mclass[39m=[32m"MuiButtonBase-root MuiButton-root MuiButton-contained MuiButton-containedPrimary MuiButton-sizeSmall MuiButton-containedSizeSmall MuiButton-colorPrimary MuiButton-fullWidth MuiButton-root MuiButton-contained MuiButton-containedPrimary MuiButton-sizeSmall MuiButton-containedSizeSmall MuiButton-colorPrimary MuiButton-fullWidth css-1evprfk-MuiButtonBase-root-MuiButton-root"[39m
  [33mhref[39m=[32m"/projects/1"[39m
  [33mtabindex[39m=[32m"0"[39m
[36m>[39m
  [0mView Details[0m
  [36m<span[39m
    [33mclass[39m=[32m"MuiTouchRipple-root css-8je8zh-MuiTouchRipple-root"[39m
  [36m/>[39m
[36m</a>[39m

Ignored nodes: comments, script, style
[36m<a[39m
  [33mclass[39m=[32m"MuiButtonBase-root MuiButton-root MuiButton-contained MuiButton-containedPrimary MuiButton-sizeSmall MuiButton-containedSizeSmall MuiButton-colorPrimary MuiButton-fullWidth MuiButton-root MuiButton-contained MuiButton-containedPrimary MuiButton-sizeSmall MuiButton-containedSizeSmall MuiButton-colorPrimary MuiButton-fullWidth css-1evprfk-MuiButtonBase-root-MuiButton-root"[39m
  [33mhref[39m=[32m"/projects/1"[39m
  [33mtabindex[39m=[32m"0"[39m
[36m>[39m
  [0mView Details[0m
  [36m<span[39m
    [33mclass[39m=[32m"MuiTouchRipple-root css-8je8zh-MuiTouchRipple-root"[39m
  [36m/>[39m
[36m</a>[39m

Ignored nodes: comments, script, style
[36m<a[39m
  [33mclass[39m=[32m"MuiButtonBase-root MuiButton-root MuiButton-contained MuiButton-containedPrimary MuiButton-sizeSmall MuiButton-containedSizeSmall MuiButton-colorPrimary MuiButton-fullWidth MuiButton-root MuiButton-contained MuiButton-containedPrimary MuiButton-sizeSmall MuiButton-containedSizeSmall MuiButton-colorPrimary MuiButton-fullWidth css-1evprfk-MuiButtonBase-root-MuiButton-root"[39m
  [33mhref[39m=[32m"/projects/1"[39m
  [33mtabindex[39m=[32m"0"[39m
[36m>[39m
  [0mView Details[0m
  [36m<span[39m
    [33mclass[39m=[32m"MuiTouchRipple-root css-8je8zh-MuiTouchRipple-root"[39m
  [36m/>[39m
[36m</a>[39m

Ignored nodes: comments, script, style
[36m<a[39m
  [33mclass[39m=[32m"MuiButtonBase-root MuiButton-root MuiButton-contained MuiButton-containedPrimary MuiButton-sizeSmall MuiButton-containedSizeSmall MuiButton-colorPrimary MuiButton-fullWidth MuiButton-root MuiButton-contained MuiButton-containedPrimary MuiButton-sizeSmall MuiButton-containedSizeSmall MuiButton-colorPrimary MuiButton-fullWidth css-1evprfk-MuiButtonBase-root-MuiButton-root"[39m
  [33mhref[39m=[32m"/projects/1"[39m
  [33mtabindex[39m=[32m"0"[39m
[36m>[39m
  [0mView Details[0m
  [36m<span[39m
    [33mclass[39m=[32m"MuiTouchRipple-root css-8je8zh-MuiTouchRipple-root"[39m
  [36m/>[39m
[36m</a>[39m

Ignored nodes: comments, script, style
[36m<a[39m
  [33mclass[39m=[32m"MuiButtonBase-root MuiButton-root MuiButton-contained MuiButton-containedPrimary MuiButton-sizeSmall MuiButton-containedSizeSmall MuiButton-colorPrimary MuiButton-fullWidth MuiButton-root MuiButton-contained MuiButton-containedPrimary MuiButton-sizeSmall MuiButton-containedSizeSmall MuiButton-colorPrimary MuiButton-fullWidth css-1evprfk-MuiButtonBase-root-MuiButton-root"[39m
  [33mhref[39m=[32m"/projects/1"[39m
  [33mtabindex[39m=[32m"0"[39m
[36m>[39m
  [0mView Details[0m
  [36m<span[39m
    [33mclass[39m=[32m"MuiTouchRipple-root css-8je8zh-MuiTouchRipple-root"[39m
  [36m/>[39m
[36m</a>[39m

Ignored nodes: comments, script, style
[36m<a[39m
  [33mclass[39m=[32m"MuiButtonBase-root MuiButton-root MuiButton-contained MuiButton-containedPrimary MuiButton-sizeSmall MuiButton-containedSizeSmall MuiButton-colorPrimary MuiButton-fullWidth MuiButton-root MuiButton-contained MuiButton-containedPrimary MuiButton-sizeSmall MuiButton-containedSizeSmall MuiButton-colorPrimary MuiButton-fullWidth css-1evprfk-MuiButtonBase-root-MuiButton-root"[39m
  [33mhref[39m=[32m"/projects/1"[39m
  [33mtabindex[39m=[32m"0"[39m
[36m>[39m
  [0mView Details[0m
  [36m<span[39m
    [33mclass[39m=[32m"MuiTouchRipple-root css-8je8zh-MuiTouchRipple-root"[39m
  [36m/>[39m
[36m</a>[39m

(If this is intentional, then use the `*AllBy*` variant of the query (like `queryAllByText`, `getAllByText`, or `findAllByText`)).

Ignored nodes: comments, script, style
[36m<body[39m
  [33mstyle[39m=[32m"padding-right: 1024px; overflow: hidden;"[39m
[36m>[39m
  [36m<div[39m
    [33maria-hidden[39m=[32m"true"[39m
  [36m>[39m
    [36m<div[39m
      [33mclass[39m=[32m"MuiBox-root css-0"[39m
    [36m>[39m
      [36m<div[39m
        [33mclass[39m=[32m"MuiBox-root css-i3pbo"[39m
      [36m>[39m
        [36m<h5[39m
          [33mclass[39m=[32m"MuiTypography-root MuiTypography-h5 MuiTypography-gutterBottom css-1hkf4sh-MuiTypography-root"[39m
        [36m>[39m
          [0mPayment History[0m
        [36m</h5>[39m
        [36m<p[39m
          [33mclass[39m=[32m"MuiTypography-root MuiTypography-body2 css-xtz2xu-MuiTypography-root"[39m
        [36m>[39m
          [0m1[0m
          [0m payment[0m
          [0m found[0m
        [36m</p>[39m
      [36m</div>[39m
      [36m<div[39m
        [33mclass[39m=[32m"MuiGrid-root MuiGrid-container MuiGrid-spacing-xs-2 css-12rc5ck-MuiGrid-root"[39m
      [36m>[39m
        [36m<div[39m
          [33mclass[39m=[32m"MuiGrid-root MuiGrid-item MuiGrid-grid-xs-12 MuiGrid-grid-sm-6 MuiGrid-grid-md-3 css-10voxkt-MuiGrid-root"[39m
        [36m>[39m
          [36m<div[39m
            [33mclass[39m=[32m"MuiFormControl-root MuiFormControl-fullWidth MuiTextField-root css-18hear-MuiFormControl-root-MuiTextField-root"[39m
          [36m>[39m
            [36m<div[39m
              [33mclass[39m=[32m"MuiInputBase-root MuiOutlinedInput-root MuiInputBase-colorPrimary MuiInputBase-fullWidth MuiInputBase-formControl MuiInputBase-sizeSmall MuiInputBase-adornedStart css-1cj7mpt-MuiInputBase-root-MuiOutlinedInput-root"[39m
            [36m>[39m
              [36m<div[39m
                [33mclass[39m=[32m"MuiInputAdornment-root MuiInputAdornment-positionStart MuiInputAdornment-outlined MuiInputAdornment-sizeSmall css-ittuaa-MuiInputAdornment-root"[39m
              [36m>[39m
                [36m<span[39m
                  [33mclass[39m=[32m"notranslate"[39m
                [36m>[39m
                  [0m​[0m
                [36m</span>[39m
                [36m<svg[39m
                  [33maria-hidden[39m=[32m"true"[39m
                  [33mclass[39m=[32m"MuiSvgIcon-root MuiSvgIcon-fontSizeMedium css-i4bv87-MuiSvgIcon-root"[39m
                  [33mdata-testid[39m=[32m"SearchIcon"[39m
                  [33mfocusable[39m=[32m"false"[39m
                  [33mviewBox[39m=[32m"0 0 24 24"[39m
                [36m>[39m
                  [36m<path[39m
                    [33md[39m=[32m"M15.5 14h-.79l-.28-.27C15.41 12.59 16 11.11 16 9.5 16 5.91 13.09 3 9.5 3S3 5.91 3 9.5 5.91 16 9.5 16c1.61 0 3.09-.59 4.23-1.57l.27.28v.79l5 4.99L20.49 19zm-6 0C7.01 14 5 11.99 5 9.5S7.01 5 9.5 5 14 7.01 14 9.5 11.99 14 9.5 14"[39m
                  [36m/>[39m
                [36m</svg>[39m
              [36m</div>[39m
              [36m<input[39m
                [33maria-invalid[39m=[32m"false"[39m
                [33mclass[39m=[32m"MuiInputBase-input MuiOutlinedInput-input MuiInputBase-inputSizeSmall MuiInputBase-inputAdornedStart css-1ua80n0-MuiInputBase-input-MuiOutlinedInput-input"[39m
                [33mid[39m=[32m":rt:"[39m
                [33mplaceholder[39m=[32m"Search payments..."[39m
                [33mtype[39m=[32m"text"[39m
                [33mvalue[39m=[32m""[39m
              [36m/>[39m
              [36m<fieldset[39m
                [33maria-hidden[39m=[32m"true"[39m
                [33mclass[39m=[32m"MuiOutlinedInput-notchedOutline css-r01yff-MuiNotchedOutlined-root-MuiOutlinedInput-notchedOutline"[39m
              [36m>[39m
                [36m<legend[39m
                  [33mclass[39m=[32m"css-1whs34k-MuiNotchedOutlined-root"[39m
                [36m>[39m
                  [36m<span[39m
                    [33mclass[39m=[32m"notranslate"[39m
                  [36m>[39m
                    [0m​[0m
                  [36m</span>[39m
                [36m</legend>[39m
              [36m</fieldset>[39m
            [36m</div>[39m
          [36m</div>[39m
        [36m</div>[39m
        [36m<div[39m
          [33mclass[39m=[32m"MuiGrid-root MuiGrid-item MuiGrid-grid-xs-12 MuiGrid-grid-sm-6 MuiGrid-grid-md-3 css-10voxkt-MuiGrid-root"[39m
        [36m>[39m
          [36m<div[39m
            [33mclass[39m=[32m"MuiFormControl-root MuiFormControl-fullWidth css-q8hpuo-MuiFormControl-root"[39m
          [36m>[39m
            [36m<label[39m
              [33mclass[39m=[32m"MuiFormLabel-root MuiInputLabel-root MuiInputLabel-formControl MuiInputLabel-animated MuiInputLabel-shrink MuiInputLabel-sizeSmall MuiInputLabel-outlined MuiFormLabel-colorPrimary MuiFormLabel-filled MuiInputLabel-root MuiInputLabel-formControl MuiInputLabel-animated MuiInputLabel-shrink MuiInputLabel-sizeSmall MuiInputLabel-outlined css-fe0mau-MuiFormLabel-root-MuiInputLabel-root"[39m
              [33mdata-shrink[39m=[32m"true"[39m
            [36m>[39m
              [0mStatus[0m
            [36m</label>[39m
            [36m<div[39m
              [33mclass[39m=[32m"MuiInputBase-root MuiOutlinedInput-root MuiInputBase-colorPrimary MuiInputBase-formControl MuiInputBase-sizeSmall css-13lg1x7-MuiInputBase-root-MuiOutlinedInput-root-MuiSelect-root"[39m
            [36m>[39m
              [36m<div[39m
                [33maria-controls[39m=[32m":ru:"[39m
                [33maria-expanded[39m=[32m"false"[39m
                [33maria-haspopup[39m=[32m"listbox"[39m
                [33mclass[39m=[32m"MuiSelect-select MuiSelect-outlined MuiInputBase-input MuiOutlinedInput-input MuiInputBase-inputSizeSmall css-1fzjff4-MuiSelect-select-MuiInputBase-input-MuiOutlinedInput-input"[39m
                [33mrole[39m=[32m"combobox"[39m
                [33mtabindex[39m=[32m"0"[39m
              [36m>[39m
                [0mAll Statuses[0m
              [36m</div>[39m
              [36m<input[39m
                [33maria-hidden[39m=[32m"true"[39m
                [33maria-invalid[39m=[32m"false"[39m
                [33mclass[39m=[32m"MuiSelect-nativeInput css-yf8vq0-MuiSelect-nativeInput"[39m
                [33mtabindex[39m=[32m"-1"[39m
                [33mvalue[39m=[32m"all"[39m
              [36m/>[39m
              [36m<svg[39m
                [33maria-hidden[39m=[32m"true"[39m
                [33mclass[39m=[32m"MuiSvgIcon-root MuiSvgIcon-fontSizeMedium MuiSelect-icon MuiSelect-iconOutlined css-hfutr2-MuiSvgIcon-root-MuiSelect-icon"[39m
                [33mdata-testid[39m=[32m"ArrowDropDownIcon"[39m
                [33mfocusable[39m=[32m"false"[39m
                [33mviewBox[39m=[32m"0 0 24 24"[39m
              [36m>[39m
                [36m<path[39m
                  [33md[39m=[32m"M7 10l5 5 5-5z"[39m
                [36m/>[39m
              [36m</svg>[...
 ❯ Object.getElementError node_modules/@testing-library/react/node_modules/@testing-library/dom/dist/config.js:37:19
 ❯ getElementError node_modules/@testing-library/react/node_modules/@testing-library/dom/dist/query-helpers.js:20:35
 ❯ getMultipleElementsFoundError node_modules/@testing-library/react/node_modules/@testing-library/dom/dist/query-helpers.js:23:10
 ❯ node_modules/@testing-library/react/node_modules/@testing-library/dom/dist/query-helpers.js:55:13
 ❯ node_modules/@testing-library/react/node_modules/@testing-library/dom/dist/query-helpers.js:95:19
 ❯ src/test/project.test.tsx:206:38
    204|       );
    205| 
    206|       const viewDetailsLink = screen.getByText('View Details');
       |                                      ^
    207|       expect(viewDetailsLink).toBeInTheDocument();
    208|       expect(viewDetailsLink.closest('a')).toHaveAttribute('href', '/p…

⎯⎯⎯⎯⎯⎯⎯⎯⎯⎯⎯⎯⎯⎯⎯⎯⎯⎯⎯⎯⎯⎯[33/66]⎯

 FAIL  src/test/project.test.tsx > Project Components > ProjectFilters > renders quick filter buttons
TestingLibraryElementError: Found multiple elements with the text: Featured

Here are the matching elements:

Ignored nodes: comments, script, style
[36m<button[39m
  [33mclass[39m=[32m"MuiButtonBase-root MuiButton-root MuiButton-outlined MuiButton-outlinedPrimary MuiButton-sizeSmall MuiButton-outlinedSizeSmall MuiButton-colorPrimary MuiButton-root MuiButton-outlined MuiButton-outlinedPrimary MuiButton-sizeSmall MuiButton-outlinedSizeSmall MuiButton-colorPrimary css-1k23hlb-MuiButtonBase-root-MuiButton-root"[39m
  [33mtabindex[39m=[32m"0"[39m
  [33mtype[39m=[32m"button"[39m
[36m>[39m
  [0mFeatured[0m
  [36m<span[39m
    [33mclass[39m=[32m"MuiTouchRipple-root css-8je8zh-MuiTouchRipple-root"[39m
  [36m/>[39m
[36m</button>[39m

Ignored nodes: comments, script, style
[36m<button[39m
  [33mclass[39m=[32m"MuiButtonBase-root MuiButton-root MuiButton-outlined MuiButton-outlinedPrimary MuiButton-sizeSmall MuiButton-outlinedSizeSmall MuiButton-colorPrimary MuiButton-root MuiButton-outlined MuiButton-outlinedPrimary MuiButton-sizeSmall MuiButton-outlinedSizeSmall MuiButton-colorPrimary css-1k23hlb-MuiButtonBase-root-MuiButton-root"[39m
  [33mtabindex[39m=[32m"0"[39m
  [33mtype[39m=[32m"button"[39m
[36m>[39m
  [0mFeatured[0m
  [36m<span[39m
    [33mclass[39m=[32m"MuiTouchRipple-root css-8je8zh-MuiTouchRipple-root"[39m
  [36m/>[39m
[36m</button>[39m

(If this is intentional, then use the `*AllBy*` variant of the query (like `queryAllByText`, `getAllByText`, or `findAllByText`)).

Ignored nodes: comments, script, style
[36m<body[39m
  [33mstyle[39m=[32m"padding-right: 1024px; overflow: hidden;"[39m
[36m>[39m
  [36m<div[39m
    [33maria-hidden[39m=[32m"true"[39m
  [36m>[39m
    [36m<div[39m
      [33mclass[39m=[32m"MuiBox-root css-0"[39m
    [36m>[39m
      [36m<div[39m
        [33mclass[39m=[32m"MuiBox-root css-i3pbo"[39m
      [36m>[39m
        [36m<h5[39m
          [33mclass[39m=[32m"MuiTypography-root MuiTypography-h5 MuiTypography-gutterBottom css-1hkf4sh-MuiTypography-root"[39m
        [36m>[39m
          [0mPayment History[0m
        [36m</h5>[39m
        [36m<p[39m
          [33mclass[39m=[32m"MuiTypography-root MuiTypography-body2 css-xtz2xu-MuiTypography-root"[39m
        [36m>[39m
          [0m1[0m
          [0m payment[0m
          [0m found[0m
        [36m</p>[39m
      [36m</div>[39m
      [36m<div[39m
        [33mclass[39m=[32m"MuiGrid-root MuiGrid-container MuiGrid-spacing-xs-2 css-12rc5ck-MuiGrid-root"[39m
      [36m>[39m
        [36m<div[39m
          [33mclass[39m=[32m"MuiGrid-root MuiGrid-item MuiGrid-grid-xs-12 MuiGrid-grid-sm-6 MuiGrid-grid-md-3 css-10voxkt-MuiGrid-root"[39m
        [36m>[39m
          [36m<div[39m
            [33mclass[39m=[32m"MuiFormControl-root MuiFormControl-fullWidth MuiTextField-root css-18hear-MuiFormControl-root-MuiTextField-root"[39m
          [36m>[39m
            [36m<div[39m
              [33mclass[39m=[32m"MuiInputBase-root MuiOutlinedInput-root MuiInputBase-colorPrimary MuiInputBase-fullWidth MuiInputBase-formControl MuiInputBase-sizeSmall MuiInputBase-adornedStart css-1cj7mpt-MuiInputBase-root-MuiOutlinedInput-root"[39m
            [36m>[39m
              [36m<div[39m
                [33mclass[39m=[32m"MuiInputAdornment-root MuiInputAdornment-positionStart MuiInputAdornment-outlined MuiInputAdornment-sizeSmall css-ittuaa-MuiInputAdornment-root"[39m
              [36m>[39m
                [36m<span[39m
                  [33mclass[39m=[32m"notranslate"[39m
                [36m>[39m
                  [0m​[0m
                [36m</span>[39m
                [36m<svg[39m
                  [33maria-hidden[39m=[32m"true"[39m
                  [33mclass[39m=[32m"MuiSvgIcon-root MuiSvgIcon-fontSizeMedium css-i4bv87-MuiSvgIcon-root"[39m
                  [33mdata-testid[39m=[32m"SearchIcon"[39m
                  [33mfocusable[39m=[32m"false"[39m
                  [33mviewBox[39m=[32m"0 0 24 24"[39m
                [36m>[39m
                  [36m<path[39m
                    [33md[39m=[32m"M15.5 14h-.79l-.28-.27C15.41 12.59 16 11.11 16 9.5 16 5.91 13.09 3 9.5 3S3 5.91 3 9.5 5.91 16 9.5 16c1.61 0 3.09-.59 4.23-1.57l.27.28v.79l5 4.99L20.49 19zm-6 0C7.01 14 5 11.99 5 9.5S7.01 5 9.5 5 14 7.01 14 9.5 11.99 14 9.5 14"[39m
                  [36m/>[39m
                [36m</svg>[39m
              [36m</div>[39m
              [36m<input[39m
                [33maria-invalid[39m=[32m"false"[39m
                [33mclass[39m=[32m"MuiInputBase-input MuiOutlinedInput-input MuiInputBase-inputSizeSmall MuiInputBase-inputAdornedStart css-1ua80n0-MuiInputBase-input-MuiOutlinedInput-input"[39m
                [33mid[39m=[32m":rt:"[39m
                [33mplaceholder[39m=[32m"Search payments..."[39m
                [33mtype[39m=[32m"text"[39m
                [33mvalue[39m=[32m""[39m
              [36m/>[39m
              [36m<fieldset[39m
                [33maria-hidden[39m=[32m"true"[39m
                [33mclass[39m=[32m"MuiOutlinedInput-notchedOutline css-r01yff-MuiNotchedOutlined-root-MuiOutlinedInput-notchedOutline"[39m
              [36m>[39m
                [36m<legend[39m
                  [33mclass[39m=[32m"css-1whs34k-MuiNotchedOutlined-root"[39m
                [36m>[39m
                  [36m<span[39m
                    [33mclass[39m=[32m"notranslate"[39m
                  [36m>[39m
                    [0m​[0m
                  [36m</span>[39m
                [36m</legend>[39m
              [36m</fieldset>[39m
            [36m</div>[39m
          [36m</div>[39m
        [36m</div>[39m
        [36m<div[39m
          [33mclass[39m=[32m"MuiGrid-root MuiGrid-item MuiGrid-grid-xs-12 MuiGrid-grid-sm-6 MuiGrid-grid-md-3 css-10voxkt-MuiGrid-root"[39m
        [36m>[39m
          [36m<div[39m
            [33mclass[39m=[32m"MuiFormControl-root MuiFormControl-fullWidth css-q8hpuo-MuiFormControl-root"[39m
          [36m>[39m
            [36m<label[39m
              [33mclass[39m=[32m"MuiFormLabel-root MuiInputLabel-root MuiInputLabel-formControl MuiInputLabel-animated MuiInputLabel-shrink MuiInputLabel-sizeSmall MuiInputLabel-outlined MuiFormLabel-colorPrimary MuiFormLabel-filled MuiInputLabel-root MuiInputLabel-formControl MuiInputLabel-animated MuiInputLabel-shrink MuiInputLabel-sizeSmall MuiInputLabel-outlined css-fe0mau-MuiFormLabel-root-MuiInputLabel-root"[39m
              [33mdata-shrink[39m=[32m"true"[39m
            [36m>[39m
              [0mStatus[0m
            [36m</label>[39m
            [36m<div[39m
              [33mclass[39m=[32m"MuiInputBase-root MuiOutlinedInput-root MuiInputBase-colorPrimary MuiInputBase-formControl MuiInputBase-sizeSmall css-13lg1x7-MuiInputBase-root-MuiOutlinedInput-root-MuiSelect-root"[39m
            [36m>[39m
              [36m<div[39m
                [33maria-controls[39m=[32m":ru:"[39m
                [33maria-expanded[39m=[32m"false"[39m
                [33maria-haspopup[39m=[32m"listbox"[39m
                [33mclass[39m=[32m"MuiSelect-select MuiSelect-outlined MuiInputBase-input MuiOutlinedInput-input MuiInputBase-inputSizeSmall css-1fzjff4-MuiSelect-select-MuiInputBase-input-MuiOutlinedInput-input"[39m
                [33mrole[39m=[32m"combobox"[39m
                [33mtabindex[39m=[32m"0"[39m
              [36m>[39m
                [0mAll Statuses[0m
              [36m</div>[39m
              [36m<input[39m
                [33maria-hidden[39m=[32m"true"[39m
                [33maria-invalid[39m=[32m"false"[39m
                [33mclass[39m=[32m"MuiSelect-nativeInput css-yf8vq0-MuiSelect-nativeInput"[39m
                [33mtabindex[39m=[32m"-1"[39m
                [33mvalue[39m=[32m"all"[39m
              [36m/>[39m
              [36m<svg[39m
                [33maria-hidden[39m=[32m"true"[39m
                [33mclass[39m=[32m"MuiSvgIcon-root MuiSvgIcon-fontSizeMedium MuiSelect-icon MuiSelect-iconOutlined css-hfutr2-MuiSvgIcon-root-MuiSelect-icon"[39m
                [33mdata-testid[39m=[32m"ArrowDropDownIcon"[39m
                [33mfocusable[39m=[32m"false"[39m
                [33mviewBox[39m=[32m"0 0 24 24"[39m
              [36m>[39m
                [36m<path[39m
                  [33md[39m=[32m"M7 10l5 5 5-5z"[39m
                [36m/>[39m
              [36m</svg>[...
 ❯ Object.getElementError node_modules/@testing-library/react/node_modules/@testing-library/dom/dist/config.js:37:19
 ❯ getElementError node_modules/@testing-library/react/node_modules/@testing-library/dom/dist/query-helpers.js:20:35
 ❯ getMultipleElementsFoundError node_modules/@testing-library/react/node_modules/@testing-library/dom/dist/query-helpers.js:23:10
 ❯ node_modules/@testing-library/react/node_modules/@testing-library/dom/dist/query-helpers.js:55:13
 ❯ node_modules/@testing-library/react/node_modules/@testing-library/dom/dist/query-helpers.js:95:19
 ❯ src/test/project.test.tsx:254:21
    252|       );
    253| 
    254|       expect(screen.getByText('Featured')).toBeInTheDocument();
       |                     ^
    255|       expect(screen.getByText('Urgent')).toBeInTheDocument();
    256|     });

⎯⎯⎯⎯⎯⎯⎯⎯⎯⎯⎯⎯⎯⎯⎯⎯⎯⎯⎯⎯⎯⎯[34/66]⎯

 FAIL  src/test/project.test.tsx > Project Components > ProjectFilters > calls onFiltersChange when search input changes
TestingLibraryElementError: Found multiple elements with the placeholder text of: Search projects...

Here are the matching elements:

Ignored nodes: comments, script, style
[36m<input[39m
  [33maria-invalid[39m=[32m"false"[39m
  [33mclass[39m=[32m"MuiInputBase-input MuiOutlinedInput-input MuiInputBase-inputAdornedStart css-1o9s3wi-MuiInputBase-input-MuiOutlinedInput-input"[39m
  [33mid[39m=[32m":r4g:"[39m
  [33mplaceholder[39m=[32m"Search projects..."[39m
  [33mtype[39m=[32m"text"[39m
  [33mvalue[39m=[32m""[39m
[36m/>[39m

Ignored nodes: comments, script, style
[36m<input[39m
  [33maria-invalid[39m=[32m"false"[39m
  [33mclass[39m=[32m"MuiInputBase-input MuiOutlinedInput-input MuiInputBase-inputAdornedStart css-1o9s3wi-MuiInputBase-input-MuiOutlinedInput-input"[39m
  [33mid[39m=[32m":r4n:"[39m
  [33mplaceholder[39m=[32m"Search projects..."[39m
  [33mtype[39m=[32m"text"[39m
  [33mvalue[39m=[32m""[39m
[36m/>[39m

Ignored nodes: comments, script, style
[36m<input[39m
  [33maria-invalid[39m=[32m"false"[39m
  [33mclass[39m=[32m"MuiInputBase-input MuiOutlinedInput-input MuiInputBase-inputAdornedStart css-1o9s3wi-MuiInputBase-input-MuiOutlinedInput-input"[39m
  [33mid[39m=[32m":r4u:"[39m
  [33mplaceholder[39m=[32m"Search projects..."[39m
  [33mtype[39m=[32m"text"[39m
  [33mvalue[39m=[32m""[39m
[36m/>[39m

(If this is intentional, then use the `*AllBy*` variant of the query (like `queryAllByText`, `getAllByText`, or `findAllByText`)).

Ignored nodes: comments, script, style
[36m<body[39m
  [33mstyle[39m=[32m"padding-right: 1024px; overflow: hidden;"[39m
[36m>[39m
  [36m<div[39m
    [33maria-hidden[39m=[32m"true"[39m
  [36m>[39m
    [36m<div[39m
      [33mclass[39m=[32m"MuiBox-root css-0"[39m
    [36m>[39m
      [36m<div[39m
        [33mclass[39m=[32m"MuiBox-root css-i3pbo"[39m
      [36m>[39m
        [36m<h5[39m
          [33mclass[39m=[32m"MuiTypography-root MuiTypography-h5 MuiTypography-gutterBottom css-1hkf4sh-MuiTypography-root"[39m
        [36m>[39m
          [0mPayment History[0m
        [36m</h5>[39m
        [36m<p[39m
          [33mclass[39m=[32m"MuiTypography-root MuiTypography-body2 css-xtz2xu-MuiTypography-root"[39m
        [36m>[39m
          [0m1[0m
          [0m payment[0m
          [0m found[0m
        [36m</p>[39m
      [36m</div>[39m
      [36m<div[39m
        [33mclass[39m=[32m"MuiGrid-root MuiGrid-container MuiGrid-spacing-xs-2 css-12rc5ck-MuiGrid-root"[39m
      [36m>[39m
        [36m<div[39m
          [33mclass[39m=[32m"MuiGrid-root MuiGrid-item MuiGrid-grid-xs-12 MuiGrid-grid-sm-6 MuiGrid-grid-md-3 css-10voxkt-MuiGrid-root"[39m
        [36m>[39m
          [36m<div[39m
            [33mclass[39m=[32m"MuiFormControl-root MuiFormControl-fullWidth MuiTextField-root css-18hear-MuiFormControl-root-MuiTextField-root"[39m
          [36m>[39m
            [36m<div[39m
              [33mclass[39m=[32m"MuiInputBase-root MuiOutlinedInput-root MuiInputBase-colorPrimary MuiInputBase-fullWidth MuiInputBase-formControl MuiInputBase-sizeSmall MuiInputBase-adornedStart css-1cj7mpt-MuiInputBase-root-MuiOutlinedInput-root"[39m
            [36m>[39m
              [36m<div[39m
                [33mclass[39m=[32m"MuiInputAdornment-root MuiInputAdornment-positionStart MuiInputAdornment-outlined MuiInputAdornment-sizeSmall css-ittuaa-MuiInputAdornment-root"[39m
              [36m>[39m
                [36m<span[39m
                  [33mclass[39m=[32m"notranslate"[39m
                [36m>[39m
                  [0m​[0m
                [36m</span>[39m
                [36m<svg[39m
                  [33maria-hidden[39m=[32m"true"[39m
                  [33mclass[39m=[32m"MuiSvgIcon-root MuiSvgIcon-fontSizeMedium css-i4bv87-MuiSvgIcon-root"[39m
                  [33mdata-testid[39m=[32m"SearchIcon"[39m
                  [33mfocusable[39m=[32m"false"[39m
                  [33mviewBox[39m=[32m"0 0 24 24"[39m
                [36m>[39m
                  [36m<path[39m
                    [33md[39m=[32m"M15.5 14h-.79l-.28-.27C15.41 12.59 16 11.11 16 9.5 16 5.91 13.09 3 9.5 3S3 5.91 3 9.5 5.91 16 9.5 16c1.61 0 3.09-.59 4.23-1.57l.27.28v.79l5 4.99L20.49 19zm-6 0C7.01 14 5 11.99 5 9.5S7.01 5 9.5 5 14 7.01 14 9.5 11.99 14 9.5 14"[39m
                  [36m/>[39m
                [36m</svg>[39m
              [36m</div>[39m
              [36m<input[39m
                [33maria-invalid[39m=[32m"false"[39m
                [33mclass[39m=[32m"MuiInputBase-input MuiOutlinedInput-input MuiInputBase-inputSizeSmall MuiInputBase-inputAdornedStart css-1ua80n0-MuiInputBase-input-MuiOutlinedInput-input"[39m
                [33mid[39m=[32m":rt:"[39m
                [33mplaceholder[39m=[32m"Search payments..."[39m
                [33mtype[39m=[32m"text"[39m
                [33mvalue[39m=[32m""[39m
              [36m/>[39m
              [36m<fieldset[39m
                [33maria-hidden[39m=[32m"true"[39m
                [33mclass[39m=[32m"MuiOutlinedInput-notchedOutline css-r01yff-MuiNotchedOutlined-root-MuiOutlinedInput-notchedOutline"[39m
              [36m>[39m
                [36m<legend[39m
                  [33mclass[39m=[32m"css-1whs34k-MuiNotchedOutlined-root"[39m
                [36m>[39m
                  [36m<span[39m
                    [33mclass[39m=[32m"notranslate"[39m
                  [36m>[39m
                    [0m​[0m
                  [36m</span>[39m
                [36m</legend>[39m
              [36m</fieldset>[39m
            [36m</div>[39m
          [36m</div>[39m
        [36m</div>[39m
        [36m<div[39m
          [33mclass[39m=[32m"MuiGrid-root MuiGrid-item MuiGrid-grid-xs-12 MuiGrid-grid-sm-6 MuiGrid-grid-md-3 css-10voxkt-MuiGrid-root"[39m
        [36m>[39m
          [36m<div[39m
            [33mclass[39m=[32m"MuiFormControl-root MuiFormControl-fullWidth css-q8hpuo-MuiFormControl-root"[39m
          [36m>[39m
            [36m<label[39m
              [33mclass[39m=[32m"MuiFormLabel-root MuiInputLabel-root MuiInputLabel-formControl MuiInputLabel-animated MuiInputLabel-shrink MuiInputLabel-sizeSmall MuiInputLabel-outlined MuiFormLabel-colorPrimary MuiFormLabel-filled MuiInputLabel-root MuiInputLabel-formControl MuiInputLabel-animated MuiInputLabel-shrink MuiInputLabel-sizeSmall MuiInputLabel-outlined css-fe0mau-MuiFormLabel-root-MuiInputLabel-root"[39m
              [33mdata-shrink[39m=[32m"true"[39m
            [36m>[39m
              [0mStatus[0m
            [36m</label>[39m
            [36m<div[39m
              [33mclass[39m=[32m"MuiInputBase-root MuiOutlinedInput-root MuiInputBase-colorPrimary MuiInputBase-formControl MuiInputBase-sizeSmall css-13lg1x7-MuiInputBase-root-MuiOutlinedInput-root-MuiSelect-root"[39m
            [36m>[39m
              [36m<div[39m
                [33maria-controls[39m=[32m":ru:"[39m
                [33maria-expanded[39m=[32m"false"[39m
                [33maria-haspopup[39m=[32m"listbox"[39m
                [33mclass[39m=[32m"MuiSelect-select MuiSelect-outlined MuiInputBase-input MuiOutlinedInput-input MuiInputBase-inputSizeSmall css-1fzjff4-MuiSelect-select-MuiInputBase-input-MuiOutlinedInput-input"[39m
                [33mrole[39m=[32m"combobox"[39m
                [33mtabindex[39m=[32m"0"[39m
              [36m>[39m
                [0mAll Statuses[0m
              [36m</div>[39m
              [36m<input[39m
                [33maria-hidden[39m=[32m"true"[39m
                [33maria-invalid[39m=[32m"false"[39m
                [33mclass[39m=[32m"MuiSelect-nativeInput css-yf8vq0-MuiSelect-nativeInput"[39m
                [33mtabindex[39m=[32m"-1"[39m
                [33mvalue[39m=[32m"all"[39m
              [36m/>[39m
              [36m<svg[39m
                [33maria-hidden[39m=[32m"true"[39m
                [33mclass[39m=[32m"MuiSvgIcon-root MuiSvgIcon-fontSizeMedium MuiSelect-icon MuiSelect-iconOutlined css-hfutr2-MuiSvgIcon-root-MuiSelect-icon"[39m
                [33mdata-testid[39m=[32m"ArrowDropDownIcon"[39m
                [33mfocusable[39m=[32m"false"[39m
                [33mviewBox[39m=[32m"0 0 24 24"[39m
              [36m>[39m
                [36m<path[39m
                  [33md[39m=[32m"M7 10l5 5 5-5z"[39m
                [36m/>[39m
              [36m</svg>[...
 ❯ Object.getElementError node_modules/@testing-library/react/node_modules/@testing-library/dom/dist/config.js:37:19
 ❯ getElementError node_modules/@testing-library/react/node_modules/@testing-library/dom/dist/query-helpers.js:20:35
 ❯ getMultipleElementsFoundError node_modules/@testing-library/react/node_modules/@testing-library/dom/dist/query-helpers.js:23:10
 ❯ node_modules/@testing-library/react/node_modules/@testing-library/dom/dist/query-helpers.js:55:13
 ❯ node_modules/@testing-library/react/node_modules/@testing-library/dom/dist/query-helpers.js:95:19
 ❯ src/test/project.test.tsx:269:34
    267|       );
    268| 
    269|       const searchInput = screen.getByPlaceholderText('Search projects…
       |                                  ^
    270|       fireEvent.change(searchInput, { target: { value: 'React' } });
    271| 

⎯⎯⎯⎯⎯⎯⎯⎯⎯⎯⎯⎯⎯⎯⎯⎯⎯⎯⎯⎯⎯⎯[35/66]⎯

 FAIL  src/test/project.test.tsx > Project Components > ProjectFilters > toggles featured filter when button clicked
TestingLibraryElementError: Found multiple elements with the text: Featured

Here are the matching elements:

Ignored nodes: comments, script, style
[36m<button[39m
  [33mclass[39m=[32m"MuiButtonBase-root MuiButton-root MuiButton-outlined MuiButton-outlinedPrimary MuiButton-sizeSmall MuiButton-outlinedSizeSmall MuiButton-colorPrimary MuiButton-root MuiButton-outlined MuiButton-outlinedPrimary MuiButton-sizeSmall MuiButton-outlinedSizeSmall MuiButton-colorPrimary css-1k23hlb-MuiButtonBase-root-MuiButton-root"[39m
  [33mtabindex[39m=[32m"0"[39m
  [33mtype[39m=[32m"button"[39m
[36m>[39m
  [0mFeatured[0m
  [36m<span[39m
    [33mclass[39m=[32m"MuiTouchRipple-root css-8je8zh-MuiTouchRipple-root"[39m
  [36m/>[39m
[36m</button>[39m

Ignored nodes: comments, script, style
[36m<button[39m
  [33mclass[39m=[32m"MuiButtonBase-root MuiButton-root MuiButton-outlined MuiButton-outlinedPrimary MuiButton-sizeSmall MuiButton-outlinedSizeSmall MuiButton-colorPrimary MuiButton-root MuiButton-outlined MuiButton-outlinedPrimary MuiButton-sizeSmall MuiButton-outlinedSizeSmall MuiButton-colorPrimary css-1k23hlb-MuiButtonBase-root-MuiButton-root"[39m
  [33mtabindex[39m=[32m"0"[39m
  [33mtype[39m=[32m"button"[39m
[36m>[39m
  [0mFeatured[0m
  [36m<span[39m
    [33mclass[39m=[32m"MuiTouchRipple-root css-8je8zh-MuiTouchRipple-root"[39m
  [36m/>[39m
[36m</button>[39m

Ignored nodes: comments, script, style
[36m<button[39m
  [33mclass[39m=[32m"MuiButtonBase-root MuiButton-root MuiButton-outlined MuiButton-outlinedPrimary MuiButton-sizeSmall MuiButton-outlinedSizeSmall MuiButton-colorPrimary MuiButton-root MuiButton-outlined MuiButton-outlinedPrimary MuiButton-sizeSmall MuiButton-outlinedSizeSmall MuiButton-colorPrimary css-1k23hlb-MuiButtonBase-root-MuiButton-root"[39m
  [33mtabindex[39m=[32m"0"[39m
  [33mtype[39m=[32m"button"[39m
[36m>[39m
  [0mFeatured[0m
  [36m<span[39m
    [33mclass[39m=[32m"MuiTouchRipple-root css-8je8zh-MuiTouchRipple-root"[39m
  [36m/>[39m
[36m</button>[39m

Ignored nodes: comments, script, style
[36m<button[39m
  [33mclass[39m=[32m"MuiButtonBase-root MuiButton-root MuiButton-outlined MuiButton-outlinedPrimary MuiButton-sizeSmall MuiButton-outlinedSizeSmall MuiButton-colorPrimary MuiButton-root MuiButton-outlined MuiButton-outlinedPrimary MuiButton-sizeSmall MuiButton-outlinedSizeSmall MuiButton-colorPrimary css-1k23hlb-MuiButtonBase-root-MuiButton-root"[39m
  [33mtabindex[39m=[32m"0"[39m
  [33mtype[39m=[32m"button"[39m
[36m>[39m
  [0mFeatured[0m
  [36m<span[39m
    [33mclass[39m=[32m"MuiTouchRipple-root css-8je8zh-MuiTouchRipple-root"[39m
  [36m/>[39m
[36m</button>[39m

(If this is intentional, then use the `*AllBy*` variant of the query (like `queryAllByText`, `getAllByText`, or `findAllByText`)).

Ignored nodes: comments, script, style
[36m<body[39m
  [33mstyle[39m=[32m"padding-right: 1024px; overflow: hidden;"[39m
[36m>[39m
  [36m<div[39m
    [33maria-hidden[39m=[32m"true"[39m
  [36m>[39m
    [36m<div[39m
      [33mclass[39m=[32m"MuiBox-root css-0"[39m
    [36m>[39m
      [36m<div[39m
        [33mclass[39m=[32m"MuiBox-root css-i3pbo"[39m
      [36m>[39m
        [36m<h5[39m
          [33mclass[39m=[32m"MuiTypography-root MuiTypography-h5 MuiTypography-gutterBottom css-1hkf4sh-MuiTypography-root"[39m
        [36m>[39m
          [0mPayment History[0m
        [36m</h5>[39m
        [36m<p[39m
          [33mclass[39m=[32m"MuiTypography-root MuiTypography-body2 css-xtz2xu-MuiTypography-root"[39m
        [36m>[39m
          [0m1[0m
          [0m payment[0m
          [0m found[0m
        [36m</p>[39m
      [36m</div>[39m
      [36m<div[39m
        [33mclass[39m=[32m"MuiGrid-root MuiGrid-container MuiGrid-spacing-xs-2 css-12rc5ck-MuiGrid-root"[39m
      [36m>[39m
        [36m<div[39m
          [33mclass[39m=[32m"MuiGrid-root MuiGrid-item MuiGrid-grid-xs-12 MuiGrid-grid-sm-6 MuiGrid-grid-md-3 css-10voxkt-MuiGrid-root"[39m
        [36m>[39m
          [36m<div[39m
            [33mclass[39m=[32m"MuiFormControl-root MuiFormControl-fullWidth MuiTextField-root css-18hear-MuiFormControl-root-MuiTextField-root"[39m
          [36m>[39m
            [36m<div[39m
              [33mclass[39m=[32m"MuiInputBase-root MuiOutlinedInput-root MuiInputBase-colorPrimary MuiInputBase-fullWidth MuiInputBase-formControl MuiInputBase-sizeSmall MuiInputBase-adornedStart css-1cj7mpt-MuiInputBase-root-MuiOutlinedInput-root"[39m
            [36m>[39m
              [36m<div[39m
                [33mclass[39m=[32m"MuiInputAdornment-root MuiInputAdornment-positionStart MuiInputAdornment-outlined MuiInputAdornment-sizeSmall css-ittuaa-MuiInputAdornment-root"[39m
              [36m>[39m
                [36m<span[39m
                  [33mclass[39m=[32m"notranslate"[39m
                [36m>[39m
                  [0m​[0m
                [36m</span>[39m
                [36m<svg[39m
                  [33maria-hidden[39m=[32m"true"[39m
                  [33mclass[39m=[32m"MuiSvgIcon-root MuiSvgIcon-fontSizeMedium css-i4bv87-MuiSvgIcon-root"[39m
                  [33mdata-testid[39m=[32m"SearchIcon"[39m
                  [33mfocusable[39m=[32m"false"[39m
                  [33mviewBox[39m=[32m"0 0 24 24"[39m
                [36m>[39m
                  [36m<path[39m
                    [33md[39m=[32m"M15.5 14h-.79l-.28-.27C15.41 12.59 16 11.11 16 9.5 16 5.91 13.09 3 9.5 3S3 5.91 3 9.5 5.91 16 9.5 16c1.61 0 3.09-.59 4.23-1.57l.27.28v.79l5 4.99L20.49 19zm-6 0C7.01 14 5 11.99 5 9.5S7.01 5 9.5 5 14 7.01 14 9.5 11.99 14 9.5 14"[39m
                  [36m/>[39m
                [36m</svg>[39m
              [36m</div>[39m
              [36m<input[39m
                [33maria-invalid[39m=[32m"false"[39m
                [33mclass[39m=[32m"MuiInputBase-input MuiOutlinedInput-input MuiInputBase-inputSizeSmall MuiInputBase-inputAdornedStart css-1ua80n0-MuiInputBase-input-MuiOutlinedInput-input"[39m
                [33mid[39m=[32m":rt:"[39m
                [33mplaceholder[39m=[32m"Search payments..."[39m
                [33mtype[39m=[32m"text"[39m
                [33mvalue[39m=[32m""[39m
              [36m/>[39m
              [36m<fieldset[39m
                [33maria-hidden[39m=[32m"true"[39m
                [33mclass[39m=[32m"MuiOutlinedInput-notchedOutline css-r01yff-MuiNotchedOutlined-root-MuiOutlinedInput-notchedOutline"[39m
              [36m>[39m
                [36m<legend[39m
                  [33mclass[39m=[32m"css-1whs34k-MuiNotchedOutlined-root"[39m
                [36m>[39m
                  [36m<span[39m
                    [33mclass[39m=[32m"notranslate"[39m
                  [36m>[39m
                    [0m​[0m
                  [36m</span>[39m
                [36m</legend>[39m
              [36m</fieldset>[39m
            [36m</div>[39m
          [36m</div>[39m
        [36m</div>[39m
        [36m<div[39m
          [33mclass[39m=[32m"MuiGrid-root MuiGrid-item MuiGrid-grid-xs-12 MuiGrid-grid-sm-6 MuiGrid-grid-md-3 css-10voxkt-MuiGrid-root"[39m
        [36m>[39m
          [36m<div[39m
            [33mclass[39m=[32m"MuiFormControl-root MuiFormControl-fullWidth css-q8hpuo-MuiFormControl-root"[39m
          [36m>[39m
            [36m<label[39m
              [33mclass[39m=[32m"MuiFormLabel-root MuiInputLabel-root MuiInputLabel-formControl MuiInputLabel-animated MuiInputLabel-shrink MuiInputLabel-sizeSmall MuiInputLabel-outlined MuiFormLabel-colorPrimary MuiFormLabel-filled MuiInputLabel-root MuiInputLabel-formControl MuiInputLabel-animated MuiInputLabel-shrink MuiInputLabel-sizeSmall MuiInputLabel-outlined css-fe0mau-MuiFormLabel-root-MuiInputLabel-root"[39m
              [33mdata-shrink[39m=[32m"true"[39m
            [36m>[39m
              [0mStatus[0m
            [36m</label>[39m
            [36m<div[39m
              [33mclass[39m=[32m"MuiInputBase-root MuiOutlinedInput-root MuiInputBase-colorPrimary MuiInputBase-formControl MuiInputBase-sizeSmall css-13lg1x7-MuiInputBase-root-MuiOutlinedInput-root-MuiSelect-root"[39m
            [36m>[39m
              [36m<div[39m
                [33maria-controls[39m=[32m":ru:"[39m
                [33maria-expanded[39m=[32m"false"[39m
                [33maria-haspopup[39m=[32m"listbox"[39m
                [33mclass[39m=[32m"MuiSelect-select MuiSelect-outlined MuiInputBase-input MuiOutlinedInput-input MuiInputBase-inputSizeSmall css-1fzjff4-MuiSelect-select-MuiInputBase-input-MuiOutlinedInput-input"[39m
                [33mrole[39m=[32m"combobox"[39m
                [33mtabindex[39m=[32m"0"[39m
              [36m>[39m
                [0mAll Statuses[0m
              [36m</div>[39m
              [36m<input[39m
                [33maria-hidden[39m=[32m"true"[39m
                [33maria-invalid[39m=[32m"false"[39m
                [33mclass[39m=[32m"MuiSelect-nativeInput css-yf8vq0-MuiSelect-nativeInput"[39m
                [33mtabindex[39m=[32m"-1"[39m
                [33mvalue[39m=[32m"all"[39m
              [36m/>[39m
              [36m<svg[39m
                [33maria-hidden[39m=[32m"true"[39m
                [33mclass[39m=[32m"MuiSvgIcon-root MuiSvgIcon-fontSizeMedium MuiSelect-icon MuiSelect-iconOutlined css-hfutr2-MuiSvgIcon-root-MuiSelect-icon"[39m
                [33mdata-testid[39m=[32m"ArrowDropDownIcon"[39m
                [33mfocusable[39m=[32m"false"[39m
                [33mviewBox[39m=[32m"0 0 24 24"[39m
              [36m>[39m
                [36m<path[39m
                  [33md[39m=[32m"M7 10l5 5 5-5z"[39m
                [36m/>[39m
              [36m</svg>[...
 ❯ Object.getElementError node_modules/@testing-library/react/node_modules/@testing-library/dom/dist/config.js:37:19
 ❯ getElementError node_modules/@testing-library/react/node_modules/@testing-library/dom/dist/query-helpers.js:20:35
 ❯ getMultipleElementsFoundError node_modules/@testing-library/react/node_modules/@testing-library/dom/dist/query-helpers.js:23:10
 ❯ node_modules/@testing-library/react/node_modules/@testing-library/dom/dist/query-helpers.js:55:13
 ❯ node_modules/@testing-library/react/node_modules/@testing-library/dom/dist/query-helpers.js:95:19
 ❯ src/test/project.test.tsx:289:37
    287|       );
    288| 
    289|       const featuredButton = screen.getByText('Featured');
       |                                     ^
    290|       fireEvent.click(featuredButton);
    291| 

⎯⎯⎯⎯⎯⎯⎯⎯⎯⎯⎯⎯⎯⎯⎯⎯⎯⎯⎯⎯⎯⎯[36/66]⎯

 FAIL  src/test/project.test.tsx > Project Components > ProjectFilters > expands advanced filters when button clicked
TestingLibraryElementError: Found multiple elements with the text: Advanced Filters

Here are the matching elements:

Ignored nodes: comments, script, style
[36m<button[39m
  [33mclass[39m=[32m"MuiButtonBase-root MuiButton-root MuiButton-outlined MuiButton-outlinedPrimary MuiButton-sizeSmall MuiButton-outlinedSizeSmall MuiButton-colorPrimary MuiButton-root MuiButton-outlined MuiButton-outlinedPrimary MuiButton-sizeSmall MuiButton-outlinedSizeSmall MuiButton-colorPrimary css-1k23hlb-MuiButtonBase-root-MuiButton-root"[39m
  [33mtabindex[39m=[32m"0"[39m
  [33mtype[39m=[32m"button"[39m
[36m>[39m
  [36m<span[39m
    [33mclass[39m=[32m"MuiButton-icon MuiButton-startIcon MuiButton-iconSizeSmall css-y6rp3m-MuiButton-startIcon"[39m
  [36m>[39m
    [36m<svg[39m
      [33maria-hidden[39m=[32m"true"[39m
      [33mclass[39m=[32m"MuiSvgIcon-root MuiSvgIcon-fontSizeMedium css-i4bv87-MuiSvgIcon-root"[39m
      [33mdata-testid[39m=[32m"FilterListIcon"[39m
      [33mfocusable[39m=[32m"false"[39m
      [33mviewBox[39m=[32m"0 0 24 24"[39m
    [36m>[39m
      [36m<path[39m
        [33md[39m=[32m"M10 18h4v-2h-4zM3 6v2h18V6zm3 7h12v-2H6z"[39m
      [36m/>[39m
    [36m</svg>[39m
  [36m</span>[39m
  [0mAdvanced Filters[0m
  [36m<span[39m
    [33mclass[39m=[32m"MuiButton-icon MuiButton-endIcon MuiButton-iconSizeSmall css-155nyw6-MuiButton-endIcon"[39m
  [36m>[39m
    [36m<svg[39m
      [33maria-hidden[39m=[32m"true"[39m
      [33mclass[39m=[32m"MuiSvgIcon-root MuiSvgIcon-fontSizeMedium css-i4bv87-MuiSvgIcon-root"[39m
      [33mdata-testid[39m=[32m"ExpandMoreIcon"[39m
      [33mfocusable[39m=[32m"false"[39m
      [33mviewBox[39m=[32m"0 0 24 24"[39m
    [36m>[39m
      [36m<path[39m
        [33md[39m=[32m"M16.59 8.59 12 13.17 7.41 8.59 6 10l6 6 6-6z"[39m
      [36m/>[39m
    [36m</svg>[39m
  [36m</span>[39m
  [36m<span[39m
    [33mclass[39m=[32m"MuiTouchRipple-root css-8je8zh-MuiTouchRipple-root"[39m
  [36m/>[39m
[36m</button>[39m

Ignored nodes: comments, script, style
[36m<button[39m
  [33mclass[39m=[32m"MuiButtonBase-root MuiButton-root MuiButton-outlined MuiButton-outlinedPrimary MuiButton-sizeSmall MuiButton-outlinedSizeSmall MuiButton-colorPrimary MuiButton-root MuiButton-outlined MuiButton-outlinedPrimary MuiButton-sizeSmall MuiButton-outlinedSizeSmall MuiButton-colorPrimary css-1k23hlb-MuiButtonBase-root-MuiButton-root"[39m
  [33mtabindex[39m=[32m"0"[39m
  [33mtype[39m=[32m"button"[39m
[36m>[39m
  [36m<span[39m
    [33mclass[39m=[32m"MuiButton-icon MuiButton-startIcon MuiButton-iconSizeSmall css-y6rp3m-MuiButton-startIcon"[39m
  [36m>[39m
    [36m<svg[39m
      [33maria-hidden[39m=[32m"true"[39m
      [33mclass[39m=[32m"MuiSvgIcon-root MuiSvgIcon-fontSizeMedium css-i4bv87-MuiSvgIcon-root"[39m
      [33mdata-testid[39m=[32m"FilterListIcon"[39m
      [33mfocusable[39m=[32m"false"[39m
      [33mviewBox[39m=[32m"0 0 24 24"[39m
    [36m>[39m
      [36m<path[39m
        [33md[39m=[32m"M10 18h4v-2h-4zM3 6v2h18V6zm3 7h12v-2H6z"[39m
      [36m/>[39m
    [36m</svg>[39m
  [36m</span>[39m
  [0mAdvanced Filters[0m
  [36m<span[39m
    [33mclass[39m=[32m"MuiButton-icon MuiButton-endIcon MuiButton-iconSizeSmall css-155nyw6-MuiButton-endIcon"[39m
  [36m>[39m
    [36m<svg[39m
      [33maria-hidden[39m=[32m"true"[39m
      [33mclass[39m=[32m"MuiSvgIcon-root MuiSvgIcon-fontSizeMedium css-i4bv87-MuiSvgIcon-root"[39m
      [33mdata-testid[39m=[32m"ExpandMoreIcon"[39m
      [33mfocusable[39m=[32m"false"[39m
      [33mviewBox[39m=[32m"0 0 24 24"[39m
    [36m>[39m
      [36m<path[39m
        [33md[39m=[32m"M16.59 8.59 12 13.17 7.41 8.59 6 10l6 6 6-6z"[39m
      [36m/>[39m
    [36m</svg>[39m
  [36m</span>[39m
  [36m<span[39m
    [33mclass[39m=[32m"MuiTouchRipple-root css-8je8zh-MuiTouchRipple-root"[39m
  [36m/>[39m
[36m</button>[39m

Ignored nodes: comments, script, style
[36m<button[39m
  [33mclass[39m=[32m"MuiButtonBase-root MuiButton-root MuiButton-outlined MuiButton-outlinedPrimary MuiButton-sizeSmall MuiButton-outlinedSizeSmall MuiButton-colorPrimary MuiButton-root MuiButton-outlined MuiButton-outlinedPrimary MuiButton-sizeSmall MuiButton-outlinedSizeSmall MuiButton-colorPrimary css-1k23hlb-MuiButtonBase-root-MuiButton-root"[39m
  [33mtabindex[39m=[32m"0"[39m
  [33mtype[39m=[32m"button"[39m
[36m>[39m
  [36m<span[39m
    [33mclass[39m=[32m"MuiButton-icon MuiButton-startIcon MuiButton-iconSizeSmall css-y6rp3m-MuiButton-startIcon"[39m
  [36m>[39m
    [36m<svg[39m
      [33maria-hidden[39m=[32m"true"[39m
      [33mclass[39m=[32m"MuiSvgIcon-root MuiSvgIcon-fontSizeMedium css-i4bv87-MuiSvgIcon-root"[39m
      [33mdata-testid[39m=[32m"FilterListIcon"[39m
      [33mfocusable[39m=[32m"false"[39m
      [33mviewBox[39m=[32m"0 0 24 24"[39m
    [36m>[39m
      [36m<path[39m
        [33md[39m=[32m"M10 18h4v-2h-4zM3 6v2h18V6zm3 7h12v-2H6z"[39m
      [36m/>[39m
    [36m</svg>[39m
  [36m</span>[39m
  [0mAdvanced Filters[0m
  [36m<span[39m
    [33mclass[39m=[32m"MuiButton-icon MuiButton-endIcon MuiButton-iconSizeSmall css-155nyw6-MuiButton-endIcon"[39m
  [36m>[39m
    [36m<svg[39m
      [33maria-hidden[39m=[32m"true"[39m
      [33mclass[39m=[32m"MuiSvgIcon-root MuiSvgIcon-fontSizeMedium css-i4bv87-MuiSvgIcon-root"[39m
      [33mdata-testid[39m=[32m"ExpandMoreIcon"[39m
      [33mfocusable[39m=[32m"false"[39m
      [33mviewBox[39m=[32m"0 0 24 24"[39m
    [36m>[39m
      [36m<path[39m
        [33md[39m=[32m"M16.59 8.59 12 13.17 7.41 8.59 6 10l6 6 6-6z"[39m
      [36m/>[39m
    [36m</svg>[39m
  [36m</span>[39m
  [36m<span[39m
    [33mclass[39m=[32m"MuiTouchRipple-root css-8je8zh-MuiTouchRipple-root"[39m
  [36m/>[39m
[36m</button>[39m

Ignored nodes: comments, script, style
[36m<button[39m
  [33mclass[39m=[32m"MuiButtonBase-root MuiButton-root MuiButton-outlined MuiButton-outlinedPrimary MuiButton-sizeSmall MuiButton-outlinedSizeSmall MuiButton-colorPrimary MuiButton-root MuiButton-outlined MuiButton-outlinedPrimary MuiButton-sizeSmall MuiButton-outlinedSizeSmall MuiButton-colorPrimary css-1k23hlb-MuiButtonBase-root-MuiButton-root"[39m
  [33mtabindex[39m=[32m"0"[39m
  [33mtype[39m=[32m"button"[39m
[36m>[39m
  [36m<span[39m
    [33mclass[39m=[32m"MuiButton-icon MuiButton-startIcon MuiButton-iconSizeSmall css-y6rp3m-MuiButton-startIcon"[39m
  [36m>[39m
    [36m<svg[39m
      [33maria-hidden[39m=[32m"true"[39m
      [33mclass[39m=[32m"MuiSvgIcon-root MuiSvgIcon-fontSizeMedium css-i4bv87-MuiSvgIcon-root"[39m
      [33mdata-testid[39m=[32m"FilterListIcon"[39m
      [33mfocusable[39m=[32m"false"[39m
      [33mviewBox[39m=[32m"0 0 24 24"[39m
    [36m>[39m
      [36m<path[39m
        [33md[39m=[32m"M10 18h4v-2h-4zM3 6v2h18V6zm3 7h12v-2H6z"[39m
      [36m/>[39m
    [36m</svg>[39m
  [36m</span>[39m
  [0mAdvanced Filters[0m
  [36m<span[39m
    [33mclass[39m=[32m"MuiButton-icon MuiButton-endIcon MuiButton-iconSizeSmall css-155nyw6-MuiButton-endIcon"[39m
  [36m>[39m
    [36m<svg[39m
      [33maria-hidden[39m=[32m"true"[39m
      [33mclass[39m=[32m"MuiSvgIcon-root MuiSvgIcon-fontSizeMedium css-i4bv87-MuiSvgIcon-root"[39m
      [33mdata-testid[39m=[32m"ExpandMoreIcon"[39m
      [33mfocusable[39m=[32m"false"[39m
      [33mviewBox[39m=[32m"0 0 24 24"[39m
    [36m>[39m
      [36m<path[39m
        [33md[39m=[32m"M16.59 8.59 12 13.17 7.41 8.59 6 10l6 6 6-6z"[39m
      [36m/>[39m
    [36m</svg>[39m
  [36m</span>[39m
  [36m<span[39m
    [33mclass[39m=[32m"MuiTouchRipple-root css-8je8zh-MuiTouchRipple-root"[39m
  [36m/>[39m
[36m</button>[39m

Ignored nodes: comments, script, style
[36m<button[39m
  [33mclass[39m=[32m"MuiButtonBase-root MuiButton-root MuiButton-outlined MuiButton-outlinedPrimary MuiButton-sizeSmall MuiButton-outlinedSizeSmall MuiButton-colorPrimary MuiButton-root MuiButton-outlined MuiButton-outlinedPrimary MuiButton-sizeSmall MuiButton-outlinedSizeSmall MuiButton-colorPrimary css-1k23hlb-MuiButtonBase-root-MuiButton-root"[39m
  [33mtabindex[39m=[32m"0"[39m
  [33mtype[39m=[32m"button"[39m
[36m>[39m
  [36m<span[39m
    [33mclass[39m=[32m"MuiButton-icon MuiButton-startIcon MuiButton-iconSizeSmall css-y6rp3m-MuiButton-startIcon"[39m
  [36m>[39m
    [36m<svg[39m
      [33maria-hidden[39m=[32m"true"[39m
      [33mclass[39m=[32m"MuiSvgIcon-root MuiSvgIcon-fontSizeMedium css-i4bv87-MuiSvgIcon-root"[39m
      [33mdata-testid[39m=[32m"FilterListIcon"[39m
      [33mfocusable[39m=[32m"false"[39m
      [33mviewBox[39m=[32m"0 0 24 24"[39m
    [36m>[39m
      [36m<path[39m
        [33md[39m=[32m"M10 18h4v-2h-4zM3 6v2h18V6zm3 7h12v-2H6z"[39m
      [36m/>[39m
    [36m</svg>[39m
  [36m</span>[39m
  [0mAdvanced Filters[0m
  [36m<span[39m
    [33mclass[39m=[32m"MuiButton-icon MuiButton-endIcon MuiButton-iconSizeSmall css-155nyw6-MuiButton-endIcon"[39m
  [36m>[39m
    [36m<svg[39m
      [33maria-hidden[39m=[32m"true"[39m
      [33mclass[39m=[32m"MuiSvgIcon-root MuiSvgIcon-fontSizeMedium css-i4bv87-MuiSvgIcon-root"[39m
      [33mdata-testid[39m=[32m"ExpandMoreIcon"[39m
      [33mfocusable[39m=[32m"false"[39m
      [33mviewBox[39m=[32m"0 0 24 24"[39m
    [36m>[39m
      [36m<path[39m
        [33md[39m=[32m"M16.59 8.59 12 13.17 7.41 8.59 6 10l6 6 6-6z"[39m
      [36m/>[39m
    [36m</svg>[39m
  [36m</span>[39m
  [36m<span[39m
    [33mclass[39m=[32m"MuiTouchRipple-root css-8je8zh-MuiTouchRipple-root"[39m
  [36m/>[39m
[36m</button>[39m

(If this is intentional, then use the `*AllBy*` variant of the query (like `queryAllByText`, `getAllByText`, or `findAllByText`)).

Ignored nodes: comments, script, style
[36m<body[39m
  [33mstyle[39m=[32m"padding-right: 1024px; overflow: hidden;"[39m
[36m>[39m
  [36m<div[39m
    [33maria-hidden[39m=[32m"true"[39m
  [36m>[39m
    [36m<div[39m
      [33mclass[39m=[32m"MuiBox-root css-0"[39m
    [36m>[39m
      [36m<div[39m
        [33mclass[39m=[32m"MuiBox-root css-i3pbo"[39m
      [36m>[39m
        [36m<h5[39m
          [33mclass[39m=[32m"MuiTypography-root MuiTypography-h5 MuiTypography-gutterBottom css-1hkf4sh-MuiTypography-root"[39m
        [36m>[39m
          [0mPayment History[0m
        [36m</h5>[39m
        [36m<p[39m
          [33mclass[39m=[32m"MuiTypography-root MuiTypography-body2 css-xtz2xu-MuiTypography-root"[39m
        [36m>[39m
          [0m1[0m
          [0m payment[0m
          [0m found[0m
        [36m</p>[39m
      [36m</div>[39m
      [36m<div[39m
        [33mclass[39m=[32m"MuiGrid-root MuiGrid-container MuiGrid-spacing-xs-2 css-12rc5ck-MuiGrid-root"[39m
      [36m>[39m
        [36m<div[39m
          [33mclass[39m=[32m"MuiGrid-root MuiGrid-item MuiGrid-grid-xs-12 MuiGrid-grid-sm-6 MuiGrid-grid-md-3 css-10voxkt-MuiGrid-root"[39m
        [36m>[39m
          [36m<div[39m
            [33mclass[39m=[32m"MuiFormControl-root MuiFormControl-fullWidth MuiTextField-root css-18hear-MuiFormControl-root-MuiTextField-root"[39m
          [36m>[39m
            [36m<div[39m
              [33mclass[39m=[32m"MuiInputBase-root MuiOutlinedInput-root MuiInputBase-colorPrimary MuiInputBase-fullWidth MuiInputBase-formControl MuiInputBase-sizeSmall MuiInputBase-adornedStart css-1cj7mpt-MuiInputBase-root-MuiOutlinedInput-root"[39m
            [36m>[39m
              [36m<div[39m
                [33mclass[39m=[32m"MuiInputAdornment-root MuiInputAdornment-positionStart MuiInputAdornment-outlined MuiInputAdornment-sizeSmall css-ittuaa-MuiInputAdornment-root"[39m
              [36m>[39m
                [36m<span[39m
                  [33mclass[39m=[32m"notranslate"[39m
                [36m>[39m
                  [0m​[0m
                [36m</span>[39m
                [36m<svg[39m
                  [33maria-hidden[39m=[32m"true"[39m
                  [33mclass[39m=[32m"MuiSvgIcon-root MuiSvgIcon-fontSizeMedium css-i4bv87-MuiSvgIcon-root"[39m
                  [33mdata-testid[39m=[32m"SearchIcon"[39m
                  [33mfocusable[39m=[32m"false"[39m
                  [33mviewBox[39m=[32m"0 0 24 24"[39m
                [36m>[39m
                  [36m<path[39m
                    [33md[39m=[32m"M15.5 14h-.79l-.28-.27C15.41 12.59 16 11.11 16 9.5 16 5.91 13.09 3 9.5 3S3 5.91 3 9.5 5.91 16 9.5 16c1.61 0 3.09-.59 4.23-1.57l.27.28v.79l5 4.99L20.49 19zm-6 0C7.01 14 5 11.99 5 9.5S7.01 5 9.5 5 14 7.01 14 9.5 11.99 14 9.5 14"[39m
                  [36m/>[39m
                [36m</svg>[39m
              [36m</div>[39m
              [36m<input[39m
                [33maria-invalid[39m=[32m"false"[39m
                [33mclass[39m=[32m"MuiInputBase-input MuiOutlinedInput-input MuiInputBase-inputSizeSmall MuiInputBase-inputAdornedStart css-1ua80n0-MuiInputBase-input-MuiOutlinedInput-input"[39m
                [33mid[39m=[32m":rt:"[39m
                [33mplaceholder[39m=[32m"Search payments..."[39m
                [33mtype[39m=[32m"text"[39m
                [33mvalue[39m=[32m""[39m
              [36m/>[39m
              [36m<fieldset[39m
                [33maria-hidden[39m=[32m"true"[39m
                [33mclass[39m=[32m"MuiOutlinedInput-notchedOutline css-r01yff-MuiNotchedOutlined-root-MuiOutlinedInput-notchedOutline"[39m
              [36m>[39m
                [36m<legend[39m
                  [33mclass[39m=[32m"css-1whs34k-MuiNotchedOutlined-root"[39m
                [36m>[39m
                  [36m<span[39m
                    [33mclass[39m=[32m"notranslate"[39m
                  [36m>[39m
                    [0m​[0m
                  [36m</span>[39m
                [36m</legend>[39m
              [36m</fieldset>[39m
            [36m</div>[39m
          [36m</div>[39m
        [36m</div>[39m
        [36m<div[39m
          [33mclass[39m=[32m"MuiGrid-root MuiGrid-item MuiGrid-grid-xs-12 MuiGrid-grid-sm-6 MuiGrid-grid-md-3 css-10voxkt-MuiGrid-root"[39m
        [36m>[39m
          [36m<div[39m
            [33mclass[39m=[32m"MuiFormControl-root MuiFormControl-fullWidth css-q8hpuo-MuiFormControl-root"[39m
          [36m>[39m
            [36m<label[39m
              [33mclass[39m=[32m"MuiFormLabel-root MuiInputLabel-root MuiInputLabel-formControl MuiInputLabel-animated MuiInputLabel-shrink MuiInputLabel-sizeSmall MuiInputLabel-outlined MuiFormLabel-colorPrimary MuiFormLabel-filled MuiInputLabel-root MuiInputLabel-formControl MuiInputLabel-animated MuiInputLabel-shrink MuiInputLabel-sizeSmall MuiInputLabel-outlined css-fe0mau-MuiFormLabel-root-MuiInputLabel-root"[39m
              [33mdata-shrink[39m=[32m"true"[39m
            [36m>[39m
              [0mStatus[0m
            [36m</label>[39m
            [36m<div[39m
              [33mclass[39m=[32m"MuiInputBase-root MuiOutlinedInput-root MuiInputBase-colorPrimary MuiInputBase-formControl MuiInputBase-sizeSmall css-13lg1x7-MuiInputBase-root-MuiOutlinedInput-root-MuiSelect-root"[39m
            [36m>[39m
              [36m<div[39m
                [33maria-controls[39m=[32m":ru:"[39m
                [33maria-expanded[39m=[32m"false"[39m
                [33maria-haspopup[39m=[32m"listbox"[39m
                [33mclass[39m=[32m"MuiSelect-select MuiSelect-outlined MuiInputBase-input MuiOutlinedInput-input MuiInputBase-inputSizeSmall css-1fzjff4-MuiSelect-select-MuiInputBase-input-MuiOutlinedInput-input"[39m
                [33mrole[39m=[32m"combobox"[39m
                [33mtabindex[39m=[32m"0"[39m
              [36m>[39m
                [0mAll Statuses[0m
              [36m</div>[39m
              [36m<input[39m
                [33maria-hidden[39m=[32m"true"[39m
                [33maria-invalid[39m=[32m"false"[39m
                [33mclass[39m=[32m"MuiSelect-nativeInput css-yf8vq0-MuiSelect-nativeInput"[39m
                [33mtabindex[39m=[32m"-1"[39m
                [33mvalue[39m=[32m"all"[39m
              [36m/>[39m
              [36m<svg[39m
                [33maria-hidden[39m=[32m"true"[39m
                [33mclass[39m=[32m"MuiSvgIcon-root MuiSvgIcon-fontSizeMedium MuiSelect-icon MuiSelect-iconOutlined css-hfutr2-MuiSvgIcon-root-MuiSelect-icon"[39m
                [33mdata-testid[39m=[32m"ArrowDropDownIcon"[39m
                [33mfocusable[39m=[32m"false"[39m
                [33mviewBox[39m=[32m"0 0 24 24"[39m
              [36m>[39m
                [36m<path[39m
                  [33md[39m=[32m"M7 10l5 5 5-5z"[39m
                [36m/>[39m
              [36m</svg>[...
 ❯ Object.getElementError node_modules/@testing-library/react/node_modules/@testing-library/dom/dist/config.js:37:19
 ❯ getElementError node_modules/@testing-library/react/node_modules/@testing-library/dom/dist/query-helpers.js:20:35
 ❯ getMultipleElementsFoundError node_modules/@testing-library/react/node_modules/@testing-library/dom/dist/query-helpers.js:23:10
 ❯ node_modules/@testing-library/react/node_modules/@testing-library/dom/dist/query-helpers.js:55:13
 ❯ node_modules/@testing-library/react/node_modules/@testing-library/dom/dist/query-helpers.js:95:19
 ❯ src/test/project.test.tsx:309:44
    307|       );
    308| 
    309|       const advancedFiltersButton = screen.getByText('Advanced Filters…
       |                                            ^
    310|       fireEvent.click(advancedFiltersButton);
    311| 

⎯⎯⎯⎯⎯⎯⎯⎯⎯⎯⎯⎯⎯⎯⎯⎯⎯⎯⎯⎯⎯⎯[37/66]⎯

 FAIL  src/test/project.test.tsx > Project Components > ProjectFilters > calls onClearFilters when clear all button clicked
TestingLibraryElementError: Found multiple elements with the text: Clear All

Here are the matching elements:

Ignored nodes: comments, script, style
[36m<button[39m
  [33mclass[39m=[32m"MuiButtonBase-root MuiButton-root MuiButton-outlined MuiButton-outlinedSecondary MuiButton-sizeSmall MuiButton-outlinedSizeSmall MuiButton-colorSecondary MuiButton-root MuiButton-outlined MuiButton-outlinedSecondary MuiButton-sizeSmall MuiButton-outlinedSizeSmall MuiButton-colorSecondary css-ssd6ke-MuiButtonBase-root-MuiButton-root"[39m
  [33mtabindex[39m=[32m"0"[39m
  [33mtype[39m=[32m"button"[39m
[36m>[39m
  [36m<span[39m
    [33mclass[39m=[32m"MuiButton-icon MuiButton-startIcon MuiButton-iconSizeSmall css-y6rp3m-MuiButton-startIcon"[39m
  [36m>[39m
    [36m<svg[39m
      [33maria-hidden[39m=[32m"true"[39m
      [33mclass[39m=[32m"MuiSvgIcon-root MuiSvgIcon-fontSizeMedium css-i4bv87-MuiSvgIcon-root"[39m
      [33mdata-testid[39m=[32m"ClearIcon"[39m
      [33mfocusable[39m=[32m"false"[39m
      [33mviewBox[39m=[32m"0 0 24 24"[39m
    [36m>[39m
      [36m<path[39m
        [33md[39m=[32m"M19 6.41 17.59 5 12 10.59 6.41 5 5 6.41 10.59 12 5 17.59 6.41 19 12 13.41 17.59 19 19 17.59 13.41 12z"[39m
      [36m/>[39m
    [36m</svg>[39m
  [36m</span>[39m
  [0mClear All[0m
  [36m<span[39m
    [33mclass[39m=[32m"MuiTouchRipple-root css-8je8zh-MuiTouchRipple-root"[39m
  [36m/>[39m
[36m</button>[39m

Ignored nodes: comments, script, style
[36m<button[39m
  [33mclass[39m=[32m"MuiButtonBase-root MuiButton-root MuiButton-outlined MuiButton-outlinedSecondary MuiButton-sizeSmall MuiButton-outlinedSizeSmall MuiButton-colorSecondary MuiButton-root MuiButton-outlined MuiButton-outlinedSecondary MuiButton-sizeSmall MuiButton-outlinedSizeSmall MuiButton-colorSecondary css-ssd6ke-MuiButtonBase-root-MuiButton-root"[39m
  [33mtabindex[39m=[32m"0"[39m
  [33mtype[39m=[32m"button"[39m
[36m>[39m
  [36m<span[39m
    [33mclass[39m=[32m"MuiButton-icon MuiButton-startIcon MuiButton-iconSizeSmall css-y6rp3m-MuiButton-startIcon"[39m
  [36m>[39m
    [36m<svg[39m
      [33maria-hidden[39m=[32m"true"[39m
      [33mclass[39m=[32m"MuiSvgIcon-root MuiSvgIcon-fontSizeMedium css-i4bv87-MuiSvgIcon-root"[39m
      [33mdata-testid[39m=[32m"ClearIcon"[39m
      [33mfocusable[39m=[32m"false"[39m
      [33mviewBox[39m=[32m"0 0 24 24"[39m
    [36m>[39m
      [36m<path[39m
        [33md[39m=[32m"M19 6.41 17.59 5 12 10.59 6.41 5 5 6.41 10.59 12 5 17.59 6.41 19 12 13.41 17.59 19 19 17.59 13.41 12z"[39m
      [36m/>[39m
    [36m</svg>[39m
  [36m</span>[39m
  [0mClear All[0m
  [36m<span[39m
    [33mclass[39m=[32m"MuiTouchRipple-root css-8je8zh-MuiTouchRipple-root"[39m
  [36m/>[39m
[36m</button>[39m

(If this is intentional, then use the `*AllBy*` variant of the query (like `queryAllByText`, `getAllByText`, or `findAllByText`)).

Ignored nodes: comments, script, style
[36m<body[39m
  [33mstyle[39m=[32m"padding-right: 1024px; overflow: hidden;"[39m
[36m>[39m
  [36m<div[39m
    [33maria-hidden[39m=[32m"true"[39m
  [36m>[39m
    [36m<div[39m
      [33mclass[39m=[32m"MuiBox-root css-0"[39m
    [36m>[39m
      [36m<div[39m
        [33mclass[39m=[32m"MuiBox-root css-i3pbo"[39m
      [36m>[39m
        [36m<h5[39m
          [33mclass[39m=[32m"MuiTypography-root MuiTypography-h5 MuiTypography-gutterBottom css-1hkf4sh-MuiTypography-root"[39m
        [36m>[39m
          [0mPayment History[0m
        [36m</h5>[39m
        [36m<p[39m
          [33mclass[39m=[32m"MuiTypography-root MuiTypography-body2 css-xtz2xu-MuiTypography-root"[39m
        [36m>[39m
          [0m1[0m
          [0m payment[0m
          [0m found[0m
        [36m</p>[39m
      [36m</div>[39m
      [36m<div[39m
        [33mclass[39m=[32m"MuiGrid-root MuiGrid-container MuiGrid-spacing-xs-2 css-12rc5ck-MuiGrid-root"[39m
      [36m>[39m
        [36m<div[39m
          [33mclass[39m=[32m"MuiGrid-root MuiGrid-item MuiGrid-grid-xs-12 MuiGrid-grid-sm-6 MuiGrid-grid-md-3 css-10voxkt-MuiGrid-root"[39m
        [36m>[39m
          [36m<div[39m
            [33mclass[39m=[32m"MuiFormControl-root MuiFormControl-fullWidth MuiTextField-root css-18hear-MuiFormControl-root-MuiTextField-root"[39m
          [36m>[39m
            [36m<div[39m
              [33mclass[39m=[32m"MuiInputBase-root MuiOutlinedInput-root MuiInputBase-colorPrimary MuiInputBase-fullWidth MuiInputBase-formControl MuiInputBase-sizeSmall MuiInputBase-adornedStart css-1cj7mpt-MuiInputBase-root-MuiOutlinedInput-root"[39m
            [36m>[39m
              [36m<div[39m
                [33mclass[39m=[32m"MuiInputAdornment-root MuiInputAdornment-positionStart MuiInputAdornment-outlined MuiInputAdornment-sizeSmall css-ittuaa-MuiInputAdornment-root"[39m
              [36m>[39m
                [36m<span[39m
                  [33mclass[39m=[32m"notranslate"[39m
                [36m>[39m
                  [0m​[0m
                [36m</span>[39m
                [36m<svg[39m
                  [33maria-hidden[39m=[32m"true"[39m
                  [33mclass[39m=[32m"MuiSvgIcon-root MuiSvgIcon-fontSizeMedium css-i4bv87-MuiSvgIcon-root"[39m
                  [33mdata-testid[39m=[32m"SearchIcon"[39m
                  [33mfocusable[39m=[32m"false"[39m
                  [33mviewBox[39m=[32m"0 0 24 24"[39m
                [36m>[39m
                  [36m<path[39m
                    [33md[39m=[32m"M15.5 14h-.79l-.28-.27C15.41 12.59 16 11.11 16 9.5 16 5.91 13.09 3 9.5 3S3 5.91 3 9.5 5.91 16 9.5 16c1.61 0 3.09-.59 4.23-1.57l.27.28v.79l5 4.99L20.49 19zm-6 0C7.01 14 5 11.99 5 9.5S7.01 5 9.5 5 14 7.01 14 9.5 11.99 14 9.5 14"[39m
                  [36m/>[39m
                [36m</svg>[39m
              [36m</div>[39m
              [36m<input[39m
                [33maria-invalid[39m=[32m"false"[39m
                [33mclass[39m=[32m"MuiInputBase-input MuiOutlinedInput-input MuiInputBase-inputSizeSmall MuiInputBase-inputAdornedStart css-1ua80n0-MuiInputBase-input-MuiOutlinedInput-input"[39m
                [33mid[39m=[32m":rt:"[39m
                [33mplaceholder[39m=[32m"Search payments..."[39m
                [33mtype[39m=[32m"text"[39m
                [33mvalue[39m=[32m""[39m
              [36m/>[39m
              [36m<fieldset[39m
                [33maria-hidden[39m=[32m"true"[39m
                [33mclass[39m=[32m"MuiOutlinedInput-notchedOutline css-r01yff-MuiNotchedOutlined-root-MuiOutlinedInput-notchedOutline"[39m
              [36m>[39m
                [36m<legend[39m
                  [33mclass[39m=[32m"css-1whs34k-MuiNotchedOutlined-root"[39m
                [36m>[39m
                  [36m<span[39m
                    [33mclass[39m=[32m"notranslate"[39m
                  [36m>[39m
                    [0m​[0m
                  [36m</span>[39m
                [36m</legend>[39m
              [36m</fieldset>[39m
            [36m</div>[39m
          [36m</div>[39m
        [36m</div>[39m
        [36m<div[39m
          [33mclass[39m=[32m"MuiGrid-root MuiGrid-item MuiGrid-grid-xs-12 MuiGrid-grid-sm-6 MuiGrid-grid-md-3 css-10voxkt-MuiGrid-root"[39m
        [36m>[39m
          [36m<div[39m
            [33mclass[39m=[32m"MuiFormControl-root MuiFormControl-fullWidth css-q8hpuo-MuiFormControl-root"[39m
          [36m>[39m
            [36m<label[39m
              [33mclass[39m=[32m"MuiFormLabel-root MuiInputLabel-root MuiInputLabel-formControl MuiInputLabel-animated MuiInputLabel-shrink MuiInputLabel-sizeSmall MuiInputLabel-outlined MuiFormLabel-colorPrimary MuiFormLabel-filled MuiInputLabel-root MuiInputLabel-formControl MuiInputLabel-animated MuiInputLabel-shrink MuiInputLabel-sizeSmall MuiInputLabel-outlined css-fe0mau-MuiFormLabel-root-MuiInputLabel-root"[39m
              [33mdata-shrink[39m=[32m"true"[39m
            [36m>[39m
              [0mStatus[0m
            [36m</label>[39m
            [36m<div[39m
              [33mclass[39m=[32m"MuiInputBase-root MuiOutlinedInput-root MuiInputBase-colorPrimary MuiInputBase-formControl MuiInputBase-sizeSmall css-13lg1x7-MuiInputBase-root-MuiOutlinedInput-root-MuiSelect-root"[39m
            [36m>[39m
              [36m<div[39m
                [33maria-controls[39m=[32m":ru:"[39m
                [33maria-expanded[39m=[32m"false"[39m
                [33maria-haspopup[39m=[32m"listbox"[39m
                [33mclass[39m=[32m"MuiSelect-select MuiSelect-outlined MuiInputBase-input MuiOutlinedInput-input MuiInputBase-inputSizeSmall css-1fzjff4-MuiSelect-select-MuiInputBase-input-MuiOutlinedInput-input"[39m
                [33mrole[39m=[32m"combobox"[39m
                [33mtabindex[39m=[32m"0"[39m
              [36m>[39m
                [0mAll Statuses[0m
              [36m</div>[39m
              [36m<input[39m
                [33maria-hidden[39m=[32m"true"[39m
                [33maria-invalid[39m=[32m"false"[39m
                [33mclass[39m=[32m"MuiSelect-nativeInput css-yf8vq0-MuiSelect-nativeInput"[39m
                [33mtabindex[39m=[32m"-1"[39m
                [33mvalue[39m=[32m"all"[39m
              [36m/>[39m
              [36m<svg[39m
                [33maria-hidden[39m=[32m"true"[39m
                [33mclass[39m=[32m"MuiSvgIcon-root MuiSvgIcon-fontSizeMedium MuiSelect-icon MuiSelect-iconOutlined css-hfutr2-MuiSvgIcon-root-MuiSelect-icon"[39m
                [33mdata-testid[39m=[32m"ArrowDropDownIcon"[39m
                [33mfocusable[39m=[32m"false"[39m
                [33mviewBox[39m=[32m"0 0 24 24"[39m
              [36m>[39m
                [36m<path[39m
                  [33md[39m=[32m"M7 10l5 5 5-5z"[39m
                [36m/>[39m
              [36m</svg>[...
 ❯ Object.getElementError node_modules/@testing-library/react/node_modules/@testing-library/dom/dist/config.js:37:19
 ❯ getElementError node_modules/@testing-library/react/node_modules/@testing-library/dom/dist/query-helpers.js:20:35
 ❯ getMultipleElementsFoundError node_modules/@testing-library/react/node_modules/@testing-library/dom/dist/query-helpers.js:23:10
 ❯ node_modules/@testing-library/react/node_modules/@testing-library/dom/dist/query-helpers.js:55:13
 ❯ node_modules/@testing-library/react/node_modules/@testing-library/dom/dist/query-helpers.js:95:19
 ❯ src/test/project.test.tsx:348:37
    346|       );
    347| 
    348|       const clearAllButton = screen.getByText('Clear All');
       |                                     ^
    349|       fireEvent.click(clearAllButton);
    350| 

⎯⎯⎯⎯⎯⎯⎯⎯⎯⎯⎯⎯⎯⎯⎯⎯⎯⎯⎯⎯⎯⎯[38/66]⎯

 FAIL  src/test/project.test.tsx > Project Components > ProjectForm > shows validation errors for empty required fields
TestingLibraryElementError: Found multiple elements with the text: Next

Here are the matching elements:

Ignored nodes: comments, script, style
[36m<button[39m
  [33mclass[39m=[32m"MuiButtonBase-root MuiButton-root MuiButton-contained MuiButton-containedPrimary MuiButton-sizeMedium MuiButton-containedSizeMedium MuiButton-colorPrimary MuiButton-root MuiButton-contained MuiButton-containedPrimary MuiButton-sizeMedium MuiButton-containedSizeMedium MuiButton-colorPrimary css-sghohy-MuiButtonBase-root-MuiButton-root"[39m
  [33mtabindex[39m=[32m"0"[39m
  [33mtype[39m=[32m"button"[39m
[36m>[39m
  [0mNext[0m
  [36m<span[39m
    [33mclass[39m=[32m"MuiTouchRipple-root css-8je8zh-MuiTouchRipple-root"[39m
  [36m/>[39m
[36m</button>[39m

Ignored nodes: comments, script, style
[36m<button[39m
  [33mclass[39m=[32m"MuiButtonBase-root MuiButton-root MuiButton-contained MuiButton-containedPrimary MuiButton-sizeMedium MuiButton-containedSizeMedium MuiButton-colorPrimary MuiButton-root MuiButton-contained MuiButton-containedPrimary MuiButton-sizeMedium MuiButton-containedSizeMedium MuiButton-colorPrimary css-sghohy-MuiButtonBase-root-MuiButton-root"[39m
  [33mtabindex[39m=[32m"0"[39m
  [33mtype[39m=[32m"button"[39m
[36m>[39m
  [0mNext[0m
  [36m<span[39m
    [33mclass[39m=[32m"MuiTouchRipple-root css-8je8zh-MuiTouchRipple-root"[39m
  [36m/>[39m
[36m</button>[39m

(If this is intentional, then use the `*AllBy*` variant of the query (like `queryAllByText`, `getAllByText`, or `findAllByText`)).

Ignored nodes: comments, script, style
[36m<body[39m
  [33mstyle[39m=[32m"padding-right: 1024px; overflow: hidden;"[39m
[36m>[39m
  [36m<div[39m
    [33maria-hidden[39m=[32m"true"[39m
  [36m>[39m
    [36m<div[39m
      [33mclass[39m=[32m"MuiBox-root css-0"[39m
    [36m>[39m
      [36m<div[39m
        [33mclass[39m=[32m"MuiBox-root css-i3pbo"[39m
      [36m>[39m
        [36m<h5[39m
          [33mclass[39m=[32m"MuiTypography-root MuiTypography-h5 MuiTypography-gutterBottom css-1hkf4sh-MuiTypography-root"[39m
        [36m>[39m
          [0mPayment History[0m
        [36m</h5>[39m
        [36m<p[39m
          [33mclass[39m=[32m"MuiTypography-root MuiTypography-body2 css-xtz2xu-MuiTypography-root"[39m
        [36m>[39m
          [0m1[0m
          [0m payment[0m
          [0m found[0m
        [36m</p>[39m
      [36m</div>[39m
      [36m<div[39m
        [33mclass[39m=[32m"MuiGrid-root MuiGrid-container MuiGrid-spacing-xs-2 css-12rc5ck-MuiGrid-root"[39m
      [36m>[39m
        [36m<div[39m
          [33mclass[39m=[32m"MuiGrid-root MuiGrid-item MuiGrid-grid-xs-12 MuiGrid-grid-sm-6 MuiGrid-grid-md-3 css-10voxkt-MuiGrid-root"[39m
        [36m>[39m
          [36m<div[39m
            [33mclass[39m=[32m"MuiFormControl-root MuiFormControl-fullWidth MuiTextField-root css-18hear-MuiFormControl-root-MuiTextField-root"[39m
          [36m>[39m
            [36m<div[39m
              [33mclass[39m=[32m"MuiInputBase-root MuiOutlinedInput-root MuiInputBase-colorPrimary MuiInputBase-fullWidth MuiInputBase-formControl MuiInputBase-sizeSmall MuiInputBase-adornedStart css-1cj7mpt-MuiInputBase-root-MuiOutlinedInput-root"[39m
            [36m>[39m
              [36m<div[39m
                [33mclass[39m=[32m"MuiInputAdornment-root MuiInputAdornment-positionStart MuiInputAdornment-outlined MuiInputAdornment-sizeSmall css-ittuaa-MuiInputAdornment-root"[39m
              [36m>[39m
                [36m<span[39m
                  [33mclass[39m=[32m"notranslate"[39m
                [36m>[39m
                  [0m​[0m
                [36m</span>[39m
                [36m<svg[39m
                  [33maria-hidden[39m=[32m"true"[39m
                  [33mclass[39m=[32m"MuiSvgIcon-root MuiSvgIcon-fontSizeMedium css-i4bv87-MuiSvgIcon-root"[39m
                  [33mdata-testid[39m=[32m"SearchIcon"[39m
                  [33mfocusable[39m=[32m"false"[39m
                  [33mviewBox[39m=[32m"0 0 24 24"[39m
                [36m>[39m
                  [36m<path[39m
                    [33md[39m=[32m"M15.5 14h-.79l-.28-.27C15.41 12.59 16 11.11 16 9.5 16 5.91 13.09 3 9.5 3S3 5.91 3 9.5 5.91 16 9.5 16c1.61 0 3.09-.59 4.23-1.57l.27.28v.79l5 4.99L20.49 19zm-6 0C7.01 14 5 11.99 5 9.5S7.01 5 9.5 5 14 7.01 14 9.5 11.99 14 9.5 14"[39m
                  [36m/>[39m
                [36m</svg>[39m
              [36m</div>[39m
              [36m<input[39m
                [33maria-invalid[39m=[32m"false"[39m
                [33mclass[39m=[32m"MuiInputBase-input MuiOutlinedInput-input MuiInputBase-inputSizeSmall MuiInputBase-inputAdornedStart css-1ua80n0-MuiInputBase-input-MuiOutlinedInput-input"[39m
                [33mid[39m=[32m":rt:"[39m
                [33mplaceholder[39m=[32m"Search payments..."[39m
                [33mtype[39m=[32m"text"[39m
                [33mvalue[39m=[32m""[39m
              [36m/>[39m
              [36m<fieldset[39m
                [33maria-hidden[39m=[32m"true"[39m
                [33mclass[39m=[32m"MuiOutlinedInput-notchedOutline css-r01yff-MuiNotchedOutlined-root-MuiOutlinedInput-notchedOutline"[39m
              [36m>[39m
                [36m<legend[39m
                  [33mclass[39m=[32m"css-1whs34k-MuiNotchedOutlined-root"[39m
                [36m>[39m
                  [36m<span[39m
                    [33mclass[39m=[32m"notranslate"[39m
                  [36m>[39m
                    [0m​[0m
                  [36m</span>[39m
                [36m</legend>[39m
              [36m</fieldset>[39m
            [36m</div>[39m
          [36m</div>[39m
        [36m</div>[39m
        [36m<div[39m
          [33mclass[39m=[32m"MuiGrid-root MuiGrid-item MuiGrid-grid-xs-12 MuiGrid-grid-sm-6 MuiGrid-grid-md-3 css-10voxkt-MuiGrid-root"[39m
        [36m>[39m
          [36m<div[39m
            [33mclass[39m=[32m"MuiFormControl-root MuiFormControl-fullWidth css-q8hpuo-MuiFormControl-root"[39m
          [36m>[39m
            [36m<label[39m
              [33mclass[39m=[32m"MuiFormLabel-root MuiInputLabel-root MuiInputLabel-formControl MuiInputLabel-animated MuiInputLabel-shrink MuiInputLabel-sizeSmall MuiInputLabel-outlined MuiFormLabel-colorPrimary MuiFormLabel-filled MuiInputLabel-root MuiInputLabel-formControl MuiInputLabel-animated MuiInputLabel-shrink MuiInputLabel-sizeSmall MuiInputLabel-outlined css-fe0mau-MuiFormLabel-root-MuiInputLabel-root"[39m
              [33mdata-shrink[39m=[32m"true"[39m
            [36m>[39m
              [0mStatus[0m
            [36m</label>[39m
            [36m<div[39m
              [33mclass[39m=[32m"MuiInputBase-root MuiOutlinedInput-root MuiInputBase-colorPrimary MuiInputBase-formControl MuiInputBase-sizeSmall css-13lg1x7-MuiInputBase-root-MuiOutlinedInput-root-MuiSelect-root"[39m
            [36m>[39m
              [36m<div[39m
                [33maria-controls[39m=[32m":ru:"[39m
                [33maria-expanded[39m=[32m"false"[39m
                [33maria-haspopup[39m=[32m"listbox"[39m
                [33mclass[39m=[32m"MuiSelect-select MuiSelect-outlined MuiInputBase-input MuiOutlinedInput-input MuiInputBase-inputSizeSmall css-1fzjff4-MuiSelect-select-MuiInputBase-input-MuiOutlinedInput-input"[39m
                [33mrole[39m=[32m"combobox"[39m
                [33mtabindex[39m=[32m"0"[39m
              [36m>[39m
                [0mAll Statuses[0m
              [36m</div>[39m
              [36m<input[39m
                [33maria-hidden[39m=[32m"true"[39m
                [33maria-invalid[39m=[32m"false"[39m
                [33mclass[39m=[32m"MuiSelect-nativeInput css-yf8vq0-MuiSelect-nativeInput"[39m
                [33mtabindex[39m=[32m"-1"[39m
                [33mvalue[39m=[32m"all"[39m
              [36m/>[39m
              [36m<svg[39m
                [33maria-hidden[39m=[32m"true"[39m
                [33mclass[39m=[32m"MuiSvgIcon-root MuiSvgIcon-fontSizeMedium MuiSelect-icon MuiSelect-iconOutlined css-hfutr2-MuiSvgIcon-root-MuiSelect-icon"[39m
                [33mdata-testid[39m=[32m"ArrowDropDownIcon"[39m
                [33mfocusable[39m=[32m"false"[39m
                [33mviewBox[39m=[32m"0 0 24 24"[39m
              [36m>[39m
                [36m<path[39m
                  [33md[39m=[32m"M7 10l5 5 5-5z"[39m
                [36m/>[39m
              [36m</svg>[...
 ❯ Object.getElementError node_modules/@testing-library/react/node_modules/@testing-library/dom/dist/config.js:37:19
 ❯ getElementError node_modules/@testing-library/react/node_modules/@testing-library/dom/dist/query-helpers.js:20:35
 ❯ getMultipleElementsFoundError node_modules/@testing-library/react/node_modules/@testing-library/dom/dist/query-helpers.js:23:10
 ❯ node_modules/@testing-library/react/node_modules/@testing-library/dom/dist/query-helpers.js:55:13
 ❯ node_modules/@testing-library/react/node_modules/@testing-library/dom/dist/query-helpers.js:95:19
 ❯ src/test/project.test.tsx:376:33
    374|       );
    375| 
    376|       const nextButton = screen.getByText('Next');
       |                                 ^
    377|       expect(nextButton).toBeDisabled(); // Should be disabled when fo…
    378|     });

⎯⎯⎯⎯⎯⎯⎯⎯⎯⎯⎯⎯⎯⎯⎯⎯⎯⎯⎯⎯⎯⎯[39/66]⎯

 FAIL  src/test/project.test.tsx > Project Components > ProjectForm > enables next button when basic info is valid
TestingLibraryElementError: Found multiple elements with the text of: Project Title

Here are the matching elements:

Ignored nodes: comments, script, style
[36m<input[39m
  [33maria-invalid[39m=[32m"false"[39m
  [33mclass[39m=[32m"MuiInputBase-input MuiOutlinedInput-input css-1t8l2tu-MuiInputBase-input-MuiOutlinedInput-input"[39m
  [33mid[39m=[32m":r61:"[39m
  [33mname[39m=[32m"title"[39m
  [33mplaceholder[39m=[32m"e.g., Build a responsive e-commerce website"[39m
  [33mtype[39m=[32m"text"[39m
  [33mvalue[39m=[32m""[39m
[36m/>[39m

Ignored nodes: comments, script, style
[36m<input[39m
  [33maria-invalid[39m=[32m"false"[39m
  [33mclass[39m=[32m"MuiInputBase-input MuiOutlinedInput-input css-1t8l2tu-MuiInputBase-input-MuiOutlinedInput-input"[39m
  [33mid[39m=[32m":r66:"[39m
  [33mname[39m=[32m"title"[39m
  [33mplaceholder[39m=[32m"e.g., Build a responsive e-commerce website"[39m
  [33mtype[39m=[32m"text"[39m
  [33mvalue[39m=[32m""[39m
[36m/>[39m

Ignored nodes: comments, script, style
[36m<input[39m
  [33maria-invalid[39m=[32m"false"[39m
  [33mclass[39m=[32m"MuiInputBase-input MuiOutlinedInput-input css-1t8l2tu-MuiInputBase-input-MuiOutlinedInput-input"[39m
  [33mid[39m=[32m":r6b:"[39m
  [33mname[39m=[32m"title"[39m
  [33mplaceholder[39m=[32m"e.g., Build a responsive e-commerce website"[39m
  [33mtype[39m=[32m"text"[39m
  [33mvalue[39m=[32m""[39m
[36m/>[39m

(If this is intentional, then use the `*AllBy*` variant of the query (like `queryAllByText`, `getAllByText`, or `findAllByText`)).

Ignored nodes: comments, script, style
[36m<body[39m
  [33mstyle[39m=[32m"padding-right: 1024px; overflow: hidden;"[39m
[36m>[39m
  [36m<div[39m
    [33maria-hidden[39m=[32m"true"[39m
  [36m>[39m
    [36m<div[39m
      [33mclass[39m=[32m"MuiBox-root css-0"[39m
    [36m>[39m
      [36m<div[39m
        [33mclass[39m=[32m"MuiBox-root css-i3pbo"[39m
      [36m>[39m
        [36m<h5[39m
          [33mclass[39m=[32m"MuiTypography-root MuiTypography-h5 MuiTypography-gutterBottom css-1hkf4sh-MuiTypography-root"[39m
        [36m>[39m
          [0mPayment History[0m
        [36m</h5>[39m
        [36m<p[39m
          [33mclass[39m=[32m"MuiTypography-root MuiTypography-body2 css-xtz2xu-MuiTypography-root"[39m
        [36m>[39m
          [0m1[0m
          [0m payment[0m
          [0m found[0m
        [36m</p>[39m
      [36m</div>[39m
      [36m<div[39m
        [33mclass[39m=[32m"MuiGrid-root MuiGrid-container MuiGrid-spacing-xs-2 css-12rc5ck-MuiGrid-root"[39m
      [36m>[39m
        [36m<div[39m
          [33mclass[39m=[32m"MuiGrid-root MuiGrid-item MuiGrid-grid-xs-12 MuiGrid-grid-sm-6 MuiGrid-grid-md-3 css-10voxkt-MuiGrid-root"[39m
        [36m>[39m
          [36m<div[39m
            [33mclass[39m=[32m"MuiFormControl-root MuiFormControl-fullWidth MuiTextField-root css-18hear-MuiFormControl-root-MuiTextField-root"[39m
          [36m>[39m
            [36m<div[39m
              [33mclass[39m=[32m"MuiInputBase-root MuiOutlinedInput-root MuiInputBase-colorPrimary MuiInputBase-fullWidth MuiInputBase-formControl MuiInputBase-sizeSmall MuiInputBase-adornedStart css-1cj7mpt-MuiInputBase-root-MuiOutlinedInput-root"[39m
            [36m>[39m
              [36m<div[39m
                [33mclass[39m=[32m"MuiInputAdornment-root MuiInputAdornment-positionStart MuiInputAdornment-outlined MuiInputAdornment-sizeSmall css-ittuaa-MuiInputAdornment-root"[39m
              [36m>[39m
                [36m<span[39m
                  [33mclass[39m=[32m"notranslate"[39m
                [36m>[39m
                  [0m​[0m
                [36m</span>[39m
                [36m<svg[39m
                  [33maria-hidden[39m=[32m"true"[39m
                  [33mclass[39m=[32m"MuiSvgIcon-root MuiSvgIcon-fontSizeMedium css-i4bv87-MuiSvgIcon-root"[39m
                  [33mdata-testid[39m=[32m"SearchIcon"[39m
                  [33mfocusable[39m=[32m"false"[39m
                  [33mviewBox[39m=[32m"0 0 24 24"[39m
                [36m>[39m
                  [36m<path[39m
                    [33md[39m=[32m"M15.5 14h-.79l-.28-.27C15.41 12.59 16 11.11 16 9.5 16 5.91 13.09 3 9.5 3S3 5.91 3 9.5 5.91 16 9.5 16c1.61 0 3.09-.59 4.23-1.57l.27.28v.79l5 4.99L20.49 19zm-6 0C7.01 14 5 11.99 5 9.5S7.01 5 9.5 5 14 7.01 14 9.5 11.99 14 9.5 14"[39m
                  [36m/>[39m
                [36m</svg>[39m
              [36m</div>[39m
              [36m<input[39m
                [33maria-invalid[39m=[32m"false"[39m
                [33mclass[39m=[32m"MuiInputBase-input MuiOutlinedInput-input MuiInputBase-inputSizeSmall MuiInputBase-inputAdornedStart css-1ua80n0-MuiInputBase-input-MuiOutlinedInput-input"[39m
                [33mid[39m=[32m":rt:"[39m
                [33mplaceholder[39m=[32m"Search payments..."[39m
                [33mtype[39m=[32m"text"[39m
                [33mvalue[39m=[32m""[39m
              [36m/>[39m
              [36m<fieldset[39m
                [33maria-hidden[39m=[32m"true"[39m
                [33mclass[39m=[32m"MuiOutlinedInput-notchedOutline css-r01yff-MuiNotchedOutlined-root-MuiOutlinedInput-notchedOutline"[39m
              [36m>[39m
                [36m<legend[39m
                  [33mclass[39m=[32m"css-1whs34k-MuiNotchedOutlined-root"[39m
                [36m>[39m
                  [36m<span[39m
                    [33mclass[39m=[32m"notranslate"[39m
                  [36m>[39m
                    [0m​[0m
                  [36m</span>[39m
                [36m</legend>[39m
              [36m</fieldset>[39m
            [36m</div>[39m
          [36m</div>[39m
        [36m</div>[39m
        [36m<div[39m
          [33mclass[39m=[32m"MuiGrid-root MuiGrid-item MuiGrid-grid-xs-12 MuiGrid-grid-sm-6 MuiGrid-grid-md-3 css-10voxkt-MuiGrid-root"[39m
        [36m>[39m
          [36m<div[39m
            [33mclass[39m=[32m"MuiFormControl-root MuiFormControl-fullWidth css-q8hpuo-MuiFormControl-root"[39m
          [36m>[39m
            [36m<label[39m
              [33mclass[39m=[32m"MuiFormLabel-root MuiInputLabel-root MuiInputLabel-formControl MuiInputLabel-animated MuiInputLabel-shrink MuiInputLabel-sizeSmall MuiInputLabel-outlined MuiFormLabel-colorPrimary MuiFormLabel-filled MuiInputLabel-root MuiInputLabel-formControl MuiInputLabel-animated MuiInputLabel-shrink MuiInputLabel-sizeSmall MuiInputLabel-outlined css-fe0mau-MuiFormLabel-root-MuiInputLabel-root"[39m
              [33mdata-shrink[39m=[32m"true"[39m
            [36m>[39m
              [0mStatus[0m
            [36m</label>[39m
            [36m<div[39m
              [33mclass[39m=[32m"MuiInputBase-root MuiOutlinedInput-root MuiInputBase-colorPrimary MuiInputBase-formControl MuiInputBase-sizeSmall css-13lg1x7-MuiInputBase-root-MuiOutlinedInput-root-MuiSelect-root"[39m
            [36m>[39m
              [36m<div[39m
                [33maria-controls[39m=[32m":ru:"[39m
                [33maria-expanded[39m=[32m"false"[39m
                [33maria-haspopup[39m=[32m"listbox"[39m
                [33mclass[39m=[32m"MuiSelect-select MuiSelect-outlined MuiInputBase-input MuiOutlinedInput-input MuiInputBase-inputSizeSmall css-1fzjff4-MuiSelect-select-MuiInputBase-input-MuiOutlinedInput-input"[39m
                [33mrole[39m=[32m"combobox"[39m
                [33mtabindex[39m=[32m"0"[39m
              [36m>[39m
                [0mAll Statuses[0m
              [36m</div>[39m
              [36m<input[39m
                [33maria-hidden[39m=[32m"true"[39m
                [33maria-invalid[39m=[32m"false"[39m
                [33mclass[39m=[32m"MuiSelect-nativeInput css-yf8vq0-MuiSelect-nativeInput"[39m
                [33mtabindex[39m=[32m"-1"[39m
                [33mvalue[39m=[32m"all"[39m
              [36m/>[39m
              [36m<svg[39m
                [33maria-hidden[39m=[32m"true"[39m
                [33mclass[39m=[32m"MuiSvgIcon-root MuiSvgIcon-fontSizeMedium MuiSelect-icon MuiSelect-iconOutlined css-hfutr2-MuiSvgIcon-root-MuiSelect-icon"[39m
                [33mdata-testid[39m=[32m"ArrowDropDownIcon"[39m
                [33mfocusable[39m=[32m"false"[39m
                [33mviewBox[39m=[32m"0 0 24 24"[39m
              [36m>[39m
                [36m<path[39m
                  [33md[39m=[32m"M7 10l5 5 5-5z"[39m
                [36m/>[39m
              [36m</svg>[...
 ❯ Object.getElementError node_modules/@testing-library/react/node_modules/@testing-library/dom/dist/config.js:37:19
 ❯ getElementError node_modules/@testing-library/react/node_modules/@testing-library/dom/dist/query-helpers.js:20:35
 ❯ getMultipleElementsFoundError node_modules/@testing-library/react/node_modules/@testing-library/dom/dist/query-helpers.js:23:10
 ❯ node_modules/@testing-library/react/node_modules/@testing-library/dom/dist/query-helpers.js:55:13
 ❯ node_modules/@testing-library/react/node_modules/@testing-library/dom/dist/query-helpers.js:95:19
 ❯ src/test/project.test.tsx:388:31
    386| 
    387|       // Fill in required fields
    388|       fireEvent.change(screen.getByLabelText('Project Title'), {
       |                               ^
    389|         target: { value: 'Test Project' },
    390|       });

⎯⎯⎯⎯⎯⎯⎯⎯⎯⎯⎯⎯⎯⎯⎯⎯⎯⎯⎯⎯⎯⎯[40/66]⎯

 FAIL  src/test/project.test.tsx > Project Components > ProjectForm > navigates through form steps
TestingLibraryElementError: Found multiple elements with the text of: Project Title

Here are the matching elements:

Ignored nodes: comments, script, style
[36m<input[39m
  [33maria-invalid[39m=[32m"false"[39m
  [33mclass[39m=[32m"MuiInputBase-input MuiOutlinedInput-input css-1t8l2tu-MuiInputBase-input-MuiOutlinedInput-input"[39m
  [33mid[39m=[32m":r61:"[39m
  [33mname[39m=[32m"title"[39m
  [33mplaceholder[39m=[32m"e.g., Build a responsive e-commerce website"[39m
  [33mtype[39m=[32m"text"[39m
  [33mvalue[39m=[32m""[39m
[36m/>[39m

Ignored nodes: comments, script, style
[36m<input[39m
  [33maria-invalid[39m=[32m"false"[39m
  [33mclass[39m=[32m"MuiInputBase-input MuiOutlinedInput-input css-1t8l2tu-MuiInputBase-input-MuiOutlinedInput-input"[39m
  [33mid[39m=[32m":r66:"[39m
  [33mname[39m=[32m"title"[39m
  [33mplaceholder[39m=[32m"e.g., Build a responsive e-commerce website"[39m
  [33mtype[39m=[32m"text"[39m
  [33mvalue[39m=[32m""[39m
[36m/>[39m

Ignored nodes: comments, script, style
[36m<input[39m
  [33maria-invalid[39m=[32m"false"[39m
  [33mclass[39m=[32m"MuiInputBase-input MuiOutlinedInput-input css-1t8l2tu-MuiInputBase-input-MuiOutlinedInput-input"[39m
  [33mid[39m=[32m":r6b:"[39m
  [33mname[39m=[32m"title"[39m
  [33mplaceholder[39m=[32m"e.g., Build a responsive e-commerce website"[39m
  [33mtype[39m=[32m"text"[39m
  [33mvalue[39m=[32m""[39m
[36m/>[39m

Ignored nodes: comments, script, style
[36m<input[39m
  [33maria-invalid[39m=[32m"false"[39m
  [33mclass[39m=[32m"MuiInputBase-input MuiOutlinedInput-input css-1t8l2tu-MuiInputBase-input-MuiOutlinedInput-input"[39m
  [33mid[39m=[32m":r6g:"[39m
  [33mname[39m=[32m"title"[39m
  [33mplaceholder[39m=[32m"e.g., Build a responsive e-commerce website"[39m
  [33mtype[39m=[32m"text"[39m
  [33mvalue[39m=[32m""[39m
[36m/>[39m

(If this is intentional, then use the `*AllBy*` variant of the query (like `queryAllByText`, `getAllByText`, or `findAllByText`)).

Ignored nodes: comments, script, style
[36m<body[39m
  [33mstyle[39m=[32m"padding-right: 1024px; overflow: hidden;"[39m
[36m>[39m
  [36m<div[39m
    [33maria-hidden[39m=[32m"true"[39m
  [36m>[39m
    [36m<div[39m
      [33mclass[39m=[32m"MuiBox-root css-0"[39m
    [36m>[39m
      [36m<div[39m
        [33mclass[39m=[32m"MuiBox-root css-i3pbo"[39m
      [36m>[39m
        [36m<h5[39m
          [33mclass[39m=[32m"MuiTypography-root MuiTypography-h5 MuiTypography-gutterBottom css-1hkf4sh-MuiTypography-root"[39m
        [36m>[39m
          [0mPayment History[0m
        [36m</h5>[39m
        [36m<p[39m
          [33mclass[39m=[32m"MuiTypography-root MuiTypography-body2 css-xtz2xu-MuiTypography-root"[39m
        [36m>[39m
          [0m1[0m
          [0m payment[0m
          [0m found[0m
        [36m</p>[39m
      [36m</div>[39m
      [36m<div[39m
        [33mclass[39m=[32m"MuiGrid-root MuiGrid-container MuiGrid-spacing-xs-2 css-12rc5ck-MuiGrid-root"[39m
      [36m>[39m
        [36m<div[39m
          [33mclass[39m=[32m"MuiGrid-root MuiGrid-item MuiGrid-grid-xs-12 MuiGrid-grid-sm-6 MuiGrid-grid-md-3 css-10voxkt-MuiGrid-root"[39m
        [36m>[39m
          [36m<div[39m
            [33mclass[39m=[32m"MuiFormControl-root MuiFormControl-fullWidth MuiTextField-root css-18hear-MuiFormControl-root-MuiTextField-root"[39m
          [36m>[39m
            [36m<div[39m
              [33mclass[39m=[32m"MuiInputBase-root MuiOutlinedInput-root MuiInputBase-colorPrimary MuiInputBase-fullWidth MuiInputBase-formControl MuiInputBase-sizeSmall MuiInputBase-adornedStart css-1cj7mpt-MuiInputBase-root-MuiOutlinedInput-root"[39m
            [36m>[39m
              [36m<div[39m
                [33mclass[39m=[32m"MuiInputAdornment-root MuiInputAdornment-positionStart MuiInputAdornment-outlined MuiInputAdornment-sizeSmall css-ittuaa-MuiInputAdornment-root"[39m
              [36m>[39m
                [36m<span[39m
                  [33mclass[39m=[32m"notranslate"[39m
                [36m>[39m
                  [0m​[0m
                [36m</span>[39m
                [36m<svg[39m
                  [33maria-hidden[39m=[32m"true"[39m
                  [33mclass[39m=[32m"MuiSvgIcon-root MuiSvgIcon-fontSizeMedium css-i4bv87-MuiSvgIcon-root"[39m
                  [33mdata-testid[39m=[32m"SearchIcon"[39m
                  [33mfocusable[39m=[32m"false"[39m
                  [33mviewBox[39m=[32m"0 0 24 24"[39m
                [36m>[39m
                  [36m<path[39m
                    [33md[39m=[32m"M15.5 14h-.79l-.28-.27C15.41 12.59 16 11.11 16 9.5 16 5.91 13.09 3 9.5 3S3 5.91 3 9.5 5.91 16 9.5 16c1.61 0 3.09-.59 4.23-1.57l.27.28v.79l5 4.99L20.49 19zm-6 0C7.01 14 5 11.99 5 9.5S7.01 5 9.5 5 14 7.01 14 9.5 11.99 14 9.5 14"[39m
                  [36m/>[39m
                [36m</svg>[39m
              [36m</div>[39m
              [36m<input[39m
                [33maria-invalid[39m=[32m"false"[39m
                [33mclass[39m=[32m"MuiInputBase-input MuiOutlinedInput-input MuiInputBase-inputSizeSmall MuiInputBase-inputAdornedStart css-1ua80n0-MuiInputBase-input-MuiOutlinedInput-input"[39m
                [33mid[39m=[32m":rt:"[39m
                [33mplaceholder[39m=[32m"Search payments..."[39m
                [33mtype[39m=[32m"text"[39m
                [33mvalue[39m=[32m""[39m
              [36m/>[39m
              [36m<fieldset[39m
                [33maria-hidden[39m=[32m"true"[39m
                [33mclass[39m=[32m"MuiOutlinedInput-notchedOutline css-r01yff-MuiNotchedOutlined-root-MuiOutlinedInput-notchedOutline"[39m
              [36m>[39m
                [36m<legend[39m
                  [33mclass[39m=[32m"css-1whs34k-MuiNotchedOutlined-root"[39m
                [36m>[39m
                  [36m<span[39m
                    [33mclass[39m=[32m"notranslate"[39m
                  [36m>[39m
                    [0m​[0m
                  [36m</span>[39m
                [36m</legend>[39m
              [36m</fieldset>[39m
            [36m</div>[39m
          [36m</div>[39m
        [36m</div>[39m
        [36m<div[39m
          [33mclass[39m=[32m"MuiGrid-root MuiGrid-item MuiGrid-grid-xs-12 MuiGrid-grid-sm-6 MuiGrid-grid-md-3 css-10voxkt-MuiGrid-root"[39m
        [36m>[39m
          [36m<div[39m
            [33mclass[39m=[32m"MuiFormControl-root MuiFormControl-fullWidth css-q8hpuo-MuiFormControl-root"[39m
          [36m>[39m
            [36m<label[39m
              [33mclass[39m=[32m"MuiFormLabel-root MuiInputLabel-root MuiInputLabel-formControl MuiInputLabel-animated MuiInputLabel-shrink MuiInputLabel-sizeSmall MuiInputLabel-outlined MuiFormLabel-colorPrimary MuiFormLabel-filled MuiInputLabel-root MuiInputLabel-formControl MuiInputLabel-animated MuiInputLabel-shrink MuiInputLabel-sizeSmall MuiInputLabel-outlined css-fe0mau-MuiFormLabel-root-MuiInputLabel-root"[39m
              [33mdata-shrink[39m=[32m"true"[39m
            [36m>[39m
              [0mStatus[0m
            [36m</label>[39m
            [36m<div[39m
              [33mclass[39m=[32m"MuiInputBase-root MuiOutlinedInput-root MuiInputBase-colorPrimary MuiInputBase-formControl MuiInputBase-sizeSmall css-13lg1x7-MuiInputBase-root-MuiOutlinedInput-root-MuiSelect-root"[39m
            [36m>[39m
              [36m<div[39m
                [33maria-controls[39m=[32m":ru:"[39m
                [33maria-expanded[39m=[32m"false"[39m
                [33maria-haspopup[39m=[32m"listbox"[39m
                [33mclass[39m=[32m"MuiSelect-select MuiSelect-outlined MuiInputBase-input MuiOutlinedInput-input MuiInputBase-inputSizeSmall css-1fzjff4-MuiSelect-select-MuiInputBase-input-MuiOutlinedInput-input"[39m
                [33mrole[39m=[32m"combobox"[39m
                [33mtabindex[39m=[32m"0"[39m
              [36m>[39m
                [0mAll Statuses[0m
              [36m</div>[39m
              [36m<input[39m
                [33maria-hidden[39m=[32m"true"[39m
                [33maria-invalid[39m=[32m"false"[39m
                [33mclass[39m=[32m"MuiSelect-nativeInput css-yf8vq0-MuiSelect-nativeInput"[39m
                [33mtabindex[39m=[32m"-1"[39m
                [33mvalue[39m=[32m"all"[39m
              [36m/>[39m
              [36m<svg[39m
                [33maria-hidden[39m=[32m"true"[39m
                [33mclass[39m=[32m"MuiSvgIcon-root MuiSvgIcon-fontSizeMedium MuiSelect-icon MuiSelect-iconOutlined css-hfutr2-MuiSvgIcon-root-MuiSelect-icon"[39m
                [33mdata-testid[39m=[32m"ArrowDropDownIcon"[39m
                [33mfocusable[39m=[32m"false"[39m
                [33mviewBox[39m=[32m"0 0 24 24"[39m
              [36m>[39m
                [36m<path[39m
                  [33md[39m=[32m"M7 10l5 5 5-5z"[39m
                [36m/>[39m
              [36m</svg>[...
 ❯ Object.getElementError node_modules/@testing-library/react/node_modules/@testing-library/dom/dist/config.js:37:19
 ❯ getElementError node_modules/@testing-library/react/node_modules/@testing-library/dom/dist/query-helpers.js:20:35
 ❯ getMultipleElementsFoundError node_modules/@testing-library/react/node_modules/@testing-library/dom/dist/query-helpers.js:23:10
 ❯ node_modules/@testing-library/react/node_modules/@testing-library/dom/dist/query-helpers.js:55:13
 ❯ node_modules/@testing-library/react/node_modules/@testing-library/dom/dist/query-helpers.js:95:19
 ❯ src/test/project.test.tsx:420:31
    418| 
    419|       // Fill basic info and go to next step
    420|       fireEvent.change(screen.getByLabelText('Project Title'), {
       |                               ^
    421|         target: { value: 'Test Project' },
    422|       });

⎯⎯⎯⎯⎯⎯⎯⎯⎯⎯⎯⎯⎯⎯⎯⎯⎯⎯⎯⎯⎯⎯[41/66]⎯

 FAIL  src/test/proposal.test.tsx > ProposalForm > validates cover letter length
TestingLibraryElementError: Found multiple elements with the text of: /Cover Letter/i

Here are the matching elements:

Ignored nodes: comments, script, style
[36m<textarea[39m
  [33maria-describedby[39m=[32m":r1o:-helper-text"[39m
  [33maria-invalid[39m=[32m"false"[39m
  [33mclass[39m=[32m"MuiInputBase-input MuiOutlinedInput-input MuiInputBase-inputMultiline css-1sqnrkk-MuiInputBase-input-MuiOutlinedInput-input"[39m
  [33mid[39m=[32m":r1o:"[39m
  [33mname[39m=[32m"coverLetter"[39m
  [33mplaceholder[39m=[32m"Introduce yourself and explain why you're the perfect fit for this project. Highlight your relevant experience and approach to the work."[39m
  [33mrows[39m=[32m"8"[39m
  [33mstyle[39m=[32m"height: 0px; overflow: hidden;"[39m
[36m/>[39m

Ignored nodes: comments, script, style
[36m<textarea[39m
  [33maria-describedby[39m=[32m":r21:-helper-text"[39m
  [33maria-invalid[39m=[32m"false"[39m
  [33mclass[39m=[32m"MuiInputBase-input MuiOutlinedInput-input MuiInputBase-inputMultiline css-1sqnrkk-MuiInputBase-input-MuiOutlinedInput-input"[39m
  [33mid[39m=[32m":r21:"[39m
  [33mname[39m=[32m"coverLetter"[39m
  [33mplaceholder[39m=[32m"Introduce yourself and explain why you're the perfect fit for this project. Highlight your relevant experience and approach to the work."[39m
  [33mrows[39m=[32m"8"[39m
  [33mstyle[39m=[32m"height: 0px; overflow: hidden;"[39m
[36m/>[39m

(If this is intentional, then use the `*AllBy*` variant of the query (like `queryAllByText`, `getAllByText`, or `findAllByText`)).

Ignored nodes: comments, script, style
[36m<body[39m
  [33mstyle[39m=[32m""[39m
[36m>[39m
  [36m<div>[39m
    [36m<div[39m
      [33mclass[39m=[32m"MuiBox-root css-0"[39m
    [36m>[39m
      [36m<div[39m
        [33mclass[39m=[32m"MuiBox-root css-i3pbo"[39m
      [36m>[39m
        [36m<h5[39m
          [33mclass[39m=[32m"MuiTypography-root MuiTypography-h5 MuiTypography-gutterBottom css-1hkf4sh-MuiTypography-root"[39m
        [36m>[39m
          [0mPayment History[0m
        [36m</h5>[39m
        [36m<p[39m
          [33mclass[39m=[32m"MuiTypography-root MuiTypography-body2 css-xtz2xu-MuiTypography-root"[39m
        [36m>[39m
          [0m1[0m
          [0m payment[0m
          [0m found[0m
        [36m</p>[39m
      [36m</div>[39m
      [36m<div[39m
        [33mclass[39m=[32m"MuiGrid-root MuiGrid-container MuiGrid-spacing-xs-2 css-12rc5ck-MuiGrid-root"[39m
      [36m>[39m
        [36m<div[39m
          [33mclass[39m=[32m"MuiGrid-root MuiGrid-item MuiGrid-grid-xs-12 MuiGrid-grid-sm-6 MuiGrid-grid-md-3 css-10voxkt-MuiGrid-root"[39m
        [36m>[39m
          [36m<div[39m
            [33mclass[39m=[32m"MuiFormControl-root MuiFormControl-fullWidth MuiTextField-root css-18hear-MuiFormControl-root-MuiTextField-root"[39m
          [36m>[39m
            [36m<div[39m
              [33mclass[39m=[32m"MuiInputBase-root MuiOutlinedInput-root MuiInputBase-colorPrimary MuiInputBase-fullWidth MuiInputBase-formControl MuiInputBase-sizeSmall MuiInputBase-adornedStart css-1cj7mpt-MuiInputBase-root-MuiOutlinedInput-root"[39m
            [36m>[39m
              [36m<div[39m
                [33mclass[39m=[32m"MuiInputAdornment-root MuiInputAdornment-positionStart MuiInputAdornment-outlined MuiInputAdornment-sizeSmall css-ittuaa-MuiInputAdornment-root"[39m
              [36m>[39m
                [36m<span[39m
                  [33mclass[39m=[32m"notranslate"[39m
                [36m>[39m
                  [0m​[0m
                [36m</span>[39m
                [36m<svg[39m
                  [33maria-hidden[39m=[32m"true"[39m
                  [33mclass[39m=[32m"MuiSvgIcon-root MuiSvgIcon-fontSizeMedium css-i4bv87-MuiSvgIcon-root"[39m
                  [33mdata-testid[39m=[32m"SearchIcon"[39m
                  [33mfocusable[39m=[32m"false"[39m
                  [33mviewBox[39m=[32m"0 0 24 24"[39m
                [36m>[39m
                  [36m<path[39m
                    [33md[39m=[32m"M15.5 14h-.79l-.28-.27C15.41 12.59 16 11.11 16 9.5 16 5.91 13.09 3 9.5 3S3 5.91 3 9.5 5.91 16 9.5 16c1.61 0 3.09-.59 4.23-1.57l.27.28v.79l5 4.99L20.49 19zm-6 0C7.01 14 5 11.99 5 9.5S7.01 5 9.5 5 14 7.01 14 9.5 11.99 14 9.5 14"[39m
                  [36m/>[39m
                [36m</svg>[39m
              [36m</div>[39m
              [36m<input[39m
                [33maria-invalid[39m=[32m"false"[39m
                [33mclass[39m=[32m"MuiInputBase-input MuiOutlinedInput-input MuiInputBase-inputSizeSmall MuiInputBase-inputAdornedStart css-1ua80n0-MuiInputBase-input-MuiOutlinedInput-input"[39m
                [33mid[39m=[32m":rt:"[39m
                [33mplaceholder[39m=[32m"Search payments..."[39m
                [33mtype[39m=[32m"text"[39m
                [33mvalue[39m=[32m""[39m
              [36m/>[39m
              [36m<fieldset[39m
                [33maria-hidden[39m=[32m"true"[39m
                [33mclass[39m=[32m"MuiOutlinedInput-notchedOutline css-r01yff-MuiNotchedOutlined-root-MuiOutlinedInput-notchedOutline"[39m
              [36m>[39m
                [36m<legend[39m
                  [33mclass[39m=[32m"css-1whs34k-MuiNotchedOutlined-root"[39m
                [36m>[39m
                  [36m<span[39m
                    [33mclass[39m=[32m"notranslate"[39m
                  [36m>[39m
                    [0m​[0m
                  [36m</span>[39m
                [36m</legend>[39m
              [36m</fieldset>[39m
            [36m</div>[39m
          [36m</div>[39m
        [36m</div>[39m
        [36m<div[39m
          [33mclass[39m=[32m"MuiGrid-root MuiGrid-item MuiGrid-grid-xs-12 MuiGrid-grid-sm-6 MuiGrid-grid-md-3 css-10voxkt-MuiGrid-root"[39m
        [36m>[39m
          [36m<div[39m
            [33mclass[39m=[32m"MuiFormControl-root MuiFormControl-fullWidth css-q8hpuo-MuiFormControl-root"[39m
          [36m>[39m
            [36m<label[39m
              [33mclass[39m=[32m"MuiFormLabel-root MuiInputLabel-root MuiInputLabel-formControl MuiInputLabel-animated MuiInputLabel-shrink MuiInputLabel-sizeSmall MuiInputLabel-outlined MuiFormLabel-colorPrimary MuiFormLabel-filled MuiInputLabel-root MuiInputLabel-formControl MuiInputLabel-animated MuiInputLabel-shrink MuiInputLabel-sizeSmall MuiInputLabel-outlined css-fe0mau-MuiFormLabel-root-MuiInputLabel-root"[39m
              [33mdata-shrink[39m=[32m"true"[39m
            [36m>[39m
              [0mStatus[0m
            [36m</label>[39m
            [36m<div[39m
              [33mclass[39m=[32m"MuiInputBase-root MuiOutlinedInput-root MuiInputBase-colorPrimary MuiInputBase-formControl MuiInputBase-sizeSmall css-13lg1x7-MuiInputBase-root-MuiOutlinedInput-root-MuiSelect-root"[39m
            [36m>[39m
              [36m<div[39m
                [33maria-controls[39m=[32m":ru:"[39m
                [33maria-expanded[39m=[32m"false"[39m
                [33maria-haspopup[39m=[32m"listbox"[39m
                [33mclass[39m=[32m"MuiSelect-select MuiSelect-outlined MuiInputBase-input MuiOutlinedInput-input MuiInputBase-inputSizeSmall css-1fzjff4-MuiSelect-select-MuiInputBase-input-MuiOutlinedInput-input"[39m
                [33mrole[39m=[32m"combobox"[39m
                [33mtabindex[39m=[32m"0"[39m
              [36m>[39m
                [0mAll Statuses[0m
              [36m</div>[39m
              [36m<input[39m
                [33maria-hidden[39m=[32m"true"[39m
                [33maria-invalid[39m=[32m"false"[39m
                [33mclass[39m=[32m"MuiSelect-nativeInput css-yf8vq0-MuiSelect-nativeInput"[39m
                [33mtabindex[39m=[32m"-1"[39m
                [33mvalue[39m=[32m"all"[39m
              [36m/>[39m
              [36m<svg[39m
                [33maria-hidden[39m=[32m"true"[39m
                [33mclass[39m=[32m"MuiSvgIcon-root MuiSvgIcon-fontSizeMedium MuiSelect-icon MuiSelect-iconOutlined css-hfutr2-MuiSvgIcon-root-MuiSelect-icon"[39m
                [33mdata-testid[39m=[32m"ArrowDropDownIcon"[39m
                [33mfocusable[39m=[32m"false"[39m
                [33mviewBox[39m=[32m"0 0 24 24"[39m
              [36m>[39m
                [36m<path[39m
                  [33md[39m=[32m"M7 10l5 5 5-5z"[39m
                [36m/>[39m
              [36m</svg>[39m
              [36m<fieldset[39m
                [33maria-hidden[39m=[32m"true"[39m
   ...
 ❯ Object.getElementError node_modules/@testing-library/react/node_modules/@testing-library/dom/dist/config.js:37:19
 ❯ getElementError node_modules/@testing-library/react/node_modules/@testing-library/dom/dist/query-helpers.js:20:35
 ❯ getMultipleElementsFoundError node_modules/@testing-library/react/node_modules/@testing-library/dom/dist/query-helpers.js:23:10
 ❯ node_modules/@testing-library/react/node_modules/@testing-library/dom/dist/query-helpers.js:55:13
 ❯ node_modules/@testing-library/react/node_modules/@testing-library/dom/dist/query-helpers.js:95:19
 ❯ src/test/proposal.test.tsx:176:37
    174|     );
    175| 
    176|     const coverLetterInput = screen.getByLabelText(/Cover Letter/i);
       |                                     ^
    177|     const submitButton = screen.getByRole('button', { name: /Submit Pr…
    178| 

⎯⎯⎯⎯⎯⎯⎯⎯⎯⎯⎯⎯⎯⎯⎯⎯⎯⎯⎯⎯⎯⎯[42/66]⎯

 FAIL  src/test/proposal.test.tsx > ProposalForm > submits proposal successfully
TestingLibraryElementError: Found multiple elements with the text of: /Cover Letter/i

Here are the matching elements:

Ignored nodes: comments, script, style
[36m<textarea[39m
  [33maria-describedby[39m=[32m":r1o:-helper-text"[39m
  [33maria-invalid[39m=[32m"false"[39m
  [33mclass[39m=[32m"MuiInputBase-input MuiOutlinedInput-input MuiInputBase-inputMultiline css-1sqnrkk-MuiInputBase-input-MuiOutlinedInput-input"[39m
  [33mid[39m=[32m":r1o:"[39m
  [33mname[39m=[32m"coverLetter"[39m
  [33mplaceholder[39m=[32m"Introduce yourself and explain why you're the perfect fit for this project. Highlight your relevant experience and approach to the work."[39m
  [33mrows[39m=[32m"8"[39m
  [33mstyle[39m=[32m"height: 0px; overflow: hidden;"[39m
[36m/>[39m

Ignored nodes: comments, script, style
[36m<textarea[39m
  [33maria-describedby[39m=[32m":r21:-helper-text"[39m
  [33maria-invalid[39m=[32m"false"[39m
  [33mclass[39m=[32m"MuiInputBase-input MuiOutlinedInput-input MuiInputBase-inputMultiline css-1sqnrkk-MuiInputBase-input-MuiOutlinedInput-input"[39m
  [33mid[39m=[32m":r21:"[39m
  [33mname[39m=[32m"coverLetter"[39m
  [33mplaceholder[39m=[32m"Introduce yourself and explain why you're the perfect fit for this project. Highlight your relevant experience and approach to the work."[39m
  [33mrows[39m=[32m"8"[39m
  [33mstyle[39m=[32m"height: 0px; overflow: hidden;"[39m
[36m/>[39m

Ignored nodes: comments, script, style
[36m<textarea[39m
  [33maria-describedby[39m=[32m":r2a:-helper-text"[39m
  [33maria-invalid[39m=[32m"false"[39m
  [33mclass[39m=[32m"MuiInputBase-input MuiOutlinedInput-input MuiInputBase-inputMultiline css-1sqnrkk-MuiInputBase-input-MuiOutlinedInput-input"[39m
  [33mid[39m=[32m":r2a:"[39m
  [33mname[39m=[32m"coverLetter"[39m
  [33mplaceholder[39m=[32m"Introduce yourself and explain why you're the perfect fit for this project. Highlight your relevant experience and approach to the work."[39m
  [33mrows[39m=[32m"8"[39m
  [33mstyle[39m=[32m"height: 0px; overflow: hidden;"[39m
[36m/>[39m

(If this is intentional, then use the `*AllBy*` variant of the query (like `queryAllByText`, `getAllByText`, or `findAllByText`)).

Ignored nodes: comments, script, style
[36m<body[39m
  [33mstyle[39m=[32m""[39m
[36m>[39m
  [36m<div>[39m
    [36m<div[39m
      [33mclass[39m=[32m"MuiBox-root css-0"[39m
    [36m>[39m
      [36m<div[39m
        [33mclass[39m=[32m"MuiBox-root css-i3pbo"[39m
      [36m>[39m
        [36m<h5[39m
          [33mclass[39m=[32m"MuiTypography-root MuiTypography-h5 MuiTypography-gutterBottom css-1hkf4sh-MuiTypography-root"[39m
        [36m>[39m
          [0mPayment History[0m
        [36m</h5>[39m
        [36m<p[39m
          [33mclass[39m=[32m"MuiTypography-root MuiTypography-body2 css-xtz2xu-MuiTypography-root"[39m
        [36m>[39m
          [0m1[0m
          [0m payment[0m
          [0m found[0m
        [36m</p>[39m
      [36m</div>[39m
      [36m<div[39m
        [33mclass[39m=[32m"MuiGrid-root MuiGrid-container MuiGrid-spacing-xs-2 css-12rc5ck-MuiGrid-root"[39m
      [36m>[39m
        [36m<div[39m
          [33mclass[39m=[32m"MuiGrid-root MuiGrid-item MuiGrid-grid-xs-12 MuiGrid-grid-sm-6 MuiGrid-grid-md-3 css-10voxkt-MuiGrid-root"[39m
        [36m>[39m
          [36m<div[39m
            [33mclass[39m=[32m"MuiFormControl-root MuiFormControl-fullWidth MuiTextField-root css-18hear-MuiFormControl-root-MuiTextField-root"[39m
          [36m>[39m
            [36m<div[39m
              [33mclass[39m=[32m"MuiInputBase-root MuiOutlinedInput-root MuiInputBase-colorPrimary MuiInputBase-fullWidth MuiInputBase-formControl MuiInputBase-sizeSmall MuiInputBase-adornedStart css-1cj7mpt-MuiInputBase-root-MuiOutlinedInput-root"[39m
            [36m>[39m
              [36m<div[39m
                [33mclass[39m=[32m"MuiInputAdornment-root MuiInputAdornment-positionStart MuiInputAdornment-outlined MuiInputAdornment-sizeSmall css-ittuaa-MuiInputAdornment-root"[39m
              [36m>[39m
                [36m<span[39m
                  [33mclass[39m=[32m"notranslate"[39m
                [36m>[39m
                  [0m​[0m
                [36m</span>[39m
                [36m<svg[39m
                  [33maria-hidden[39m=[32m"true"[39m
                  [33mclass[39m=[32m"MuiSvgIcon-root MuiSvgIcon-fontSizeMedium css-i4bv87-MuiSvgIcon-root"[39m
                  [33mdata-testid[39m=[32m"SearchIcon"[39m
                  [33mfocusable[39m=[32m"false"[39m
                  [33mviewBox[39m=[32m"0 0 24 24"[39m
                [36m>[39m
                  [36m<path[39m
                    [33md[39m=[32m"M15.5 14h-.79l-.28-.27C15.41 12.59 16 11.11 16 9.5 16 5.91 13.09 3 9.5 3S3 5.91 3 9.5 5.91 16 9.5 16c1.61 0 3.09-.59 4.23-1.57l.27.28v.79l5 4.99L20.49 19zm-6 0C7.01 14 5 11.99 5 9.5S7.01 5 9.5 5 14 7.01 14 9.5 11.99 14 9.5 14"[39m
                  [36m/>[39m
                [36m</svg>[39m
              [36m</div>[39m
              [36m<input[39m
                [33maria-invalid[39m=[32m"false"[39m
                [33mclass[39m=[32m"MuiInputBase-input MuiOutlinedInput-input MuiInputBase-inputSizeSmall MuiInputBase-inputAdornedStart css-1ua80n0-MuiInputBase-input-MuiOutlinedInput-input"[39m
                [33mid[39m=[32m":rt:"[39m
                [33mplaceholder[39m=[32m"Search payments..."[39m
                [33mtype[39m=[32m"text"[39m
                [33mvalue[39m=[32m""[39m
              [36m/>[39m
              [36m<fieldset[39m
                [33maria-hidden[39m=[32m"true"[39m
                [33mclass[39m=[32m"MuiOutlinedInput-notchedOutline css-r01yff-MuiNotchedOutlined-root-MuiOutlinedInput-notchedOutline"[39m
              [36m>[39m
                [36m<legend[39m
                  [33mclass[39m=[32m"css-1whs34k-MuiNotchedOutlined-root"[39m
                [36m>[39m
                  [36m<span[39m
                    [33mclass[39m=[32m"notranslate"[39m
                  [36m>[39m
                    [0m​[0m
                  [36m</span>[39m
                [36m</legend>[39m
              [36m</fieldset>[39m
            [36m</div>[39m
          [36m</div>[39m
        [36m</div>[39m
        [36m<div[39m
          [33mclass[39m=[32m"MuiGrid-root MuiGrid-item MuiGrid-grid-xs-12 MuiGrid-grid-sm-6 MuiGrid-grid-md-3 css-10voxkt-MuiGrid-root"[39m
        [36m>[39m
          [36m<div[39m
            [33mclass[39m=[32m"MuiFormControl-root MuiFormControl-fullWidth css-q8hpuo-MuiFormControl-root"[39m
          [36m>[39m
            [36m<label[39m
              [33mclass[39m=[32m"MuiFormLabel-root MuiInputLabel-root MuiInputLabel-formControl MuiInputLabel-animated MuiInputLabel-shrink MuiInputLabel-sizeSmall MuiInputLabel-outlined MuiFormLabel-colorPrimary MuiFormLabel-filled MuiInputLabel-root MuiInputLabel-formControl MuiInputLabel-animated MuiInputLabel-shrink MuiInputLabel-sizeSmall MuiInputLabel-outlined css-fe0mau-MuiFormLabel-root-MuiInputLabel-root"[39m
              [33mdata-shrink[39m=[32m"true"[39m
            [36m>[39m
              [0mStatus[0m
            [36m</label>[39m
            [36m<div[39m
              [33mclass[39m=[32m"MuiInputBase-root MuiOutlinedInput-root MuiInputBase-colorPrimary MuiInputBase-formControl MuiInputBase-sizeSmall css-13lg1x7-MuiInputBase-root-MuiOutlinedInput-root-MuiSelect-root"[39m
            [36m>[39m
              [36m<div[39m
                [33maria-controls[39m=[32m":ru:"[39m
                [33maria-expanded[39m=[32m"false"[39m
                [33maria-haspopup[39m=[32m"listbox"[39m
                [33mclass[39m=[32m"MuiSelect-select MuiSelect-outlined MuiInputBase-input MuiOutlinedInput-input MuiInputBase-inputSizeSmall css-1fzjff4-MuiSelect-select-MuiInputBase-input-MuiOutlinedInput-input"[39m
                [33mrole[39m=[32m"combobox"[39m
                [33mtabindex[39m=[32m"0"[39m
              [36m>[39m
                [0mAll Statuses[0m
              [36m</div>[39m
              [36m<input[39m
                [33maria-hidden[39m=[32m"true"[39m
                [33maria-invalid[39m=[32m"false"[39m
                [33mclass[39m=[32m"MuiSelect-nativeInput css-yf8vq0-MuiSelect-nativeInput"[39m
                [33mtabindex[39m=[32m"-1"[39m
                [33mvalue[39m=[32m"all"[39m
              [36m/>[39m
              [36m<svg[39m
                [33maria-hidden[39m=[32m"true"[39m
                [33mclass[39m=[32m"MuiSvgIcon-root MuiSvgIcon-fontSizeMedium MuiSelect-icon MuiSelect-iconOutlined css-hfutr2-MuiSvgIcon-root-MuiSelect-icon"[39m
                [33mdata-testid[39m=[32m"ArrowDropDownIcon"[39m
                [33mfocusable[39m=[32m"false"[39m
                [33mviewBox[39m=[32m"0 0 24 24"[39m
              [36m>[39m
                [36m<path[39m
                  [33md[39m=[32m"M7 10l5 5 5-5z"[39m
                [36m/>[39m
              [36m</svg>[39m
              [36m<fieldset[39m
                [33maria-hidden[39m=[32m"true"[39m
   ...
 ❯ Object.getElementError node_modules/@testing-library/react/node_modules/@testing-library/dom/dist/config.js:37:19
 ❯ getElementError node_modules/@testing-library/react/node_modules/@testing-library/dom/dist/query-helpers.js:20:35
 ❯ getMultipleElementsFoundError node_modules/@testing-library/react/node_modules/@testing-library/dom/dist/query-helpers.js:23:10
 ❯ node_modules/@testing-library/react/node_modules/@testing-library/dom/dist/query-helpers.js:55:13
 ❯ node_modules/@testing-library/react/node_modules/@testing-library/dom/dist/query-helpers.js:95:19
 ❯ src/test/proposal.test.tsx:203:29
    201| 
    202|     // Fill form
    203|     fireEvent.change(screen.getByLabelText(/Cover Letter/i), {
       |                             ^
    204|       target: { value: 'I am very interested in this project and have …
    205|     });

⎯⎯⎯⎯⎯⎯⎯⎯⎯⎯⎯⎯⎯⎯⎯⎯⎯⎯⎯⎯⎯⎯[43/66]⎯

 FAIL  src/test/proposal.test.tsx > ProposalForm > adds and removes milestones
TestingLibraryElementError: Found multiple elements with the text of: Milestone Title

Here are the matching elements:

Ignored nodes: comments, script, style
[36m<input[39m
  [33maria-invalid[39m=[32m"false"[39m
  [33mclass[39m=[32m"MuiInputBase-input MuiOutlinedInput-input MuiInputBase-inputSizeSmall css-1n4twyu-MuiInputBase-input-MuiOutlinedInput-input"[39m
  [33mid[39m=[32m":r1s:"[39m
  [33mtype[39m=[32m"text"[39m
  [33mvalue[39m=[32m""[39m
[36m/>[39m

Ignored nodes: comments, script, style
[36m<input[39m
  [33maria-invalid[39m=[32m"false"[39m
  [33mclass[39m=[32m"MuiInputBase-input MuiOutlinedInput-input MuiInputBase-inputSizeSmall css-1n4twyu-MuiInputBase-input-MuiOutlinedInput-input"[39m
  [33mid[39m=[32m":r25:"[39m
  [33mtype[39m=[32m"text"[39m
  [33mvalue[39m=[32m""[39m
[36m/>[39m

Ignored nodes: comments, script, style
[36m<input[39m
  [33maria-invalid[39m=[32m"false"[39m
  [33mclass[39m=[32m"MuiInputBase-input MuiOutlinedInput-input MuiInputBase-inputSizeSmall css-1n4twyu-MuiInputBase-input-MuiOutlinedInput-input"[39m
  [33mid[39m=[32m":r2e:"[39m
  [33mtype[39m=[32m"text"[39m
  [33mvalue[39m=[32m""[39m
[36m/>[39m

Ignored nodes: comments, script, style
[36m<input[39m
  [33maria-invalid[39m=[32m"false"[39m
  [33mclass[39m=[32m"MuiInputBase-input MuiOutlinedInput-input MuiInputBase-inputSizeSmall css-1n4twyu-MuiInputBase-input-MuiOutlinedInput-input"[39m
  [33mid[39m=[32m":r2n:"[39m
  [33mtype[39m=[32m"text"[39m
  [33mvalue[39m=[32m""[39m
[36m/>[39m

(If this is intentional, then use the `*AllBy*` variant of the query (like `queryAllByText`, `getAllByText`, or `findAllByText`)).

Ignored nodes: comments, script, style
[36m<body[39m
  [33mstyle[39m=[32m""[39m
[36m>[39m
  [36m<div>[39m
    [36m<div[39m
      [33mclass[39m=[32m"MuiBox-root css-0"[39m
    [36m>[39m
      [36m<div[39m
        [33mclass[39m=[32m"MuiBox-root css-i3pbo"[39m
      [36m>[39m
        [36m<h5[39m
          [33mclass[39m=[32m"MuiTypography-root MuiTypography-h5 MuiTypography-gutterBottom css-1hkf4sh-MuiTypography-root"[39m
        [36m>[39m
          [0mPayment History[0m
        [36m</h5>[39m
        [36m<p[39m
          [33mclass[39m=[32m"MuiTypography-root MuiTypography-body2 css-xtz2xu-MuiTypography-root"[39m
        [36m>[39m
          [0m1[0m
          [0m payment[0m
          [0m found[0m
        [36m</p>[39m
      [36m</div>[39m
      [36m<div[39m
        [33mclass[39m=[32m"MuiGrid-root MuiGrid-container MuiGrid-spacing-xs-2 css-12rc5ck-MuiGrid-root"[39m
      [36m>[39m
        [36m<div[39m
          [33mclass[39m=[32m"MuiGrid-root MuiGrid-item MuiGrid-grid-xs-12 MuiGrid-grid-sm-6 MuiGrid-grid-md-3 css-10voxkt-MuiGrid-root"[39m
        [36m>[39m
          [36m<div[39m
            [33mclass[39m=[32m"MuiFormControl-root MuiFormControl-fullWidth MuiTextField-root css-18hear-MuiFormControl-root-MuiTextField-root"[39m
          [36m>[39m
            [36m<div[39m
              [33mclass[39m=[32m"MuiInputBase-root MuiOutlinedInput-root MuiInputBase-colorPrimary MuiInputBase-fullWidth MuiInputBase-formControl MuiInputBase-sizeSmall MuiInputBase-adornedStart css-1cj7mpt-MuiInputBase-root-MuiOutlinedInput-root"[39m
            [36m>[39m
              [36m<div[39m
                [33mclass[39m=[32m"MuiInputAdornment-root MuiInputAdornment-positionStart MuiInputAdornment-outlined MuiInputAdornment-sizeSmall css-ittuaa-MuiInputAdornment-root"[39m
              [36m>[39m
                [36m<span[39m
                  [33mclass[39m=[32m"notranslate"[39m
                [36m>[39m
                  [0m​[0m
                [36m</span>[39m
                [36m<svg[39m
                  [33maria-hidden[39m=[32m"true"[39m
                  [33mclass[39m=[32m"MuiSvgIcon-root MuiSvgIcon-fontSizeMedium css-i4bv87-MuiSvgIcon-root"[39m
                  [33mdata-testid[39m=[32m"SearchIcon"[39m
                  [33mfocusable[39m=[32m"false"[39m
                  [33mviewBox[39m=[32m"0 0 24 24"[39m
                [36m>[39m
                  [36m<path[39m
                    [33md[39m=[32m"M15.5 14h-.79l-.28-.27C15.41 12.59 16 11.11 16 9.5 16 5.91 13.09 3 9.5 3S3 5.91 3 9.5 5.91 16 9.5 16c1.61 0 3.09-.59 4.23-1.57l.27.28v.79l5 4.99L20.49 19zm-6 0C7.01 14 5 11.99 5 9.5S7.01 5 9.5 5 14 7.01 14 9.5 11.99 14 9.5 14"[39m
                  [36m/>[39m
                [36m</svg>[39m
              [36m</div>[39m
              [36m<input[39m
                [33maria-invalid[39m=[32m"false"[39m
                [33mclass[39m=[32m"MuiInputBase-input MuiOutlinedInput-input MuiInputBase-inputSizeSmall MuiInputBase-inputAdornedStart css-1ua80n0-MuiInputBase-input-MuiOutlinedInput-input"[39m
                [33mid[39m=[32m":rt:"[39m
                [33mplaceholder[39m=[32m"Search payments..."[39m
                [33mtype[39m=[32m"text"[39m
                [33mvalue[39m=[32m""[39m
              [36m/>[39m
              [36m<fieldset[39m
                [33maria-hidden[39m=[32m"true"[39m
                [33mclass[39m=[32m"MuiOutlinedInput-notchedOutline css-r01yff-MuiNotchedOutlined-root-MuiOutlinedInput-notchedOutline"[39m
              [36m>[39m
                [36m<legend[39m
                  [33mclass[39m=[32m"css-1whs34k-MuiNotchedOutlined-root"[39m
                [36m>[39m
                  [36m<span[39m
                    [33mclass[39m=[32m"notranslate"[39m
                  [36m>[39m
                    [0m​[0m
                  [36m</span>[39m
                [36m</legend>[39m
              [36m</fieldset>[39m
            [36m</div>[39m
          [36m</div>[39m
        [36m</div>[39m
        [36m<div[39m
          [33mclass[39m=[32m"MuiGrid-root MuiGrid-item MuiGrid-grid-xs-12 MuiGrid-grid-sm-6 MuiGrid-grid-md-3 css-10voxkt-MuiGrid-root"[39m
        [36m>[39m
          [36m<div[39m
            [33mclass[39m=[32m"MuiFormControl-root MuiFormControl-fullWidth css-q8hpuo-MuiFormControl-root"[39m
          [36m>[39m
            [36m<label[39m
              [33mclass[39m=[32m"MuiFormLabel-root MuiInputLabel-root MuiInputLabel-formControl MuiInputLabel-animated MuiInputLabel-shrink MuiInputLabel-sizeSmall MuiInputLabel-outlined MuiFormLabel-colorPrimary MuiFormLabel-filled MuiInputLabel-root MuiInputLabel-formControl MuiInputLabel-animated MuiInputLabel-shrink MuiInputLabel-sizeSmall MuiInputLabel-outlined css-fe0mau-MuiFormLabel-root-MuiInputLabel-root"[39m
              [33mdata-shrink[39m=[32m"true"[39m
            [36m>[39m
              [0mStatus[0m
            [36m</label>[39m
            [36m<div[39m
              [33mclass[39m=[32m"MuiInputBase-root MuiOutlinedInput-root MuiInputBase-colorPrimary MuiInputBase-formControl MuiInputBase-sizeSmall css-13lg1x7-MuiInputBase-root-MuiOutlinedInput-root-MuiSelect-root"[39m
            [36m>[39m
              [36m<div[39m
                [33maria-controls[39m=[32m":ru:"[39m
                [33maria-expanded[39m=[32m"false"[39m
                [33maria-haspopup[39m=[32m"listbox"[39m
                [33mclass[39m=[32m"MuiSelect-select MuiSelect-outlined MuiInputBase-input MuiOutlinedInput-input MuiInputBase-inputSizeSmall css-1fzjff4-MuiSelect-select-MuiInputBase-input-MuiOutlinedInput-input"[39m
                [33mrole[39m=[32m"combobox"[39m
                [33mtabindex[39m=[32m"0"[39m
              [36m>[39m
                [0mAll Statuses[0m
              [36m</div>[39m
              [36m<input[39m
                [33maria-hidden[39m=[32m"true"[39m
                [33maria-invalid[39m=[32m"false"[39m
                [33mclass[39m=[32m"MuiSelect-nativeInput css-yf8vq0-MuiSelect-nativeInput"[39m
                [33mtabindex[39m=[32m"-1"[39m
                [33mvalue[39m=[32m"all"[39m
              [36m/>[39m
              [36m<svg[39m
                [33maria-hidden[39m=[32m"true"[39m
                [33mclass[39m=[32m"MuiSvgIcon-root MuiSvgIcon-fontSizeMedium MuiSelect-icon MuiSelect-iconOutlined css-hfutr2-MuiSvgIcon-root-MuiSelect-icon"[39m
                [33mdata-testid[39m=[32m"ArrowDropDownIcon"[39m
                [33mfocusable[39m=[32m"false"[39m
                [33mviewBox[39m=[32m"0 0 24 24"[39m
              [36m>[39m
                [36m<path[39m
                  [33md[39m=[32m"M7 10l5 5 5-5z"[39m
                [36m/>[39m
              [36m</svg>[39m
              [36m<fieldset[39m
                [33maria-hidden[39m=[32m"true"[39m
   ...
 ❯ Object.getElementError node_modules/@testing-library/react/node_modules/@testing-library/dom/dist/config.js:37:19
 ❯ getElementError node_modules/@testing-library/react/node_modules/@testing-library/dom/dist/query-helpers.js:20:35
 ❯ getMultipleElementsFoundError node_modules/@testing-library/react/node_modules/@testing-library/dom/dist/query-helpers.js:23:10
 ❯ node_modules/@testing-library/react/node_modules/@testing-library/dom/dist/query-helpers.js:55:13
 ❯ node_modules/@testing-library/react/node_modules/@testing-library/dom/dist/query-helpers.js:95:19
 ❯ src/test/proposal.test.tsx:235:29
    233| 
    234|     // Add milestone
    235|     fireEvent.change(screen.getByLabelText('Milestone Title'), {
       |                             ^
    236|       target: { value: 'Test Milestone' },
    237|     });

⎯⎯⎯⎯⎯⎯⎯⎯⎯⎯⎯⎯⎯⎯⎯⎯⎯⎯⎯⎯⎯⎯[44/66]⎯

 FAIL  src/test/proposal.test.tsx > ProposalCard > renders proposal card for freelancer view
TestingLibraryElementError: Found multiple elements with the text: Test Project

Here are the matching elements:

Ignored nodes: comments, script, style
[36m<h6[39m
  [33mclass[39m=[32m"MuiTypography-root MuiTypography-h6 MuiTypography-gutterBottom css-1u1cxmu-MuiTypography-root"[39m
[36m>[39m
  [0mTest Project[0m
[36m</h6>[39m

Ignored nodes: comments, script, style
[36m<h6[39m
  [33mclass[39m=[32m"MuiTypography-root MuiTypography-h6 MuiTypography-gutterBottom css-1u1cxmu-MuiTypography-root"[39m
[36m>[39m
  [0mTest Project[0m
[36m</h6>[39m

Ignored nodes: comments, script, style
[36m<h6[39m
  [33mclass[39m=[32m"MuiTypography-root MuiTypography-h6 MuiTypography-gutterBottom css-1u1cxmu-MuiTypography-root"[39m
[36m>[39m
  [0mTest Project[0m
[36m</h6>[39m

Ignored nodes: comments, script, style
[36m<h6[39m
  [33mclass[39m=[32m"MuiTypography-root MuiTypography-h6 MuiTypography-gutterBottom css-1u1cxmu-MuiTypography-root"[39m
[36m>[39m
  [0mTest Project[0m
[36m</h6>[39m

Ignored nodes: comments, script, style
[36m<h6[39m
  [33mclass[39m=[32m"MuiTypography-root MuiTypography-h6 MuiTypography-gutterBottom css-pne570-MuiTypography-root"[39m
[36m>[39m
  [0mTest Project[0m
[36m</h6>[39m

(If this is intentional, then use the `*AllBy*` variant of the query (like `queryAllByText`, `getAllByText`, or `findAllByText`)).

Ignored nodes: comments, script, style
[36m<body[39m
  [33mstyle[39m=[32m""[39m
[36m>[39m
  [36m<div>[39m
    [36m<div[39m
      [33mclass[39m=[32m"MuiBox-root css-0"[39m
    [36m>[39m
      [36m<div[39m
        [33mclass[39m=[32m"MuiBox-root css-i3pbo"[39m
      [36m>[39m
        [36m<h5[39m
          [33mclass[39m=[32m"MuiTypography-root MuiTypography-h5 MuiTypography-gutterBottom css-1hkf4sh-MuiTypography-root"[39m
        [36m>[39m
          [0mPayment History[0m
        [36m</h5>[39m
        [36m<p[39m
          [33mclass[39m=[32m"MuiTypography-root MuiTypography-body2 css-xtz2xu-MuiTypography-root"[39m
        [36m>[39m
          [0m1[0m
          [0m payment[0m
          [0m found[0m
        [36m</p>[39m
      [36m</div>[39m
      [36m<div[39m
        [33mclass[39m=[32m"MuiGrid-root MuiGrid-container MuiGrid-spacing-xs-2 css-12rc5ck-MuiGrid-root"[39m
      [36m>[39m
        [36m<div[39m
          [33mclass[39m=[32m"MuiGrid-root MuiGrid-item MuiGrid-grid-xs-12 MuiGrid-grid-sm-6 MuiGrid-grid-md-3 css-10voxkt-MuiGrid-root"[39m
        [36m>[39m
          [36m<div[39m
            [33mclass[39m=[32m"MuiFormControl-root MuiFormControl-fullWidth MuiTextField-root css-18hear-MuiFormControl-root-MuiTextField-root"[39m
          [36m>[39m
            [36m<div[39m
              [33mclass[39m=[32m"MuiInputBase-root MuiOutlinedInput-root MuiInputBase-colorPrimary MuiInputBase-fullWidth MuiInputBase-formControl MuiInputBase-sizeSmall MuiInputBase-adornedStart css-1cj7mpt-MuiInputBase-root-MuiOutlinedInput-root"[39m
            [36m>[39m
              [36m<div[39m
                [33mclass[39m=[32m"MuiInputAdornment-root MuiInputAdornment-positionStart MuiInputAdornment-outlined MuiInputAdornment-sizeSmall css-ittuaa-MuiInputAdornment-root"[39m
              [36m>[39m
                [36m<span[39m
                  [33mclass[39m=[32m"notranslate"[39m
                [36m>[39m
                  [0m​[0m
                [36m</span>[39m
                [36m<svg[39m
                  [33maria-hidden[39m=[32m"true"[39m
                  [33mclass[39m=[32m"MuiSvgIcon-root MuiSvgIcon-fontSizeMedium css-i4bv87-MuiSvgIcon-root"[39m
                  [33mdata-testid[39m=[32m"SearchIcon"[39m
                  [33mfocusable[39m=[32m"false"[39m
                  [33mviewBox[39m=[32m"0 0 24 24"[39m
                [36m>[39m
                  [36m<path[39m
                    [33md[39m=[32m"M15.5 14h-.79l-.28-.27C15.41 12.59 16 11.11 16 9.5 16 5.91 13.09 3 9.5 3S3 5.91 3 9.5 5.91 16 9.5 16c1.61 0 3.09-.59 4.23-1.57l.27.28v.79l5 4.99L20.49 19zm-6 0C7.01 14 5 11.99 5 9.5S7.01 5 9.5 5 14 7.01 14 9.5 11.99 14 9.5 14"[39m
                  [36m/>[39m
                [36m</svg>[39m
              [36m</div>[39m
              [36m<input[39m
                [33maria-invalid[39m=[32m"false"[39m
                [33mclass[39m=[32m"MuiInputBase-input MuiOutlinedInput-input MuiInputBase-inputSizeSmall MuiInputBase-inputAdornedStart css-1ua80n0-MuiInputBase-input-MuiOutlinedInput-input"[39m
                [33mid[39m=[32m":rt:"[39m
                [33mplaceholder[39m=[32m"Search payments..."[39m
                [33mtype[39m=[32m"text"[39m
                [33mvalue[39m=[32m""[39m
              [36m/>[39m
              [36m<fieldset[39m
                [33maria-hidden[39m=[32m"true"[39m
                [33mclass[39m=[32m"MuiOutlinedInput-notchedOutline css-r01yff-MuiNotchedOutlined-root-MuiOutlinedInput-notchedOutline"[39m
              [36m>[39m
                [36m<legend[39m
                  [33mclass[39m=[32m"css-1whs34k-MuiNotchedOutlined-root"[39m
                [36m>[39m
                  [36m<span[39m
                    [33mclass[39m=[32m"notranslate"[39m
                  [36m>[39m
                    [0m​[0m
                  [36m</span>[39m
                [36m</legend>[39m
              [36m</fieldset>[39m
            [36m</div>[39m
          [36m</div>[39m
        [36m</div>[39m
        [36m<div[39m
          [33mclass[39m=[32m"MuiGrid-root MuiGrid-item MuiGrid-grid-xs-12 MuiGrid-grid-sm-6 MuiGrid-grid-md-3 css-10voxkt-MuiGrid-root"[39m
        [36m>[39m
          [36m<div[39m
            [33mclass[39m=[32m"MuiFormControl-root MuiFormControl-fullWidth css-q8hpuo-MuiFormControl-root"[39m
          [36m>[39m
            [36m<label[39m
              [33mclass[39m=[32m"MuiFormLabel-root MuiInputLabel-root MuiInputLabel-formControl MuiInputLabel-animated MuiInputLabel-shrink MuiInputLabel-sizeSmall MuiInputLabel-outlined MuiFormLabel-colorPrimary MuiFormLabel-filled MuiInputLabel-root MuiInputLabel-formControl MuiInputLabel-animated MuiInputLabel-shrink MuiInputLabel-sizeSmall MuiInputLabel-outlined css-fe0mau-MuiFormLabel-root-MuiInputLabel-root"[39m
              [33mdata-shrink[39m=[32m"true"[39m
            [36m>[39m
              [0mStatus[0m
            [36m</label>[39m
            [36m<div[39m
              [33mclass[39m=[32m"MuiInputBase-root MuiOutlinedInput-root MuiInputBase-colorPrimary MuiInputBase-formControl MuiInputBase-sizeSmall css-13lg1x7-MuiInputBase-root-MuiOutlinedInput-root-MuiSelect-root"[39m
            [36m>[39m
              [36m<div[39m
                [33maria-controls[39m=[32m":ru:"[39m
                [33maria-expanded[39m=[32m"false"[39m
                [33maria-haspopup[39m=[32m"listbox"[39m
                [33mclass[39m=[32m"MuiSelect-select MuiSelect-outlined MuiInputBase-input MuiOutlinedInput-input MuiInputBase-inputSizeSmall css-1fzjff4-MuiSelect-select-MuiInputBase-input-MuiOutlinedInput-input"[39m
                [33mrole[39m=[32m"combobox"[39m
                [33mtabindex[39m=[32m"0"[39m
              [36m>[39m
                [0mAll Statuses[0m
              [36m</div>[39m
              [36m<input[39m
                [33maria-hidden[39m=[32m"true"[39m
                [33maria-invalid[39m=[32m"false"[39m
                [33mclass[39m=[32m"MuiSelect-nativeInput css-yf8vq0-MuiSelect-nativeInput"[39m
                [33mtabindex[39m=[32m"-1"[39m
                [33mvalue[39m=[32m"all"[39m
              [36m/>[39m
              [36m<svg[39m
                [33maria-hidden[39m=[32m"true"[39m
                [33mclass[39m=[32m"MuiSvgIcon-root MuiSvgIcon-fontSizeMedium MuiSelect-icon MuiSelect-iconOutlined css-hfutr2-MuiSvgIcon-root-MuiSelect-icon"[39m
                [33mdata-testid[39m=[32m"ArrowDropDownIcon"[39m
                [33mfocusable[39m=[32m"false"[39m
                [33mviewBox[39m=[32m"0 0 24 24"[39m
              [36m>[39m
                [36m<path[39m
                  [33md[39m=[32m"M7 10l5 5 5-5z"[39m
                [36m/>[39m
              [36m</svg>[39m
              [36m<fieldset[39m
                [33maria-hidden[39m=[32m"true"[39m
   ...
 ❯ Object.getElementError node_modules/@testing-library/react/node_modules/@testing-library/dom/dist/config.js:37:19
 ❯ getElementError node_modules/@testing-library/react/node_modules/@testing-library/dom/dist/query-helpers.js:20:35
 ❯ getMultipleElementsFoundError node_modules/@testing-library/react/node_modules/@testing-library/dom/dist/query-helpers.js:23:10
 ❯ node_modules/@testing-library/react/node_modules/@testing-library/dom/dist/query-helpers.js:55:13
 ❯ node_modules/@testing-library/react/node_modules/@testing-library/dom/dist/query-helpers.js:95:19
 ❯ src/test/proposal.test.tsx:279:19
    277|     );
    278| 
    279|     expect(screen.getByText('Test Project')).toBeInTheDocument();
       |                   ^
    280|     expect(screen.getByText('Budget: $1000 - $2000')).toBeInTheDocumen…
    281|     expect(screen.getByText('Under Review')).toBeInTheDocument();

⎯⎯⎯⎯⎯⎯⎯⎯⎯⎯⎯⎯⎯⎯⎯⎯⎯⎯⎯⎯⎯⎯[45/66]⎯

 FAIL  src/test/proposal.test.tsx > ProposalCard > shows milestones preview
TestingLibraryElementError: Found multiple elements with the text: 2 milestones

Here are the matching elements:

Ignored nodes: comments, script, style
[36m<p[39m
  [33mclass[39m=[32m"MuiTypography-root MuiTypography-body2 MuiTypography-gutterBottom css-141jttu-MuiTypography-root"[39m
[36m>[39m
  [0m2[0m
  [0m milestone[0m
  [0ms[0m
[36m</p>[39m

Ignored nodes: comments, script, style
[36m<p[39m
  [33mclass[39m=[32m"MuiTypography-root MuiTypography-body2 MuiTypography-gutterBottom css-141jttu-MuiTypography-root"[39m
[36m>[39m
  [0m2[0m
  [0m milestone[0m
  [0ms[0m
[36m</p>[39m

Ignored nodes: comments, script, style
[36m<p[39m
  [33mclass[39m=[32m"MuiTypography-root MuiTypography-body2 MuiTypography-gutterBottom css-141jttu-MuiTypography-root"[39m
[36m>[39m
  [0m2[0m
  [0m milestone[0m
  [0ms[0m
[36m</p>[39m

(If this is intentional, then use the `*AllBy*` variant of the query (like `queryAllByText`, `getAllByText`, or `findAllByText`)).

Ignored nodes: comments, script, style
[36m<body[39m
  [33mstyle[39m=[32m""[39m
[36m>[39m
  [36m<div>[39m
    [36m<div[39m
      [33mclass[39m=[32m"MuiBox-root css-0"[39m
    [36m>[39m
      [36m<div[39m
        [33mclass[39m=[32m"MuiBox-root css-i3pbo"[39m
      [36m>[39m
        [36m<h5[39m
          [33mclass[39m=[32m"MuiTypography-root MuiTypography-h5 MuiTypography-gutterBottom css-1hkf4sh-MuiTypography-root"[39m
        [36m>[39m
          [0mPayment History[0m
        [36m</h5>[39m
        [36m<p[39m
          [33mclass[39m=[32m"MuiTypography-root MuiTypography-body2 css-xtz2xu-MuiTypography-root"[39m
        [36m>[39m
          [0m1[0m
          [0m payment[0m
          [0m found[0m
        [36m</p>[39m
      [36m</div>[39m
      [36m<div[39m
        [33mclass[39m=[32m"MuiGrid-root MuiGrid-container MuiGrid-spacing-xs-2 css-12rc5ck-MuiGrid-root"[39m
      [36m>[39m
        [36m<div[39m
          [33mclass[39m=[32m"MuiGrid-root MuiGrid-item MuiGrid-grid-xs-12 MuiGrid-grid-sm-6 MuiGrid-grid-md-3 css-10voxkt-MuiGrid-root"[39m
        [36m>[39m
          [36m<div[39m
            [33mclass[39m=[32m"MuiFormControl-root MuiFormControl-fullWidth MuiTextField-root css-18hear-MuiFormControl-root-MuiTextField-root"[39m
          [36m>[39m
            [36m<div[39m
              [33mclass[39m=[32m"MuiInputBase-root MuiOutlinedInput-root MuiInputBase-colorPrimary MuiInputBase-fullWidth MuiInputBase-formControl MuiInputBase-sizeSmall MuiInputBase-adornedStart css-1cj7mpt-MuiInputBase-root-MuiOutlinedInput-root"[39m
            [36m>[39m
              [36m<div[39m
                [33mclass[39m=[32m"MuiInputAdornment-root MuiInputAdornment-positionStart MuiInputAdornment-outlined MuiInputAdornment-sizeSmall css-ittuaa-MuiInputAdornment-root"[39m
              [36m>[39m
                [36m<span[39m
                  [33mclass[39m=[32m"notranslate"[39m
                [36m>[39m
                  [0m​[0m
                [36m</span>[39m
                [36m<svg[39m
                  [33maria-hidden[39m=[32m"true"[39m
                  [33mclass[39m=[32m"MuiSvgIcon-root MuiSvgIcon-fontSizeMedium css-i4bv87-MuiSvgIcon-root"[39m
                  [33mdata-testid[39m=[32m"SearchIcon"[39m
                  [33mfocusable[39m=[32m"false"[39m
                  [33mviewBox[39m=[32m"0 0 24 24"[39m
                [36m>[39m
                  [36m<path[39m
                    [33md[39m=[32m"M15.5 14h-.79l-.28-.27C15.41 12.59 16 11.11 16 9.5 16 5.91 13.09 3 9.5 3S3 5.91 3 9.5 5.91 16 9.5 16c1.61 0 3.09-.59 4.23-1.57l.27.28v.79l5 4.99L20.49 19zm-6 0C7.01 14 5 11.99 5 9.5S7.01 5 9.5 5 14 7.01 14 9.5 11.99 14 9.5 14"[39m
                  [36m/>[39m
                [36m</svg>[39m
              [36m</div>[39m
              [36m<input[39m
                [33maria-invalid[39m=[32m"false"[39m
                [33mclass[39m=[32m"MuiInputBase-input MuiOutlinedInput-input MuiInputBase-inputSizeSmall MuiInputBase-inputAdornedStart css-1ua80n0-MuiInputBase-input-MuiOutlinedInput-input"[39m
                [33mid[39m=[32m":rt:"[39m
                [33mplaceholder[39m=[32m"Search payments..."[39m
                [33mtype[39m=[32m"text"[39m
                [33mvalue[39m=[32m""[39m
              [36m/>[39m
              [36m<fieldset[39m
                [33maria-hidden[39m=[32m"true"[39m
                [33mclass[39m=[32m"MuiOutlinedInput-notchedOutline css-r01yff-MuiNotchedOutlined-root-MuiOutlinedInput-notchedOutline"[39m
              [36m>[39m
                [36m<legend[39m
                  [33mclass[39m=[32m"css-1whs34k-MuiNotchedOutlined-root"[39m
                [36m>[39m
                  [36m<span[39m
                    [33mclass[39m=[32m"notranslate"[39m
                  [36m>[39m
                    [0m​[0m
                  [36m</span>[39m
                [36m</legend>[39m
              [36m</fieldset>[39m
            [36m</div>[39m
          [36m</div>[39m
        [36m</div>[39m
        [36m<div[39m
          [33mclass[39m=[32m"MuiGrid-root MuiGrid-item MuiGrid-grid-xs-12 MuiGrid-grid-sm-6 MuiGrid-grid-md-3 css-10voxkt-MuiGrid-root"[39m
        [36m>[39m
          [36m<div[39m
            [33mclass[39m=[32m"MuiFormControl-root MuiFormControl-fullWidth css-q8hpuo-MuiFormControl-root"[39m
          [36m>[39m
            [36m<label[39m
              [33mclass[39m=[32m"MuiFormLabel-root MuiInputLabel-root MuiInputLabel-formControl MuiInputLabel-animated MuiInputLabel-shrink MuiInputLabel-sizeSmall MuiInputLabel-outlined MuiFormLabel-colorPrimary MuiFormLabel-filled MuiInputLabel-root MuiInputLabel-formControl MuiInputLabel-animated MuiInputLabel-shrink MuiInputLabel-sizeSmall MuiInputLabel-outlined css-fe0mau-MuiFormLabel-root-MuiInputLabel-root"[39m
              [33mdata-shrink[39m=[32m"true"[39m
            [36m>[39m
              [0mStatus[0m
            [36m</label>[39m
            [36m<div[39m
              [33mclass[39m=[32m"MuiInputBase-root MuiOutlinedInput-root MuiInputBase-colorPrimary MuiInputBase-formControl MuiInputBase-sizeSmall css-13lg1x7-MuiInputBase-root-MuiOutlinedInput-root-MuiSelect-root"[39m
            [36m>[39m
              [36m<div[39m
                [33maria-controls[39m=[32m":ru:"[39m
                [33maria-expanded[39m=[32m"false"[39m
                [33maria-haspopup[39m=[32m"listbox"[39m
                [33mclass[39m=[32m"MuiSelect-select MuiSelect-outlined MuiInputBase-input MuiOutlinedInput-input MuiInputBase-inputSizeSmall css-1fzjff4-MuiSelect-select-MuiInputBase-input-MuiOutlinedInput-input"[39m
                [33mrole[39m=[32m"combobox"[39m
                [33mtabindex[39m=[32m"0"[39m
              [36m>[39m
                [0mAll Statuses[0m
              [36m</div>[39m
              [36m<input[39m
                [33maria-hidden[39m=[32m"true"[39m
                [33maria-invalid[39m=[32m"false"[39m
                [33mclass[39m=[32m"MuiSelect-nativeInput css-yf8vq0-MuiSelect-nativeInput"[39m
                [33mtabindex[39m=[32m"-1"[39m
                [33mvalue[39m=[32m"all"[39m
              [36m/>[39m
              [36m<svg[39m
                [33maria-hidden[39m=[32m"true"[39m
                [33mclass[39m=[32m"MuiSvgIcon-root MuiSvgIcon-fontSizeMedium MuiSelect-icon MuiSelect-iconOutlined css-hfutr2-MuiSvgIcon-root-MuiSelect-icon"[39m
                [33mdata-testid[39m=[32m"ArrowDropDownIcon"[39m
                [33mfocusable[39m=[32m"false"[39m
                [33mviewBox[39m=[32m"0 0 24 24"[39m
              [36m>[39m
                [36m<path[39m
                  [33md[39m=[32m"M7 10l5 5 5-5z"[39m
                [36m/>[39m
              [36m</svg>[39m
              [36m<fieldset[39m
                [33maria-hidden[39m=[32m"true"[39m
   ...
 ❯ Object.getElementError node_modules/@testing-library/react/node_modules/@testing-library/dom/dist/config.js:37:19
 ❯ getElementError node_modules/@testing-library/react/node_modules/@testing-library/dom/dist/query-helpers.js:20:35
 ❯ getMultipleElementsFoundError node_modules/@testing-library/react/node_modules/@testing-library/dom/dist/query-helpers.js:23:10
 ❯ node_modules/@testing-library/react/node_modules/@testing-library/dom/dist/query-helpers.js:55:13
 ❯ node_modules/@testing-library/react/node_modules/@testing-library/dom/dist/query-helpers.js:95:19
 ❯ src/test/proposal.test.tsx:291:19
    289|     );
    290| 
    291|     expect(screen.getByText('2 milestones')).toBeInTheDocument();
       |                   ^
    292|     expect(screen.getByText('Initial Setup - $500')).toBeInTheDocument…
    293|     expect(screen.getByText('Feature Development - $1000')).toBeInTheD…

⎯⎯⎯⎯⎯⎯⎯⎯⎯⎯⎯⎯⎯⎯⎯⎯⎯⎯⎯⎯⎯⎯[46/66]⎯

 FAIL  src/test/proposal.test.tsx > ProposalCard > calls action handlers
TestingLibraryElementError: Found multiple elements with the text: Accept

Here are the matching elements:

Ignored nodes: comments, script, style
[36m<button[39m
  [33mclass[39m=[32m"MuiButtonBase-root MuiButton-root MuiButton-contained MuiButton-containedPrimary MuiButton-sizeSmall MuiButton-containedSizeSmall MuiButton-colorPrimary MuiButton-root MuiButton-contained MuiButton-containedPrimary MuiButton-sizeSmall MuiButton-containedSizeSmall MuiButton-colorPrimary css-1wl839p-MuiButtonBase-root-MuiButton-root"[39m
  [33mtabindex[39m=[32m"0"[39m
  [33mtype[39m=[32m"button"[39m
[36m>[39m
  [0mAccept[0m
  [36m<span[39m
    [33mclass[39m=[32m"MuiTouchRipple-root css-8je8zh-MuiTouchRipple-root"[39m
  [36m/>[39m
[36m</button>[39m

Ignored nodes: comments, script, style
[36m<button[39m
  [33mclass[39m=[32m"MuiButtonBase-root MuiButton-root MuiButton-contained MuiButton-containedPrimary MuiButton-sizeSmall MuiButton-containedSizeSmall MuiButton-colorPrimary MuiButton-root MuiButton-contained MuiButton-containedPrimary MuiButton-sizeSmall MuiButton-containedSizeSmall MuiButton-colorPrimary css-1wl839p-MuiButtonBase-root-MuiButton-root"[39m
  [33mtabindex[39m=[32m"0"[39m
  [33mtype[39m=[32m"button"[39m
[36m>[39m
  [0mAccept[0m
  [36m<span[39m
    [33mclass[39m=[32m"MuiTouchRipple-root css-8je8zh-MuiTouchRipple-root"[39m
  [36m/>[39m
[36m</button>[39m

Ignored nodes: comments, script, style
[36m<button[39m
  [33mclass[39m=[32m"MuiButtonBase-root MuiButton-root MuiButton-contained MuiButton-containedPrimary MuiButton-sizeSmall MuiButton-containedSizeSmall MuiButton-colorPrimary MuiButton-root MuiButton-contained MuiButton-containedPrimary MuiButton-sizeSmall MuiButton-containedSizeSmall MuiButton-colorPrimary css-1wl839p-MuiButtonBase-root-MuiButton-root"[39m
  [33mtabindex[39m=[32m"0"[39m
  [33mtype[39m=[32m"button"[39m
[36m>[39m
  [0mAccept[0m
  [36m<span[39m
    [33mclass[39m=[32m"MuiTouchRipple-root css-8je8zh-MuiTouchRipple-root"[39m
  [36m/>[39m
[36m</button>[39m

(If this is intentional, then use the `*AllBy*` variant of the query (like `queryAllByText`, `getAllByText`, or `findAllByText`)).

Ignored nodes: comments, script, style
[36m<body[39m
  [33mstyle[39m=[32m""[39m
[36m>[39m
  [36m<div>[39m
    [36m<div[39m
      [33mclass[39m=[32m"MuiBox-root css-0"[39m
    [36m>[39m
      [36m<div[39m
        [33mclass[39m=[32m"MuiBox-root css-i3pbo"[39m
      [36m>[39m
        [36m<h5[39m
          [33mclass[39m=[32m"MuiTypography-root MuiTypography-h5 MuiTypography-gutterBottom css-1hkf4sh-MuiTypography-root"[39m
        [36m>[39m
          [0mPayment History[0m
        [36m</h5>[39m
        [36m<p[39m
          [33mclass[39m=[32m"MuiTypography-root MuiTypography-body2 css-xtz2xu-MuiTypography-root"[39m
        [36m>[39m
          [0m1[0m
          [0m payment[0m
          [0m found[0m
        [36m</p>[39m
      [36m</div>[39m
      [36m<div[39m
        [33mclass[39m=[32m"MuiGrid-root MuiGrid-container MuiGrid-spacing-xs-2 css-12rc5ck-MuiGrid-root"[39m
      [36m>[39m
        [36m<div[39m
          [33mclass[39m=[32m"MuiGrid-root MuiGrid-item MuiGrid-grid-xs-12 MuiGrid-grid-sm-6 MuiGrid-grid-md-3 css-10voxkt-MuiGrid-root"[39m
        [36m>[39m
          [36m<div[39m
            [33mclass[39m=[32m"MuiFormControl-root MuiFormControl-fullWidth MuiTextField-root css-18hear-MuiFormControl-root-MuiTextField-root"[39m
          [36m>[39m
            [36m<div[39m
              [33mclass[39m=[32m"MuiInputBase-root MuiOutlinedInput-root MuiInputBase-colorPrimary MuiInputBase-fullWidth MuiInputBase-formControl MuiInputBase-sizeSmall MuiInputBase-adornedStart css-1cj7mpt-MuiInputBase-root-MuiOutlinedInput-root"[39m
            [36m>[39m
              [36m<div[39m
                [33mclass[39m=[32m"MuiInputAdornment-root MuiInputAdornment-positionStart MuiInputAdornment-outlined MuiInputAdornment-sizeSmall css-ittuaa-MuiInputAdornment-root"[39m
              [36m>[39m
                [36m<span[39m
                  [33mclass[39m=[32m"notranslate"[39m
                [36m>[39m
                  [0m​[0m
                [36m</span>[39m
                [36m<svg[39m
                  [33maria-hidden[39m=[32m"true"[39m
                  [33mclass[39m=[32m"MuiSvgIcon-root MuiSvgIcon-fontSizeMedium css-i4bv87-MuiSvgIcon-root"[39m
                  [33mdata-testid[39m=[32m"SearchIcon"[39m
                  [33mfocusable[39m=[32m"false"[39m
                  [33mviewBox[39m=[32m"0 0 24 24"[39m
                [36m>[39m
                  [36m<path[39m
                    [33md[39m=[32m"M15.5 14h-.79l-.28-.27C15.41 12.59 16 11.11 16 9.5 16 5.91 13.09 3 9.5 3S3 5.91 3 9.5 5.91 16 9.5 16c1.61 0 3.09-.59 4.23-1.57l.27.28v.79l5 4.99L20.49 19zm-6 0C7.01 14 5 11.99 5 9.5S7.01 5 9.5 5 14 7.01 14 9.5 11.99 14 9.5 14"[39m
                  [36m/>[39m
                [36m</svg>[39m
              [36m</div>[39m
              [36m<input[39m
                [33maria-invalid[39m=[32m"false"[39m
                [33mclass[39m=[32m"MuiInputBase-input MuiOutlinedInput-input MuiInputBase-inputSizeSmall MuiInputBase-inputAdornedStart css-1ua80n0-MuiInputBase-input-MuiOutlinedInput-input"[39m
                [33mid[39m=[32m":rt:"[39m
                [33mplaceholder[39m=[32m"Search payments..."[39m
                [33mtype[39m=[32m"text"[39m
                [33mvalue[39m=[32m""[39m
              [36m/>[39m
              [36m<fieldset[39m
                [33maria-hidden[39m=[32m"true"[39m
                [33mclass[39m=[32m"MuiOutlinedInput-notchedOutline css-r01yff-MuiNotchedOutlined-root-MuiOutlinedInput-notchedOutline"[39m
              [36m>[39m
                [36m<legend[39m
                  [33mclass[39m=[32m"css-1whs34k-MuiNotchedOutlined-root"[39m
                [36m>[39m
                  [36m<span[39m
                    [33mclass[39m=[32m"notranslate"[39m
                  [36m>[39m
                    [0m​[0m
                  [36m</span>[39m
                [36m</legend>[39m
              [36m</fieldset>[39m
            [36m</div>[39m
          [36m</div>[39m
        [36m</div>[39m
        [36m<div[39m
          [33mclass[39m=[32m"MuiGrid-root MuiGrid-item MuiGrid-grid-xs-12 MuiGrid-grid-sm-6 MuiGrid-grid-md-3 css-10voxkt-MuiGrid-root"[39m
        [36m>[39m
          [36m<div[39m
            [33mclass[39m=[32m"MuiFormControl-root MuiFormControl-fullWidth css-q8hpuo-MuiFormControl-root"[39m
          [36m>[39m
            [36m<label[39m
              [33mclass[39m=[32m"MuiFormLabel-root MuiInputLabel-root MuiInputLabel-formControl MuiInputLabel-animated MuiInputLabel-shrink MuiInputLabel-sizeSmall MuiInputLabel-outlined MuiFormLabel-colorPrimary MuiFormLabel-filled MuiInputLabel-root MuiInputLabel-formControl MuiInputLabel-animated MuiInputLabel-shrink MuiInputLabel-sizeSmall MuiInputLabel-outlined css-fe0mau-MuiFormLabel-root-MuiInputLabel-root"[39m
              [33mdata-shrink[39m=[32m"true"[39m
            [36m>[39m
              [0mStatus[0m
            [36m</label>[39m
            [36m<div[39m
              [33mclass[39m=[32m"MuiInputBase-root MuiOutlinedInput-root MuiInputBase-colorPrimary MuiInputBase-formControl MuiInputBase-sizeSmall css-13lg1x7-MuiInputBase-root-MuiOutlinedInput-root-MuiSelect-root"[39m
            [36m>[39m
              [36m<div[39m
                [33maria-controls[39m=[32m":ru:"[39m
                [33maria-expanded[39m=[32m"false"[39m
                [33maria-haspopup[39m=[32m"listbox"[39m
                [33mclass[39m=[32m"MuiSelect-select MuiSelect-outlined MuiInputBase-input MuiOutlinedInput-input MuiInputBase-inputSizeSmall css-1fzjff4-MuiSelect-select-MuiInputBase-input-MuiOutlinedInput-input"[39m
                [33mrole[39m=[32m"combobox"[39m
                [33mtabindex[39m=[32m"0"[39m
              [36m>[39m
                [0mAll Statuses[0m
              [36m</div>[39m
              [36m<input[39m
                [33maria-hidden[39m=[32m"true"[39m
                [33maria-invalid[39m=[32m"false"[39m
                [33mclass[39m=[32m"MuiSelect-nativeInput css-yf8vq0-MuiSelect-nativeInput"[39m
                [33mtabindex[39m=[32m"-1"[39m
                [33mvalue[39m=[32m"all"[39m
              [36m/>[39m
              [36m<svg[39m
                [33maria-hidden[39m=[32m"true"[39m
                [33mclass[39m=[32m"MuiSvgIcon-root MuiSvgIcon-fontSizeMedium MuiSelect-icon MuiSelect-iconOutlined css-hfutr2-MuiSvgIcon-root-MuiSelect-icon"[39m
                [33mdata-testid[39m=[32m"ArrowDropDownIcon"[39m
                [33mfocusable[39m=[32m"false"[39m
                [33mviewBox[39m=[32m"0 0 24 24"[39m
              [36m>[39m
                [36m<path[39m
                  [33md[39m=[32m"M7 10l5 5 5-5z"[39m
                [36m/>[39m
              [36m</svg>[39m
              [36m<fieldset[39m
                [33maria-hidden[39m=[32m"true"[39m
   ...
 ❯ Object.getElementError node_modules/@testing-library/react/node_modules/@testing-library/dom/dist/config.js:37:19
 ❯ getElementError node_modules/@testing-library/react/node_modules/@testing-library/dom/dist/query-helpers.js:20:35
 ❯ getMultipleElementsFoundError node_modules/@testing-library/react/node_modules/@testing-library/dom/dist/query-helpers.js:23:10
 ❯ node_modules/@testing-library/react/node_modules/@testing-library/dom/dist/query-helpers.js:55:13
 ❯ node_modules/@testing-library/react/node_modules/@testing-library/dom/dist/query-helpers.js:95:19
 ❯ src/test/proposal.test.tsx:311:28
    309|     );
    310| 
    311|     fireEvent.click(screen.getByText('Accept'));
       |                            ^
    312|     expect(onAccept).toHaveBeenCalledWith('proposal-1');
    313| 

⎯⎯⎯⎯⎯⎯⎯⎯⎯⎯⎯⎯⎯⎯⎯⎯⎯⎯⎯⎯⎯⎯[47/66]⎯

 FAIL  src/test/proposal.test.tsx > ProposalList > renders proposal list for client
TestingLibraryElementError: Unable to find an element with the text: Project Proposals. This could be because the text is broken up by multiple elements. In this case, you can provide a function for your text matcher to make your matcher more flexible.

Ignored nodes: comments, script, style
[36m<body[39m
  [33mstyle[39m=[32m""[39m
[36m>[39m
  [36m<div>[39m
    [36m<div[39m
      [33mclass[39m=[32m"MuiBox-root css-0"[39m
    [36m>[39m
      [36m<div[39m
        [33mclass[39m=[32m"MuiBox-root css-i3pbo"[39m
      [36m>[39m
        [36m<h5[39m
          [33mclass[39m=[32m"MuiTypography-root MuiTypography-h5 MuiTypography-gutterBottom css-1hkf4sh-MuiTypography-root"[39m
        [36m>[39m
          [0mPayment History[0m
        [36m</h5>[39m
        [36m<p[39m
          [33mclass[39m=[32m"MuiTypography-root MuiTypography-body2 css-xtz2xu-MuiTypography-root"[39m
        [36m>[39m
          [0m1[0m
          [0m payment[0m
          [0m found[0m
        [36m</p>[39m
      [36m</div>[39m
      [36m<div[39m
        [33mclass[39m=[32m"MuiGrid-root MuiGrid-container MuiGrid-spacing-xs-2 css-12rc5ck-MuiGrid-root"[39m
      [36m>[39m
        [36m<div[39m
          [33mclass[39m=[32m"MuiGrid-root MuiGrid-item MuiGrid-grid-xs-12 MuiGrid-grid-sm-6 MuiGrid-grid-md-3 css-10voxkt-MuiGrid-root"[39m
        [36m>[39m
          [36m<div[39m
            [33mclass[39m=[32m"MuiFormControl-root MuiFormControl-fullWidth MuiTextField-root css-18hear-MuiFormControl-root-MuiTextField-root"[39m
          [36m>[39m
            [36m<div[39m
              [33mclass[39m=[32m"MuiInputBase-root MuiOutlinedInput-root MuiInputBase-colorPrimary MuiInputBase-fullWidth MuiInputBase-formControl MuiInputBase-sizeSmall MuiInputBase-adornedStart css-1cj7mpt-MuiInputBase-root-MuiOutlinedInput-root"[39m
            [36m>[39m
              [36m<div[39m
                [33mclass[39m=[32m"MuiInputAdornment-root MuiInputAdornment-positionStart MuiInputAdornment-outlined MuiInputAdornment-sizeSmall css-ittuaa-MuiInputAdornment-root"[39m
              [36m>[39m
                [36m<span[39m
                  [33mclass[39m=[32m"notranslate"[39m
                [36m>[39m
                  [0m​[0m
                [36m</span>[39m
                [36m<svg[39m
                  [33maria-hidden[39m=[32m"true"[39m
                  [33mclass[39m=[32m"MuiSvgIcon-root MuiSvgIcon-fontSizeMedium css-i4bv87-MuiSvgIcon-root"[39m
                  [33mdata-testid[39m=[32m"SearchIcon"[39m
                  [33mfocusable[39m=[32m"false"[39m
                  [33mviewBox[39m=[32m"0 0 24 24"[39m
                [36m>[39m
                  [36m<path[39m
                    [33md[39m=[32m"M15.5 14h-.79l-.28-.27C15.41 12.59 16 11.11 16 9.5 16 5.91 13.09 3 9.5 3S3 5.91 3 9.5 5.91 16 9.5 16c1.61 0 3.09-.59 4.23-1.57l.27.28v.79l5 4.99L20.49 19zm-6 0C7.01 14 5 11.99 5 9.5S7.01 5 9.5 5 14 7.01 14 9.5 11.99 14 9.5 14"[39m
                  [36m/>[39m
                [36m</svg>[39m
              [36m</div>[39m
              [36m<input[39m
                [33maria-invalid[39m=[32m"false"[39m
                [33mclass[39m=[32m"MuiInputBase-input MuiOutlinedInput-input MuiInputBase-inputSizeSmall MuiInputBase-inputAdornedStart css-1ua80n0-MuiInputBase-input-MuiOutlinedInput-input"[39m
                [33mid[39m=[32m":rt:"[39m
                [33mplaceholder[39m=[32m"Search payments..."[39m
                [33mtype[39m=[32m"text"[39m
                [33mvalue[39m=[32m""[39m
              [36m/>[39m
              [36m<fieldset[39m
                [33maria-hidden[39m=[32m"true"[39m
                [33mclass[39m=[32m"MuiOutlinedInput-notchedOutline css-r01yff-MuiNotchedOutlined-root-MuiOutlinedInput-notchedOutline"[39m
              [36m>[39m
                [36m<legend[39m
                  [33mclass[39m=[32m"css-1whs34k-MuiNotchedOutlined-root"[39m
                [36m>[39m
                  [36m<span[39m
                    [33mclass[39m=[32m"notranslate"[39m
                  [36m>[39m
                    [0m​[0m
                  [36m</span>[39m
                [36m</legend>[39m
              [36m</fieldset>[39m
            [36m</div>[39m
          [36m</div>[39m
        [36m</div>[39m
        [36m<div[39m
          [33mclass[39m=[32m"MuiGrid-root MuiGrid-item MuiGrid-grid-xs-12 MuiGrid-grid-sm-6 MuiGrid-grid-md-3 css-10voxkt-MuiGrid-root"[39m
        [36m>[39m
          [36m<div[39m
            [33mclass[39m=[32m"MuiFormControl-root MuiFormControl-fullWidth css-q8hpuo-MuiFormControl-root"[39m
          [36m>[39m
            [36m<label[39m
              [33mclass[39m=[32m"MuiFormLabel-root MuiInputLabel-root MuiInputLabel-formControl MuiInputLabel-animated MuiInputLabel-shrink MuiInputLabel-sizeSmall MuiInputLabel-outlined MuiFormLabel-colorPrimary MuiFormLabel-filled MuiInputLabel-root MuiInputLabel-formControl MuiInputLabel-animated MuiInputLabel-shrink MuiInputLabel-sizeSmall MuiInputLabel-outlined css-fe0mau-MuiFormLabel-root-MuiInputLabel-root"[39m
              [33mdata-shrink[39m=[32m"true"[39m
            [36m>[39m
              [0mStatus[0m
            [36m</label>[39m
            [36m<div[39m
              [33mclass[39m=[32m"MuiInputBase-root MuiOutlinedInput-root MuiInputBase-colorPrimary MuiInputBase-formControl MuiInputBase-sizeSmall css-13lg1x7-MuiInputBase-root-MuiOutlinedInput-root-MuiSelect-root"[39m
            [36m>[39m
              [36m<div[39m
                [33maria-controls[39m=[32m":ru:"[39m
                [33maria-expanded[39m=[32m"false"[39m
                [33maria-haspopup[39m=[32m"listbox"[39m
                [33mclass[39m=[32m"MuiSelect-select MuiSelect-outlined MuiInputBase-input MuiOutlinedInput-input MuiInputBase-inputSizeSmall css-1fzjff4-MuiSelect-select-MuiInputBase-input-MuiOutlinedInput-input"[39m
                [33mrole[39m=[32m"combobox"[39m
                [33mtabindex[39m=[32m"0"[39m
              [36m>[39m
                [0mAll Statuses[0m
              [36m</div>[39m
              [36m<input[39m
                [33maria-hidden[39m=[32m"true"[39m
                [33maria-invalid[39m=[32m"false"[39m
                [33mclass[39m=[32m"MuiSelect-nativeInput css-yf8vq0-MuiSelect-nativeInput"[39m
                [33mtabindex[39m=[32m"-1"[39m
                [33mvalue[39m=[32m"all"[39m
              [36m/>[39m
              [36m<svg[39m
                [33maria-hidden[39m=[32m"true"[39m
                [33mclass[39m=[32m"MuiSvgIcon-root MuiSvgIcon-fontSizeMedium MuiSelect-icon MuiSelect-iconOutlined css-hfutr2-MuiSvgIcon-root-MuiSelect-icon"[39m
                [33mdata-testid[39m=[32m"ArrowDropDownIcon"[39m
                [33mfocusable[39m=[32m"false"[39m
                [33mviewBox[39m=[32m"0 0 24 24"[39m
              [36m>[39m
                [36m<path[39m
                  [33md[39m=[32m"M7 10l5 5 5-5z"[39m
                [36m/>[39m
              [36m</svg>[39m
              [36m<fieldset[39m
                [33maria-hidden[39m=[32m"true"[39m
   ...

Ignored nodes: comments, script, style
[36m<html>[39m
  [36m<head />[39m
  [36m<body[39m
    [33mstyle[39m=[32m""[39m
  [36m>[39m
    [36m<div>[39m
      [36m<div[39m
        [33mclass[39m=[32m"MuiBox-root css-0"[39m
      [36m>[39m
        [36m<div[39m
          [33mclass[39m=[32m"MuiBox-root css-i3pbo"[39m
        [36m>[39m
          [36m<h5[39m
            [33mclass[39m=[32m"MuiTypography-root MuiTypography-h5 MuiTypography-gutterBottom css-1hkf4sh-MuiTypography-root"[39m
          [36m>[39m
            [0mPayment History[0m
          [36m</h5>[39m
          [36m<p[39m
            [33mclass[39m=[32m"MuiTypography-root MuiTypography-body2 css-xtz2xu-MuiTypography-root"[39m
          [36m>[39m
            [0m1[0m
            [0m payment[0m
            [0m found[0m
          [36m</p>[39m
        [36m</div>[39m
        [36m<div[39m
          [33mclass[39m=[32m"MuiGrid-root MuiGrid-container MuiGrid-spacing-xs-2 css-12rc5ck-MuiGrid-root"[39m
        [36m>[39m
          [36m<div[39m
            [33mclass[39m=[32m"MuiGrid-root MuiGrid-item MuiGrid-grid-xs-12 MuiGrid-grid-sm-6 MuiGrid-grid-md-3 css-10voxkt-MuiGrid-root"[39m
          [36m>[39m
            [36m<div[39m
              [33mclass[39m=[32m"MuiFormControl-root MuiFormControl-fullWidth MuiTextField-root css-18hear-MuiFormControl-root-MuiTextField-root"[39m
            [36m>[39m
              [36m<div[39m
                [33mclass[39m=[32m"MuiInputBase-root MuiOutlinedInput-root MuiInputBase-colorPrimary MuiInputBase-fullWidth MuiInputBase-formControl MuiInputBase-sizeSmall MuiInputBase-adornedStart css-1cj7mpt-MuiInputBase-root-MuiOutlinedInput-root"[39m
              [36m>[39m
                [36m<div[39m
                  [33mclass[39m=[32m"MuiInputAdornment-root MuiInputAdornment-positionStart MuiInputAdornment-outlined MuiInputAdornment-sizeSmall css-ittuaa-MuiInputAdornment-root"[39m
                [36m>[39m
                  [36m<span[39m
                    [33mclass[39m=[32m"notranslate"[39m
                  [36m>[39m
                    [0m​[0m
                  [36m</span>[39m
                  [36m<svg[39m
                    [33maria-hidden[39m=[32m"true"[39m
                    [33mclass[39m=[32m"MuiSvgIcon-root MuiSvgIcon-fontSizeMedium css-i4bv87-MuiSvgIcon-root"[39m
                    [33mdata-testid[39m=[32m"SearchIcon"[39m
                    [33mfocusable[39m=[32m"false"[39m
                    [33mviewBox[39m=[32m"0 0 24 24"[39m
                  [36m>[39m
                    [36m<path[39m
                      [33md[39m=[32m"M15.5 14h-.79l-.28-.27C15.41 12.59 16 11.11 16 9.5 16 5.91 13.09 3 9.5 3S3 5.91 3 9.5 5.91 16 9.5 16c1.61 0 3.09-.59 4.23-1.57l.27.28v.79l5 4.99L20.49 19zm-6 0C7.01 14 5 11.99 5 9.5S7.01 5 9.5 5 14 7.01 14 9.5 11.99 14 9.5 14"[39m
                    [36m/>[39m
                  [36m</svg>[39m
                [36m</div>[39m
                [36m<input[39m
                  [33maria-invalid[39m=[32m"false"[39m
                  [33mclass[39m=[32m"MuiInputBase-input MuiOutlinedInput-input MuiInputBase-inputSizeSmall MuiInputBase-inputAdornedStart css-1ua80n0-MuiInputBase-input-MuiOutlinedInput-input"[39m
                  [33mid[39m=[32m":rt:"[39m
                  [33mplaceholder[39m=[32m"Search payments..."[39m
                  [33mtype[39m=[32m"text"[39m
                  [33mvalue[39m=[32m""[39m
                [36m/>[39m
                [36m<fieldset[39m
                  [33maria-hidden[39m=[32m"true"[39m
                  [33mclass[39m=[32m"MuiOutlinedInput-notchedOutline css-r01yff-MuiNotchedOutlined-root-MuiOutlinedInput-notchedOutline"[39m
                [36m>[39m
                  [36m<legend[39m
                    [33mclass[39m=[32m"css-1whs34k-MuiNotchedOutlined-root"[39m
                  [36m>[39m
                    [36m<span[39m
                      [33mclass[39m=[32m"notranslate"[39m
                    [36m>[39m
                      [0m​[0m
                    [36m</span>[39m
                  [36m</legend>[39m
                [36m</fieldset>[39m
              [36m</div>[39m
            [36m</div>[39m
          [36m</div>[39m
          [36m<div[39m
            [33mclass[39m=[32m"MuiGrid-root MuiGrid-item MuiGrid-grid-xs-12 MuiGrid-grid-sm-6 MuiGrid-grid-md-3 css-10voxkt-MuiGrid-root"[39m
          [36m>[39m
            [36m<div[39m
              [33mclass[39m=[32m"MuiFormControl-root MuiFormControl-fullWidth css-q8hpuo-MuiFormControl-root"[39m
            [36m>[39m
              [36m<label[39m
                [33mclass[39m=[32m"MuiFormLabel-root MuiInputLabel-root MuiInputLabel-formControl MuiInputLabel-animated MuiInputLabel-shrink MuiInputLabel-sizeSmall MuiInputLabel-outlined MuiFormLabel-colorPrimary MuiFormLabel-filled MuiInputLabel-root MuiInputLabel-formControl MuiInputLabel-animated MuiInputLabel-shrink MuiInputLabel-sizeSmall MuiInputLabel-outlined css-fe0mau-MuiFormLabel-root-MuiInputLabel-root"[39m
                [33mdata-shrink[39m=[32m"true"[39m
              [36m>[39m
                [0mStatus[0m
              [36m</label>[39m
              [36m<div[39m
                [33mclass[39m=[32m"MuiInputBase-root MuiOutlinedInput-root MuiInputBase-colorPrimary MuiInputBase-formControl MuiInputBase-sizeSmall css-13lg1x7-MuiInputBase-root-MuiOutlinedInput-root-MuiSelect-root"[39m
              [36m>[39m
                [36m<div[39m
                  [33maria-controls[39m=[32m":ru:"[39m
                  [33maria-expanded[39m=[32m"false"[39m
                  [33maria-haspopup[39m=[32m"listbox"[39m
                  [33mclass[39m=[32m"MuiSelect-select MuiSelect-outlined MuiInputBase-input MuiOutlinedInput-input MuiInputBase-inputSizeSmall css-1fzjff4-MuiSelect-select-MuiInputBase-input-MuiOutlinedInput-input"[39m
                  [33mrole[39m=[32m"combobox"[39m
                  [33mtabindex[39m=[32m"0"[39m
                [36m>[39m
                  [0mAll Statuses[0m
                [36m</div>[39m
                [36m<input[39m
                  [33maria-hidden[39m=[32m"true"[39m
                  [33maria-invalid[39m=[32m"false"[39m
                  [33mclass[39m=[32m"MuiSelect-nativeInput css-yf8vq0-MuiSelect-nativeInput"[39m
                  [33mtabindex[39m=[32m"-1"[39m
                  [33mvalue[39m=[32m"all"[39m
                [36m/>[39m
                [36m<svg[39m
                  [33maria-hidden[39m=[32m"true"[39m
                  [33mclass[39m=[32m"MuiSvgIcon-root MuiSvgIcon-fontSizeMedium MuiSelect-icon MuiSelect-iconOutlined css-hfutr2-MuiSvgIcon-root-MuiSelect-icon"[39m
                  [33mdata-testid[39m=[32m"ArrowDropDownIcon"[39m
                  [33mfocusable[39m=[32m"false"[39m
                  [33mviewBox[39m=[32m"0 0 24 24...
 ❯ Proxy.waitForWrapper node_modules/@testing-library/react/node_modules/@testing-library/dom/dist/wait-for.js:163:27
 ❯ src/test/proposal.test.tsx:344:11
    342|     );
    343| 
    344|     await waitFor(() => {
       |           ^
    345|       expect(screen.getByText('Project Proposals')).toBeInTheDocument(…
    346|       expect(screen.getByText('1 proposal found')).toBeInTheDocument();

⎯⎯⎯⎯⎯⎯⎯⎯⎯⎯⎯⎯⎯⎯⎯⎯⎯⎯⎯⎯⎯⎯[48/66]⎯

 FAIL  src/test/proposal.test.tsx > ProposalList > renders proposal list for freelancer
TestingLibraryElementError: Unable to find an element with the text: My Proposals. This could be because the text is broken up by multiple elements. In this case, you can provide a function for your text matcher to make your matcher more flexible.

Ignored nodes: comments, script, style
[36m<body[39m
  [33mstyle[39m=[32m""[39m
[36m>[39m
  [36m<div>[39m
    [36m<div[39m
      [33mclass[39m=[32m"MuiBox-root css-0"[39m
    [36m>[39m
      [36m<div[39m
        [33mclass[39m=[32m"MuiBox-root css-i3pbo"[39m
      [36m>[39m
        [36m<h5[39m
          [33mclass[39m=[32m"MuiTypography-root MuiTypography-h5 MuiTypography-gutterBottom css-1hkf4sh-MuiTypography-root"[39m
        [36m>[39m
          [0mPayment History[0m
        [36m</h5>[39m
        [36m<p[39m
          [33mclass[39m=[32m"MuiTypography-root MuiTypography-body2 css-xtz2xu-MuiTypography-root"[39m
        [36m>[39m
          [0m1[0m
          [0m payment[0m
          [0m found[0m
        [36m</p>[39m
      [36m</div>[39m
      [36m<div[39m
        [33mclass[39m=[32m"MuiGrid-root MuiGrid-container MuiGrid-spacing-xs-2 css-12rc5ck-MuiGrid-root"[39m
      [36m>[39m
        [36m<div[39m
          [33mclass[39m=[32m"MuiGrid-root MuiGrid-item MuiGrid-grid-xs-12 MuiGrid-grid-sm-6 MuiGrid-grid-md-3 css-10voxkt-MuiGrid-root"[39m
        [36m>[39m
          [36m<div[39m
            [33mclass[39m=[32m"MuiFormControl-root MuiFormControl-fullWidth MuiTextField-root css-18hear-MuiFormControl-root-MuiTextField-root"[39m
          [36m>[39m
            [36m<div[39m
              [33mclass[39m=[32m"MuiInputBase-root MuiOutlinedInput-root MuiInputBase-colorPrimary MuiInputBase-fullWidth MuiInputBase-formControl MuiInputBase-sizeSmall MuiInputBase-adornedStart css-1cj7mpt-MuiInputBase-root-MuiOutlinedInput-root"[39m
            [36m>[39m
              [36m<div[39m
                [33mclass[39m=[32m"MuiInputAdornment-root MuiInputAdornment-positionStart MuiInputAdornment-outlined MuiInputAdornment-sizeSmall css-ittuaa-MuiInputAdornment-root"[39m
              [36m>[39m
                [36m<span[39m
                  [33mclass[39m=[32m"notranslate"[39m
                [36m>[39m
                  [0m​[0m
                [36m</span>[39m
                [36m<svg[39m
                  [33maria-hidden[39m=[32m"true"[39m
                  [33mclass[39m=[32m"MuiSvgIcon-root MuiSvgIcon-fontSizeMedium css-i4bv87-MuiSvgIcon-root"[39m
                  [33mdata-testid[39m=[32m"SearchIcon"[39m
                  [33mfocusable[39m=[32m"false"[39m
                  [33mviewBox[39m=[32m"0 0 24 24"[39m
                [36m>[39m
                  [36m<path[39m
                    [33md[39m=[32m"M15.5 14h-.79l-.28-.27C15.41 12.59 16 11.11 16 9.5 16 5.91 13.09 3 9.5 3S3 5.91 3 9.5 5.91 16 9.5 16c1.61 0 3.09-.59 4.23-1.57l.27.28v.79l5 4.99L20.49 19zm-6 0C7.01 14 5 11.99 5 9.5S7.01 5 9.5 5 14 7.01 14 9.5 11.99 14 9.5 14"[39m
                  [36m/>[39m
                [36m</svg>[39m
              [36m</div>[39m
              [36m<input[39m
                [33maria-invalid[39m=[32m"false"[39m
                [33mclass[39m=[32m"MuiInputBase-input MuiOutlinedInput-input MuiInputBase-inputSizeSmall MuiInputBase-inputAdornedStart css-1ua80n0-MuiInputBase-input-MuiOutlinedInput-input"[39m
                [33mid[39m=[32m":rt:"[39m
                [33mplaceholder[39m=[32m"Search payments..."[39m
                [33mtype[39m=[32m"text"[39m
                [33mvalue[39m=[32m""[39m
              [36m/>[39m
              [36m<fieldset[39m
                [33maria-hidden[39m=[32m"true"[39m
                [33mclass[39m=[32m"MuiOutlinedInput-notchedOutline css-r01yff-MuiNotchedOutlined-root-MuiOutlinedInput-notchedOutline"[39m
              [36m>[39m
                [36m<legend[39m
                  [33mclass[39m=[32m"css-1whs34k-MuiNotchedOutlined-root"[39m
                [36m>[39m
                  [36m<span[39m
                    [33mclass[39m=[32m"notranslate"[39m
                  [36m>[39m
                    [0m​[0m
                  [36m</span>[39m
                [36m</legend>[39m
              [36m</fieldset>[39m
            [36m</div>[39m
          [36m</div>[39m
        [36m</div>[39m
        [36m<div[39m
          [33mclass[39m=[32m"MuiGrid-root MuiGrid-item MuiGrid-grid-xs-12 MuiGrid-grid-sm-6 MuiGrid-grid-md-3 css-10voxkt-MuiGrid-root"[39m
        [36m>[39m
          [36m<div[39m
            [33mclass[39m=[32m"MuiFormControl-root MuiFormControl-fullWidth css-q8hpuo-MuiFormControl-root"[39m
          [36m>[39m
            [36m<label[39m
              [33mclass[39m=[32m"MuiFormLabel-root MuiInputLabel-root MuiInputLabel-formControl MuiInputLabel-animated MuiInputLabel-shrink MuiInputLabel-sizeSmall MuiInputLabel-outlined MuiFormLabel-colorPrimary MuiFormLabel-filled MuiInputLabel-root MuiInputLabel-formControl MuiInputLabel-animated MuiInputLabel-shrink MuiInputLabel-sizeSmall MuiInputLabel-outlined css-fe0mau-MuiFormLabel-root-MuiInputLabel-root"[39m
              [33mdata-shrink[39m=[32m"true"[39m
            [36m>[39m
              [0mStatus[0m
            [36m</label>[39m
            [36m<div[39m
              [33mclass[39m=[32m"MuiInputBase-root MuiOutlinedInput-root MuiInputBase-colorPrimary MuiInputBase-formControl MuiInputBase-sizeSmall css-13lg1x7-MuiInputBase-root-MuiOutlinedInput-root-MuiSelect-root"[39m
            [36m>[39m
              [36m<div[39m
                [33maria-controls[39m=[32m":ru:"[39m
                [33maria-expanded[39m=[32m"false"[39m
                [33maria-haspopup[39m=[32m"listbox"[39m
                [33mclass[39m=[32m"MuiSelect-select MuiSelect-outlined MuiInputBase-input MuiOutlinedInput-input MuiInputBase-inputSizeSmall css-1fzjff4-MuiSelect-select-MuiInputBase-input-MuiOutlinedInput-input"[39m
                [33mrole[39m=[32m"combobox"[39m
                [33mtabindex[39m=[32m"0"[39m
              [36m>[39m
                [0mAll Statuses[0m
              [36m</div>[39m
              [36m<input[39m
                [33maria-hidden[39m=[32m"true"[39m
                [33maria-invalid[39m=[32m"false"[39m
                [33mclass[39m=[32m"MuiSelect-nativeInput css-yf8vq0-MuiSelect-nativeInput"[39m
                [33mtabindex[39m=[32m"-1"[39m
                [33mvalue[39m=[32m"all"[39m
              [36m/>[39m
              [36m<svg[39m
                [33maria-hidden[39m=[32m"true"[39m
                [33mclass[39m=[32m"MuiSvgIcon-root MuiSvgIcon-fontSizeMedium MuiSelect-icon MuiSelect-iconOutlined css-hfutr2-MuiSvgIcon-root-MuiSelect-icon"[39m
                [33mdata-testid[39m=[32m"ArrowDropDownIcon"[39m
                [33mfocusable[39m=[32m"false"[39m
                [33mviewBox[39m=[32m"0 0 24 24"[39m
              [36m>[39m
                [36m<path[39m
                  [33md[39m=[32m"M7 10l5 5 5-5z"[39m
                [36m/>[39m
              [36m</svg>[39m
              [36m<fieldset[39m
                [33maria-hidden[39m=[32m"true"[39m
   ...

Ignored nodes: comments, script, style
[36m<html>[39m
  [36m<head />[39m
  [36m<body[39m
    [33mstyle[39m=[32m""[39m
  [36m>[39m
    [36m<div>[39m
      [36m<div[39m
        [33mclass[39m=[32m"MuiBox-root css-0"[39m
      [36m>[39m
        [36m<div[39m
          [33mclass[39m=[32m"MuiBox-root css-i3pbo"[39m
        [36m>[39m
          [36m<h5[39m
            [33mclass[39m=[32m"MuiTypography-root MuiTypography-h5 MuiTypography-gutterBottom css-1hkf4sh-MuiTypography-root"[39m
          [36m>[39m
            [0mPayment History[0m
          [36m</h5>[39m
          [36m<p[39m
            [33mclass[39m=[32m"MuiTypography-root MuiTypography-body2 css-xtz2xu-MuiTypography-root"[39m
          [36m>[39m
            [0m1[0m
            [0m payment[0m
            [0m found[0m
          [36m</p>[39m
        [36m</div>[39m
        [36m<div[39m
          [33mclass[39m=[32m"MuiGrid-root MuiGrid-container MuiGrid-spacing-xs-2 css-12rc5ck-MuiGrid-root"[39m
        [36m>[39m
          [36m<div[39m
            [33mclass[39m=[32m"MuiGrid-root MuiGrid-item MuiGrid-grid-xs-12 MuiGrid-grid-sm-6 MuiGrid-grid-md-3 css-10voxkt-MuiGrid-root"[39m
          [36m>[39m
            [36m<div[39m
              [33mclass[39m=[32m"MuiFormControl-root MuiFormControl-fullWidth MuiTextField-root css-18hear-MuiFormControl-root-MuiTextField-root"[39m
            [36m>[39m
              [36m<div[39m
                [33mclass[39m=[32m"MuiInputBase-root MuiOutlinedInput-root MuiInputBase-colorPrimary MuiInputBase-fullWidth MuiInputBase-formControl MuiInputBase-sizeSmall MuiInputBase-adornedStart css-1cj7mpt-MuiInputBase-root-MuiOutlinedInput-root"[39m
              [36m>[39m
                [36m<div[39m
                  [33mclass[39m=[32m"MuiInputAdornment-root MuiInputAdornment-positionStart MuiInputAdornment-outlined MuiInputAdornment-sizeSmall css-ittuaa-MuiInputAdornment-root"[39m
                [36m>[39m
                  [36m<span[39m
                    [33mclass[39m=[32m"notranslate"[39m
                  [36m>[39m
                    [0m​[0m
                  [36m</span>[39m
                  [36m<svg[39m
                    [33maria-hidden[39m=[32m"true"[39m
                    [33mclass[39m=[32m"MuiSvgIcon-root MuiSvgIcon-fontSizeMedium css-i4bv87-MuiSvgIcon-root"[39m
                    [33mdata-testid[39m=[32m"SearchIcon"[39m
                    [33mfocusable[39m=[32m"false"[39m
                    [33mviewBox[39m=[32m"0 0 24 24"[39m
                  [36m>[39m
                    [36m<path[39m
                      [33md[39m=[32m"M15.5 14h-.79l-.28-.27C15.41 12.59 16 11.11 16 9.5 16 5.91 13.09 3 9.5 3S3 5.91 3 9.5 5.91 16 9.5 16c1.61 0 3.09-.59 4.23-1.57l.27.28v.79l5 4.99L20.49 19zm-6 0C7.01 14 5 11.99 5 9.5S7.01 5 9.5 5 14 7.01 14 9.5 11.99 14 9.5 14"[39m
                    [36m/>[39m
                  [36m</svg>[39m
                [36m</div>[39m
                [36m<input[39m
                  [33maria-invalid[39m=[32m"false"[39m
                  [33mclass[39m=[32m"MuiInputBase-input MuiOutlinedInput-input MuiInputBase-inputSizeSmall MuiInputBase-inputAdornedStart css-1ua80n0-MuiInputBase-input-MuiOutlinedInput-input"[39m
                  [33mid[39m=[32m":rt:"[39m
                  [33mplaceholder[39m=[32m"Search payments..."[39m
                  [33mtype[39m=[32m"text"[39m
                  [33mvalue[39m=[32m""[39m
                [36m/>[39m
                [36m<fieldset[39m
                  [33maria-hidden[39m=[32m"true"[39m
                  [33mclass[39m=[32m"MuiOutlinedInput-notchedOutline css-r01yff-MuiNotchedOutlined-root-MuiOutlinedInput-notchedOutline"[39m
                [36m>[39m
                  [36m<legend[39m
                    [33mclass[39m=[32m"css-1whs34k-MuiNotchedOutlined-root"[39m
                  [36m>[39m
                    [36m<span[39m
                      [33mclass[39m=[32m"notranslate"[39m
                    [36m>[39m
                      [0m​[0m
                    [36m</span>[39m
                  [36m</legend>[39m
                [36m</fieldset>[39m
              [36m</div>[39m
            [36m</div>[39m
          [36m</div>[39m
          [36m<div[39m
            [33mclass[39m=[32m"MuiGrid-root MuiGrid-item MuiGrid-grid-xs-12 MuiGrid-grid-sm-6 MuiGrid-grid-md-3 css-10voxkt-MuiGrid-root"[39m
          [36m>[39m
            [36m<div[39m
              [33mclass[39m=[32m"MuiFormControl-root MuiFormControl-fullWidth css-q8hpuo-MuiFormControl-root"[39m
            [36m>[39m
              [36m<label[39m
                [33mclass[39m=[32m"MuiFormLabel-root MuiInputLabel-root MuiInputLabel-formControl MuiInputLabel-animated MuiInputLabel-shrink MuiInputLabel-sizeSmall MuiInputLabel-outlined MuiFormLabel-colorPrimary MuiFormLabel-filled MuiInputLabel-root MuiInputLabel-formControl MuiInputLabel-animated MuiInputLabel-shrink MuiInputLabel-sizeSmall MuiInputLabel-outlined css-fe0mau-MuiFormLabel-root-MuiInputLabel-root"[39m
                [33mdata-shrink[39m=[32m"true"[39m
              [36m>[39m
                [0mStatus[0m
              [36m</label>[39m
              [36m<div[39m
                [33mclass[39m=[32m"MuiInputBase-root MuiOutlinedInput-root MuiInputBase-colorPrimary MuiInputBase-formControl MuiInputBase-sizeSmall css-13lg1x7-MuiInputBase-root-MuiOutlinedInput-root-MuiSelect-root"[39m
              [36m>[39m
                [36m<div[39m
                  [33maria-controls[39m=[32m":ru:"[39m
                  [33maria-expanded[39m=[32m"false"[39m
                  [33maria-haspopup[39m=[32m"listbox"[39m
                  [33mclass[39m=[32m"MuiSelect-select MuiSelect-outlined MuiInputBase-input MuiOutlinedInput-input MuiInputBase-inputSizeSmall css-1fzjff4-MuiSelect-select-MuiInputBase-input-MuiOutlinedInput-input"[39m
                  [33mrole[39m=[32m"combobox"[39m
                  [33mtabindex[39m=[32m"0"[39m
                [36m>[39m
                  [0mAll Statuses[0m
                [36m</div>[39m
                [36m<input[39m
                  [33maria-hidden[39m=[32m"true"[39m
                  [33maria-invalid[39m=[32m"false"[39m
                  [33mclass[39m=[32m"MuiSelect-nativeInput css-yf8vq0-MuiSelect-nativeInput"[39m
                  [33mtabindex[39m=[32m"-1"[39m
                  [33mvalue[39m=[32m"all"[39m
                [36m/>[39m
                [36m<svg[39m
                  [33maria-hidden[39m=[32m"true"[39m
                  [33mclass[39m=[32m"MuiSvgIcon-root MuiSvgIcon-fontSizeMedium MuiSelect-icon MuiSelect-iconOutlined css-hfutr2-MuiSvgIcon-root-MuiSelect-icon"[39m
                  [33mdata-testid[39m=[32m"ArrowDropDownIcon"[39m
                  [33mfocusable[39m=[32m"false"[39m
                  [33mviewBox[39m=[32m"0 0 24 24...
 ❯ Proxy.waitForWrapper node_modules/@testing-library/react/node_modules/@testing-library/dom/dist/wait-for.js:163:27
 ❯ src/test/proposal.test.tsx:357:11
    355|     );
    356| 
    357|     await waitFor(() => {
       |           ^
    358|       expect(screen.getByText('My Proposals')).toBeInTheDocument();
    359|     });

⎯⎯⎯⎯⎯⎯⎯⎯⎯⎯⎯⎯⎯⎯⎯⎯⎯⎯⎯⎯⎯⎯[49/66]⎯

 FAIL  src/test/proposal.test.tsx > ProposalList > filters proposals by status
TestingLibraryElementError: Found a label with the text of: Status, however no form control was found associated to that label. Make sure you're using the "for" attribute or "aria-labelledby" attribute correctly.

Ignored nodes: comments, script, style
[36m<body[39m
  [33mstyle[39m=[32m""[39m
[36m>[39m
  [36m<div>[39m
    [36m<div[39m
      [33mclass[39m=[32m"MuiBox-root css-0"[39m
    [36m>[39m
      [36m<div[39m
        [33mclass[39m=[32m"MuiBox-root css-i3pbo"[39m
      [36m>[39m
        [36m<h5[39m
          [33mclass[39m=[32m"MuiTypography-root MuiTypography-h5 MuiTypography-gutterBottom css-1hkf4sh-MuiTypography-root"[39m
        [36m>[39m
          [0mPayment History[0m
        [36m</h5>[39m
        [36m<p[39m
          [33mclass[39m=[32m"MuiTypography-root MuiTypography-body2 css-xtz2xu-MuiTypography-root"[39m
        [36m>[39m
          [0m1[0m
          [0m payment[0m
          [0m found[0m
        [36m</p>[39m
      [36m</div>[39m
      [36m<div[39m
        [33mclass[39m=[32m"MuiGrid-root MuiGrid-container MuiGrid-spacing-xs-2 css-12rc5ck-MuiGrid-root"[39m
      [36m>[39m
        [36m<div[39m
          [33mclass[39m=[32m"MuiGrid-root MuiGrid-item MuiGrid-grid-xs-12 MuiGrid-grid-sm-6 MuiGrid-grid-md-3 css-10voxkt-MuiGrid-root"[39m
        [36m>[39m
          [36m<div[39m
            [33mclass[39m=[32m"MuiFormControl-root MuiFormControl-fullWidth MuiTextField-root css-18hear-MuiFormControl-root-MuiTextField-root"[39m
          [36m>[39m
            [36m<div[39m
              [33mclass[39m=[32m"MuiInputBase-root MuiOutlinedInput-root MuiInputBase-colorPrimary MuiInputBase-fullWidth MuiInputBase-formControl MuiInputBase-sizeSmall MuiInputBase-adornedStart css-1cj7mpt-MuiInputBase-root-MuiOutlinedInput-root"[39m
            [36m>[39m
              [36m<div[39m
                [33mclass[39m=[32m"MuiInputAdornment-root MuiInputAdornment-positionStart MuiInputAdornment-outlined MuiInputAdornment-sizeSmall css-ittuaa-MuiInputAdornment-root"[39m
              [36m>[39m
                [36m<span[39m
                  [33mclass[39m=[32m"notranslate"[39m
                [36m>[39m
                  [0m​[0m
                [36m</span>[39m
                [36m<svg[39m
                  [33maria-hidden[39m=[32m"true"[39m
                  [33mclass[39m=[32m"MuiSvgIcon-root MuiSvgIcon-fontSizeMedium css-i4bv87-MuiSvgIcon-root"[39m
                  [33mdata-testid[39m=[32m"SearchIcon"[39m
                  [33mfocusable[39m=[32m"false"[39m
                  [33mviewBox[39m=[32m"0 0 24 24"[39m
                [36m>[39m
                  [36m<path[39m
                    [33md[39m=[32m"M15.5 14h-.79l-.28-.27C15.41 12.59 16 11.11 16 9.5 16 5.91 13.09 3 9.5 3S3 5.91 3 9.5 5.91 16 9.5 16c1.61 0 3.09-.59 4.23-1.57l.27.28v.79l5 4.99L20.49 19zm-6 0C7.01 14 5 11.99 5 9.5S7.01 5 9.5 5 14 7.01 14 9.5 11.99 14 9.5 14"[39m
                  [36m/>[39m
                [36m</svg>[39m
              [36m</div>[39m
              [36m<input[39m
                [33maria-invalid[39m=[32m"false"[39m
                [33mclass[39m=[32m"MuiInputBase-input MuiOutlinedInput-input MuiInputBase-inputSizeSmall MuiInputBase-inputAdornedStart css-1ua80n0-MuiInputBase-input-MuiOutlinedInput-input"[39m
                [33mid[39m=[32m":rt:"[39m
                [33mplaceholder[39m=[32m"Search payments..."[39m
                [33mtype[39m=[32m"text"[39m
                [33mvalue[39m=[32m""[39m
              [36m/>[39m
              [36m<fieldset[39m
                [33maria-hidden[39m=[32m"true"[39m
                [33mclass[39m=[32m"MuiOutlinedInput-notchedOutline css-r01yff-MuiNotchedOutlined-root-MuiOutlinedInput-notchedOutline"[39m
              [36m>[39m
                [36m<legend[39m
                  [33mclass[39m=[32m"css-1whs34k-MuiNotchedOutlined-root"[39m
                [36m>[39m
                  [36m<span[39m
                    [33mclass[39m=[32m"notranslate"[39m
                  [36m>[39m
                    [0m​[0m
                  [36m</span>[39m
                [36m</legend>[39m
              [36m</fieldset>[39m
            [36m</div>[39m
          [36m</div>[39m
        [36m</div>[39m
        [36m<div[39m
          [33mclass[39m=[32m"MuiGrid-root MuiGrid-item MuiGrid-grid-xs-12 MuiGrid-grid-sm-6 MuiGrid-grid-md-3 css-10voxkt-MuiGrid-root"[39m
        [36m>[39m
          [36m<div[39m
            [33mclass[39m=[32m"MuiFormControl-root MuiFormControl-fullWidth css-q8hpuo-MuiFormControl-root"[39m
          [36m>[39m
            [36m<label[39m
              [33mclass[39m=[32m"MuiFormLabel-root MuiInputLabel-root MuiInputLabel-formControl MuiInputLabel-animated MuiInputLabel-shrink MuiInputLabel-sizeSmall MuiInputLabel-outlined MuiFormLabel-colorPrimary MuiFormLabel-filled MuiInputLabel-root MuiInputLabel-formControl MuiInputLabel-animated MuiInputLabel-shrink MuiInputLabel-sizeSmall MuiInputLabel-outlined css-fe0mau-MuiFormLabel-root-MuiInputLabel-root"[39m
              [33mdata-shrink[39m=[32m"true"[39m
            [36m>[39m
              [0mStatus[0m
            [36m</label>[39m
            [36m<div[39m
              [33mclass[39m=[32m"MuiInputBase-root MuiOutlinedInput-root MuiInputBase-colorPrimary MuiInputBase-formControl MuiInputBase-sizeSmall css-13lg1x7-MuiInputBase-root-MuiOutlinedInput-root-MuiSelect-root"[39m
            [36m>[39m
              [36m<div[39m
                [33maria-controls[39m=[32m":ru:"[39m
                [33maria-expanded[39m=[32m"false"[39m
                [33maria-haspopup[39m=[32m"listbox"[39m
                [33mclass[39m=[32m"MuiSelect-select MuiSelect-outlined MuiInputBase-input MuiOutlinedInput-input MuiInputBase-inputSizeSmall css-1fzjff4-MuiSelect-select-MuiInputBase-input-MuiOutlinedInput-input"[39m
                [33mrole[39m=[32m"combobox"[39m
                [33mtabindex[39m=[32m"0"[39m
              [36m>[39m
                [0mAll Statuses[0m
              [36m</div>[39m
              [36m<input[39m
                [33maria-hidden[39m=[32m"true"[39m
                [33maria-invalid[39m=[32m"false"[39m
                [33mclass[39m=[32m"MuiSelect-nativeInput css-yf8vq0-MuiSelect-nativeInput"[39m
                [33mtabindex[39m=[32m"-1"[39m
                [33mvalue[39m=[32m"all"[39m
              [36m/>[39m
              [36m<svg[39m
                [33maria-hidden[39m=[32m"true"[39m
                [33mclass[39m=[32m"MuiSvgIcon-root MuiSvgIcon-fontSizeMedium MuiSelect-icon MuiSelect-iconOutlined css-hfutr2-MuiSvgIcon-root-MuiSelect-icon"[39m
                [33mdata-testid[39m=[32m"ArrowDropDownIcon"[39m
                [33mfocusable[39m=[32m"false"[39m
                [33mviewBox[39m=[32m"0 0 24 24"[39m
              [36m>[39m
                [36m<path[39m
                  [33md[39m=[32m"M7 10l5 5 5-5z"[39m
                [36m/>[39m
              [36m</svg>[39m
              [36m<fieldset[39m
                [33maria-hidden[39m=[32m"true"[39m
   ...

Ignored nodes: comments, script, style
[36m<html>[39m
  [36m<head />[39m
  [36m<body[39m
    [33mstyle[39m=[32m""[39m
  [36m>[39m
    [36m<div>[39m
      [36m<div[39m
        [33mclass[39m=[32m"MuiBox-root css-0"[39m
      [36m>[39m
        [36m<div[39m
          [33mclass[39m=[32m"MuiBox-root css-i3pbo"[39m
        [36m>[39m
          [36m<h5[39m
            [33mclass[39m=[32m"MuiTypography-root MuiTypography-h5 MuiTypography-gutterBottom css-1hkf4sh-MuiTypography-root"[39m
          [36m>[39m
            [0mPayment History[0m
          [36m</h5>[39m
          [36m<p[39m
            [33mclass[39m=[32m"MuiTypography-root MuiTypography-body2 css-xtz2xu-MuiTypography-root"[39m
          [36m>[39m
            [0m1[0m
            [0m payment[0m
            [0m found[0m
          [36m</p>[39m
        [36m</div>[39m
        [36m<div[39m
          [33mclass[39m=[32m"MuiGrid-root MuiGrid-container MuiGrid-spacing-xs-2 css-12rc5ck-MuiGrid-root"[39m
        [36m>[39m
          [36m<div[39m
            [33mclass[39m=[32m"MuiGrid-root MuiGrid-item MuiGrid-grid-xs-12 MuiGrid-grid-sm-6 MuiGrid-grid-md-3 css-10voxkt-MuiGrid-root"[39m
          [36m>[39m
            [36m<div[39m
              [33mclass[39m=[32m"MuiFormControl-root MuiFormControl-fullWidth MuiTextField-root css-18hear-MuiFormControl-root-MuiTextField-root"[39m
            [36m>[39m
              [36m<div[39m
                [33mclass[39m=[32m"MuiInputBase-root MuiOutlinedInput-root MuiInputBase-colorPrimary MuiInputBase-fullWidth MuiInputBase-formControl MuiInputBase-sizeSmall MuiInputBase-adornedStart css-1cj7mpt-MuiInputBase-root-MuiOutlinedInput-root"[39m
              [36m>[39m
                [36m<div[39m
                  [33mclass[39m=[32m"MuiInputAdornment-root MuiInputAdornment-positionStart MuiInputAdornment-outlined MuiInputAdornment-sizeSmall css-ittuaa-MuiInputAdornment-root"[39m
                [36m>[39m
                  [36m<span[39m
                    [33mclass[39m=[32m"notranslate"[39m
                  [36m>[39m
                    [0m​[0m
                  [36m</span>[39m
                  [36m<svg[39m
                    [33maria-hidden[39m=[32m"true"[39m
                    [33mclass[39m=[32m"MuiSvgIcon-root MuiSvgIcon-fontSizeMedium css-i4bv87-MuiSvgIcon-root"[39m
                    [33mdata-testid[39m=[32m"SearchIcon"[39m
                    [33mfocusable[39m=[32m"false"[39m
                    [33mviewBox[39m=[32m"0 0 24 24"[39m
                  [36m>[39m
                    [36m<path[39m
                      [33md[39m=[32m"M15.5 14h-.79l-.28-.27C15.41 12.59 16 11.11 16 9.5 16 5.91 13.09 3 9.5 3S3 5.91 3 9.5 5.91 16 9.5 16c1.61 0 3.09-.59 4.23-1.57l.27.28v.79l5 4.99L20.49 19zm-6 0C7.01 14 5 11.99 5 9.5S7.01 5 9.5 5 14 7.01 14 9.5 11.99 14 9.5 14"[39m
                    [36m/>[39m
                  [36m</svg>[39m
                [36m</div>[39m
                [36m<input[39m
                  [33maria-invalid[39m=[32m"false"[39m
                  [33mclass[39m=[32m"MuiInputBase-input MuiOutlinedInput-input MuiInputBase-inputSizeSmall MuiInputBase-inputAdornedStart css-1ua80n0-MuiInputBase-input-MuiOutlinedInput-input"[39m
                  [33mid[39m=[32m":rt:"[39m
                  [33mplaceholder[39m=[32m"Search payments..."[39m
                  [33mtype[39m=[32m"text"[39m
                  [33mvalue[39m=[32m""[39m
                [36m/>[39m
                [36m<fieldset[39m
                  [33maria-hidden[39m=[32m"true"[39m
                  [33mclass[39m=[32m"MuiOutlinedInput-notchedOutline css-r01yff-MuiNotchedOutlined-root-MuiOutlinedInput-notchedOutline"[39m
                [36m>[39m
                  [36m<legend[39m
                    [33mclass[39m=[32m"css-1whs34k-MuiNotchedOutlined-root"[39m
                  [36m>[39m
                    [36m<span[39m
                      [33mclass[39m=[32m"notranslate"[39m
                    [36m>[39m
                      [0m​[0m
                    [36m</span>[39m
                  [36m</legend>[39m
                [36m</fieldset>[39m
              [36m</div>[39m
            [36m</div>[39m
          [36m</div>[39m
          [36m<div[39m
            [33mclass[39m=[32m"MuiGrid-root MuiGrid-item MuiGrid-grid-xs-12 MuiGrid-grid-sm-6 MuiGrid-grid-md-3 css-10voxkt-MuiGrid-root"[39m
          [36m>[39m
            [36m<div[39m
              [33mclass[39m=[32m"MuiFormControl-root MuiFormControl-fullWidth css-q8hpuo-MuiFormControl-root"[39m
            [36m>[39m
              [36m<label[39m
                [33mclass[39m=[32m"MuiFormLabel-root MuiInputLabel-root MuiInputLabel-formControl MuiInputLabel-animated MuiInputLabel-shrink MuiInputLabel-sizeSmall MuiInputLabel-outlined MuiFormLabel-colorPrimary MuiFormLabel-filled MuiInputLabel-root MuiInputLabel-formControl MuiInputLabel-animated MuiInputLabel-shrink MuiInputLabel-sizeSmall MuiInputLabel-outlined css-fe0mau-MuiFormLabel-root-MuiInputLabel-root"[39m
                [33mdata-shrink[39m=[32m"true"[39m
              [36m>[39m
                [0mStatus[0m
              [36m</label>[39m
              [36m<div[39m
                [33mclass[39m=[32m"MuiInputBase-root MuiOutlinedInput-root MuiInputBase-colorPrimary MuiInputBase-formControl MuiInputBase-sizeSmall css-13lg1x7-MuiInputBase-root-MuiOutlinedInput-root-MuiSelect-root"[39m
              [36m>[39m
                [36m<div[39m
                  [33maria-controls[39m=[32m":ru:"[39m
                  [33maria-expanded[39m=[32m"false"[39m
                  [33maria-haspopup[39m=[32m"listbox"[39m
                  [33mclass[39m=[32m"MuiSelect-select MuiSelect-outlined MuiInputBase-input MuiOutlinedInput-input MuiInputBase-inputSizeSmall css-1fzjff4-MuiSelect-select-MuiInputBase-input-MuiOutlinedInput-input"[39m
                  [33mrole[39m=[32m"combobox"[39m
                  [33mtabindex[39m=[32m"0"[39m
                [36m>[39m
                  [0mAll Statuses[0m
                [36m</div>[39m
                [36m<input[39m
                  [33maria-hidden[39m=[32m"true"[39m
                  [33maria-invalid[39m=[32m"false"[39m
                  [33mclass[39m=[32m"MuiSelect-nativeInput css-yf8vq0-MuiSelect-nativeInput"[39m
                  [33mtabindex[39m=[32m"-1"[39m
                  [33mvalue[39m=[32m"all"[39m
                [36m/>[39m
                [36m<svg[39m
                  [33maria-hidden[39m=[32m"true"[39m
                  [33mclass[39m=[32m"MuiSvgIcon-root MuiSvgIcon-fontSizeMedium MuiSelect-icon MuiSelect-iconOutlined css-hfutr2-MuiSvgIcon-root-MuiSelect-icon"[39m
                  [33mdata-testid[39m=[32m"ArrowDropDownIcon"[39m
                  [33mfocusable[39m=[32m"false"[39m
                  [33mviewBox[39m=[32m"0 0 24 24...
 ❯ Proxy.waitForWrapper node_modules/@testing-library/react/node_modules/@testing-library/dom/dist/wait-for.js:163:27
 ❯ src/test/proposal.test.tsx:369:11
    367|     );
    368| 
    369|     await waitFor(() => {
       |           ^
    370|       expect(screen.getByLabelText('Status')).toBeInTheDocument();
    371|     });

⎯⎯⎯⎯⎯⎯⎯⎯⎯⎯⎯⎯⎯⎯⎯⎯⎯⎯⎯⎯⎯⎯[50/66]⎯

 FAIL  src/test/proposal.test.tsx > ProposalList > searches proposals
TestingLibraryElementError: Unable to find an element with the placeholder text of: Search proposals...

Ignored nodes: comments, script, style
[36m<body[39m
  [33mstyle[39m=[32m""[39m
[36m>[39m
  [36m<div>[39m
    [36m<div[39m
      [33mclass[39m=[32m"MuiBox-root css-0"[39m
    [36m>[39m
      [36m<div[39m
        [33mclass[39m=[32m"MuiBox-root css-i3pbo"[39m
      [36m>[39m
        [36m<h5[39m
          [33mclass[39m=[32m"MuiTypography-root MuiTypography-h5 MuiTypography-gutterBottom css-1hkf4sh-MuiTypography-root"[39m
        [36m>[39m
          [0mPayment History[0m
        [36m</h5>[39m
        [36m<p[39m
          [33mclass[39m=[32m"MuiTypography-root MuiTypography-body2 css-xtz2xu-MuiTypography-root"[39m
        [36m>[39m
          [0m1[0m
          [0m payment[0m
          [0m found[0m
        [36m</p>[39m
      [36m</div>[39m
      [36m<div[39m
        [33mclass[39m=[32m"MuiGrid-root MuiGrid-container MuiGrid-spacing-xs-2 css-12rc5ck-MuiGrid-root"[39m
      [36m>[39m
        [36m<div[39m
          [33mclass[39m=[32m"MuiGrid-root MuiGrid-item MuiGrid-grid-xs-12 MuiGrid-grid-sm-6 MuiGrid-grid-md-3 css-10voxkt-MuiGrid-root"[39m
        [36m>[39m
          [36m<div[39m
            [33mclass[39m=[32m"MuiFormControl-root MuiFormControl-fullWidth MuiTextField-root css-18hear-MuiFormControl-root-MuiTextField-root"[39m
          [36m>[39m
            [36m<div[39m
              [33mclass[39m=[32m"MuiInputBase-root MuiOutlinedInput-root MuiInputBase-colorPrimary MuiInputBase-fullWidth MuiInputBase-formControl MuiInputBase-sizeSmall MuiInputBase-adornedStart css-1cj7mpt-MuiInputBase-root-MuiOutlinedInput-root"[39m
            [36m>[39m
              [36m<div[39m
                [33mclass[39m=[32m"MuiInputAdornment-root MuiInputAdornment-positionStart MuiInputAdornment-outlined MuiInputAdornment-sizeSmall css-ittuaa-MuiInputAdornment-root"[39m
              [36m>[39m
                [36m<span[39m
                  [33mclass[39m=[32m"notranslate"[39m
                [36m>[39m
                  [0m​[0m
                [36m</span>[39m
                [36m<svg[39m
                  [33maria-hidden[39m=[32m"true"[39m
                  [33mclass[39m=[32m"MuiSvgIcon-root MuiSvgIcon-fontSizeMedium css-i4bv87-MuiSvgIcon-root"[39m
                  [33mdata-testid[39m=[32m"SearchIcon"[39m
                  [33mfocusable[39m=[32m"false"[39m
                  [33mviewBox[39m=[32m"0 0 24 24"[39m
                [36m>[39m
                  [36m<path[39m
                    [33md[39m=[32m"M15.5 14h-.79l-.28-.27C15.41 12.59 16 11.11 16 9.5 16 5.91 13.09 3 9.5 3S3 5.91 3 9.5 5.91 16 9.5 16c1.61 0 3.09-.59 4.23-1.57l.27.28v.79l5 4.99L20.49 19zm-6 0C7.01 14 5 11.99 5 9.5S7.01 5 9.5 5 14 7.01 14 9.5 11.99 14 9.5 14"[39m
                  [36m/>[39m
                [36m</svg>[39m
              [36m</div>[39m
              [36m<input[39m
                [33maria-invalid[39m=[32m"false"[39m
                [33mclass[39m=[32m"MuiInputBase-input MuiOutlinedInput-input MuiInputBase-inputSizeSmall MuiInputBase-inputAdornedStart css-1ua80n0-MuiInputBase-input-MuiOutlinedInput-input"[39m
                [33mid[39m=[32m":rt:"[39m
                [33mplaceholder[39m=[32m"Search payments..."[39m
                [33mtype[39m=[32m"text"[39m
                [33mvalue[39m=[32m""[39m
              [36m/>[39m
              [36m<fieldset[39m
                [33maria-hidden[39m=[32m"true"[39m
                [33mclass[39m=[32m"MuiOutlinedInput-notchedOutline css-r01yff-MuiNotchedOutlined-root-MuiOutlinedInput-notchedOutline"[39m
              [36m>[39m
                [36m<legend[39m
                  [33mclass[39m=[32m"css-1whs34k-MuiNotchedOutlined-root"[39m
                [36m>[39m
                  [36m<span[39m
                    [33mclass[39m=[32m"notranslate"[39m
                  [36m>[39m
                    [0m​[0m
                  [36m</span>[39m
                [36m</legend>[39m
              [36m</fieldset>[39m
            [36m</div>[39m
          [36m</div>[39m
        [36m</div>[39m
        [36m<div[39m
          [33mclass[39m=[32m"MuiGrid-root MuiGrid-item MuiGrid-grid-xs-12 MuiGrid-grid-sm-6 MuiGrid-grid-md-3 css-10voxkt-MuiGrid-root"[39m
        [36m>[39m
          [36m<div[39m
            [33mclass[39m=[32m"MuiFormControl-root MuiFormControl-fullWidth css-q8hpuo-MuiFormControl-root"[39m
          [36m>[39m
            [36m<label[39m
              [33mclass[39m=[32m"MuiFormLabel-root MuiInputLabel-root MuiInputLabel-formControl MuiInputLabel-animated MuiInputLabel-shrink MuiInputLabel-sizeSmall MuiInputLabel-outlined MuiFormLabel-colorPrimary MuiFormLabel-filled MuiInputLabel-root MuiInputLabel-formControl MuiInputLabel-animated MuiInputLabel-shrink MuiInputLabel-sizeSmall MuiInputLabel-outlined css-fe0mau-MuiFormLabel-root-MuiInputLabel-root"[39m
              [33mdata-shrink[39m=[32m"true"[39m
            [36m>[39m
              [0mStatus[0m
            [36m</label>[39m
            [36m<div[39m
              [33mclass[39m=[32m"MuiInputBase-root MuiOutlinedInput-root MuiInputBase-colorPrimary MuiInputBase-formControl MuiInputBase-sizeSmall css-13lg1x7-MuiInputBase-root-MuiOutlinedInput-root-MuiSelect-root"[39m
            [36m>[39m
              [36m<div[39m
                [33maria-controls[39m=[32m":ru:"[39m
                [33maria-expanded[39m=[32m"false"[39m
                [33maria-haspopup[39m=[32m"listbox"[39m
                [33mclass[39m=[32m"MuiSelect-select MuiSelect-outlined MuiInputBase-input MuiOutlinedInput-input MuiInputBase-inputSizeSmall css-1fzjff4-MuiSelect-select-MuiInputBase-input-MuiOutlinedInput-input"[39m
                [33mrole[39m=[32m"combobox"[39m
                [33mtabindex[39m=[32m"0"[39m
              [36m>[39m
                [0mAll Statuses[0m
              [36m</div>[39m
              [36m<input[39m
                [33maria-hidden[39m=[32m"true"[39m
                [33maria-invalid[39m=[32m"false"[39m
                [33mclass[39m=[32m"MuiSelect-nativeInput css-yf8vq0-MuiSelect-nativeInput"[39m
                [33mtabindex[39m=[32m"-1"[39m
                [33mvalue[39m=[32m"all"[39m
              [36m/>[39m
              [36m<svg[39m
                [33maria-hidden[39m=[32m"true"[39m
                [33mclass[39m=[32m"MuiSvgIcon-root MuiSvgIcon-fontSizeMedium MuiSelect-icon MuiSelect-iconOutlined css-hfutr2-MuiSvgIcon-root-MuiSelect-icon"[39m
                [33mdata-testid[39m=[32m"ArrowDropDownIcon"[39m
                [33mfocusable[39m=[32m"false"[39m
                [33mviewBox[39m=[32m"0 0 24 24"[39m
              [36m>[39m
                [36m<path[39m
                  [33md[39m=[32m"M7 10l5 5 5-5z"[39m
                [36m/>[39m
              [36m</svg>[39m
              [36m<fieldset[39m
                [33maria-hidden[39m=[32m"true"[39m
   ...
 ❯ Object.getElementError node_modules/@testing-library/react/node_modules/@testing-library/dom/dist/config.js:37:19
 ❯ node_modules/@testing-library/react/node_modules/@testing-library/dom/dist/query-helpers.js:76:38
 ❯ node_modules/@testing-library/react/node_modules/@testing-library/dom/dist/query-helpers.js:52:17
 ❯ node_modules/@testing-library/react/node_modules/@testing-library/dom/dist/query-helpers.js:95:19
 ❯ src/test/proposal.test.tsx:391:32
    389|     );
    390| 
    391|     const searchInput = screen.getByPlaceholderText('Search proposals.…
       |                                ^
    392|     fireEvent.change(searchInput, { target: { value: 'test search' } }…
    393| 

⎯⎯⎯⎯⎯⎯⎯⎯⎯⎯⎯⎯⎯⎯⎯⎯⎯⎯⎯⎯⎯⎯[51/66]⎯

 FAIL  src/test/proposal.test.tsx > ProposalDetailModal > renders proposal details
TestingLibraryElementError: Found multiple elements with the text: Jane Doe

Here are the matching elements:

Ignored nodes: comments, script, style
[36m<h6[39m
  [33mclass[39m=[32m"MuiTypography-root MuiTypography-h6 css-1rem9xf-MuiTypography-root"[39m
[36m>[39m
  [0mJane[0m
  [0m [0m
  [0mDoe[0m
[36m</h6>[39m

Ignored nodes: comments, script, style
[36m<h6[39m
  [33mclass[39m=[32m"MuiTypography-root MuiTypography-h6 css-1rem9xf-MuiTypography-root"[39m
[36m>[39m
  [0mJane[0m
  [0m [0m
  [0mDoe[0m
[36m</h6>[39m

Ignored nodes: comments, script, style
[36m<h6[39m
  [33mclass[39m=[32m"MuiTypography-root MuiTypography-h6 css-1rem9xf-MuiTypography-root"[39m
[36m>[39m
  [0mJane[0m
  [0m [0m
  [0mDoe[0m
[36m</h6>[39m

Ignored nodes: comments, script, style
[36m<h6[39m
  [33mclass[39m=[32m"MuiTypography-root MuiTypography-h6 css-1rem9xf-MuiTypography-root"[39m
[36m>[39m
  [0mJane[0m
  [0m [0m
  [0mDoe[0m
[36m</h6>[39m

(If this is intentional, then use the `*AllBy*` variant of the query (like `queryAllByText`, `getAllByText`, or `findAllByText`)).

Ignored nodes: comments, script, style
[36m<body[39m
  [33mstyle[39m=[32m"padding-right: 1024px; overflow: hidden;"[39m
[36m>[39m
  [36m<div[39m
    [33maria-hidden[39m=[32m"true"[39m
  [36m>[39m
    [36m<div[39m
      [33mclass[39m=[32m"MuiBox-root css-0"[39m
    [36m>[39m
      [36m<div[39m
        [33mclass[39m=[32m"MuiBox-root css-i3pbo"[39m
      [36m>[39m
        [36m<h5[39m
          [33mclass[39m=[32m"MuiTypography-root MuiTypography-h5 MuiTypography-gutterBottom css-1hkf4sh-MuiTypography-root"[39m
        [36m>[39m
          [0mPayment History[0m
        [36m</h5>[39m
        [36m<p[39m
          [33mclass[39m=[32m"MuiTypography-root MuiTypography-body2 css-xtz2xu-MuiTypography-root"[39m
        [36m>[39m
          [0m1[0m
          [0m payment[0m
          [0m found[0m
        [36m</p>[39m
      [36m</div>[39m
      [36m<div[39m
        [33mclass[39m=[32m"MuiGrid-root MuiGrid-container MuiGrid-spacing-xs-2 css-12rc5ck-MuiGrid-root"[39m
      [36m>[39m
        [36m<div[39m
          [33mclass[39m=[32m"MuiGrid-root MuiGrid-item MuiGrid-grid-xs-12 MuiGrid-grid-sm-6 MuiGrid-grid-md-3 css-10voxkt-MuiGrid-root"[39m
        [36m>[39m
          [36m<div[39m
            [33mclass[39m=[32m"MuiFormControl-root MuiFormControl-fullWidth MuiTextField-root css-18hear-MuiFormControl-root-MuiTextField-root"[39m
          [36m>[39m
            [36m<div[39m
              [33mclass[39m=[32m"MuiInputBase-root MuiOutlinedInput-root MuiInputBase-colorPrimary MuiInputBase-fullWidth MuiInputBase-formControl MuiInputBase-sizeSmall MuiInputBase-adornedStart css-1cj7mpt-MuiInputBase-root-MuiOutlinedInput-root"[39m
            [36m>[39m
              [36m<div[39m
                [33mclass[39m=[32m"MuiInputAdornment-root MuiInputAdornment-positionStart MuiInputAdornment-outlined MuiInputAdornment-sizeSmall css-ittuaa-MuiInputAdornment-root"[39m
              [36m>[39m
                [36m<span[39m
                  [33mclass[39m=[32m"notranslate"[39m
                [36m>[39m
                  [0m​[0m
                [36m</span>[39m
                [36m<svg[39m
                  [33maria-hidden[39m=[32m"true"[39m
                  [33mclass[39m=[32m"MuiSvgIcon-root MuiSvgIcon-fontSizeMedium css-i4bv87-MuiSvgIcon-root"[39m
                  [33mdata-testid[39m=[32m"SearchIcon"[39m
                  [33mfocusable[39m=[32m"false"[39m
                  [33mviewBox[39m=[32m"0 0 24 24"[39m
                [36m>[39m
                  [36m<path[39m
                    [33md[39m=[32m"M15.5 14h-.79l-.28-.27C15.41 12.59 16 11.11 16 9.5 16 5.91 13.09 3 9.5 3S3 5.91 3 9.5 5.91 16 9.5 16c1.61 0 3.09-.59 4.23-1.57l.27.28v.79l5 4.99L20.49 19zm-6 0C7.01 14 5 11.99 5 9.5S7.01 5 9.5 5 14 7.01 14 9.5 11.99 14 9.5 14"[39m
                  [36m/>[39m
                [36m</svg>[39m
              [36m</div>[39m
              [36m<input[39m
                [33maria-invalid[39m=[32m"false"[39m
                [33mclass[39m=[32m"MuiInputBase-input MuiOutlinedInput-input MuiInputBase-inputSizeSmall MuiInputBase-inputAdornedStart css-1ua80n0-MuiInputBase-input-MuiOutlinedInput-input"[39m
                [33mid[39m=[32m":rt:"[39m
                [33mplaceholder[39m=[32m"Search payments..."[39m
                [33mtype[39m=[32m"text"[39m
                [33mvalue[39m=[32m""[39m
              [36m/>[39m
              [36m<fieldset[39m
                [33maria-hidden[39m=[32m"true"[39m
                [33mclass[39m=[32m"MuiOutlinedInput-notchedOutline css-r01yff-MuiNotchedOutlined-root-MuiOutlinedInput-notchedOutline"[39m
              [36m>[39m
                [36m<legend[39m
                  [33mclass[39m=[32m"css-1whs34k-MuiNotchedOutlined-root"[39m
                [36m>[39m
                  [36m<span[39m
                    [33mclass[39m=[32m"notranslate"[39m
                  [36m>[39m
                    [0m​[0m
                  [36m</span>[39m
                [36m</legend>[39m
              [36m</fieldset>[39m
            [36m</div>[39m
          [36m</div>[39m
        [36m</div>[39m
        [36m<div[39m
          [33mclass[39m=[32m"MuiGrid-root MuiGrid-item MuiGrid-grid-xs-12 MuiGrid-grid-sm-6 MuiGrid-grid-md-3 css-10voxkt-MuiGrid-root"[39m
        [36m>[39m
          [36m<div[39m
            [33mclass[39m=[32m"MuiFormControl-root MuiFormControl-fullWidth css-q8hpuo-MuiFormControl-root"[39m
          [36m>[39m
            [36m<label[39m
              [33mclass[39m=[32m"MuiFormLabel-root MuiInputLabel-root MuiInputLabel-formControl MuiInputLabel-animated MuiInputLabel-shrink MuiInputLabel-sizeSmall MuiInputLabel-outlined MuiFormLabel-colorPrimary MuiFormLabel-filled MuiInputLabel-root MuiInputLabel-formControl MuiInputLabel-animated MuiInputLabel-shrink MuiInputLabel-sizeSmall MuiInputLabel-outlined css-fe0mau-MuiFormLabel-root-MuiInputLabel-root"[39m
              [33mdata-shrink[39m=[32m"true"[39m
            [36m>[39m
              [0mStatus[0m
            [36m</label>[39m
            [36m<div[39m
              [33mclass[39m=[32m"MuiInputBase-root MuiOutlinedInput-root MuiInputBase-colorPrimary MuiInputBase-formControl MuiInputBase-sizeSmall css-13lg1x7-MuiInputBase-root-MuiOutlinedInput-root-MuiSelect-root"[39m
            [36m>[39m
              [36m<div[39m
                [33maria-controls[39m=[32m":ru:"[39m
                [33maria-expanded[39m=[32m"false"[39m
                [33maria-haspopup[39m=[32m"listbox"[39m
                [33mclass[39m=[32m"MuiSelect-select MuiSelect-outlined MuiInputBase-input MuiOutlinedInput-input MuiInputBase-inputSizeSmall css-1fzjff4-MuiSelect-select-MuiInputBase-input-MuiOutlinedInput-input"[39m
                [33mrole[39m=[32m"combobox"[39m
                [33mtabindex[39m=[32m"0"[39m
              [36m>[39m
                [0mAll Statuses[0m
              [36m</div>[39m
              [36m<input[39m
                [33maria-hidden[39m=[32m"true"[39m
                [33maria-invalid[39m=[32m"false"[39m
                [33mclass[39m=[32m"MuiSelect-nativeInput css-yf8vq0-MuiSelect-nativeInput"[39m
                [33mtabindex[39m=[32m"-1"[39m
                [33mvalue[39m=[32m"all"[39m
              [36m/>[39m
              [36m<svg[39m
                [33maria-hidden[39m=[32m"true"[39m
                [33mclass[39m=[32m"MuiSvgIcon-root MuiSvgIcon-fontSizeMedium MuiSelect-icon MuiSelect-iconOutlined css-hfutr2-MuiSvgIcon-root-MuiSelect-icon"[39m
                [33mdata-testid[39m=[32m"ArrowDropDownIcon"[39m
                [33mfocusable[39m=[32m"false"[39m
                [33mviewBox[39m=[32m"0 0 24 24"[39m
              [36m>[39m
                [36m<path[39m
                  [33md[39m=[32m"M7 10l5 5 5-5z"[39m
                [36m/>[39m
              [36m</svg>[...
 ❯ Object.getElementError node_modules/@testing-library/react/node_modules/@testing-library/dom/dist/config.js:37:19
 ❯ getElementError node_modules/@testing-library/react/node_modules/@testing-library/dom/dist/query-helpers.js:20:35
 ❯ getMultipleElementsFoundError node_modules/@testing-library/react/node_modules/@testing-library/dom/dist/query-helpers.js:23:10
 ❯ node_modules/@testing-library/react/node_modules/@testing-library/dom/dist/query-helpers.js:55:13
 ❯ node_modules/@testing-library/react/node_modules/@testing-library/dom/dist/query-helpers.js:95:19
 ❯ src/test/proposal.test.tsx:416:19
    414| 
    415|     expect(screen.getByText('Proposal Details')).toBeInTheDocument();
    416|     expect(screen.getByText('Jane Doe')).toBeInTheDocument();
       |                   ^
    417|     expect(screen.getByText('$1500')).toBeInTheDocument();
    418|     expect(screen.getByText('10 days')).toBeInTheDocument();

⎯⎯⎯⎯⎯⎯⎯⎯⎯⎯⎯⎯⎯⎯⎯⎯⎯⎯⎯⎯⎯⎯[52/66]⎯

 FAIL  src/test/proposal.test.tsx > ProposalDetailModal > shows milestones accordion
TestingLibraryElementError: Found multiple elements with the text: Project Milestones (2)

Here are the matching elements:

Ignored nodes: comments, script, style
[36m<h6[39m
  [33mclass[39m=[32m"MuiTypography-root MuiTypography-h6 css-1rem9xf-MuiTypography-root"[39m
[36m>[39m
  [0mProject Milestones ([0m
  [0m2[0m
  [0m)[0m
[36m</h6>[39m

Ignored nodes: comments, script, style
[36m<h6[39m
  [33mclass[39m=[32m"MuiTypography-root MuiTypography-h6 css-1rem9xf-MuiTypography-root"[39m
[36m>[39m
  [0mProject Milestones ([0m
  [0m2[0m
  [0m)[0m
[36m</h6>[39m

(If this is intentional, then use the `*AllBy*` variant of the query (like `queryAllByText`, `getAllByText`, or `findAllByText`)).

Ignored nodes: comments, script, style
[36m<body[39m
  [33mstyle[39m=[32m"padding-right: 1024px; overflow: hidden;"[39m
[36m>[39m
  [36m<div[39m
    [33maria-hidden[39m=[32m"true"[39m
  [36m>[39m
    [36m<div[39m
      [33mclass[39m=[32m"MuiBox-root css-0"[39m
    [36m>[39m
      [36m<div[39m
        [33mclass[39m=[32m"MuiBox-root css-i3pbo"[39m
      [36m>[39m
        [36m<h5[39m
          [33mclass[39m=[32m"MuiTypography-root MuiTypography-h5 MuiTypography-gutterBottom css-1hkf4sh-MuiTypography-root"[39m
        [36m>[39m
          [0mPayment History[0m
        [36m</h5>[39m
        [36m<p[39m
          [33mclass[39m=[32m"MuiTypography-root MuiTypography-body2 css-xtz2xu-MuiTypography-root"[39m
        [36m>[39m
          [0m1[0m
          [0m payment[0m
          [0m found[0m
        [36m</p>[39m
      [36m</div>[39m
      [36m<div[39m
        [33mclass[39m=[32m"MuiGrid-root MuiGrid-container MuiGrid-spacing-xs-2 css-12rc5ck-MuiGrid-root"[39m
      [36m>[39m
        [36m<div[39m
          [33mclass[39m=[32m"MuiGrid-root MuiGrid-item MuiGrid-grid-xs-12 MuiGrid-grid-sm-6 MuiGrid-grid-md-3 css-10voxkt-MuiGrid-root"[39m
        [36m>[39m
          [36m<div[39m
            [33mclass[39m=[32m"MuiFormControl-root MuiFormControl-fullWidth MuiTextField-root css-18hear-MuiFormControl-root-MuiTextField-root"[39m
          [36m>[39m
            [36m<div[39m
              [33mclass[39m=[32m"MuiInputBase-root MuiOutlinedInput-root MuiInputBase-colorPrimary MuiInputBase-fullWidth MuiInputBase-formControl MuiInputBase-sizeSmall MuiInputBase-adornedStart css-1cj7mpt-MuiInputBase-root-MuiOutlinedInput-root"[39m
            [36m>[39m
              [36m<div[39m
                [33mclass[39m=[32m"MuiInputAdornment-root MuiInputAdornment-positionStart MuiInputAdornment-outlined MuiInputAdornment-sizeSmall css-ittuaa-MuiInputAdornment-root"[39m
              [36m>[39m
                [36m<span[39m
                  [33mclass[39m=[32m"notranslate"[39m
                [36m>[39m
                  [0m​[0m
                [36m</span>[39m
                [36m<svg[39m
                  [33maria-hidden[39m=[32m"true"[39m
                  [33mclass[39m=[32m"MuiSvgIcon-root MuiSvgIcon-fontSizeMedium css-i4bv87-MuiSvgIcon-root"[39m
                  [33mdata-testid[39m=[32m"SearchIcon"[39m
                  [33mfocusable[39m=[32m"false"[39m
                  [33mviewBox[39m=[32m"0 0 24 24"[39m
                [36m>[39m
                  [36m<path[39m
                    [33md[39m=[32m"M15.5 14h-.79l-.28-.27C15.41 12.59 16 11.11 16 9.5 16 5.91 13.09 3 9.5 3S3 5.91 3 9.5 5.91 16 9.5 16c1.61 0 3.09-.59 4.23-1.57l.27.28v.79l5 4.99L20.49 19zm-6 0C7.01 14 5 11.99 5 9.5S7.01 5 9.5 5 14 7.01 14 9.5 11.99 14 9.5 14"[39m
                  [36m/>[39m
                [36m</svg>[39m
              [36m</div>[39m
              [36m<input[39m
                [33maria-invalid[39m=[32m"false"[39m
                [33mclass[39m=[32m"MuiInputBase-input MuiOutlinedInput-input MuiInputBase-inputSizeSmall MuiInputBase-inputAdornedStart css-1ua80n0-MuiInputBase-input-MuiOutlinedInput-input"[39m
                [33mid[39m=[32m":rt:"[39m
                [33mplaceholder[39m=[32m"Search payments..."[39m
                [33mtype[39m=[32m"text"[39m
                [33mvalue[39m=[32m""[39m
              [36m/>[39m
              [36m<fieldset[39m
                [33maria-hidden[39m=[32m"true"[39m
                [33mclass[39m=[32m"MuiOutlinedInput-notchedOutline css-r01yff-MuiNotchedOutlined-root-MuiOutlinedInput-notchedOutline"[39m
              [36m>[39m
                [36m<legend[39m
                  [33mclass[39m=[32m"css-1whs34k-MuiNotchedOutlined-root"[39m
                [36m>[39m
                  [36m<span[39m
                    [33mclass[39m=[32m"notranslate"[39m
                  [36m>[39m
                    [0m​[0m
                  [36m</span>[39m
                [36m</legend>[39m
              [36m</fieldset>[39m
            [36m</div>[39m
          [36m</div>[39m
        [36m</div>[39m
        [36m<div[39m
          [33mclass[39m=[32m"MuiGrid-root MuiGrid-item MuiGrid-grid-xs-12 MuiGrid-grid-sm-6 MuiGrid-grid-md-3 css-10voxkt-MuiGrid-root"[39m
        [36m>[39m
          [36m<div[39m
            [33mclass[39m=[32m"MuiFormControl-root MuiFormControl-fullWidth css-q8hpuo-MuiFormControl-root"[39m
          [36m>[39m
            [36m<label[39m
              [33mclass[39m=[32m"MuiFormLabel-root MuiInputLabel-root MuiInputLabel-formControl MuiInputLabel-animated MuiInputLabel-shrink MuiInputLabel-sizeSmall MuiInputLabel-outlined MuiFormLabel-colorPrimary MuiFormLabel-filled MuiInputLabel-root MuiInputLabel-formControl MuiInputLabel-animated MuiInputLabel-shrink MuiInputLabel-sizeSmall MuiInputLabel-outlined css-fe0mau-MuiFormLabel-root-MuiInputLabel-root"[39m
              [33mdata-shrink[39m=[32m"true"[39m
            [36m>[39m
              [0mStatus[0m
            [36m</label>[39m
            [36m<div[39m
              [33mclass[39m=[32m"MuiInputBase-root MuiOutlinedInput-root MuiInputBase-colorPrimary MuiInputBase-formControl MuiInputBase-sizeSmall css-13lg1x7-MuiInputBase-root-MuiOutlinedInput-root-MuiSelect-root"[39m
            [36m>[39m
              [36m<div[39m
                [33maria-controls[39m=[32m":ru:"[39m
                [33maria-expanded[39m=[32m"false"[39m
                [33maria-haspopup[39m=[32m"listbox"[39m
                [33mclass[39m=[32m"MuiSelect-select MuiSelect-outlined MuiInputBase-input MuiOutlinedInput-input MuiInputBase-inputSizeSmall css-1fzjff4-MuiSelect-select-MuiInputBase-input-MuiOutlinedInput-input"[39m
                [33mrole[39m=[32m"combobox"[39m
                [33mtabindex[39m=[32m"0"[39m
              [36m>[39m
                [0mAll Statuses[0m
              [36m</div>[39m
              [36m<input[39m
                [33maria-hidden[39m=[32m"true"[39m
                [33maria-invalid[39m=[32m"false"[39m
                [33mclass[39m=[32m"MuiSelect-nativeInput css-yf8vq0-MuiSelect-nativeInput"[39m
                [33mtabindex[39m=[32m"-1"[39m
                [33mvalue[39m=[32m"all"[39m
              [36m/>[39m
              [36m<svg[39m
                [33maria-hidden[39m=[32m"true"[39m
                [33mclass[39m=[32m"MuiSvgIcon-root MuiSvgIcon-fontSizeMedium MuiSelect-icon MuiSelect-iconOutlined css-hfutr2-MuiSvgIcon-root-MuiSelect-icon"[39m
                [33mdata-testid[39m=[32m"ArrowDropDownIcon"[39m
                [33mfocusable[39m=[32m"false"[39m
                [33mviewBox[39m=[32m"0 0 24 24"[39m
              [36m>[39m
                [36m<path[39m
                  [33md[39m=[32m"M7 10l5 5 5-5z"[39m
                [36m/>[39m
              [36m</svg>[...
 ❯ Object.getElementError node_modules/@testing-library/react/node_modules/@testing-library/dom/dist/config.js:37:19
 ❯ getElementError node_modules/@testing-library/react/node_modules/@testing-library/dom/dist/query-helpers.js:20:35
 ❯ getMultipleElementsFoundError node_modules/@testing-library/react/node_modules/@testing-library/dom/dist/query-helpers.js:23:10
 ❯ node_modules/@testing-library/react/node_modules/@testing-library/dom/dist/query-helpers.js:55:13
 ❯ node_modules/@testing-library/react/node_modules/@testing-library/dom/dist/query-helpers.js:95:19
 ❯ src/test/proposal.test.tsx:434:19
    432|     );
    433| 
    434|     expect(screen.getByText('Project Milestones (2)')).toBeInTheDocume…
       |                   ^
    435|     
    436|     // Expand accordion

⎯⎯⎯⎯⎯⎯⎯⎯⎯⎯⎯⎯⎯⎯⎯⎯⎯⎯⎯⎯⎯⎯[53/66]⎯

 FAIL  src/test/proposal.test.tsx > ProposalDetailModal > handles proposal acceptance
TestingLibraryElementError: Found multiple elements with the text: Accept Proposal

Here are the matching elements:

Ignored nodes: comments, script, style
[36m<button[39m
  [33mclass[39m=[32m"MuiButtonBase-root MuiButton-root MuiButton-contained MuiButton-containedSuccess MuiButton-sizeMedium MuiButton-containedSizeMedium MuiButton-colorSuccess MuiButton-root MuiButton-contained MuiButton-containedSuccess MuiButton-sizeMedium MuiButton-containedSizeMedium MuiButton-colorSuccess css-1icjxmz-MuiButtonBase-root-MuiButton-root"[39m
  [33mtabindex[39m=[32m"0"[39m
  [33mtype[39m=[32m"button"[39m
[36m>[39m
  [0mAccept Proposal[0m
  [36m<span[39m
    [33mclass[39m=[32m"MuiTouchRipple-root css-8je8zh-MuiTouchRipple-root"[39m
  [36m/>[39m
[36m</button>[39m

Ignored nodes: comments, script, style
[36m<button[39m
  [33mclass[39m=[32m"MuiButtonBase-root MuiButton-root MuiButton-contained MuiButton-containedSuccess MuiButton-sizeMedium MuiButton-containedSizeMedium MuiButton-colorSuccess MuiButton-root MuiButton-contained MuiButton-containedSuccess MuiButton-sizeMedium MuiButton-containedSizeMedium MuiButton-colorSuccess css-1icjxmz-MuiButtonBase-root-MuiButton-root"[39m
  [33mtabindex[39m=[32m"0"[39m
  [33mtype[39m=[32m"button"[39m
[36m>[39m
  [0mAccept Proposal[0m
  [36m<span[39m
    [33mclass[39m=[32m"MuiTouchRipple-root css-8je8zh-MuiTouchRipple-root"[39m
  [36m/>[39m
[36m</button>[39m

Ignored nodes: comments, script, style
[36m<button[39m
  [33mclass[39m=[32m"MuiButtonBase-root MuiButton-root MuiButton-contained MuiButton-containedSuccess MuiButton-sizeMedium MuiButton-containedSizeMedium MuiButton-colorSuccess MuiButton-root MuiButton-contained MuiButton-containedSuccess MuiButton-sizeMedium MuiButton-containedSizeMedium MuiButton-colorSuccess css-1icjxmz-MuiButtonBase-root-MuiButton-root"[39m
  [33mtabindex[39m=[32m"0"[39m
  [33mtype[39m=[32m"button"[39m
[36m>[39m
  [0mAccept Proposal[0m
  [36m<span[39m
    [33mclass[39m=[32m"MuiTouchRipple-root css-8je8zh-MuiTouchRipple-root"[39m
  [36m/>[39m
[36m</button>[39m

(If this is intentional, then use the `*AllBy*` variant of the query (like `queryAllByText`, `getAllByText`, or `findAllByText`)).

Ignored nodes: comments, script, style
[36m<body[39m
  [33mstyle[39m=[32m"padding-right: 1024px; overflow: hidden;"[39m
[36m>[39m
  [36m<div[39m
    [33maria-hidden[39m=[32m"true"[39m
  [36m>[39m
    [36m<div[39m
      [33mclass[39m=[32m"MuiBox-root css-0"[39m
    [36m>[39m
      [36m<div[39m
        [33mclass[39m=[32m"MuiBox-root css-i3pbo"[39m
      [36m>[39m
        [36m<h5[39m
          [33mclass[39m=[32m"MuiTypography-root MuiTypography-h5 MuiTypography-gutterBottom css-1hkf4sh-MuiTypography-root"[39m
        [36m>[39m
          [0mPayment History[0m
        [36m</h5>[39m
        [36m<p[39m
          [33mclass[39m=[32m"MuiTypography-root MuiTypography-body2 css-xtz2xu-MuiTypography-root"[39m
        [36m>[39m
          [0m1[0m
          [0m payment[0m
          [0m found[0m
        [36m</p>[39m
      [36m</div>[39m
      [36m<div[39m
        [33mclass[39m=[32m"MuiGrid-root MuiGrid-container MuiGrid-spacing-xs-2 css-12rc5ck-MuiGrid-root"[39m
      [36m>[39m
        [36m<div[39m
          [33mclass[39m=[32m"MuiGrid-root MuiGrid-item MuiGrid-grid-xs-12 MuiGrid-grid-sm-6 MuiGrid-grid-md-3 css-10voxkt-MuiGrid-root"[39m
        [36m>[39m
          [36m<div[39m
            [33mclass[39m=[32m"MuiFormControl-root MuiFormControl-fullWidth MuiTextField-root css-18hear-MuiFormControl-root-MuiTextField-root"[39m
          [36m>[39m
            [36m<div[39m
              [33mclass[39m=[32m"MuiInputBase-root MuiOutlinedInput-root MuiInputBase-colorPrimary MuiInputBase-fullWidth MuiInputBase-formControl MuiInputBase-sizeSmall MuiInputBase-adornedStart css-1cj7mpt-MuiInputBase-root-MuiOutlinedInput-root"[39m
            [36m>[39m
              [36m<div[39m
                [33mclass[39m=[32m"MuiInputAdornment-root MuiInputAdornment-positionStart MuiInputAdornment-outlined MuiInputAdornment-sizeSmall css-ittuaa-MuiInputAdornment-root"[39m
              [36m>[39m
                [36m<span[39m
                  [33mclass[39m=[32m"notranslate"[39m
                [36m>[39m
                  [0m​[0m
                [36m</span>[39m
                [36m<svg[39m
                  [33maria-hidden[39m=[32m"true"[39m
                  [33mclass[39m=[32m"MuiSvgIcon-root MuiSvgIcon-fontSizeMedium css-i4bv87-MuiSvgIcon-root"[39m
                  [33mdata-testid[39m=[32m"SearchIcon"[39m
                  [33mfocusable[39m=[32m"false"[39m
                  [33mviewBox[39m=[32m"0 0 24 24"[39m
                [36m>[39m
                  [36m<path[39m
                    [33md[39m=[32m"M15.5 14h-.79l-.28-.27C15.41 12.59 16 11.11 16 9.5 16 5.91 13.09 3 9.5 3S3 5.91 3 9.5 5.91 16 9.5 16c1.61 0 3.09-.59 4.23-1.57l.27.28v.79l5 4.99L20.49 19zm-6 0C7.01 14 5 11.99 5 9.5S7.01 5 9.5 5 14 7.01 14 9.5 11.99 14 9.5 14"[39m
                  [36m/>[39m
                [36m</svg>[39m
              [36m</div>[39m
              [36m<input[39m
                [33maria-invalid[39m=[32m"false"[39m
                [33mclass[39m=[32m"MuiInputBase-input MuiOutlinedInput-input MuiInputBase-inputSizeSmall MuiInputBase-inputAdornedStart css-1ua80n0-MuiInputBase-input-MuiOutlinedInput-input"[39m
                [33mid[39m=[32m":rt:"[39m
                [33mplaceholder[39m=[32m"Search payments..."[39m
                [33mtype[39m=[32m"text"[39m
                [33mvalue[39m=[32m""[39m
              [36m/>[39m
              [36m<fieldset[39m
                [33maria-hidden[39m=[32m"true"[39m
                [33mclass[39m=[32m"MuiOutlinedInput-notchedOutline css-r01yff-MuiNotchedOutlined-root-MuiOutlinedInput-notchedOutline"[39m
              [36m>[39m
                [36m<legend[39m
                  [33mclass[39m=[32m"css-1whs34k-MuiNotchedOutlined-root"[39m
                [36m>[39m
                  [36m<span[39m
                    [33mclass[39m=[32m"notranslate"[39m
                  [36m>[39m
                    [0m​[0m
                  [36m</span>[39m
                [36m</legend>[39m
              [36m</fieldset>[39m
            [36m</div>[39m
          [36m</div>[39m
        [36m</div>[39m
        [36m<div[39m
          [33mclass[39m=[32m"MuiGrid-root MuiGrid-item MuiGrid-grid-xs-12 MuiGrid-grid-sm-6 MuiGrid-grid-md-3 css-10voxkt-MuiGrid-root"[39m
        [36m>[39m
          [36m<div[39m
            [33mclass[39m=[32m"MuiFormControl-root MuiFormControl-fullWidth css-q8hpuo-MuiFormControl-root"[39m
          [36m>[39m
            [36m<label[39m
              [33mclass[39m=[32m"MuiFormLabel-root MuiInputLabel-root MuiInputLabel-formControl MuiInputLabel-animated MuiInputLabel-shrink MuiInputLabel-sizeSmall MuiInputLabel-outlined MuiFormLabel-colorPrimary MuiFormLabel-filled MuiInputLabel-root MuiInputLabel-formControl MuiInputLabel-animated MuiInputLabel-shrink MuiInputLabel-sizeSmall MuiInputLabel-outlined css-fe0mau-MuiFormLabel-root-MuiInputLabel-root"[39m
              [33mdata-shrink[39m=[32m"true"[39m
            [36m>[39m
              [0mStatus[0m
            [36m</label>[39m
            [36m<div[39m
              [33mclass[39m=[32m"MuiInputBase-root MuiOutlinedInput-root MuiInputBase-colorPrimary MuiInputBase-formControl MuiInputBase-sizeSmall css-13lg1x7-MuiInputBase-root-MuiOutlinedInput-root-MuiSelect-root"[39m
            [36m>[39m
              [36m<div[39m
                [33maria-controls[39m=[32m":ru:"[39m
                [33maria-expanded[39m=[32m"false"[39m
                [33maria-haspopup[39m=[32m"listbox"[39m
                [33mclass[39m=[32m"MuiSelect-select MuiSelect-outlined MuiInputBase-input MuiOutlinedInput-input MuiInputBase-inputSizeSmall css-1fzjff4-MuiSelect-select-MuiInputBase-input-MuiOutlinedInput-input"[39m
                [33mrole[39m=[32m"combobox"[39m
                [33mtabindex[39m=[32m"0"[39m
              [36m>[39m
                [0mAll Statuses[0m
              [36m</div>[39m
              [36m<input[39m
                [33maria-hidden[39m=[32m"true"[39m
                [33maria-invalid[39m=[32m"false"[39m
                [33mclass[39m=[32m"MuiSelect-nativeInput css-yf8vq0-MuiSelect-nativeInput"[39m
                [33mtabindex[39m=[32m"-1"[39m
                [33mvalue[39m=[32m"all"[39m
              [36m/>[39m
              [36m<svg[39m
                [33maria-hidden[39m=[32m"true"[39m
                [33mclass[39m=[32m"MuiSvgIcon-root MuiSvgIcon-fontSizeMedium MuiSelect-icon MuiSelect-iconOutlined css-hfutr2-MuiSvgIcon-root-MuiSelect-icon"[39m
                [33mdata-testid[39m=[32m"ArrowDropDownIcon"[39m
                [33mfocusable[39m=[32m"false"[39m
                [33mviewBox[39m=[32m"0 0 24 24"[39m
              [36m>[39m
                [36m<path[39m
                  [33md[39m=[32m"M7 10l5 5 5-5z"[39m
                [36m/>[39m
              [36m</svg>[...
 ❯ Object.getElementError node_modules/@testing-library/react/node_modules/@testing-library/dom/dist/config.js:37:19
 ❯ getElementError node_modules/@testing-library/react/node_modules/@testing-library/dom/dist/query-helpers.js:20:35
 ❯ getMultipleElementsFoundError node_modules/@testing-library/react/node_modules/@testing-library/dom/dist/query-helpers.js:23:10
 ❯ node_modules/@testing-library/react/node_modules/@testing-library/dom/dist/query-helpers.js:55:13
 ❯ node_modules/@testing-library/react/node_modules/@testing-library/dom/dist/query-helpers.js:95:19
 ❯ src/test/proposal.test.tsx:462:28
    460|     );
    461| 
    462|     fireEvent.click(screen.getByText('Accept Proposal'));
       |                            ^
    463| 
    464|     // Should show feedback form

⎯⎯⎯⎯⎯⎯⎯⎯⎯⎯⎯⎯⎯⎯⎯⎯⎯⎯⎯⎯⎯⎯[54/66]⎯

 FAIL  src/test/timeTracking.test.tsx > TimeTracker Component > should display timer in correct format
TestingLibraryElementError: Found multiple elements with the text: 00:00:00

Here are the matching elements:

Ignored nodes: comments, script, style
[36m<h3[39m
  [33mclass[39m=[32m"MuiTypography-root MuiTypography-h3 css-l00yh9-MuiTypography-root"[39m
[36m>[39m
  [0m00:00:00[0m
[36m</h3>[39m

Ignored nodes: comments, script, style
[36m<h3[39m
  [33mclass[39m=[32m"MuiTypography-root MuiTypography-h3 css-l00yh9-MuiTypography-root"[39m
[36m>[39m
  [0m00:00:00[0m
[36m</h3>[39m

(If this is intentional, then use the `*AllBy*` variant of the query (like `queryAllByText`, `getAllByText`, or `findAllByText`)).

Ignored nodes: comments, script, style
[36m<body[39m
  [33mstyle[39m=[32m"padding-right: 1024px; overflow: hidden;"[39m
[36m>[39m
  [36m<div[39m
    [33maria-hidden[39m=[32m"true"[39m
  [36m>[39m
    [36m<div[39m
      [33mclass[39m=[32m"MuiBox-root css-0"[39m
    [36m>[39m
      [36m<div[39m
        [33mclass[39m=[32m"MuiBox-root css-i3pbo"[39m
      [36m>[39m
        [36m<h5[39m
          [33mclass[39m=[32m"MuiTypography-root MuiTypography-h5 MuiTypography-gutterBottom css-1hkf4sh-MuiTypography-root"[39m
        [36m>[39m
          [0mPayment History[0m
        [36m</h5>[39m
        [36m<p[39m
          [33mclass[39m=[32m"MuiTypography-root MuiTypography-body2 css-xtz2xu-MuiTypography-root"[39m
        [36m>[39m
          [0m1[0m
          [0m payment[0m
          [0m found[0m
        [36m</p>[39m
      [36m</div>[39m
      [36m<div[39m
        [33mclass[39m=[32m"MuiGrid-root MuiGrid-container MuiGrid-spacing-xs-2 css-12rc5ck-MuiGrid-root"[39m
      [36m>[39m
        [36m<div[39m
          [33mclass[39m=[32m"MuiGrid-root MuiGrid-item MuiGrid-grid-xs-12 MuiGrid-grid-sm-6 MuiGrid-grid-md-3 css-10voxkt-MuiGrid-root"[39m
        [36m>[39m
          [36m<div[39m
            [33mclass[39m=[32m"MuiFormControl-root MuiFormControl-fullWidth MuiTextField-root css-18hear-MuiFormControl-root-MuiTextField-root"[39m
          [36m>[39m
            [36m<div[39m
              [33mclass[39m=[32m"MuiInputBase-root MuiOutlinedInput-root MuiInputBase-colorPrimary MuiInputBase-fullWidth MuiInputBase-formControl MuiInputBase-sizeSmall MuiInputBase-adornedStart css-1cj7mpt-MuiInputBase-root-MuiOutlinedInput-root"[39m
            [36m>[39m
              [36m<div[39m
                [33mclass[39m=[32m"MuiInputAdornment-root MuiInputAdornment-positionStart MuiInputAdornment-outlined MuiInputAdornment-sizeSmall css-ittuaa-MuiInputAdornment-root"[39m
              [36m>[39m
                [36m<span[39m
                  [33mclass[39m=[32m"notranslate"[39m
                [36m>[39m
                  [0m​[0m
                [36m</span>[39m
                [36m<svg[39m
                  [33maria-hidden[39m=[32m"true"[39m
                  [33mclass[39m=[32m"MuiSvgIcon-root MuiSvgIcon-fontSizeMedium css-i4bv87-MuiSvgIcon-root"[39m
                  [33mdata-testid[39m=[32m"SearchIcon"[39m
                  [33mfocusable[39m=[32m"false"[39m
                  [33mviewBox[39m=[32m"0 0 24 24"[39m
                [36m>[39m
                  [36m<path[39m
                    [33md[39m=[32m"M15.5 14h-.79l-.28-.27C15.41 12.59 16 11.11 16 9.5 16 5.91 13.09 3 9.5 3S3 5.91 3 9.5 5.91 16 9.5 16c1.61 0 3.09-.59 4.23-1.57l.27.28v.79l5 4.99L20.49 19zm-6 0C7.01 14 5 11.99 5 9.5S7.01 5 9.5 5 14 7.01 14 9.5 11.99 14 9.5 14"[39m
                  [36m/>[39m
                [36m</svg>[39m
              [36m</div>[39m
              [36m<input[39m
                [33maria-invalid[39m=[32m"false"[39m
                [33mclass[39m=[32m"MuiInputBase-input MuiOutlinedInput-input MuiInputBase-inputSizeSmall MuiInputBase-inputAdornedStart css-1ua80n0-MuiInputBase-input-MuiOutlinedInput-input"[39m
                [33mid[39m=[32m":rt:"[39m
                [33mplaceholder[39m=[32m"Search payments..."[39m
                [33mtype[39m=[32m"text"[39m
                [33mvalue[39m=[32m""[39m
              [36m/>[39m
              [36m<fieldset[39m
                [33maria-hidden[39m=[32m"true"[39m
                [33mclass[39m=[32m"MuiOutlinedInput-notchedOutline css-r01yff-MuiNotchedOutlined-root-MuiOutlinedInput-notchedOutline"[39m
              [36m>[39m
                [36m<legend[39m
                  [33mclass[39m=[32m"css-1whs34k-MuiNotchedOutlined-root"[39m
                [36m>[39m
                  [36m<span[39m
                    [33mclass[39m=[32m"notranslate"[39m
                  [36m>[39m
                    [0m​[0m
                  [36m</span>[39m
                [36m</legend>[39m
              [36m</fieldset>[39m
            [36m</div>[39m
          [36m</div>[39m
        [36m</div>[39m
        [36m<div[39m
          [33mclass[39m=[32m"MuiGrid-root MuiGrid-item MuiGrid-grid-xs-12 MuiGrid-grid-sm-6 MuiGrid-grid-md-3 css-10voxkt-MuiGrid-root"[39m
        [36m>[39m
          [36m<div[39m
            [33mclass[39m=[32m"MuiFormControl-root MuiFormControl-fullWidth css-q8hpuo-MuiFormControl-root"[39m
          [36m>[39m
            [36m<label[39m
              [33mclass[39m=[32m"MuiFormLabel-root MuiInputLabel-root MuiInputLabel-formControl MuiInputLabel-animated MuiInputLabel-shrink MuiInputLabel-sizeSmall MuiInputLabel-outlined MuiFormLabel-colorPrimary MuiFormLabel-filled MuiInputLabel-root MuiInputLabel-formControl MuiInputLabel-animated MuiInputLabel-shrink MuiInputLabel-sizeSmall MuiInputLabel-outlined css-fe0mau-MuiFormLabel-root-MuiInputLabel-root"[39m
              [33mdata-shrink[39m=[32m"true"[39m
            [36m>[39m
              [0mStatus[0m
            [36m</label>[39m
            [36m<div[39m
              [33mclass[39m=[32m"MuiInputBase-root MuiOutlinedInput-root MuiInputBase-colorPrimary MuiInputBase-formControl MuiInputBase-sizeSmall css-13lg1x7-MuiInputBase-root-MuiOutlinedInput-root-MuiSelect-root"[39m
            [36m>[39m
              [36m<div[39m
                [33maria-controls[39m=[32m":ru:"[39m
                [33maria-expanded[39m=[32m"false"[39m
                [33maria-haspopup[39m=[32m"listbox"[39m
                [33mclass[39m=[32m"MuiSelect-select MuiSelect-outlined MuiInputBase-input MuiOutlinedInput-input MuiInputBase-inputSizeSmall css-1fzjff4-MuiSelect-select-MuiInputBase-input-MuiOutlinedInput-input"[39m
                [33mrole[39m=[32m"combobox"[39m
                [33mtabindex[39m=[32m"0"[39m
              [36m>[39m
                [0mAll Statuses[0m
              [36m</div>[39m
              [36m<input[39m
                [33maria-hidden[39m=[32m"true"[39m
                [33maria-invalid[39m=[32m"false"[39m
                [33mclass[39m=[32m"MuiSelect-nativeInput css-yf8vq0-MuiSelect-nativeInput"[39m
                [33mtabindex[39m=[32m"-1"[39m
                [33mvalue[39m=[32m"all"[39m
              [36m/>[39m
              [36m<svg[39m
                [33maria-hidden[39m=[32m"true"[39m
                [33mclass[39m=[32m"MuiSvgIcon-root MuiSvgIcon-fontSizeMedium MuiSelect-icon MuiSelect-iconOutlined css-hfutr2-MuiSvgIcon-root-MuiSelect-icon"[39m
                [33mdata-testid[39m=[32m"ArrowDropDownIcon"[39m
                [33mfocusable[39m=[32m"false"[39m
                [33mviewBox[39m=[32m"0 0 24 24"[39m
              [36m>[39m
                [36m<path[39m
                  [33md[39m=[32m"M7 10l5 5 5-5z"[39m
                [36m/>[39m
              [36m</svg>[...
 ❯ Object.getElementError node_modules/@testing-library/react/node_modules/@testing-library/dom/dist/config.js:37:19
 ❯ getElementError node_modules/@testing-library/react/node_modules/@testing-library/dom/dist/query-helpers.js:20:35
 ❯ getMultipleElementsFoundError node_modules/@testing-library/react/node_modules/@testing-library/dom/dist/query-helpers.js:23:10
 ❯ node_modules/@testing-library/react/node_modules/@testing-library/dom/dist/query-helpers.js:55:13
 ❯ node_modules/@testing-library/react/node_modules/@testing-library/dom/dist/query-helpers.js:95:19
 ❯ src/test/timeTracking.test.tsx:61:19
     59|   it('should display timer in correct format', () => {
     60|     renderWithProviders(<TimeTracker />);
     61|     expect(screen.getByText('00:00:00')).toBeInTheDocument();
       |                   ^
     62|   });
     63| 

⎯⎯⎯⎯⎯⎯⎯⎯⎯⎯⎯⎯⎯⎯⎯⎯⎯⎯⎯⎯⎯⎯[55/66]⎯

 FAIL  src/test/timeTracking.test.tsx > TimeTracker Component > should start tracking when button clicked
TestingLibraryElementError: Found a label with the text of: Project, however no form control was found associated to that label. Make sure you're using the "for" attribute or "aria-labelledby" attribute correctly.

Ignored nodes: comments, script, style
[36m<body[39m
  [33mstyle[39m=[32m"padding-right: 1024px; overflow: hidden;"[39m
[36m>[39m
  [36m<div[39m
    [33maria-hidden[39m=[32m"true"[39m
  [36m>[39m
    [36m<div[39m
      [33mclass[39m=[32m"MuiBox-root css-0"[39m
    [36m>[39m
      [36m<div[39m
        [33mclass[39m=[32m"MuiBox-root css-i3pbo"[39m
      [36m>[39m
        [36m<h5[39m
          [33mclass[39m=[32m"MuiTypography-root MuiTypography-h5 MuiTypography-gutterBottom css-1hkf4sh-MuiTypography-root"[39m
        [36m>[39m
          [0mPayment History[0m
        [36m</h5>[39m
        [36m<p[39m
          [33mclass[39m=[32m"MuiTypography-root MuiTypography-body2 css-xtz2xu-MuiTypography-root"[39m
        [36m>[39m
          [0m1[0m
          [0m payment[0m
          [0m found[0m
        [36m</p>[39m
      [36m</div>[39m
      [36m<div[39m
        [33mclass[39m=[32m"MuiGrid-root MuiGrid-container MuiGrid-spacing-xs-2 css-12rc5ck-MuiGrid-root"[39m
      [36m>[39m
        [36m<div[39m
          [33mclass[39m=[32m"MuiGrid-root MuiGrid-item MuiGrid-grid-xs-12 MuiGrid-grid-sm-6 MuiGrid-grid-md-3 css-10voxkt-MuiGrid-root"[39m
        [36m>[39m
          [36m<div[39m
            [33mclass[39m=[32m"MuiFormControl-root MuiFormControl-fullWidth MuiTextField-root css-18hear-MuiFormControl-root-MuiTextField-root"[39m
          [36m>[39m
            [36m<div[39m
              [33mclass[39m=[32m"MuiInputBase-root MuiOutlinedInput-root MuiInputBase-colorPrimary MuiInputBase-fullWidth MuiInputBase-formControl MuiInputBase-sizeSmall MuiInputBase-adornedStart css-1cj7mpt-MuiInputBase-root-MuiOutlinedInput-root"[39m
            [36m>[39m
              [36m<div[39m
                [33mclass[39m=[32m"MuiInputAdornment-root MuiInputAdornment-positionStart MuiInputAdornment-outlined MuiInputAdornment-sizeSmall css-ittuaa-MuiInputAdornment-root"[39m
              [36m>[39m
                [36m<span[39m
                  [33mclass[39m=[32m"notranslate"[39m
                [36m>[39m
                  [0m​[0m
                [36m</span>[39m
                [36m<svg[39m
                  [33maria-hidden[39m=[32m"true"[39m
                  [33mclass[39m=[32m"MuiSvgIcon-root MuiSvgIcon-fontSizeMedium css-i4bv87-MuiSvgIcon-root"[39m
                  [33mdata-testid[39m=[32m"SearchIcon"[39m
                  [33mfocusable[39m=[32m"false"[39m
                  [33mviewBox[39m=[32m"0 0 24 24"[39m
                [36m>[39m
                  [36m<path[39m
                    [33md[39m=[32m"M15.5 14h-.79l-.28-.27C15.41 12.59 16 11.11 16 9.5 16 5.91 13.09 3 9.5 3S3 5.91 3 9.5 5.91 16 9.5 16c1.61 0 3.09-.59 4.23-1.57l.27.28v.79l5 4.99L20.49 19zm-6 0C7.01 14 5 11.99 5 9.5S7.01 5 9.5 5 14 7.01 14 9.5 11.99 14 9.5 14"[39m
                  [36m/>[39m
                [36m</svg>[39m
              [36m</div>[39m
              [36m<input[39m
                [33maria-invalid[39m=[32m"false"[39m
                [33mclass[39m=[32m"MuiInputBase-input MuiOutlinedInput-input MuiInputBase-inputSizeSmall MuiInputBase-inputAdornedStart css-1ua80n0-MuiInputBase-input-MuiOutlinedInput-input"[39m
                [33mid[39m=[32m":rt:"[39m
                [33mplaceholder[39m=[32m"Search payments..."[39m
                [33mtype[39m=[32m"text"[39m
                [33mvalue[39m=[32m""[39m
              [36m/>[39m
              [36m<fieldset[39m
                [33maria-hidden[39m=[32m"true"[39m
                [33mclass[39m=[32m"MuiOutlinedInput-notchedOutline css-r01yff-MuiNotchedOutlined-root-MuiOutlinedInput-notchedOutline"[39m
              [36m>[39m
                [36m<legend[39m
                  [33mclass[39m=[32m"css-1whs34k-MuiNotchedOutlined-root"[39m
                [36m>[39m
                  [36m<span[39m
                    [33mclass[39m=[32m"notranslate"[39m
                  [36m>[39m
                    [0m​[0m
                  [36m</span>[39m
                [36m</legend>[39m
              [36m</fieldset>[39m
            [36m</div>[39m
          [36m</div>[39m
        [36m</div>[39m
        [36m<div[39m
          [33mclass[39m=[32m"MuiGrid-root MuiGrid-item MuiGrid-grid-xs-12 MuiGrid-grid-sm-6 MuiGrid-grid-md-3 css-10voxkt-MuiGrid-root"[39m
        [36m>[39m
          [36m<div[39m
            [33mclass[39m=[32m"MuiFormControl-root MuiFormControl-fullWidth css-q8hpuo-MuiFormControl-root"[39m
          [36m>[39m
            [36m<label[39m
              [33mclass[39m=[32m"MuiFormLabel-root MuiInputLabel-root MuiInputLabel-formControl MuiInputLabel-animated MuiInputLabel-shrink MuiInputLabel-sizeSmall MuiInputLabel-outlined MuiFormLabel-colorPrimary MuiFormLabel-filled MuiInputLabel-root MuiInputLabel-formControl MuiInputLabel-animated MuiInputLabel-shrink MuiInputLabel-sizeSmall MuiInputLabel-outlined css-fe0mau-MuiFormLabel-root-MuiInputLabel-root"[39m
              [33mdata-shrink[39m=[32m"true"[39m
            [36m>[39m
              [0mStatus[0m
            [36m</label>[39m
            [36m<div[39m
              [33mclass[39m=[32m"MuiInputBase-root MuiOutlinedInput-root MuiInputBase-colorPrimary MuiInputBase-formControl MuiInputBase-sizeSmall css-13lg1x7-MuiInputBase-root-MuiOutlinedInput-root-MuiSelect-root"[39m
            [36m>[39m
              [36m<div[39m
                [33maria-controls[39m=[32m":ru:"[39m
                [33maria-expanded[39m=[32m"false"[39m
                [33maria-haspopup[39m=[32m"listbox"[39m
                [33mclass[39m=[32m"MuiSelect-select MuiSelect-outlined MuiInputBase-input MuiOutlinedInput-input MuiInputBase-inputSizeSmall css-1fzjff4-MuiSelect-select-MuiInputBase-input-MuiOutlinedInput-input"[39m
                [33mrole[39m=[32m"combobox"[39m
                [33mtabindex[39m=[32m"0"[39m
              [36m>[39m
                [0mAll Statuses[0m
              [36m</div>[39m
              [36m<input[39m
                [33maria-hidden[39m=[32m"true"[39m
                [33maria-invalid[39m=[32m"false"[39m
                [33mclass[39m=[32m"MuiSelect-nativeInput css-yf8vq0-MuiSelect-nativeInput"[39m
                [33mtabindex[39m=[32m"-1"[39m
                [33mvalue[39m=[32m"all"[39m
              [36m/>[39m
              [36m<svg[39m
                [33maria-hidden[39m=[32m"true"[39m
                [33mclass[39m=[32m"MuiSvgIcon-root MuiSvgIcon-fontSizeMedium MuiSelect-icon MuiSelect-iconOutlined css-hfutr2-MuiSvgIcon-root-MuiSelect-icon"[39m
                [33mdata-testid[39m=[32m"ArrowDropDownIcon"[39m
                [33mfocusable[39m=[32m"false"[39m
                [33mviewBox[39m=[32m"0 0 24 24"[39m
              [36m>[39m
                [36m<path[39m
                  [33md[39m=[32m"M7 10l5 5 5-5z"[39m
                [36m/>[39m
              [36m</svg>[...

Ignored nodes: comments, script, style
[36m<html>[39m
  [36m<head />[39m
  [36m<body[39m
    [33mstyle[39m=[32m"padding-right: 1024px; overflow: hidden;"[39m
  [36m>[39m
    [36m<div[39m
      [33maria-hidden[39m=[32m"true"[39m
    [36m>[39m
      [36m<div[39m
        [33mclass[39m=[32m"MuiBox-root css-0"[39m
      [36m>[39m
        [36m<div[39m
          [33mclass[39m=[32m"MuiBox-root css-i3pbo"[39m
        [36m>[39m
          [36m<h5[39m
            [33mclass[39m=[32m"MuiTypography-root MuiTypography-h5 MuiTypography-gutterBottom css-1hkf4sh-MuiTypography-root"[39m
          [36m>[39m
            [0mPayment History[0m
          [36m</h5>[39m
          [36m<p[39m
            [33mclass[39m=[32m"MuiTypography-root MuiTypography-body2 css-xtz2xu-MuiTypography-root"[39m
          [36m>[39m
            [0m1[0m
            [0m payment[0m
            [0m found[0m
          [36m</p>[39m
        [36m</div>[39m
        [36m<div[39m
          [33mclass[39m=[32m"MuiGrid-root MuiGrid-container MuiGrid-spacing-xs-2 css-12rc5ck-MuiGrid-root"[39m
        [36m>[39m
          [36m<div[39m
            [33mclass[39m=[32m"MuiGrid-root MuiGrid-item MuiGrid-grid-xs-12 MuiGrid-grid-sm-6 MuiGrid-grid-md-3 css-10voxkt-MuiGrid-root"[39m
          [36m>[39m
            [36m<div[39m
              [33mclass[39m=[32m"MuiFormControl-root MuiFormControl-fullWidth MuiTextField-root css-18hear-MuiFormControl-root-MuiTextField-root"[39m
            [36m>[39m
              [36m<div[39m
                [33mclass[39m=[32m"MuiInputBase-root MuiOutlinedInput-root MuiInputBase-colorPrimary MuiInputBase-fullWidth MuiInputBase-formControl MuiInputBase-sizeSmall MuiInputBase-adornedStart css-1cj7mpt-MuiInputBase-root-MuiOutlinedInput-root"[39m
              [36m>[39m
                [36m<div[39m
                  [33mclass[39m=[32m"MuiInputAdornment-root MuiInputAdornment-positionStart MuiInputAdornment-outlined MuiInputAdornment-sizeSmall css-ittuaa-MuiInputAdornment-root"[39m
                [36m>[39m
                  [36m<span[39m
                    [33mclass[39m=[32m"notranslate"[39m
                  [36m>[39m
                    [0m​[0m
                  [36m</span>[39m
                  [36m<svg[39m
                    [33maria-hidden[39m=[32m"true"[39m
                    [33mclass[39m=[32m"MuiSvgIcon-root MuiSvgIcon-fontSizeMedium css-i4bv87-MuiSvgIcon-root"[39m
                    [33mdata-testid[39m=[32m"SearchIcon"[39m
                    [33mfocusable[39m=[32m"false"[39m
                    [33mviewBox[39m=[32m"0 0 24 24"[39m
                  [36m>[39m
                    [36m<path[39m
                      [33md[39m=[32m"M15.5 14h-.79l-.28-.27C15.41 12.59 16 11.11 16 9.5 16 5.91 13.09 3 9.5 3S3 5.91 3 9.5 5.91 16 9.5 16c1.61 0 3.09-.59 4.23-1.57l.27.28v.79l5 4.99L20.49 19zm-6 0C7.01 14 5 11.99 5 9.5S7.01 5 9.5 5 14 7.01 14 9.5 11.99 14 9.5 14"[39m
                    [36m/>[39m
                  [36m</svg>[39m
                [36m</div>[39m
                [36m<input[39m
                  [33maria-invalid[39m=[32m"false"[39m
                  [33mclass[39m=[32m"MuiInputBase-input MuiOutlinedInput-input MuiInputBase-inputSizeSmall MuiInputBase-inputAdornedStart css-1ua80n0-MuiInputBase-input-MuiOutlinedInput-input"[39m
                  [33mid[39m=[32m":rt:"[39m
                  [33mplaceholder[39m=[32m"Search payments..."[39m
                  [33mtype[39m=[32m"text"[39m
                  [33mvalue[39m=[32m""[39m
                [36m/>[39m
                [36m<fieldset[39m
                  [33maria-hidden[39m=[32m"true"[39m
                  [33mclass[39m=[32m"MuiOutlinedInput-notchedOutline css-r01yff-MuiNotchedOutlined-root-MuiOutlinedInput-notchedOutline"[39m
                [36m>[39m
                  [36m<legend[39m
                    [33mclass[39m=[32m"css-1whs34k-MuiNotchedOutlined-root"[39m
                  [36m>[39m
                    [36m<span[39m
                      [33mclass[39m=[32m"notranslate"[39m
                    [36m>[39m
                      [0m​[0m
                    [36m</span>[39m
                  [36m</legend>[39m
                [36m</fieldset>[39m
              [36m</div>[39m
            [36m</div>[39m
          [36m</div>[39m
          [36m<div[39m
            [33mclass[39m=[32m"MuiGrid-root MuiGrid-item MuiGrid-grid-xs-12 MuiGrid-grid-sm-6 MuiGrid-grid-md-3 css-10voxkt-MuiGrid-root"[39m
          [36m>[39m
            [36m<div[39m
              [33mclass[39m=[32m"MuiFormControl-root MuiFormControl-fullWidth css-q8hpuo-MuiFormControl-root"[39m
            [36m>[39m
              [36m<label[39m
                [33mclass[39m=[32m"MuiFormLabel-root MuiInputLabel-root MuiInputLabel-formControl MuiInputLabel-animated MuiInputLabel-shrink MuiInputLabel-sizeSmall MuiInputLabel-outlined MuiFormLabel-colorPrimary MuiFormLabel-filled MuiInputLabel-root MuiInputLabel-formControl MuiInputLabel-animated MuiInputLabel-shrink MuiInputLabel-sizeSmall MuiInputLabel-outlined css-fe0mau-MuiFormLabel-root-MuiInputLabel-root"[39m
                [33mdata-shrink[39m=[32m"true"[39m
              [36m>[39m
                [0mStatus[0m
              [36m</label>[39m
              [36m<div[39m
                [33mclass[39m=[32m"MuiInputBase-root MuiOutlinedInput-root MuiInputBase-colorPrimary MuiInputBase-formControl MuiInputBase-sizeSmall css-13lg1x7-MuiInputBase-root-MuiOutlinedInput-root-MuiSelect-root"[39m
              [36m>[39m
                [36m<div[39m
                  [33maria-controls[39m=[32m":ru:"[39m
                  [33maria-expanded[39m=[32m"false"[39m
                  [33maria-haspopup[39m=[32m"listbox"[39m
                  [33mclass[39m=[32m"MuiSelect-select MuiSelect-outlined MuiInputBase-input MuiOutlinedInput-input MuiInputBase-inputSizeSmall css-1fzjff4-MuiSelect-select-MuiInputBase-input-MuiOutlinedInput-input"[39m
                  [33mrole[39m=[32m"combobox"[39m
                  [33mtabindex[39m=[32m"0"[39m
                [36m>[39m
                  [0mAll Statuses[0m
                [36m</div>[39m
                [36m<input[39m
                  [33maria-hidden[39m=[32m"true"[39m
                  [33maria-invalid[39m=[32m"false"[39m
                  [33mclass[39m=[32m"MuiSelect-nativeInput css-yf8vq0-MuiSelect-nativeInput"[39m
                  [33mtabindex[39m=[32m"-1"[39m
                  [33mvalue[39m=[32m"all"[39m
                [36m/>[39m
                [36m<svg[39m
                  [33maria-hidden[39m=[32m"true"[39m
                  [33mclass[39m=[32m"MuiSvgIcon-root MuiSvgIcon-fontSizeMedium MuiSelect-icon MuiSelect-iconOutlined css-hfutr2-MuiSvgIcon-root-MuiSelect-icon"[39m
                  [33mdata-testid[39m=[32m"ArrowDropDownIcon"[39m
       ...
 ❯ Proxy.waitForWrapper node_modules/@testing-library/react/node_modules/@testing-library/dom/dist/wait-for.js:163:27
 ❯ src/test/timeTracking.test.tsx:77:11
     75|     renderWithProviders(<TimeTracker />);
     76| 
     77|     await waitFor(() => {
       |           ^
     78|       expect(screen.getByLabelText('Project')).toBeInTheDocument();
     79|     });

⎯⎯⎯⎯⎯⎯⎯⎯⎯⎯⎯⎯⎯⎯⎯⎯⎯⎯⎯⎯⎯⎯[56/66]⎯

 FAIL  src/test/timeTracking.test.tsx > TimeTracker Component > should stop tracking and save entry
TestingLibraryElementError: Found multiple elements with the text: Start Tracking

Here are the matching elements:

Ignored nodes: comments, script, style
[36m<button[39m
  [33mclass[39m=[32m"MuiButtonBase-root MuiButton-root MuiButton-contained MuiButton-containedPrimary MuiButton-sizeLarge MuiButton-containedSizeLarge MuiButton-colorPrimary MuiButton-root MuiButton-contained MuiButton-containedPrimary MuiButton-sizeLarge MuiButton-containedSizeLarge MuiButton-colorPrimary css-jh47zj-MuiButtonBase-root-MuiButton-root"[39m
  [33mtabindex[39m=[32m"0"[39m
  [33mtype[39m=[32m"button"[39m
[36m>[39m
  [36m<span[39m
    [33mclass[39m=[32m"MuiButton-icon MuiButton-startIcon MuiButton-iconSizeLarge css-htszrh-MuiButton-startIcon"[39m
  [36m>[39m
    [36m<svg[39m
      [33maria-hidden[39m=[32m"true"[39m
      [33mclass[39m=[32m"MuiSvgIcon-root MuiSvgIcon-fontSizeMedium css-i4bv87-MuiSvgIcon-root"[39m
      [33mdata-testid[39m=[32m"PlayArrowIcon"[39m
      [33mfocusable[39m=[32m"false"[39m
      [33mviewBox[39m=[32m"0 0 24 24"[39m
    [36m>[39m
      [36m<path[39m
        [33md[39m=[32m"M8 5v14l11-7z"[39m
      [36m/>[39m
    [36m</svg>[39m
  [36m</span>[39m
  [0mStart Tracking[0m
  [36m<span[39m
    [33mclass[39m=[32m"MuiTouchRipple-root css-8je8zh-MuiTouchRipple-root"[39m
  [36m/>[39m
[36m</button>[39m

Ignored nodes: comments, script, style
[36m<button[39m
  [33mclass[39m=[32m"MuiButtonBase-root MuiButton-root MuiButton-contained MuiButton-containedPrimary MuiButton-sizeLarge MuiButton-containedSizeLarge MuiButton-colorPrimary MuiButton-root MuiButton-contained MuiButton-containedPrimary MuiButton-sizeLarge MuiButton-containedSizeLarge MuiButton-colorPrimary css-jh47zj-MuiButtonBase-root-MuiButton-root"[39m
  [33mtabindex[39m=[32m"0"[39m
  [33mtype[39m=[32m"button"[39m
[36m>[39m
  [36m<span[39m
    [33mclass[39m=[32m"MuiButton-icon MuiButton-startIcon MuiButton-iconSizeLarge css-htszrh-MuiButton-startIcon"[39m
  [36m>[39m
    [36m<svg[39m
      [33maria-hidden[39m=[32m"true"[39m
      [33mclass[39m=[32m"MuiSvgIcon-root MuiSvgIcon-fontSizeMedium css-i4bv87-MuiSvgIcon-root"[39m
      [33mdata-testid[39m=[32m"PlayArrowIcon"[39m
      [33mfocusable[39m=[32m"false"[39m
      [33mviewBox[39m=[32m"0 0 24 24"[39m
    [36m>[39m
      [36m<path[39m
        [33md[39m=[32m"M8 5v14l11-7z"[39m
      [36m/>[39m
    [36m</svg>[39m
  [36m</span>[39m
  [0mStart Tracking[0m
  [36m<span[39m
    [33mclass[39m=[32m"MuiTouchRipple-root css-8je8zh-MuiTouchRipple-root"[39m
  [36m/>[39m
[36m</button>[39m

Ignored nodes: comments, script, style
[36m<button[39m
  [33mclass[39m=[32m"MuiButtonBase-root MuiButton-root MuiButton-contained MuiButton-containedPrimary MuiButton-sizeLarge MuiButton-containedSizeLarge MuiButton-colorPrimary MuiButton-root MuiButton-contained MuiButton-containedPrimary MuiButton-sizeLarge MuiButton-containedSizeLarge MuiButton-colorPrimary css-jh47zj-MuiButtonBase-root-MuiButton-root"[39m
  [33mtabindex[39m=[32m"0"[39m
  [33mtype[39m=[32m"button"[39m
[36m>[39m
  [36m<span[39m
    [33mclass[39m=[32m"MuiButton-icon MuiButton-startIcon MuiButton-iconSizeLarge css-htszrh-MuiButton-startIcon"[39m
  [36m>[39m
    [36m<svg[39m
      [33maria-hidden[39m=[32m"true"[39m
      [33mclass[39m=[32m"MuiSvgIcon-root MuiSvgIcon-fontSizeMedium css-i4bv87-MuiSvgIcon-root"[39m
      [33mdata-testid[39m=[32m"PlayArrowIcon"[39m
      [33mfocusable[39m=[32m"false"[39m
      [33mviewBox[39m=[32m"0 0 24 24"[39m
    [36m>[39m
      [36m<path[39m
        [33md[39m=[32m"M8 5v14l11-7z"[39m
      [36m/>[39m
    [36m</svg>[39m
  [36m</span>[39m
  [0mStart Tracking[0m
  [36m<span[39m
    [33mclass[39m=[32m"MuiTouchRipple-root css-8je8zh-MuiTouchRipple-root"[39m
  [36m/>[39m
[36m</button>[39m

Ignored nodes: comments, script, style
[36m<button[39m
  [33mclass[39m=[32m"MuiButtonBase-root MuiButton-root MuiButton-contained MuiButton-containedPrimary MuiButton-sizeLarge MuiButton-containedSizeLarge MuiButton-colorPrimary MuiButton-root MuiButton-contained MuiButton-containedPrimary MuiButton-sizeLarge MuiButton-containedSizeLarge MuiButton-colorPrimary css-jh47zj-MuiButtonBase-root-MuiButton-root"[39m
  [33mtabindex[39m=[32m"0"[39m
  [33mtype[39m=[32m"button"[39m
[36m>[39m
  [36m<span[39m
    [33mclass[39m=[32m"MuiButton-icon MuiButton-startIcon MuiButton-iconSizeLarge css-htszrh-MuiButton-startIcon"[39m
  [36m>[39m
    [36m<svg[39m
      [33maria-hidden[39m=[32m"true"[39m
      [33mclass[39m=[32m"MuiSvgIcon-root MuiSvgIcon-fontSizeMedium css-i4bv87-MuiSvgIcon-root"[39m
      [33mdata-testid[39m=[32m"PlayArrowIcon"[39m
      [33mfocusable[39m=[32m"false"[39m
      [33mviewBox[39m=[32m"0 0 24 24"[39m
    [36m>[39m
      [36m<path[39m
        [33md[39m=[32m"M8 5v14l11-7z"[39m
      [36m/>[39m
    [36m</svg>[39m
  [36m</span>[39m
  [0mStart Tracking[0m
  [36m<span[39m
    [33mclass[39m=[32m"MuiTouchRipple-root css-8je8zh-MuiTouchRipple-root"[39m
  [36m/>[39m
[36m</button>[39m

(If this is intentional, then use the `*AllBy*` variant of the query (like `queryAllByText`, `getAllByText`, or `findAllByText`)).

Ignored nodes: comments, script, style
[36m<body[39m
  [33mstyle[39m=[32m"padding-right: 1024px; overflow: hidden;"[39m
[36m>[39m
  [36m<div[39m
    [33maria-hidden[39m=[32m"true"[39m
  [36m>[39m
    [36m<div[39m
      [33mclass[39m=[32m"MuiBox-root css-0"[39m
    [36m>[39m
      [36m<div[39m
        [33mclass[39m=[32m"MuiBox-root css-i3pbo"[39m
      [36m>[39m
        [36m<h5[39m
          [33mclass[39m=[32m"MuiTypography-root MuiTypography-h5 MuiTypography-gutterBottom css-1hkf4sh-MuiTypography-root"[39m
        [36m>[39m
          [0mPayment History[0m
        [36m</h5>[39m
        [36m<p[39m
          [33mclass[39m=[32m"MuiTypography-root MuiTypography-body2 css-xtz2xu-MuiTypography-root"[39m
        [36m>[39m
          [0m1[0m
          [0m payment[0m
          [0m found[0m
        [36m</p>[39m
      [36m</div>[39m
      [36m<div[39m
        [33mclass[39m=[32m"MuiGrid-root MuiGrid-container MuiGrid-spacing-xs-2 css-12rc5ck-MuiGrid-root"[39m
      [36m>[39m
        [36m<div[39m
          [33mclass[39m=[32m"MuiGrid-root MuiGrid-item MuiGrid-grid-xs-12 MuiGrid-grid-sm-6 MuiGrid-grid-md-3 css-10voxkt-MuiGrid-root"[39m
        [36m>[39m
          [36m<div[39m
            [33mclass[39m=[32m"MuiFormControl-root MuiFormControl-fullWidth MuiTextField-root css-18hear-MuiFormControl-root-MuiTextField-root"[39m
          [36m>[39m
            [36m<div[39m
              [33mclass[39m=[32m"MuiInputBase-root MuiOutlinedInput-root MuiInputBase-colorPrimary MuiInputBase-fullWidth MuiInputBase-formControl MuiInputBase-sizeSmall MuiInputBase-adornedStart css-1cj7mpt-MuiInputBase-root-MuiOutlinedInput-root"[39m
            [36m>[39m
              [36m<div[39m
                [33mclass[39m=[32m"MuiInputAdornment-root MuiInputAdornment-positionStart MuiInputAdornment-outlined MuiInputAdornment-sizeSmall css-ittuaa-MuiInputAdornment-root"[39m
              [36m>[39m
                [36m<span[39m
                  [33mclass[39m=[32m"notranslate"[39m
                [36m>[39m
                  [0m​[0m
                [36m</span>[39m
                [36m<svg[39m
                  [33maria-hidden[39m=[32m"true"[39m
                  [33mclass[39m=[32m"MuiSvgIcon-root MuiSvgIcon-fontSizeMedium css-i4bv87-MuiSvgIcon-root"[39m
                  [33mdata-testid[39m=[32m"SearchIcon"[39m
                  [33mfocusable[39m=[32m"false"[39m
                  [33mviewBox[39m=[32m"0 0 24 24"[39m
                [36m>[39m
                  [36m<path[39m
                    [33md[39m=[32m"M15.5 14h-.79l-.28-.27C15.41 12.59 16 11.11 16 9.5 16 5.91 13.09 3 9.5 3S3 5.91 3 9.5 5.91 16 9.5 16c1.61 0 3.09-.59 4.23-1.57l.27.28v.79l5 4.99L20.49 19zm-6 0C7.01 14 5 11.99 5 9.5S7.01 5 9.5 5 14 7.01 14 9.5 11.99 14 9.5 14"[39m
                  [36m/>[39m
                [36m</svg>[39m
              [36m</div>[39m
              [36m<input[39m
                [33maria-invalid[39m=[32m"false"[39m
                [33mclass[39m=[32m"MuiInputBase-input MuiOutlinedInput-input MuiInputBase-inputSizeSmall MuiInputBase-inputAdornedStart css-1ua80n0-MuiInputBase-input-MuiOutlinedInput-input"[39m
                [33mid[39m=[32m":rt:"[39m
                [33mplaceholder[39m=[32m"Search payments..."[39m
                [33mtype[39m=[32m"text"[39m
                [33mvalue[39m=[32m""[39m
              [36m/>[39m
              [36m<fieldset[39m
                [33maria-hidden[39m=[32m"true"[39m
                [33mclass[39m=[32m"MuiOutlinedInput-notchedOutline css-r01yff-MuiNotchedOutlined-root-MuiOutlinedInput-notchedOutline"[39m
              [36m>[39m
                [36m<legend[39m
                  [33mclass[39m=[32m"css-1whs34k-MuiNotchedOutlined-root"[39m
                [36m>[39m
                  [36m<span[39m
                    [33mclass[39m=[32m"notranslate"[39m
                  [36m>[39m
                    [0m​[0m
                  [36m</span>[39m
                [36m</legend>[39m
              [36m</fieldset>[39m
            [36m</div>[39m
          [36m</div>[39m
        [36m</div>[39m
        [36m<div[39m
          [33mclass[39m=[32m"MuiGrid-root MuiGrid-item MuiGrid-grid-xs-12 MuiGrid-grid-sm-6 MuiGrid-grid-md-3 css-10voxkt-MuiGrid-root"[39m
        [36m>[39m
          [36m<div[39m
            [33mclass[39m=[32m"MuiFormControl-root MuiFormControl-fullWidth css-q8hpuo-MuiFormControl-root"[39m
          [36m>[39m
            [36m<label[39m
              [33mclass[39m=[32m"MuiFormLabel-root MuiInputLabel-root MuiInputLabel-formControl MuiInputLabel-animated MuiInputLabel-shrink MuiInputLabel-sizeSmall MuiInputLabel-outlined MuiFormLabel-colorPrimary MuiFormLabel-filled MuiInputLabel-root MuiInputLabel-formControl MuiInputLabel-animated MuiInputLabel-shrink MuiInputLabel-sizeSmall MuiInputLabel-outlined css-fe0mau-MuiFormLabel-root-MuiInputLabel-root"[39m
              [33mdata-shrink[39m=[32m"true"[39m
            [36m>[39m
              [0mStatus[0m
            [36m</label>[39m
            [36m<div[39m
              [33mclass[39m=[32m"MuiInputBase-root MuiOutlinedInput-root MuiInputBase-colorPrimary MuiInputBase-formControl MuiInputBase-sizeSmall css-13lg1x7-MuiInputBase-root-MuiOutlinedInput-root-MuiSelect-root"[39m
            [36m>[39m
              [36m<div[39m
                [33maria-controls[39m=[32m":ru:"[39m
                [33maria-expanded[39m=[32m"false"[39m
                [33maria-haspopup[39m=[32m"listbox"[39m
                [33mclass[39m=[32m"MuiSelect-select MuiSelect-outlined MuiInputBase-input MuiOutlinedInput-input MuiInputBase-inputSizeSmall css-1fzjff4-MuiSelect-select-MuiInputBase-input-MuiOutlinedInput-input"[39m
                [33mrole[39m=[32m"combobox"[39m
                [33mtabindex[39m=[32m"0"[39m
              [36m>[39m
                [0mAll Statuses[0m
              [36m</div>[39m
              [36m<input[39m
                [33maria-hidden[39m=[32m"true"[39m
                [33maria-invalid[39m=[32m"false"[39m
                [33mclass[39m=[32m"MuiSelect-nativeInput css-yf8vq0-MuiSelect-nativeInput"[39m
                [33mtabindex[39m=[32m"-1"[39m
                [33mvalue[39m=[32m"all"[39m
              [36m/>[39m
              [36m<svg[39m
                [33maria-hidden[39m=[32m"true"[39m
                [33mclass[39m=[32m"MuiSvgIcon-root MuiSvgIcon-fontSizeMedium MuiSelect-icon MuiSelect-iconOutlined css-hfutr2-MuiSvgIcon-root-MuiSelect-icon"[39m
                [33mdata-testid[39m=[32m"ArrowDropDownIcon"[39m
                [33mfocusable[39m=[32m"false"[39m
                [33mviewBox[39m=[32m"0 0 24 24"[39m
              [36m>[39m
                [36m<path[39m
                  [33md[39m=[32m"M7 10l5 5 5-5z"[39m
                [36m/>[39m
              [36m</svg>[...
 ❯ Object.getElementError node_modules/@testing-library/react/node_modules/@testing-library/dom/dist/config.js:37:19
 ❯ getElementError node_modules/@testing-library/react/node_modules/@testing-library/dom/dist/query-helpers.js:20:35
 ❯ getMultipleElementsFoundError node_modules/@testing-library/react/node_modules/@testing-library/dom/dist/query-helpers.js:23:10
 ❯ node_modules/@testing-library/react/node_modules/@testing-library/dom/dist/query-helpers.js:55:13
 ❯ node_modules/@testing-library/react/node_modules/@testing-library/dom/dist/query-helpers.js:95:19
 ❯ src/test/timeTracking.test.tsx:116:32
    114| 
    115|     // Start tracking first
    116|     const startButton = screen.getByText('Start Tracking');
       |                                ^
    117|     fireEvent.click(startButton);
    118| 

⎯⎯⎯⎯⎯⎯⎯⎯⎯⎯⎯⎯⎯⎯⎯⎯⎯⎯⎯⎯⎯⎯[57/66]⎯

 FAIL  src/test/timeTracking.test.tsx > TimeReport Component > should generate report
TestingLibraryElementError: Found multiple elements with the text of: Start Date

Here are the matching elements:

Ignored nodes: comments, script, style
[36m<input[39m
  [33maria-invalid[39m=[32m"false"[39m
  [33mclass[39m=[32m"MuiInputBase-input MuiOutlinedInput-input css-1t8l2tu-MuiInputBase-input-MuiOutlinedInput-input"[39m
  [33mid[39m=[32m":r75:"[39m
  [33mtype[39m=[32m"date"[39m
  [33mvalue[39m=[32m""[39m
[36m/>[39m

Ignored nodes: comments, script, style
[36m<input[39m
  [33maria-invalid[39m=[32m"false"[39m
  [33mclass[39m=[32m"MuiInputBase-input MuiOutlinedInput-input css-1t8l2tu-MuiInputBase-input-MuiOutlinedInput-input"[39m
  [33mid[39m=[32m":r77:"[39m
  [33mtype[39m=[32m"date"[39m
  [33mvalue[39m=[32m""[39m
[36m/>[39m

(If this is intentional, then use the `*AllBy*` variant of the query (like `queryAllByText`, `getAllByText`, or `findAllByText`)).

Ignored nodes: comments, script, style
[36m<body[39m
  [33mstyle[39m=[32m"padding-right: 1024px; overflow: hidden;"[39m
[36m>[39m
  [36m<div[39m
    [33maria-hidden[39m=[32m"true"[39m
  [36m>[39m
    [36m<div[39m
      [33mclass[39m=[32m"MuiBox-root css-0"[39m
    [36m>[39m
      [36m<div[39m
        [33mclass[39m=[32m"MuiBox-root css-i3pbo"[39m
      [36m>[39m
        [36m<h5[39m
          [33mclass[39m=[32m"MuiTypography-root MuiTypography-h5 MuiTypography-gutterBottom css-1hkf4sh-MuiTypography-root"[39m
        [36m>[39m
          [0mPayment History[0m
        [36m</h5>[39m
        [36m<p[39m
          [33mclass[39m=[32m"MuiTypography-root MuiTypography-body2 css-xtz2xu-MuiTypography-root"[39m
        [36m>[39m
          [0m1[0m
          [0m payment[0m
          [0m found[0m
        [36m</p>[39m
      [36m</div>[39m
      [36m<div[39m
        [33mclass[39m=[32m"MuiGrid-root MuiGrid-container MuiGrid-spacing-xs-2 css-12rc5ck-MuiGrid-root"[39m
      [36m>[39m
        [36m<div[39m
          [33mclass[39m=[32m"MuiGrid-root MuiGrid-item MuiGrid-grid-xs-12 MuiGrid-grid-sm-6 MuiGrid-grid-md-3 css-10voxkt-MuiGrid-root"[39m
        [36m>[39m
          [36m<div[39m
            [33mclass[39m=[32m"MuiFormControl-root MuiFormControl-fullWidth MuiTextField-root css-18hear-MuiFormControl-root-MuiTextField-root"[39m
          [36m>[39m
            [36m<div[39m
              [33mclass[39m=[32m"MuiInputBase-root MuiOutlinedInput-root MuiInputBase-colorPrimary MuiInputBase-fullWidth MuiInputBase-formControl MuiInputBase-sizeSmall MuiInputBase-adornedStart css-1cj7mpt-MuiInputBase-root-MuiOutlinedInput-root"[39m
            [36m>[39m
              [36m<div[39m
                [33mclass[39m=[32m"MuiInputAdornment-root MuiInputAdornment-positionStart MuiInputAdornment-outlined MuiInputAdornment-sizeSmall css-ittuaa-MuiInputAdornment-root"[39m
              [36m>[39m
                [36m<span[39m
                  [33mclass[39m=[32m"notranslate"[39m
                [36m>[39m
                  [0m​[0m
                [36m</span>[39m
                [36m<svg[39m
                  [33maria-hidden[39m=[32m"true"[39m
                  [33mclass[39m=[32m"MuiSvgIcon-root MuiSvgIcon-fontSizeMedium css-i4bv87-MuiSvgIcon-root"[39m
                  [33mdata-testid[39m=[32m"SearchIcon"[39m
                  [33mfocusable[39m=[32m"false"[39m
                  [33mviewBox[39m=[32m"0 0 24 24"[39m
                [36m>[39m
                  [36m<path[39m
                    [33md[39m=[32m"M15.5 14h-.79l-.28-.27C15.41 12.59 16 11.11 16 9.5 16 5.91 13.09 3 9.5 3S3 5.91 3 9.5 5.91 16 9.5 16c1.61 0 3.09-.59 4.23-1.57l.27.28v.79l5 4.99L20.49 19zm-6 0C7.01 14 5 11.99 5 9.5S7.01 5 9.5 5 14 7.01 14 9.5 11.99 14 9.5 14"[39m
                  [36m/>[39m
                [36m</svg>[39m
              [36m</div>[39m
              [36m<input[39m
                [33maria-invalid[39m=[32m"false"[39m
                [33mclass[39m=[32m"MuiInputBase-input MuiOutlinedInput-input MuiInputBase-inputSizeSmall MuiInputBase-inputAdornedStart css-1ua80n0-MuiInputBase-input-MuiOutlinedInput-input"[39m
                [33mid[39m=[32m":rt:"[39m
                [33mplaceholder[39m=[32m"Search payments..."[39m
                [33mtype[39m=[32m"text"[39m
                [33mvalue[39m=[32m""[39m
              [36m/>[39m
              [36m<fieldset[39m
                [33maria-hidden[39m=[32m"true"[39m
                [33mclass[39m=[32m"MuiOutlinedInput-notchedOutline css-r01yff-MuiNotchedOutlined-root-MuiOutlinedInput-notchedOutline"[39m
              [36m>[39m
                [36m<legend[39m
                  [33mclass[39m=[32m"css-1whs34k-MuiNotchedOutlined-root"[39m
                [36m>[39m
                  [36m<span[39m
                    [33mclass[39m=[32m"notranslate"[39m
                  [36m>[39m
                    [0m​[0m
                  [36m</span>[39m
                [36m</legend>[39m
              [36m</fieldset>[39m
            [36m</div>[39m
          [36m</div>[39m
        [36m</div>[39m
        [36m<div[39m
          [33mclass[39m=[32m"MuiGrid-root MuiGrid-item MuiGrid-grid-xs-12 MuiGrid-grid-sm-6 MuiGrid-grid-md-3 css-10voxkt-MuiGrid-root"[39m
        [36m>[39m
          [36m<div[39m
            [33mclass[39m=[32m"MuiFormControl-root MuiFormControl-fullWidth css-q8hpuo-MuiFormControl-root"[39m
          [36m>[39m
            [36m<label[39m
              [33mclass[39m=[32m"MuiFormLabel-root MuiInputLabel-root MuiInputLabel-formControl MuiInputLabel-animated MuiInputLabel-shrink MuiInputLabel-sizeSmall MuiInputLabel-outlined MuiFormLabel-colorPrimary MuiFormLabel-filled MuiInputLabel-root MuiInputLabel-formControl MuiInputLabel-animated MuiInputLabel-shrink MuiInputLabel-sizeSmall MuiInputLabel-outlined css-fe0mau-MuiFormLabel-root-MuiInputLabel-root"[39m
              [33mdata-shrink[39m=[32m"true"[39m
            [36m>[39m
              [0mStatus[0m
            [36m</label>[39m
            [36m<div[39m
              [33mclass[39m=[32m"MuiInputBase-root MuiOutlinedInput-root MuiInputBase-colorPrimary MuiInputBase-formControl MuiInputBase-sizeSmall css-13lg1x7-MuiInputBase-root-MuiOutlinedInput-root-MuiSelect-root"[39m
            [36m>[39m
              [36m<div[39m
                [33maria-controls[39m=[32m":ru:"[39m
                [33maria-expanded[39m=[32m"false"[39m
                [33maria-haspopup[39m=[32m"listbox"[39m
                [33mclass[39m=[32m"MuiSelect-select MuiSelect-outlined MuiInputBase-input MuiOutlinedInput-input MuiInputBase-inputSizeSmall css-1fzjff4-MuiSelect-select-MuiInputBase-input-MuiOutlinedInput-input"[39m
                [33mrole[39m=[32m"combobox"[39m
                [33mtabindex[39m=[32m"0"[39m
              [36m>[39m
                [0mAll Statuses[0m
              [36m</div>[39m
              [36m<input[39m
                [33maria-hidden[39m=[32m"true"[39m
                [33maria-invalid[39m=[32m"false"[39m
                [33mclass[39m=[32m"MuiSelect-nativeInput css-yf8vq0-MuiSelect-nativeInput"[39m
                [33mtabindex[39m=[32m"-1"[39m
                [33mvalue[39m=[32m"all"[39m
              [36m/>[39m
              [36m<svg[39m
                [33maria-hidden[39m=[32m"true"[39m
                [33mclass[39m=[32m"MuiSvgIcon-root MuiSvgIcon-fontSizeMedium MuiSelect-icon MuiSelect-iconOutlined css-hfutr2-MuiSvgIcon-root-MuiSelect-icon"[39m
                [33mdata-testid[39m=[32m"ArrowDropDownIcon"[39m
                [33mfocusable[39m=[32m"false"[39m
                [33mviewBox[39m=[32m"0 0 24 24"[39m
              [36m>[39m
                [36m<path[39m
                  [33md[39m=[32m"M7 10l5 5 5-5z"[39m
                [36m/>[39m
              [36m</svg>[...
 ❯ Object.getElementError node_modules/@testing-library/react/node_modules/@testing-library/dom/dist/config.js:37:19
 ❯ getElementError node_modules/@testing-library/react/node_modules/@testing-library/dom/dist/query-helpers.js:20:35
 ❯ getMultipleElementsFoundError node_modules/@testing-library/react/node_modules/@testing-library/dom/dist/query-helpers.js:23:10
 ❯ node_modules/@testing-library/react/node_modules/@testing-library/dom/dist/query-helpers.js:55:13
 ❯ node_modules/@testing-library/react/node_modules/@testing-library/dom/dist/query-helpers.js:95:19
 ❯ src/test/timeTracking.test.tsx:255:35
    253|     renderWithProviders(<TimeReport />);
    254| 
    255|     const startDateInput = screen.getByLabelText('Start Date');
       |                                   ^
    256|     const endDateInput = screen.getByLabelText('End Date');
    257|     const generateButton = screen.getByText('Generate Report');

⎯⎯⎯⎯⎯⎯⎯⎯⎯⎯⎯⎯⎯⎯⎯⎯⎯⎯⎯⎯⎯⎯[58/66]⎯

 FAIL  src/test/timeTracking.test.tsx > TimeReport Component > should export report to CSV
TestingLibraryElementError: Found multiple elements with the text of: Start Date

Here are the matching elements:

Ignored nodes: comments, script, style
[36m<input[39m
  [33maria-invalid[39m=[32m"false"[39m
  [33mclass[39m=[32m"MuiInputBase-input MuiOutlinedInput-input css-1t8l2tu-MuiInputBase-input-MuiOutlinedInput-input"[39m
  [33mid[39m=[32m":r75:"[39m
  [33mtype[39m=[32m"date"[39m
  [33mvalue[39m=[32m""[39m
[36m/>[39m

Ignored nodes: comments, script, style
[36m<input[39m
  [33maria-invalid[39m=[32m"false"[39m
  [33mclass[39m=[32m"MuiInputBase-input MuiOutlinedInput-input css-1t8l2tu-MuiInputBase-input-MuiOutlinedInput-input"[39m
  [33mid[39m=[32m":r77:"[39m
  [33mtype[39m=[32m"date"[39m
  [33mvalue[39m=[32m""[39m
[36m/>[39m

Ignored nodes: comments, script, style
[36m<input[39m
  [33maria-invalid[39m=[32m"false"[39m
  [33mclass[39m=[32m"MuiInputBase-input MuiOutlinedInput-input css-1t8l2tu-MuiInputBase-input-MuiOutlinedInput-input"[39m
  [33mid[39m=[32m":r79:"[39m
  [33mtype[39m=[32m"date"[39m
  [33mvalue[39m=[32m""[39m
[36m/>[39m

(If this is intentional, then use the `*AllBy*` variant of the query (like `queryAllByText`, `getAllByText`, or `findAllByText`)).

Ignored nodes: comments, script, style
[36m<body[39m
  [33mstyle[39m=[32m"padding-right: 1024px; overflow: hidden;"[39m
[36m>[39m
  [36m<div[39m
    [33maria-hidden[39m=[32m"true"[39m
  [36m>[39m
    [36m<div[39m
      [33mclass[39m=[32m"MuiBox-root css-0"[39m
    [36m>[39m
      [36m<div[39m
        [33mclass[39m=[32m"MuiBox-root css-i3pbo"[39m
      [36m>[39m
        [36m<h5[39m
          [33mclass[39m=[32m"MuiTypography-root MuiTypography-h5 MuiTypography-gutterBottom css-1hkf4sh-MuiTypography-root"[39m
        [36m>[39m
          [0mPayment History[0m
        [36m</h5>[39m
        [36m<p[39m
          [33mclass[39m=[32m"MuiTypography-root MuiTypography-body2 css-xtz2xu-MuiTypography-root"[39m
        [36m>[39m
          [0m1[0m
          [0m payment[0m
          [0m found[0m
        [36m</p>[39m
      [36m</div>[39m
      [36m<div[39m
        [33mclass[39m=[32m"MuiGrid-root MuiGrid-container MuiGrid-spacing-xs-2 css-12rc5ck-MuiGrid-root"[39m
      [36m>[39m
        [36m<div[39m
          [33mclass[39m=[32m"MuiGrid-root MuiGrid-item MuiGrid-grid-xs-12 MuiGrid-grid-sm-6 MuiGrid-grid-md-3 css-10voxkt-MuiGrid-root"[39m
        [36m>[39m
          [36m<div[39m
            [33mclass[39m=[32m"MuiFormControl-root MuiFormControl-fullWidth MuiTextField-root css-18hear-MuiFormControl-root-MuiTextField-root"[39m
          [36m>[39m
            [36m<div[39m
              [33mclass[39m=[32m"MuiInputBase-root MuiOutlinedInput-root MuiInputBase-colorPrimary MuiInputBase-fullWidth MuiInputBase-formControl MuiInputBase-sizeSmall MuiInputBase-adornedStart css-1cj7mpt-MuiInputBase-root-MuiOutlinedInput-root"[39m
            [36m>[39m
              [36m<div[39m
                [33mclass[39m=[32m"MuiInputAdornment-root MuiInputAdornment-positionStart MuiInputAdornment-outlined MuiInputAdornment-sizeSmall css-ittuaa-MuiInputAdornment-root"[39m
              [36m>[39m
                [36m<span[39m
                  [33mclass[39m=[32m"notranslate"[39m
                [36m>[39m
                  [0m​[0m
                [36m</span>[39m
                [36m<svg[39m
                  [33maria-hidden[39m=[32m"true"[39m
                  [33mclass[39m=[32m"MuiSvgIcon-root MuiSvgIcon-fontSizeMedium css-i4bv87-MuiSvgIcon-root"[39m
                  [33mdata-testid[39m=[32m"SearchIcon"[39m
                  [33mfocusable[39m=[32m"false"[39m
                  [33mviewBox[39m=[32m"0 0 24 24"[39m
                [36m>[39m
                  [36m<path[39m
                    [33md[39m=[32m"M15.5 14h-.79l-.28-.27C15.41 12.59 16 11.11 16 9.5 16 5.91 13.09 3 9.5 3S3 5.91 3 9.5 5.91 16 9.5 16c1.61 0 3.09-.59 4.23-1.57l.27.28v.79l5 4.99L20.49 19zm-6 0C7.01 14 5 11.99 5 9.5S7.01 5 9.5 5 14 7.01 14 9.5 11.99 14 9.5 14"[39m
                  [36m/>[39m
                [36m</svg>[39m
              [36m</div>[39m
              [36m<input[39m
                [33maria-invalid[39m=[32m"false"[39m
                [33mclass[39m=[32m"MuiInputBase-input MuiOutlinedInput-input MuiInputBase-inputSizeSmall MuiInputBase-inputAdornedStart css-1ua80n0-MuiInputBase-input-MuiOutlinedInput-input"[39m
                [33mid[39m=[32m":rt:"[39m
                [33mplaceholder[39m=[32m"Search payments..."[39m
                [33mtype[39m=[32m"text"[39m
                [33mvalue[39m=[32m""[39m
              [36m/>[39m
              [36m<fieldset[39m
                [33maria-hidden[39m=[32m"true"[39m
                [33mclass[39m=[32m"MuiOutlinedInput-notchedOutline css-r01yff-MuiNotchedOutlined-root-MuiOutlinedInput-notchedOutline"[39m
              [36m>[39m
                [36m<legend[39m
                  [33mclass[39m=[32m"css-1whs34k-MuiNotchedOutlined-root"[39m
                [36m>[39m
                  [36m<span[39m
                    [33mclass[39m=[32m"notranslate"[39m
                  [36m>[39m
                    [0m​[0m
                  [36m</span>[39m
                [36m</legend>[39m
              [36m</fieldset>[39m
            [36m</div>[39m
          [36m</div>[39m
        [36m</div>[39m
        [36m<div[39m
          [33mclass[39m=[32m"MuiGrid-root MuiGrid-item MuiGrid-grid-xs-12 MuiGrid-grid-sm-6 MuiGrid-grid-md-3 css-10voxkt-MuiGrid-root"[39m
        [36m>[39m
          [36m<div[39m
            [33mclass[39m=[32m"MuiFormControl-root MuiFormControl-fullWidth css-q8hpuo-MuiFormControl-root"[39m
          [36m>[39m
            [36m<label[39m
              [33mclass[39m=[32m"MuiFormLabel-root MuiInputLabel-root MuiInputLabel-formControl MuiInputLabel-animated MuiInputLabel-shrink MuiInputLabel-sizeSmall MuiInputLabel-outlined MuiFormLabel-colorPrimary MuiFormLabel-filled MuiInputLabel-root MuiInputLabel-formControl MuiInputLabel-animated MuiInputLabel-shrink MuiInputLabel-sizeSmall MuiInputLabel-outlined css-fe0mau-MuiFormLabel-root-MuiInputLabel-root"[39m
              [33mdata-shrink[39m=[32m"true"[39m
            [36m>[39m
              [0mStatus[0m
            [36m</label>[39m
            [36m<div[39m
              [33mclass[39m=[32m"MuiInputBase-root MuiOutlinedInput-root MuiInputBase-colorPrimary MuiInputBase-formControl MuiInputBase-sizeSmall css-13lg1x7-MuiInputBase-root-MuiOutlinedInput-root-MuiSelect-root"[39m
            [36m>[39m
              [36m<div[39m
                [33maria-controls[39m=[32m":ru:"[39m
                [33maria-expanded[39m=[32m"false"[39m
                [33maria-haspopup[39m=[32m"listbox"[39m
                [33mclass[39m=[32m"MuiSelect-select MuiSelect-outlined MuiInputBase-input MuiOutlinedInput-input MuiInputBase-inputSizeSmall css-1fzjff4-MuiSelect-select-MuiInputBase-input-MuiOutlinedInput-input"[39m
                [33mrole[39m=[32m"combobox"[39m
                [33mtabindex[39m=[32m"0"[39m
              [36m>[39m
                [0mAll Statuses[0m
              [36m</div>[39m
              [36m<input[39m
                [33maria-hidden[39m=[32m"true"[39m
                [33maria-invalid[39m=[32m"false"[39m
                [33mclass[39m=[32m"MuiSelect-nativeInput css-yf8vq0-MuiSelect-nativeInput"[39m
                [33mtabindex[39m=[32m"-1"[39m
                [33mvalue[39m=[32m"all"[39m
              [36m/>[39m
              [36m<svg[39m
                [33maria-hidden[39m=[32m"true"[39m
                [33mclass[39m=[32m"MuiSvgIcon-root MuiSvgIcon-fontSizeMedium MuiSelect-icon MuiSelect-iconOutlined css-hfutr2-MuiSvgIcon-root-MuiSelect-icon"[39m
                [33mdata-testid[39m=[32m"ArrowDropDownIcon"[39m
                [33mfocusable[39m=[32m"false"[39m
                [33mviewBox[39m=[32m"0 0 24 24"[39m
              [36m>[39m
                [36m<path[39m
                  [33md[39m=[32m"M7 10l5 5 5-5z"[39m
                [36m/>[39m
              [36m</svg>[...
 ❯ Object.getElementError node_modules/@testing-library/react/node_modules/@testing-library/dom/dist/config.js:37:19
 ❯ getElementError node_modules/@testing-library/react/node_modules/@testing-library/dom/dist/query-helpers.js:20:35
 ❯ getMultipleElementsFoundError node_modules/@testing-library/react/node_modules/@testing-library/dom/dist/query-helpers.js:23:10
 ❯ node_modules/@testing-library/react/node_modules/@testing-library/dom/dist/query-helpers.js:55:13
 ❯ node_modules/@testing-library/react/node_modules/@testing-library/dom/dist/query-helpers.js:95:19
 ❯ src/test/timeTracking.test.tsx:302:35
    300|     renderWithProviders(<TimeReport />);
    301| 
    302|     const startDateInput = screen.getByLabelText('Start Date');
       |                                   ^
    303|     const endDateInput = screen.getByLabelText('End Date');
    304|     const generateButton = screen.getByText('Generate Report');

⎯⎯⎯⎯⎯⎯⎯⎯⎯⎯⎯⎯⎯⎯⎯⎯⎯⎯⎯⎯⎯⎯[59/66]⎯


⎯⎯⎯⎯⎯ Uncaught Exception ⎯⎯⎯⎯⎯
TypeError: Cannot read properties of undefined (reading 'map')
 ❯ TimeEntryList src/components/timeTracking/TimeEntryList.tsx:166:24
    164|             </TableHead>
    165|             <TableBody>
    166|               {entries.map((entry) => (
       |                        ^
    167|                 <TableRow key={entry._id}>
    168|                   {user?.role === 'freelancer' && (
 ❯ renderWithHooks node_modules/react-dom/cjs/react-dom.development.js:15486:18
 ❯ updateFunctionComponent node_modules/react-dom/cjs/react-dom.development.js:19617:20
 ❯ beginWork node_modules/react-dom/cjs/react-dom.development.js:21640:16
 ❯ beginWork$1 node_modules/react-dom/cjs/react-dom.development.js:27465:14
 ❯ performUnitOfWork node_modules/react-dom/cjs/react-dom.development.js:26599:12
 ❯ workLoopSync node_modules/react-dom/cjs/react-dom.development.js:26505:5
 ❯ renderRootSync node_modules/react-dom/cjs/react-dom.development.js:26473:7
 ❯ recoverFromConcurrentError node_modules/react-dom/cjs/react-dom.development.js:25889:20
 ❯ performSyncWorkOnRoot node_modules/react-dom/cjs/react-dom.development.js:26135:20

This error originated in "src/test/timeTracking.test.tsx" test file. It doesn't mean the error was thrown inside the file itself, but while it was running.
The latest test that might've caused the error is "should submit selected entries". It might mean one of the following:
- The error was thrown, while Vitest was running this test.
- If the error occurred after the test had been completed, this was the last documented test before it was thrown.

⎯⎯⎯⎯⎯⎯ Failed Tests 66 ⎯⎯⎯⎯⎯⎯⎯

 FAIL  src/test/auth.test.tsx > Authentication Components > LoginPage > shows validation errors for empty fields
TestingLibraryElementError: Found multiple elements with the role "button" and name `/sign in/i`

Here are the matching elements:

Ignored nodes: comments, script, style
[36m<button[39m
  [33mclass[39m=[32m"MuiButtonBase-root MuiButton-root MuiButton-contained MuiButton-containedPrimary MuiButton-sizeLarge MuiButton-containedSizeLarge MuiButton-colorPrimary MuiButton-fullWidth MuiButton-root MuiButton-contained MuiButton-containedPrimary MuiButton-sizeLarge MuiButton-containedSizeLarge MuiButton-colorPrimary MuiButton-fullWidth css-i4zi72-MuiButtonBase-root-MuiButton-root"[39m
  [33mtabindex[39m=[32m"0"[39m
  [33mtype[39m=[32m"submit"[39m
[36m>[39m
  [0mSign In[0m
  [36m<span[39m
    [33mclass[39m=[32m"MuiTouchRipple-root css-8je8zh-MuiTouchRipple-root"[39m
  [36m/>[39m
[36m</button>[39m

Ignored nodes: comments, script, style
[36m<button[39m
  [33mclass[39m=[32m"MuiButtonBase-root MuiButton-root MuiButton-contained MuiButton-containedPrimary MuiButton-sizeLarge MuiButton-containedSizeLarge MuiButton-colorPrimary MuiButton-fullWidth MuiButton-root MuiButton-contained MuiButton-containedPrimary MuiButton-sizeLarge MuiButton-containedSizeLarge MuiButton-colorPrimary MuiButton-fullWidth css-i4zi72-MuiButtonBase-root-MuiButton-root"[39m
  [33mtabindex[39m=[32m"0"[39m
  [33mtype[39m=[32m"submit"[39m
[36m>[39m
  [0mSign In[0m
  [36m<span[39m
    [33mclass[39m=[32m"MuiTouchRipple-root css-8je8zh-MuiTouchRipple-root"[39m
  [36m/>[39m
[36m</button>[39m

(If this is intentional, then use the `*AllBy*` variant of the query (like `queryAllByText`, `getAllByText`, or `findAllByText`)).

Ignored nodes: comments, script, style
[36m<body[39m
  [33mstyle[39m=[32m"padding-right: 1024px; overflow: hidden;"[39m
[36m>[39m
  [36m<div[39m
    [33maria-hidden[39m=[32m"true"[39m
  [36m>[39m
    [36m<div[39m
      [33mclass[39m=[32m"MuiBox-root css-0"[39m
    [36m>[39m
      [36m<div[39m
        [33mclass[39m=[32m"MuiBox-root css-i3pbo"[39m
      [36m>[39m
        [36m<h5[39m
          [33mclass[39m=[32m"MuiTypography-root MuiTypography-h5 MuiTypography-gutterBottom css-1hkf4sh-MuiTypography-root"[39m
        [36m>[39m
          [0mPayment History[0m
        [36m</h5>[39m
        [36m<p[39m
          [33mclass[39m=[32m"MuiTypography-root MuiTypography-body2 css-xtz2xu-MuiTypography-root"[39m
        [36m>[39m
          [0m1[0m
          [0m payment[0m
          [0m found[0m
        [36m</p>[39m
      [36m</div>[39m
      [36m<div[39m
        [33mclass[39m=[32m"MuiGrid-root MuiGrid-container MuiGrid-spacing-xs-2 css-12rc5ck-MuiGrid-root"[39m
      [36m>[39m
        [36m<div[39m
          [33mclass[39m=[32m"MuiGrid-root MuiGrid-item MuiGrid-grid-xs-12 MuiGrid-grid-sm-6 MuiGrid-grid-md-3 css-10voxkt-MuiGrid-root"[39m
        [36m>[39m
          [36m<div[39m
            [33mclass[39m=[32m"MuiFormControl-root MuiFormControl-fullWidth MuiTextField-root css-18hear-MuiFormControl-root-MuiTextField-root"[39m
          [36m>[39m
            [36m<div[39m
              [33mclass[39m=[32m"MuiInputBase-root MuiOutlinedInput-root MuiInputBase-colorPrimary MuiInputBase-fullWidth MuiInputBase-formControl MuiInputBase-sizeSmall MuiInputBase-adornedStart css-1cj7mpt-MuiInputBase-root-MuiOutlinedInput-root"[39m
            [36m>[39m
              [36m<div[39m
                [33mclass[39m=[32m"MuiInputAdornment-root MuiInputAdornment-positionStart MuiInputAdornment-outlined MuiInputAdornment-sizeSmall css-ittuaa-MuiInputAdornment-root"[39m
              [36m>[39m
                [36m<span[39m
                  [33mclass[39m=[32m"notranslate"[39m
                [36m>[39m
                  [0m​[0m
                [36m</span>[39m
                [36m<svg[39m
                  [33maria-hidden[39m=[32m"true"[39m
                  [33mclass[39m=[32m"MuiSvgIcon-root MuiSvgIcon-fontSizeMedium css-i4bv87-MuiSvgIcon-root"[39m
                  [33mdata-testid[39m=[32m"SearchIcon"[39m
                  [33mfocusable[39m=[32m"false"[39m
                  [33mviewBox[39m=[32m"0 0 24 24"[39m
                [36m>[39m
                  [36m<path[39m
                    [33md[39m=[32m"M15.5 14h-.79l-.28-.27C15.41 12.59 16 11.11 16 9.5 16 5.91 13.09 3 9.5 3S3 5.91 3 9.5 5.91 16 9.5 16c1.61 0 3.09-.59 4.23-1.57l.27.28v.79l5 4.99L20.49 19zm-6 0C7.01 14 5 11.99 5 9.5S7.01 5 9.5 5 14 7.01 14 9.5 11.99 14 9.5 14"[39m
                  [36m/>[39m
                [36m</svg>[39m
              [36m</div>[39m
              [36m<input[39m
                [33maria-invalid[39m=[32m"false"[39m
                [33mclass[39m=[32m"MuiInputBase-input MuiOutlinedInput-input MuiInputBase-inputSizeSmall MuiInputBase-inputAdornedStart css-1ua80n0-MuiInputBase-input-MuiOutlinedInput-input"[39m
                [33mid[39m=[32m":rt:"[39m
                [33mplaceholder[39m=[32m"Search payments..."[39m
                [33mtype[39m=[32m"text"[39m
                [33mvalue[39m=[32m""[39m
              [36m/>[39m
              [36m<fieldset[39m
                [33maria-hidden[39m=[32m"true"[39m
                [33mclass[39m=[32m"MuiOutlinedInput-notchedOutline css-r01yff-MuiNotchedOutlined-root-MuiOutlinedInput-notchedOutline"[39m
              [36m>[39m
                [36m<legend[39m
                  [33mclass[39m=[32m"css-1whs34k-MuiNotchedOutlined-root"[39m
                [36m>[39m
                  [36m<span[39m
                    [33mclass[39m=[32m"notranslate"[39m
                  [36m>[39m
                    [0m​[0m
                  [36m</span>[39m
                [36m</legend>[39m
              [36m</fieldset>[39m
            [36m</div>[39m
          [36m</div>[39m
        [36m</div>[39m
        [36m<div[39m
          [33mclass[39m=[32m"MuiGrid-root MuiGrid-item MuiGrid-grid-xs-12 MuiGrid-grid-sm-6 MuiGrid-grid-md-3 css-10voxkt-MuiGrid-root"[39m
        [36m>[39m
          [36m<div[39m
            [33mclass[39m=[32m"MuiFormControl-root MuiFormControl-fullWidth css-q8hpuo-MuiFormControl-root"[39m
          [36m>[39m
            [36m<label[39m
              [33mclass[39m=[32m"MuiFormLabel-root MuiInputLabel-root MuiInputLabel-formControl MuiInputLabel-animated MuiInputLabel-shrink MuiInputLabel-sizeSmall MuiInputLabel-outlined MuiFormLabel-colorPrimary MuiFormLabel-filled MuiInputLabel-root MuiInputLabel-formControl MuiInputLabel-animated MuiInputLabel-shrink MuiInputLabel-sizeSmall MuiInputLabel-outlined css-fe0mau-MuiFormLabel-root-MuiInputLabel-root"[39m
              [33mdata-shrink[39m=[32m"true"[39m
            [36m>[39m
              [0mStatus[0m
            [36m</label>[39m
            [36m<div[39m
              [33mclass[39m=[32m"MuiInputBase-root MuiOutlinedInput-root MuiInputBase-colorPrimary MuiInputBase-formControl MuiInputBase-sizeSmall css-13lg1x7-MuiInputBase-root-MuiOutlinedInput-root-MuiSelect-root"[39m
            [36m>[39m
              [36m<div[39m
                [33maria-controls[39m=[32m":ru:"[39m
                [33maria-expanded[39m=[32m"false"[39m
                [33maria-haspopup[39m=[32m"listbox"[39m
                [33mclass[39m=[32m"MuiSelect-select MuiSelect-outlined MuiInputBase-input MuiOutlinedInput-input MuiInputBase-inputSizeSmall css-1fzjff4-MuiSelect-select-MuiInputBase-input-MuiOutlinedInput-input"[39m
                [33mrole[39m=[32m"combobox"[39m
                [33mtabindex[39m=[32m"0"[39m
              [36m>[39m
                [0mAll Statuses[0m
              [36m</div>[39m
              [36m<input[39m
                [33maria-hidden[39m=[32m"true"[39m
                [33maria-invalid[39m=[32m"false"[39m
                [33mclass[39m=[32m"MuiSelect-nativeInput css-yf8vq0-MuiSelect-nativeInput"[39m
                [33mtabindex[39m=[32m"-1"[39m
                [33mvalue[39m=[32m"all"[39m
              [36m/>[39m
              [36m<svg[39m
                [33maria-hidden[39m=[32m"true"[39m
                [33mclass[39m=[32m"MuiSvgIcon-root MuiSvgIcon-fontSizeMedium MuiSelect-icon MuiSelect-iconOutlined css-hfutr2-MuiSvgIcon-root-MuiSelect-icon"[39m
                [33mdata-testid[39m=[32m"ArrowDropDownIcon"[39m
                [33mfocusable[39m=[32m"false"[39m
                [33mviewBox[39m=[32m"0 0 24 24"[39m
              [36m>[39m
                [36m<path[39m
                  [33md[39m=[32m"M7 10l5 5 5-5z"[39m
                [36m/>[39m
              [36m</svg>[...
 ❯ Object.getElementError node_modules/@testing-library/react/node_modules/@testing-library/dom/dist/config.js:37:19
 ❯ getElementError node_modules/@testing-library/react/node_modules/@testing-library/dom/dist/query-helpers.js:20:35
 ❯ getMultipleElementsFoundError node_modules/@testing-library/react/node_modules/@testing-library/dom/dist/query-helpers.js:23:10
 ❯ node_modules/@testing-library/react/node_modules/@testing-library/dom/dist/query-helpers.js:55:13
 ❯ node_modules/@testing-library/react/node_modules/@testing-library/dom/dist/query-helpers.js:95:19
 ❯ src/test/auth.test.tsx:83:35
     81|       );
     82| 
     83|       const submitButton = screen.getByRole('button', { name: /sign in…
       |                                   ^
     84|       fireEvent.click(submitButton);
     85| 

⎯⎯⎯⎯⎯⎯⎯⎯⎯⎯⎯⎯⎯⎯⎯⎯⎯⎯⎯⎯⎯⎯⎯[1/66]⎯

 FAIL  src/test/auth.test.tsx > Authentication Components > LoginPage > redirects to dashboard when already authenticated
TestingLibraryElementError: Found multiple elements with the text: Welcome Back

Here are the matching elements:

Ignored nodes: comments, script, style
[36m<h1[39m
  [33mclass[39m=[32m"MuiTypography-root MuiTypography-h4 MuiTypography-gutterBottom css-1vw6mcs-MuiTypography-root"[39m
[36m>[39m
  [0mWelcome Back[0m
[36m</h1>[39m

Ignored nodes: comments, script, style
[36m<h1[39m
  [33mclass[39m=[32m"MuiTypography-root MuiTypography-h4 MuiTypography-gutterBottom css-1vw6mcs-MuiTypography-root"[39m
[36m>[39m
  [0mWelcome Back[0m
[36m</h1>[39m

Ignored nodes: comments, script, style
[36m<h1[39m
  [33mclass[39m=[32m"MuiTypography-root MuiTypography-h4 MuiTypography-gutterBottom css-1vw6mcs-MuiTypography-root"[39m
[36m>[39m
  [0mWelcome Back[0m
[36m</h1>[39m

(If this is intentional, then use the `*AllBy*` variant of the query (like `queryAllByText`, `getAllByText`, or `findAllByText`)).

Ignored nodes: comments, script, style
[36m<body[39m
  [33mstyle[39m=[32m"padding-right: 1024px; overflow: hidden;"[39m
[36m>[39m
  [36m<div[39m
    [33maria-hidden[39m=[32m"true"[39m
  [36m>[39m
    [36m<div[39m
      [33mclass[39m=[32m"MuiBox-root css-0"[39m
    [36m>[39m
      [36m<div[39m
        [33mclass[39m=[32m"MuiBox-root css-i3pbo"[39m
      [36m>[39m
        [36m<h5[39m
          [33mclass[39m=[32m"MuiTypography-root MuiTypography-h5 MuiTypography-gutterBottom css-1hkf4sh-MuiTypography-root"[39m
        [36m>[39m
          [0mPayment History[0m
        [36m</h5>[39m
        [36m<p[39m
          [33mclass[39m=[32m"MuiTypography-root MuiTypography-body2 css-xtz2xu-MuiTypography-root"[39m
        [36m>[39m
          [0m1[0m
          [0m payment[0m
          [0m found[0m
        [36m</p>[39m
      [36m</div>[39m
      [36m<div[39m
        [33mclass[39m=[32m"MuiGrid-root MuiGrid-container MuiGrid-spacing-xs-2 css-12rc5ck-MuiGrid-root"[39m
      [36m>[39m
        [36m<div[39m
          [33mclass[39m=[32m"MuiGrid-root MuiGrid-item MuiGrid-grid-xs-12 MuiGrid-grid-sm-6 MuiGrid-grid-md-3 css-10voxkt-MuiGrid-root"[39m
        [36m>[39m
          [36m<div[39m
            [33mclass[39m=[32m"MuiFormControl-root MuiFormControl-fullWidth MuiTextField-root css-18hear-MuiFormControl-root-MuiTextField-root"[39m
          [36m>[39m
            [36m<div[39m
              [33mclass[39m=[32m"MuiInputBase-root MuiOutlinedInput-root MuiInputBase-colorPrimary MuiInputBase-fullWidth MuiInputBase-formControl MuiInputBase-sizeSmall MuiInputBase-adornedStart css-1cj7mpt-MuiInputBase-root-MuiOutlinedInput-root"[39m
            [36m>[39m
              [36m<div[39m
                [33mclass[39m=[32m"MuiInputAdornment-root MuiInputAdornment-positionStart MuiInputAdornment-outlined MuiInputAdornment-sizeSmall css-ittuaa-MuiInputAdornment-root"[39m
              [36m>[39m
                [36m<span[39m
                  [33mclass[39m=[32m"notranslate"[39m
                [36m>[39m
                  [0m​[0m
                [36m</span>[39m
                [36m<svg[39m
                  [33maria-hidden[39m=[32m"true"[39m
                  [33mclass[39m=[32m"MuiSvgIcon-root MuiSvgIcon-fontSizeMedium css-i4bv87-MuiSvgIcon-root"[39m
                  [33mdata-testid[39m=[32m"SearchIcon"[39m
                  [33mfocusable[39m=[32m"false"[39m
                  [33mviewBox[39m=[32m"0 0 24 24"[39m
                [36m>[39m
                  [36m<path[39m
                    [33md[39m=[32m"M15.5 14h-.79l-.28-.27C15.41 12.59 16 11.11 16 9.5 16 5.91 13.09 3 9.5 3S3 5.91 3 9.5 5.91 16 9.5 16c1.61 0 3.09-.59 4.23-1.57l.27.28v.79l5 4.99L20.49 19zm-6 0C7.01 14 5 11.99 5 9.5S7.01 5 9.5 5 14 7.01 14 9.5 11.99 14 9.5 14"[39m
                  [36m/>[39m
                [36m</svg>[39m
              [36m</div>[39m
              [36m<input[39m
                [33maria-invalid[39m=[32m"false"[39m
                [33mclass[39m=[32m"MuiInputBase-input MuiOutlinedInput-input MuiInputBase-inputSizeSmall MuiInputBase-inputAdornedStart css-1ua80n0-MuiInputBase-input-MuiOutlinedInput-input"[39m
                [33mid[39m=[32m":rt:"[39m
                [33mplaceholder[39m=[32m"Search payments..."[39m
                [33mtype[39m=[32m"text"[39m
                [33mvalue[39m=[32m""[39m
              [36m/>[39m
              [36m<fieldset[39m
                [33maria-hidden[39m=[32m"true"[39m
                [33mclass[39m=[32m"MuiOutlinedInput-notchedOutline css-r01yff-MuiNotchedOutlined-root-MuiOutlinedInput-notchedOutline"[39m
              [36m>[39m
                [36m<legend[39m
                  [33mclass[39m=[32m"css-1whs34k-MuiNotchedOutlined-root"[39m
                [36m>[39m
                  [36m<span[39m
                    [33mclass[39m=[32m"notranslate"[39m
                  [36m>[39m
                    [0m​[0m
                  [36m</span>[39m
                [36m</legend>[39m
              [36m</fieldset>[39m
            [36m</div>[39m
          [36m</div>[39m
        [36m</div>[39m
        [36m<div[39m
          [33mclass[39m=[32m"MuiGrid-root MuiGrid-item MuiGrid-grid-xs-12 MuiGrid-grid-sm-6 MuiGrid-grid-md-3 css-10voxkt-MuiGrid-root"[39m
        [36m>[39m
          [36m<div[39m
            [33mclass[39m=[32m"MuiFormControl-root MuiFormControl-fullWidth css-q8hpuo-MuiFormControl-root"[39m
          [36m>[39m
            [36m<label[39m
              [33mclass[39m=[32m"MuiFormLabel-root MuiInputLabel-root MuiInputLabel-formControl MuiInputLabel-animated MuiInputLabel-shrink MuiInputLabel-sizeSmall MuiInputLabel-outlined MuiFormLabel-colorPrimary MuiFormLabel-filled MuiInputLabel-root MuiInputLabel-formControl MuiInputLabel-animated MuiInputLabel-shrink MuiInputLabel-sizeSmall MuiInputLabel-outlined css-fe0mau-MuiFormLabel-root-MuiInputLabel-root"[39m
              [33mdata-shrink[39m=[32m"true"[39m
            [36m>[39m
              [0mStatus[0m
            [36m</label>[39m
            [36m<div[39m
              [33mclass[39m=[32m"MuiInputBase-root MuiOutlinedInput-root MuiInputBase-colorPrimary MuiInputBase-formControl MuiInputBase-sizeSmall css-13lg1x7-MuiInputBase-root-MuiOutlinedInput-root-MuiSelect-root"[39m
            [36m>[39m
              [36m<div[39m
                [33maria-controls[39m=[32m":ru:"[39m
                [33maria-expanded[39m=[32m"false"[39m
                [33maria-haspopup[39m=[32m"listbox"[39m
                [33mclass[39m=[32m"MuiSelect-select MuiSelect-outlined MuiInputBase-input MuiOutlinedInput-input MuiInputBase-inputSizeSmall css-1fzjff4-MuiSelect-select-MuiInputBase-input-MuiOutlinedInput-input"[39m
                [33mrole[39m=[32m"combobox"[39m
                [33mtabindex[39m=[32m"0"[39m
              [36m>[39m
                [0mAll Statuses[0m
              [36m</div>[39m
              [36m<input[39m
                [33maria-hidden[39m=[32m"true"[39m
                [33maria-invalid[39m=[32m"false"[39m
                [33mclass[39m=[32m"MuiSelect-nativeInput css-yf8vq0-MuiSelect-nativeInput"[39m
                [33mtabindex[39m=[32m"-1"[39m
                [33mvalue[39m=[32m"all"[39m
              [36m/>[39m
              [36m<svg[39m
                [33maria-hidden[39m=[32m"true"[39m
                [33mclass[39m=[32m"MuiSvgIcon-root MuiSvgIcon-fontSizeMedium MuiSelect-icon MuiSelect-iconOutlined css-hfutr2-MuiSvgIcon-root-MuiSelect-icon"[39m
                [33mdata-testid[39m=[32m"ArrowDropDownIcon"[39m
                [33mfocusable[39m=[32m"false"[39m
                [33mviewBox[39m=[32m"0 0 24 24"[39m
              [36m>[39m
                [36m<path[39m
                  [33md[39m=[32m"M7 10l5 5 5-5z"[39m
                [36m/>[39m
              [36m</svg>[...
 ❯ Object.getElementError node_modules/@testing-library/react/node_modules/@testing-library/dom/dist/config.js:37:19
 ❯ getElementError node_modules/@testing-library/react/node_modules/@testing-library/dom/dist/query-helpers.js:20:35
 ❯ getMultipleElementsFoundError node_modules/@testing-library/react/node_modules/@testing-library/dom/dist/query-helpers.js:23:10
 ❯ node_modules/@testing-library/react/node_modules/@testing-library/dom/dist/query-helpers.js:55:13
 ❯ node_modules/@testing-library/react/node_modules/@testing-library/dom/dist/query-helpers.js:95:19
 ❯ src/test/auth.test.tsx:126:21
    124| 
    125|       // Should not render login form when authenticated
    126|       expect(screen.queryByText('Welcome Back')).not.toBeInTheDocument…
       |                     ^
    127|     });
    128|   });

⎯⎯⎯⎯⎯⎯⎯⎯⎯⎯⎯⎯⎯⎯⎯⎯⎯⎯⎯⎯⎯⎯⎯[2/66]⎯

 FAIL  src/test/auth.test.tsx > Authentication Components > RegisterPage > shows role selection buttons
TestingLibraryElementError: Found multiple elements with the text: Find Work as a Freelancer

Here are the matching elements:

Ignored nodes: comments, script, style
[36m<button[39m
  [33maria-label[39m=[32m"freelancer"[39m
  [33maria-pressed[39m=[32m"true"[39m
  [33mclass[39m=[32m"MuiButtonBase-root MuiToggleButtonGroup-grouped MuiToggleButtonGroup-groupedHorizontal MuiToggleButton-root Mui-selected MuiToggleButton-fullWidth MuiToggleButton-sizeMedium MuiToggleButton-standard MuiToggleButtonGroup-grouped MuiToggleButtonGroup-groupedHorizontal MuiToggleButtonGroup-firstButton css-17ndd9v-MuiButtonBase-root-MuiToggleButton-root"[39m
  [33mtabindex[39m=[32m"0"[39m
  [33mtype[39m=[32m"button"[39m
  [33mvalue[39m=[32m"freelancer"[39m
[36m>[39m
  [36m<svg[39m
    [33maria-hidden[39m=[32m"true"[39m
    [33mclass[39m=[32m"MuiSvgIcon-root MuiSvgIcon-fontSizeMedium css-elhp89-MuiSvgIcon-root"[39m
    [33mdata-testid[39m=[32m"PersonIcon"[39m
    [33mfocusable[39m=[32m"false"[39m
    [33mviewBox[39m=[32m"0 0 24 24"[39m
  [36m>[39m
    [36m<path[39m
      [33md[39m=[32m"M12 12c2.21 0 4-1.79 4-4s-1.79-4-4-4-4 1.79-4 4 1.79 4 4 4m0 2c-2.67 0-8 1.34-8 4v2h16v-2c0-2.66-5.33-4-8-4"[39m
    [36m/>[39m
  [36m</svg>[39m
  [0mFind Work as a Freelancer[0m
  [36m<span[39m
    [33mclass[39m=[32m"MuiTouchRipple-root css-8je8zh-MuiTouchRipple-root"[39m
  [36m/>[39m
[36m</button>[39m

Ignored nodes: comments, script, style
[36m<button[39m
  [33maria-label[39m=[32m"freelancer"[39m
  [33maria-pressed[39m=[32m"true"[39m
  [33mclass[39m=[32m"MuiButtonBase-root MuiToggleButtonGroup-grouped MuiToggleButtonGroup-groupedHorizontal MuiToggleButton-root Mui-selected MuiToggleButton-fullWidth MuiToggleButton-sizeMedium MuiToggleButton-standard MuiToggleButtonGroup-grouped MuiToggleButtonGroup-groupedHorizontal MuiToggleButtonGroup-firstButton css-17ndd9v-MuiButtonBase-root-MuiToggleButton-root"[39m
  [33mtabindex[39m=[32m"0"[39m
  [33mtype[39m=[32m"button"[39m
  [33mvalue[39m=[32m"freelancer"[39m
[36m>[39m
  [36m<svg[39m
    [33maria-hidden[39m=[32m"true"[39m
    [33mclass[39m=[32m"MuiSvgIcon-root MuiSvgIcon-fontSizeMedium css-elhp89-MuiSvgIcon-root"[39m
    [33mdata-testid[39m=[32m"PersonIcon"[39m
    [33mfocusable[39m=[32m"false"[39m
    [33mviewBox[39m=[32m"0 0 24 24"[39m
  [36m>[39m
    [36m<path[39m
      [33md[39m=[32m"M12 12c2.21 0 4-1.79 4-4s-1.79-4-4-4-4 1.79-4 4 1.79 4 4 4m0 2c-2.67 0-8 1.34-8 4v2h16v-2c0-2.66-5.33-4-8-4"[39m
    [36m/>[39m
  [36m</svg>[39m
  [0mFind Work as a Freelancer[0m
  [36m<span[39m
    [33mclass[39m=[32m"MuiTouchRipple-root css-8je8zh-MuiTouchRipple-root"[39m
  [36m/>[39m
[36m</button>[39m

(If this is intentional, then use the `*AllBy*` variant of the query (like `queryAllByText`, `getAllByText`, or `findAllByText`)).

Ignored nodes: comments, script, style
[36m<body[39m
  [33mstyle[39m=[32m"padding-right: 1024px; overflow: hidden;"[39m
[36m>[39m
  [36m<div[39m
    [33maria-hidden[39m=[32m"true"[39m
  [36m>[39m
    [36m<div[39m
      [33mclass[39m=[32m"MuiBox-root css-0"[39m
    [36m>[39m
      [36m<div[39m
        [33mclass[39m=[32m"MuiBox-root css-i3pbo"[39m
      [36m>[39m
        [36m<h5[39m
          [33mclass[39m=[32m"MuiTypography-root MuiTypography-h5 MuiTypography-gutterBottom css-1hkf4sh-MuiTypography-root"[39m
        [36m>[39m
          [0mPayment History[0m
        [36m</h5>[39m
        [36m<p[39m
          [33mclass[39m=[32m"MuiTypography-root MuiTypography-body2 css-xtz2xu-MuiTypography-root"[39m
        [36m>[39m
          [0m1[0m
          [0m payment[0m
          [0m found[0m
        [36m</p>[39m
      [36m</div>[39m
      [36m<div[39m
        [33mclass[39m=[32m"MuiGrid-root MuiGrid-container MuiGrid-spacing-xs-2 css-12rc5ck-MuiGrid-root"[39m
      [36m>[39m
        [36m<div[39m
          [33mclass[39m=[32m"MuiGrid-root MuiGrid-item MuiGrid-grid-xs-12 MuiGrid-grid-sm-6 MuiGrid-grid-md-3 css-10voxkt-MuiGrid-root"[39m
        [36m>[39m
          [36m<div[39m
            [33mclass[39m=[32m"MuiFormControl-root MuiFormControl-fullWidth MuiTextField-root css-18hear-MuiFormControl-root-MuiTextField-root"[39m
          [36m>[39m
            [36m<div[39m
              [33mclass[39m=[32m"MuiInputBase-root MuiOutlinedInput-root MuiInputBase-colorPrimary MuiInputBase-fullWidth MuiInputBase-formControl MuiInputBase-sizeSmall MuiInputBase-adornedStart css-1cj7mpt-MuiInputBase-root-MuiOutlinedInput-root"[39m
            [36m>[39m
              [36m<div[39m
                [33mclass[39m=[32m"MuiInputAdornment-root MuiInputAdornment-positionStart MuiInputAdornment-outlined MuiInputAdornment-sizeSmall css-ittuaa-MuiInputAdornment-root"[39m
              [36m>[39m
                [36m<span[39m
                  [33mclass[39m=[32m"notranslate"[39m
                [36m>[39m
                  [0m​[0m
                [36m</span>[39m
                [36m<svg[39m
                  [33maria-hidden[39m=[32m"true"[39m
                  [33mclass[39m=[32m"MuiSvgIcon-root MuiSvgIcon-fontSizeMedium css-i4bv87-MuiSvgIcon-root"[39m
                  [33mdata-testid[39m=[32m"SearchIcon"[39m
                  [33mfocusable[39m=[32m"false"[39m
                  [33mviewBox[39m=[32m"0 0 24 24"[39m
                [36m>[39m
                  [36m<path[39m
                    [33md[39m=[32m"M15.5 14h-.79l-.28-.27C15.41 12.59 16 11.11 16 9.5 16 5.91 13.09 3 9.5 3S3 5.91 3 9.5 5.91 16 9.5 16c1.61 0 3.09-.59 4.23-1.57l.27.28v.79l5 4.99L20.49 19zm-6 0C7.01 14 5 11.99 5 9.5S7.01 5 9.5 5 14 7.01 14 9.5 11.99 14 9.5 14"[39m
                  [36m/>[39m
                [36m</svg>[39m
              [36m</div>[39m
              [36m<input[39m
                [33maria-invalid[39m=[32m"false"[39m
                [33mclass[39m=[32m"MuiInputBase-input MuiOutlinedInput-input MuiInputBase-inputSizeSmall MuiInputBase-inputAdornedStart css-1ua80n0-MuiInputBase-input-MuiOutlinedInput-input"[39m
                [33mid[39m=[32m":rt:"[39m
                [33mplaceholder[39m=[32m"Search payments..."[39m
                [33mtype[39m=[32m"text"[39m
                [33mvalue[39m=[32m""[39m
              [36m/>[39m
              [36m<fieldset[39m
                [33maria-hidden[39m=[32m"true"[39m
                [33mclass[39m=[32m"MuiOutlinedInput-notchedOutline css-r01yff-MuiNotchedOutlined-root-MuiOutlinedInput-notchedOutline"[39m
              [36m>[39m
                [36m<legend[39m
                  [33mclass[39m=[32m"css-1whs34k-MuiNotchedOutlined-root"[39m
                [36m>[39m
                  [36m<span[39m
                    [33mclass[39m=[32m"notranslate"[39m
                  [36m>[39m
                    [0m​[0m
                  [36m</span>[39m
                [36m</legend>[39m
              [36m</fieldset>[39m
            [36m</div>[39m
          [36m</div>[39m
        [36m</div>[39m
        [36m<div[39m
          [33mclass[39m=[32m"MuiGrid-root MuiGrid-item MuiGrid-grid-xs-12 MuiGrid-grid-sm-6 MuiGrid-grid-md-3 css-10voxkt-MuiGrid-root"[39m
        [36m>[39m
          [36m<div[39m
            [33mclass[39m=[32m"MuiFormControl-root MuiFormControl-fullWidth css-q8hpuo-MuiFormControl-root"[39m
          [36m>[39m
            [36m<label[39m
              [33mclass[39m=[32m"MuiFormLabel-root MuiInputLabel-root MuiInputLabel-formControl MuiInputLabel-animated MuiInputLabel-shrink MuiInputLabel-sizeSmall MuiInputLabel-outlined MuiFormLabel-colorPrimary MuiFormLabel-filled MuiInputLabel-root MuiInputLabel-formControl MuiInputLabel-animated MuiInputLabel-shrink MuiInputLabel-sizeSmall MuiInputLabel-outlined css-fe0mau-MuiFormLabel-root-MuiInputLabel-root"[39m
              [33mdata-shrink[39m=[32m"true"[39m
            [36m>[39m
              [0mStatus[0m
            [36m</label>[39m
            [36m<div[39m
              [33mclass[39m=[32m"MuiInputBase-root MuiOutlinedInput-root MuiInputBase-colorPrimary MuiInputBase-formControl MuiInputBase-sizeSmall css-13lg1x7-MuiInputBase-root-MuiOutlinedInput-root-MuiSelect-root"[39m
            [36m>[39m
              [36m<div[39m
                [33maria-controls[39m=[32m":ru:"[39m
                [33maria-expanded[39m=[32m"false"[39m
                [33maria-haspopup[39m=[32m"listbox"[39m
                [33mclass[39m=[32m"MuiSelect-select MuiSelect-outlined MuiInputBase-input MuiOutlinedInput-input MuiInputBase-inputSizeSmall css-1fzjff4-MuiSelect-select-MuiInputBase-input-MuiOutlinedInput-input"[39m
                [33mrole[39m=[32m"combobox"[39m
                [33mtabindex[39m=[32m"0"[39m
              [36m>[39m
                [0mAll Statuses[0m
              [36m</div>[39m
              [36m<input[39m
                [33maria-hidden[39m=[32m"true"[39m
                [33maria-invalid[39m=[32m"false"[39m
                [33mclass[39m=[32m"MuiSelect-nativeInput css-yf8vq0-MuiSelect-nativeInput"[39m
                [33mtabindex[39m=[32m"-1"[39m
                [33mvalue[39m=[32m"all"[39m
              [36m/>[39m
              [36m<svg[39m
                [33maria-hidden[39m=[32m"true"[39m
                [33mclass[39m=[32m"MuiSvgIcon-root MuiSvgIcon-fontSizeMedium MuiSelect-icon MuiSelect-iconOutlined css-hfutr2-MuiSvgIcon-root-MuiSelect-icon"[39m
                [33mdata-testid[39m=[32m"ArrowDropDownIcon"[39m
                [33mfocusable[39m=[32m"false"[39m
                [33mviewBox[39m=[32m"0 0 24 24"[39m
              [36m>[39m
                [36m<path[39m
                  [33md[39m=[32m"M7 10l5 5 5-5z"[39m
                [36m/>[39m
              [36m</svg>[...
 ❯ Object.getElementError node_modules/@testing-library/react/node_modules/@testing-library/dom/dist/config.js:37:19
 ❯ getElementError node_modules/@testing-library/react/node_modules/@testing-library/dom/dist/query-helpers.js:20:35
 ❯ getMultipleElementsFoundError node_modules/@testing-library/react/node_modules/@testing-library/dom/dist/query-helpers.js:23:10
 ❯ node_modules/@testing-library/react/node_modules/@testing-library/dom/dist/query-helpers.js:55:13
 ❯ node_modules/@testing-library/react/node_modules/@testing-library/dom/dist/query-helpers.js:95:19
 ❯ src/test/auth.test.tsx:154:21
    152|       );
    153| 
    154|       expect(screen.getByText('Find Work as a Freelancer')).toBeInTheD…
       |                     ^
    155|       expect(screen.getByText('Hire Freelancers')).toBeInTheDocument();
    156|       expect(screen.getByText('Admin Access')).toBeInTheDocument();

⎯⎯⎯⎯⎯⎯⎯⎯⎯⎯⎯⎯⎯⎯⎯⎯⎯⎯⎯⎯⎯⎯⎯[3/66]⎯

 FAIL  src/test/auth.test.tsx > Authentication Components > RegisterPage > shows company name field for client role
TestingLibraryElementError: Found multiple elements with the text: Hire Freelancers

Here are the matching elements:

Ignored nodes: comments, script, style
[36m<button[39m
  [33maria-label[39m=[32m"client"[39m
  [33maria-pressed[39m=[32m"false"[39m
  [33mclass[39m=[32m"MuiButtonBase-root MuiToggleButtonGroup-grouped MuiToggleButtonGroup-groupedHorizontal MuiToggleButton-root MuiToggleButton-fullWidth MuiToggleButton-sizeMedium MuiToggleButton-standard MuiToggleButtonGroup-grouped MuiToggleButtonGroup-groupedHorizontal MuiToggleButtonGroup-middleButton css-17ndd9v-MuiButtonBase-root-MuiToggleButton-root"[39m
  [33mtabindex[39m=[32m"0"[39m
  [33mtype[39m=[32m"button"[39m
  [33mvalue[39m=[32m"client"[39m
[36m>[39m
  [36m<svg[39m
    [33maria-hidden[39m=[32m"true"[39m
    [33mclass[39m=[32m"MuiSvgIcon-root MuiSvgIcon-fontSizeMedium css-elhp89-MuiSvgIcon-root"[39m
    [33mdata-testid[39m=[32m"BusinessIcon"[39m
    [33mfocusable[39m=[32m"false"[39m
    [33mviewBox[39m=[32m"0 0 24 24"[39m
  [36m>[39m
    [36m<path[39m
      [33md[39m=[32m"M12 7V3H2v18h20V7zM6 19H4v-2h2zm0-4H4v-2h2zm0-4H4V9h2zm0-4H4V5h2zm4 12H8v-2h2zm0-4H8v-2h2zm0-4H8V9h2zm0-4H8V5h2zm10 12h-8v-2h2v-2h-2v-2h2v-2h-2V9h8zm-2-8h-2v2h2zm0 4h-2v2h2z"[39m
    [36m/>[39m
  [36m</svg>[39m
  [0mHire Freelancers[0m
  [36m<span[39m
    [33mclass[39m=[32m"MuiTouchRipple-root css-8je8zh-MuiTouchRipple-root"[39m
  [36m/>[39m
[36m</button>[39m

Ignored nodes: comments, script, style
[36m<button[39m
  [33maria-label[39m=[32m"client"[39m
  [33maria-pressed[39m=[32m"false"[39m
  [33mclass[39m=[32m"MuiButtonBase-root MuiToggleButtonGroup-grouped MuiToggleButtonGroup-groupedHorizontal MuiToggleButton-root MuiToggleButton-fullWidth MuiToggleButton-sizeMedium MuiToggleButton-standard MuiToggleButtonGroup-grouped MuiToggleButtonGroup-groupedHorizontal MuiToggleButtonGroup-middleButton css-17ndd9v-MuiButtonBase-root-MuiToggleButton-root"[39m
  [33mtabindex[39m=[32m"0"[39m
  [33mtype[39m=[32m"button"[39m
  [33mvalue[39m=[32m"client"[39m
[36m>[39m
  [36m<svg[39m
    [33maria-hidden[39m=[32m"true"[39m
    [33mclass[39m=[32m"MuiSvgIcon-root MuiSvgIcon-fontSizeMedium css-elhp89-MuiSvgIcon-root"[39m
    [33mdata-testid[39m=[32m"BusinessIcon"[39m
    [33mfocusable[39m=[32m"false"[39m
    [33mviewBox[39m=[32m"0 0 24 24"[39m
  [36m>[39m
    [36m<path[39m
      [33md[39m=[32m"M12 7V3H2v18h20V7zM6 19H4v-2h2zm0-4H4v-2h2zm0-4H4V9h2zm0-4H4V5h2zm4 12H8v-2h2zm0-4H8v-2h2zm0-4H8V9h2zm0-4H8V5h2zm10 12h-8v-2h2v-2h-2v-2h2v-2h-2V9h8zm-2-8h-2v2h2zm0 4h-2v2h2z"[39m
    [36m/>[39m
  [36m</svg>[39m
  [0mHire Freelancers[0m
  [36m<span[39m
    [33mclass[39m=[32m"MuiTouchRipple-root css-8je8zh-MuiTouchRipple-root"[39m
  [36m/>[39m
[36m</button>[39m

Ignored nodes: comments, script, style
[36m<button[39m
  [33maria-label[39m=[32m"client"[39m
  [33maria-pressed[39m=[32m"false"[39m
  [33mclass[39m=[32m"MuiButtonBase-root MuiToggleButtonGroup-grouped MuiToggleButtonGroup-groupedHorizontal MuiToggleButton-root MuiToggleButton-fullWidth MuiToggleButton-sizeMedium MuiToggleButton-standard MuiToggleButtonGroup-grouped MuiToggleButtonGroup-groupedHorizontal MuiToggleButtonGroup-middleButton css-17ndd9v-MuiButtonBase-root-MuiToggleButton-root"[39m
  [33mtabindex[39m=[32m"0"[39m
  [33mtype[39m=[32m"button"[39m
  [33mvalue[39m=[32m"client"[39m
[36m>[39m
  [36m<svg[39m
    [33maria-hidden[39m=[32m"true"[39m
    [33mclass[39m=[32m"MuiSvgIcon-root MuiSvgIcon-fontSizeMedium css-elhp89-MuiSvgIcon-root"[39m
    [33mdata-testid[39m=[32m"BusinessIcon"[39m
    [33mfocusable[39m=[32m"false"[39m
    [33mviewBox[39m=[32m"0 0 24 24"[39m
  [36m>[39m
    [36m<path[39m
      [33md[39m=[32m"M12 7V3H2v18h20V7zM6 19H4v-2h2zm0-4H4v-2h2zm0-4H4V9h2zm0-4H4V5h2zm4 12H8v-2h2zm0-4H8v-2h2zm0-4H8V9h2zm0-4H8V5h2zm10 12h-8v-2h2v-2h-2v-2h2v-2h-2V9h8zm-2-8h-2v2h2zm0 4h-2v2h2z"[39m
    [36m/>[39m
  [36m</svg>[39m
  [0mHire Freelancers[0m
  [36m<span[39m
    [33mclass[39m=[32m"MuiTouchRipple-root css-8je8zh-MuiTouchRipple-root"[39m
  [36m/>[39m
[36m</button>[39m

(If this is intentional, then use the `*AllBy*` variant of the query (like `queryAllByText`, `getAllByText`, or `findAllByText`)).

Ignored nodes: comments, script, style
[36m<body[39m
  [33mstyle[39m=[32m"padding-right: 1024px; overflow: hidden;"[39m
[36m>[39m
  [36m<div[39m
    [33maria-hidden[39m=[32m"true"[39m
  [36m>[39m
    [36m<div[39m
      [33mclass[39m=[32m"MuiBox-root css-0"[39m
    [36m>[39m
      [36m<div[39m
        [33mclass[39m=[32m"MuiBox-root css-i3pbo"[39m
      [36m>[39m
        [36m<h5[39m
          [33mclass[39m=[32m"MuiTypography-root MuiTypography-h5 MuiTypography-gutterBottom css-1hkf4sh-MuiTypography-root"[39m
        [36m>[39m
          [0mPayment History[0m
        [36m</h5>[39m
        [36m<p[39m
          [33mclass[39m=[32m"MuiTypography-root MuiTypography-body2 css-xtz2xu-MuiTypography-root"[39m
        [36m>[39m
          [0m1[0m
          [0m payment[0m
          [0m found[0m
        [36m</p>[39m
      [36m</div>[39m
      [36m<div[39m
        [33mclass[39m=[32m"MuiGrid-root MuiGrid-container MuiGrid-spacing-xs-2 css-12rc5ck-MuiGrid-root"[39m
      [36m>[39m
        [36m<div[39m
          [33mclass[39m=[32m"MuiGrid-root MuiGrid-item MuiGrid-grid-xs-12 MuiGrid-grid-sm-6 MuiGrid-grid-md-3 css-10voxkt-MuiGrid-root"[39m
        [36m>[39m
          [36m<div[39m
            [33mclass[39m=[32m"MuiFormControl-root MuiFormControl-fullWidth MuiTextField-root css-18hear-MuiFormControl-root-MuiTextField-root"[39m
          [36m>[39m
            [36m<div[39m
              [33mclass[39m=[32m"MuiInputBase-root MuiOutlinedInput-root MuiInputBase-colorPrimary MuiInputBase-fullWidth MuiInputBase-formControl MuiInputBase-sizeSmall MuiInputBase-adornedStart css-1cj7mpt-MuiInputBase-root-MuiOutlinedInput-root"[39m
            [36m>[39m
              [36m<div[39m
                [33mclass[39m=[32m"MuiInputAdornment-root MuiInputAdornment-positionStart MuiInputAdornment-outlined MuiInputAdornment-sizeSmall css-ittuaa-MuiInputAdornment-root"[39m
              [36m>[39m
                [36m<span[39m
                  [33mclass[39m=[32m"notranslate"[39m
                [36m>[39m
                  [0m​[0m
                [36m</span>[39m
                [36m<svg[39m
                  [33maria-hidden[39m=[32m"true"[39m
                  [33mclass[39m=[32m"MuiSvgIcon-root MuiSvgIcon-fontSizeMedium css-i4bv87-MuiSvgIcon-root"[39m
                  [33mdata-testid[39m=[32m"SearchIcon"[39m
                  [33mfocusable[39m=[32m"false"[39m
                  [33mviewBox[39m=[32m"0 0 24 24"[39m
                [36m>[39m
                  [36m<path[39m
                    [33md[39m=[32m"M15.5 14h-.79l-.28-.27C15.41 12.59 16 11.11 16 9.5 16 5.91 13.09 3 9.5 3S3 5.91 3 9.5 5.91 16 9.5 16c1.61 0 3.09-.59 4.23-1.57l.27.28v.79l5 4.99L20.49 19zm-6 0C7.01 14 5 11.99 5 9.5S7.01 5 9.5 5 14 7.01 14 9.5 11.99 14 9.5 14"[39m
                  [36m/>[39m
                [36m</svg>[39m
              [36m</div>[39m
              [36m<input[39m
                [33maria-invalid[39m=[32m"false"[39m
                [33mclass[39m=[32m"MuiInputBase-input MuiOutlinedInput-input MuiInputBase-inputSizeSmall MuiInputBase-inputAdornedStart css-1ua80n0-MuiInputBase-input-MuiOutlinedInput-input"[39m
                [33mid[39m=[32m":rt:"[39m
                [33mplaceholder[39m=[32m"Search payments..."[39m
                [33mtype[39m=[32m"text"[39m
                [33mvalue[39m=[32m""[39m
              [36m/>[39m
              [36m<fieldset[39m
                [33maria-hidden[39m=[32m"true"[39m
                [33mclass[39m=[32m"MuiOutlinedInput-notchedOutline css-r01yff-MuiNotchedOutlined-root-MuiOutlinedInput-notchedOutline"[39m
              [36m>[39m
                [36m<legend[39m
                  [33mclass[39m=[32m"css-1whs34k-MuiNotchedOutlined-root"[39m
                [36m>[39m
                  [36m<span[39m
                    [33mclass[39m=[32m"notranslate"[39m
                  [36m>[39m
                    [0m​[0m
                  [36m</span>[39m
                [36m</legend>[39m
              [36m</fieldset>[39m
            [36m</div>[39m
          [36m</div>[39m
        [36m</div>[39m
        [36m<div[39m
          [33mclass[39m=[32m"MuiGrid-root MuiGrid-item MuiGrid-grid-xs-12 MuiGrid-grid-sm-6 MuiGrid-grid-md-3 css-10voxkt-MuiGrid-root"[39m
        [36m>[39m
          [36m<div[39m
            [33mclass[39m=[32m"MuiFormControl-root MuiFormControl-fullWidth css-q8hpuo-MuiFormControl-root"[39m
          [36m>[39m
            [36m<label[39m
              [33mclass[39m=[32m"MuiFormLabel-root MuiInputLabel-root MuiInputLabel-formControl MuiInputLabel-animated MuiInputLabel-shrink MuiInputLabel-sizeSmall MuiInputLabel-outlined MuiFormLabel-colorPrimary MuiFormLabel-filled MuiInputLabel-root MuiInputLabel-formControl MuiInputLabel-animated MuiInputLabel-shrink MuiInputLabel-sizeSmall MuiInputLabel-outlined css-fe0mau-MuiFormLabel-root-MuiInputLabel-root"[39m
              [33mdata-shrink[39m=[32m"true"[39m
            [36m>[39m
              [0mStatus[0m
            [36m</label>[39m
            [36m<div[39m
              [33mclass[39m=[32m"MuiInputBase-root MuiOutlinedInput-root MuiInputBase-colorPrimary MuiInputBase-formControl MuiInputBase-sizeSmall css-13lg1x7-MuiInputBase-root-MuiOutlinedInput-root-MuiSelect-root"[39m
            [36m>[39m
              [36m<div[39m
                [33maria-controls[39m=[32m":ru:"[39m
                [33maria-expanded[39m=[32m"false"[39m
                [33maria-haspopup[39m=[32m"listbox"[39m
                [33mclass[39m=[32m"MuiSelect-select MuiSelect-outlined MuiInputBase-input MuiOutlinedInput-input MuiInputBase-inputSizeSmall css-1fzjff4-MuiSelect-select-MuiInputBase-input-MuiOutlinedInput-input"[39m
                [33mrole[39m=[32m"combobox"[39m
                [33mtabindex[39m=[32m"0"[39m
              [36m>[39m
                [0mAll Statuses[0m
              [36m</div>[39m
              [36m<input[39m
                [33maria-hidden[39m=[32m"true"[39m
                [33maria-invalid[39m=[32m"false"[39m
                [33mclass[39m=[32m"MuiSelect-nativeInput css-yf8vq0-MuiSelect-nativeInput"[39m
                [33mtabindex[39m=[32m"-1"[39m
                [33mvalue[39m=[32m"all"[39m
              [36m/>[39m
              [36m<svg[39m
                [33maria-hidden[39m=[32m"true"[39m
                [33mclass[39m=[32m"MuiSvgIcon-root MuiSvgIcon-fontSizeMedium MuiSelect-icon MuiSelect-iconOutlined css-hfutr2-MuiSvgIcon-root-MuiSelect-icon"[39m
                [33mdata-testid[39m=[32m"ArrowDropDownIcon"[39m
                [33mfocusable[39m=[32m"false"[39m
                [33mviewBox[39m=[32m"0 0 24 24"[39m
              [36m>[39m
                [36m<path[39m
                  [33md[39m=[32m"M7 10l5 5 5-5z"[39m
                [36m/>[39m
              [36m</svg>[...
 ❯ Object.getElementError node_modules/@testing-library/react/node_modules/@testing-library/dom/dist/config.js:37:19
 ❯ getElementError node_modules/@testing-library/react/node_modules/@testing-library/dom/dist/query-helpers.js:20:35
 ❯ getMultipleElementsFoundError node_modules/@testing-library/react/node_modules/@testing-library/dom/dist/query-helpers.js:23:10
 ❯ node_modules/@testing-library/react/node_modules/@testing-library/dom/dist/query-helpers.js:55:13
 ❯ node_modules/@testing-library/react/node_modules/@testing-library/dom/dist/query-helpers.js:95:19
 ❯ src/test/auth.test.tsx:166:35
    164|       );
    165| 
    166|       const clientButton = screen.getByText('Hire Freelancers');
       |                                   ^
    167|       fireEvent.click(clientButton);
    168| 

⎯⎯⎯⎯⎯⎯⎯⎯⎯⎯⎯⎯⎯⎯⎯⎯⎯⎯⎯⎯⎯⎯⎯[4/66]⎯

 FAIL  src/test/auth.test.tsx > Authentication Components > RegisterPage > shows professional title field for freelancer role
TestingLibraryElementError: Found multiple elements with the text: Find Work as a Freelancer

Here are the matching elements:

Ignored nodes: comments, script, style
[36m<button[39m
  [33maria-label[39m=[32m"freelancer"[39m
  [33maria-pressed[39m=[32m"true"[39m
  [33mclass[39m=[32m"MuiButtonBase-root MuiToggleButtonGroup-grouped MuiToggleButtonGroup-groupedHorizontal MuiToggleButton-root Mui-selected MuiToggleButton-fullWidth MuiToggleButton-sizeMedium MuiToggleButton-standard MuiToggleButtonGroup-grouped MuiToggleButtonGroup-groupedHorizontal MuiToggleButtonGroup-firstButton css-17ndd9v-MuiButtonBase-root-MuiToggleButton-root"[39m
  [33mtabindex[39m=[32m"0"[39m
  [33mtype[39m=[32m"button"[39m
  [33mvalue[39m=[32m"freelancer"[39m
[36m>[39m
  [36m<svg[39m
    [33maria-hidden[39m=[32m"true"[39m
    [33mclass[39m=[32m"MuiSvgIcon-root MuiSvgIcon-fontSizeMedium css-elhp89-MuiSvgIcon-root"[39m
    [33mdata-testid[39m=[32m"PersonIcon"[39m
    [33mfocusable[39m=[32m"false"[39m
    [33mviewBox[39m=[32m"0 0 24 24"[39m
  [36m>[39m
    [36m<path[39m
      [33md[39m=[32m"M12 12c2.21 0 4-1.79 4-4s-1.79-4-4-4-4 1.79-4 4 1.79 4 4 4m0 2c-2.67 0-8 1.34-8 4v2h16v-2c0-2.66-5.33-4-8-4"[39m
    [36m/>[39m
  [36m</svg>[39m
  [0mFind Work as a Freelancer[0m
  [36m<span[39m
    [33mclass[39m=[32m"MuiTouchRipple-root css-8je8zh-MuiTouchRipple-root"[39m
  [36m/>[39m
[36m</button>[39m

Ignored nodes: comments, script, style
[36m<button[39m
  [33maria-label[39m=[32m"freelancer"[39m
  [33maria-pressed[39m=[32m"true"[39m
  [33mclass[39m=[32m"MuiButtonBase-root MuiToggleButtonGroup-grouped MuiToggleButtonGroup-groupedHorizontal MuiToggleButton-root Mui-selected MuiToggleButton-fullWidth MuiToggleButton-sizeMedium MuiToggleButton-standard MuiToggleButtonGroup-grouped MuiToggleButtonGroup-groupedHorizontal MuiToggleButtonGroup-firstButton css-17ndd9v-MuiButtonBase-root-MuiToggleButton-root"[39m
  [33mtabindex[39m=[32m"0"[39m
  [33mtype[39m=[32m"button"[39m
  [33mvalue[39m=[32m"freelancer"[39m
[36m>[39m
  [36m<svg[39m
    [33maria-hidden[39m=[32m"true"[39m
    [33mclass[39m=[32m"MuiSvgIcon-root MuiSvgIcon-fontSizeMedium css-elhp89-MuiSvgIcon-root"[39m
    [33mdata-testid[39m=[32m"PersonIcon"[39m
    [33mfocusable[39m=[32m"false"[39m
    [33mviewBox[39m=[32m"0 0 24 24"[39m
  [36m>[39m
    [36m<path[39m
      [33md[39m=[32m"M12 12c2.21 0 4-1.79 4-4s-1.79-4-4-4-4 1.79-4 4 1.79 4 4 4m0 2c-2.67 0-8 1.34-8 4v2h16v-2c0-2.66-5.33-4-8-4"[39m
    [36m/>[39m
  [36m</svg>[39m
  [0mFind Work as a Freelancer[0m
  [36m<span[39m
    [33mclass[39m=[32m"MuiTouchRipple-root css-8je8zh-MuiTouchRipple-root"[39m
  [36m/>[39m
[36m</button>[39m

Ignored nodes: comments, script, style
[36m<button[39m
  [33maria-label[39m=[32m"freelancer"[39m
  [33maria-pressed[39m=[32m"true"[39m
  [33mclass[39m=[32m"MuiButtonBase-root MuiToggleButtonGroup-grouped MuiToggleButtonGroup-groupedHorizontal MuiToggleButton-root Mui-selected MuiToggleButton-fullWidth MuiToggleButton-sizeMedium MuiToggleButton-standard MuiToggleButtonGroup-grouped MuiToggleButtonGroup-groupedHorizontal MuiToggleButtonGroup-firstButton css-17ndd9v-MuiButtonBase-root-MuiToggleButton-root"[39m
  [33mtabindex[39m=[32m"0"[39m
  [33mtype[39m=[32m"button"[39m
  [33mvalue[39m=[32m"freelancer"[39m
[36m>[39m
  [36m<svg[39m
    [33maria-hidden[39m=[32m"true"[39m
    [33mclass[39m=[32m"MuiSvgIcon-root MuiSvgIcon-fontSizeMedium css-elhp89-MuiSvgIcon-root"[39m
    [33mdata-testid[39m=[32m"PersonIcon"[39m
    [33mfocusable[39m=[32m"false"[39m
    [33mviewBox[39m=[32m"0 0 24 24"[39m
  [36m>[39m
    [36m<path[39m
      [33md[39m=[32m"M12 12c2.21 0 4-1.79 4-4s-1.79-4-4-4-4 1.79-4 4 1.79 4 4 4m0 2c-2.67 0-8 1.34-8 4v2h16v-2c0-2.66-5.33-4-8-4"[39m
    [36m/>[39m
  [36m</svg>[39m
  [0mFind Work as a Freelancer[0m
  [36m<span[39m
    [33mclass[39m=[32m"MuiTouchRipple-root css-8je8zh-MuiTouchRipple-root"[39m
  [36m/>[39m
[36m</button>[39m

Ignored nodes: comments, script, style
[36m<button[39m
  [33maria-label[39m=[32m"freelancer"[39m
  [33maria-pressed[39m=[32m"true"[39m
  [33mclass[39m=[32m"MuiButtonBase-root MuiToggleButtonGroup-grouped MuiToggleButtonGroup-groupedHorizontal MuiToggleButton-root Mui-selected MuiToggleButton-fullWidth MuiToggleButton-sizeMedium MuiToggleButton-standard MuiToggleButtonGroup-grouped MuiToggleButtonGroup-groupedHorizontal MuiToggleButtonGroup-firstButton css-17ndd9v-MuiButtonBase-root-MuiToggleButton-root"[39m
  [33mtabindex[39m=[32m"0"[39m
  [33mtype[39m=[32m"button"[39m
  [33mvalue[39m=[32m"freelancer"[39m
[36m>[39m
  [36m<svg[39m
    [33maria-hidden[39m=[32m"true"[39m
    [33mclass[39m=[32m"MuiSvgIcon-root MuiSvgIcon-fontSizeMedium css-elhp89-MuiSvgIcon-root"[39m
    [33mdata-testid[39m=[32m"PersonIcon"[39m
    [33mfocusable[39m=[32m"false"[39m
    [33mviewBox[39m=[32m"0 0 24 24"[39m
  [36m>[39m
    [36m<path[39m
      [33md[39m=[32m"M12 12c2.21 0 4-1.79 4-4s-1.79-4-4-4-4 1.79-4 4 1.79 4 4 4m0 2c-2.67 0-8 1.34-8 4v2h16v-2c0-2.66-5.33-4-8-4"[39m
    [36m/>[39m
  [36m</svg>[39m
  [0mFind Work as a Freelancer[0m
  [36m<span[39m
    [33mclass[39m=[32m"MuiTouchRipple-root css-8je8zh-MuiTouchRipple-root"[39m
  [36m/>[39m
[36m</button>[39m

(If this is intentional, then use the `*AllBy*` variant of the query (like `queryAllByText`, `getAllByText`, or `findAllByText`)).

Ignored nodes: comments, script, style
[36m<body[39m
  [33mstyle[39m=[32m"padding-right: 1024px; overflow: hidden;"[39m
[36m>[39m
  [36m<div[39m
    [33maria-hidden[39m=[32m"true"[39m
  [36m>[39m
    [36m<div[39m
      [33mclass[39m=[32m"MuiBox-root css-0"[39m
    [36m>[39m
      [36m<div[39m
        [33mclass[39m=[32m"MuiBox-root css-i3pbo"[39m
      [36m>[39m
        [36m<h5[39m
          [33mclass[39m=[32m"MuiTypography-root MuiTypography-h5 MuiTypography-gutterBottom css-1hkf4sh-MuiTypography-root"[39m
        [36m>[39m
          [0mPayment History[0m
        [36m</h5>[39m
        [36m<p[39m
          [33mclass[39m=[32m"MuiTypography-root MuiTypography-body2 css-xtz2xu-MuiTypography-root"[39m
        [36m>[39m
          [0m1[0m
          [0m payment[0m
          [0m found[0m
        [36m</p>[39m
      [36m</div>[39m
      [36m<div[39m
        [33mclass[39m=[32m"MuiGrid-root MuiGrid-container MuiGrid-spacing-xs-2 css-12rc5ck-MuiGrid-root"[39m
      [36m>[39m
        [36m<div[39m
          [33mclass[39m=[32m"MuiGrid-root MuiGrid-item MuiGrid-grid-xs-12 MuiGrid-grid-sm-6 MuiGrid-grid-md-3 css-10voxkt-MuiGrid-root"[39m
        [36m>[39m
          [36m<div[39m
            [33mclass[39m=[32m"MuiFormControl-root MuiFormControl-fullWidth MuiTextField-root css-18hear-MuiFormControl-root-MuiTextField-root"[39m
          [36m>[39m
            [36m<div[39m
              [33mclass[39m=[32m"MuiInputBase-root MuiOutlinedInput-root MuiInputBase-colorPrimary MuiInputBase-fullWidth MuiInputBase-formControl MuiInputBase-sizeSmall MuiInputBase-adornedStart css-1cj7mpt-MuiInputBase-root-MuiOutlinedInput-root"[39m
            [36m>[39m
              [36m<div[39m
                [33mclass[39m=[32m"MuiInputAdornment-root MuiInputAdornment-positionStart MuiInputAdornment-outlined MuiInputAdornment-sizeSmall css-ittuaa-MuiInputAdornment-root"[39m
              [36m>[39m
                [36m<span[39m
                  [33mclass[39m=[32m"notranslate"[39m
                [36m>[39m
                  [0m​[0m
                [36m</span>[39m
                [36m<svg[39m
                  [33maria-hidden[39m=[32m"true"[39m
                  [33mclass[39m=[32m"MuiSvgIcon-root MuiSvgIcon-fontSizeMedium css-i4bv87-MuiSvgIcon-root"[39m
                  [33mdata-testid[39m=[32m"SearchIcon"[39m
                  [33mfocusable[39m=[32m"false"[39m
                  [33mviewBox[39m=[32m"0 0 24 24"[39m
                [36m>[39m
                  [36m<path[39m
                    [33md[39m=[32m"M15.5 14h-.79l-.28-.27C15.41 12.59 16 11.11 16 9.5 16 5.91 13.09 3 9.5 3S3 5.91 3 9.5 5.91 16 9.5 16c1.61 0 3.09-.59 4.23-1.57l.27.28v.79l5 4.99L20.49 19zm-6 0C7.01 14 5 11.99 5 9.5S7.01 5 9.5 5 14 7.01 14 9.5 11.99 14 9.5 14"[39m
                  [36m/>[39m
                [36m</svg>[39m
              [36m</div>[39m
              [36m<input[39m
                [33maria-invalid[39m=[32m"false"[39m
                [33mclass[39m=[32m"MuiInputBase-input MuiOutlinedInput-input MuiInputBase-inputSizeSmall MuiInputBase-inputAdornedStart css-1ua80n0-MuiInputBase-input-MuiOutlinedInput-input"[39m
                [33mid[39m=[32m":rt:"[39m
                [33mplaceholder[39m=[32m"Search payments..."[39m
                [33mtype[39m=[32m"text"[39m
                [33mvalue[39m=[32m""[39m
              [36m/>[39m
              [36m<fieldset[39m
                [33maria-hidden[39m=[32m"true"[39m
                [33mclass[39m=[32m"MuiOutlinedInput-notchedOutline css-r01yff-MuiNotchedOutlined-root-MuiOutlinedInput-notchedOutline"[39m
              [36m>[39m
                [36m<legend[39m
                  [33mclass[39m=[32m"css-1whs34k-MuiNotchedOutlined-root"[39m
                [36m>[39m
                  [36m<span[39m
                    [33mclass[39m=[32m"notranslate"[39m
                  [36m>[39m
                    [0m​[0m
                  [36m</span>[39m
                [36m</legend>[39m
              [36m</fieldset>[39m
            [36m</div>[39m
          [36m</div>[39m
        [36m</div>[39m
        [36m<div[39m
          [33mclass[39m=[32m"MuiGrid-root MuiGrid-item MuiGrid-grid-xs-12 MuiGrid-grid-sm-6 MuiGrid-grid-md-3 css-10voxkt-MuiGrid-root"[39m
        [36m>[39m
          [36m<div[39m
            [33mclass[39m=[32m"MuiFormControl-root MuiFormControl-fullWidth css-q8hpuo-MuiFormControl-root"[39m
          [36m>[39m
            [36m<label[39m
              [33mclass[39m=[32m"MuiFormLabel-root MuiInputLabel-root MuiInputLabel-formControl MuiInputLabel-animated MuiInputLabel-shrink MuiInputLabel-sizeSmall MuiInputLabel-outlined MuiFormLabel-colorPrimary MuiFormLabel-filled MuiInputLabel-root MuiInputLabel-formControl MuiInputLabel-animated MuiInputLabel-shrink MuiInputLabel-sizeSmall MuiInputLabel-outlined css-fe0mau-MuiFormLabel-root-MuiInputLabel-root"[39m
              [33mdata-shrink[39m=[32m"true"[39m
            [36m>[39m
              [0mStatus[0m
            [36m</label>[39m
            [36m<div[39m
              [33mclass[39m=[32m"MuiInputBase-root MuiOutlinedInput-root MuiInputBase-colorPrimary MuiInputBase-formControl MuiInputBase-sizeSmall css-13lg1x7-MuiInputBase-root-MuiOutlinedInput-root-MuiSelect-root"[39m
            [36m>[39m
              [36m<div[39m
                [33maria-controls[39m=[32m":ru:"[39m
                [33maria-expanded[39m=[32m"false"[39m
                [33maria-haspopup[39m=[32m"listbox"[39m
                [33mclass[39m=[32m"MuiSelect-select MuiSelect-outlined MuiInputBase-input MuiOutlinedInput-input MuiInputBase-inputSizeSmall css-1fzjff4-MuiSelect-select-MuiInputBase-input-MuiOutlinedInput-input"[39m
                [33mrole[39m=[32m"combobox"[39m
                [33mtabindex[39m=[32m"0"[39m
              [36m>[39m
                [0mAll Statuses[0m
              [36m</div>[39m
              [36m<input[39m
                [33maria-hidden[39m=[32m"true"[39m
                [33maria-invalid[39m=[32m"false"[39m
                [33mclass[39m=[32m"MuiSelect-nativeInput css-yf8vq0-MuiSelect-nativeInput"[39m
                [33mtabindex[39m=[32m"-1"[39m
                [33mvalue[39m=[32m"all"[39m
              [36m/>[39m
              [36m<svg[39m
                [33maria-hidden[39m=[32m"true"[39m
                [33mclass[39m=[32m"MuiSvgIcon-root MuiSvgIcon-fontSizeMedium MuiSelect-icon MuiSelect-iconOutlined css-hfutr2-MuiSvgIcon-root-MuiSelect-icon"[39m
                [33mdata-testid[39m=[32m"ArrowDropDownIcon"[39m
                [33mfocusable[39m=[32m"false"[39m
                [33mviewBox[39m=[32m"0 0 24 24"[39m
              [36m>[39m
                [36m<path[39m
                  [33md[39m=[32m"M7 10l5 5 5-5z"[39m
                [36m/>[39m
              [36m</svg>[...
 ❯ Object.getElementError node_modules/@testing-library/react/node_modules/@testing-library/dom/dist/config.js:37:19
 ❯ getElementError node_modules/@testing-library/react/node_modules/@testing-library/dom/dist/query-helpers.js:20:35
 ❯ getMultipleElementsFoundError node_modules/@testing-library/react/node_modules/@testing-library/dom/dist/query-helpers.js:23:10
 ❯ node_modules/@testing-library/react/node_modules/@testing-library/dom/dist/query-helpers.js:55:13
 ❯ node_modules/@testing-library/react/node_modules/@testing-library/dom/dist/query-helpers.js:95:19
 ❯ src/test/auth.test.tsx:179:39
    177|       );
    178| 
    179|       const freelancerButton = screen.getByText('Find Work as a Freela…
       |                                       ^
    180|       fireEvent.click(freelancerButton);
    181| 

⎯⎯⎯⎯⎯⎯⎯⎯⎯⎯⎯⎯⎯⎯⎯⎯⎯⎯⎯⎯⎯⎯⎯[5/66]⎯

 FAIL  src/test/auth.test.tsx > Authentication Components > RegisterPage > shows validation errors for required fields
TestingLibraryElementError: Found multiple elements with the role "button" and name `/create account/i`

Here are the matching elements:

Ignored nodes: comments, script, style
[36m<button[39m
  [33mclass[39m=[32m"MuiButtonBase-root MuiButton-root MuiButton-contained MuiButton-containedPrimary MuiButton-sizeLarge MuiButton-containedSizeLarge MuiButton-colorPrimary MuiButton-fullWidth MuiButton-root MuiButton-contained MuiButton-containedPrimary MuiButton-sizeLarge MuiButton-containedSizeLarge MuiButton-colorPrimary MuiButton-fullWidth css-i4zi72-MuiButtonBase-root-MuiButton-root"[39m
  [33mtabindex[39m=[32m"0"[39m
  [33mtype[39m=[32m"submit"[39m
[36m>[39m
  [0mCreate Account[0m
  [36m<span[39m
    [33mclass[39m=[32m"MuiTouchRipple-root css-8je8zh-MuiTouchRipple-root"[39m
  [36m/>[39m
[36m</button>[39m

Ignored nodes: comments, script, style
[36m<button[39m
  [33mclass[39m=[32m"MuiButtonBase-root MuiButton-root MuiButton-contained MuiButton-containedPrimary MuiButton-sizeLarge MuiButton-containedSizeLarge MuiButton-colorPrimary MuiButton-fullWidth MuiButton-root MuiButton-contained MuiButton-containedPrimary MuiButton-sizeLarge MuiButton-containedSizeLarge MuiButton-colorPrimary MuiButton-fullWidth css-i4zi72-MuiButtonBase-root-MuiButton-root"[39m
  [33mtabindex[39m=[32m"0"[39m
  [33mtype[39m=[32m"submit"[39m
[36m>[39m
  [0mCreate Account[0m
  [36m<span[39m
    [33mclass[39m=[32m"MuiTouchRipple-root css-8je8zh-MuiTouchRipple-root"[39m
  [36m/>[39m
[36m</button>[39m

Ignored nodes: comments, script, style
[36m<button[39m
  [33mclass[39m=[32m"MuiButtonBase-root MuiButton-root MuiButton-contained MuiButton-containedPrimary MuiButton-sizeLarge MuiButton-containedSizeLarge MuiButton-colorPrimary MuiButton-fullWidth MuiButton-root MuiButton-contained MuiButton-containedPrimary MuiButton-sizeLarge MuiButton-containedSizeLarge MuiButton-colorPrimary MuiButton-fullWidth css-i4zi72-MuiButtonBase-root-MuiButton-root"[39m
  [33mtabindex[39m=[32m"0"[39m
  [33mtype[39m=[32m"submit"[39m
[36m>[39m
  [0mCreate Account[0m
  [36m<span[39m
    [33mclass[39m=[32m"MuiTouchRipple-root css-8je8zh-MuiTouchRipple-root"[39m
  [36m/>[39m
[36m</button>[39m

Ignored nodes: comments, script, style
[36m<button[39m
  [33mclass[39m=[32m"MuiButtonBase-root MuiButton-root MuiButton-contained MuiButton-containedPrimary MuiButton-sizeLarge MuiButton-containedSizeLarge MuiButton-colorPrimary MuiButton-fullWidth MuiButton-root MuiButton-contained MuiButton-containedPrimary MuiButton-sizeLarge MuiButton-containedSizeLarge MuiButton-colorPrimary MuiButton-fullWidth css-i4zi72-MuiButtonBase-root-MuiButton-root"[39m
  [33mtabindex[39m=[32m"0"[39m
  [33mtype[39m=[32m"submit"[39m
[36m>[39m
  [0mCreate Account[0m
  [36m<span[39m
    [33mclass[39m=[32m"MuiTouchRipple-root css-8je8zh-MuiTouchRipple-root"[39m
  [36m/>[39m
[36m</button>[39m

Ignored nodes: comments, script, style
[36m<button[39m
  [33mclass[39m=[32m"MuiButtonBase-root MuiButton-root MuiButton-contained MuiButton-containedPrimary MuiButton-sizeLarge MuiButton-containedSizeLarge MuiButton-colorPrimary MuiButton-fullWidth MuiButton-root MuiButton-contained MuiButton-containedPrimary MuiButton-sizeLarge MuiButton-containedSizeLarge MuiButton-colorPrimary MuiButton-fullWidth css-i4zi72-MuiButtonBase-root-MuiButton-root"[39m
  [33mtabindex[39m=[32m"0"[39m
  [33mtype[39m=[32m"submit"[39m
[36m>[39m
  [0mCreate Account[0m
  [36m<span[39m
    [33mclass[39m=[32m"MuiTouchRipple-root css-8je8zh-MuiTouchRipple-root"[39m
  [36m/>[39m
[36m</button>[39m

(If this is intentional, then use the `*AllBy*` variant of the query (like `queryAllByText`, `getAllByText`, or `findAllByText`)).

Ignored nodes: comments, script, style
[36m<body[39m
  [33mstyle[39m=[32m"padding-right: 1024px; overflow: hidden;"[39m
[36m>[39m
  [36m<div[39m
    [33maria-hidden[39m=[32m"true"[39m
  [36m>[39m
    [36m<div[39m
      [33mclass[39m=[32m"MuiBox-root css-0"[39m
    [36m>[39m
      [36m<div[39m
        [33mclass[39m=[32m"MuiBox-root css-i3pbo"[39m
      [36m>[39m
        [36m<h5[39m
          [33mclass[39m=[32m"MuiTypography-root MuiTypography-h5 MuiTypography-gutterBottom css-1hkf4sh-MuiTypography-root"[39m
        [36m>[39m
          [0mPayment History[0m
        [36m</h5>[39m
        [36m<p[39m
          [33mclass[39m=[32m"MuiTypography-root MuiTypography-body2 css-xtz2xu-MuiTypography-root"[39m
        [36m>[39m
          [0m1[0m
          [0m payment[0m
          [0m found[0m
        [36m</p>[39m
      [36m</div>[39m
      [36m<div[39m
        [33mclass[39m=[32m"MuiGrid-root MuiGrid-container MuiGrid-spacing-xs-2 css-12rc5ck-MuiGrid-root"[39m
      [36m>[39m
        [36m<div[39m
          [33mclass[39m=[32m"MuiGrid-root MuiGrid-item MuiGrid-grid-xs-12 MuiGrid-grid-sm-6 MuiGrid-grid-md-3 css-10voxkt-MuiGrid-root"[39m
        [36m>[39m
          [36m<div[39m
            [33mclass[39m=[32m"MuiFormControl-root MuiFormControl-fullWidth MuiTextField-root css-18hear-MuiFormControl-root-MuiTextField-root"[39m
          [36m>[39m
            [36m<div[39m
              [33mclass[39m=[32m"MuiInputBase-root MuiOutlinedInput-root MuiInputBase-colorPrimary MuiInputBase-fullWidth MuiInputBase-formControl MuiInputBase-sizeSmall MuiInputBase-adornedStart css-1cj7mpt-MuiInputBase-root-MuiOutlinedInput-root"[39m
            [36m>[39m
              [36m<div[39m
                [33mclass[39m=[32m"MuiInputAdornment-root MuiInputAdornment-positionStart MuiInputAdornment-outlined MuiInputAdornment-sizeSmall css-ittuaa-MuiInputAdornment-root"[39m
              [36m>[39m
                [36m<span[39m
                  [33mclass[39m=[32m"notranslate"[39m
                [36m>[39m
                  [0m​[0m
                [36m</span>[39m
                [36m<svg[39m
                  [33maria-hidden[39m=[32m"true"[39m
                  [33mclass[39m=[32m"MuiSvgIcon-root MuiSvgIcon-fontSizeMedium css-i4bv87-MuiSvgIcon-root"[39m
                  [33mdata-testid[39m=[32m"SearchIcon"[39m
                  [33mfocusable[39m=[32m"false"[39m
                  [33mviewBox[39m=[32m"0 0 24 24"[39m
                [36m>[39m
                  [36m<path[39m
                    [33md[39m=[32m"M15.5 14h-.79l-.28-.27C15.41 12.59 16 11.11 16 9.5 16 5.91 13.09 3 9.5 3S3 5.91 3 9.5 5.91 16 9.5 16c1.61 0 3.09-.59 4.23-1.57l.27.28v.79l5 4.99L20.49 19zm-6 0C7.01 14 5 11.99 5 9.5S7.01 5 9.5 5 14 7.01 14 9.5 11.99 14 9.5 14"[39m
                  [36m/>[39m
                [36m</svg>[39m
              [36m</div>[39m
              [36m<input[39m
                [33maria-invalid[39m=[32m"false"[39m
                [33mclass[39m=[32m"MuiInputBase-input MuiOutlinedInput-input MuiInputBase-inputSizeSmall MuiInputBase-inputAdornedStart css-1ua80n0-MuiInputBase-input-MuiOutlinedInput-input"[39m
                [33mid[39m=[32m":rt:"[39m
                [33mplaceholder[39m=[32m"Search payments..."[39m
                [33mtype[39m=[32m"text"[39m
                [33mvalue[39m=[32m""[39m
              [36m/>[39m
              [36m<fieldset[39m
                [33maria-hidden[39m=[32m"true"[39m
                [33mclass[39m=[32m"MuiOutlinedInput-notchedOutline css-r01yff-MuiNotchedOutlined-root-MuiOutlinedInput-notchedOutline"[39m
              [36m>[39m
                [36m<legend[39m
                  [33mclass[39m=[32m"css-1whs34k-MuiNotchedOutlined-root"[39m
                [36m>[39m
                  [36m<span[39m
                    [33mclass[39m=[32m"notranslate"[39m
                  [36m>[39m
                    [0m​[0m
                  [36m</span>[39m
                [36m</legend>[39m
              [36m</fieldset>[39m
            [36m</div>[39m
          [36m</div>[39m
        [36m</div>[39m
        [36m<div[39m
          [33mclass[39m=[32m"MuiGrid-root MuiGrid-item MuiGrid-grid-xs-12 MuiGrid-grid-sm-6 MuiGrid-grid-md-3 css-10voxkt-MuiGrid-root"[39m
        [36m>[39m
          [36m<div[39m
            [33mclass[39m=[32m"MuiFormControl-root MuiFormControl-fullWidth css-q8hpuo-MuiFormControl-root"[39m
          [36m>[39m
            [36m<label[39m
              [33mclass[39m=[32m"MuiFormLabel-root MuiInputLabel-root MuiInputLabel-formControl MuiInputLabel-animated MuiInputLabel-shrink MuiInputLabel-sizeSmall MuiInputLabel-outlined MuiFormLabel-colorPrimary MuiFormLabel-filled MuiInputLabel-root MuiInputLabel-formControl MuiInputLabel-animated MuiInputLabel-shrink MuiInputLabel-sizeSmall MuiInputLabel-outlined css-fe0mau-MuiFormLabel-root-MuiInputLabel-root"[39m
              [33mdata-shrink[39m=[32m"true"[39m
            [36m>[39m
              [0mStatus[0m
            [36m</label>[39m
            [36m<div[39m
              [33mclass[39m=[32m"MuiInputBase-root MuiOutlinedInput-root MuiInputBase-colorPrimary MuiInputBase-formControl MuiInputBase-sizeSmall css-13lg1x7-MuiInputBase-root-MuiOutlinedInput-root-MuiSelect-root"[39m
            [36m>[39m
              [36m<div[39m
                [33maria-controls[39m=[32m":ru:"[39m
                [33maria-expanded[39m=[32m"false"[39m
                [33maria-haspopup[39m=[32m"listbox"[39m
                [33mclass[39m=[32m"MuiSelect-select MuiSelect-outlined MuiInputBase-input MuiOutlinedInput-input MuiInputBase-inputSizeSmall css-1fzjff4-MuiSelect-select-MuiInputBase-input-MuiOutlinedInput-input"[39m
                [33mrole[39m=[32m"combobox"[39m
                [33mtabindex[39m=[32m"0"[39m
              [36m>[39m
                [0mAll Statuses[0m
              [36m</div>[39m
              [36m<input[39m
                [33maria-hidden[39m=[32m"true"[39m
                [33maria-invalid[39m=[32m"false"[39m
                [33mclass[39m=[32m"MuiSelect-nativeInput css-yf8vq0-MuiSelect-nativeInput"[39m
                [33mtabindex[39m=[32m"-1"[39m
                [33mvalue[39m=[32m"all"[39m
              [36m/>[39m
              [36m<svg[39m
                [33maria-hidden[39m=[32m"true"[39m
                [33mclass[39m=[32m"MuiSvgIcon-root MuiSvgIcon-fontSizeMedium MuiSelect-icon MuiSelect-iconOutlined css-hfutr2-MuiSvgIcon-root-MuiSelect-icon"[39m
                [33mdata-testid[39m=[32m"ArrowDropDownIcon"[39m
                [33mfocusable[39m=[32m"false"[39m
                [33mviewBox[39m=[32m"0 0 24 24"[39m
              [36m>[39m
                [36m<path[39m
                  [33md[39m=[32m"M7 10l5 5 5-5z"[39m
                [36m/>[39m
              [36m</svg>[...
 ❯ Object.getElementError node_modules/@testing-library/react/node_modules/@testing-library/dom/dist/config.js:37:19
 ❯ getElementError node_modules/@testing-library/react/node_modules/@testing-library/dom/dist/query-helpers.js:20:35
 ❯ getMultipleElementsFoundError node_modules/@testing-library/react/node_modules/@testing-library/dom/dist/query-helpers.js:23:10
 ❯ node_modules/@testing-library/react/node_modules/@testing-library/dom/dist/query-helpers.js:55:13
 ❯ node_modules/@testing-library/react/node_modules/@testing-library/dom/dist/query-helpers.js:95:19
 ❯ src/test/auth.test.tsx:192:35
    190|       );
    191| 
    192|       const submitButton = screen.getByRole('button', { name: /create …
       |                                   ^
    193|       fireEvent.click(submitButton);
    194| 

⎯⎯⎯⎯⎯⎯⎯⎯⎯⎯⎯⎯⎯⎯⎯⎯⎯⎯⎯⎯⎯⎯⎯[6/66]⎯

 FAIL  src/test/contract.test.tsx > ContractCard > renders contract card for client view
TestingLibraryElementError: Unable to find an element with the text: E-commerce Website. This could be because the text is broken up by multiple elements. In this case, you can provide a function for your text matcher to make your matcher more flexible.

Ignored nodes: comments, script, style
[36m<body>[39m
  [36m<div>[39m
    [36m<div[39m
      [33mclass[39m=[32m"MuiPaper-root MuiPaper-elevation MuiPaper-rounded MuiPaper-elevation1 MuiCard-root css-1xaxydr-MuiPaper-root-MuiCard-root"[39m
    [36m>[39m
      [36m<div[39m
        [33mclass[39m=[32m"MuiCardContent-root css-46bh2p-MuiCardContent-root"[39m
      [36m>[39m
        [36m<div[39m
          [33mclass[39m=[32m"MuiBox-root css-lhftxy"[39m
        [36m>[39m
          [36m<div[39m
            [33mclass[39m=[32m"MuiBox-root css-1rr4qq7"[39m
          [36m>[39m
            [36m<h6[39m
              [33mclass[39m=[32m"MuiTypography-root MuiTypography-h6 MuiTypography-gutterBottom css-pne570-MuiTypography-root"[39m
            [36m>[39m
              [0mWeb Development Contract[0m
            [36m</h6>[39m
            [36m<p[39m
              [33mclass[39m=[32m"MuiTypography-root MuiTypography-body2 css-xtz2xu-MuiTypography-root"[39m
            [36m>[39m
              [0mProject: [0m
              [0mE-commerce Website[0m
            [36m</p>[39m
          [36m</div>[39m
          [36m<div[39m
            [33mclass[39m=[32m"MuiChip-root MuiChip-filled MuiChip-sizeSmall MuiChip-colorPrimary MuiChip-filledPrimary css-10zotdu-MuiChip-root"[39m
          [36m>[39m
            [36m<span[39m
              [33mclass[39m=[32m"MuiChip-label MuiChip-labelSmall css-t3ycia-MuiChip-label"[39m
            [36m>[39m
              [0mIn Progress[0m
            [36m</span>[39m
          [36m</div>[39m
        [36m</div>[39m
        [36m<div[39m
          [33mclass[39m=[32m"MuiBox-root css-1hunpv2"[39m
        [36m>[39m
          [36m<div[39m
            [33mclass[39m=[32m"MuiAvatar-root MuiAvatar-circular css-3b47wn-MuiAvatar-root"[39m
          [36m>[39m
            [36m<img[39m
              [33mclass[39m=[32m"MuiAvatar-img css-1pqm26d-MuiAvatar-img"[39m
              [33msrc[39m=[32m"https://example.com/avatar2.jpg"[39m
            [36m/>[39m
          [36m</div>[39m
          [36m<div[39m
            [33mclass[39m=[32m"MuiBox-root css-1rr4qq7"[39m
          [36m>[39m
            [36m<h6[39m
              [33mclass[39m=[32m"MuiTypography-root MuiTypography-subtitle2 css-ati914-MuiTypography-root"[39m
            [36m>[39m
              [0mFreelancer[0m
              [0m: [0m
              [0mJane[0m
              [0m [0m
              [0mSmith[0m
            [36m</h6>[39m
            [36m<p[39m
              [33mclass[39m=[32m"MuiTypography-root MuiTypography-body2 css-xtz2xu-MuiTypography-root"[39m
            [36m>[39m
              [0mFull Stack Developer[0m
            [36m</p>[39m
          [36m</div>[39m
        [36m</div>[39m
        [36m<div[39m
          [33mclass[39m=[32m"MuiGrid-root MuiGrid-container MuiGrid-spacing-xs-2 css-l8v5xp-MuiGrid-root"[39m
        [36m>[39m
          [36m<div[39m
            [33mclass[39m=[32m"MuiGrid-root MuiGrid-item MuiGrid-grid-xs-6 css-1osj8n2-MuiGrid-root"[39m
          [36m>[39m
            [36m<div[39m
              [33mclass[39m=[32m"MuiBox-root css-v2eixv"[39m
            [36m>[39m
              [36m<svg[39m
                [33maria-hidden[39m=[32m"true"[39m
                [33mclass[39m=[32m"MuiSvgIcon-root MuiSvgIcon-fontSizeSmall css-ptiqhd-MuiSvgIcon-root"[39m
                [33mdata-testid[39m=[32m"AttachMoneyIcon"[39m
                [33mfocusable[39m=[32m"false"[39m
                [33mviewBox[39m=[32m"0 0 24 24"[39m
              [36m>[39m
                [36m<path[39m
                  [33md[39m=[32m"M11.8 10.9c-2.27-.59-3-1.2-3-2.15 0-1.09 1.01-1.85 2.7-1.85 1.78 0 2.44.85 2.5 2.1h2.21c-.07-1.72-1.12-3.3-3.21-3.81V3h-3v2.16c-1.94.42-3.5 1.68-3.5 3.61 0 2.31 1.91 3.46 4.7 4.13 2.5.6 3 1.48 3 2.41 0 .69-.49 1.79-2.7 1.79-2.06 0-2.87-.92-2.98-2.1h-2.2c.12 2.19 1.76 3.42 3.68 3.83V21h3v-2.15c1.95-.37 3.5-1.5 3.5-3.55 0-2.84-2.43-3.81-4.7-4.4"[39m
                [36m/>[39m
              [36m</svg>[39m
              [36m<p[39m
                [33mclass[39m=[32m"MuiTypography-root MuiTypography-body2 css-1884ygc-MuiTypography-root"[39m
              [36m>[39m
                [0m$[0m
                [0m2000[0m
                [0m [0m
                [0mUSD[0m
              [36m</p>[39m
            [36m</div>[39m
            [36m<span[39m
              [33mclass[39m=[32m"MuiTypography-root MuiTypography-caption css-ol7wxs-MuiTypography-root"[39m
            [36m>[39m
              [0mTotal Value[0m
            [36m</span>[39m
          [36m</div>[39m
          [36m<div[39m
            [33mclass[39m=[32m"MuiGrid-root MuiGrid-item MuiGrid-grid-xs-6 css-1osj8n2-MuiGrid-root"[39m
          [36m>[39m
            [36m<div[39m
              [33mclass[39m=[32m"MuiBox-root css-v2eixv"[39m
            [36m>[39m
              [36m<svg[39m
                [33maria-hidden[39m=[32m"true"[39m
                [33mclass[39m=[32m"MuiSvgIcon-root MuiSvgIcon-fontSizeSmall css-ptiqhd-MuiSvgIcon-root"[39m
                [33mdata-testid[39m=[32m"ScheduleIcon"[39m
                [33mfocusable[39m=[32m"false"[39m
                [33mviewBox[39m=[32m"0 0 24 24"[39m
              [36m>[39m
                [36m<path[39m
                  [33md[39m=[32m"M11.99 2C6.47 2 2 6.48 2 12s4.47 10 9.99 10C17.52 22 22 17.52 22 12S17.52 2 11.99 2M12 20c-4.42 0-8-3.58-8-8s3.58-8 8-8 8 3.58 8 8-3.58 8-8 8"[39m
                [36m/>[39m
                [36m<path[39m
                  [33md[39m=[32m"M12.5 7H11v6l5.25 3.15.75-1.23-4.5-2.67z"[39m
                [36m/>[39m
              [36m</svg>[39m
              [36m<p[39m
                [33mclass[39m=[32m"MuiTypography-root MuiTypography-body2 css-1884ygc-MuiTypography-root"[39m
              [36m>[39m
                [0mFeb 15, 2024[0m
              [36m</p>[39m
            [36m</div>[39m
            [36m<span[39m
              [33mclass[39m=[32m"MuiTypography-root MuiTypography-caption css-ol7wxs-MuiTypography-root"[39m
            [36m>[39m
              [0mDue Date[0m
            [36m</span>[39m
          [36m</div>[39m
        [36m</div>[39m
        [36m<div[39m
          [33mclass[39m=[32m"MuiBox-root css-1qm1lh"[39m
        [36m>[39m
          [36m<div[39m
            [33mclass[39m=[32m"MuiBox-root css-pcqfzb"[39m
          [36m>[39m
            [36m<p[39m
              [33mclass[39m=[32m"MuiTypography-root MuiTypography-body2 css-1884ygc-MuiTypography-root"[39m
            [36m>[39m
              [0mProgress[0m
            [36m</p>[39m
            [36m<p[39m
              [33mclass[39m=[32m"MuiTypography-root MuiTypography-body2 css-xtz2xu-MuiTypography-root"[39m
            [36m>[39m
              [0m50[0m
              [0m%[0m
            [36m</p>[39m
          [36m</...
 ❯ Object.getElementError node_modules/@testing-library/react/node_modules/@testing-library/dom/dist/config.js:37:19
 ❯ node_modules/@testing-library/react/node_modules/@testing-library/dom/dist/query-helpers.js:76:38
 ❯ node_modules/@testing-library/react/node_modules/@testing-library/dom/dist/query-helpers.js:52:17
 ❯ node_modules/@testing-library/react/node_modules/@testing-library/dom/dist/query-helpers.js:95:19
 ❯ src/test/contract.test.tsx:183:19
    181| 
    182|     expect(screen.getByText('Web Development Contract')).toBeInTheDocu…
    183|     expect(screen.getByText('E-commerce Website')).toBeInTheDocument();
       |                   ^
    184|     expect(screen.getByText('Freelancer: Jane Smith')).toBeInTheDocume…
    185|     expect(screen.getByText('$2000 USD')).toBeInTheDocument();

⎯⎯⎯⎯⎯⎯⎯⎯⎯⎯⎯⎯⎯⎯⎯⎯⎯⎯⎯⎯⎯⎯⎯[7/66]⎯

 FAIL  src/test/contract.test.tsx > ContractForm > renders contract form with proposal data
 FAIL  src/test/contract.test.tsx > ContractForm > navigates through form steps
 FAIL  src/test/contract.test.tsx > ContractForm > validates form fields
 FAIL  src/test/contract.test.tsx > ContractForm > manages milestones
 FAIL  src/test/contract.test.tsx > ContractForm > submits contract successfully
ReferenceError: jest is not defined
 ❯ src/test/contract.test.tsx:276:5
    274| describe('ContractForm', () => {
    275|   beforeEach(() => {
    276|     jest.clearAllMocks();
       |     ^
    277|   });
    278| 

⎯⎯⎯⎯⎯⎯⎯⎯⎯⎯⎯⎯⎯⎯⎯⎯⎯⎯⎯⎯⎯⎯⎯[8/66]⎯

 FAIL  src/test/contract.test.tsx > MilestoneManager > shows milestone details
TestingLibraryElementError: Found multiple elements with the text: $1000

Here are the matching elements:

Ignored nodes: comments, script, style
[36m<p[39m
  [33mclass[39m=[32m"MuiTypography-root MuiTypography-body2 css-2t8iw2-MuiTypography-root"[39m
[36m>[39m
  [0m$[0m
  [0m1000[0m
[36m</p>[39m

Ignored nodes: comments, script, style
[36m<p[39m
  [33mclass[39m=[32m"MuiTypography-root MuiTypography-body2 css-2t8iw2-MuiTypography-root"[39m
[36m>[39m
  [0m$[0m
  [0m1000[0m
[36m</p>[39m

(If this is intentional, then use the `*AllBy*` variant of the query (like `queryAllByText`, `getAllByText`, or `findAllByText`)).

Ignored nodes: comments, script, style
[36m<body>[39m
  [36m<div>[39m
    [36m<div[39m
      [33mclass[39m=[32m"MuiBox-root css-0"[39m
    [36m>[39m
      [36m<div[39m
        [33mclass[39m=[32m"MuiPaper-root MuiPaper-elevation MuiPaper-rounded MuiPaper-elevation1 MuiCard-root css-z38s0k-MuiPaper-root-MuiCard-root"[39m
      [36m>[39m
        [36m<div[39m
          [33mclass[39m=[32m"MuiCardContent-root css-46bh2p-MuiCardContent-root"[39m
        [36m>[39m
          [36m<h6[39m
            [33mclass[39m=[32m"MuiTypography-root MuiTypography-h6 MuiTypography-gutterBottom css-pne570-MuiTypography-root"[39m
          [36m>[39m
            [0mProject Progress[0m
          [36m</h6>[39m
          [36m<div[39m
            [33mclass[39m=[32m"MuiBox-root css-ukdiqv"[39m
          [36m>[39m
            [36m<span[39m
              [33maria-valuemax[39m=[32m"100"[39m
              [33maria-valuemin[39m=[32m"0"[39m
              [33maria-valuenow[39m=[32m"50"[39m
              [33mclass[39m=[32m"MuiLinearProgress-root MuiLinearProgress-colorPrimary MuiLinearProgress-determinate css-6eznea-MuiLinearProgress-root"[39m
              [33mrole[39m=[32m"progressbar"[39m
            [36m>[39m
              [36m<span[39m
                [33mclass[39m=[32m"MuiLinearProgress-bar MuiLinearProgress-barColorPrimary MuiLinearProgress-bar1Determinate css-4sz5p1-MuiLinearProgress-bar1"[39m
                [33mstyle[39m=[32m"transform: translateX(-50%);"[39m
              [36m/>[39m
            [36m</span>[39m
            [36m<p[39m
              [33mclass[39m=[32m"MuiTypography-root MuiTypography-body2 css-xtz2xu-MuiTypography-root"[39m
            [36m>[39m
              [0m50[0m
              [0m%[0m
            [36m</p>[39m
          [36m</div>[39m
          [36m<p[39m
            [33mclass[39m=[32m"MuiTypography-root MuiTypography-body2 css-xtz2xu-MuiTypography-root"[39m
          [36m>[39m
            [0m1[0m
            [0m of [0m
            [0m2[0m
            [0m milestones completed[0m
          [36m</p>[39m
        [36m</div>[39m
      [36m</div>[39m
      [36m<h6[39m
        [33mclass[39m=[32m"MuiTypography-root MuiTypography-h6 MuiTypography-gutterBottom css-pne570-MuiTypography-root"[39m
      [36m>[39m
        [0mMilestones ([0m
        [0m2[0m
        [0m)[0m
      [36m</h6>[39m
      [36m<div[39m
        [33mclass[39m=[32m"MuiPaper-root MuiPaper-elevation MuiPaper-rounded MuiPaper-elevation1 MuiCard-root css-18646eb-MuiPaper-root-MuiCard-root"[39m
      [36m>[39m
        [36m<div[39m
          [33mclass[39m=[32m"MuiCardContent-root css-46bh2p-MuiCardContent-root"[39m
        [36m>[39m
          [36m<div[39m
            [33mclass[39m=[32m"MuiBox-root css-lhftxy"[39m
          [36m>[39m
            [36m<div[39m
              [33mclass[39m=[32m"MuiBox-root css-1rr4qq7"[39m
            [36m>[39m
              [36m<h6[39m
                [33mclass[39m=[32m"MuiTypography-root MuiTypography-h6 MuiTypography-gutterBottom css-pne570-MuiTypography-root"[39m
              [36m>[39m
                [0mFrontend Development[0m
              [36m</h6>[39m
              [36m<p[39m
                [33mclass[39m=[32m"MuiTypography-root MuiTypography-body2 MuiTypography-paragraph css-ydbnju-MuiTypography-root"[39m
              [36m>[39m
                [0mBuild responsive frontend[0m
              [36m</p>[39m
            [36m</div>[39m
            [36m<div[39m
              [33mclass[39m=[32m"MuiBox-root css-axw7ok"[39m
            [36m>[39m
              [36m<svg[39m
                [33maria-hidden[39m=[32m"true"[39m
                [33mclass[39m=[32m"MuiSvgIcon-root MuiSvgIcon-colorSuccess MuiSvgIcon-fontSizeMedium css-d0womi-MuiSvgIcon-root"[39m
                [33mdata-testid[39m=[32m"CheckCircleIcon"[39m
                [33mfocusable[39m=[32m"false"[39m
                [33mviewBox[39m=[32m"0 0 24 24"[39m
              [36m>[39m
                [36m<path[39m
                  [33md[39m=[32m"M12 2C6.48 2 2 6.48 2 12s4.48 10 10 10 10-4.48 10-10S17.52 2 12 2m-2 15-5-5 1.41-1.41L10 14.17l7.59-7.59L19 8z"[39m
                [36m/>[39m
              [36m</svg>[39m
              [36m<div[39m
                [33mclass[39m=[32m"MuiChip-root MuiChip-filled MuiChip-sizeSmall MuiChip-colorSuccess MuiChip-filledSuccess css-127akec-MuiChip-root"[39m
              [36m>[39m
                [36m<span[39m
                  [33mclass[39m=[32m"MuiChip-label MuiChip-labelSmall css-t3ycia-MuiChip-label"[39m
                [36m>[39m
                  [0mAPPROVED[0m
                [36m</span>[39m
              [36m</div>[39m
            [36m</div>[39m
          [36m</div>[39m
          [36m<div[39m
            [33mclass[39m=[32m"MuiGrid-root MuiGrid-container MuiGrid-spacing-xs-2 css-l8v5xp-MuiGrid-root"[39m
          [36m>[39m
            [36m<div[39m
              [33mclass[39m=[32m"MuiGrid-root MuiGrid-item MuiGrid-grid-xs-12 MuiGrid-grid-sm-4 css-wg4xta-MuiGrid-root"[39m
            [36m>[39m
              [36m<div[39m
                [33mclass[39m=[32m"MuiBox-root css-171onha"[39m
              [36m>[39m
                [36m<svg[39m
                  [33maria-hidden[39m=[32m"true"[39m
                  [33mclass[39m=[32m"MuiSvgIcon-root MuiSvgIcon-fontSizeSmall css-ptiqhd-MuiSvgIcon-root"[39m
                  [33mdata-testid[39m=[32m"AttachMoneyIcon"[39m
                  [33mfocusable[39m=[32m"false"[39m
                  [33mviewBox[39m=[32m"0 0 24 24"[39m
                [36m>[39m
                  [36m<path[39m
                    [33md[39m=[32m"M11.8 10.9c-2.27-.59-3-1.2-3-2.15 0-1.09 1.01-1.85 2.7-1.85 1.78 0 2.44.85 2.5 2.1h2.21c-.07-1.72-1.12-3.3-3.21-3.81V3h-3v2.16c-1.94.42-3.5 1.68-3.5 3.61 0 2.31 1.91 3.46 4.7 4.13 2.5.6 3 1.48 3 2.41 0 .69-.49 1.79-2.7 1.79-2.06 0-2.87-.92-2.98-2.1h-2.2c.12 2.19 1.76 3.42 3.68 3.83V21h3v-2.15c1.95-.37 3.5-1.5 3.5-3.55 0-2.84-2.43-3.81-4.7-4.4"[39m
                  [36m/>[39m
                [36m</svg>[39m
                [36m<p[39m
                  [33mclass[39m=[32m"MuiTypography-root MuiTypography-body2 css-2t8iw2-MuiTypography-root"[39m
                [36m>[39m
                  [0m$[0m
                  [0m1000[0m
                [36m</p>[39m
              [36m</div>[39m
            [36m</div>[39m
            [36m<div[39m
              [33mclass[39m=[32m"MuiGrid-root MuiGrid-item MuiGrid-grid-xs-12 MuiGrid-grid-sm-4 css-wg4xta-MuiGrid-root"[39m
            [36m>[39m
              [36m<div[39m
                [33mclass[39m=[32m"MuiBox-root css-171onha"[39m
              [36m>[39m
                [36m<svg[39m
                  [33maria-hidden[39m=[32m"true"[39m
                  [33mclass[39m=[32m"MuiSvgIcon-root MuiSvgIcon-fontSizeS...
 ❯ Object.getElementError node_modules/@testing-library/react/node_modules/@testing-library/dom/dist/config.js:37:19
 ❯ getElementError node_modules/@testing-library/react/node_modules/@testing-library/dom/dist/query-helpers.js:20:35
 ❯ getMultipleElementsFoundError node_modules/@testing-library/react/node_modules/@testing-library/dom/dist/query-helpers.js:23:10
 ❯ node_modules/@testing-library/react/node_modules/@testing-library/dom/dist/query-helpers.js:55:13
 ❯ node_modules/@testing-library/react/node_modules/@testing-library/dom/dist/query-helpers.js:95:19
 ❯ src/test/contract.test.tsx:452:19
    450|     expect(screen.getByText('Frontend Development')).toBeInTheDocument…
    451|     expect(screen.getByText('Backend Development')).toBeInTheDocument(…
    452|     expect(screen.getByText('$1000')).toBeInTheDocument();
       |                   ^
    453|   });
    454| 

⎯⎯⎯⎯⎯⎯⎯⎯⎯⎯⎯⎯⎯⎯⎯⎯⎯⎯⎯⎯⎯⎯⎯[9/66]⎯

 FAIL  src/test/contract.test.tsx > MilestoneManager > handles milestone submission
TestingLibraryElementError: Found multiple elements with the text: Submit Milestone

Here are the matching elements:

Ignored nodes: comments, script, style
[36m<button[39m
  [33mclass[39m=[32m"MuiButtonBase-root MuiButton-root MuiButton-contained MuiButton-containedPrimary MuiButton-sizeSmall MuiButton-containedSizeSmall MuiButton-colorPrimary MuiButton-root MuiButton-contained MuiButton-containedPrimary MuiButton-sizeSmall MuiButton-containedSizeSmall MuiButton-colorPrimary css-1wl839p-MuiButtonBase-root-MuiButton-root"[39m
  [33mtabindex[39m=[32m"0"[39m
  [33mtype[39m=[32m"button"[39m
[36m>[39m
  [36m<span[39m
    [33mclass[39m=[32m"MuiButton-icon MuiButton-startIcon MuiButton-iconSizeSmall css-cstir9-MuiButton-startIcon"[39m
  [36m>[39m
    [36m<svg[39m
      [33maria-hidden[39m=[32m"true"[39m
      [33mclass[39m=[32m"MuiSvgIcon-root MuiSvgIcon-fontSizeMedium css-i4bv87-MuiSvgIcon-root"[39m
      [33mdata-testid[39m=[32m"UploadIcon"[39m
      [33mfocusable[39m=[32m"false"[39m
      [33mviewBox[39m=[32m"0 0 24 24"[39m
    [36m>[39m
      [36m<path[39m
        [33md[39m=[32m"M5 20h14v-2H5zm0-10h4v6h6v-6h4l-7-7z"[39m
      [36m/>[39m
    [36m</svg>[39m
  [36m</span>[39m
  [0mSubmit Milestone[0m
  [36m<span[39m
    [33mclass[39m=[32m"MuiTouchRipple-root css-8je8zh-MuiTouchRipple-root"[39m
  [36m/>[39m
[36m</button>[39m

Ignored nodes: comments, script, style
[36m<h2[39m
  [33mclass[39m=[32m"MuiTypography-root MuiTypography-h6 MuiDialogTitle-root css-dmdk1s-MuiTypography-root-MuiDialogTitle-root"[39m
  [33mid[39m=[32m":rf:"[39m
[36m>[39m
  [0mSubmit Milestone[0m
[36m</h2>[39m

Ignored nodes: comments, script, style
[36m<button[39m
  [33mclass[39m=[32m"MuiButtonBase-root MuiButton-root MuiButton-contained MuiButton-containedPrimary MuiButton-sizeMedium MuiButton-containedSizeMedium MuiButton-colorPrimary MuiButton-root MuiButton-contained MuiButton-containedPrimary MuiButton-sizeMedium MuiButton-containedSizeMedium MuiButton-colorPrimary css-1od66nh-MuiButtonBase-root-MuiButton-root"[39m
  [33mtabindex[39m=[32m"0"[39m
  [33mtype[39m=[32m"button"[39m
[36m>[39m
  [0mSubmit Milestone[0m
  [36m<span[39m
    [33mclass[39m=[32m"MuiTouchRipple-root css-8je8zh-MuiTouchRipple-root"[39m
  [36m/>[39m
[36m</button>[39m

(If this is intentional, then use the `*AllBy*` variant of the query (like `queryAllByText`, `getAllByText`, or `findAllByText`)).

Ignored nodes: comments, script, style
[36m<body[39m
  [33mstyle[39m=[32m"padding-right: 1024px; overflow: hidden;"[39m
[36m>[39m
  [36m<div[39m
    [33maria-hidden[39m=[32m"true"[39m
  [36m>[39m
    [36m<div[39m
      [33mclass[39m=[32m"MuiBox-root css-0"[39m
    [36m>[39m
      [36m<div[39m
        [33mclass[39m=[32m"MuiPaper-root MuiPaper-elevation MuiPaper-rounded MuiPaper-elevation1 MuiCard-root css-z38s0k-MuiPaper-root-MuiCard-root"[39m
      [36m>[39m
        [36m<div[39m
          [33mclass[39m=[32m"MuiCardContent-root css-46bh2p-MuiCardContent-root"[39m
        [36m>[39m
          [36m<h6[39m
            [33mclass[39m=[32m"MuiTypography-root MuiTypography-h6 MuiTypography-gutterBottom css-pne570-MuiTypography-root"[39m
          [36m>[39m
            [0mProject Progress[0m
          [36m</h6>[39m
          [36m<div[39m
            [33mclass[39m=[32m"MuiBox-root css-ukdiqv"[39m
          [36m>[39m
            [36m<span[39m
              [33maria-valuemax[39m=[32m"100"[39m
              [33maria-valuemin[39m=[32m"0"[39m
              [33maria-valuenow[39m=[32m"50"[39m
              [33mclass[39m=[32m"MuiLinearProgress-root MuiLinearProgress-colorPrimary MuiLinearProgress-determinate css-6eznea-MuiLinearProgress-root"[39m
              [33mrole[39m=[32m"progressbar"[39m
            [36m>[39m
              [36m<span[39m
                [33mclass[39m=[32m"MuiLinearProgress-bar MuiLinearProgress-barColorPrimary MuiLinearProgress-bar1Determinate css-4sz5p1-MuiLinearProgress-bar1"[39m
                [33mstyle[39m=[32m"transform: translateX(-50%);"[39m
              [36m/>[39m
            [36m</span>[39m
            [36m<p[39m
              [33mclass[39m=[32m"MuiTypography-root MuiTypography-body2 css-xtz2xu-MuiTypography-root"[39m
            [36m>[39m
              [0m50[0m
              [0m%[0m
            [36m</p>[39m
          [36m</div>[39m
          [36m<p[39m
            [33mclass[39m=[32m"MuiTypography-root MuiTypography-body2 css-xtz2xu-MuiTypography-root"[39m
          [36m>[39m
            [0m1[0m
            [0m of [0m
            [0m2[0m
            [0m milestones completed[0m
          [36m</p>[39m
        [36m</div>[39m
      [36m</div>[39m
      [36m<h6[39m
        [33mclass[39m=[32m"MuiTypography-root MuiTypography-h6 MuiTypography-gutterBottom css-pne570-MuiTypography-root"[39m
      [36m>[39m
        [0mMilestones ([0m
        [0m2[0m
        [0m)[0m
      [36m</h6>[39m
      [36m<div[39m
        [33mclass[39m=[32m"MuiPaper-root MuiPaper-elevation MuiPaper-rounded MuiPaper-elevation1 MuiCard-root css-18646eb-MuiPaper-root-MuiCard-root"[39m
      [36m>[39m
        [36m<div[39m
          [33mclass[39m=[32m"MuiCardContent-root css-46bh2p-MuiCardContent-root"[39m
        [36m>[39m
          [36m<div[39m
            [33mclass[39m=[32m"MuiBox-root css-lhftxy"[39m
          [36m>[39m
            [36m<div[39m
              [33mclass[39m=[32m"MuiBox-root css-1rr4qq7"[39m
            [36m>[39m
              [36m<h6[39m
                [33mclass[39m=[32m"MuiTypography-root MuiTypography-h6 MuiTypography-gutterBottom css-pne570-MuiTypography-root"[39m
              [36m>[39m
                [0mFrontend Development[0m
              [36m</h6>[39m
              [36m<p[39m
                [33mclass[39m=[32m"MuiTypography-root MuiTypography-body2 MuiTypography-paragraph css-ydbnju-MuiTypography-root"[39m
              [36m>[39m
                [0mBuild responsive frontend[0m
              [36m</p>[39m
            [36m</div>[39m
            [36m<div[39m
              [33mclass[39m=[32m"MuiBox-root css-axw7ok"[39m
            [36m>[39m
              [36m<svg[39m
                [33maria-hidden[39m=[32m"true"[39m
                [33mclass[39m=[32m"MuiSvgIcon-root MuiSvgIcon-colorSuccess MuiSvgIcon-fontSizeMedium css-d0womi-MuiSvgIcon-root"[39m
                [33mdata-testid[39m=[32m"CheckCircleIcon"[39m
                [33mfocusable[39m=[32m"false"[39m
                [33mviewBox[39m=[32m"0 0 24 24"[39m
              [36m>[39m
                [36m<path[39m
                  [33md[39m=[32m"M12 2C6.48 2 2 6.48 2 12s4.48 10 10 10 10-4.48 10-10S17.52 2 12 2m-2 15-5-5 1.41-1.41L10 14.17l7.59-7.59L19 8z"[39m
                [36m/>[39m
              [36m</svg>[39m
              [36m<div[39m
                [33mclass[39m=[32m"MuiChip-root MuiChip-filled MuiChip-sizeSmall MuiChip-colorSuccess MuiChip-filledSuccess css-127akec-MuiChip-root"[39m
              [36m>[39m
                [36m<span[39m
                  [33mclass[39m=[32m"MuiChip-label MuiChip-labelSmall css-t3ycia-MuiChip-label"[39m
                [36m>[39m
                  [0mAPPROVED[0m
                [36m</span>[39m
              [36m</div>[39m
            [36m</div>[39m
          [36m</div>[39m
          [36m<div[39m
            [33mclass[39m=[32m"MuiGrid-root MuiGrid-container MuiGrid-spacing-xs-2 css-l8v5xp-MuiGrid-root"[39m
          [36m>[39m
            [36m<div[39m
              [33mclass[39m=[32m"MuiGrid-root MuiGrid-item MuiGrid-grid-xs-12 MuiGrid-grid-sm-4 css-wg4xta-MuiGrid-root"[39m
            [36m>[39m
              [36m<div[39m
                [33mclass[39m=[32m"MuiBox-root css-171onha"[39m
              [36m>[39m
                [36m<svg[39m
                  [33maria-hidden[39m=[32m"true"[39m
                  [33mclass[39m=[32m"MuiSvgIcon-root MuiSvgIcon-fontSizeSmall css-ptiqhd-MuiSvgIcon-root"[39m
                  [33mdata-testid[39m=[32m"AttachMoneyIcon"[39m
                  [33mfocusable[39m=[32m"false"[39m
                  [33mviewBox[39m=[32m"0 0 24 24"[39m
                [36m>[39m
                  [36m<path[39m
                    [33md[39m=[32m"M11.8 10.9c-2.27-.59-3-1.2-3-2.15 0-1.09 1.01-1.85 2.7-1.85 1.78 0 2.44.85 2.5 2.1h2.21c-.07-1.72-1.12-3.3-3.21-3.81V3h-3v2.16c-1.94.42-3.5 1.68-3.5 3.61 0 2.31 1.91 3.46 4.7 4.13 2.5.6 3 1.48 3 2.41 0 .69-.49 1.79-2.7 1.79-2.06 0-2.87-.92-2.98-2.1h-2.2c.12 2.19 1.76 3.42 3.68 3.83V21h3v-2.15c1.95-.37 3.5-1.5 3.5-3.55 0-2.84-2.43-3.81-4.7-4.4"[39m
                  [36m/>[39m
                [36m</svg>[39m
                [36m<p[39m
                  [33mclass[39m=[32m"MuiTypography-root MuiTypography-body2 css-2t8iw2-MuiTypography-root"[39m
                [36m>[39m
                  [0m$[0m
                  [0m1000[0m
                [36m</p>[39m
              [36m</div>[39m
            [36m</div>[39m
            [36m<div[39m
              [33mclass[39m=[32m"MuiGrid-root MuiGrid-item MuiGrid-grid-xs-12 MuiGrid-grid-sm-4 css-wg4xta-MuiGrid-root"[39m
            [36m>[39m
              [36m<div[39m
                [33mclass[39m=[32m"MuiBox-root css-171onha"[39m
              [36m>[39m
                [36m<svg...
 ❯ Object.getElementError node_modules/@testing-library/react/node_modules/@testing-library/dom/dist/config.js:37:19
 ❯ getElementError node_modules/@testing-library/react/node_modules/@testing-library/dom/dist/query-helpers.js:20:35
 ❯ getMultipleElementsFoundError node_modules/@testing-library/react/node_modules/@testing-library/dom/dist/query-helpers.js:23:10
 ❯ node_modules/@testing-library/react/node_modules/@testing-library/dom/dist/query-helpers.js:55:13
 ❯ node_modules/@testing-library/react/node_modules/@testing-library/dom/dist/query-helpers.js:95:19
 ❯ src/test/contract.test.tsx:510:19
    508| 
    509|     // Should open dialog
    510|     expect(screen.getByText('Submit Milestone')).toBeInTheDocument();
       |                   ^
    511|     expect(screen.getByText('Backend Development')).toBeInTheDocument(…
    512| 

⎯⎯⎯⎯⎯⎯⎯⎯⎯⎯⎯⎯⎯⎯⎯⎯⎯⎯⎯⎯⎯⎯[10/66]⎯

 FAIL  src/test/contract.test.tsx > MilestoneManager > handles milestone approval
TestingLibraryElementError: Found multiple elements with the text: Approve Milestone

Here are the matching elements:

Ignored nodes: comments, script, style
[36m<h2[39m
  [33mclass[39m=[32m"MuiTypography-root MuiTypography-h6 MuiDialogTitle-root css-dmdk1s-MuiTypography-root-MuiDialogTitle-root"[39m
  [33mid[39m=[32m":rm:"[39m
[36m>[39m
  [0mApprove Milestone[0m
[36m</h2>[39m

Ignored nodes: comments, script, style
[36m<button[39m
  [33mclass[39m=[32m"MuiButtonBase-root MuiButton-root MuiButton-contained MuiButton-containedSuccess MuiButton-sizeMedium MuiButton-containedSizeMedium MuiButton-colorSuccess MuiButton-root MuiButton-contained MuiButton-containedSuccess MuiButton-sizeMedium MuiButton-containedSizeMedium MuiButton-colorSuccess css-1icjxmz-MuiButtonBase-root-MuiButton-root"[39m
  [33mtabindex[39m=[32m"0"[39m
  [33mtype[39m=[32m"button"[39m
[36m>[39m
  [0mApprove Milestone[0m
  [36m<span[39m
    [33mclass[39m=[32m"MuiTouchRipple-root css-8je8zh-MuiTouchRipple-root"[39m
  [36m/>[39m
[36m</button>[39m

(If this is intentional, then use the `*AllBy*` variant of the query (like `queryAllByText`, `getAllByText`, or `findAllByText`)).

Ignored nodes: comments, script, style
[36m<body[39m
  [33mstyle[39m=[32m"padding-right: 1024px; overflow: hidden;"[39m
[36m>[39m
  [36m<div[39m
    [33maria-hidden[39m=[32m"true"[39m
  [36m>[39m
    [36m<div[39m
      [33mclass[39m=[32m"MuiBox-root css-0"[39m
    [36m>[39m
      [36m<div[39m
        [33mclass[39m=[32m"MuiPaper-root MuiPaper-elevation MuiPaper-rounded MuiPaper-elevation1 MuiCard-root css-z38s0k-MuiPaper-root-MuiCard-root"[39m
      [36m>[39m
        [36m<div[39m
          [33mclass[39m=[32m"MuiCardContent-root css-46bh2p-MuiCardContent-root"[39m
        [36m>[39m
          [36m<h6[39m
            [33mclass[39m=[32m"MuiTypography-root MuiTypography-h6 MuiTypography-gutterBottom css-pne570-MuiTypography-root"[39m
          [36m>[39m
            [0mProject Progress[0m
          [36m</h6>[39m
          [36m<div[39m
            [33mclass[39m=[32m"MuiBox-root css-ukdiqv"[39m
          [36m>[39m
            [36m<span[39m
              [33maria-valuemax[39m=[32m"100"[39m
              [33maria-valuemin[39m=[32m"0"[39m
              [33maria-valuenow[39m=[32m"0"[39m
              [33mclass[39m=[32m"MuiLinearProgress-root MuiLinearProgress-colorPrimary MuiLinearProgress-determinate css-6eznea-MuiLinearProgress-root"[39m
              [33mrole[39m=[32m"progressbar"[39m
            [36m>[39m
              [36m<span[39m
                [33mclass[39m=[32m"MuiLinearProgress-bar MuiLinearProgress-barColorPrimary MuiLinearProgress-bar1Determinate css-4sz5p1-MuiLinearProgress-bar1"[39m
                [33mstyle[39m=[32m"transform: translateX(-100%);"[39m
              [36m/>[39m
            [36m</span>[39m
            [36m<p[39m
              [33mclass[39m=[32m"MuiTypography-root MuiTypography-body2 css-xtz2xu-MuiTypography-root"[39m
            [36m>[39m
              [0m0[0m
              [0m%[0m
            [36m</p>[39m
          [36m</div>[39m
          [36m<p[39m
            [33mclass[39m=[32m"MuiTypography-root MuiTypography-body2 css-xtz2xu-MuiTypography-root"[39m
          [36m>[39m
            [0m0[0m
            [0m of [0m
            [0m2[0m
            [0m milestones completed[0m
          [36m</p>[39m
        [36m</div>[39m
      [36m</div>[39m
      [36m<h6[39m
        [33mclass[39m=[32m"MuiTypography-root MuiTypography-h6 MuiTypography-gutterBottom css-pne570-MuiTypography-root"[39m
      [36m>[39m
        [0mMilestones ([0m
        [0m2[0m
        [0m)[0m
      [36m</h6>[39m
      [36m<div[39m
        [33mclass[39m=[32m"MuiPaper-root MuiPaper-elevation MuiPaper-rounded MuiPaper-elevation1 MuiCard-root css-18646eb-MuiPaper-root-MuiCard-root"[39m
      [36m>[39m
        [36m<div[39m
          [33mclass[39m=[32m"MuiCardContent-root css-46bh2p-MuiCardContent-root"[39m
        [36m>[39m
          [36m<div[39m
            [33mclass[39m=[32m"MuiBox-root css-lhftxy"[39m
          [36m>[39m
            [36m<div[39m
              [33mclass[39m=[32m"MuiBox-root css-1rr4qq7"[39m
            [36m>[39m
              [36m<h6[39m
                [33mclass[39m=[32m"MuiTypography-root MuiTypography-h6 MuiTypography-gutterBottom css-pne570-MuiTypography-root"[39m
              [36m>[39m
                [0mFrontend Development[0m
              [36m</h6>[39m
              [36m<p[39m
                [33mclass[39m=[32m"MuiTypography-root MuiTypography-body2 MuiTypography-paragraph css-ydbnju-MuiTypography-root"[39m
              [36m>[39m
                [0mBuild responsive frontend[0m
              [36m</p>[39m
            [36m</div>[39m
            [36m<div[39m
              [33mclass[39m=[32m"MuiBox-root css-axw7ok"[39m
            [36m>[39m
              [36m<svg[39m
                [33maria-hidden[39m=[32m"true"[39m
                [33mclass[39m=[32m"MuiSvgIcon-root MuiSvgIcon-colorWarning MuiSvgIcon-fontSizeMedium css-i94f2r-MuiSvgIcon-root"[39m
                [33mdata-testid[39m=[32m"ScheduleIcon"[39m
                [33mfocusable[39m=[32m"false"[39m
                [33mviewBox[39m=[32m"0 0 24 24"[39m
              [36m>[39m
                [36m<path[39m
                  [33md[39m=[32m"M11.99 2C6.47 2 2 6.48 2 12s4.47 10 9.99 10C17.52 22 22 17.52 22 12S17.52 2 11.99 2M12 20c-4.42 0-8-3.58-8-8s3.58-8 8-8 8 3.58 8 8-3.58 8-8 8"[39m
                [36m/>[39m
                [36m<path[39m
                  [33md[39m=[32m"M12.5 7H11v6l5.25 3.15.75-1.23-4.5-2.67z"[39m
                [36m/>[39m
              [36m</svg>[39m
              [36m<div[39m
                [33mclass[39m=[32m"MuiChip-root MuiChip-filled MuiChip-sizeSmall MuiChip-colorWarning MuiChip-filledWarning css-g26vwy-MuiChip-root"[39m
              [36m>[39m
                [36m<span[39m
                  [33mclass[39m=[32m"MuiChip-label MuiChip-labelSmall css-t3ycia-MuiChip-label"[39m
                [36m>[39m
                  [0mSUBMITTED[0m
                [36m</span>[39m
              [36m</div>[39m
            [36m</div>[39m
          [36m</div>[39m
          [36m<div[39m
            [33mclass[39m=[32m"MuiGrid-root MuiGrid-container MuiGrid-spacing-xs-2 css-l8v5xp-MuiGrid-root"[39m
          [36m>[39m
            [36m<div[39m
              [33mclass[39m=[32m"MuiGrid-root MuiGrid-item MuiGrid-grid-xs-12 MuiGrid-grid-sm-4 css-wg4xta-MuiGrid-root"[39m
            [36m>[39m
              [36m<div[39m
                [33mclass[39m=[32m"MuiBox-root css-171onha"[39m
              [36m>[39m
                [36m<svg[39m
                  [33maria-hidden[39m=[32m"true"[39m
                  [33mclass[39m=[32m"MuiSvgIcon-root MuiSvgIcon-fontSizeSmall css-ptiqhd-MuiSvgIcon-root"[39m
                  [33mdata-testid[39m=[32m"AttachMoneyIcon"[39m
                  [33mfocusable[39m=[32m"false"[39m
                  [33mviewBox[39m=[32m"0 0 24 24"[39m
                [36m>[39m
                  [36m<path[39m
                    [33md[39m=[32m"M11.8 10.9c-2.27-.59-3-1.2-3-2.15 0-1.09 1.01-1.85 2.7-1.85 1.78 0 2.44.85 2.5 2.1h2.21c-.07-1.72-1.12-3.3-3.21-3.81V3h-3v2.16c-1.94.42-3.5 1.68-3.5 3.61 0 2.31 1.91 3.46 4.7 4.13 2.5.6 3 1.48 3 2.41 0 .69-.49 1.79-2.7 1.79-2.06 0-2.87-.92-2.98-2.1h-2.2c.12 2.19 1.76 3.42 3.68 3.83V21h3v-2.15c1.95-.37 3.5-1.5 3.5-3.55 0-2.84-2.43-3.81-4.7-4.4"[39m
                  [36m/>[39m
                [36m</svg>[39m
                [36m<p[39m
                  [33mclass[39m=[32m"MuiTypography-root MuiTypography-body2 css-2t8iw2-MuiTypography-root"[39m
                [36m>[39m
                  [0m$[0m
                  [0m1000[0m
                [36m</p>[39m
              [36m</div>[39m
            [36m</div>[39m
            [36m<div[39m
              [33mclass[39m=[32m"MuiGrid-root MuiGrid-item MuiGrid-grid-xs-12 MuiGrid-grid-sm-4 css-wg4xta-MuiGrid-root"[39m
  ...
 ❯ Object.getElementError node_modules/@testing-library/react/node_modules/@testing-library/dom/dist/config.js:37:19
 ❯ getElementError node_modules/@testing-library/react/node_modules/@testing-library/dom/dist/query-helpers.js:20:35
 ❯ getMultipleElementsFoundError node_modules/@testing-library/react/node_modules/@testing-library/dom/dist/query-helpers.js:23:10
 ❯ node_modules/@testing-library/react/node_modules/@testing-library/dom/dist/query-helpers.js:55:13
 ❯ node_modules/@testing-library/react/node_modules/@testing-library/dom/dist/query-helpers.js:95:19
 ❯ src/test/contract.test.tsx:567:19
    565| 
    566|     // Should open dialog
    567|     expect(screen.getByText('Approve Milestone')).toBeInTheDocument();
       |                   ^
    568| 
    569|     // Add feedback and approve

⎯⎯⎯⎯⎯⎯⎯⎯⎯⎯⎯⎯⎯⎯⎯⎯⎯⎯⎯⎯⎯⎯[11/66]⎯

 FAIL  src/test/payment.test.tsx > PaymentForm > renders payment form correctly
 FAIL  src/test/payment.test.tsx > PaymentForm > calculates platform fee correctly
 FAIL  src/test/payment.test.tsx > PaymentForm > shows security and escrow notices
 FAIL  src/test/payment.test.tsx > PaymentForm > handles payment submission
ReferenceError: jest is not defined
 ❯ src/test/payment.test.tsx:162:5
    160| describe('PaymentForm', () => {
    161|   beforeEach(() => {
    162|     jest.clearAllMocks();
       |     ^
    163|   });
    164| 

⎯⎯⎯⎯⎯⎯⎯⎯⎯⎯⎯⎯⎯⎯⎯⎯⎯⎯⎯⎯⎯⎯[12/66]⎯

 FAIL  src/test/payment.test.tsx > PaymentHistory > filters payments by status
TestingLibraryElementError: Found a label with the text of: Status, however no form control was found associated to that label. Make sure you're using the "for" attribute or "aria-labelledby" attribute correctly.

Ignored nodes: comments, script, style
[36m<body[39m
  [33mstyle[39m=[32m""[39m
[36m>[39m
  [36m<div>[39m
    [36m<div[39m
      [33mclass[39m=[32m"MuiBox-root css-0"[39m
    [36m>[39m
      [36m<div[39m
        [33mclass[39m=[32m"MuiBox-root css-i3pbo"[39m
      [36m>[39m
        [36m<h5[39m
          [33mclass[39m=[32m"MuiTypography-root MuiTypography-h5 MuiTypography-gutterBottom css-1hkf4sh-MuiTypography-root"[39m
        [36m>[39m
          [0mPayment History[0m
        [36m</h5>[39m
        [36m<p[39m
          [33mclass[39m=[32m"MuiTypography-root MuiTypography-body2 css-xtz2xu-MuiTypography-root"[39m
        [36m>[39m
          [0m1[0m
          [0m payment[0m
          [0m found[0m
        [36m</p>[39m
      [36m</div>[39m
      [36m<div[39m
        [33mclass[39m=[32m"MuiGrid-root MuiGrid-container MuiGrid-spacing-xs-2 css-12rc5ck-MuiGrid-root"[39m
      [36m>[39m
        [36m<div[39m
          [33mclass[39m=[32m"MuiGrid-root MuiGrid-item MuiGrid-grid-xs-12 MuiGrid-grid-sm-6 MuiGrid-grid-md-3 css-10voxkt-MuiGrid-root"[39m
        [36m>[39m
          [36m<div[39m
            [33mclass[39m=[32m"MuiFormControl-root MuiFormControl-fullWidth MuiTextField-root css-18hear-MuiFormControl-root-MuiTextField-root"[39m
          [36m>[39m
            [36m<div[39m
              [33mclass[39m=[32m"MuiInputBase-root MuiOutlinedInput-root MuiInputBase-colorPrimary MuiInputBase-fullWidth MuiInputBase-formControl MuiInputBase-sizeSmall MuiInputBase-adornedStart css-1cj7mpt-MuiInputBase-root-MuiOutlinedInput-root"[39m
            [36m>[39m
              [36m<div[39m
                [33mclass[39m=[32m"MuiInputAdornment-root MuiInputAdornment-positionStart MuiInputAdornment-outlined MuiInputAdornment-sizeSmall css-ittuaa-MuiInputAdornment-root"[39m
              [36m>[39m
                [36m<span[39m
                  [33mclass[39m=[32m"notranslate"[39m
                [36m>[39m
                  [0m​[0m
                [36m</span>[39m
                [36m<svg[39m
                  [33maria-hidden[39m=[32m"true"[39m
                  [33mclass[39m=[32m"MuiSvgIcon-root MuiSvgIcon-fontSizeMedium css-i4bv87-MuiSvgIcon-root"[39m
                  [33mdata-testid[39m=[32m"SearchIcon"[39m
                  [33mfocusable[39m=[32m"false"[39m
                  [33mviewBox[39m=[32m"0 0 24 24"[39m
                [36m>[39m
                  [36m<path[39m
                    [33md[39m=[32m"M15.5 14h-.79l-.28-.27C15.41 12.59 16 11.11 16 9.5 16 5.91 13.09 3 9.5 3S3 5.91 3 9.5 5.91 16 9.5 16c1.61 0 3.09-.59 4.23-1.57l.27.28v.79l5 4.99L20.49 19zm-6 0C7.01 14 5 11.99 5 9.5S7.01 5 9.5 5 14 7.01 14 9.5 11.99 14 9.5 14"[39m
                  [36m/>[39m
                [36m</svg>[39m
              [36m</div>[39m
              [36m<input[39m
                [33maria-invalid[39m=[32m"false"[39m
                [33mclass[39m=[32m"MuiInputBase-input MuiOutlinedInput-input MuiInputBase-inputSizeSmall MuiInputBase-inputAdornedStart css-1ua80n0-MuiInputBase-input-MuiOutlinedInput-input"[39m
                [33mid[39m=[32m":rt:"[39m
                [33mplaceholder[39m=[32m"Search payments..."[39m
                [33mtype[39m=[32m"text"[39m
                [33mvalue[39m=[32m""[39m
              [36m/>[39m
              [36m<fieldset[39m
                [33maria-hidden[39m=[32m"true"[39m
                [33mclass[39m=[32m"MuiOutlinedInput-notchedOutline css-r01yff-MuiNotchedOutlined-root-MuiOutlinedInput-notchedOutline"[39m
              [36m>[39m
                [36m<legend[39m
                  [33mclass[39m=[32m"css-1whs34k-MuiNotchedOutlined-root"[39m
                [36m>[39m
                  [36m<span[39m
                    [33mclass[39m=[32m"notranslate"[39m
                  [36m>[39m
                    [0m​[0m
                  [36m</span>[39m
                [36m</legend>[39m
              [36m</fieldset>[39m
            [36m</div>[39m
          [36m</div>[39m
        [36m</div>[39m
        [36m<div[39m
          [33mclass[39m=[32m"MuiGrid-root MuiGrid-item MuiGrid-grid-xs-12 MuiGrid-grid-sm-6 MuiGrid-grid-md-3 css-10voxkt-MuiGrid-root"[39m
        [36m>[39m
          [36m<div[39m
            [33mclass[39m=[32m"MuiFormControl-root MuiFormControl-fullWidth css-q8hpuo-MuiFormControl-root"[39m
          [36m>[39m
            [36m<label[39m
              [33mclass[39m=[32m"MuiFormLabel-root MuiInputLabel-root MuiInputLabel-formControl MuiInputLabel-animated MuiInputLabel-shrink MuiInputLabel-sizeSmall MuiInputLabel-outlined MuiFormLabel-colorPrimary MuiFormLabel-filled MuiInputLabel-root MuiInputLabel-formControl MuiInputLabel-animated MuiInputLabel-shrink MuiInputLabel-sizeSmall MuiInputLabel-outlined css-fe0mau-MuiFormLabel-root-MuiInputLabel-root"[39m
              [33mdata-shrink[39m=[32m"true"[39m
            [36m>[39m
              [0mStatus[0m
            [36m</label>[39m
            [36m<div[39m
              [33mclass[39m=[32m"MuiInputBase-root MuiOutlinedInput-root MuiInputBase-colorPrimary MuiInputBase-formControl MuiInputBase-sizeSmall css-13lg1x7-MuiInputBase-root-MuiOutlinedInput-root-MuiSelect-root"[39m
            [36m>[39m
              [36m<div[39m
                [33maria-controls[39m=[32m":ru:"[39m
                [33maria-expanded[39m=[32m"false"[39m
                [33maria-haspopup[39m=[32m"listbox"[39m
                [33mclass[39m=[32m"MuiSelect-select MuiSelect-outlined MuiInputBase-input MuiOutlinedInput-input MuiInputBase-inputSizeSmall css-1fzjff4-MuiSelect-select-MuiInputBase-input-MuiOutlinedInput-input"[39m
                [33mrole[39m=[32m"combobox"[39m
                [33mtabindex[39m=[32m"0"[39m
              [36m>[39m
                [0mAll Statuses[0m
              [36m</div>[39m
              [36m<input[39m
                [33maria-hidden[39m=[32m"true"[39m
                [33maria-invalid[39m=[32m"false"[39m
                [33mclass[39m=[32m"MuiSelect-nativeInput css-yf8vq0-MuiSelect-nativeInput"[39m
                [33mtabindex[39m=[32m"-1"[39m
                [33mvalue[39m=[32m"all"[39m
              [36m/>[39m
              [36m<svg[39m
                [33maria-hidden[39m=[32m"true"[39m
                [33mclass[39m=[32m"MuiSvgIcon-root MuiSvgIcon-fontSizeMedium MuiSelect-icon MuiSelect-iconOutlined css-hfutr2-MuiSvgIcon-root-MuiSelect-icon"[39m
                [33mdata-testid[39m=[32m"ArrowDropDownIcon"[39m
                [33mfocusable[39m=[32m"false"[39m
                [33mviewBox[39m=[32m"0 0 24 24"[39m
              [36m>[39m
                [36m<path[39m
                  [33md[39m=[32m"M7 10l5 5 5-5z"[39m
                [36m/>[39m
              [36m</svg>[39m
              [36m<fieldset[39m
                [33maria-hidden[39m=[32m"true"[39m
   ...

Ignored nodes: comments, script, style
[36m<html>[39m
  [36m<head />[39m
  [36m<body[39m
    [33mstyle[39m=[32m""[39m
  [36m>[39m
    [36m<div>[39m
      [36m<div[39m
        [33mclass[39m=[32m"MuiBox-root css-0"[39m
      [36m>[39m
        [36m<div[39m
          [33mclass[39m=[32m"MuiBox-root css-i3pbo"[39m
        [36m>[39m
          [36m<h5[39m
            [33mclass[39m=[32m"MuiTypography-root MuiTypography-h5 MuiTypography-gutterBottom css-1hkf4sh-MuiTypography-root"[39m
          [36m>[39m
            [0mPayment History[0m
          [36m</h5>[39m
          [36m<p[39m
            [33mclass[39m=[32m"MuiTypography-root MuiTypography-body2 css-xtz2xu-MuiTypography-root"[39m
          [36m>[39m
            [0m1[0m
            [0m payment[0m
            [0m found[0m
          [36m</p>[39m
        [36m</div>[39m
        [36m<div[39m
          [33mclass[39m=[32m"MuiGrid-root MuiGrid-container MuiGrid-spacing-xs-2 css-12rc5ck-MuiGrid-root"[39m
        [36m>[39m
          [36m<div[39m
            [33mclass[39m=[32m"MuiGrid-root MuiGrid-item MuiGrid-grid-xs-12 MuiGrid-grid-sm-6 MuiGrid-grid-md-3 css-10voxkt-MuiGrid-root"[39m
          [36m>[39m
            [36m<div[39m
              [33mclass[39m=[32m"MuiFormControl-root MuiFormControl-fullWidth MuiTextField-root css-18hear-MuiFormControl-root-MuiTextField-root"[39m
            [36m>[39m
              [36m<div[39m
                [33mclass[39m=[32m"MuiInputBase-root MuiOutlinedInput-root MuiInputBase-colorPrimary MuiInputBase-fullWidth MuiInputBase-formControl MuiInputBase-sizeSmall MuiInputBase-adornedStart css-1cj7mpt-MuiInputBase-root-MuiOutlinedInput-root"[39m
              [36m>[39m
                [36m<div[39m
                  [33mclass[39m=[32m"MuiInputAdornment-root MuiInputAdornment-positionStart MuiInputAdornment-outlined MuiInputAdornment-sizeSmall css-ittuaa-MuiInputAdornment-root"[39m
                [36m>[39m
                  [36m<span[39m
                    [33mclass[39m=[32m"notranslate"[39m
                  [36m>[39m
                    [0m​[0m
                  [36m</span>[39m
                  [36m<svg[39m
                    [33maria-hidden[39m=[32m"true"[39m
                    [33mclass[39m=[32m"MuiSvgIcon-root MuiSvgIcon-fontSizeMedium css-i4bv87-MuiSvgIcon-root"[39m
                    [33mdata-testid[39m=[32m"SearchIcon"[39m
                    [33mfocusable[39m=[32m"false"[39m
                    [33mviewBox[39m=[32m"0 0 24 24"[39m
                  [36m>[39m
                    [36m<path[39m
                      [33md[39m=[32m"M15.5 14h-.79l-.28-.27C15.41 12.59 16 11.11 16 9.5 16 5.91 13.09 3 9.5 3S3 5.91 3 9.5 5.91 16 9.5 16c1.61 0 3.09-.59 4.23-1.57l.27.28v.79l5 4.99L20.49 19zm-6 0C7.01 14 5 11.99 5 9.5S7.01 5 9.5 5 14 7.01 14 9.5 11.99 14 9.5 14"[39m
                    [36m/>[39m
                  [36m</svg>[39m
                [36m</div>[39m
                [36m<input[39m
                  [33maria-invalid[39m=[32m"false"[39m
                  [33mclass[39m=[32m"MuiInputBase-input MuiOutlinedInput-input MuiInputBase-inputSizeSmall MuiInputBase-inputAdornedStart css-1ua80n0-MuiInputBase-input-MuiOutlinedInput-input"[39m
                  [33mid[39m=[32m":rt:"[39m
                  [33mplaceholder[39m=[32m"Search payments..."[39m
                  [33mtype[39m=[32m"text"[39m
                  [33mvalue[39m=[32m""[39m
                [36m/>[39m
                [36m<fieldset[39m
                  [33maria-hidden[39m=[32m"true"[39m
                  [33mclass[39m=[32m"MuiOutlinedInput-notchedOutline css-r01yff-MuiNotchedOutlined-root-MuiOutlinedInput-notchedOutline"[39m
                [36m>[39m
                  [36m<legend[39m
                    [33mclass[39m=[32m"css-1whs34k-MuiNotchedOutlined-root"[39m
                  [36m>[39m
                    [36m<span[39m
                      [33mclass[39m=[32m"notranslate"[39m
                    [36m>[39m
                      [0m​[0m
                    [36m</span>[39m
                  [36m</legend>[39m
                [36m</fieldset>[39m
              [36m</div>[39m
            [36m</div>[39m
          [36m</div>[39m
          [36m<div[39m
            [33mclass[39m=[32m"MuiGrid-root MuiGrid-item MuiGrid-grid-xs-12 MuiGrid-grid-sm-6 MuiGrid-grid-md-3 css-10voxkt-MuiGrid-root"[39m
          [36m>[39m
            [36m<div[39m
              [33mclass[39m=[32m"MuiFormControl-root MuiFormControl-fullWidth css-q8hpuo-MuiFormControl-root"[39m
            [36m>[39m
              [36m<label[39m
                [33mclass[39m=[32m"MuiFormLabel-root MuiInputLabel-root MuiInputLabel-formControl MuiInputLabel-animated MuiInputLabel-shrink MuiInputLabel-sizeSmall MuiInputLabel-outlined MuiFormLabel-colorPrimary MuiFormLabel-filled MuiInputLabel-root MuiInputLabel-formControl MuiInputLabel-animated MuiInputLabel-shrink MuiInputLabel-sizeSmall MuiInputLabel-outlined css-fe0mau-MuiFormLabel-root-MuiInputLabel-root"[39m
                [33mdata-shrink[39m=[32m"true"[39m
              [36m>[39m
                [0mStatus[0m
              [36m</label>[39m
              [36m<div[39m
                [33mclass[39m=[32m"MuiInputBase-root MuiOutlinedInput-root MuiInputBase-colorPrimary MuiInputBase-formControl MuiInputBase-sizeSmall css-13lg1x7-MuiInputBase-root-MuiOutlinedInput-root-MuiSelect-root"[39m
              [36m>[39m
                [36m<div[39m
                  [33maria-controls[39m=[32m":ru:"[39m
                  [33maria-expanded[39m=[32m"false"[39m
                  [33maria-haspopup[39m=[32m"listbox"[39m
                  [33mclass[39m=[32m"MuiSelect-select MuiSelect-outlined MuiInputBase-input MuiOutlinedInput-input MuiInputBase-inputSizeSmall css-1fzjff4-MuiSelect-select-MuiInputBase-input-MuiOutlinedInput-input"[39m
                  [33mrole[39m=[32m"combobox"[39m
                  [33mtabindex[39m=[32m"0"[39m
                [36m>[39m
                  [0mAll Statuses[0m
                [36m</div>[39m
                [36m<input[39m
                  [33maria-hidden[39m=[32m"true"[39m
                  [33maria-invalid[39m=[32m"false"[39m
                  [33mclass[39m=[32m"MuiSelect-nativeInput css-yf8vq0-MuiSelect-nativeInput"[39m
                  [33mtabindex[39m=[32m"-1"[39m
                  [33mvalue[39m=[32m"all"[39m
                [36m/>[39m
                [36m<svg[39m
                  [33maria-hidden[39m=[32m"true"[39m
                  [33mclass[39m=[32m"MuiSvgIcon-root MuiSvgIcon-fontSizeMedium MuiSelect-icon MuiSelect-iconOutlined css-hfutr2-MuiSvgIcon-root-MuiSelect-icon"[39m
                  [33mdata-testid[39m=[32m"ArrowDropDownIcon"[39m
                  [33mfocusable[39m=[32m"false"[39m
                  [33mviewBox[39m=[32m"0 0 24 24...
 ❯ Proxy.waitForWrapper node_modules/@testing-library/react/node_modules/@testing-library/dom/dist/wait-for.js:163:27
 ❯ src/test/payment.test.tsx:317:11
    315|     );
    316| 
    317|     await waitFor(() => {
       |           ^
    318|       expect(screen.getByLabelText('Status')).toBeInTheDocument();
    319|     });

⎯⎯⎯⎯⎯⎯⎯⎯⎯⎯⎯⎯⎯⎯⎯⎯⎯⎯⎯⎯⎯⎯[13/66]⎯

 FAIL  src/test/payment.test.tsx > PayoutManager > renders payout manager correctly
TestingLibraryElementError: Found multiple elements with the text: Available Balance

Here are the matching elements:

Ignored nodes: comments, script, style
[36m<p[39m
  [33mclass[39m=[32m"MuiTypography-root MuiTypography-body2 css-xtz2xu-MuiTypography-root"[39m
[36m>[39m
  [0mAvailable Balance[0m
[36m</p>[39m

Ignored nodes: comments, script, style
[36m<h6[39m
  [33mclass[39m=[32m"MuiTypography-root MuiTypography-h6 css-1rem9xf-MuiTypography-root"[39m
[36m>[39m
  [0mAvailable Balance[0m
[36m</h6>[39m

(If this is intentional, then use the `*AllBy*` variant of the query (like `queryAllByText`, `getAllByText`, or `findAllByText`)).

Ignored nodes: comments, script, style
[36m<body[39m
  [33mstyle[39m=[32m""[39m
[36m>[39m
  [36m<div>[39m
    [36m<div[39m
      [33mclass[39m=[32m"MuiBox-root css-0"[39m
    [36m>[39m
      [36m<div[39m
        [33mclass[39m=[32m"MuiBox-root css-i3pbo"[39m
      [36m>[39m
        [36m<h5[39m
          [33mclass[39m=[32m"MuiTypography-root MuiTypography-h5 MuiTypography-gutterBottom css-1hkf4sh-MuiTypography-root"[39m
        [36m>[39m
          [0mPayment History[0m
        [36m</h5>[39m
        [36m<p[39m
          [33mclass[39m=[32m"MuiTypography-root MuiTypography-body2 css-xtz2xu-MuiTypography-root"[39m
        [36m>[39m
          [0m1[0m
          [0m payment[0m
          [0m found[0m
        [36m</p>[39m
      [36m</div>[39m
      [36m<div[39m
        [33mclass[39m=[32m"MuiGrid-root MuiGrid-container MuiGrid-spacing-xs-2 css-12rc5ck-MuiGrid-root"[39m
      [36m>[39m
        [36m<div[39m
          [33mclass[39m=[32m"MuiGrid-root MuiGrid-item MuiGrid-grid-xs-12 MuiGrid-grid-sm-6 MuiGrid-grid-md-3 css-10voxkt-MuiGrid-root"[39m
        [36m>[39m
          [36m<div[39m
            [33mclass[39m=[32m"MuiFormControl-root MuiFormControl-fullWidth MuiTextField-root css-18hear-MuiFormControl-root-MuiTextField-root"[39m
          [36m>[39m
            [36m<div[39m
              [33mclass[39m=[32m"MuiInputBase-root MuiOutlinedInput-root MuiInputBase-colorPrimary MuiInputBase-fullWidth MuiInputBase-formControl MuiInputBase-sizeSmall MuiInputBase-adornedStart css-1cj7mpt-MuiInputBase-root-MuiOutlinedInput-root"[39m
            [36m>[39m
              [36m<div[39m
                [33mclass[39m=[32m"MuiInputAdornment-root MuiInputAdornment-positionStart MuiInputAdornment-outlined MuiInputAdornment-sizeSmall css-ittuaa-MuiInputAdornment-root"[39m
              [36m>[39m
                [36m<span[39m
                  [33mclass[39m=[32m"notranslate"[39m
                [36m>[39m
                  [0m​[0m
                [36m</span>[39m
                [36m<svg[39m
                  [33maria-hidden[39m=[32m"true"[39m
                  [33mclass[39m=[32m"MuiSvgIcon-root MuiSvgIcon-fontSizeMedium css-i4bv87-MuiSvgIcon-root"[39m
                  [33mdata-testid[39m=[32m"SearchIcon"[39m
                  [33mfocusable[39m=[32m"false"[39m
                  [33mviewBox[39m=[32m"0 0 24 24"[39m
                [36m>[39m
                  [36m<path[39m
                    [33md[39m=[32m"M15.5 14h-.79l-.28-.27C15.41 12.59 16 11.11 16 9.5 16 5.91 13.09 3 9.5 3S3 5.91 3 9.5 5.91 16 9.5 16c1.61 0 3.09-.59 4.23-1.57l.27.28v.79l5 4.99L20.49 19zm-6 0C7.01 14 5 11.99 5 9.5S7.01 5 9.5 5 14 7.01 14 9.5 11.99 14 9.5 14"[39m
                  [36m/>[39m
                [36m</svg>[39m
              [36m</div>[39m
              [36m<input[39m
                [33maria-invalid[39m=[32m"false"[39m
                [33mclass[39m=[32m"MuiInputBase-input MuiOutlinedInput-input MuiInputBase-inputSizeSmall MuiInputBase-inputAdornedStart css-1ua80n0-MuiInputBase-input-MuiOutlinedInput-input"[39m
                [33mid[39m=[32m":rt:"[39m
                [33mplaceholder[39m=[32m"Search payments..."[39m
                [33mtype[39m=[32m"text"[39m
                [33mvalue[39m=[32m""[39m
              [36m/>[39m
              [36m<fieldset[39m
                [33maria-hidden[39m=[32m"true"[39m
                [33mclass[39m=[32m"MuiOutlinedInput-notchedOutline css-r01yff-MuiNotchedOutlined-root-MuiOutlinedInput-notchedOutline"[39m
              [36m>[39m
                [36m<legend[39m
                  [33mclass[39m=[32m"css-1whs34k-MuiNotchedOutlined-root"[39m
                [36m>[39m
                  [36m<span[39m
                    [33mclass[39m=[32m"notranslate"[39m
                  [36m>[39m
                    [0m​[0m
                  [36m</span>[39m
                [36m</legend>[39m
              [36m</fieldset>[39m
            [36m</div>[39m
          [36m</div>[39m
        [36m</div>[39m
        [36m<div[39m
          [33mclass[39m=[32m"MuiGrid-root MuiGrid-item MuiGrid-grid-xs-12 MuiGrid-grid-sm-6 MuiGrid-grid-md-3 css-10voxkt-MuiGrid-root"[39m
        [36m>[39m
          [36m<div[39m
            [33mclass[39m=[32m"MuiFormControl-root MuiFormControl-fullWidth css-q8hpuo-MuiFormControl-root"[39m
          [36m>[39m
            [36m<label[39m
              [33mclass[39m=[32m"MuiFormLabel-root MuiInputLabel-root MuiInputLabel-formControl MuiInputLabel-animated MuiInputLabel-shrink MuiInputLabel-sizeSmall MuiInputLabel-outlined MuiFormLabel-colorPrimary MuiFormLabel-filled MuiInputLabel-root MuiInputLabel-formControl MuiInputLabel-animated MuiInputLabel-shrink MuiInputLabel-sizeSmall MuiInputLabel-outlined css-fe0mau-MuiFormLabel-root-MuiInputLabel-root"[39m
              [33mdata-shrink[39m=[32m"true"[39m
            [36m>[39m
              [0mStatus[0m
            [36m</label>[39m
            [36m<div[39m
              [33mclass[39m=[32m"MuiInputBase-root MuiOutlinedInput-root MuiInputBase-colorPrimary MuiInputBase-formControl MuiInputBase-sizeSmall css-13lg1x7-MuiInputBase-root-MuiOutlinedInput-root-MuiSelect-root"[39m
            [36m>[39m
              [36m<div[39m
                [33maria-controls[39m=[32m":ru:"[39m
                [33maria-expanded[39m=[32m"false"[39m
                [33maria-haspopup[39m=[32m"listbox"[39m
                [33mclass[39m=[32m"MuiSelect-select MuiSelect-outlined MuiInputBase-input MuiOutlinedInput-input MuiInputBase-inputSizeSmall css-1fzjff4-MuiSelect-select-MuiInputBase-input-MuiOutlinedInput-input"[39m
                [33mrole[39m=[32m"combobox"[39m
                [33mtabindex[39m=[32m"0"[39m
              [36m>[39m
                [0mAll Statuses[0m
              [36m</div>[39m
              [36m<input[39m
                [33maria-hidden[39m=[32m"true"[39m
                [33maria-invalid[39m=[32m"false"[39m
                [33mclass[39m=[32m"MuiSelect-nativeInput css-yf8vq0-MuiSelect-nativeInput"[39m
                [33mtabindex[39m=[32m"-1"[39m
                [33mvalue[39m=[32m"all"[39m
              [36m/>[39m
              [36m<svg[39m
                [33maria-hidden[39m=[32m"true"[39m
                [33mclass[39m=[32m"MuiSvgIcon-root MuiSvgIcon-fontSizeMedium MuiSelect-icon MuiSelect-iconOutlined css-hfutr2-MuiSvgIcon-root-MuiSelect-icon"[39m
                [33mdata-testid[39m=[32m"ArrowDropDownIcon"[39m
                [33mfocusable[39m=[32m"false"[39m
                [33mviewBox[39m=[32m"0 0 24 24"[39m
              [36m>[39m
                [36m<path[39m
                  [33md[39m=[32m"M7 10l5 5 5-5z"[39m
                [36m/>[39m
              [36m</svg>[39m
              [36m<fieldset[39m
                [33maria-hidden[39m=[32m"true"[39m
   ...

Ignored nodes: comments, script, style
[36m<html>[39m
  [36m<head />[39m
  [36m<body[39m
    [33mstyle[39m=[32m""[39m
  [36m>[39m
    [36m<div>[39m
      [36m<div[39m
        [33mclass[39m=[32m"MuiBox-root css-0"[39m
      [36m>[39m
        [36m<div[39m
          [33mclass[39m=[32m"MuiBox-root css-i3pbo"[39m
        [36m>[39m
          [36m<h5[39m
            [33mclass[39m=[32m"MuiTypography-root MuiTypography-h5 MuiTypography-gutterBottom css-1hkf4sh-MuiTypography-root"[39m
          [36m>[39m
            [0mPayment History[0m
          [36m</h5>[39m
          [36m<p[39m
            [33mclass[39m=[32m"MuiTypography-root MuiTypography-body2 css-xtz2xu-MuiTypography-root"[39m
          [36m>[39m
            [0m1[0m
            [0m payment[0m
            [0m found[0m
          [36m</p>[39m
        [36m</div>[39m
        [36m<div[39m
          [33mclass[39m=[32m"MuiGrid-root MuiGrid-container MuiGrid-spacing-xs-2 css-12rc5ck-MuiGrid-root"[39m
        [36m>[39m
          [36m<div[39m
            [33mclass[39m=[32m"MuiGrid-root MuiGrid-item MuiGrid-grid-xs-12 MuiGrid-grid-sm-6 MuiGrid-grid-md-3 css-10voxkt-MuiGrid-root"[39m
          [36m>[39m
            [36m<div[39m
              [33mclass[39m=[32m"MuiFormControl-root MuiFormControl-fullWidth MuiTextField-root css-18hear-MuiFormControl-root-MuiTextField-root"[39m
            [36m>[39m
              [36m<div[39m
                [33mclass[39m=[32m"MuiInputBase-root MuiOutlinedInput-root MuiInputBase-colorPrimary MuiInputBase-fullWidth MuiInputBase-formControl MuiInputBase-sizeSmall MuiInputBase-adornedStart css-1cj7mpt-MuiInputBase-root-MuiOutlinedInput-root"[39m
              [36m>[39m
                [36m<div[39m
                  [33mclass[39m=[32m"MuiInputAdornment-root MuiInputAdornment-positionStart MuiInputAdornment-outlined MuiInputAdornment-sizeSmall css-ittuaa-MuiInputAdornment-root"[39m
                [36m>[39m
                  [36m<span[39m
                    [33mclass[39m=[32m"notranslate"[39m
                  [36m>[39m
                    [0m​[0m
                  [36m</span>[39m
                  [36m<svg[39m
                    [33maria-hidden[39m=[32m"true"[39m
                    [33mclass[39m=[32m"MuiSvgIcon-root MuiSvgIcon-fontSizeMedium css-i4bv87-MuiSvgIcon-root"[39m
                    [33mdata-testid[39m=[32m"SearchIcon"[39m
                    [33mfocusable[39m=[32m"false"[39m
                    [33mviewBox[39m=[32m"0 0 24 24"[39m
                  [36m>[39m
                    [36m<path[39m
                      [33md[39m=[32m"M15.5 14h-.79l-.28-.27C15.41 12.59 16 11.11 16 9.5 16 5.91 13.09 3 9.5 3S3 5.91 3 9.5 5.91 16 9.5 16c1.61 0 3.09-.59 4.23-1.57l.27.28v.79l5 4.99L20.49 19zm-6 0C7.01 14 5 11.99 5 9.5S7.01 5 9.5 5 14 7.01 14 9.5 11.99 14 9.5 14"[39m
                    [36m/>[39m
                  [36m</svg>[39m
                [36m</div>[39m
                [36m<input[39m
                  [33maria-invalid[39m=[32m"false"[39m
                  [33mclass[39m=[32m"MuiInputBase-input MuiOutlinedInput-input MuiInputBase-inputSizeSmall MuiInputBase-inputAdornedStart css-1ua80n0-MuiInputBase-input-MuiOutlinedInput-input"[39m
                  [33mid[39m=[32m":rt:"[39m
                  [33mplaceholder[39m=[32m"Search payments..."[39m
                  [33mtype[39m=[32m"text"[39m
                  [33mvalue[39m=[32m""[39m
                [36m/>[39m
                [36m<fieldset[39m
                  [33maria-hidden[39m=[32m"true"[39m
                  [33mclass[39m=[32m"MuiOutlinedInput-notchedOutline css-r01yff-MuiNotchedOutlined-root-MuiOutlinedInput-notchedOutline"[39m
                [36m>[39m
                  [36m<legend[39m
                    [33mclass[39m=[32m"css-1whs34k-MuiNotchedOutlined-root"[39m
                  [36m>[39m
                    [36m<span[39m
                      [33mclass[39m=[32m"notranslate"[39m
                    [36m>[39m
                      [0m​[0m
                    [36m</span>[39m
                  [36m</legend>[39m
                [36m</fieldset>[39m
              [36m</div>[39m
            [36m</div>[39m
          [36m</div>[39m
          [36m<div[39m
            [33mclass[39m=[32m"MuiGrid-root MuiGrid-item MuiGrid-grid-xs-12 MuiGrid-grid-sm-6 MuiGrid-grid-md-3 css-10voxkt-MuiGrid-root"[39m
          [36m>[39m
            [36m<div[39m
              [33mclass[39m=[32m"MuiFormControl-root MuiFormControl-fullWidth css-q8hpuo-MuiFormControl-root"[39m
            [36m>[39m
              [36m<label[39m
                [33mclass[39m=[32m"MuiFormLabel-root MuiInputLabel-root MuiInputLabel-formControl MuiInputLabel-animated MuiInputLabel-shrink MuiInputLabel-sizeSmall MuiInputLabel-outlined MuiFormLabel-colorPrimary MuiFormLabel-filled MuiInputLabel-root MuiInputLabel-formControl MuiInputLabel-animated MuiInputLabel-shrink MuiInputLabel-sizeSmall MuiInputLabel-outlined css-fe0mau-MuiFormLabel-root-MuiInputLabel-root"[39m
                [33mdata-shrink[39m=[32m"true"[39m
              [36m>[39m
                [0mStatus[0m
              [36m</label>[39m
              [36m<div[39m
                [33mclass[39m=[32m"MuiInputBase-root MuiOutlinedInput-root MuiInputBase-colorPrimary MuiInputBase-formControl MuiInputBase-sizeSmall css-13lg1x7-MuiInputBase-root-MuiOutlinedInput-root-MuiSelect-root"[39m
              [36m>[39m
                [36m<div[39m
                  [33maria-controls[39m=[32m":ru:"[39m
                  [33maria-expanded[39m=[32m"false"[39m
                  [33maria-haspopup[39m=[32m"listbox"[39m
                  [33mclass[39m=[32m"MuiSelect-select MuiSelect-outlined MuiInputBase-input MuiOutlinedInput-input MuiInputBase-inputSizeSmall css-1fzjff4-MuiSelect-select-MuiInputBase-input-MuiOutlinedInput-input"[39m
                  [33mrole[39m=[32m"combobox"[39m
                  [33mtabindex[39m=[32m"0"[39m
                [36m>[39m
                  [0mAll Statuses[0m
                [36m</div>[39m
                [36m<input[39m
                  [33maria-hidden[39m=[32m"true"[39m
                  [33maria-invalid[39m=[32m"false"[39m
                  [33mclass[39m=[32m"MuiSelect-nativeInput css-yf8vq0-MuiSelect-nativeInput"[39m
                  [33mtabindex[39m=[32m"-1"[39m
                  [33mvalue[39m=[32m"all"[39m
                [36m/>[39m
                [36m<svg[39m
                  [33maria-hidden[39m=[32m"true"[39m
                  [33mclass[39m=[32m"MuiSvgIcon-root MuiSvgIcon-fontSizeMedium MuiSelect-icon MuiSelect-iconOutlined css-hfutr2-MuiSvgIcon-root-MuiSelect-icon"[39m
                  [33mdata-testid[39m=[32m"ArrowDropDownIcon"[39m
                  [33mfocusable[39m=[32m"false"[39m
                  [33mviewBox[39m=[32m"0 0 24 24...
 ❯ Proxy.waitForWrapper node_modules/@testing-library/react/node_modules/@testing-library/dom/dist/wait-for.js:163:27
 ❯ src/test/payment.test.tsx:462:11
    460|     );
    461| 
    462|     await waitFor(() => {
       |           ^
    463|       expect(screen.getByText('Payout Management')).toBeInTheDocument(…
    464|       expect(screen.getByText('Available Balance')).toBeInTheDocument(…

⎯⎯⎯⎯⎯⎯⎯⎯⎯⎯⎯⎯⎯⎯⎯⎯⎯⎯⎯⎯⎯⎯[14/66]⎯

 FAIL  src/test/payment.test.tsx > PayoutManager > handles payout request
TestingLibraryElementError: Found multiple elements with the text: Request Payout

Here are the matching elements:

Ignored nodes: comments, script, style
[36m<h6[39m
  [33mclass[39m=[32m"MuiTypography-root MuiTypography-h6 MuiTypography-gutterBottom css-pne570-MuiTypography-root"[39m
[36m>[39m
  [0mRequest Payout[0m
[36m</h6>[39m

Ignored nodes: comments, script, style
[36m<button[39m
  [33mclass[39m=[32m"MuiButtonBase-root MuiButton-root MuiButton-contained MuiButton-containedPrimary MuiButton-sizeMedium MuiButton-containedSizeMedium MuiButton-colorPrimary MuiButton-root MuiButton-contained MuiButton-containedPrimary MuiButton-sizeMedium MuiButton-containedSizeMedium MuiButton-colorPrimary css-1od66nh-MuiButtonBase-root-MuiButton-root"[39m
  [33mtabindex[39m=[32m"0"[39m
  [33mtype[39m=[32m"button"[39m
[36m>[39m
  [36m<span[39m
    [33mclass[39m=[32m"MuiButton-icon MuiButton-startIcon MuiButton-iconSizeMedium css-gcc2o7-MuiButton-startIcon"[39m
  [36m>[39m
    [36m<svg[39m
      [33maria-hidden[39m=[32m"true"[39m
      [33mclass[39m=[32m"MuiSvgIcon-root MuiSvgIcon-fontSizeMedium css-i4bv87-MuiSvgIcon-root"[39m
      [33mdata-testid[39m=[32m"AttachMoneyIcon"[39m
      [33mfocusable[39m=[32m"false"[39m
      [33mviewBox[39m=[32m"0 0 24 24"[39m
    [36m>[39m
      [36m<path[39m
        [33md[39m=[32m"M11.8 10.9c-2.27-.59-3-1.2-3-2.15 0-1.09 1.01-1.85 2.7-1.85 1.78 0 2.44.85 2.5 2.1h2.21c-.07-1.72-1.12-3.3-3.21-3.81V3h-3v2.16c-1.94.42-3.5 1.68-3.5 3.61 0 2.31 1.91 3.46 4.7 4.13 2.5.6 3 1.48 3 2.41 0 .69-.49 1.79-2.7 1.79-2.06 0-2.87-.92-2.98-2.1h-2.2c.12 2.19 1.76 3.42 3.68 3.83V21h3v-2.15c1.95-.37 3.5-1.5 3.5-3.55 0-2.84-2.43-3.81-4.7-4.4"[39m
      [36m/>[39m
    [36m</svg>[39m
  [36m</span>[39m
  [0mRequest Payout[0m
  [36m<span[39m
    [33mclass[39m=[32m"MuiTouchRipple-root css-8je8zh-MuiTouchRipple-root"[39m
  [36m/>[39m
[36m</button>[39m

Ignored nodes: comments, script, style
[36m<h6[39m
  [33mclass[39m=[32m"MuiTypography-root MuiTypography-h6 MuiTypography-gutterBottom css-pne570-MuiTypography-root"[39m
[36m>[39m
  [0mRequest Payout[0m
[36m</h6>[39m

Ignored nodes: comments, script, style
[36m<button[39m
  [33mclass[39m=[32m"MuiButtonBase-root MuiButton-root MuiButton-contained MuiButton-containedPrimary MuiButton-sizeMedium MuiButton-containedSizeMedium MuiButton-colorPrimary MuiButton-root MuiButton-contained MuiButton-containedPrimary MuiButton-sizeMedium MuiButton-containedSizeMedium MuiButton-colorPrimary css-1od66nh-MuiButtonBase-root-MuiButton-root"[39m
  [33mtabindex[39m=[32m"0"[39m
  [33mtype[39m=[32m"button"[39m
[36m>[39m
  [36m<span[39m
    [33mclass[39m=[32m"MuiButton-icon MuiButton-startIcon MuiButton-iconSizeMedium css-gcc2o7-MuiButton-startIcon"[39m
  [36m>[39m
    [36m<svg[39m
      [33maria-hidden[39m=[32m"true"[39m
      [33mclass[39m=[32m"MuiSvgIcon-root MuiSvgIcon-fontSizeMedium css-i4bv87-MuiSvgIcon-root"[39m
      [33mdata-testid[39m=[32m"AttachMoneyIcon"[39m
      [33mfocusable[39m=[32m"false"[39m
      [33mviewBox[39m=[32m"0 0 24 24"[39m
    [36m>[39m
      [36m<path[39m
        [33md[39m=[32m"M11.8 10.9c-2.27-.59-3-1.2-3-2.15 0-1.09 1.01-1.85 2.7-1.85 1.78 0 2.44.85 2.5 2.1h2.21c-.07-1.72-1.12-3.3-3.21-3.81V3h-3v2.16c-1.94.42-3.5 1.68-3.5 3.61 0 2.31 1.91 3.46 4.7 4.13 2.5.6 3 1.48 3 2.41 0 .69-.49 1.79-2.7 1.79-2.06 0-2.87-.92-2.98-2.1h-2.2c.12 2.19 1.76 3.42 3.68 3.83V21h3v-2.15c1.95-.37 3.5-1.5 3.5-3.55 0-2.84-2.43-3.81-4.7-4.4"[39m
      [36m/>[39m
    [36m</svg>[39m
  [36m</span>[39m
  [0mRequest Payout[0m
  [36m<span[39m
    [33mclass[39m=[32m"MuiTouchRipple-root css-8je8zh-MuiTouchRipple-root"[39m
  [36m/>[39m
[36m</button>[39m

Ignored nodes: comments, script, style
[36m<h6[39m
  [33mclass[39m=[32m"MuiTypography-root MuiTypography-h6 MuiTypography-gutterBottom css-pne570-MuiTypography-root"[39m
[36m>[39m
  [0mRequest Payout[0m
[36m</h6>[39m

Ignored nodes: comments, script, style
[36m<button[39m
  [33mclass[39m=[32m"MuiButtonBase-root MuiButton-root MuiButton-contained MuiButton-containedPrimary MuiButton-sizeMedium MuiButton-containedSizeMedium MuiButton-colorPrimary MuiButton-root MuiButton-contained MuiButton-containedPrimary MuiButton-sizeMedium MuiButton-containedSizeMedium MuiButton-colorPrimary css-1od66nh-MuiButtonBase-root-MuiButton-root"[39m
  [33mtabindex[39m=[32m"0"[39m
  [33mtype[39m=[32m"button"[39m
[36m>[39m
  [36m<span[39m
    [33mclass[39m=[32m"MuiButton-icon MuiButton-startIcon MuiButton-iconSizeMedium css-gcc2o7-MuiButton-startIcon"[39m
  [36m>[39m
    [36m<svg[39m
      [33maria-hidden[39m=[32m"true"[39m
      [33mclass[39m=[32m"MuiSvgIcon-root MuiSvgIcon-fontSizeMedium css-i4bv87-MuiSvgIcon-root"[39m
      [33mdata-testid[39m=[32m"AttachMoneyIcon"[39m
      [33mfocusable[39m=[32m"false"[39m
      [33mviewBox[39m=[32m"0 0 24 24"[39m
    [36m>[39m
      [36m<path[39m
        [33md[39m=[32m"M11.8 10.9c-2.27-.59-3-1.2-3-2.15 0-1.09 1.01-1.85 2.7-1.85 1.78 0 2.44.85 2.5 2.1h2.21c-.07-1.72-1.12-3.3-3.21-3.81V3h-3v2.16c-1.94.42-3.5 1.68-3.5 3.61 0 2.31 1.91 3.46 4.7 4.13 2.5.6 3 1.48 3 2.41 0 .69-.49 1.79-2.7 1.79-2.06 0-2.87-.92-2.98-2.1h-2.2c.12 2.19 1.76 3.42 3.68 3.83V21h3v-2.15c1.95-.37 3.5-1.5 3.5-3.55 0-2.84-2.43-3.81-4.7-4.4"[39m
      [36m/>[39m
    [36m</svg>[39m
  [36m</span>[39m
  [0mRequest Payout[0m
  [36m<span[39m
    [33mclass[39m=[32m"MuiTouchRipple-root css-8je8zh-MuiTouchRipple-root"[39m
  [36m/>[39m
[36m</button>[39m

(If this is intentional, then use the `*AllBy*` variant of the query (like `queryAllByText`, `getAllByText`, or `findAllByText`)).

Ignored nodes: comments, script, style
[36m<body[39m
  [33mstyle[39m=[32m""[39m
[36m>[39m
  [36m<div>[39m
    [36m<div[39m
      [33mclass[39m=[32m"MuiBox-root css-0"[39m
    [36m>[39m
      [36m<div[39m
        [33mclass[39m=[32m"MuiBox-root css-i3pbo"[39m
      [36m>[39m
        [36m<h5[39m
          [33mclass[39m=[32m"MuiTypography-root MuiTypography-h5 MuiTypography-gutterBottom css-1hkf4sh-MuiTypography-root"[39m
        [36m>[39m
          [0mPayment History[0m
        [36m</h5>[39m
        [36m<p[39m
          [33mclass[39m=[32m"MuiTypography-root MuiTypography-body2 css-xtz2xu-MuiTypography-root"[39m
        [36m>[39m
          [0m1[0m
          [0m payment[0m
          [0m found[0m
        [36m</p>[39m
      [36m</div>[39m
      [36m<div[39m
        [33mclass[39m=[32m"MuiGrid-root MuiGrid-container MuiGrid-spacing-xs-2 css-12rc5ck-MuiGrid-root"[39m
      [36m>[39m
        [36m<div[39m
          [33mclass[39m=[32m"MuiGrid-root MuiGrid-item MuiGrid-grid-xs-12 MuiGrid-grid-sm-6 MuiGrid-grid-md-3 css-10voxkt-MuiGrid-root"[39m
        [36m>[39m
          [36m<div[39m
            [33mclass[39m=[32m"MuiFormControl-root MuiFormControl-fullWidth MuiTextField-root css-18hear-MuiFormControl-root-MuiTextField-root"[39m
          [36m>[39m
            [36m<div[39m
              [33mclass[39m=[32m"MuiInputBase-root MuiOutlinedInput-root MuiInputBase-colorPrimary MuiInputBase-fullWidth MuiInputBase-formControl MuiInputBase-sizeSmall MuiInputBase-adornedStart css-1cj7mpt-MuiInputBase-root-MuiOutlinedInput-root"[39m
            [36m>[39m
              [36m<div[39m
                [33mclass[39m=[32m"MuiInputAdornment-root MuiInputAdornment-positionStart MuiInputAdornment-outlined MuiInputAdornment-sizeSmall css-ittuaa-MuiInputAdornment-root"[39m
              [36m>[39m
                [36m<span[39m
                  [33mclass[39m=[32m"notranslate"[39m
                [36m>[39m
                  [0m​[0m
                [36m</span>[39m
                [36m<svg[39m
                  [33maria-hidden[39m=[32m"true"[39m
                  [33mclass[39m=[32m"MuiSvgIcon-root MuiSvgIcon-fontSizeMedium css-i4bv87-MuiSvgIcon-root"[39m
                  [33mdata-testid[39m=[32m"SearchIcon"[39m
                  [33mfocusable[39m=[32m"false"[39m
                  [33mviewBox[39m=[32m"0 0 24 24"[39m
                [36m>[39m
                  [36m<path[39m
                    [33md[39m=[32m"M15.5 14h-.79l-.28-.27C15.41 12.59 16 11.11 16 9.5 16 5.91 13.09 3 9.5 3S3 5.91 3 9.5 5.91 16 9.5 16c1.61 0 3.09-.59 4.23-1.57l.27.28v.79l5 4.99L20.49 19zm-6 0C7.01 14 5 11.99 5 9.5S7.01 5 9.5 5 14 7.01 14 9.5 11.99 14 9.5 14"[39m
                  [36m/>[39m
                [36m</svg>[39m
              [36m</div>[39m
              [36m<input[39m
                [33maria-invalid[39m=[32m"false"[39m
                [33mclass[39m=[32m"MuiInputBase-input MuiOutlinedInput-input MuiInputBase-inputSizeSmall MuiInputBase-inputAdornedStart css-1ua80n0-MuiInputBase-input-MuiOutlinedInput-input"[39m
                [33mid[39m=[32m":rt:"[39m
                [33mplaceholder[39m=[32m"Search payments..."[39m
                [33mtype[39m=[32m"text"[39m
                [33mvalue[39m=[32m""[39m
              [36m/>[39m
              [36m<fieldset[39m
                [33maria-hidden[39m=[32m"true"[39m
                [33mclass[39m=[32m"MuiOutlinedInput-notchedOutline css-r01yff-MuiNotchedOutlined-root-MuiOutlinedInput-notchedOutline"[39m
              [36m>[39m
                [36m<legend[39m
                  [33mclass[39m=[32m"css-1whs34k-MuiNotchedOutlined-root"[39m
                [36m>[39m
                  [36m<span[39m
                    [33mclass[39m=[32m"notranslate"[39m
                  [36m>[39m
                    [0m​[0m
                  [36m</span>[39m
                [36m</legend>[39m
              [36m</fieldset>[39m
            [36m</div>[39m
          [36m</div>[39m
        [36m</div>[39m
        [36m<div[39m
          [33mclass[39m=[32m"MuiGrid-root MuiGrid-item MuiGrid-grid-xs-12 MuiGrid-grid-sm-6 MuiGrid-grid-md-3 css-10voxkt-MuiGrid-root"[39m
        [36m>[39m
          [36m<div[39m
            [33mclass[39m=[32m"MuiFormControl-root MuiFormControl-fullWidth css-q8hpuo-MuiFormControl-root"[39m
          [36m>[39m
            [36m<label[39m
              [33mclass[39m=[32m"MuiFormLabel-root MuiInputLabel-root MuiInputLabel-formControl MuiInputLabel-animated MuiInputLabel-shrink MuiInputLabel-sizeSmall MuiInputLabel-outlined MuiFormLabel-colorPrimary MuiFormLabel-filled MuiInputLabel-root MuiInputLabel-formControl MuiInputLabel-animated MuiInputLabel-shrink MuiInputLabel-sizeSmall MuiInputLabel-outlined css-fe0mau-MuiFormLabel-root-MuiInputLabel-root"[39m
              [33mdata-shrink[39m=[32m"true"[39m
            [36m>[39m
              [0mStatus[0m
            [36m</label>[39m
            [36m<div[39m
              [33mclass[39m=[32m"MuiInputBase-root MuiOutlinedInput-root MuiInputBase-colorPrimary MuiInputBase-formControl MuiInputBase-sizeSmall css-13lg1x7-MuiInputBase-root-MuiOutlinedInput-root-MuiSelect-root"[39m
            [36m>[39m
              [36m<div[39m
                [33maria-controls[39m=[32m":ru:"[39m
                [33maria-expanded[39m=[32m"false"[39m
                [33maria-haspopup[39m=[32m"listbox"[39m
                [33mclass[39m=[32m"MuiSelect-select MuiSelect-outlined MuiInputBase-input MuiOutlinedInput-input MuiInputBase-inputSizeSmall css-1fzjff4-MuiSelect-select-MuiInputBase-input-MuiOutlinedInput-input"[39m
                [33mrole[39m=[32m"combobox"[39m
                [33mtabindex[39m=[32m"0"[39m
              [36m>[39m
                [0mAll Statuses[0m
              [36m</div>[39m
              [36m<input[39m
                [33maria-hidden[39m=[32m"true"[39m
                [33maria-invalid[39m=[32m"false"[39m
                [33mclass[39m=[32m"MuiSelect-nativeInput css-yf8vq0-MuiSelect-nativeInput"[39m
                [33mtabindex[39m=[32m"-1"[39m
                [33mvalue[39m=[32m"all"[39m
              [36m/>[39m
              [36m<svg[39m
                [33maria-hidden[39m=[32m"true"[39m
                [33mclass[39m=[32m"MuiSvgIcon-root MuiSvgIcon-fontSizeMedium MuiSelect-icon MuiSelect-iconOutlined css-hfutr2-MuiSvgIcon-root-MuiSelect-icon"[39m
                [33mdata-testid[39m=[32m"ArrowDropDownIcon"[39m
                [33mfocusable[39m=[32m"false"[39m
                [33mviewBox[39m=[32m"0 0 24 24"[39m
              [36m>[39m
                [36m<path[39m
                  [33md[39m=[32m"M7 10l5 5 5-5z"[39m
                [36m/>[39m
              [36m</svg>[39m
              [36m<fieldset[39m
                [33maria-hidden[39m=[32m"true"[39m
   ...

Ignored nodes: comments, script, style
[36m<html>[39m
  [36m<head />[39m
  [36m<body[39m
    [33mstyle[39m=[32m""[39m
  [36m>[39m
    [36m<div>[39m
      [36m<div[39m
        [33mclass[39m=[32m"MuiBox-root css-0"[39m
      [36m>[39m
        [36m<div[39m
          [33mclass[39m=[32m"MuiBox-root css-i3pbo"[39m
        [36m>[39m
          [36m<h5[39m
            [33mclass[39m=[32m"MuiTypography-root MuiTypography-h5 MuiTypography-gutterBottom css-1hkf4sh-MuiTypography-root"[39m
          [36m>[39m
            [0mPayment History[0m
          [36m</h5>[39m
          [36m<p[39m
            [33mclass[39m=[32m"MuiTypography-root MuiTypography-body2 css-xtz2xu-MuiTypography-root"[39m
          [36m>[39m
            [0m1[0m
            [0m payment[0m
            [0m found[0m
          [36m</p>[39m
        [36m</div>[39m
        [36m<div[39m
          [33mclass[39m=[32m"MuiGrid-root MuiGrid-container MuiGrid-spacing-xs-2 css-12rc5ck-MuiGrid-root"[39m
        [36m>[39m
          [36m<div[39m
            [33mclass[39m=[32m"MuiGrid-root MuiGrid-item MuiGrid-grid-xs-12 MuiGrid-grid-sm-6 MuiGrid-grid-md-3 css-10voxkt-MuiGrid-root"[39m
          [36m>[39m
            [36m<div[39m
              [33mclass[39m=[32m"MuiFormControl-root MuiFormControl-fullWidth MuiTextField-root css-18hear-MuiFormControl-root-MuiTextField-root"[39m
            [36m>[39m
              [36m<div[39m
                [33mclass[39m=[32m"MuiInputBase-root MuiOutlinedInput-root MuiInputBase-colorPrimary MuiInputBase-fullWidth MuiInputBase-formControl MuiInputBase-sizeSmall MuiInputBase-adornedStart css-1cj7mpt-MuiInputBase-root-MuiOutlinedInput-root"[39m
              [36m>[39m
                [36m<div[39m
                  [33mclass[39m=[32m"MuiInputAdornment-root MuiInputAdornment-positionStart MuiInputAdornment-outlined MuiInputAdornment-sizeSmall css-ittuaa-MuiInputAdornment-root"[39m
                [36m>[39m
                  [36m<span[39m
                    [33mclass[39m=[32m"notranslate"[39m
                  [36m>[39m
                    [0m​[0m
                  [36m</span>[39m
                  [36m<svg[39m
                    [33maria-hidden[39m=[32m"true"[39m
                    [33mclass[39m=[32m"MuiSvgIcon-root MuiSvgIcon-fontSizeMedium css-i4bv87-MuiSvgIcon-root"[39m
                    [33mdata-testid[39m=[32m"SearchIcon"[39m
                    [33mfocusable[39m=[32m"false"[39m
                    [33mviewBox[39m=[32m"0 0 24 24"[39m
                  [36m>[39m
                    [36m<path[39m
                      [33md[39m=[32m"M15.5 14h-.79l-.28-.27C15.41 12.59 16 11.11 16 9.5 16 5.91 13.09 3 9.5 3S3 5.91 3 9.5 5.91 16 9.5 16c1.61 0 3.09-.59 4.23-1.57l.27.28v.79l5 4.99L20.49 19zm-6 0C7.01 14 5 11.99 5 9.5S7.01 5 9.5 5 14 7.01 14 9.5 11.99 14 9.5 14"[39m
                    [36m/>[39m
                  [36m</svg>[39m
                [36m</div>[39m
                [36m<input[39m
                  [33maria-invalid[39m=[32m"false"[39m
                  [33mclass[39m=[32m"MuiInputBase-input MuiOutlinedInput-input MuiInputBase-inputSizeSmall MuiInputBase-inputAdornedStart css-1ua80n0-MuiInputBase-input-MuiOutlinedInput-input"[39m
                  [33mid[39m=[32m":rt:"[39m
                  [33mplaceholder[39m=[32m"Search payments..."[39m
                  [33mtype[39m=[32m"text"[39m
                  [33mvalue[39m=[32m""[39m
                [36m/>[39m
                [36m<fieldset[39m
                  [33maria-hidden[39m=[32m"true"[39m
                  [33mclass[39m=[32m"MuiOutlinedInput-notchedOutline css-r01yff-MuiNotchedOutlined-root-MuiOutlinedInput-notchedOutline"[39m
                [36m>[39m
                  [36m<legend[39m
                    [33mclass[39m=[32m"css-1whs34k-MuiNotchedOutlined-root"[39m
                  [36m>[39m
                    [36m<span[39m
                      [33mclass[39m=[32m"notranslate"[39m
                    [36m>[39m
                      [0m​[0m
                    [36m</span>[39m
                  [36m</legend>[39m
                [36m</fieldset>[39m
              [36m</div>[39m
            [36m</div>[39m
          [36m</div>[39m
          [36m<div[39m
            [33mclass[39m=[32m"MuiGrid-root MuiGrid-item MuiGrid-grid-xs-12 MuiGrid-grid-sm-6 MuiGrid-grid-md-3 css-10voxkt-MuiGrid-root"[39m
          [36m>[39m
            [36m<div[39m
              [33mclass[39m=[32m"MuiFormControl-root MuiFormControl-fullWidth css-q8hpuo-MuiFormControl-root"[39m
            [36m>[39m
              [36m<label[39m
                [33mclass[39m=[32m"MuiFormLabel-root MuiInputLabel-root MuiInputLabel-formControl MuiInputLabel-animated MuiInputLabel-shrink MuiInputLabel-sizeSmall MuiInputLabel-outlined MuiFormLabel-colorPrimary MuiFormLabel-filled MuiInputLabel-root MuiInputLabel-formControl MuiInputLabel-animated MuiInputLabel-shrink MuiInputLabel-sizeSmall MuiInputLabel-outlined css-fe0mau-MuiFormLabel-root-MuiInputLabel-root"[39m
                [33mdata-shrink[39m=[32m"true"[39m
              [36m>[39m
                [0mStatus[0m
              [36m</label>[39m
              [36m<div[39m
                [33mclass[39m=[32m"MuiInputBase-root MuiOutlinedInput-root MuiInputBase-colorPrimary MuiInputBase-formControl MuiInputBase-sizeSmall css-13lg1x7-MuiInputBase-root-MuiOutlinedInput-root-MuiSelect-root"[39m
              [36m>[39m
                [36m<div[39m
                  [33maria-controls[39m=[32m":ru:"[39m
                  [33maria-expanded[39m=[32m"false"[39m
                  [33maria-haspopup[39m=[32m"listbox"[39m
                  [33mclass[39m=[32m"MuiSelect-select MuiSelect-outlined MuiInputBase-input MuiOutlinedInput-input MuiInputBase-inputSizeSmall css-1fzjff4-MuiSelect-select-MuiInputBase-input-MuiOutlinedInput-input"[39m
                  [33mrole[39m=[32m"combobox"[39m
                  [33mtabindex[39m=[32m"0"[39m
                [36m>[39m
                  [0mAll Statuses[0m
                [36m</div>[39m
                [36m<input[39m
                  [33maria-hidden[39m=[32m"true"[39m
                  [33maria-invalid[39m=[32m"false"[39m
                  [33mclass[39m=[32m"MuiSelect-nativeInput css-yf8vq0-MuiSelect-nativeInput"[39m
                  [33mtabindex[39m=[32m"-1"[39m
                  [33mvalue[39m=[32m"all"[39m
                [36m/>[39m
                [36m<svg[39m
                  [33maria-hidden[39m=[32m"true"[39m
                  [33mclass[39m=[32m"MuiSvgIcon-root MuiSvgIcon-fontSizeMedium MuiSelect-icon MuiSelect-iconOutlined css-hfutr2-MuiSvgIcon-root-MuiSelect-icon"[39m
                  [33mdata-testid[39m=[32m"ArrowDropDownIcon"[39m
                  [33mfocusable[39m=[32m"false"[39m
                  [33mviewBox[39m=[32m"0 0 24 24...
 ❯ Proxy.waitForWrapper node_modules/@testing-library/react/node_modules/@testing-library/dom/dist/wait-for.js:163:27
 ❯ src/test/payment.test.tsx:501:11
    499|     );
    500| 
    501|     await waitFor(() => {
       |           ^
    502|       expect(screen.getByText('Request Payout')).toBeInTheDocument();
    503|     });

⎯⎯⎯⎯⎯⎯⎯⎯⎯⎯⎯⎯⎯⎯⎯⎯⎯⎯⎯⎯⎯⎯[15/66]⎯

 FAIL  src/test/payment.test.tsx > PayoutManager > shows minimum payout warning
TestingLibraryElementError: Found multiple elements with the text: Request Payout

Here are the matching elements:

Ignored nodes: comments, script, style
[36m<h6[39m
  [33mclass[39m=[32m"MuiTypography-root MuiTypography-h6 MuiTypography-gutterBottom css-pne570-MuiTypography-root"[39m
[36m>[39m
  [0mRequest Payout[0m
[36m</h6>[39m

Ignored nodes: comments, script, style
[36m<button[39m
  [33mclass[39m=[32m"MuiButtonBase-root MuiButton-root MuiButton-contained MuiButton-containedPrimary MuiButton-sizeMedium MuiButton-containedSizeMedium MuiButton-colorPrimary MuiButton-root MuiButton-contained MuiButton-containedPrimary MuiButton-sizeMedium MuiButton-containedSizeMedium MuiButton-colorPrimary css-1od66nh-MuiButtonBase-root-MuiButton-root"[39m
  [33mtabindex[39m=[32m"0"[39m
  [33mtype[39m=[32m"button"[39m
[36m>[39m
  [36m<span[39m
    [33mclass[39m=[32m"MuiButton-icon MuiButton-startIcon MuiButton-iconSizeMedium css-gcc2o7-MuiButton-startIcon"[39m
  [36m>[39m
    [36m<svg[39m
      [33maria-hidden[39m=[32m"true"[39m
      [33mclass[39m=[32m"MuiSvgIcon-root MuiSvgIcon-fontSizeMedium css-i4bv87-MuiSvgIcon-root"[39m
      [33mdata-testid[39m=[32m"AttachMoneyIcon"[39m
      [33mfocusable[39m=[32m"false"[39m
      [33mviewBox[39m=[32m"0 0 24 24"[39m
    [36m>[39m
      [36m<path[39m
        [33md[39m=[32m"M11.8 10.9c-2.27-.59-3-1.2-3-2.15 0-1.09 1.01-1.85 2.7-1.85 1.78 0 2.44.85 2.5 2.1h2.21c-.07-1.72-1.12-3.3-3.21-3.81V3h-3v2.16c-1.94.42-3.5 1.68-3.5 3.61 0 2.31 1.91 3.46 4.7 4.13 2.5.6 3 1.48 3 2.41 0 .69-.49 1.79-2.7 1.79-2.06 0-2.87-.92-2.98-2.1h-2.2c.12 2.19 1.76 3.42 3.68 3.83V21h3v-2.15c1.95-.37 3.5-1.5 3.5-3.55 0-2.84-2.43-3.81-4.7-4.4"[39m
      [36m/>[39m
    [36m</svg>[39m
  [36m</span>[39m
  [0mRequest Payout[0m
  [36m<span[39m
    [33mclass[39m=[32m"MuiTouchRipple-root css-8je8zh-MuiTouchRipple-root"[39m
  [36m/>[39m
[36m</button>[39m

Ignored nodes: comments, script, style
[36m<h6[39m
  [33mclass[39m=[32m"MuiTypography-root MuiTypography-h6 MuiTypography-gutterBottom css-pne570-MuiTypography-root"[39m
[36m>[39m
  [0mRequest Payout[0m
[36m</h6>[39m

Ignored nodes: comments, script, style
[36m<button[39m
  [33mclass[39m=[32m"MuiButtonBase-root MuiButton-root MuiButton-contained MuiButton-containedPrimary MuiButton-sizeMedium MuiButton-containedSizeMedium MuiButton-colorPrimary MuiButton-root MuiButton-contained MuiButton-containedPrimary MuiButton-sizeMedium MuiButton-containedSizeMedium MuiButton-colorPrimary css-1od66nh-MuiButtonBase-root-MuiButton-root"[39m
  [33mtabindex[39m=[32m"0"[39m
  [33mtype[39m=[32m"button"[39m
[36m>[39m
  [36m<span[39m
    [33mclass[39m=[32m"MuiButton-icon MuiButton-startIcon MuiButton-iconSizeMedium css-gcc2o7-MuiButton-startIcon"[39m
  [36m>[39m
    [36m<svg[39m
      [33maria-hidden[39m=[32m"true"[39m
      [33mclass[39m=[32m"MuiSvgIcon-root MuiSvgIcon-fontSizeMedium css-i4bv87-MuiSvgIcon-root"[39m
      [33mdata-testid[39m=[32m"AttachMoneyIcon"[39m
      [33mfocusable[39m=[32m"false"[39m
      [33mviewBox[39m=[32m"0 0 24 24"[39m
    [36m>[39m
      [36m<path[39m
        [33md[39m=[32m"M11.8 10.9c-2.27-.59-3-1.2-3-2.15 0-1.09 1.01-1.85 2.7-1.85 1.78 0 2.44.85 2.5 2.1h2.21c-.07-1.72-1.12-3.3-3.21-3.81V3h-3v2.16c-1.94.42-3.5 1.68-3.5 3.61 0 2.31 1.91 3.46 4.7 4.13 2.5.6 3 1.48 3 2.41 0 .69-.49 1.79-2.7 1.79-2.06 0-2.87-.92-2.98-2.1h-2.2c.12 2.19 1.76 3.42 3.68 3.83V21h3v-2.15c1.95-.37 3.5-1.5 3.5-3.55 0-2.84-2.43-3.81-4.7-4.4"[39m
      [36m/>[39m
    [36m</svg>[39m
  [36m</span>[39m
  [0mRequest Payout[0m
  [36m<span[39m
    [33mclass[39m=[32m"MuiTouchRipple-root css-8je8zh-MuiTouchRipple-root"[39m
  [36m/>[39m
[36m</button>[39m

Ignored nodes: comments, script, style
[36m<h6[39m
  [33mclass[39m=[32m"MuiTypography-root MuiTypography-h6 MuiTypography-gutterBottom css-pne570-MuiTypography-root"[39m
[36m>[39m
  [0mRequest Payout[0m
[36m</h6>[39m

Ignored nodes: comments, script, style
[36m<button[39m
  [33mclass[39m=[32m"MuiButtonBase-root MuiButton-root MuiButton-contained MuiButton-containedPrimary MuiButton-sizeMedium MuiButton-containedSizeMedium MuiButton-colorPrimary MuiButton-root MuiButton-contained MuiButton-containedPrimary MuiButton-sizeMedium MuiButton-containedSizeMedium MuiButton-colorPrimary css-1od66nh-MuiButtonBase-root-MuiButton-root"[39m
  [33mtabindex[39m=[32m"0"[39m
  [33mtype[39m=[32m"button"[39m
[36m>[39m
  [36m<span[39m
    [33mclass[39m=[32m"MuiButton-icon MuiButton-startIcon MuiButton-iconSizeMedium css-gcc2o7-MuiButton-startIcon"[39m
  [36m>[39m
    [36m<svg[39m
      [33maria-hidden[39m=[32m"true"[39m
      [33mclass[39m=[32m"MuiSvgIcon-root MuiSvgIcon-fontSizeMedium css-i4bv87-MuiSvgIcon-root"[39m
      [33mdata-testid[39m=[32m"AttachMoneyIcon"[39m
      [33mfocusable[39m=[32m"false"[39m
      [33mviewBox[39m=[32m"0 0 24 24"[39m
    [36m>[39m
      [36m<path[39m
        [33md[39m=[32m"M11.8 10.9c-2.27-.59-3-1.2-3-2.15 0-1.09 1.01-1.85 2.7-1.85 1.78 0 2.44.85 2.5 2.1h2.21c-.07-1.72-1.12-3.3-3.21-3.81V3h-3v2.16c-1.94.42-3.5 1.68-3.5 3.61 0 2.31 1.91 3.46 4.7 4.13 2.5.6 3 1.48 3 2.41 0 .69-.49 1.79-2.7 1.79-2.06 0-2.87-.92-2.98-2.1h-2.2c.12 2.19 1.76 3.42 3.68 3.83V21h3v-2.15c1.95-.37 3.5-1.5 3.5-3.55 0-2.84-2.43-3.81-4.7-4.4"[39m
      [36m/>[39m
    [36m</svg>[39m
  [36m</span>[39m
  [0mRequest Payout[0m
  [36m<span[39m
    [33mclass[39m=[32m"MuiTouchRipple-root css-8je8zh-MuiTouchRipple-root"[39m
  [36m/>[39m
[36m</button>[39m

Ignored nodes: comments, script, style
[36m<h6[39m
  [33mclass[39m=[32m"MuiTypography-root MuiTypography-h6 MuiTypography-gutterBottom css-pne570-MuiTypography-root"[39m
[36m>[39m
  [0mRequest Payout[0m
[36m</h6>[39m

Ignored nodes: comments, script, style
[36m<button[39m
  [33mclass[39m=[32m"MuiButtonBase-root MuiButton-root MuiButton-contained MuiButton-containedPrimary MuiButton-sizeMedium MuiButton-containedSizeMedium MuiButton-colorPrimary Mui-disabled MuiButton-root MuiButton-contained MuiButton-containedPrimary MuiButton-sizeMedium MuiButton-containedSizeMedium MuiButton-colorPrimary css-1od66nh-MuiButtonBase-root-MuiButton-root"[39m
  [33mdisabled[39m=[32m""[39m
  [33mtabindex[39m=[32m"-1"[39m
  [33mtype[39m=[32m"button"[39m
[36m>[39m
  [36m<span[39m
    [33mclass[39m=[32m"MuiButton-icon MuiButton-startIcon MuiButton-iconSizeMedium css-gcc2o7-MuiButton-startIcon"[39m
  [36m>[39m
    [36m<svg[39m
      [33maria-hidden[39m=[32m"true"[39m
      [33mclass[39m=[32m"MuiSvgIcon-root MuiSvgIcon-fontSizeMedium css-i4bv87-MuiSvgIcon-root"[39m
      [33mdata-testid[39m=[32m"AttachMoneyIcon"[39m
      [33mfocusable[39m=[32m"false"[39m
      [33mviewBox[39m=[32m"0 0 24 24"[39m
    [36m>[39m
      [36m<path[39m
        [33md[39m=[32m"M11.8 10.9c-2.27-.59-3-1.2-3-2.15 0-1.09 1.01-1.85 2.7-1.85 1.78 0 2.44.85 2.5 2.1h2.21c-.07-1.72-1.12-3.3-3.21-3.81V3h-3v2.16c-1.94.42-3.5 1.68-3.5 3.61 0 2.31 1.91 3.46 4.7 4.13 2.5.6 3 1.48 3 2.41 0 .69-.49 1.79-2.7 1.79-2.06 0-2.87-.92-2.98-2.1h-2.2c.12 2.19 1.76 3.42 3.68 3.83V21h3v-2.15c1.95-.37 3.5-1.5 3.5-3.55 0-2.84-2.43-3.81-4.7-4.4"[39m
      [36m/>[39m
    [36m</svg>[39m
  [36m</span>[39m
  [0mRequest Payout[0m
[36m</button>[39m

(If this is intentional, then use the `*AllBy*` variant of the query (like `queryAllByText`, `getAllByText`, or `findAllByText`)).

Ignored nodes: comments, script, style
[36m<body[39m
  [33mstyle[39m=[32m""[39m
[36m>[39m
  [36m<div>[39m
    [36m<div[39m
      [33mclass[39m=[32m"MuiBox-root css-0"[39m
    [36m>[39m
      [36m<div[39m
        [33mclass[39m=[32m"MuiBox-root css-i3pbo"[39m
      [36m>[39m
        [36m<h5[39m
          [33mclass[39m=[32m"MuiTypography-root MuiTypography-h5 MuiTypography-gutterBottom css-1hkf4sh-MuiTypography-root"[39m
        [36m>[39m
          [0mPayment History[0m
        [36m</h5>[39m
        [36m<p[39m
          [33mclass[39m=[32m"MuiTypography-root MuiTypography-body2 css-xtz2xu-MuiTypography-root"[39m
        [36m>[39m
          [0m1[0m
          [0m payment[0m
          [0m found[0m
        [36m</p>[39m
      [36m</div>[39m
      [36m<div[39m
        [33mclass[39m=[32m"MuiGrid-root MuiGrid-container MuiGrid-spacing-xs-2 css-12rc5ck-MuiGrid-root"[39m
      [36m>[39m
        [36m<div[39m
          [33mclass[39m=[32m"MuiGrid-root MuiGrid-item MuiGrid-grid-xs-12 MuiGrid-grid-sm-6 MuiGrid-grid-md-3 css-10voxkt-MuiGrid-root"[39m
        [36m>[39m
          [36m<div[39m
            [33mclass[39m=[32m"MuiFormControl-root MuiFormControl-fullWidth MuiTextField-root css-18hear-MuiFormControl-root-MuiTextField-root"[39m
          [36m>[39m
            [36m<div[39m
              [33mclass[39m=[32m"MuiInputBase-root MuiOutlinedInput-root MuiInputBase-colorPrimary MuiInputBase-fullWidth MuiInputBase-formControl MuiInputBase-sizeSmall MuiInputBase-adornedStart css-1cj7mpt-MuiInputBase-root-MuiOutlinedInput-root"[39m
            [36m>[39m
              [36m<div[39m
                [33mclass[39m=[32m"MuiInputAdornment-root MuiInputAdornment-positionStart MuiInputAdornment-outlined MuiInputAdornment-sizeSmall css-ittuaa-MuiInputAdornment-root"[39m
              [36m>[39m
                [36m<span[39m
                  [33mclass[39m=[32m"notranslate"[39m
                [36m>[39m
                  [0m​[0m
                [36m</span>[39m
                [36m<svg[39m
                  [33maria-hidden[39m=[32m"true"[39m
                  [33mclass[39m=[32m"MuiSvgIcon-root MuiSvgIcon-fontSizeMedium css-i4bv87-MuiSvgIcon-root"[39m
                  [33mdata-testid[39m=[32m"SearchIcon"[39m
                  [33mfocusable[39m=[32m"false"[39m
                  [33mviewBox[39m=[32m"0 0 24 24"[39m
                [36m>[39m
                  [36m<path[39m
                    [33md[39m=[32m"M15.5 14h-.79l-.28-.27C15.41 12.59 16 11.11 16 9.5 16 5.91 13.09 3 9.5 3S3 5.91 3 9.5 5.91 16 9.5 16c1.61 0 3.09-.59 4.23-1.57l.27.28v.79l5 4.99L20.49 19zm-6 0C7.01 14 5 11.99 5 9.5S7.01 5 9.5 5 14 7.01 14 9.5 11.99 14 9.5 14"[39m
                  [36m/>[39m
                [36m</svg>[39m
              [36m</div>[39m
              [36m<input[39m
                [33maria-invalid[39m=[32m"false"[39m
                [33mclass[39m=[32m"MuiInputBase-input MuiOutlinedInput-input MuiInputBase-inputSizeSmall MuiInputBase-inputAdornedStart css-1ua80n0-MuiInputBase-input-MuiOutlinedInput-input"[39m
                [33mid[39m=[32m":rt:"[39m
                [33mplaceholder[39m=[32m"Search payments..."[39m
                [33mtype[39m=[32m"text"[39m
                [33mvalue[39m=[32m""[39m
              [36m/>[39m
              [36m<fieldset[39m
                [33maria-hidden[39m=[32m"true"[39m
                [33mclass[39m=[32m"MuiOutlinedInput-notchedOutline css-r01yff-MuiNotchedOutlined-root-MuiOutlinedInput-notchedOutline"[39m
              [36m>[39m
                [36m<legend[39m
                  [33mclass[39m=[32m"css-1whs34k-MuiNotchedOutlined-root"[39m
                [36m>[39m
                  [36m<span[39m
                    [33mclass[39m=[32m"notranslate"[39m
                  [36m>[39m
                    [0m​[0m
                  [36m</span>[39m
                [36m</legend>[39m
              [36m</fieldset>[39m
            [36m</div>[39m
          [36m</div>[39m
        [36m</div>[39m
        [36m<div[39m
          [33mclass[39m=[32m"MuiGrid-root MuiGrid-item MuiGrid-grid-xs-12 MuiGrid-grid-sm-6 MuiGrid-grid-md-3 css-10voxkt-MuiGrid-root"[39m
        [36m>[39m
          [36m<div[39m
            [33mclass[39m=[32m"MuiFormControl-root MuiFormControl-fullWidth css-q8hpuo-MuiFormControl-root"[39m
          [36m>[39m
            [36m<label[39m
              [33mclass[39m=[32m"MuiFormLabel-root MuiInputLabel-root MuiInputLabel-formControl MuiInputLabel-animated MuiInputLabel-shrink MuiInputLabel-sizeSmall MuiInputLabel-outlined MuiFormLabel-colorPrimary MuiFormLabel-filled MuiInputLabel-root MuiInputLabel-formControl MuiInputLabel-animated MuiInputLabel-shrink MuiInputLabel-sizeSmall MuiInputLabel-outlined css-fe0mau-MuiFormLabel-root-MuiInputLabel-root"[39m
              [33mdata-shrink[39m=[32m"true"[39m
            [36m>[39m
              [0mStatus[0m
            [36m</label>[39m
            [36m<div[39m
              [33mclass[39m=[32m"MuiInputBase-root MuiOutlinedInput-root MuiInputBase-colorPrimary MuiInputBase-formControl MuiInputBase-sizeSmall css-13lg1x7-MuiInputBase-root-MuiOutlinedInput-root-MuiSelect-root"[39m
            [36m>[39m
              [36m<div[39m
                [33maria-controls[39m=[32m":ru:"[39m
                [33maria-expanded[39m=[32m"false"[39m
                [33maria-haspopup[39m=[32m"listbox"[39m
                [33mclass[39m=[32m"MuiSelect-select MuiSelect-outlined MuiInputBase-input MuiOutlinedInput-input MuiInputBase-inputSizeSmall css-1fzjff4-MuiSelect-select-MuiInputBase-input-MuiOutlinedInput-input"[39m
                [33mrole[39m=[32m"combobox"[39m
                [33mtabindex[39m=[32m"0"[39m
              [36m>[39m
                [0mAll Statuses[0m
              [36m</div>[39m
              [36m<input[39m
                [33maria-hidden[39m=[32m"true"[39m
                [33maria-invalid[39m=[32m"false"[39m
                [33mclass[39m=[32m"MuiSelect-nativeInput css-yf8vq0-MuiSelect-nativeInput"[39m
                [33mtabindex[39m=[32m"-1"[39m
                [33mvalue[39m=[32m"all"[39m
              [36m/>[39m
              [36m<svg[39m
                [33maria-hidden[39m=[32m"true"[39m
                [33mclass[39m=[32m"MuiSvgIcon-root MuiSvgIcon-fontSizeMedium MuiSelect-icon MuiSelect-iconOutlined css-hfutr2-MuiSvgIcon-root-MuiSelect-icon"[39m
                [33mdata-testid[39m=[32m"ArrowDropDownIcon"[39m
                [33mfocusable[39m=[32m"false"[39m
                [33mviewBox[39m=[32m"0 0 24 24"[39m
              [36m>[39m
                [36m<path[39m
                  [33md[39m=[32m"M7 10l5 5 5-5z"[39m
                [36m/>[39m
              [36m</svg>[39m
              [36m<fieldset[39m
                [33maria-hidden[39m=[32m"true"[39m
   ...

Ignored nodes: comments, script, style
[36m<html>[39m
  [36m<head />[39m
  [36m<body[39m
    [33mstyle[39m=[32m""[39m
  [36m>[39m
    [36m<div>[39m
      [36m<div[39m
        [33mclass[39m=[32m"MuiBox-root css-0"[39m
      [36m>[39m
        [36m<div[39m
          [33mclass[39m=[32m"MuiBox-root css-i3pbo"[39m
        [36m>[39m
          [36m<h5[39m
            [33mclass[39m=[32m"MuiTypography-root MuiTypography-h5 MuiTypography-gutterBottom css-1hkf4sh-MuiTypography-root"[39m
          [36m>[39m
            [0mPayment History[0m
          [36m</h5>[39m
          [36m<p[39m
            [33mclass[39m=[32m"MuiTypography-root MuiTypography-body2 css-xtz2xu-MuiTypography-root"[39m
          [36m>[39m
            [0m1[0m
            [0m payment[0m
            [0m found[0m
          [36m</p>[39m
        [36m</div>[39m
        [36m<div[39m
          [33mclass[39m=[32m"MuiGrid-root MuiGrid-container MuiGrid-spacing-xs-2 css-12rc5ck-MuiGrid-root"[39m
        [36m>[39m
          [36m<div[39m
            [33mclass[39m=[32m"MuiGrid-root MuiGrid-item MuiGrid-grid-xs-12 MuiGrid-grid-sm-6 MuiGrid-grid-md-3 css-10voxkt-MuiGrid-root"[39m
          [36m>[39m
            [36m<div[39m
              [33mclass[39m=[32m"MuiFormControl-root MuiFormControl-fullWidth MuiTextField-root css-18hear-MuiFormControl-root-MuiTextField-root"[39m
            [36m>[39m
              [36m<div[39m
                [33mclass[39m=[32m"MuiInputBase-root MuiOutlinedInput-root MuiInputBase-colorPrimary MuiInputBase-fullWidth MuiInputBase-formControl MuiInputBase-sizeSmall MuiInputBase-adornedStart css-1cj7mpt-MuiInputBase-root-MuiOutlinedInput-root"[39m
              [36m>[39m
                [36m<div[39m
                  [33mclass[39m=[32m"MuiInputAdornment-root MuiInputAdornment-positionStart MuiInputAdornment-outlined MuiInputAdornment-sizeSmall css-ittuaa-MuiInputAdornment-root"[39m
                [36m>[39m
                  [36m<span[39m
                    [33mclass[39m=[32m"notranslate"[39m
                  [36m>[39m
                    [0m​[0m
                  [36m</span>[39m
                  [36m<svg[39m
                    [33maria-hidden[39m=[32m"true"[39m
                    [33mclass[39m=[32m"MuiSvgIcon-root MuiSvgIcon-fontSizeMedium css-i4bv87-MuiSvgIcon-root"[39m
                    [33mdata-testid[39m=[32m"SearchIcon"[39m
                    [33mfocusable[39m=[32m"false"[39m
                    [33mviewBox[39m=[32m"0 0 24 24"[39m
                  [36m>[39m
                    [36m<path[39m
                      [33md[39m=[32m"M15.5 14h-.79l-.28-.27C15.41 12.59 16 11.11 16 9.5 16 5.91 13.09 3 9.5 3S3 5.91 3 9.5 5.91 16 9.5 16c1.61 0 3.09-.59 4.23-1.57l.27.28v.79l5 4.99L20.49 19zm-6 0C7.01 14 5 11.99 5 9.5S7.01 5 9.5 5 14 7.01 14 9.5 11.99 14 9.5 14"[39m
                    [36m/>[39m
                  [36m</svg>[39m
                [36m</div>[39m
                [36m<input[39m
                  [33maria-invalid[39m=[32m"false"[39m
                  [33mclass[39m=[32m"MuiInputBase-input MuiOutlinedInput-input MuiInputBase-inputSizeSmall MuiInputBase-inputAdornedStart css-1ua80n0-MuiInputBase-input-MuiOutlinedInput-input"[39m
                  [33mid[39m=[32m":rt:"[39m
                  [33mplaceholder[39m=[32m"Search payments..."[39m
                  [33mtype[39m=[32m"text"[39m
                  [33mvalue[39m=[32m""[39m
                [36m/>[39m
                [36m<fieldset[39m
                  [33maria-hidden[39m=[32m"true"[39m
                  [33mclass[39m=[32m"MuiOutlinedInput-notchedOutline css-r01yff-MuiNotchedOutlined-root-MuiOutlinedInput-notchedOutline"[39m
                [36m>[39m
                  [36m<legend[39m
                    [33mclass[39m=[32m"css-1whs34k-MuiNotchedOutlined-root"[39m
                  [36m>[39m
                    [36m<span[39m
                      [33mclass[39m=[32m"notranslate"[39m
                    [36m>[39m
                      [0m​[0m
                    [36m</span>[39m
                  [36m</legend>[39m
                [36m</fieldset>[39m
              [36m</div>[39m
            [36m</div>[39m
          [36m</div>[39m
          [36m<div[39m
            [33mclass[39m=[32m"MuiGrid-root MuiGrid-item MuiGrid-grid-xs-12 MuiGrid-grid-sm-6 MuiGrid-grid-md-3 css-10voxkt-MuiGrid-root"[39m
          [36m>[39m
            [36m<div[39m
              [33mclass[39m=[32m"MuiFormControl-root MuiFormControl-fullWidth css-q8hpuo-MuiFormControl-root"[39m
            [36m>[39m
              [36m<label[39m
                [33mclass[39m=[32m"MuiFormLabel-root MuiInputLabel-root MuiInputLabel-formControl MuiInputLabel-animated MuiInputLabel-shrink MuiInputLabel-sizeSmall MuiInputLabel-outlined MuiFormLabel-colorPrimary MuiFormLabel-filled MuiInputLabel-root MuiInputLabel-formControl MuiInputLabel-animated MuiInputLabel-shrink MuiInputLabel-sizeSmall MuiInputLabel-outlined css-fe0mau-MuiFormLabel-root-MuiInputLabel-root"[39m
                [33mdata-shrink[39m=[32m"true"[39m
              [36m>[39m
                [0mStatus[0m
              [36m</label>[39m
              [36m<div[39m
                [33mclass[39m=[32m"MuiInputBase-root MuiOutlinedInput-root MuiInputBase-colorPrimary MuiInputBase-formControl MuiInputBase-sizeSmall css-13lg1x7-MuiInputBase-root-MuiOutlinedInput-root-MuiSelect-root"[39m
              [36m>[39m
                [36m<div[39m
                  [33maria-controls[39m=[32m":ru:"[39m
                  [33maria-expanded[39m=[32m"false"[39m
                  [33maria-haspopup[39m=[32m"listbox"[39m
                  [33mclass[39m=[32m"MuiSelect-select MuiSelect-outlined MuiInputBase-input MuiOutlinedInput-input MuiInputBase-inputSizeSmall css-1fzjff4-MuiSelect-select-MuiInputBase-input-MuiOutlinedInput-input"[39m
                  [33mrole[39m=[32m"combobox"[39m
                  [33mtabindex[39m=[32m"0"[39m
                [36m>[39m
                  [0mAll Statuses[0m
                [36m</div>[39m
                [36m<input[39m
                  [33maria-hidden[39m=[32m"true"[39m
                  [33maria-invalid[39m=[32m"false"[39m
                  [33mclass[39m=[32m"MuiSelect-nativeInput css-yf8vq0-MuiSelect-nativeInput"[39m
                  [33mtabindex[39m=[32m"-1"[39m
                  [33mvalue[39m=[32m"all"[39m
                [36m/>[39m
                [36m<svg[39m
                  [33maria-hidden[39m=[32m"true"[39m
                  [33mclass[39m=[32m"MuiSvgIcon-root MuiSvgIcon-fontSizeMedium MuiSelect-icon MuiSelect-iconOutlined css-hfutr2-MuiSvgIcon-root-MuiSelect-icon"[39m
                  [33mdata-testid[39m=[32m"ArrowDropDownIcon"[39m
                  [33mfocusable[39m=[32m"false"[39m
                  [33mviewBox[39m=[32m"0 0 24 24...
 ❯ Proxy.waitForWrapper node_modules/@testing-library/react/node_modules/@testing-library/dom/dist/wait-for.js:163:27
 ❯ src/test/payment.test.tsx:559:11
    557|     );
    558| 
    559|     await waitFor(() => {
       |           ^
    560|       expect(screen.getByText('Minimum payout amount is $10.00')).toBe…
    561|       expect(screen.getByText('Request Payout')).toBeDisabled();

⎯⎯⎯⎯⎯⎯⎯⎯⎯⎯⎯⎯⎯⎯⎯⎯⎯⎯⎯⎯⎯⎯[16/66]⎯

 FAIL  src/test/profile.test.tsx > Profile Components > ProfileHeader > renders user information correctly
TestingLibraryElementError: Found multiple elements with the text: Full Stack Developer

Here are the matching elements:

Ignored nodes: comments, script, style
[36m<p[39m
  [33mclass[39m=[32m"MuiTypography-root MuiTypography-body2 css-xtz2xu-MuiTypography-root"[39m
[36m>[39m
  [0mFull Stack Developer[0m
[36m</p>[39m

Ignored nodes: comments, script, style
[36m<p[39m
  [33mclass[39m=[32m"MuiTypography-root MuiTypography-body2 css-xtz2xu-MuiTypography-root"[39m
[36m>[39m
  [0mFull Stack Developer[0m
[36m</p>[39m

Ignored nodes: comments, script, style
[36m<p[39m
  [33mclass[39m=[32m"MuiTypography-root MuiTypography-body2 css-xtz2xu-MuiTypography-root"[39m
[36m>[39m
  [0mFull Stack Developer[0m
[36m</p>[39m

Ignored nodes: comments, script, style
[36m<p[39m
  [33mclass[39m=[32m"MuiTypography-root MuiTypography-body2 MuiTypography-gutterBottom css-141jttu-MuiTypography-root"[39m
[36m>[39m
  [0mFull Stack Developer[0m
[36m</p>[39m

Ignored nodes: comments, script, style
[36m<p[39m
  [33mclass[39m=[32m"MuiTypography-root MuiTypography-body2 MuiTypography-gutterBottom css-141jttu-MuiTypography-root"[39m
[36m>[39m
  [0mFull Stack Developer[0m
[36m</p>[39m

Ignored nodes: comments, script, style
[36m<p[39m
  [33mclass[39m=[32m"MuiTypography-root MuiTypography-body2 MuiTypography-gutterBottom css-141jttu-MuiTypography-root"[39m
[36m>[39m
  [0mFull Stack Developer[0m
[36m</p>[39m

Ignored nodes: comments, script, style
[36m<h6[39m
  [33mclass[39m=[32m"MuiTypography-root MuiTypography-h6 MuiTypography-gutterBottom css-137rogq-MuiTypography-root"[39m
[36m>[39m
  [0mFull Stack Developer[0m
[36m</h6>[39m

(If this is intentional, then use the `*AllBy*` variant of the query (like `queryAllByText`, `getAllByText`, or `findAllByText`)).

Ignored nodes: comments, script, style
[36m<body[39m
  [33mstyle[39m=[32m"padding-right: 1024px; overflow: hidden;"[39m
[36m>[39m
  [36m<div[39m
    [33maria-hidden[39m=[32m"true"[39m
  [36m>[39m
    [36m<div[39m
      [33mclass[39m=[32m"MuiBox-root css-0"[39m
    [36m>[39m
      [36m<div[39m
        [33mclass[39m=[32m"MuiBox-root css-i3pbo"[39m
      [36m>[39m
        [36m<h5[39m
          [33mclass[39m=[32m"MuiTypography-root MuiTypography-h5 MuiTypography-gutterBottom css-1hkf4sh-MuiTypography-root"[39m
        [36m>[39m
          [0mPayment History[0m
        [36m</h5>[39m
        [36m<p[39m
          [33mclass[39m=[32m"MuiTypography-root MuiTypography-body2 css-xtz2xu-MuiTypography-root"[39m
        [36m>[39m
          [0m1[0m
          [0m payment[0m
          [0m found[0m
        [36m</p>[39m
      [36m</div>[39m
      [36m<div[39m
        [33mclass[39m=[32m"MuiGrid-root MuiGrid-container MuiGrid-spacing-xs-2 css-12rc5ck-MuiGrid-root"[39m
      [36m>[39m
        [36m<div[39m
          [33mclass[39m=[32m"MuiGrid-root MuiGrid-item MuiGrid-grid-xs-12 MuiGrid-grid-sm-6 MuiGrid-grid-md-3 css-10voxkt-MuiGrid-root"[39m
        [36m>[39m
          [36m<div[39m
            [33mclass[39m=[32m"MuiFormControl-root MuiFormControl-fullWidth MuiTextField-root css-18hear-MuiFormControl-root-MuiTextField-root"[39m
          [36m>[39m
            [36m<div[39m
              [33mclass[39m=[32m"MuiInputBase-root MuiOutlinedInput-root MuiInputBase-colorPrimary MuiInputBase-fullWidth MuiInputBase-formControl MuiInputBase-sizeSmall MuiInputBase-adornedStart css-1cj7mpt-MuiInputBase-root-MuiOutlinedInput-root"[39m
            [36m>[39m
              [36m<div[39m
                [33mclass[39m=[32m"MuiInputAdornment-root MuiInputAdornment-positionStart MuiInputAdornment-outlined MuiInputAdornment-sizeSmall css-ittuaa-MuiInputAdornment-root"[39m
              [36m>[39m
                [36m<span[39m
                  [33mclass[39m=[32m"notranslate"[39m
                [36m>[39m
                  [0m​[0m
                [36m</span>[39m
                [36m<svg[39m
                  [33maria-hidden[39m=[32m"true"[39m
                  [33mclass[39m=[32m"MuiSvgIcon-root MuiSvgIcon-fontSizeMedium css-i4bv87-MuiSvgIcon-root"[39m
                  [33mdata-testid[39m=[32m"SearchIcon"[39m
                  [33mfocusable[39m=[32m"false"[39m
                  [33mviewBox[39m=[32m"0 0 24 24"[39m
                [36m>[39m
                  [36m<path[39m
                    [33md[39m=[32m"M15.5 14h-.79l-.28-.27C15.41 12.59 16 11.11 16 9.5 16 5.91 13.09 3 9.5 3S3 5.91 3 9.5 5.91 16 9.5 16c1.61 0 3.09-.59 4.23-1.57l.27.28v.79l5 4.99L20.49 19zm-6 0C7.01 14 5 11.99 5 9.5S7.01 5 9.5 5 14 7.01 14 9.5 11.99 14 9.5 14"[39m
                  [36m/>[39m
                [36m</svg>[39m
              [36m</div>[39m
              [36m<input[39m
                [33maria-invalid[39m=[32m"false"[39m
                [33mclass[39m=[32m"MuiInputBase-input MuiOutlinedInput-input MuiInputBase-inputSizeSmall MuiInputBase-inputAdornedStart css-1ua80n0-MuiInputBase-input-MuiOutlinedInput-input"[39m
                [33mid[39m=[32m":rt:"[39m
                [33mplaceholder[39m=[32m"Search payments..."[39m
                [33mtype[39m=[32m"text"[39m
                [33mvalue[39m=[32m""[39m
              [36m/>[39m
              [36m<fieldset[39m
                [33maria-hidden[39m=[32m"true"[39m
                [33mclass[39m=[32m"MuiOutlinedInput-notchedOutline css-r01yff-MuiNotchedOutlined-root-MuiOutlinedInput-notchedOutline"[39m
              [36m>[39m
                [36m<legend[39m
                  [33mclass[39m=[32m"css-1whs34k-MuiNotchedOutlined-root"[39m
                [36m>[39m
                  [36m<span[39m
                    [33mclass[39m=[32m"notranslate"[39m
                  [36m>[39m
                    [0m​[0m
                  [36m</span>[39m
                [36m</legend>[39m
              [36m</fieldset>[39m
            [36m</div>[39m
          [36m</div>[39m
        [36m</div>[39m
        [36m<div[39m
          [33mclass[39m=[32m"MuiGrid-root MuiGrid-item MuiGrid-grid-xs-12 MuiGrid-grid-sm-6 MuiGrid-grid-md-3 css-10voxkt-MuiGrid-root"[39m
        [36m>[39m
          [36m<div[39m
            [33mclass[39m=[32m"MuiFormControl-root MuiFormControl-fullWidth css-q8hpuo-MuiFormControl-root"[39m
          [36m>[39m
            [36m<label[39m
              [33mclass[39m=[32m"MuiFormLabel-root MuiInputLabel-root MuiInputLabel-formControl MuiInputLabel-animated MuiInputLabel-shrink MuiInputLabel-sizeSmall MuiInputLabel-outlined MuiFormLabel-colorPrimary MuiFormLabel-filled MuiInputLabel-root MuiInputLabel-formControl MuiInputLabel-animated MuiInputLabel-shrink MuiInputLabel-sizeSmall MuiInputLabel-outlined css-fe0mau-MuiFormLabel-root-MuiInputLabel-root"[39m
              [33mdata-shrink[39m=[32m"true"[39m
            [36m>[39m
              [0mStatus[0m
            [36m</label>[39m
            [36m<div[39m
              [33mclass[39m=[32m"MuiInputBase-root MuiOutlinedInput-root MuiInputBase-colorPrimary MuiInputBase-formControl MuiInputBase-sizeSmall css-13lg1x7-MuiInputBase-root-MuiOutlinedInput-root-MuiSelect-root"[39m
            [36m>[39m
              [36m<div[39m
                [33maria-controls[39m=[32m":ru:"[39m
                [33maria-expanded[39m=[32m"false"[39m
                [33maria-haspopup[39m=[32m"listbox"[39m
                [33mclass[39m=[32m"MuiSelect-select MuiSelect-outlined MuiInputBase-input MuiOutlinedInput-input MuiInputBase-inputSizeSmall css-1fzjff4-MuiSelect-select-MuiInputBase-input-MuiOutlinedInput-input"[39m
                [33mrole[39m=[32m"combobox"[39m
                [33mtabindex[39m=[32m"0"[39m
              [36m>[39m
                [0mAll Statuses[0m
              [36m</div>[39m
              [36m<input[39m
                [33maria-hidden[39m=[32m"true"[39m
                [33maria-invalid[39m=[32m"false"[39m
                [33mclass[39m=[32m"MuiSelect-nativeInput css-yf8vq0-MuiSelect-nativeInput"[39m
                [33mtabindex[39m=[32m"-1"[39m
                [33mvalue[39m=[32m"all"[39m
              [36m/>[39m
              [36m<svg[39m
                [33maria-hidden[39m=[32m"true"[39m
                [33mclass[39m=[32m"MuiSvgIcon-root MuiSvgIcon-fontSizeMedium MuiSelect-icon MuiSelect-iconOutlined css-hfutr2-MuiSvgIcon-root-MuiSelect-icon"[39m
                [33mdata-testid[39m=[32m"ArrowDropDownIcon"[39m
                [33mfocusable[39m=[32m"false"[39m
                [33mviewBox[39m=[32m"0 0 24 24"[39m
              [36m>[39m
                [36m<path[39m
                  [33md[39m=[32m"M7 10l5 5 5-5z"[39m
                [36m/>[39m
              [36m</svg>[...
 ❯ Object.getElementError node_modules/@testing-library/react/node_modules/@testing-library/dom/dist/config.js:37:19
 ❯ getElementError node_modules/@testing-library/react/node_modules/@testing-library/dom/dist/query-helpers.js:20:35
 ❯ getMultipleElementsFoundError node_modules/@testing-library/react/node_modules/@testing-library/dom/dist/query-helpers.js:23:10
 ❯ node_modules/@testing-library/react/node_modules/@testing-library/dom/dist/query-helpers.js:55:13
 ❯ node_modules/@testing-library/react/node_modules/@testing-library/dom/dist/query-helpers.js:95:19
 ❯ src/test/profile.test.tsx:99:21
     97| 
     98|       expect(screen.getByText('John Doe')).toBeInTheDocument();
     99|       expect(screen.getByText('Full Stack Developer')).toBeInTheDocume…
       |                     ^
    100|       expect(screen.getByText('San Francisco, CA')).toBeInTheDocument(…
    101|       expect(screen.getByText('4.8 (25 reviews)')).toBeInTheDocument();

⎯⎯⎯⎯⎯⎯⎯⎯⎯⎯⎯⎯⎯⎯⎯⎯⎯⎯⎯⎯⎯⎯[17/66]⎯

 FAIL  src/test/profile.test.tsx > Profile Components > ProfileHeader > shows profile completeness for own profile
TestingLibraryElementError: Found multiple elements with the text: Profile Completeness

Here are the matching elements:

Ignored nodes: comments, script, style
[36m<p[39m
  [33mclass[39m=[32m"MuiTypography-root MuiTypography-body2 css-r40f8v-MuiTypography-root"[39m
[36m>[39m
  [0mProfile Completeness[0m
[36m</p>[39m

Ignored nodes: comments, script, style
[36m<p[39m
  [33mclass[39m=[32m"MuiTypography-root MuiTypography-body2 css-r40f8v-MuiTypography-root"[39m
[36m>[39m
  [0mProfile Completeness[0m
[36m</p>[39m

(If this is intentional, then use the `*AllBy*` variant of the query (like `queryAllByText`, `getAllByText`, or `findAllByText`)).

Ignored nodes: comments, script, style
[36m<body[39m
  [33mstyle[39m=[32m"padding-right: 1024px; overflow: hidden;"[39m
[36m>[39m
  [36m<div[39m
    [33maria-hidden[39m=[32m"true"[39m
  [36m>[39m
    [36m<div[39m
      [33mclass[39m=[32m"MuiBox-root css-0"[39m
    [36m>[39m
      [36m<div[39m
        [33mclass[39m=[32m"MuiBox-root css-i3pbo"[39m
      [36m>[39m
        [36m<h5[39m
          [33mclass[39m=[32m"MuiTypography-root MuiTypography-h5 MuiTypography-gutterBottom css-1hkf4sh-MuiTypography-root"[39m
        [36m>[39m
          [0mPayment History[0m
        [36m</h5>[39m
        [36m<p[39m
          [33mclass[39m=[32m"MuiTypography-root MuiTypography-body2 css-xtz2xu-MuiTypography-root"[39m
        [36m>[39m
          [0m1[0m
          [0m payment[0m
          [0m found[0m
        [36m</p>[39m
      [36m</div>[39m
      [36m<div[39m
        [33mclass[39m=[32m"MuiGrid-root MuiGrid-container MuiGrid-spacing-xs-2 css-12rc5ck-MuiGrid-root"[39m
      [36m>[39m
        [36m<div[39m
          [33mclass[39m=[32m"MuiGrid-root MuiGrid-item MuiGrid-grid-xs-12 MuiGrid-grid-sm-6 MuiGrid-grid-md-3 css-10voxkt-MuiGrid-root"[39m
        [36m>[39m
          [36m<div[39m
            [33mclass[39m=[32m"MuiFormControl-root MuiFormControl-fullWidth MuiTextField-root css-18hear-MuiFormControl-root-MuiTextField-root"[39m
          [36m>[39m
            [36m<div[39m
              [33mclass[39m=[32m"MuiInputBase-root MuiOutlinedInput-root MuiInputBase-colorPrimary MuiInputBase-fullWidth MuiInputBase-formControl MuiInputBase-sizeSmall MuiInputBase-adornedStart css-1cj7mpt-MuiInputBase-root-MuiOutlinedInput-root"[39m
            [36m>[39m
              [36m<div[39m
                [33mclass[39m=[32m"MuiInputAdornment-root MuiInputAdornment-positionStart MuiInputAdornment-outlined MuiInputAdornment-sizeSmall css-ittuaa-MuiInputAdornment-root"[39m
              [36m>[39m
                [36m<span[39m
                  [33mclass[39m=[32m"notranslate"[39m
                [36m>[39m
                  [0m​[0m
                [36m</span>[39m
                [36m<svg[39m
                  [33maria-hidden[39m=[32m"true"[39m
                  [33mclass[39m=[32m"MuiSvgIcon-root MuiSvgIcon-fontSizeMedium css-i4bv87-MuiSvgIcon-root"[39m
                  [33mdata-testid[39m=[32m"SearchIcon"[39m
                  [33mfocusable[39m=[32m"false"[39m
                  [33mviewBox[39m=[32m"0 0 24 24"[39m
                [36m>[39m
                  [36m<path[39m
                    [33md[39m=[32m"M15.5 14h-.79l-.28-.27C15.41 12.59 16 11.11 16 9.5 16 5.91 13.09 3 9.5 3S3 5.91 3 9.5 5.91 16 9.5 16c1.61 0 3.09-.59 4.23-1.57l.27.28v.79l5 4.99L20.49 19zm-6 0C7.01 14 5 11.99 5 9.5S7.01 5 9.5 5 14 7.01 14 9.5 11.99 14 9.5 14"[39m
                  [36m/>[39m
                [36m</svg>[39m
              [36m</div>[39m
              [36m<input[39m
                [33maria-invalid[39m=[32m"false"[39m
                [33mclass[39m=[32m"MuiInputBase-input MuiOutlinedInput-input MuiInputBase-inputSizeSmall MuiInputBase-inputAdornedStart css-1ua80n0-MuiInputBase-input-MuiOutlinedInput-input"[39m
                [33mid[39m=[32m":rt:"[39m
                [33mplaceholder[39m=[32m"Search payments..."[39m
                [33mtype[39m=[32m"text"[39m
                [33mvalue[39m=[32m""[39m
              [36m/>[39m
              [36m<fieldset[39m
                [33maria-hidden[39m=[32m"true"[39m
                [33mclass[39m=[32m"MuiOutlinedInput-notchedOutline css-r01yff-MuiNotchedOutlined-root-MuiOutlinedInput-notchedOutline"[39m
              [36m>[39m
                [36m<legend[39m
                  [33mclass[39m=[32m"css-1whs34k-MuiNotchedOutlined-root"[39m
                [36m>[39m
                  [36m<span[39m
                    [33mclass[39m=[32m"notranslate"[39m
                  [36m>[39m
                    [0m​[0m
                  [36m</span>[39m
                [36m</legend>[39m
              [36m</fieldset>[39m
            [36m</div>[39m
          [36m</div>[39m
        [36m</div>[39m
        [36m<div[39m
          [33mclass[39m=[32m"MuiGrid-root MuiGrid-item MuiGrid-grid-xs-12 MuiGrid-grid-sm-6 MuiGrid-grid-md-3 css-10voxkt-MuiGrid-root"[39m
        [36m>[39m
          [36m<div[39m
            [33mclass[39m=[32m"MuiFormControl-root MuiFormControl-fullWidth css-q8hpuo-MuiFormControl-root"[39m
          [36m>[39m
            [36m<label[39m
              [33mclass[39m=[32m"MuiFormLabel-root MuiInputLabel-root MuiInputLabel-formControl MuiInputLabel-animated MuiInputLabel-shrink MuiInputLabel-sizeSmall MuiInputLabel-outlined MuiFormLabel-colorPrimary MuiFormLabel-filled MuiInputLabel-root MuiInputLabel-formControl MuiInputLabel-animated MuiInputLabel-shrink MuiInputLabel-sizeSmall MuiInputLabel-outlined css-fe0mau-MuiFormLabel-root-MuiInputLabel-root"[39m
              [33mdata-shrink[39m=[32m"true"[39m
            [36m>[39m
              [0mStatus[0m
            [36m</label>[39m
            [36m<div[39m
              [33mclass[39m=[32m"MuiInputBase-root MuiOutlinedInput-root MuiInputBase-colorPrimary MuiInputBase-formControl MuiInputBase-sizeSmall css-13lg1x7-MuiInputBase-root-MuiOutlinedInput-root-MuiSelect-root"[39m
            [36m>[39m
              [36m<div[39m
                [33maria-controls[39m=[32m":ru:"[39m
                [33maria-expanded[39m=[32m"false"[39m
                [33maria-haspopup[39m=[32m"listbox"[39m
                [33mclass[39m=[32m"MuiSelect-select MuiSelect-outlined MuiInputBase-input MuiOutlinedInput-input MuiInputBase-inputSizeSmall css-1fzjff4-MuiSelect-select-MuiInputBase-input-MuiOutlinedInput-input"[39m
                [33mrole[39m=[32m"combobox"[39m
                [33mtabindex[39m=[32m"0"[39m
              [36m>[39m
                [0mAll Statuses[0m
              [36m</div>[39m
              [36m<input[39m
                [33maria-hidden[39m=[32m"true"[39m
                [33maria-invalid[39m=[32m"false"[39m
                [33mclass[39m=[32m"MuiSelect-nativeInput css-yf8vq0-MuiSelect-nativeInput"[39m
                [33mtabindex[39m=[32m"-1"[39m
                [33mvalue[39m=[32m"all"[39m
              [36m/>[39m
              [36m<svg[39m
                [33maria-hidden[39m=[32m"true"[39m
                [33mclass[39m=[32m"MuiSvgIcon-root MuiSvgIcon-fontSizeMedium MuiSelect-icon MuiSelect-iconOutlined css-hfutr2-MuiSvgIcon-root-MuiSelect-icon"[39m
                [33mdata-testid[39m=[32m"ArrowDropDownIcon"[39m
                [33mfocusable[39m=[32m"false"[39m
                [33mviewBox[39m=[32m"0 0 24 24"[39m
              [36m>[39m
                [36m<path[39m
                  [33md[39m=[32m"M7 10l5 5 5-5z"[39m
                [36m/>[39m
              [36m</svg>[...
 ❯ Object.getElementError node_modules/@testing-library/react/node_modules/@testing-library/dom/dist/config.js:37:19
 ❯ getElementError node_modules/@testing-library/react/node_modules/@testing-library/dom/dist/query-helpers.js:20:35
 ❯ getMultipleElementsFoundError node_modules/@testing-library/react/node_modules/@testing-library/dom/dist/query-helpers.js:23:10
 ❯ node_modules/@testing-library/react/node_modules/@testing-library/dom/dist/query-helpers.js:55:13
 ❯ node_modules/@testing-library/react/node_modules/@testing-library/dom/dist/query-helpers.js:95:19
 ❯ src/test/profile.test.tsx:131:21
    129|       );
    130| 
    131|       expect(screen.getByText('Profile Completeness')).toBeInTheDocume…
       |                     ^
    132|     });
    133| 

⎯⎯⎯⎯⎯⎯⎯⎯⎯⎯⎯⎯⎯⎯⎯⎯⎯⎯⎯⎯⎯⎯[18/66]⎯

 FAIL  src/test/profile.test.tsx > Profile Components > ProfileHeader > displays availability status correctly
TestingLibraryElementError: Found multiple elements with the text: Available for work

Here are the matching elements:

Ignored nodes: comments, script, style
[36m<span[39m
  [33mclass[39m=[32m"MuiChip-label MuiChip-labelSmall css-wjsjww-MuiChip-label"[39m
[36m>[39m
  [0mAvailable for work[0m
[36m</span>[39m

Ignored nodes: comments, script, style
[36m<span[39m
  [33mclass[39m=[32m"MuiChip-label MuiChip-labelSmall css-wjsjww-MuiChip-label"[39m
[36m>[39m
  [0mAvailable for work[0m
[36m</span>[39m

Ignored nodes: comments, script, style
[36m<span[39m
  [33mclass[39m=[32m"MuiChip-label MuiChip-labelSmall css-wjsjww-MuiChip-label"[39m
[36m>[39m
  [0mAvailable for work[0m
[36m</span>[39m

Ignored nodes: comments, script, style
[36m<span[39m
  [33mclass[39m=[32m"MuiChip-label MuiChip-labelSmall css-wjsjww-MuiChip-label"[39m
[36m>[39m
  [0mAvailable for work[0m
[36m</span>[39m

(If this is intentional, then use the `*AllBy*` variant of the query (like `queryAllByText`, `getAllByText`, or `findAllByText`)).

Ignored nodes: comments, script, style
[36m<body[39m
  [33mstyle[39m=[32m"padding-right: 1024px; overflow: hidden;"[39m
[36m>[39m
  [36m<div[39m
    [33maria-hidden[39m=[32m"true"[39m
  [36m>[39m
    [36m<div[39m
      [33mclass[39m=[32m"MuiBox-root css-0"[39m
    [36m>[39m
      [36m<div[39m
        [33mclass[39m=[32m"MuiBox-root css-i3pbo"[39m
      [36m>[39m
        [36m<h5[39m
          [33mclass[39m=[32m"MuiTypography-root MuiTypography-h5 MuiTypography-gutterBottom css-1hkf4sh-MuiTypography-root"[39m
        [36m>[39m
          [0mPayment History[0m
        [36m</h5>[39m
        [36m<p[39m
          [33mclass[39m=[32m"MuiTypography-root MuiTypography-body2 css-xtz2xu-MuiTypography-root"[39m
        [36m>[39m
          [0m1[0m
          [0m payment[0m
          [0m found[0m
        [36m</p>[39m
      [36m</div>[39m
      [36m<div[39m
        [33mclass[39m=[32m"MuiGrid-root MuiGrid-container MuiGrid-spacing-xs-2 css-12rc5ck-MuiGrid-root"[39m
      [36m>[39m
        [36m<div[39m
          [33mclass[39m=[32m"MuiGrid-root MuiGrid-item MuiGrid-grid-xs-12 MuiGrid-grid-sm-6 MuiGrid-grid-md-3 css-10voxkt-MuiGrid-root"[39m
        [36m>[39m
          [36m<div[39m
            [33mclass[39m=[32m"MuiFormControl-root MuiFormControl-fullWidth MuiTextField-root css-18hear-MuiFormControl-root-MuiTextField-root"[39m
          [36m>[39m
            [36m<div[39m
              [33mclass[39m=[32m"MuiInputBase-root MuiOutlinedInput-root MuiInputBase-colorPrimary MuiInputBase-fullWidth MuiInputBase-formControl MuiInputBase-sizeSmall MuiInputBase-adornedStart css-1cj7mpt-MuiInputBase-root-MuiOutlinedInput-root"[39m
            [36m>[39m
              [36m<div[39m
                [33mclass[39m=[32m"MuiInputAdornment-root MuiInputAdornment-positionStart MuiInputAdornment-outlined MuiInputAdornment-sizeSmall css-ittuaa-MuiInputAdornment-root"[39m
              [36m>[39m
                [36m<span[39m
                  [33mclass[39m=[32m"notranslate"[39m
                [36m>[39m
                  [0m​[0m
                [36m</span>[39m
                [36m<svg[39m
                  [33maria-hidden[39m=[32m"true"[39m
                  [33mclass[39m=[32m"MuiSvgIcon-root MuiSvgIcon-fontSizeMedium css-i4bv87-MuiSvgIcon-root"[39m
                  [33mdata-testid[39m=[32m"SearchIcon"[39m
                  [33mfocusable[39m=[32m"false"[39m
                  [33mviewBox[39m=[32m"0 0 24 24"[39m
                [36m>[39m
                  [36m<path[39m
                    [33md[39m=[32m"M15.5 14h-.79l-.28-.27C15.41 12.59 16 11.11 16 9.5 16 5.91 13.09 3 9.5 3S3 5.91 3 9.5 5.91 16 9.5 16c1.61 0 3.09-.59 4.23-1.57l.27.28v.79l5 4.99L20.49 19zm-6 0C7.01 14 5 11.99 5 9.5S7.01 5 9.5 5 14 7.01 14 9.5 11.99 14 9.5 14"[39m
                  [36m/>[39m
                [36m</svg>[39m
              [36m</div>[39m
              [36m<input[39m
                [33maria-invalid[39m=[32m"false"[39m
                [33mclass[39m=[32m"MuiInputBase-input MuiOutlinedInput-input MuiInputBase-inputSizeSmall MuiInputBase-inputAdornedStart css-1ua80n0-MuiInputBase-input-MuiOutlinedInput-input"[39m
                [33mid[39m=[32m":rt:"[39m
                [33mplaceholder[39m=[32m"Search payments..."[39m
                [33mtype[39m=[32m"text"[39m
                [33mvalue[39m=[32m""[39m
              [36m/>[39m
              [36m<fieldset[39m
                [33maria-hidden[39m=[32m"true"[39m
                [33mclass[39m=[32m"MuiOutlinedInput-notchedOutline css-r01yff-MuiNotchedOutlined-root-MuiOutlinedInput-notchedOutline"[39m
              [36m>[39m
                [36m<legend[39m
                  [33mclass[39m=[32m"css-1whs34k-MuiNotchedOutlined-root"[39m
                [36m>[39m
                  [36m<span[39m
                    [33mclass[39m=[32m"notranslate"[39m
                  [36m>[39m
                    [0m​[0m
                  [36m</span>[39m
                [36m</legend>[39m
              [36m</fieldset>[39m
            [36m</div>[39m
          [36m</div>[39m
        [36m</div>[39m
        [36m<div[39m
          [33mclass[39m=[32m"MuiGrid-root MuiGrid-item MuiGrid-grid-xs-12 MuiGrid-grid-sm-6 MuiGrid-grid-md-3 css-10voxkt-MuiGrid-root"[39m
        [36m>[39m
          [36m<div[39m
            [33mclass[39m=[32m"MuiFormControl-root MuiFormControl-fullWidth css-q8hpuo-MuiFormControl-root"[39m
          [36m>[39m
            [36m<label[39m
              [33mclass[39m=[32m"MuiFormLabel-root MuiInputLabel-root MuiInputLabel-formControl MuiInputLabel-animated MuiInputLabel-shrink MuiInputLabel-sizeSmall MuiInputLabel-outlined MuiFormLabel-colorPrimary MuiFormLabel-filled MuiInputLabel-root MuiInputLabel-formControl MuiInputLabel-animated MuiInputLabel-shrink MuiInputLabel-sizeSmall MuiInputLabel-outlined css-fe0mau-MuiFormLabel-root-MuiInputLabel-root"[39m
              [33mdata-shrink[39m=[32m"true"[39m
            [36m>[39m
              [0mStatus[0m
            [36m</label>[39m
            [36m<div[39m
              [33mclass[39m=[32m"MuiInputBase-root MuiOutlinedInput-root MuiInputBase-colorPrimary MuiInputBase-formControl MuiInputBase-sizeSmall css-13lg1x7-MuiInputBase-root-MuiOutlinedInput-root-MuiSelect-root"[39m
            [36m>[39m
              [36m<div[39m
                [33maria-controls[39m=[32m":ru:"[39m
                [33maria-expanded[39m=[32m"false"[39m
                [33maria-haspopup[39m=[32m"listbox"[39m
                [33mclass[39m=[32m"MuiSelect-select MuiSelect-outlined MuiInputBase-input MuiOutlinedInput-input MuiInputBase-inputSizeSmall css-1fzjff4-MuiSelect-select-MuiInputBase-input-MuiOutlinedInput-input"[39m
                [33mrole[39m=[32m"combobox"[39m
                [33mtabindex[39m=[32m"0"[39m
              [36m>[39m
                [0mAll Statuses[0m
              [36m</div>[39m
              [36m<input[39m
                [33maria-hidden[39m=[32m"true"[39m
                [33maria-invalid[39m=[32m"false"[39m
                [33mclass[39m=[32m"MuiSelect-nativeInput css-yf8vq0-MuiSelect-nativeInput"[39m
                [33mtabindex[39m=[32m"-1"[39m
                [33mvalue[39m=[32m"all"[39m
              [36m/>[39m
              [36m<svg[39m
                [33maria-hidden[39m=[32m"true"[39m
                [33mclass[39m=[32m"MuiSvgIcon-root MuiSvgIcon-fontSizeMedium MuiSelect-icon MuiSelect-iconOutlined css-hfutr2-MuiSvgIcon-root-MuiSelect-icon"[39m
                [33mdata-testid[39m=[32m"ArrowDropDownIcon"[39m
                [33mfocusable[39m=[32m"false"[39m
                [33mviewBox[39m=[32m"0 0 24 24"[39m
              [36m>[39m
                [36m<path[39m
                  [33md[39m=[32m"M7 10l5 5 5-5z"[39m
                [36m/>[39m
              [36m</svg>[...
 ❯ Object.getElementError node_modules/@testing-library/react/node_modules/@testing-library/dom/dist/config.js:37:19
 ❯ getElementError node_modules/@testing-library/react/node_modules/@testing-library/dom/dist/query-helpers.js:20:35
 ❯ getMultipleElementsFoundError node_modules/@testing-library/react/node_modules/@testing-library/dom/dist/query-helpers.js:23:10
 ❯ node_modules/@testing-library/react/node_modules/@testing-library/dom/dist/query-helpers.js:55:13
 ❯ node_modules/@testing-library/react/node_modules/@testing-library/dom/dist/query-helpers.js:95:19
 ❯ src/test/profile.test.tsx:141:21
    139|       );
    140| 
    141|       expect(screen.getByText('Available for work')).toBeInTheDocument…
       |                     ^
    142|     });
    143| 

⎯⎯⎯⎯⎯⎯⎯⎯⎯⎯⎯⎯⎯⎯⎯⎯⎯⎯⎯⎯⎯⎯[19/66]⎯

 FAIL  src/test/profile.test.tsx > Profile Components > ProfileHeader > shows hourly rate for freelancers
TestingLibraryElementError: Found multiple elements with the text: $50/hour

Here are the matching elements:

Ignored nodes: comments, script, style
[36m<h5[39m
  [33mclass[39m=[32m"MuiTypography-root MuiTypography-h5 css-1invrju-MuiTypography-root"[39m
[36m>[39m
  [0m$[0m
  [0m50[0m
  [0m/hour[0m
[36m</h5>[39m

Ignored nodes: comments, script, style
[36m<h5[39m
  [33mclass[39m=[32m"MuiTypography-root MuiTypography-h5 css-1invrju-MuiTypography-root"[39m
[36m>[39m
  [0m$[0m
  [0m50[0m
  [0m/hour[0m
[36m</h5>[39m

Ignored nodes: comments, script, style
[36m<h5[39m
  [33mclass[39m=[32m"MuiTypography-root MuiTypography-h5 css-1invrju-MuiTypography-root"[39m
[36m>[39m
  [0m$[0m
  [0m50[0m
  [0m/hour[0m
[36m</h5>[39m

Ignored nodes: comments, script, style
[36m<h5[39m
  [33mclass[39m=[32m"MuiTypography-root MuiTypography-h5 css-1invrju-MuiTypography-root"[39m
[36m>[39m
  [0m$[0m
  [0m50[0m
  [0m/hour[0m
[36m</h5>[39m

Ignored nodes: comments, script, style
[36m<h5[39m
  [33mclass[39m=[32m"MuiTypography-root MuiTypography-h5 css-1invrju-MuiTypography-root"[39m
[36m>[39m
  [0m$[0m
  [0m50[0m
  [0m/hour[0m
[36m</h5>[39m

(If this is intentional, then use the `*AllBy*` variant of the query (like `queryAllByText`, `getAllByText`, or `findAllByText`)).

Ignored nodes: comments, script, style
[36m<body[39m
  [33mstyle[39m=[32m"padding-right: 1024px; overflow: hidden;"[39m
[36m>[39m
  [36m<div[39m
    [33maria-hidden[39m=[32m"true"[39m
  [36m>[39m
    [36m<div[39m
      [33mclass[39m=[32m"MuiBox-root css-0"[39m
    [36m>[39m
      [36m<div[39m
        [33mclass[39m=[32m"MuiBox-root css-i3pbo"[39m
      [36m>[39m
        [36m<h5[39m
          [33mclass[39m=[32m"MuiTypography-root MuiTypography-h5 MuiTypography-gutterBottom css-1hkf4sh-MuiTypography-root"[39m
        [36m>[39m
          [0mPayment History[0m
        [36m</h5>[39m
        [36m<p[39m
          [33mclass[39m=[32m"MuiTypography-root MuiTypography-body2 css-xtz2xu-MuiTypography-root"[39m
        [36m>[39m
          [0m1[0m
          [0m payment[0m
          [0m found[0m
        [36m</p>[39m
      [36m</div>[39m
      [36m<div[39m
        [33mclass[39m=[32m"MuiGrid-root MuiGrid-container MuiGrid-spacing-xs-2 css-12rc5ck-MuiGrid-root"[39m
      [36m>[39m
        [36m<div[39m
          [33mclass[39m=[32m"MuiGrid-root MuiGrid-item MuiGrid-grid-xs-12 MuiGrid-grid-sm-6 MuiGrid-grid-md-3 css-10voxkt-MuiGrid-root"[39m
        [36m>[39m
          [36m<div[39m
            [33mclass[39m=[32m"MuiFormControl-root MuiFormControl-fullWidth MuiTextField-root css-18hear-MuiFormControl-root-MuiTextField-root"[39m
          [36m>[39m
            [36m<div[39m
              [33mclass[39m=[32m"MuiInputBase-root MuiOutlinedInput-root MuiInputBase-colorPrimary MuiInputBase-fullWidth MuiInputBase-formControl MuiInputBase-sizeSmall MuiInputBase-adornedStart css-1cj7mpt-MuiInputBase-root-MuiOutlinedInput-root"[39m
            [36m>[39m
              [36m<div[39m
                [33mclass[39m=[32m"MuiInputAdornment-root MuiInputAdornment-positionStart MuiInputAdornment-outlined MuiInputAdornment-sizeSmall css-ittuaa-MuiInputAdornment-root"[39m
              [36m>[39m
                [36m<span[39m
                  [33mclass[39m=[32m"notranslate"[39m
                [36m>[39m
                  [0m​[0m
                [36m</span>[39m
                [36m<svg[39m
                  [33maria-hidden[39m=[32m"true"[39m
                  [33mclass[39m=[32m"MuiSvgIcon-root MuiSvgIcon-fontSizeMedium css-i4bv87-MuiSvgIcon-root"[39m
                  [33mdata-testid[39m=[32m"SearchIcon"[39m
                  [33mfocusable[39m=[32m"false"[39m
                  [33mviewBox[39m=[32m"0 0 24 24"[39m
                [36m>[39m
                  [36m<path[39m
                    [33md[39m=[32m"M15.5 14h-.79l-.28-.27C15.41 12.59 16 11.11 16 9.5 16 5.91 13.09 3 9.5 3S3 5.91 3 9.5 5.91 16 9.5 16c1.61 0 3.09-.59 4.23-1.57l.27.28v.79l5 4.99L20.49 19zm-6 0C7.01 14 5 11.99 5 9.5S7.01 5 9.5 5 14 7.01 14 9.5 11.99 14 9.5 14"[39m
                  [36m/>[39m
                [36m</svg>[39m
              [36m</div>[39m
              [36m<input[39m
                [33maria-invalid[39m=[32m"false"[39m
                [33mclass[39m=[32m"MuiInputBase-input MuiOutlinedInput-input MuiInputBase-inputSizeSmall MuiInputBase-inputAdornedStart css-1ua80n0-MuiInputBase-input-MuiOutlinedInput-input"[39m
                [33mid[39m=[32m":rt:"[39m
                [33mplaceholder[39m=[32m"Search payments..."[39m
                [33mtype[39m=[32m"text"[39m
                [33mvalue[39m=[32m""[39m
              [36m/>[39m
              [36m<fieldset[39m
                [33maria-hidden[39m=[32m"true"[39m
                [33mclass[39m=[32m"MuiOutlinedInput-notchedOutline css-r01yff-MuiNotchedOutlined-root-MuiOutlinedInput-notchedOutline"[39m
              [36m>[39m
                [36m<legend[39m
                  [33mclass[39m=[32m"css-1whs34k-MuiNotchedOutlined-root"[39m
                [36m>[39m
                  [36m<span[39m
                    [33mclass[39m=[32m"notranslate"[39m
                  [36m>[39m
                    [0m​[0m
                  [36m</span>[39m
                [36m</legend>[39m
              [36m</fieldset>[39m
            [36m</div>[39m
          [36m</div>[39m
        [36m</div>[39m
        [36m<div[39m
          [33mclass[39m=[32m"MuiGrid-root MuiGrid-item MuiGrid-grid-xs-12 MuiGrid-grid-sm-6 MuiGrid-grid-md-3 css-10voxkt-MuiGrid-root"[39m
        [36m>[39m
          [36m<div[39m
            [33mclass[39m=[32m"MuiFormControl-root MuiFormControl-fullWidth css-q8hpuo-MuiFormControl-root"[39m
          [36m>[39m
            [36m<label[39m
              [33mclass[39m=[32m"MuiFormLabel-root MuiInputLabel-root MuiInputLabel-formControl MuiInputLabel-animated MuiInputLabel-shrink MuiInputLabel-sizeSmall MuiInputLabel-outlined MuiFormLabel-colorPrimary MuiFormLabel-filled MuiInputLabel-root MuiInputLabel-formControl MuiInputLabel-animated MuiInputLabel-shrink MuiInputLabel-sizeSmall MuiInputLabel-outlined css-fe0mau-MuiFormLabel-root-MuiInputLabel-root"[39m
              [33mdata-shrink[39m=[32m"true"[39m
            [36m>[39m
              [0mStatus[0m
            [36m</label>[39m
            [36m<div[39m
              [33mclass[39m=[32m"MuiInputBase-root MuiOutlinedInput-root MuiInputBase-colorPrimary MuiInputBase-formControl MuiInputBase-sizeSmall css-13lg1x7-MuiInputBase-root-MuiOutlinedInput-root-MuiSelect-root"[39m
            [36m>[39m
              [36m<div[39m
                [33maria-controls[39m=[32m":ru:"[39m
                [33maria-expanded[39m=[32m"false"[39m
                [33maria-haspopup[39m=[32m"listbox"[39m
                [33mclass[39m=[32m"MuiSelect-select MuiSelect-outlined MuiInputBase-input MuiOutlinedInput-input MuiInputBase-inputSizeSmall css-1fzjff4-MuiSelect-select-MuiInputBase-input-MuiOutlinedInput-input"[39m
                [33mrole[39m=[32m"combobox"[39m
                [33mtabindex[39m=[32m"0"[39m
              [36m>[39m
                [0mAll Statuses[0m
              [36m</div>[39m
              [36m<input[39m
                [33maria-hidden[39m=[32m"true"[39m
                [33maria-invalid[39m=[32m"false"[39m
                [33mclass[39m=[32m"MuiSelect-nativeInput css-yf8vq0-MuiSelect-nativeInput"[39m
                [33mtabindex[39m=[32m"-1"[39m
                [33mvalue[39m=[32m"all"[39m
              [36m/>[39m
              [36m<svg[39m
                [33maria-hidden[39m=[32m"true"[39m
                [33mclass[39m=[32m"MuiSvgIcon-root MuiSvgIcon-fontSizeMedium MuiSelect-icon MuiSelect-iconOutlined css-hfutr2-MuiSvgIcon-root-MuiSelect-icon"[39m
                [33mdata-testid[39m=[32m"ArrowDropDownIcon"[39m
                [33mfocusable[39m=[32m"false"[39m
                [33mviewBox[39m=[32m"0 0 24 24"[39m
              [36m>[39m
                [36m<path[39m
                  [33md[39m=[32m"M7 10l5 5 5-5z"[39m
                [36m/>[39m
              [36m</svg>[...
 ❯ Object.getElementError node_modules/@testing-library/react/node_modules/@testing-library/dom/dist/config.js:37:19
 ❯ getElementError node_modules/@testing-library/react/node_modules/@testing-library/dom/dist/query-helpers.js:20:35
 ❯ getMultipleElementsFoundError node_modules/@testing-library/react/node_modules/@testing-library/dom/dist/query-helpers.js:23:10
 ❯ node_modules/@testing-library/react/node_modules/@testing-library/dom/dist/query-helpers.js:55:13
 ❯ node_modules/@testing-library/react/node_modules/@testing-library/dom/dist/query-helpers.js:95:19
 ❯ src/test/profile.test.tsx:151:21
    149|       );
    150| 
    151|       expect(screen.getByText('$50/hour')).toBeInTheDocument();
       |                     ^
    152|       expect(screen.getByText('Starting rate')).toBeInTheDocument();
    153|     });

⎯⎯⎯⎯⎯⎯⎯⎯⎯⎯⎯⎯⎯⎯⎯⎯⎯⎯⎯⎯⎯⎯[20/66]⎯

 FAIL  src/test/profile.test.tsx > Profile Components > SkillsManager > displays skills correctly
TestingLibraryElementError: Found multiple elements with the text: React

Here are the matching elements:

Ignored nodes: comments, script, style
[36m<span[39m
  [33mclass[39m=[32m"MuiChip-label MuiChip-labelSmall css-rrn746-MuiChip-label"[39m
[36m>[39m
  [0mReact[0m
[36m</span>[39m

Ignored nodes: comments, script, style
[36m<span[39m
  [33mclass[39m=[32m"MuiChip-label MuiChip-labelSmall css-rrn746-MuiChip-label"[39m
[36m>[39m
  [0mReact[0m
[36m</span>[39m

Ignored nodes: comments, script, style
[36m<span[39m
  [33mclass[39m=[32m"MuiChip-label MuiChip-labelSmall css-rrn746-MuiChip-label"[39m
[36m>[39m
  [0mReact[0m
[36m</span>[39m

Ignored nodes: comments, script, style
[36m<span[39m
  [33mclass[39m=[32m"MuiChip-label MuiChip-labelSmall css-rrn746-MuiChip-label"[39m
[36m>[39m
  [0mReact[0m
[36m</span>[39m

Ignored nodes: comments, script, style
[36m<span[39m
  [33mclass[39m=[32m"MuiChip-label MuiChip-labelSmall css-rrn746-MuiChip-label"[39m
[36m>[39m
  [0mReact[0m
[36m</span>[39m

Ignored nodes: comments, script, style
[36m<span[39m
  [33mclass[39m=[32m"MuiChip-label MuiChip-labelSmall css-rrn746-MuiChip-label"[39m
[36m>[39m
  [0mReact[0m
[36m</span>[39m

Ignored nodes: comments, script, style
[36m<span[39m
  [33mclass[39m=[32m"MuiChip-label MuiChip-labelSmall css-rrn746-MuiChip-label"[39m
[36m>[39m
  [0mReact[0m
[36m</span>[39m

Ignored nodes: comments, script, style
[36m<span[39m
  [33mclass[39m=[32m"MuiChip-label MuiChip-labelSmall css-rrn746-MuiChip-label"[39m
[36m>[39m
  [0mReact[0m
[36m</span>[39m

Ignored nodes: comments, script, style
[36m<span[39m
  [33mclass[39m=[32m"MuiChip-label MuiChip-labelSmall css-rrn746-MuiChip-label"[39m
[36m>[39m
  [0mReact[0m
[36m</span>[39m

Ignored nodes: comments, script, style
[36m<span[39m
  [33mclass[39m=[32m"MuiChip-label MuiChip-labelSmall css-rrn746-MuiChip-label"[39m
[36m>[39m
  [0mReact[0m
[36m</span>[39m

Ignored nodes: comments, script, style
[36m<span[39m
  [33mclass[39m=[32m"MuiChip-label MuiChip-labelSmall css-rrn746-MuiChip-label"[39m
[36m>[39m
  [0mReact[0m
[36m</span>[39m

Ignored nodes: comments, script, style
[36m<span[39m
  [33mclass[39m=[32m"MuiChip-label MuiChip-labelSmall css-rrn746-MuiChip-label"[39m
[36m>[39m
  [0mReact[0m
[36m</span>[39m

Ignored nodes: comments, script, style
[36m<span[39m
  [33mclass[39m=[32m"MuiChip-label MuiChip-labelSmall css-rrn746-MuiChip-label"[39m
[36m>[39m
  [0mReact[0m
[36m</span>[39m

Ignored nodes: comments, script, style
[36m<span>[39m
  [0mReact[0m
[36m</span>[39m

(If this is intentional, then use the `*AllBy*` variant of the query (like `queryAllByText`, `getAllByText`, or `findAllByText`)).

Ignored nodes: comments, script, style
[36m<body[39m
  [33mstyle[39m=[32m"padding-right: 1024px; overflow: hidden;"[39m
[36m>[39m
  [36m<div[39m
    [33maria-hidden[39m=[32m"true"[39m
  [36m>[39m
    [36m<div[39m
      [33mclass[39m=[32m"MuiBox-root css-0"[39m
    [36m>[39m
      [36m<div[39m
        [33mclass[39m=[32m"MuiBox-root css-i3pbo"[39m
      [36m>[39m
        [36m<h5[39m
          [33mclass[39m=[32m"MuiTypography-root MuiTypography-h5 MuiTypography-gutterBottom css-1hkf4sh-MuiTypography-root"[39m
        [36m>[39m
          [0mPayment History[0m
        [36m</h5>[39m
        [36m<p[39m
          [33mclass[39m=[32m"MuiTypography-root MuiTypography-body2 css-xtz2xu-MuiTypography-root"[39m
        [36m>[39m
          [0m1[0m
          [0m payment[0m
          [0m found[0m
        [36m</p>[39m
      [36m</div>[39m
      [36m<div[39m
        [33mclass[39m=[32m"MuiGrid-root MuiGrid-container MuiGrid-spacing-xs-2 css-12rc5ck-MuiGrid-root"[39m
      [36m>[39m
        [36m<div[39m
          [33mclass[39m=[32m"MuiGrid-root MuiGrid-item MuiGrid-grid-xs-12 MuiGrid-grid-sm-6 MuiGrid-grid-md-3 css-10voxkt-MuiGrid-root"[39m
        [36m>[39m
          [36m<div[39m
            [33mclass[39m=[32m"MuiFormControl-root MuiFormControl-fullWidth MuiTextField-root css-18hear-MuiFormControl-root-MuiTextField-root"[39m
          [36m>[39m
            [36m<div[39m
              [33mclass[39m=[32m"MuiInputBase-root MuiOutlinedInput-root MuiInputBase-colorPrimary MuiInputBase-fullWidth MuiInputBase-formControl MuiInputBase-sizeSmall MuiInputBase-adornedStart css-1cj7mpt-MuiInputBase-root-MuiOutlinedInput-root"[39m
            [36m>[39m
              [36m<div[39m
                [33mclass[39m=[32m"MuiInputAdornment-root MuiInputAdornment-positionStart MuiInputAdornment-outlined MuiInputAdornment-sizeSmall css-ittuaa-MuiInputAdornment-root"[39m
              [36m>[39m
                [36m<span[39m
                  [33mclass[39m=[32m"notranslate"[39m
                [36m>[39m
                  [0m​[0m
                [36m</span>[39m
                [36m<svg[39m
                  [33maria-hidden[39m=[32m"true"[39m
                  [33mclass[39m=[32m"MuiSvgIcon-root MuiSvgIcon-fontSizeMedium css-i4bv87-MuiSvgIcon-root"[39m
                  [33mdata-testid[39m=[32m"SearchIcon"[39m
                  [33mfocusable[39m=[32m"false"[39m
                  [33mviewBox[39m=[32m"0 0 24 24"[39m
                [36m>[39m
                  [36m<path[39m
                    [33md[39m=[32m"M15.5 14h-.79l-.28-.27C15.41 12.59 16 11.11 16 9.5 16 5.91 13.09 3 9.5 3S3 5.91 3 9.5 5.91 16 9.5 16c1.61 0 3.09-.59 4.23-1.57l.27.28v.79l5 4.99L20.49 19zm-6 0C7.01 14 5 11.99 5 9.5S7.01 5 9.5 5 14 7.01 14 9.5 11.99 14 9.5 14"[39m
                  [36m/>[39m
                [36m</svg>[39m
              [36m</div>[39m
              [36m<input[39m
                [33maria-invalid[39m=[32m"false"[39m
                [33mclass[39m=[32m"MuiInputBase-input MuiOutlinedInput-input MuiInputBase-inputSizeSmall MuiInputBase-inputAdornedStart css-1ua80n0-MuiInputBase-input-MuiOutlinedInput-input"[39m
                [33mid[39m=[32m":rt:"[39m
                [33mplaceholder[39m=[32m"Search payments..."[39m
                [33mtype[39m=[32m"text"[39m
                [33mvalue[39m=[32m""[39m
              [36m/>[39m
              [36m<fieldset[39m
                [33maria-hidden[39m=[32m"true"[39m
                [33mclass[39m=[32m"MuiOutlinedInput-notchedOutline css-r01yff-MuiNotchedOutlined-root-MuiOutlinedInput-notchedOutline"[39m
              [36m>[39m
                [36m<legend[39m
                  [33mclass[39m=[32m"css-1whs34k-MuiNotchedOutlined-root"[39m
                [36m>[39m
                  [36m<span[39m
                    [33mclass[39m=[32m"notranslate"[39m
                  [36m>[39m
                    [0m​[0m
                  [36m</span>[39m
                [36m</legend>[39m
              [36m</fieldset>[39m
            [36m</div>[39m
          [36m</div>[39m
        [36m</div>[39m
        [36m<div[39m
          [33mclass[39m=[32m"MuiGrid-root MuiGrid-item MuiGrid-grid-xs-12 MuiGrid-grid-sm-6 MuiGrid-grid-md-3 css-10voxkt-MuiGrid-root"[39m
        [36m>[39m
          [36m<div[39m
            [33mclass[39m=[32m"MuiFormControl-root MuiFormControl-fullWidth css-q8hpuo-MuiFormControl-root"[39m
          [36m>[39m
            [36m<label[39m
              [33mclass[39m=[32m"MuiFormLabel-root MuiInputLabel-root MuiInputLabel-formControl MuiInputLabel-animated MuiInputLabel-shrink MuiInputLabel-sizeSmall MuiInputLabel-outlined MuiFormLabel-colorPrimary MuiFormLabel-filled MuiInputLabel-root MuiInputLabel-formControl MuiInputLabel-animated MuiInputLabel-shrink MuiInputLabel-sizeSmall MuiInputLabel-outlined css-fe0mau-MuiFormLabel-root-MuiInputLabel-root"[39m
              [33mdata-shrink[39m=[32m"true"[39m
            [36m>[39m
              [0mStatus[0m
            [36m</label>[39m
            [36m<div[39m
              [33mclass[39m=[32m"MuiInputBase-root MuiOutlinedInput-root MuiInputBase-colorPrimary MuiInputBase-formControl MuiInputBase-sizeSmall css-13lg1x7-MuiInputBase-root-MuiOutlinedInput-root-MuiSelect-root"[39m
            [36m>[39m
              [36m<div[39m
                [33maria-controls[39m=[32m":ru:"[39m
                [33maria-expanded[39m=[32m"false"[39m
                [33maria-haspopup[39m=[32m"listbox"[39m
                [33mclass[39m=[32m"MuiSelect-select MuiSelect-outlined MuiInputBase-input MuiOutlinedInput-input MuiInputBase-inputSizeSmall css-1fzjff4-MuiSelect-select-MuiInputBase-input-MuiOutlinedInput-input"[39m
                [33mrole[39m=[32m"combobox"[39m
                [33mtabindex[39m=[32m"0"[39m
              [36m>[39m
                [0mAll Statuses[0m
              [36m</div>[39m
              [36m<input[39m
                [33maria-hidden[39m=[32m"true"[39m
                [33maria-invalid[39m=[32m"false"[39m
                [33mclass[39m=[32m"MuiSelect-nativeInput css-yf8vq0-MuiSelect-nativeInput"[39m
                [33mtabindex[39m=[32m"-1"[39m
                [33mvalue[39m=[32m"all"[39m
              [36m/>[39m
              [36m<svg[39m
                [33maria-hidden[39m=[32m"true"[39m
                [33mclass[39m=[32m"MuiSvgIcon-root MuiSvgIcon-fontSizeMedium MuiSelect-icon MuiSelect-iconOutlined css-hfutr2-MuiSvgIcon-root-MuiSelect-icon"[39m
                [33mdata-testid[39m=[32m"ArrowDropDownIcon"[39m
                [33mfocusable[39m=[32m"false"[39m
                [33mviewBox[39m=[32m"0 0 24 24"[39m
              [36m>[39m
                [36m<path[39m
                  [33md[39m=[32m"M7 10l5 5 5-5z"[39m
                [36m/>[39m
              [36m</svg>[...
 ❯ Object.getElementError node_modules/@testing-library/react/node_modules/@testing-library/dom/dist/config.js:37:19
 ❯ getElementError node_modules/@testing-library/react/node_modules/@testing-library/dom/dist/query-helpers.js:20:35
 ❯ getMultipleElementsFoundError node_modules/@testing-library/react/node_modules/@testing-library/dom/dist/query-helpers.js:23:10
 ❯ node_modules/@testing-library/react/node_modules/@testing-library/dom/dist/query-helpers.js:55:13
 ❯ node_modules/@testing-library/react/node_modules/@testing-library/dom/dist/query-helpers.js:95:19
 ❯ src/test/profile.test.tsx:174:21
    172| 
    173|       expect(screen.getByText('Skills (3)')).toBeInTheDocument();
    174|       expect(screen.getByText('React')).toBeInTheDocument();
       |                     ^
    175|       expect(screen.getByText('Node.js')).toBeInTheDocument();
    176|       expect(screen.getByText('TypeScript')).toBeInTheDocument();

⎯⎯⎯⎯⎯⎯⎯⎯⎯⎯⎯⎯⎯⎯⎯⎯⎯⎯⎯⎯⎯⎯[21/66]⎯

 FAIL  src/test/profile.test.tsx > Profile Components > SkillsManager > shows skill rates when available
TestingLibraryElementError: Found multiple elements with the text: /\$60\/hr/

Here are the matching elements:

Ignored nodes: comments, script, style
[36m<span[39m
  [33mclass[39m=[32m"MuiBox-root css-1o5izto"[39m
[36m>[39m
  [0m$[0m
  [0m60[0m
  [0m/hr[0m
[36m</span>[39m

Ignored nodes: comments, script, style
[36m<span[39m
  [33mclass[39m=[32m"MuiBox-root css-1o5izto"[39m
[36m>[39m
  [0m$[0m
  [0m60[0m
  [0m/hr[0m
[36m</span>[39m

(If this is intentional, then use the `*AllBy*` variant of the query (like `queryAllByText`, `getAllByText`, or `findAllByText`)).

Ignored nodes: comments, script, style
[36m<body[39m
  [33mstyle[39m=[32m"padding-right: 1024px; overflow: hidden;"[39m
[36m>[39m
  [36m<div[39m
    [33maria-hidden[39m=[32m"true"[39m
  [36m>[39m
    [36m<div[39m
      [33mclass[39m=[32m"MuiBox-root css-0"[39m
    [36m>[39m
      [36m<div[39m
        [33mclass[39m=[32m"MuiBox-root css-i3pbo"[39m
      [36m>[39m
        [36m<h5[39m
          [33mclass[39m=[32m"MuiTypography-root MuiTypography-h5 MuiTypography-gutterBottom css-1hkf4sh-MuiTypography-root"[39m
        [36m>[39m
          [0mPayment History[0m
        [36m</h5>[39m
        [36m<p[39m
          [33mclass[39m=[32m"MuiTypography-root MuiTypography-body2 css-xtz2xu-MuiTypography-root"[39m
        [36m>[39m
          [0m1[0m
          [0m payment[0m
          [0m found[0m
        [36m</p>[39m
      [36m</div>[39m
      [36m<div[39m
        [33mclass[39m=[32m"MuiGrid-root MuiGrid-container MuiGrid-spacing-xs-2 css-12rc5ck-MuiGrid-root"[39m
      [36m>[39m
        [36m<div[39m
          [33mclass[39m=[32m"MuiGrid-root MuiGrid-item MuiGrid-grid-xs-12 MuiGrid-grid-sm-6 MuiGrid-grid-md-3 css-10voxkt-MuiGrid-root"[39m
        [36m>[39m
          [36m<div[39m
            [33mclass[39m=[32m"MuiFormControl-root MuiFormControl-fullWidth MuiTextField-root css-18hear-MuiFormControl-root-MuiTextField-root"[39m
          [36m>[39m
            [36m<div[39m
              [33mclass[39m=[32m"MuiInputBase-root MuiOutlinedInput-root MuiInputBase-colorPrimary MuiInputBase-fullWidth MuiInputBase-formControl MuiInputBase-sizeSmall MuiInputBase-adornedStart css-1cj7mpt-MuiInputBase-root-MuiOutlinedInput-root"[39m
            [36m>[39m
              [36m<div[39m
                [33mclass[39m=[32m"MuiInputAdornment-root MuiInputAdornment-positionStart MuiInputAdornment-outlined MuiInputAdornment-sizeSmall css-ittuaa-MuiInputAdornment-root"[39m
              [36m>[39m
                [36m<span[39m
                  [33mclass[39m=[32m"notranslate"[39m
                [36m>[39m
                  [0m​[0m
                [36m</span>[39m
                [36m<svg[39m
                  [33maria-hidden[39m=[32m"true"[39m
                  [33mclass[39m=[32m"MuiSvgIcon-root MuiSvgIcon-fontSizeMedium css-i4bv87-MuiSvgIcon-root"[39m
                  [33mdata-testid[39m=[32m"SearchIcon"[39m
                  [33mfocusable[39m=[32m"false"[39m
                  [33mviewBox[39m=[32m"0 0 24 24"[39m
                [36m>[39m
                  [36m<path[39m
                    [33md[39m=[32m"M15.5 14h-.79l-.28-.27C15.41 12.59 16 11.11 16 9.5 16 5.91 13.09 3 9.5 3S3 5.91 3 9.5 5.91 16 9.5 16c1.61 0 3.09-.59 4.23-1.57l.27.28v.79l5 4.99L20.49 19zm-6 0C7.01 14 5 11.99 5 9.5S7.01 5 9.5 5 14 7.01 14 9.5 11.99 14 9.5 14"[39m
                  [36m/>[39m
                [36m</svg>[39m
              [36m</div>[39m
              [36m<input[39m
                [33maria-invalid[39m=[32m"false"[39m
                [33mclass[39m=[32m"MuiInputBase-input MuiOutlinedInput-input MuiInputBase-inputSizeSmall MuiInputBase-inputAdornedStart css-1ua80n0-MuiInputBase-input-MuiOutlinedInput-input"[39m
                [33mid[39m=[32m":rt:"[39m
                [33mplaceholder[39m=[32m"Search payments..."[39m
                [33mtype[39m=[32m"text"[39m
                [33mvalue[39m=[32m""[39m
              [36m/>[39m
              [36m<fieldset[39m
                [33maria-hidden[39m=[32m"true"[39m
                [33mclass[39m=[32m"MuiOutlinedInput-notchedOutline css-r01yff-MuiNotchedOutlined-root-MuiOutlinedInput-notchedOutline"[39m
              [36m>[39m
                [36m<legend[39m
                  [33mclass[39m=[32m"css-1whs34k-MuiNotchedOutlined-root"[39m
                [36m>[39m
                  [36m<span[39m
                    [33mclass[39m=[32m"notranslate"[39m
                  [36m>[39m
                    [0m​[0m
                  [36m</span>[39m
                [36m</legend>[39m
              [36m</fieldset>[39m
            [36m</div>[39m
          [36m</div>[39m
        [36m</div>[39m
        [36m<div[39m
          [33mclass[39m=[32m"MuiGrid-root MuiGrid-item MuiGrid-grid-xs-12 MuiGrid-grid-sm-6 MuiGrid-grid-md-3 css-10voxkt-MuiGrid-root"[39m
        [36m>[39m
          [36m<div[39m
            [33mclass[39m=[32m"MuiFormControl-root MuiFormControl-fullWidth css-q8hpuo-MuiFormControl-root"[39m
          [36m>[39m
            [36m<label[39m
              [33mclass[39m=[32m"MuiFormLabel-root MuiInputLabel-root MuiInputLabel-formControl MuiInputLabel-animated MuiInputLabel-shrink MuiInputLabel-sizeSmall MuiInputLabel-outlined MuiFormLabel-colorPrimary MuiFormLabel-filled MuiInputLabel-root MuiInputLabel-formControl MuiInputLabel-animated MuiInputLabel-shrink MuiInputLabel-sizeSmall MuiInputLabel-outlined css-fe0mau-MuiFormLabel-root-MuiInputLabel-root"[39m
              [33mdata-shrink[39m=[32m"true"[39m
            [36m>[39m
              [0mStatus[0m
            [36m</label>[39m
            [36m<div[39m
              [33mclass[39m=[32m"MuiInputBase-root MuiOutlinedInput-root MuiInputBase-colorPrimary MuiInputBase-formControl MuiInputBase-sizeSmall css-13lg1x7-MuiInputBase-root-MuiOutlinedInput-root-MuiSelect-root"[39m
            [36m>[39m
              [36m<div[39m
                [33maria-controls[39m=[32m":ru:"[39m
                [33maria-expanded[39m=[32m"false"[39m
                [33maria-haspopup[39m=[32m"listbox"[39m
                [33mclass[39m=[32m"MuiSelect-select MuiSelect-outlined MuiInputBase-input MuiOutlinedInput-input MuiInputBase-inputSizeSmall css-1fzjff4-MuiSelect-select-MuiInputBase-input-MuiOutlinedInput-input"[39m
                [33mrole[39m=[32m"combobox"[39m
                [33mtabindex[39m=[32m"0"[39m
              [36m>[39m
                [0mAll Statuses[0m
              [36m</div>[39m
              [36m<input[39m
                [33maria-hidden[39m=[32m"true"[39m
                [33maria-invalid[39m=[32m"false"[39m
                [33mclass[39m=[32m"MuiSelect-nativeInput css-yf8vq0-MuiSelect-nativeInput"[39m
                [33mtabindex[39m=[32m"-1"[39m
                [33mvalue[39m=[32m"all"[39m
              [36m/>[39m
              [36m<svg[39m
                [33maria-hidden[39m=[32m"true"[39m
                [33mclass[39m=[32m"MuiSvgIcon-root MuiSvgIcon-fontSizeMedium MuiSelect-icon MuiSelect-iconOutlined css-hfutr2-MuiSvgIcon-root-MuiSelect-icon"[39m
                [33mdata-testid[39m=[32m"ArrowDropDownIcon"[39m
                [33mfocusable[39m=[32m"false"[39m
                [33mviewBox[39m=[32m"0 0 24 24"[39m
              [36m>[39m
                [36m<path[39m
                  [33md[39m=[32m"M7 10l5 5 5-5z"[39m
                [36m/>[39m
              [36m</svg>[...
 ❯ Object.getElementError node_modules/@testing-library/react/node_modules/@testing-library/dom/dist/config.js:37:19
 ❯ getElementError node_modules/@testing-library/react/node_modules/@testing-library/dom/dist/query-helpers.js:20:35
 ❯ getMultipleElementsFoundError node_modules/@testing-library/react/node_modules/@testing-library/dom/dist/query-helpers.js:23:10
 ❯ node_modules/@testing-library/react/node_modules/@testing-library/dom/dist/query-helpers.js:55:13
 ❯ node_modules/@testing-library/react/node_modules/@testing-library/dom/dist/query-helpers.js:95:19
 ❯ src/test/profile.test.tsx:190:21
    188| 
    189|       // React should show rate
    190|       expect(screen.getByText(/\$60\/hr/)).toBeInTheDocument();
       |                     ^
    191|       // Node.js should show rate
    192|       expect(screen.getByText(/\$55\/hr/)).toBeInTheDocument();

⎯⎯⎯⎯⎯⎯⎯⎯⎯⎯⎯⎯⎯⎯⎯⎯⎯⎯⎯⎯⎯⎯[22/66]⎯

 FAIL  src/test/profile.test.tsx > Profile Components > SkillsManager > opens add skill dialog when button clicked
TestingLibraryElementError: Found multiple elements with the text: Add Skill

Here are the matching elements:

Ignored nodes: comments, script, style
[36m<button[39m
  [33mclass[39m=[32m"MuiButtonBase-root MuiButton-root MuiButton-outlined MuiButton-outlinedPrimary MuiButton-sizeSmall MuiButton-outlinedSizeSmall MuiButton-colorPrimary MuiButton-root MuiButton-outlined MuiButton-outlinedPrimary MuiButton-sizeSmall MuiButton-outlinedSizeSmall MuiButton-colorPrimary css-1k23hlb-MuiButtonBase-root-MuiButton-root"[39m
  [33mtabindex[39m=[32m"0"[39m
  [33mtype[39m=[32m"button"[39m
[36m>[39m
  [36m<span[39m
    [33mclass[39m=[32m"MuiButton-icon MuiButton-startIcon MuiButton-iconSizeSmall css-y6rp3m-MuiButton-startIcon"[39m
  [36m>[39m
    [36m<svg[39m
      [33maria-hidden[39m=[32m"true"[39m
      [33mclass[39m=[32m"MuiSvgIcon-root MuiSvgIcon-fontSizeMedium css-i4bv87-MuiSvgIcon-root"[39m
      [33mdata-testid[39m=[32m"AddIcon"[39m
      [33mfocusable[39m=[32m"false"[39m
      [33mviewBox[39m=[32m"0 0 24 24"[39m
    [36m>[39m
      [36m<path[39m
        [33md[39m=[32m"M19 13h-6v6h-2v-6H5v-2h6V5h2v6h6z"[39m
      [36m/>[39m
    [36m</svg>[39m
  [36m</span>[39m
  [0mAdd Skill[0m
  [36m<span[39m
    [33mclass[39m=[32m"MuiTouchRipple-root css-8je8zh-MuiTouchRipple-root"[39m
  [36m/>[39m
[36m</button>[39m

Ignored nodes: comments, script, style
[36m<button[39m
  [33mclass[39m=[32m"MuiButtonBase-root MuiButton-root MuiButton-outlined MuiButton-outlinedPrimary MuiButton-sizeSmall MuiButton-outlinedSizeSmall MuiButton-colorPrimary MuiButton-root MuiButton-outlined MuiButton-outlinedPrimary MuiButton-sizeSmall MuiButton-outlinedSizeSmall MuiButton-colorPrimary css-1k23hlb-MuiButtonBase-root-MuiButton-root"[39m
  [33mtabindex[39m=[32m"0"[39m
  [33mtype[39m=[32m"button"[39m
[36m>[39m
  [36m<span[39m
    [33mclass[39m=[32m"MuiButton-icon MuiButton-startIcon MuiButton-iconSizeSmall css-y6rp3m-MuiButton-startIcon"[39m
  [36m>[39m
    [36m<svg[39m
      [33maria-hidden[39m=[32m"true"[39m
      [33mclass[39m=[32m"MuiSvgIcon-root MuiSvgIcon-fontSizeMedium css-i4bv87-MuiSvgIcon-root"[39m
      [33mdata-testid[39m=[32m"AddIcon"[39m
      [33mfocusable[39m=[32m"false"[39m
      [33mviewBox[39m=[32m"0 0 24 24"[39m
    [36m>[39m
      [36m<path[39m
        [33md[39m=[32m"M19 13h-6v6h-2v-6H5v-2h6V5h2v6h6z"[39m
      [36m/>[39m
    [36m</svg>[39m
  [36m</span>[39m
  [0mAdd Skill[0m
  [36m<span[39m
    [33mclass[39m=[32m"MuiTouchRipple-root css-8je8zh-MuiTouchRipple-root"[39m
  [36m/>[39m
[36m</button>[39m

(If this is intentional, then use the `*AllBy*` variant of the query (like `queryAllByText`, `getAllByText`, or `findAllByText`)).

Ignored nodes: comments, script, style
[36m<body[39m
  [33mstyle[39m=[32m"padding-right: 1024px; overflow: hidden;"[39m
[36m>[39m
  [36m<div[39m
    [33maria-hidden[39m=[32m"true"[39m
  [36m>[39m
    [36m<div[39m
      [33mclass[39m=[32m"MuiBox-root css-0"[39m
    [36m>[39m
      [36m<div[39m
        [33mclass[39m=[32m"MuiBox-root css-i3pbo"[39m
      [36m>[39m
        [36m<h5[39m
          [33mclass[39m=[32m"MuiTypography-root MuiTypography-h5 MuiTypography-gutterBottom css-1hkf4sh-MuiTypography-root"[39m
        [36m>[39m
          [0mPayment History[0m
        [36m</h5>[39m
        [36m<p[39m
          [33mclass[39m=[32m"MuiTypography-root MuiTypography-body2 css-xtz2xu-MuiTypography-root"[39m
        [36m>[39m
          [0m1[0m
          [0m payment[0m
          [0m found[0m
        [36m</p>[39m
      [36m</div>[39m
      [36m<div[39m
        [33mclass[39m=[32m"MuiGrid-root MuiGrid-container MuiGrid-spacing-xs-2 css-12rc5ck-MuiGrid-root"[39m
      [36m>[39m
        [36m<div[39m
          [33mclass[39m=[32m"MuiGrid-root MuiGrid-item MuiGrid-grid-xs-12 MuiGrid-grid-sm-6 MuiGrid-grid-md-3 css-10voxkt-MuiGrid-root"[39m
        [36m>[39m
          [36m<div[39m
            [33mclass[39m=[32m"MuiFormControl-root MuiFormControl-fullWidth MuiTextField-root css-18hear-MuiFormControl-root-MuiTextField-root"[39m
          [36m>[39m
            [36m<div[39m
              [33mclass[39m=[32m"MuiInputBase-root MuiOutlinedInput-root MuiInputBase-colorPrimary MuiInputBase-fullWidth MuiInputBase-formControl MuiInputBase-sizeSmall MuiInputBase-adornedStart css-1cj7mpt-MuiInputBase-root-MuiOutlinedInput-root"[39m
            [36m>[39m
              [36m<div[39m
                [33mclass[39m=[32m"MuiInputAdornment-root MuiInputAdornment-positionStart MuiInputAdornment-outlined MuiInputAdornment-sizeSmall css-ittuaa-MuiInputAdornment-root"[39m
              [36m>[39m
                [36m<span[39m
                  [33mclass[39m=[32m"notranslate"[39m
                [36m>[39m
                  [0m​[0m
                [36m</span>[39m
                [36m<svg[39m
                  [33maria-hidden[39m=[32m"true"[39m
                  [33mclass[39m=[32m"MuiSvgIcon-root MuiSvgIcon-fontSizeMedium css-i4bv87-MuiSvgIcon-root"[39m
                  [33mdata-testid[39m=[32m"SearchIcon"[39m
                  [33mfocusable[39m=[32m"false"[39m
                  [33mviewBox[39m=[32m"0 0 24 24"[39m
                [36m>[39m
                  [36m<path[39m
                    [33md[39m=[32m"M15.5 14h-.79l-.28-.27C15.41 12.59 16 11.11 16 9.5 16 5.91 13.09 3 9.5 3S3 5.91 3 9.5 5.91 16 9.5 16c1.61 0 3.09-.59 4.23-1.57l.27.28v.79l5 4.99L20.49 19zm-6 0C7.01 14 5 11.99 5 9.5S7.01 5 9.5 5 14 7.01 14 9.5 11.99 14 9.5 14"[39m
                  [36m/>[39m
                [36m</svg>[39m
              [36m</div>[39m
              [36m<input[39m
                [33maria-invalid[39m=[32m"false"[39m
                [33mclass[39m=[32m"MuiInputBase-input MuiOutlinedInput-input MuiInputBase-inputSizeSmall MuiInputBase-inputAdornedStart css-1ua80n0-MuiInputBase-input-MuiOutlinedInput-input"[39m
                [33mid[39m=[32m":rt:"[39m
                [33mplaceholder[39m=[32m"Search payments..."[39m
                [33mtype[39m=[32m"text"[39m
                [33mvalue[39m=[32m""[39m
              [36m/>[39m
              [36m<fieldset[39m
                [33maria-hidden[39m=[32m"true"[39m
                [33mclass[39m=[32m"MuiOutlinedInput-notchedOutline css-r01yff-MuiNotchedOutlined-root-MuiOutlinedInput-notchedOutline"[39m
              [36m>[39m
                [36m<legend[39m
                  [33mclass[39m=[32m"css-1whs34k-MuiNotchedOutlined-root"[39m
                [36m>[39m
                  [36m<span[39m
                    [33mclass[39m=[32m"notranslate"[39m
                  [36m>[39m
                    [0m​[0m
                  [36m</span>[39m
                [36m</legend>[39m
              [36m</fieldset>[39m
            [36m</div>[39m
          [36m</div>[39m
        [36m</div>[39m
        [36m<div[39m
          [33mclass[39m=[32m"MuiGrid-root MuiGrid-item MuiGrid-grid-xs-12 MuiGrid-grid-sm-6 MuiGrid-grid-md-3 css-10voxkt-MuiGrid-root"[39m
        [36m>[39m
          [36m<div[39m
            [33mclass[39m=[32m"MuiFormControl-root MuiFormControl-fullWidth css-q8hpuo-MuiFormControl-root"[39m
          [36m>[39m
            [36m<label[39m
              [33mclass[39m=[32m"MuiFormLabel-root MuiInputLabel-root MuiInputLabel-formControl MuiInputLabel-animated MuiInputLabel-shrink MuiInputLabel-sizeSmall MuiInputLabel-outlined MuiFormLabel-colorPrimary MuiFormLabel-filled MuiInputLabel-root MuiInputLabel-formControl MuiInputLabel-animated MuiInputLabel-shrink MuiInputLabel-sizeSmall MuiInputLabel-outlined css-fe0mau-MuiFormLabel-root-MuiInputLabel-root"[39m
              [33mdata-shrink[39m=[32m"true"[39m
            [36m>[39m
              [0mStatus[0m
            [36m</label>[39m
            [36m<div[39m
              [33mclass[39m=[32m"MuiInputBase-root MuiOutlinedInput-root MuiInputBase-colorPrimary MuiInputBase-formControl MuiInputBase-sizeSmall css-13lg1x7-MuiInputBase-root-MuiOutlinedInput-root-MuiSelect-root"[39m
            [36m>[39m
              [36m<div[39m
                [33maria-controls[39m=[32m":ru:"[39m
                [33maria-expanded[39m=[32m"false"[39m
                [33maria-haspopup[39m=[32m"listbox"[39m
                [33mclass[39m=[32m"MuiSelect-select MuiSelect-outlined MuiInputBase-input MuiOutlinedInput-input MuiInputBase-inputSizeSmall css-1fzjff4-MuiSelect-select-MuiInputBase-input-MuiOutlinedInput-input"[39m
                [33mrole[39m=[32m"combobox"[39m
                [33mtabindex[39m=[32m"0"[39m
              [36m>[39m
                [0mAll Statuses[0m
              [36m</div>[39m
              [36m<input[39m
                [33maria-hidden[39m=[32m"true"[39m
                [33maria-invalid[39m=[32m"false"[39m
                [33mclass[39m=[32m"MuiSelect-nativeInput css-yf8vq0-MuiSelect-nativeInput"[39m
                [33mtabindex[39m=[32m"-1"[39m
                [33mvalue[39m=[32m"all"[39m
              [36m/>[39m
              [36m<svg[39m
                [33maria-hidden[39m=[32m"true"[39m
                [33mclass[39m=[32m"MuiSvgIcon-root MuiSvgIcon-fontSizeMedium MuiSelect-icon MuiSelect-iconOutlined css-hfutr2-MuiSvgIcon-root-MuiSelect-icon"[39m
                [33mdata-testid[39m=[32m"ArrowDropDownIcon"[39m
                [33mfocusable[39m=[32m"false"[39m
                [33mviewBox[39m=[32m"0 0 24 24"[39m
              [36m>[39m
                [36m<path[39m
                  [33md[39m=[32m"M7 10l5 5 5-5z"[39m
                [36m/>[39m
              [36m</svg>[...
 ❯ Object.getElementError node_modules/@testing-library/react/node_modules/@testing-library/dom/dist/config.js:37:19
 ❯ getElementError node_modules/@testing-library/react/node_modules/@testing-library/dom/dist/query-helpers.js:20:35
 ❯ getMultipleElementsFoundError node_modules/@testing-library/react/node_modules/@testing-library/dom/dist/query-helpers.js:23:10
 ❯ node_modules/@testing-library/react/node_modules/@testing-library/dom/dist/query-helpers.js:55:13
 ❯ node_modules/@testing-library/react/node_modules/@testing-library/dom/dist/query-helpers.js:95:19
 ❯ src/test/profile.test.tsx:220:32
    218|       );
    219| 
    220|       const addButton = screen.getByText('Add Skill');
       |                                ^
    221|       fireEvent.click(addButton);
    222| 

⎯⎯⎯⎯⎯⎯⎯⎯⎯⎯⎯⎯⎯⎯⎯⎯⎯⎯⎯⎯⎯⎯[23/66]⎯

 FAIL  src/test/profile.test.tsx > Profile Components > FreelancerCard > renders freelancer information correctly
TestingLibraryElementError: Found multiple elements with the text: John Doe

Here are the matching elements:

Ignored nodes: comments, script, style
[36m<h1[39m
  [33mclass[39m=[32m"MuiTypography-root MuiTypography-h4 css-5lbw0b-MuiTypography-root"[39m
[36m>[39m
  [0mJohn[0m
  [0m [0m
  [0mDoe[0m
[36m</h1>[39m

Ignored nodes: comments, script, style
[36m<h1[39m
  [33mclass[39m=[32m"MuiTypography-root MuiTypography-h4 css-5lbw0b-MuiTypography-root"[39m
[36m>[39m
  [0mJohn[0m
  [0m [0m
  [0mDoe[0m
[36m</h1>[39m

Ignored nodes: comments, script, style
[36m<h1[39m
  [33mclass[39m=[32m"MuiTypography-root MuiTypography-h4 css-5lbw0b-MuiTypography-root"[39m
[36m>[39m
  [0mJohn[0m
  [0m [0m
  [0mDoe[0m
[36m</h1>[39m

Ignored nodes: comments, script, style
[36m<h1[39m
  [33mclass[39m=[32m"MuiTypography-root MuiTypography-h4 css-5lbw0b-MuiTypography-root"[39m
[36m>[39m
  [0mJohn[0m
  [0m [0m
  [0mDoe[0m
[36m</h1>[39m

Ignored nodes: comments, script, style
[36m<h1[39m
  [33mclass[39m=[32m"MuiTypography-root MuiTypography-h4 css-5lbw0b-MuiTypography-root"[39m
[36m>[39m
  [0mJohn[0m
  [0m [0m
  [0mDoe[0m
[36m</h1>[39m

Ignored nodes: comments, script, style
[36m<h3[39m
  [33mclass[39m=[32m"MuiTypography-root MuiTypography-h6 css-2ulfj5-MuiTypography-root"[39m
[36m>[39m
  [0mJohn[0m
  [0m [0m
  [0mDoe[0m
[36m</h3>[39m

(If this is intentional, then use the `*AllBy*` variant of the query (like `queryAllByText`, `getAllByText`, or `findAllByText`)).

Ignored nodes: comments, script, style
[36m<body[39m
  [33mstyle[39m=[32m"padding-right: 1024px; overflow: hidden;"[39m
[36m>[39m
  [36m<div[39m
    [33maria-hidden[39m=[32m"true"[39m
  [36m>[39m
    [36m<div[39m
      [33mclass[39m=[32m"MuiBox-root css-0"[39m
    [36m>[39m
      [36m<div[39m
        [33mclass[39m=[32m"MuiBox-root css-i3pbo"[39m
      [36m>[39m
        [36m<h5[39m
          [33mclass[39m=[32m"MuiTypography-root MuiTypography-h5 MuiTypography-gutterBottom css-1hkf4sh-MuiTypography-root"[39m
        [36m>[39m
          [0mPayment History[0m
        [36m</h5>[39m
        [36m<p[39m
          [33mclass[39m=[32m"MuiTypography-root MuiTypography-body2 css-xtz2xu-MuiTypography-root"[39m
        [36m>[39m
          [0m1[0m
          [0m payment[0m
          [0m found[0m
        [36m</p>[39m
      [36m</div>[39m
      [36m<div[39m
        [33mclass[39m=[32m"MuiGrid-root MuiGrid-container MuiGrid-spacing-xs-2 css-12rc5ck-MuiGrid-root"[39m
      [36m>[39m
        [36m<div[39m
          [33mclass[39m=[32m"MuiGrid-root MuiGrid-item MuiGrid-grid-xs-12 MuiGrid-grid-sm-6 MuiGrid-grid-md-3 css-10voxkt-MuiGrid-root"[39m
        [36m>[39m
          [36m<div[39m
            [33mclass[39m=[32m"MuiFormControl-root MuiFormControl-fullWidth MuiTextField-root css-18hear-MuiFormControl-root-MuiTextField-root"[39m
          [36m>[39m
            [36m<div[39m
              [33mclass[39m=[32m"MuiInputBase-root MuiOutlinedInput-root MuiInputBase-colorPrimary MuiInputBase-fullWidth MuiInputBase-formControl MuiInputBase-sizeSmall MuiInputBase-adornedStart css-1cj7mpt-MuiInputBase-root-MuiOutlinedInput-root"[39m
            [36m>[39m
              [36m<div[39m
                [33mclass[39m=[32m"MuiInputAdornment-root MuiInputAdornment-positionStart MuiInputAdornment-outlined MuiInputAdornment-sizeSmall css-ittuaa-MuiInputAdornment-root"[39m
              [36m>[39m
                [36m<span[39m
                  [33mclass[39m=[32m"notranslate"[39m
                [36m>[39m
                  [0m​[0m
                [36m</span>[39m
                [36m<svg[39m
                  [33maria-hidden[39m=[32m"true"[39m
                  [33mclass[39m=[32m"MuiSvgIcon-root MuiSvgIcon-fontSizeMedium css-i4bv87-MuiSvgIcon-root"[39m
                  [33mdata-testid[39m=[32m"SearchIcon"[39m
                  [33mfocusable[39m=[32m"false"[39m
                  [33mviewBox[39m=[32m"0 0 24 24"[39m
                [36m>[39m
                  [36m<path[39m
                    [33md[39m=[32m"M15.5 14h-.79l-.28-.27C15.41 12.59 16 11.11 16 9.5 16 5.91 13.09 3 9.5 3S3 5.91 3 9.5 5.91 16 9.5 16c1.61 0 3.09-.59 4.23-1.57l.27.28v.79l5 4.99L20.49 19zm-6 0C7.01 14 5 11.99 5 9.5S7.01 5 9.5 5 14 7.01 14 9.5 11.99 14 9.5 14"[39m
                  [36m/>[39m
                [36m</svg>[39m
              [36m</div>[39m
              [36m<input[39m
                [33maria-invalid[39m=[32m"false"[39m
                [33mclass[39m=[32m"MuiInputBase-input MuiOutlinedInput-input MuiInputBase-inputSizeSmall MuiInputBase-inputAdornedStart css-1ua80n0-MuiInputBase-input-MuiOutlinedInput-input"[39m
                [33mid[39m=[32m":rt:"[39m
                [33mplaceholder[39m=[32m"Search payments..."[39m
                [33mtype[39m=[32m"text"[39m
                [33mvalue[39m=[32m""[39m
              [36m/>[39m
              [36m<fieldset[39m
                [33maria-hidden[39m=[32m"true"[39m
                [33mclass[39m=[32m"MuiOutlinedInput-notchedOutline css-r01yff-MuiNotchedOutlined-root-MuiOutlinedInput-notchedOutline"[39m
              [36m>[39m
                [36m<legend[39m
                  [33mclass[39m=[32m"css-1whs34k-MuiNotchedOutlined-root"[39m
                [36m>[39m
                  [36m<span[39m
                    [33mclass[39m=[32m"notranslate"[39m
                  [36m>[39m
                    [0m​[0m
                  [36m</span>[39m
                [36m</legend>[39m
              [36m</fieldset>[39m
            [36m</div>[39m
          [36m</div>[39m
        [36m</div>[39m
        [36m<div[39m
          [33mclass[39m=[32m"MuiGrid-root MuiGrid-item MuiGrid-grid-xs-12 MuiGrid-grid-sm-6 MuiGrid-grid-md-3 css-10voxkt-MuiGrid-root"[39m
        [36m>[39m
          [36m<div[39m
            [33mclass[39m=[32m"MuiFormControl-root MuiFormControl-fullWidth css-q8hpuo-MuiFormControl-root"[39m
          [36m>[39m
            [36m<label[39m
              [33mclass[39m=[32m"MuiFormLabel-root MuiInputLabel-root MuiInputLabel-formControl MuiInputLabel-animated MuiInputLabel-shrink MuiInputLabel-sizeSmall MuiInputLabel-outlined MuiFormLabel-colorPrimary MuiFormLabel-filled MuiInputLabel-root MuiInputLabel-formControl MuiInputLabel-animated MuiInputLabel-shrink MuiInputLabel-sizeSmall MuiInputLabel-outlined css-fe0mau-MuiFormLabel-root-MuiInputLabel-root"[39m
              [33mdata-shrink[39m=[32m"true"[39m
            [36m>[39m
              [0mStatus[0m
            [36m</label>[39m
            [36m<div[39m
              [33mclass[39m=[32m"MuiInputBase-root MuiOutlinedInput-root MuiInputBase-colorPrimary MuiInputBase-formControl MuiInputBase-sizeSmall css-13lg1x7-MuiInputBase-root-MuiOutlinedInput-root-MuiSelect-root"[39m
            [36m>[39m
              [36m<div[39m
                [33maria-controls[39m=[32m":ru:"[39m
                [33maria-expanded[39m=[32m"false"[39m
                [33maria-haspopup[39m=[32m"listbox"[39m
                [33mclass[39m=[32m"MuiSelect-select MuiSelect-outlined MuiInputBase-input MuiOutlinedInput-input MuiInputBase-inputSizeSmall css-1fzjff4-MuiSelect-select-MuiInputBase-input-MuiOutlinedInput-input"[39m
                [33mrole[39m=[32m"combobox"[39m
                [33mtabindex[39m=[32m"0"[39m
              [36m>[39m
                [0mAll Statuses[0m
              [36m</div>[39m
              [36m<input[39m
                [33maria-hidden[39m=[32m"true"[39m
                [33maria-invalid[39m=[32m"false"[39m
                [33mclass[39m=[32m"MuiSelect-nativeInput css-yf8vq0-MuiSelect-nativeInput"[39m
                [33mtabindex[39m=[32m"-1"[39m
                [33mvalue[39m=[32m"all"[39m
              [36m/>[39m
              [36m<svg[39m
                [33maria-hidden[39m=[32m"true"[39m
                [33mclass[39m=[32m"MuiSvgIcon-root MuiSvgIcon-fontSizeMedium MuiSelect-icon MuiSelect-iconOutlined css-hfutr2-MuiSvgIcon-root-MuiSelect-icon"[39m
                [33mdata-testid[39m=[32m"ArrowDropDownIcon"[39m
                [33mfocusable[39m=[32m"false"[39m
                [33mviewBox[39m=[32m"0 0 24 24"[39m
              [36m>[39m
                [36m<path[39m
                  [33md[39m=[32m"M7 10l5 5 5-5z"[39m
                [36m/>[39m
              [36m</svg>[...
 ❯ Object.getElementError node_modules/@testing-library/react/node_modules/@testing-library/dom/dist/config.js:37:19
 ❯ getElementError node_modules/@testing-library/react/node_modules/@testing-library/dom/dist/query-helpers.js:20:35
 ❯ getMultipleElementsFoundError node_modules/@testing-library/react/node_modules/@testing-library/dom/dist/query-helpers.js:23:10
 ❯ node_modules/@testing-library/react/node_modules/@testing-library/dom/dist/query-helpers.js:55:13
 ❯ node_modules/@testing-library/react/node_modules/@testing-library/dom/dist/query-helpers.js:95:19
 ❯ src/test/profile.test.tsx:252:21
    250|       );
    251| 
    252|       expect(screen.getByText('John Doe')).toBeInTheDocument();
       |                     ^
    253|       expect(screen.getByText('Full Stack Developer')).toBeInTheDocume…
    254|       expect(screen.getByText('San Francisco, CA')).toBeInTheDocument(…

⎯⎯⎯⎯⎯⎯⎯⎯⎯⎯⎯⎯⎯⎯⎯⎯⎯⎯⎯⎯⎯⎯[24/66]⎯

 FAIL  src/test/profile.test.tsx > Profile Components > FreelancerCard > shows verified badge for verified freelancers
TestingLibraryElementError: Found multiple elements with the text of: Verified freelancer

Here are the matching elements:

Ignored nodes: comments, script, style
[36m<svg[39m
  [33maria-hidden[39m=[32m"true"[39m
  [33maria-label[39m=[32m"Verified freelancer"[39m
  [33mclass[39m=[32m"MuiSvgIcon-root MuiSvgIcon-colorPrimary MuiSvgIcon-fontSizeSmall css-1bptiuh-MuiSvgIcon-root"[39m
  [33mdata-mui-internal-clone-element[39m=[32m"true"[39m
  [33mdata-testid[39m=[32m"VerifiedIcon"[39m
  [33mfocusable[39m=[32m"false"[39m
  [33mviewBox[39m=[32m"0 0 24 24"[39m
[36m>[39m
  [36m<path[39m
    [33md[39m=[32m"m23 12-2.44-2.79.34-3.69-3.61-.82-1.89-3.2L12 2.96 8.6 1.5 6.71 4.69 3.1 5.5l.34 3.7L1 12l2.44 2.79-.34 3.7 3.61.82L8.6 22.5l3.4-1.47 3.4 1.46 1.89-3.19 3.61-.82-.34-3.69zm-12.91 4.72-3.8-3.81 1.48-1.48 2.32 2.33 5.85-5.87 1.48 1.48z"[39m
  [36m/>[39m
[36m</svg>[39m

Ignored nodes: comments, script, style
[36m<svg[39m
  [33maria-hidden[39m=[32m"true"[39m
  [33maria-label[39m=[32m"Verified freelancer"[39m
  [33mclass[39m=[32m"MuiSvgIcon-root MuiSvgIcon-colorPrimary MuiSvgIcon-fontSizeSmall css-1bptiuh-MuiSvgIcon-root"[39m
  [33mdata-mui-internal-clone-element[39m=[32m"true"[39m
  [33mdata-testid[39m=[32m"VerifiedIcon"[39m
  [33mfocusable[39m=[32m"false"[39m
  [33mviewBox[39m=[32m"0 0 24 24"[39m
[36m>[39m
  [36m<path[39m
    [33md[39m=[32m"m23 12-2.44-2.79.34-3.69-3.61-.82-1.89-3.2L12 2.96 8.6 1.5 6.71 4.69 3.1 5.5l.34 3.7L1 12l2.44 2.79-.34 3.7 3.61.82L8.6 22.5l3.4-1.47 3.4 1.46 1.89-3.19 3.61-.82-.34-3.69zm-12.91 4.72-3.8-3.81 1.48-1.48 2.32 2.33 5.85-5.87 1.48 1.48z"[39m
  [36m/>[39m
[36m</svg>[39m

Ignored nodes: comments, script, style
[36m<svg[39m
  [33maria-hidden[39m=[32m"true"[39m
  [33maria-label[39m=[32m"Verified freelancer"[39m
  [33mclass[39m=[32m"MuiSvgIcon-root MuiSvgIcon-colorPrimary MuiSvgIcon-fontSizeSmall css-1bptiuh-MuiSvgIcon-root"[39m
  [33mdata-mui-internal-clone-element[39m=[32m"true"[39m
  [33mdata-testid[39m=[32m"VerifiedIcon"[39m
  [33mfocusable[39m=[32m"false"[39m
  [33mviewBox[39m=[32m"0 0 24 24"[39m
[36m>[39m
  [36m<path[39m
    [33md[39m=[32m"m23 12-2.44-2.79.34-3.69-3.61-.82-1.89-3.2L12 2.96 8.6 1.5 6.71 4.69 3.1 5.5l.34 3.7L1 12l2.44 2.79-.34 3.7 3.61.82L8.6 22.5l3.4-1.47 3.4 1.46 1.89-3.19 3.61-.82-.34-3.69zm-12.91 4.72-3.8-3.81 1.48-1.48 2.32 2.33 5.85-5.87 1.48 1.48z"[39m
  [36m/>[39m
[36m</svg>[39m

(If this is intentional, then use the `*AllBy*` variant of the query (like `queryAllByText`, `getAllByText`, or `findAllByText`)).

Ignored nodes: comments, script, style
[36m<body[39m
  [33mstyle[39m=[32m"padding-right: 1024px; overflow: hidden;"[39m
[36m>[39m
  [36m<div[39m
    [33maria-hidden[39m=[32m"true"[39m
  [36m>[39m
    [36m<div[39m
      [33mclass[39m=[32m"MuiBox-root css-0"[39m
    [36m>[39m
      [36m<div[39m
        [33mclass[39m=[32m"MuiBox-root css-i3pbo"[39m
      [36m>[39m
        [36m<h5[39m
          [33mclass[39m=[32m"MuiTypography-root MuiTypography-h5 MuiTypography-gutterBottom css-1hkf4sh-MuiTypography-root"[39m
        [36m>[39m
          [0mPayment History[0m
        [36m</h5>[39m
        [36m<p[39m
          [33mclass[39m=[32m"MuiTypography-root MuiTypography-body2 css-xtz2xu-MuiTypography-root"[39m
        [36m>[39m
          [0m1[0m
          [0m payment[0m
          [0m found[0m
        [36m</p>[39m
      [36m</div>[39m
      [36m<div[39m
        [33mclass[39m=[32m"MuiGrid-root MuiGrid-container MuiGrid-spacing-xs-2 css-12rc5ck-MuiGrid-root"[39m
      [36m>[39m
        [36m<div[39m
          [33mclass[39m=[32m"MuiGrid-root MuiGrid-item MuiGrid-grid-xs-12 MuiGrid-grid-sm-6 MuiGrid-grid-md-3 css-10voxkt-MuiGrid-root"[39m
        [36m>[39m
          [36m<div[39m
            [33mclass[39m=[32m"MuiFormControl-root MuiFormControl-fullWidth MuiTextField-root css-18hear-MuiFormControl-root-MuiTextField-root"[39m
          [36m>[39m
            [36m<div[39m
              [33mclass[39m=[32m"MuiInputBase-root MuiOutlinedInput-root MuiInputBase-colorPrimary MuiInputBase-fullWidth MuiInputBase-formControl MuiInputBase-sizeSmall MuiInputBase-adornedStart css-1cj7mpt-MuiInputBase-root-MuiOutlinedInput-root"[39m
            [36m>[39m
              [36m<div[39m
                [33mclass[39m=[32m"MuiInputAdornment-root MuiInputAdornment-positionStart MuiInputAdornment-outlined MuiInputAdornment-sizeSmall css-ittuaa-MuiInputAdornment-root"[39m
              [36m>[39m
                [36m<span[39m
                  [33mclass[39m=[32m"notranslate"[39m
                [36m>[39m
                  [0m​[0m
                [36m</span>[39m
                [36m<svg[39m
                  [33maria-hidden[39m=[32m"true"[39m
                  [33mclass[39m=[32m"MuiSvgIcon-root MuiSvgIcon-fontSizeMedium css-i4bv87-MuiSvgIcon-root"[39m
                  [33mdata-testid[39m=[32m"SearchIcon"[39m
                  [33mfocusable[39m=[32m"false"[39m
                  [33mviewBox[39m=[32m"0 0 24 24"[39m
                [36m>[39m
                  [36m<path[39m
                    [33md[39m=[32m"M15.5 14h-.79l-.28-.27C15.41 12.59 16 11.11 16 9.5 16 5.91 13.09 3 9.5 3S3 5.91 3 9.5 5.91 16 9.5 16c1.61 0 3.09-.59 4.23-1.57l.27.28v.79l5 4.99L20.49 19zm-6 0C7.01 14 5 11.99 5 9.5S7.01 5 9.5 5 14 7.01 14 9.5 11.99 14 9.5 14"[39m
                  [36m/>[39m
                [36m</svg>[39m
              [36m</div>[39m
              [36m<input[39m
                [33maria-invalid[39m=[32m"false"[39m
                [33mclass[39m=[32m"MuiInputBase-input MuiOutlinedInput-input MuiInputBase-inputSizeSmall MuiInputBase-inputAdornedStart css-1ua80n0-MuiInputBase-input-MuiOutlinedInput-input"[39m
                [33mid[39m=[32m":rt:"[39m
                [33mplaceholder[39m=[32m"Search payments..."[39m
                [33mtype[39m=[32m"text"[39m
                [33mvalue[39m=[32m""[39m
              [36m/>[39m
              [36m<fieldset[39m
                [33maria-hidden[39m=[32m"true"[39m
                [33mclass[39m=[32m"MuiOutlinedInput-notchedOutline css-r01yff-MuiNotchedOutlined-root-MuiOutlinedInput-notchedOutline"[39m
              [36m>[39m
                [36m<legend[39m
                  [33mclass[39m=[32m"css-1whs34k-MuiNotchedOutlined-root"[39m
                [36m>[39m
                  [36m<span[39m
                    [33mclass[39m=[32m"notranslate"[39m
                  [36m>[39m
                    [0m​[0m
                  [36m</span>[39m
                [36m</legend>[39m
              [36m</fieldset>[39m
            [36m</div>[39m
          [36m</div>[39m
        [36m</div>[39m
        [36m<div[39m
          [33mclass[39m=[32m"MuiGrid-root MuiGrid-item MuiGrid-grid-xs-12 MuiGrid-grid-sm-6 MuiGrid-grid-md-3 css-10voxkt-MuiGrid-root"[39m
        [36m>[39m
          [36m<div[39m
            [33mclass[39m=[32m"MuiFormControl-root MuiFormControl-fullWidth css-q8hpuo-MuiFormControl-root"[39m
          [36m>[39m
            [36m<label[39m
              [33mclass[39m=[32m"MuiFormLabel-root MuiInputLabel-root MuiInputLabel-formControl MuiInputLabel-animated MuiInputLabel-shrink MuiInputLabel-sizeSmall MuiInputLabel-outlined MuiFormLabel-colorPrimary MuiFormLabel-filled MuiInputLabel-root MuiInputLabel-formControl MuiInputLabel-animated MuiInputLabel-shrink MuiInputLabel-sizeSmall MuiInputLabel-outlined css-fe0mau-MuiFormLabel-root-MuiInputLabel-root"[39m
              [33mdata-shrink[39m=[32m"true"[39m
            [36m>[39m
              [0mStatus[0m
            [36m</label>[39m
            [36m<div[39m
              [33mclass[39m=[32m"MuiInputBase-root MuiOutlinedInput-root MuiInputBase-colorPrimary MuiInputBase-formControl MuiInputBase-sizeSmall css-13lg1x7-MuiInputBase-root-MuiOutlinedInput-root-MuiSelect-root"[39m
            [36m>[39m
              [36m<div[39m
                [33maria-controls[39m=[32m":ru:"[39m
                [33maria-expanded[39m=[32m"false"[39m
                [33maria-haspopup[39m=[32m"listbox"[39m
                [33mclass[39m=[32m"MuiSelect-select MuiSelect-outlined MuiInputBase-input MuiOutlinedInput-input MuiInputBase-inputSizeSmall css-1fzjff4-MuiSelect-select-MuiInputBase-input-MuiOutlinedInput-input"[39m
                [33mrole[39m=[32m"combobox"[39m
                [33mtabindex[39m=[32m"0"[39m
              [36m>[39m
                [0mAll Statuses[0m
              [36m</div>[39m
              [36m<input[39m
                [33maria-hidden[39m=[32m"true"[39m
                [33maria-invalid[39m=[32m"false"[39m
                [33mclass[39m=[32m"MuiSelect-nativeInput css-yf8vq0-MuiSelect-nativeInput"[39m
                [33mtabindex[39m=[32m"-1"[39m
                [33mvalue[39m=[32m"all"[39m
              [36m/>[39m
              [36m<svg[39m
                [33maria-hidden[39m=[32m"true"[39m
                [33mclass[39m=[32m"MuiSvgIcon-root MuiSvgIcon-fontSizeMedium MuiSelect-icon MuiSelect-iconOutlined css-hfutr2-MuiSvgIcon-root-MuiSelect-icon"[39m
                [33mdata-testid[39m=[32m"ArrowDropDownIcon"[39m
                [33mfocusable[39m=[32m"false"[39m
                [33mviewBox[39m=[32m"0 0 24 24"[39m
              [36m>[39m
                [36m<path[39m
                  [33md[39m=[32m"M7 10l5 5 5-5z"[39m
                [36m/>[39m
              [36m</svg>[...
 ❯ Object.getElementError node_modules/@testing-library/react/node_modules/@testing-library/dom/dist/config.js:37:19
 ❯ getElementError node_modules/@testing-library/react/node_modules/@testing-library/dom/dist/query-helpers.js:20:35
 ❯ getMultipleElementsFoundError node_modules/@testing-library/react/node_modules/@testing-library/dom/dist/query-helpers.js:23:10
 ❯ node_modules/@testing-library/react/node_modules/@testing-library/dom/dist/query-helpers.js:55:13
 ❯ node_modules/@testing-library/react/node_modules/@testing-library/dom/dist/query-helpers.js:95:19
 ❯ src/test/profile.test.tsx:285:35
    283| 
    284|       // Check for verified icon (using aria-label attribute)
    285|       const verifiedIcon = screen.getByLabelText('Verified freelancer'…
       |                                   ^
    286|       expect(verifiedIcon).toBeInTheDocument();
    287|     });

⎯⎯⎯⎯⎯⎯⎯⎯⎯⎯⎯⎯⎯⎯⎯⎯⎯⎯⎯⎯⎯⎯[25/66]⎯

 FAIL  src/test/profile.test.tsx > Profile Components > FreelancerCard > has view profile link
TestingLibraryElementError: Found multiple elements with the text: View Profile

Here are the matching elements:

Ignored nodes: comments, script, style
[36m<a[39m
  [33mclass[39m=[32m"MuiButtonBase-root MuiButton-root MuiButton-contained MuiButton-containedPrimary MuiButton-sizeSmall MuiButton-containedSizeSmall MuiButton-colorPrimary MuiButton-root MuiButton-contained MuiButton-containedPrimary MuiButton-sizeSmall MuiButton-containedSizeSmall MuiButton-colorPrimary css-11qr2p8-MuiButtonBase-root-MuiButton-root"[39m
  [33mhref[39m=[32m"/freelancers/1"[39m
  [33mtabindex[39m=[32m"0"[39m
[36m>[39m
  [0mView Profile[0m
  [36m<span[39m
    [33mclass[39m=[32m"MuiTouchRipple-root css-8je8zh-MuiTouchRipple-root"[39m
  [36m/>[39m
[36m</a>[39m

Ignored nodes: comments, script, style
[36m<a[39m
  [33mclass[39m=[32m"MuiButtonBase-root MuiButton-root MuiButton-contained MuiButton-containedPrimary MuiButton-sizeSmall MuiButton-containedSizeSmall MuiButton-colorPrimary MuiButton-root MuiButton-contained MuiButton-containedPrimary MuiButton-sizeSmall MuiButton-containedSizeSmall MuiButton-colorPrimary css-11qr2p8-MuiButtonBase-root-MuiButton-root"[39m
  [33mhref[39m=[32m"/freelancers/1"[39m
  [33mtabindex[39m=[32m"0"[39m
[36m>[39m
  [0mView Profile[0m
  [36m<span[39m
    [33mclass[39m=[32m"MuiTouchRipple-root css-8je8zh-MuiTouchRipple-root"[39m
  [36m/>[39m
[36m</a>[39m

Ignored nodes: comments, script, style
[36m<a[39m
  [33mclass[39m=[32m"MuiButtonBase-root MuiButton-root MuiButton-contained MuiButton-containedPrimary MuiButton-sizeSmall MuiButton-containedSizeSmall MuiButton-colorPrimary MuiButton-root MuiButton-contained MuiButton-containedPrimary MuiButton-sizeSmall MuiButton-containedSizeSmall MuiButton-colorPrimary css-11qr2p8-MuiButtonBase-root-MuiButton-root"[39m
  [33mhref[39m=[32m"/freelancers/1"[39m
  [33mtabindex[39m=[32m"0"[39m
[36m>[39m
  [0mView Profile[0m
  [36m<span[39m
    [33mclass[39m=[32m"MuiTouchRipple-root css-8je8zh-MuiTouchRipple-root"[39m
  [36m/>[39m
[36m</a>[39m

Ignored nodes: comments, script, style
[36m<a[39m
  [33mclass[39m=[32m"MuiButtonBase-root MuiButton-root MuiButton-contained MuiButton-containedPrimary MuiButton-sizeSmall MuiButton-containedSizeSmall MuiButton-colorPrimary MuiButton-root MuiButton-contained MuiButton-containedPrimary MuiButton-sizeSmall MuiButton-containedSizeSmall MuiButton-colorPrimary css-11qr2p8-MuiButtonBase-root-MuiButton-root"[39m
  [33mhref[39m=[32m"/freelancers/1"[39m
  [33mtabindex[39m=[32m"0"[39m
[36m>[39m
  [0mView Profile[0m
  [36m<span[39m
    [33mclass[39m=[32m"MuiTouchRipple-root css-8je8zh-MuiTouchRipple-root"[39m
  [36m/>[39m
[36m</a>[39m

Ignored nodes: comments, script, style
[36m<a[39m
  [33mclass[39m=[32m"MuiButtonBase-root MuiButton-root MuiButton-contained MuiButton-containedPrimary MuiButton-sizeSmall MuiButton-containedSizeSmall MuiButton-colorPrimary MuiButton-root MuiButton-contained MuiButton-containedPrimary MuiButton-sizeSmall MuiButton-containedSizeSmall MuiButton-colorPrimary css-11qr2p8-MuiButtonBase-root-MuiButton-root"[39m
  [33mhref[39m=[32m"/freelancers/1"[39m
  [33mtabindex[39m=[32m"0"[39m
[36m>[39m
  [0mView Profile[0m
  [36m<span[39m
    [33mclass[39m=[32m"MuiTouchRipple-root css-8je8zh-MuiTouchRipple-root"[39m
  [36m/>[39m
[36m</a>[39m

Ignored nodes: comments, script, style
[36m<a[39m
  [33mclass[39m=[32m"MuiButtonBase-root MuiButton-root MuiButton-contained MuiButton-containedPrimary MuiButton-sizeSmall MuiButton-containedSizeSmall MuiButton-colorPrimary MuiButton-root MuiButton-contained MuiButton-containedPrimary MuiButton-sizeSmall MuiButton-containedSizeSmall MuiButton-colorPrimary css-11qr2p8-MuiButtonBase-root-MuiButton-root"[39m
  [33mhref[39m=[32m"/freelancers/1"[39m
  [33mtabindex[39m=[32m"0"[39m
[36m>[39m
  [0mView Profile[0m
  [36m<span[39m
    [33mclass[39m=[32m"MuiTouchRipple-root css-8je8zh-MuiTouchRipple-root"[39m
  [36m/>[39m
[36m</a>[39m

(If this is intentional, then use the `*AllBy*` variant of the query (like `queryAllByText`, `getAllByText`, or `findAllByText`)).

Ignored nodes: comments, script, style
[36m<body[39m
  [33mstyle[39m=[32m"padding-right: 1024px; overflow: hidden;"[39m
[36m>[39m
  [36m<div[39m
    [33maria-hidden[39m=[32m"true"[39m
  [36m>[39m
    [36m<div[39m
      [33mclass[39m=[32m"MuiBox-root css-0"[39m
    [36m>[39m
      [36m<div[39m
        [33mclass[39m=[32m"MuiBox-root css-i3pbo"[39m
      [36m>[39m
        [36m<h5[39m
          [33mclass[39m=[32m"MuiTypography-root MuiTypography-h5 MuiTypography-gutterBottom css-1hkf4sh-MuiTypography-root"[39m
        [36m>[39m
          [0mPayment History[0m
        [36m</h5>[39m
        [36m<p[39m
          [33mclass[39m=[32m"MuiTypography-root MuiTypography-body2 css-xtz2xu-MuiTypography-root"[39m
        [36m>[39m
          [0m1[0m
          [0m payment[0m
          [0m found[0m
        [36m</p>[39m
      [36m</div>[39m
      [36m<div[39m
        [33mclass[39m=[32m"MuiGrid-root MuiGrid-container MuiGrid-spacing-xs-2 css-12rc5ck-MuiGrid-root"[39m
      [36m>[39m
        [36m<div[39m
          [33mclass[39m=[32m"MuiGrid-root MuiGrid-item MuiGrid-grid-xs-12 MuiGrid-grid-sm-6 MuiGrid-grid-md-3 css-10voxkt-MuiGrid-root"[39m
        [36m>[39m
          [36m<div[39m
            [33mclass[39m=[32m"MuiFormControl-root MuiFormControl-fullWidth MuiTextField-root css-18hear-MuiFormControl-root-MuiTextField-root"[39m
          [36m>[39m
            [36m<div[39m
              [33mclass[39m=[32m"MuiInputBase-root MuiOutlinedInput-root MuiInputBase-colorPrimary MuiInputBase-fullWidth MuiInputBase-formControl MuiInputBase-sizeSmall MuiInputBase-adornedStart css-1cj7mpt-MuiInputBase-root-MuiOutlinedInput-root"[39m
            [36m>[39m
              [36m<div[39m
                [33mclass[39m=[32m"MuiInputAdornment-root MuiInputAdornment-positionStart MuiInputAdornment-outlined MuiInputAdornment-sizeSmall css-ittuaa-MuiInputAdornment-root"[39m
              [36m>[39m
                [36m<span[39m
                  [33mclass[39m=[32m"notranslate"[39m
                [36m>[39m
                  [0m​[0m
                [36m</span>[39m
                [36m<svg[39m
                  [33maria-hidden[39m=[32m"true"[39m
                  [33mclass[39m=[32m"MuiSvgIcon-root MuiSvgIcon-fontSizeMedium css-i4bv87-MuiSvgIcon-root"[39m
                  [33mdata-testid[39m=[32m"SearchIcon"[39m
                  [33mfocusable[39m=[32m"false"[39m
                  [33mviewBox[39m=[32m"0 0 24 24"[39m
                [36m>[39m
                  [36m<path[39m
                    [33md[39m=[32m"M15.5 14h-.79l-.28-.27C15.41 12.59 16 11.11 16 9.5 16 5.91 13.09 3 9.5 3S3 5.91 3 9.5 5.91 16 9.5 16c1.61 0 3.09-.59 4.23-1.57l.27.28v.79l5 4.99L20.49 19zm-6 0C7.01 14 5 11.99 5 9.5S7.01 5 9.5 5 14 7.01 14 9.5 11.99 14 9.5 14"[39m
                  [36m/>[39m
                [36m</svg>[39m
              [36m</div>[39m
              [36m<input[39m
                [33maria-invalid[39m=[32m"false"[39m
                [33mclass[39m=[32m"MuiInputBase-input MuiOutlinedInput-input MuiInputBase-inputSizeSmall MuiInputBase-inputAdornedStart css-1ua80n0-MuiInputBase-input-MuiOutlinedInput-input"[39m
                [33mid[39m=[32m":rt:"[39m
                [33mplaceholder[39m=[32m"Search payments..."[39m
                [33mtype[39m=[32m"text"[39m
                [33mvalue[39m=[32m""[39m
              [36m/>[39m
              [36m<fieldset[39m
                [33maria-hidden[39m=[32m"true"[39m
                [33mclass[39m=[32m"MuiOutlinedInput-notchedOutline css-r01yff-MuiNotchedOutlined-root-MuiOutlinedInput-notchedOutline"[39m
              [36m>[39m
                [36m<legend[39m
                  [33mclass[39m=[32m"css-1whs34k-MuiNotchedOutlined-root"[39m
                [36m>[39m
                  [36m<span[39m
                    [33mclass[39m=[32m"notranslate"[39m
                  [36m>[39m
                    [0m​[0m
                  [36m</span>[39m
                [36m</legend>[39m
              [36m</fieldset>[39m
            [36m</div>[39m
          [36m</div>[39m
        [36m</div>[39m
        [36m<div[39m
          [33mclass[39m=[32m"MuiGrid-root MuiGrid-item MuiGrid-grid-xs-12 MuiGrid-grid-sm-6 MuiGrid-grid-md-3 css-10voxkt-MuiGrid-root"[39m
        [36m>[39m
          [36m<div[39m
            [33mclass[39m=[32m"MuiFormControl-root MuiFormControl-fullWidth css-q8hpuo-MuiFormControl-root"[39m
          [36m>[39m
            [36m<label[39m
              [33mclass[39m=[32m"MuiFormLabel-root MuiInputLabel-root MuiInputLabel-formControl MuiInputLabel-animated MuiInputLabel-shrink MuiInputLabel-sizeSmall MuiInputLabel-outlined MuiFormLabel-colorPrimary MuiFormLabel-filled MuiInputLabel-root MuiInputLabel-formControl MuiInputLabel-animated MuiInputLabel-shrink MuiInputLabel-sizeSmall MuiInputLabel-outlined css-fe0mau-MuiFormLabel-root-MuiInputLabel-root"[39m
              [33mdata-shrink[39m=[32m"true"[39m
            [36m>[39m
              [0mStatus[0m
            [36m</label>[39m
            [36m<div[39m
              [33mclass[39m=[32m"MuiInputBase-root MuiOutlinedInput-root MuiInputBase-colorPrimary MuiInputBase-formControl MuiInputBase-sizeSmall css-13lg1x7-MuiInputBase-root-MuiOutlinedInput-root-MuiSelect-root"[39m
            [36m>[39m
              [36m<div[39m
                [33maria-controls[39m=[32m":ru:"[39m
                [33maria-expanded[39m=[32m"false"[39m
                [33maria-haspopup[39m=[32m"listbox"[39m
                [33mclass[39m=[32m"MuiSelect-select MuiSelect-outlined MuiInputBase-input MuiOutlinedInput-input MuiInputBase-inputSizeSmall css-1fzjff4-MuiSelect-select-MuiInputBase-input-MuiOutlinedInput-input"[39m
                [33mrole[39m=[32m"combobox"[39m
                [33mtabindex[39m=[32m"0"[39m
              [36m>[39m
                [0mAll Statuses[0m
              [36m</div>[39m
              [36m<input[39m
                [33maria-hidden[39m=[32m"true"[39m
                [33maria-invalid[39m=[32m"false"[39m
                [33mclass[39m=[32m"MuiSelect-nativeInput css-yf8vq0-MuiSelect-nativeInput"[39m
                [33mtabindex[39m=[32m"-1"[39m
                [33mvalue[39m=[32m"all"[39m
              [36m/>[39m
              [36m<svg[39m
                [33maria-hidden[39m=[32m"true"[39m
                [33mclass[39m=[32m"MuiSvgIcon-root MuiSvgIcon-fontSizeMedium MuiSelect-icon MuiSelect-iconOutlined css-hfutr2-MuiSvgIcon-root-MuiSelect-icon"[39m
                [33mdata-testid[39m=[32m"ArrowDropDownIcon"[39m
                [33mfocusable[39m=[32m"false"[39m
                [33mviewBox[39m=[32m"0 0 24 24"[39m
              [36m>[39m
                [36m<path[39m
                  [33md[39m=[32m"M7 10l5 5 5-5z"[39m
                [36m/>[39m
              [36m</svg>[...
 ❯ Object.getElementError node_modules/@testing-library/react/node_modules/@testing-library/dom/dist/config.js:37:19
 ❯ getElementError node_modules/@testing-library/react/node_modules/@testing-library/dom/dist/query-helpers.js:20:35
 ❯ getMultipleElementsFoundError node_modules/@testing-library/react/node_modules/@testing-library/dom/dist/query-helpers.js:23:10
 ❯ node_modules/@testing-library/react/node_modules/@testing-library/dom/dist/query-helpers.js:55:13
 ❯ node_modules/@testing-library/react/node_modules/@testing-library/dom/dist/query-helpers.js:95:19
 ❯ src/test/profile.test.tsx:334:38
    332|       );
    333| 
    334|       const viewProfileLink = screen.getByText('View Profile');
       |                                      ^
    335|       expect(viewProfileLink).toBeInTheDocument();
    336|       expect(viewProfileLink.closest('a')).toHaveAttribute('href', '/f…

⎯⎯⎯⎯⎯⎯⎯⎯⎯⎯⎯⎯⎯⎯⎯⎯⎯⎯⎯⎯⎯⎯[26/66]⎯

 FAIL  src/test/project.test.tsx > Project Components > ProjectCard > displays featured badge for featured projects
TestingLibraryElementError: Found multiple elements with the text: FEATURED

Here are the matching elements:

Ignored nodes: comments, script, style
[36m<div[39m
  [33mclass[39m=[32m"MuiBox-root css-9zj1wp"[39m
[36m>[39m
  [0mFEATURED[0m
[36m</div>[39m

Ignored nodes: comments, script, style
[36m<div[39m
  [33mclass[39m=[32m"MuiBox-root css-9zj1wp"[39m
[36m>[39m
  [0mFEATURED[0m
[36m</div>[39m

(If this is intentional, then use the `*AllBy*` variant of the query (like `queryAllByText`, `getAllByText`, or `findAllByText`)).

Ignored nodes: comments, script, style
[36m<body[39m
  [33mstyle[39m=[32m"padding-right: 1024px; overflow: hidden;"[39m
[36m>[39m
  [36m<div[39m
    [33maria-hidden[39m=[32m"true"[39m
  [36m>[39m
    [36m<div[39m
      [33mclass[39m=[32m"MuiBox-root css-0"[39m
    [36m>[39m
      [36m<div[39m
        [33mclass[39m=[32m"MuiBox-root css-i3pbo"[39m
      [36m>[39m
        [36m<h5[39m
          [33mclass[39m=[32m"MuiTypography-root MuiTypography-h5 MuiTypography-gutterBottom css-1hkf4sh-MuiTypography-root"[39m
        [36m>[39m
          [0mPayment History[0m
        [36m</h5>[39m
        [36m<p[39m
          [33mclass[39m=[32m"MuiTypography-root MuiTypography-body2 css-xtz2xu-MuiTypography-root"[39m
        [36m>[39m
          [0m1[0m
          [0m payment[0m
          [0m found[0m
        [36m</p>[39m
      [36m</div>[39m
      [36m<div[39m
        [33mclass[39m=[32m"MuiGrid-root MuiGrid-container MuiGrid-spacing-xs-2 css-12rc5ck-MuiGrid-root"[39m
      [36m>[39m
        [36m<div[39m
          [33mclass[39m=[32m"MuiGrid-root MuiGrid-item MuiGrid-grid-xs-12 MuiGrid-grid-sm-6 MuiGrid-grid-md-3 css-10voxkt-MuiGrid-root"[39m
        [36m>[39m
          [36m<div[39m
            [33mclass[39m=[32m"MuiFormControl-root MuiFormControl-fullWidth MuiTextField-root css-18hear-MuiFormControl-root-MuiTextField-root"[39m
          [36m>[39m
            [36m<div[39m
              [33mclass[39m=[32m"MuiInputBase-root MuiOutlinedInput-root MuiInputBase-colorPrimary MuiInputBase-fullWidth MuiInputBase-formControl MuiInputBase-sizeSmall MuiInputBase-adornedStart css-1cj7mpt-MuiInputBase-root-MuiOutlinedInput-root"[39m
            [36m>[39m
              [36m<div[39m
                [33mclass[39m=[32m"MuiInputAdornment-root MuiInputAdornment-positionStart MuiInputAdornment-outlined MuiInputAdornment-sizeSmall css-ittuaa-MuiInputAdornment-root"[39m
              [36m>[39m
                [36m<span[39m
                  [33mclass[39m=[32m"notranslate"[39m
                [36m>[39m
                  [0m​[0m
                [36m</span>[39m
                [36m<svg[39m
                  [33maria-hidden[39m=[32m"true"[39m
                  [33mclass[39m=[32m"MuiSvgIcon-root MuiSvgIcon-fontSizeMedium css-i4bv87-MuiSvgIcon-root"[39m
                  [33mdata-testid[39m=[32m"SearchIcon"[39m
                  [33mfocusable[39m=[32m"false"[39m
                  [33mviewBox[39m=[32m"0 0 24 24"[39m
                [36m>[39m
                  [36m<path[39m
                    [33md[39m=[32m"M15.5 14h-.79l-.28-.27C15.41 12.59 16 11.11 16 9.5 16 5.91 13.09 3 9.5 3S3 5.91 3 9.5 5.91 16 9.5 16c1.61 0 3.09-.59 4.23-1.57l.27.28v.79l5 4.99L20.49 19zm-6 0C7.01 14 5 11.99 5 9.5S7.01 5 9.5 5 14 7.01 14 9.5 11.99 14 9.5 14"[39m
                  [36m/>[39m
                [36m</svg>[39m
              [36m</div>[39m
              [36m<input[39m
                [33maria-invalid[39m=[32m"false"[39m
                [33mclass[39m=[32m"MuiInputBase-input MuiOutlinedInput-input MuiInputBase-inputSizeSmall MuiInputBase-inputAdornedStart css-1ua80n0-MuiInputBase-input-MuiOutlinedInput-input"[39m
                [33mid[39m=[32m":rt:"[39m
                [33mplaceholder[39m=[32m"Search payments..."[39m
                [33mtype[39m=[32m"text"[39m
                [33mvalue[39m=[32m""[39m
              [36m/>[39m
              [36m<fieldset[39m
                [33maria-hidden[39m=[32m"true"[39m
                [33mclass[39m=[32m"MuiOutlinedInput-notchedOutline css-r01yff-MuiNotchedOutlined-root-MuiOutlinedInput-notchedOutline"[39m
              [36m>[39m
                [36m<legend[39m
                  [33mclass[39m=[32m"css-1whs34k-MuiNotchedOutlined-root"[39m
                [36m>[39m
                  [36m<span[39m
                    [33mclass[39m=[32m"notranslate"[39m
                  [36m>[39m
                    [0m​[0m
                  [36m</span>[39m
                [36m</legend>[39m
              [36m</fieldset>[39m
            [36m</div>[39m
          [36m</div>[39m
        [36m</div>[39m
        [36m<div[39m
          [33mclass[39m=[32m"MuiGrid-root MuiGrid-item MuiGrid-grid-xs-12 MuiGrid-grid-sm-6 MuiGrid-grid-md-3 css-10voxkt-MuiGrid-root"[39m
        [36m>[39m
          [36m<div[39m
            [33mclass[39m=[32m"MuiFormControl-root MuiFormControl-fullWidth css-q8hpuo-MuiFormControl-root"[39m
          [36m>[39m
            [36m<label[39m
              [33mclass[39m=[32m"MuiFormLabel-root MuiInputLabel-root MuiInputLabel-formControl MuiInputLabel-animated MuiInputLabel-shrink MuiInputLabel-sizeSmall MuiInputLabel-outlined MuiFormLabel-colorPrimary MuiFormLabel-filled MuiInputLabel-root MuiInputLabel-formControl MuiInputLabel-animated MuiInputLabel-shrink MuiInputLabel-sizeSmall MuiInputLabel-outlined css-fe0mau-MuiFormLabel-root-MuiInputLabel-root"[39m
              [33mdata-shrink[39m=[32m"true"[39m
            [36m>[39m
              [0mStatus[0m
            [36m</label>[39m
            [36m<div[39m
              [33mclass[39m=[32m"MuiInputBase-root MuiOutlinedInput-root MuiInputBase-colorPrimary MuiInputBase-formControl MuiInputBase-sizeSmall css-13lg1x7-MuiInputBase-root-MuiOutlinedInput-root-MuiSelect-root"[39m
            [36m>[39m
              [36m<div[39m
                [33maria-controls[39m=[32m":ru:"[39m
                [33maria-expanded[39m=[32m"false"[39m
                [33maria-haspopup[39m=[32m"listbox"[39m
                [33mclass[39m=[32m"MuiSelect-select MuiSelect-outlined MuiInputBase-input MuiOutlinedInput-input MuiInputBase-inputSizeSmall css-1fzjff4-MuiSelect-select-MuiInputBase-input-MuiOutlinedInput-input"[39m
                [33mrole[39m=[32m"combobox"[39m
                [33mtabindex[39m=[32m"0"[39m
              [36m>[39m
                [0mAll Statuses[0m
              [36m</div>[39m
              [36m<input[39m
                [33maria-hidden[39m=[32m"true"[39m
                [33maria-invalid[39m=[32m"false"[39m
                [33mclass[39m=[32m"MuiSelect-nativeInput css-yf8vq0-MuiSelect-nativeInput"[39m
                [33mtabindex[39m=[32m"-1"[39m
                [33mvalue[39m=[32m"all"[39m
              [36m/>[39m
              [36m<svg[39m
                [33maria-hidden[39m=[32m"true"[39m
                [33mclass[39m=[32m"MuiSvgIcon-root MuiSvgIcon-fontSizeMedium MuiSelect-icon MuiSelect-iconOutlined css-hfutr2-MuiSvgIcon-root-MuiSelect-icon"[39m
                [33mdata-testid[39m=[32m"ArrowDropDownIcon"[39m
                [33mfocusable[39m=[32m"false"[39m
                [33mviewBox[39m=[32m"0 0 24 24"[39m
              [36m>[39m
                [36m<path[39m
                  [33md[39m=[32m"M7 10l5 5 5-5z"[39m
                [36m/>[39m
              [36m</svg>[...
 ❯ Object.getElementError node_modules/@testing-library/react/node_modules/@testing-library/dom/dist/config.js:37:19
 ❯ getElementError node_modules/@testing-library/react/node_modules/@testing-library/dom/dist/query-helpers.js:20:35
 ❯ getMultipleElementsFoundError node_modules/@testing-library/react/node_modules/@testing-library/dom/dist/query-helpers.js:23:10
 ❯ node_modules/@testing-library/react/node_modules/@testing-library/dom/dist/query-helpers.js:55:13
 ❯ node_modules/@testing-library/react/node_modules/@testing-library/dom/dist/query-helpers.js:95:19
 ❯ src/test/project.test.tsx:129:21
    127|       );
    128| 
    129|       expect(screen.getByText('FEATURED')).toBeInTheDocument();
       |                     ^
    130|     });
    131| 

⎯⎯⎯⎯⎯⎯⎯⎯⎯⎯⎯⎯⎯⎯⎯⎯⎯⎯⎯⎯⎯⎯[27/66]⎯

 FAIL  src/test/project.test.tsx > Project Components > ProjectCard > shows urgent flag for urgent projects
TestingLibraryElementError: Unable to find an element with the title: Urgent project.

Ignored nodes: comments, script, style
[36m<body[39m
  [33mstyle[39m=[32m"padding-right: 1024px; overflow: hidden;"[39m
[36m>[39m
  [36m<div[39m
    [33maria-hidden[39m=[32m"true"[39m
  [36m>[39m
    [36m<div[39m
      [33mclass[39m=[32m"MuiBox-root css-0"[39m
    [36m>[39m
      [36m<div[39m
        [33mclass[39m=[32m"MuiBox-root css-i3pbo"[39m
      [36m>[39m
        [36m<h5[39m
          [33mclass[39m=[32m"MuiTypography-root MuiTypography-h5 MuiTypography-gutterBottom css-1hkf4sh-MuiTypography-root"[39m
        [36m>[39m
          [0mPayment History[0m
        [36m</h5>[39m
        [36m<p[39m
          [33mclass[39m=[32m"MuiTypography-root MuiTypography-body2 css-xtz2xu-MuiTypography-root"[39m
        [36m>[39m
          [0m1[0m
          [0m payment[0m
          [0m found[0m
        [36m</p>[39m
      [36m</div>[39m
      [36m<div[39m
        [33mclass[39m=[32m"MuiGrid-root MuiGrid-container MuiGrid-spacing-xs-2 css-12rc5ck-MuiGrid-root"[39m
      [36m>[39m
        [36m<div[39m
          [33mclass[39m=[32m"MuiGrid-root MuiGrid-item MuiGrid-grid-xs-12 MuiGrid-grid-sm-6 MuiGrid-grid-md-3 css-10voxkt-MuiGrid-root"[39m
        [36m>[39m
          [36m<div[39m
            [33mclass[39m=[32m"MuiFormControl-root MuiFormControl-fullWidth MuiTextField-root css-18hear-MuiFormControl-root-MuiTextField-root"[39m
          [36m>[39m
            [36m<div[39m
              [33mclass[39m=[32m"MuiInputBase-root MuiOutlinedInput-root MuiInputBase-colorPrimary MuiInputBase-fullWidth MuiInputBase-formControl MuiInputBase-sizeSmall MuiInputBase-adornedStart css-1cj7mpt-MuiInputBase-root-MuiOutlinedInput-root"[39m
            [36m>[39m
              [36m<div[39m
                [33mclass[39m=[32m"MuiInputAdornment-root MuiInputAdornment-positionStart MuiInputAdornment-outlined MuiInputAdornment-sizeSmall css-ittuaa-MuiInputAdornment-root"[39m
              [36m>[39m
                [36m<span[39m
                  [33mclass[39m=[32m"notranslate"[39m
                [36m>[39m
                  [0m​[0m
                [36m</span>[39m
                [36m<svg[39m
                  [33maria-hidden[39m=[32m"true"[39m
                  [33mclass[39m=[32m"MuiSvgIcon-root MuiSvgIcon-fontSizeMedium css-i4bv87-MuiSvgIcon-root"[39m
                  [33mdata-testid[39m=[32m"SearchIcon"[39m
                  [33mfocusable[39m=[32m"false"[39m
                  [33mviewBox[39m=[32m"0 0 24 24"[39m
                [36m>[39m
                  [36m<path[39m
                    [33md[39m=[32m"M15.5 14h-.79l-.28-.27C15.41 12.59 16 11.11 16 9.5 16 5.91 13.09 3 9.5 3S3 5.91 3 9.5 5.91 16 9.5 16c1.61 0 3.09-.59 4.23-1.57l.27.28v.79l5 4.99L20.49 19zm-6 0C7.01 14 5 11.99 5 9.5S7.01 5 9.5 5 14 7.01 14 9.5 11.99 14 9.5 14"[39m
                  [36m/>[39m
                [36m</svg>[39m
              [36m</div>[39m
              [36m<input[39m
                [33maria-invalid[39m=[32m"false"[39m
                [33mclass[39m=[32m"MuiInputBase-input MuiOutlinedInput-input MuiInputBase-inputSizeSmall MuiInputBase-inputAdornedStart css-1ua80n0-MuiInputBase-input-MuiOutlinedInput-input"[39m
                [33mid[39m=[32m":rt:"[39m
                [33mplaceholder[39m=[32m"Search payments..."[39m
                [33mtype[39m=[32m"text"[39m
                [33mvalue[39m=[32m""[39m
              [36m/>[39m
              [36m<fieldset[39m
                [33maria-hidden[39m=[32m"true"[39m
                [33mclass[39m=[32m"MuiOutlinedInput-notchedOutline css-r01yff-MuiNotchedOutlined-root-MuiOutlinedInput-notchedOutline"[39m
              [36m>[39m
                [36m<legend[39m
                  [33mclass[39m=[32m"css-1whs34k-MuiNotchedOutlined-root"[39m
                [36m>[39m
                  [36m<span[39m
                    [33mclass[39m=[32m"notranslate"[39m
                  [36m>[39m
                    [0m​[0m
                  [36m</span>[39m
                [36m</legend>[39m
              [36m</fieldset>[39m
            [36m</div>[39m
          [36m</div>[39m
        [36m</div>[39m
        [36m<div[39m
          [33mclass[39m=[32m"MuiGrid-root MuiGrid-item MuiGrid-grid-xs-12 MuiGrid-grid-sm-6 MuiGrid-grid-md-3 css-10voxkt-MuiGrid-root"[39m
        [36m>[39m
          [36m<div[39m
            [33mclass[39m=[32m"MuiFormControl-root MuiFormControl-fullWidth css-q8hpuo-MuiFormControl-root"[39m
          [36m>[39m
            [36m<label[39m
              [33mclass[39m=[32m"MuiFormLabel-root MuiInputLabel-root MuiInputLabel-formControl MuiInputLabel-animated MuiInputLabel-shrink MuiInputLabel-sizeSmall MuiInputLabel-outlined MuiFormLabel-colorPrimary MuiFormLabel-filled MuiInputLabel-root MuiInputLabel-formControl MuiInputLabel-animated MuiInputLabel-shrink MuiInputLabel-sizeSmall MuiInputLabel-outlined css-fe0mau-MuiFormLabel-root-MuiInputLabel-root"[39m
              [33mdata-shrink[39m=[32m"true"[39m
            [36m>[39m
              [0mStatus[0m
            [36m</label>[39m
            [36m<div[39m
              [33mclass[39m=[32m"MuiInputBase-root MuiOutlinedInput-root MuiInputBase-colorPrimary MuiInputBase-formControl MuiInputBase-sizeSmall css-13lg1x7-MuiInputBase-root-MuiOutlinedInput-root-MuiSelect-root"[39m
            [36m>[39m
              [36m<div[39m
                [33maria-controls[39m=[32m":ru:"[39m
                [33maria-expanded[39m=[32m"false"[39m
                [33maria-haspopup[39m=[32m"listbox"[39m
                [33mclass[39m=[32m"MuiSelect-select MuiSelect-outlined MuiInputBase-input MuiOutlinedInput-input MuiInputBase-inputSizeSmall css-1fzjff4-MuiSelect-select-MuiInputBase-input-MuiOutlinedInput-input"[39m
                [33mrole[39m=[32m"combobox"[39m
                [33mtabindex[39m=[32m"0"[39m
              [36m>[39m
                [0mAll Statuses[0m
              [36m</div>[39m
              [36m<input[39m
                [33maria-hidden[39m=[32m"true"[39m
                [33maria-invalid[39m=[32m"false"[39m
                [33mclass[39m=[32m"MuiSelect-nativeInput css-yf8vq0-MuiSelect-nativeInput"[39m
                [33mtabindex[39m=[32m"-1"[39m
                [33mvalue[39m=[32m"all"[39m
              [36m/>[39m
              [36m<svg[39m
                [33maria-hidden[39m=[32m"true"[39m
                [33mclass[39m=[32m"MuiSvgIcon-root MuiSvgIcon-fontSizeMedium MuiSelect-icon MuiSelect-iconOutlined css-hfutr2-MuiSvgIcon-root-MuiSelect-icon"[39m
                [33mdata-testid[39m=[32m"ArrowDropDownIcon"[39m
                [33mfocusable[39m=[32m"false"[39m
                [33mviewBox[39m=[32m"0 0 24 24"[39m
              [36m>[39m
                [36m<path[39m
                  [33md[39m=[32m"M7 10l5 5 5-5z"[39m
                [36m/>[39m
              [36m</svg>[...
 ❯ Object.getElementError node_modules/@testing-library/react/node_modules/@testing-library/dom/dist/config.js:37:19
 ❯ node_modules/@testing-library/react/node_modules/@testing-library/dom/dist/query-helpers.js:76:38
 ❯ node_modules/@testing-library/react/node_modules/@testing-library/dom/dist/query-helpers.js:52:17
 ❯ node_modules/@testing-library/react/node_modules/@testing-library/dom/dist/query-helpers.js:95:19
 ❯ src/test/project.test.tsx:142:33
    140| 
    141|       // Check for urgent flag icon (using title attribute)
    142|       const urgentIcon = screen.getByTitle('Urgent project');
       |                                 ^
    143|       expect(urgentIcon).toBeInTheDocument();
    144|     });

⎯⎯⎯⎯⎯⎯⎯⎯⎯⎯⎯⎯⎯⎯⎯⎯⎯⎯⎯⎯⎯⎯[28/66]⎯

 FAIL  src/test/project.test.tsx > Project Components > ProjectCard > displays skills with overflow indicator
TestingLibraryElementError: Found multiple elements with the text: React

Here are the matching elements:

Ignored nodes: comments, script, style
[36m<span[39m
  [33mclass[39m=[32m"MuiChip-label MuiChip-labelSmall css-rrn746-MuiChip-label"[39m
[36m>[39m
  [0mReact[0m
[36m</span>[39m

Ignored nodes: comments, script, style
[36m<span[39m
  [33mclass[39m=[32m"MuiChip-label MuiChip-labelSmall css-rrn746-MuiChip-label"[39m
[36m>[39m
  [0mReact[0m
[36m</span>[39m

Ignored nodes: comments, script, style
[36m<span[39m
  [33mclass[39m=[32m"MuiChip-label MuiChip-labelSmall css-rrn746-MuiChip-label"[39m
[36m>[39m
  [0mReact[0m
[36m</span>[39m

Ignored nodes: comments, script, style
[36m<span[39m
  [33mclass[39m=[32m"MuiChip-label MuiChip-labelSmall css-rrn746-MuiChip-label"[39m
[36m>[39m
  [0mReact[0m
[36m</span>[39m

(If this is intentional, then use the `*AllBy*` variant of the query (like `queryAllByText`, `getAllByText`, or `findAllByText`)).

Ignored nodes: comments, script, style
[36m<body[39m
  [33mstyle[39m=[32m"padding-right: 1024px; overflow: hidden;"[39m
[36m>[39m
  [36m<div[39m
    [33maria-hidden[39m=[32m"true"[39m
  [36m>[39m
    [36m<div[39m
      [33mclass[39m=[32m"MuiBox-root css-0"[39m
    [36m>[39m
      [36m<div[39m
        [33mclass[39m=[32m"MuiBox-root css-i3pbo"[39m
      [36m>[39m
        [36m<h5[39m
          [33mclass[39m=[32m"MuiTypography-root MuiTypography-h5 MuiTypography-gutterBottom css-1hkf4sh-MuiTypography-root"[39m
        [36m>[39m
          [0mPayment History[0m
        [36m</h5>[39m
        [36m<p[39m
          [33mclass[39m=[32m"MuiTypography-root MuiTypography-body2 css-xtz2xu-MuiTypography-root"[39m
        [36m>[39m
          [0m1[0m
          [0m payment[0m
          [0m found[0m
        [36m</p>[39m
      [36m</div>[39m
      [36m<div[39m
        [33mclass[39m=[32m"MuiGrid-root MuiGrid-container MuiGrid-spacing-xs-2 css-12rc5ck-MuiGrid-root"[39m
      [36m>[39m
        [36m<div[39m
          [33mclass[39m=[32m"MuiGrid-root MuiGrid-item MuiGrid-grid-xs-12 MuiGrid-grid-sm-6 MuiGrid-grid-md-3 css-10voxkt-MuiGrid-root"[39m
        [36m>[39m
          [36m<div[39m
            [33mclass[39m=[32m"MuiFormControl-root MuiFormControl-fullWidth MuiTextField-root css-18hear-MuiFormControl-root-MuiTextField-root"[39m
          [36m>[39m
            [36m<div[39m
              [33mclass[39m=[32m"MuiInputBase-root MuiOutlinedInput-root MuiInputBase-colorPrimary MuiInputBase-fullWidth MuiInputBase-formControl MuiInputBase-sizeSmall MuiInputBase-adornedStart css-1cj7mpt-MuiInputBase-root-MuiOutlinedInput-root"[39m
            [36m>[39m
              [36m<div[39m
                [33mclass[39m=[32m"MuiInputAdornment-root MuiInputAdornment-positionStart MuiInputAdornment-outlined MuiInputAdornment-sizeSmall css-ittuaa-MuiInputAdornment-root"[39m
              [36m>[39m
                [36m<span[39m
                  [33mclass[39m=[32m"notranslate"[39m
                [36m>[39m
                  [0m​[0m
                [36m</span>[39m
                [36m<svg[39m
                  [33maria-hidden[39m=[32m"true"[39m
                  [33mclass[39m=[32m"MuiSvgIcon-root MuiSvgIcon-fontSizeMedium css-i4bv87-MuiSvgIcon-root"[39m
                  [33mdata-testid[39m=[32m"SearchIcon"[39m
                  [33mfocusable[39m=[32m"false"[39m
                  [33mviewBox[39m=[32m"0 0 24 24"[39m
                [36m>[39m
                  [36m<path[39m
                    [33md[39m=[32m"M15.5 14h-.79l-.28-.27C15.41 12.59 16 11.11 16 9.5 16 5.91 13.09 3 9.5 3S3 5.91 3 9.5 5.91 16 9.5 16c1.61 0 3.09-.59 4.23-1.57l.27.28v.79l5 4.99L20.49 19zm-6 0C7.01 14 5 11.99 5 9.5S7.01 5 9.5 5 14 7.01 14 9.5 11.99 14 9.5 14"[39m
                  [36m/>[39m
                [36m</svg>[39m
              [36m</div>[39m
              [36m<input[39m
                [33maria-invalid[39m=[32m"false"[39m
                [33mclass[39m=[32m"MuiInputBase-input MuiOutlinedInput-input MuiInputBase-inputSizeSmall MuiInputBase-inputAdornedStart css-1ua80n0-MuiInputBase-input-MuiOutlinedInput-input"[39m
                [33mid[39m=[32m":rt:"[39m
                [33mplaceholder[39m=[32m"Search payments..."[39m
                [33mtype[39m=[32m"text"[39m
                [33mvalue[39m=[32m""[39m
              [36m/>[39m
              [36m<fieldset[39m
                [33maria-hidden[39m=[32m"true"[39m
                [33mclass[39m=[32m"MuiOutlinedInput-notchedOutline css-r01yff-MuiNotchedOutlined-root-MuiOutlinedInput-notchedOutline"[39m
              [36m>[39m
                [36m<legend[39m
                  [33mclass[39m=[32m"css-1whs34k-MuiNotchedOutlined-root"[39m
                [36m>[39m
                  [36m<span[39m
                    [33mclass[39m=[32m"notranslate"[39m
                  [36m>[39m
                    [0m​[0m
                  [36m</span>[39m
                [36m</legend>[39m
              [36m</fieldset>[39m
            [36m</div>[39m
          [36m</div>[39m
        [36m</div>[39m
        [36m<div[39m
          [33mclass[39m=[32m"MuiGrid-root MuiGrid-item MuiGrid-grid-xs-12 MuiGrid-grid-sm-6 MuiGrid-grid-md-3 css-10voxkt-MuiGrid-root"[39m
        [36m>[39m
          [36m<div[39m
            [33mclass[39m=[32m"MuiFormControl-root MuiFormControl-fullWidth css-q8hpuo-MuiFormControl-root"[39m
          [36m>[39m
            [36m<label[39m
              [33mclass[39m=[32m"MuiFormLabel-root MuiInputLabel-root MuiInputLabel-formControl MuiInputLabel-animated MuiInputLabel-shrink MuiInputLabel-sizeSmall MuiInputLabel-outlined MuiFormLabel-colorPrimary MuiFormLabel-filled MuiInputLabel-root MuiInputLabel-formControl MuiInputLabel-animated MuiInputLabel-shrink MuiInputLabel-sizeSmall MuiInputLabel-outlined css-fe0mau-MuiFormLabel-root-MuiInputLabel-root"[39m
              [33mdata-shrink[39m=[32m"true"[39m
            [36m>[39m
              [0mStatus[0m
            [36m</label>[39m
            [36m<div[39m
              [33mclass[39m=[32m"MuiInputBase-root MuiOutlinedInput-root MuiInputBase-colorPrimary MuiInputBase-formControl MuiInputBase-sizeSmall css-13lg1x7-MuiInputBase-root-MuiOutlinedInput-root-MuiSelect-root"[39m
            [36m>[39m
              [36m<div[39m
                [33maria-controls[39m=[32m":ru:"[39m
                [33maria-expanded[39m=[32m"false"[39m
                [33maria-haspopup[39m=[32m"listbox"[39m
                [33mclass[39m=[32m"MuiSelect-select MuiSelect-outlined MuiInputBase-input MuiOutlinedInput-input MuiInputBase-inputSizeSmall css-1fzjff4-MuiSelect-select-MuiInputBase-input-MuiOutlinedInput-input"[39m
                [33mrole[39m=[32m"combobox"[39m
                [33mtabindex[39m=[32m"0"[39m
              [36m>[39m
                [0mAll Statuses[0m
              [36m</div>[39m
              [36m<input[39m
                [33maria-hidden[39m=[32m"true"[39m
                [33maria-invalid[39m=[32m"false"[39m
                [33mclass[39m=[32m"MuiSelect-nativeInput css-yf8vq0-MuiSelect-nativeInput"[39m
                [33mtabindex[39m=[32m"-1"[39m
                [33mvalue[39m=[32m"all"[39m
              [36m/>[39m
              [36m<svg[39m
                [33maria-hidden[39m=[32m"true"[39m
                [33mclass[39m=[32m"MuiSvgIcon-root MuiSvgIcon-fontSizeMedium MuiSelect-icon MuiSelect-iconOutlined css-hfutr2-MuiSvgIcon-root-MuiSelect-icon"[39m
                [33mdata-testid[39m=[32m"ArrowDropDownIcon"[39m
                [33mfocusable[39m=[32m"false"[39m
                [33mviewBox[39m=[32m"0 0 24 24"[39m
              [36m>[39m
                [36m<path[39m
                  [33md[39m=[32m"M7 10l5 5 5-5z"[39m
                [36m/>[39m
              [36m</svg>[...
 ❯ Object.getElementError node_modules/@testing-library/react/node_modules/@testing-library/dom/dist/config.js:37:19
 ❯ getElementError node_modules/@testing-library/react/node_modules/@testing-library/dom/dist/query-helpers.js:20:35
 ❯ getMultipleElementsFoundError node_modules/@testing-library/react/node_modules/@testing-library/dom/dist/query-helpers.js:23:10
 ❯ node_modules/@testing-library/react/node_modules/@testing-library/dom/dist/query-helpers.js:55:13
 ❯ node_modules/@testing-library/react/node_modules/@testing-library/dom/dist/query-helpers.js:95:19
 ❯ src/test/project.test.tsx:153:21
    151|       );
    152| 
    153|       expect(screen.getByText('React')).toBeInTheDocument();
       |                     ^
    154|       expect(screen.getByText('Node.js')).toBeInTheDocument();
    155|       expect(screen.getByText('MongoDB')).toBeInTheDocument();

⎯⎯⎯⎯⎯⎯⎯⎯⎯⎯⎯⎯⎯⎯⎯⎯⎯⎯⎯⎯⎯⎯[29/66]⎯

 FAIL  src/test/project.test.tsx > Project Components > ProjectCard > shows bookmark button when enabled
TestingLibraryElementError: Found multiple elements with the role "button"

Here are the matching elements:

Ignored nodes: comments, script, style
[36m<button[39m
  [33mclass[39m=[32m"MuiButtonBase-root MuiIconButton-root MuiIconButton-sizeMedium css-78trlr-MuiButtonBase-root-MuiIconButton-root"[39m
  [33mtabindex[39m=[32m"0"[39m
  [33mtype[39m=[32m"button"[39m
[36m>[39m
  [36m<svg[39m
    [33maria-hidden[39m=[32m"true"[39m
    [33mclass[39m=[32m"MuiSvgIcon-root MuiSvgIcon-fontSizeMedium css-i4bv87-MuiSvgIcon-root"[39m
    [33mdata-testid[39m=[32m"CloseIcon"[39m
    [33mfocusable[39m=[32m"false"[39m
    [33mviewBox[39m=[32m"0 0 24 24"[39m
  [36m>[39m
    [36m<path[39m
      [33md[39m=[32m"M19 6.41 17.59 5 12 10.59 6.41 5 5 6.41 10.59 12 5 17.59 6.41 19 12 13.41 17.59 19 19 17.59 13.41 12z"[39m
    [36m/>[39m
  [36m</svg>[39m
  [36m<span[39m
    [33mclass[39m=[32m"MuiTouchRipple-root css-8je8zh-MuiTouchRipple-root"[39m
  [36m/>[39m
[36m</button>[39m

Ignored nodes: comments, script, style
[36m<div[39m
  [33maria-expanded[39m=[32m"false"[39m
  [33mclass[39m=[32m"MuiButtonBase-root MuiAccordionSummary-root MuiAccordionSummary-gutters css-1f773le-MuiButtonBase-root-MuiAccordionSummary-root"[39m
  [33mrole[39m=[32m"button"[39m
  [33mtabindex[39m=[32m"0"[39m
[36m>[39m
  [36m<div[39m
    [33mclass[39m=[32m"MuiAccordionSummary-content MuiAccordionSummary-contentGutters css-eqpfi5-MuiAccordionSummary-content"[39m
  [36m>[39m
    [36m<h6[39m
      [33mclass[39m=[32m"MuiTypography-root MuiTypography-h6 css-1rem9xf-MuiTypography-root"[39m
    [36m>[39m
      [0mProject Milestones ([0m
      [0m2[0m
      [0m)[0m
    [36m</h6>[39m
  [36m</div>[39m
  [36m<div[39m
    [33mclass[39m=[32m"MuiAccordionSummary-expandIconWrapper css-yw020d-MuiAccordionSummary-expandIconWrapper"[39m
  [36m>[39m
    [36m<svg[39m
      [33maria-hidden[39m=[32m"true"[39m
      [33mclass[39m=[32m"MuiSvgIcon-root MuiSvgIcon-fontSizeMedium css-i4bv87-MuiSvgIcon-root"[39m
      [33mdata-testid[39m=[32m"ExpandMoreIcon"[39m
      [33mfocusable[39m=[32m"false"[39m
      [33mviewBox[39m=[32m"0 0 24 24"[39m
    [36m>[39m
      [36m<path[39m
        [33md[39m=[32m"M16.59 8.59 12 13.17 7.41 8.59 6 10l6 6 6-6z"[39m
      [36m/>[39m
    [36m</svg>[39m
  [36m</div>[39m
[36m</div>[39m

Ignored nodes: comments, script, style
[36m<button[39m
  [33mclass[39m=[32m"MuiButtonBase-root MuiButton-root MuiButton-text MuiButton-textError MuiButton-sizeMedium MuiButton-textSizeMedium MuiButton-colorError MuiButton-root MuiButton-text MuiButton-textError MuiButton-sizeMedium MuiButton-textSizeMedium MuiButton-colorError css-gwcbq2-MuiButtonBase-root-MuiButton-root"[39m
  [33mtabindex[39m=[32m"0"[39m
  [33mtype[39m=[32m"button"[39m
[36m>[39m
  [0mWithdraw Proposal[0m
  [36m<span[39m
    [33mclass[39m=[32m"MuiTouchRipple-root css-8je8zh-MuiTouchRipple-root"[39m
  [36m/>[39m
[36m</button>[39m

Ignored nodes: comments, script, style
[36m<button[39m
  [33mclass[39m=[32m"MuiButtonBase-root MuiButton-root MuiButton-text MuiButton-textPrimary MuiButton-sizeMedium MuiButton-textSizeMedium MuiButton-colorPrimary MuiButton-root MuiButton-text MuiButton-textPrimary MuiButton-sizeMedium MuiButton-textSizeMedium MuiButton-colorPrimary css-94khcu-MuiButtonBase-root-MuiButton-root"[39m
  [33mtabindex[39m=[32m"0"[39m
  [33mtype[39m=[32m"button"[39m
[36m>[39m
  [0mClose[0m
  [36m<span[39m
    [33mclass[39m=[32m"MuiTouchRipple-root css-8je8zh-MuiTouchRipple-root"[39m
  [36m/>[39m
[36m</button>[39m

Ignored nodes: comments, script, style
[36m<button[39m
  [33mclass[39m=[32m"MuiButtonBase-root MuiIconButton-root MuiIconButton-sizeSmall css-1l7m31k-MuiButtonBase-root-MuiIconButton-root"[39m
  [33mtabindex[39m=[32m"0"[39m
  [33mtype[39m=[32m"button"[39m
[36m>[39m
  [36m<svg[39m
    [33maria-hidden[39m=[32m"true"[39m
    [33mclass[39m=[32m"MuiSvgIcon-root MuiSvgIcon-fontSizeMedium css-i4bv87-MuiSvgIcon-root"[39m
    [33mdata-testid[39m=[32m"BookmarkBorderIcon"[39m
    [33mfocusable[39m=[32m"false"[39m
    [33mviewBox[39m=[32m"0 0 24 24"[39m
  [36m>[39m
    [36m<path[39m
      [33md[39m=[32m"M17 3H7c-1.1 0-1.99.9-1.99 2L5 21l7-3 7 3V5c0-1.1-.9-2-2-2m0 15-5-2.18L7 18V5h10z"[39m
    [36m/>[39m
  [36m</svg>[39m
  [36m<span[39m
    [33mclass[39m=[32m"MuiTouchRipple-root css-8je8zh-MuiTouchRipple-root"[39m
  [36m/>[39m
[36m</button>[39m

(If this is intentional, then use the `*AllBy*` variant of the query (like `queryAllByText`, `getAllByText`, or `findAllByText`)).

Ignored nodes: comments, script, style
[36m<body[39m
  [33mstyle[39m=[32m"padding-right: 1024px; overflow: hidden;"[39m
[36m>[39m
  [36m<div[39m
    [33maria-hidden[39m=[32m"true"[39m
  [36m>[39m
    [36m<div[39m
      [33mclass[39m=[32m"MuiBox-root css-0"[39m
    [36m>[39m
      [36m<div[39m
        [33mclass[39m=[32m"MuiBox-root css-i3pbo"[39m
      [36m>[39m
        [36m<h5[39m
          [33mclass[39m=[32m"MuiTypography-root MuiTypography-h5 MuiTypography-gutterBottom css-1hkf4sh-MuiTypography-root"[39m
        [36m>[39m
          [0mPayment History[0m
        [36m</h5>[39m
        [36m<p[39m
          [33mclass[39m=[32m"MuiTypography-root MuiTypography-body2 css-xtz2xu-MuiTypography-root"[39m
        [36m>[39m
          [0m1[0m
          [0m payment[0m
          [0m found[0m
        [36m</p>[39m
      [36m</div>[39m
      [36m<div[39m
        [33mclass[39m=[32m"MuiGrid-root MuiGrid-container MuiGrid-spacing-xs-2 css-12rc5ck-MuiGrid-root"[39m
      [36m>[39m
        [36m<div[39m
          [33mclass[39m=[32m"MuiGrid-root MuiGrid-item MuiGrid-grid-xs-12 MuiGrid-grid-sm-6 MuiGrid-grid-md-3 css-10voxkt-MuiGrid-root"[39m
        [36m>[39m
          [36m<div[39m
            [33mclass[39m=[32m"MuiFormControl-root MuiFormControl-fullWidth MuiTextField-root css-18hear-MuiFormControl-root-MuiTextField-root"[39m
          [36m>[39m
            [36m<div[39m
              [33mclass[39m=[32m"MuiInputBase-root MuiOutlinedInput-root MuiInputBase-colorPrimary MuiInputBase-fullWidth MuiInputBase-formControl MuiInputBase-sizeSmall MuiInputBase-adornedStart css-1cj7mpt-MuiInputBase-root-MuiOutlinedInput-root"[39m
            [36m>[39m
              [36m<div[39m
                [33mclass[39m=[32m"MuiInputAdornment-root MuiInputAdornment-positionStart MuiInputAdornment-outlined MuiInputAdornment-sizeSmall css-ittuaa-MuiInputAdornment-root"[39m
              [36m>[39m
                [36m<span[39m
                  [33mclass[39m=[32m"notranslate"[39m
                [36m>[39m
                  [0m​[0m
                [36m</span>[39m
                [36m<svg[39m
                  [33maria-hidden[39m=[32m"true"[39m
                  [33mclass[39m=[32m"MuiSvgIcon-root MuiSvgIcon-fontSizeMedium css-i4bv87-MuiSvgIcon-root"[39m
                  [33mdata-testid[39m=[32m"SearchIcon"[39m
                  [33mfocusable[39m=[32m"false"[39m
                  [33mviewBox[39m=[32m"0 0 24 24"[39m
                [36m>[39m
                  [36m<path[39m
                    [33md[39m=[32m"M15.5 14h-.79l-.28-.27C15.41 12.59 16 11.11 16 9.5 16 5.91 13.09 3 9.5 3S3 5.91 3 9.5 5.91 16 9.5 16c1.61 0 3.09-.59 4.23-1.57l.27.28v.79l5 4.99L20.49 19zm-6 0C7.01 14 5 11.99 5 9.5S7.01 5 9.5 5 14 7.01 14 9.5 11.99 14 9.5 14"[39m
                  [36m/>[39m
                [36m</svg>[39m
              [36m</div>[39m
              [36m<input[39m
                [33maria-invalid[39m=[32m"false"[39m
                [33mclass[39m=[32m"MuiInputBase-input MuiOutlinedInput-input MuiInputBase-inputSizeSmall MuiInputBase-inputAdornedStart css-1ua80n0-MuiInputBase-input-MuiOutlinedInput-input"[39m
                [33mid[39m=[32m":rt:"[39m
                [33mplaceholder[39m=[32m"Search payments..."[39m
                [33mtype[39m=[32m"text"[39m
                [33mvalue[39m=[32m""[39m
              [36m/>[39m
              [36m<fieldset[39m
                [33maria-hidden[39m=[32m"true"[39m
                [33mclass[39m=[32m"MuiOutlinedInput-notchedOutline css-r01yff-MuiNotchedOutlined-root-MuiOutlinedInput-notchedOutline"[39m
              [36m>[39m
                [36m<legend[39m
                  [33mclass[39m=[32m"css-1whs34k-MuiNotchedOutlined-root"[39m
                [36m>[39m
                  [36m<span[39m
                    [33mclass[39m=[32m"notranslate"[39m
                  [36m>[39m
                    [0m​[0m
                  [36m</span>[39m
                [36m</legend>[39m
              [36m</fieldset>[39m
            [36m</div>[39m
          [36m</div>[39m
        [36m</div>[39m
        [36m<div[39m
          [33mclass[39m=[32m"MuiGrid-root MuiGrid-item MuiGrid-grid-xs-12 MuiGrid-grid-sm-6 MuiGrid-grid-md-3 css-10voxkt-MuiGrid-root"[39m
        [36m>[39m
          [36m<div[39m
            [33mclass[39m=[32m"MuiFormControl-root MuiFormControl-fullWidth css-q8hpuo-MuiFormControl-root"[39m
          [36m>[39m
            [36m<label[39m
              [33mclass[39m=[32m"MuiFormLabel-root MuiInputLabel-root MuiInputLabel-formControl MuiInputLabel-animated MuiInputLabel-shrink MuiInputLabel-sizeSmall MuiInputLabel-outlined MuiFormLabel-colorPrimary MuiFormLabel-filled MuiInputLabel-root MuiInputLabel-formControl MuiInputLabel-animated MuiInputLabel-shrink MuiInputLabel-sizeSmall MuiInputLabel-outlined css-fe0mau-MuiFormLabel-root-MuiInputLabel-root"[39m
              [33mdata-shrink[39m=[32m"true"[39m
            [36m>[39m
              [0mStatus[0m
            [36m</label>[39m
            [36m<div[39m
              [33mclass[39m=[32m"MuiInputBase-root MuiOutlinedInput-root MuiInputBase-colorPrimary MuiInputBase-formControl MuiInputBase-sizeSmall css-13lg1x7-MuiInputBase-root-MuiOutlinedInput-root-MuiSelect-root"[39m
            [36m>[39m
              [36m<div[39m
                [33maria-controls[39m=[32m":ru:"[39m
                [33maria-expanded[39m=[32m"false"[39m
                [33maria-haspopup[39m=[32m"listbox"[39m
                [33mclass[39m=[32m"MuiSelect-select MuiSelect-outlined MuiInputBase-input MuiOutlinedInput-input MuiInputBase-inputSizeSmall css-1fzjff4-MuiSelect-select-MuiInputBase-input-MuiOutlinedInput-input"[39m
                [33mrole[39m=[32m"combobox"[39m
                [33mtabindex[39m=[32m"0"[39m
              [36m>[39m
                [0mAll Statuses[0m
              [36m</div>[39m
              [36m<input[39m
                [33maria-hidden[39m=[32m"true"[39m
                [33maria-invalid[39m=[32m"false"[39m
                [33mclass[39m=[32m"MuiSelect-nativeInput css-yf8vq0-MuiSelect-nativeInput"[39m
                [33mtabindex[39m=[32m"-1"[39m
                [33mvalue[39m=[32m"all"[39m
              [36m/>[39m
              [36m<svg[39m
                [33maria-hidden[39m=[32m"true"[39m
                [33mclass[39m=[32m"MuiSvgIcon-root MuiSvgIcon-fontSizeMedium MuiSelect-icon MuiSelect-iconOutlined css-hfutr2-MuiSvgIcon-root-MuiSelect-icon"[39m
                [33mdata-testid[39m=[32m"ArrowDropDownIcon"[39m
                [33mfocusable[39m=[32m"false"[39m
                [33mviewBox[39m=[32m"0 0 24 24"[39m
              [36m>[39m
                [36m<path[39m
                  [33md[39m=[32m"M7 10l5 5 5-5z"[39m
                [36m/>[39m
              [36m</svg>[...
 ❯ Object.getElementError node_modules/@testing-library/react/node_modules/@testing-library/dom/dist/config.js:37:19
 ❯ getElementError node_modules/@testing-library/react/node_modules/@testing-library/dom/dist/query-helpers.js:20:35
 ❯ getMultipleElementsFoundError node_modules/@testing-library/react/node_modules/@testing-library/dom/dist/query-helpers.js:23:10
 ❯ node_modules/@testing-library/react/node_modules/@testing-library/dom/dist/query-helpers.js:55:13
 ❯ node_modules/@testing-library/react/node_modules/@testing-library/dom/dist/query-helpers.js:95:19
 ❯ src/test/project.test.tsx:171:37
    169|       );
    170| 
    171|       const bookmarkButton = screen.getByRole('button');
       |                                     ^
    172|       expect(bookmarkButton).toBeInTheDocument();
    173|       

⎯⎯⎯⎯⎯⎯⎯⎯⎯⎯⎯⎯⎯⎯⎯⎯⎯⎯⎯⎯⎯⎯[30/66]⎯

 FAIL  src/test/project.test.tsx > Project Components > ProjectCard > displays project stats correctly
TestingLibraryElementError: Found multiple elements with the text: 5 proposals

Here are the matching elements:

Ignored nodes: comments, script, style
[36m<span[39m
  [33mclass[39m=[32m"MuiTypography-root MuiTypography-caption css-ol7wxs-MuiTypography-root"[39m
[36m>[39m
  [0m5[0m
  [0m proposals[0m
[36m</span>[39m

Ignored nodes: comments, script, style
[36m<span[39m
  [33mclass[39m=[32m"MuiTypography-root MuiTypography-caption css-ol7wxs-MuiTypography-root"[39m
[36m>[39m
  [0m5[0m
  [0m proposals[0m
[36m</span>[39m

Ignored nodes: comments, script, style
[36m<span[39m
  [33mclass[39m=[32m"MuiTypography-root MuiTypography-caption css-ol7wxs-MuiTypography-root"[39m
[36m>[39m
  [0m5[0m
  [0m proposals[0m
[36m</span>[39m

Ignored nodes: comments, script, style
[36m<span[39m
  [33mclass[39m=[32m"MuiTypography-root MuiTypography-caption css-ol7wxs-MuiTypography-root"[39m
[36m>[39m
  [0m5[0m
  [0m proposals[0m
[36m</span>[39m

Ignored nodes: comments, script, style
[36m<span[39m
  [33mclass[39m=[32m"MuiTypography-root MuiTypography-caption css-ol7wxs-MuiTypography-root"[39m
[36m>[39m
  [0m5[0m
  [0m proposals[0m
[36m</span>[39m

Ignored nodes: comments, script, style
[36m<span[39m
  [33mclass[39m=[32m"MuiTypography-root MuiTypography-caption css-ol7wxs-MuiTypography-root"[39m
[36m>[39m
  [0m5[0m
  [0m proposals[0m
[36m</span>[39m

(If this is intentional, then use the `*AllBy*` variant of the query (like `queryAllByText`, `getAllByText`, or `findAllByText`)).

Ignored nodes: comments, script, style
[36m<body[39m
  [33mstyle[39m=[32m"padding-right: 1024px; overflow: hidden;"[39m
[36m>[39m
  [36m<div[39m
    [33maria-hidden[39m=[32m"true"[39m
  [36m>[39m
    [36m<div[39m
      [33mclass[39m=[32m"MuiBox-root css-0"[39m
    [36m>[39m
      [36m<div[39m
        [33mclass[39m=[32m"MuiBox-root css-i3pbo"[39m
      [36m>[39m
        [36m<h5[39m
          [33mclass[39m=[32m"MuiTypography-root MuiTypography-h5 MuiTypography-gutterBottom css-1hkf4sh-MuiTypography-root"[39m
        [36m>[39m
          [0mPayment History[0m
        [36m</h5>[39m
        [36m<p[39m
          [33mclass[39m=[32m"MuiTypography-root MuiTypography-body2 css-xtz2xu-MuiTypography-root"[39m
        [36m>[39m
          [0m1[0m
          [0m payment[0m
          [0m found[0m
        [36m</p>[39m
      [36m</div>[39m
      [36m<div[39m
        [33mclass[39m=[32m"MuiGrid-root MuiGrid-container MuiGrid-spacing-xs-2 css-12rc5ck-MuiGrid-root"[39m
      [36m>[39m
        [36m<div[39m
          [33mclass[39m=[32m"MuiGrid-root MuiGrid-item MuiGrid-grid-xs-12 MuiGrid-grid-sm-6 MuiGrid-grid-md-3 css-10voxkt-MuiGrid-root"[39m
        [36m>[39m
          [36m<div[39m
            [33mclass[39m=[32m"MuiFormControl-root MuiFormControl-fullWidth MuiTextField-root css-18hear-MuiFormControl-root-MuiTextField-root"[39m
          [36m>[39m
            [36m<div[39m
              [33mclass[39m=[32m"MuiInputBase-root MuiOutlinedInput-root MuiInputBase-colorPrimary MuiInputBase-fullWidth MuiInputBase-formControl MuiInputBase-sizeSmall MuiInputBase-adornedStart css-1cj7mpt-MuiInputBase-root-MuiOutlinedInput-root"[39m
            [36m>[39m
              [36m<div[39m
                [33mclass[39m=[32m"MuiInputAdornment-root MuiInputAdornment-positionStart MuiInputAdornment-outlined MuiInputAdornment-sizeSmall css-ittuaa-MuiInputAdornment-root"[39m
              [36m>[39m
                [36m<span[39m
                  [33mclass[39m=[32m"notranslate"[39m
                [36m>[39m
                  [0m​[0m
                [36m</span>[39m
                [36m<svg[39m
                  [33maria-hidden[39m=[32m"true"[39m
                  [33mclass[39m=[32m"MuiSvgIcon-root MuiSvgIcon-fontSizeMedium css-i4bv87-MuiSvgIcon-root"[39m
                  [33mdata-testid[39m=[32m"SearchIcon"[39m
                  [33mfocusable[39m=[32m"false"[39m
                  [33mviewBox[39m=[32m"0 0 24 24"[39m
                [36m>[39m
                  [36m<path[39m
                    [33md[39m=[32m"M15.5 14h-.79l-.28-.27C15.41 12.59 16 11.11 16 9.5 16 5.91 13.09 3 9.5 3S3 5.91 3 9.5 5.91 16 9.5 16c1.61 0 3.09-.59 4.23-1.57l.27.28v.79l5 4.99L20.49 19zm-6 0C7.01 14 5 11.99 5 9.5S7.01 5 9.5 5 14 7.01 14 9.5 11.99 14 9.5 14"[39m
                  [36m/>[39m
                [36m</svg>[39m
              [36m</div>[39m
              [36m<input[39m
                [33maria-invalid[39m=[32m"false"[39m
                [33mclass[39m=[32m"MuiInputBase-input MuiOutlinedInput-input MuiInputBase-inputSizeSmall MuiInputBase-inputAdornedStart css-1ua80n0-MuiInputBase-input-MuiOutlinedInput-input"[39m
                [33mid[39m=[32m":rt:"[39m
                [33mplaceholder[39m=[32m"Search payments..."[39m
                [33mtype[39m=[32m"text"[39m
                [33mvalue[39m=[32m""[39m
              [36m/>[39m
              [36m<fieldset[39m
                [33maria-hidden[39m=[32m"true"[39m
                [33mclass[39m=[32m"MuiOutlinedInput-notchedOutline css-r01yff-MuiNotchedOutlined-root-MuiOutlinedInput-notchedOutline"[39m
              [36m>[39m
                [36m<legend[39m
                  [33mclass[39m=[32m"css-1whs34k-MuiNotchedOutlined-root"[39m
                [36m>[39m
                  [36m<span[39m
                    [33mclass[39m=[32m"notranslate"[39m
                  [36m>[39m
                    [0m​[0m
                  [36m</span>[39m
                [36m</legend>[39m
              [36m</fieldset>[39m
            [36m</div>[39m
          [36m</div>[39m
        [36m</div>[39m
        [36m<div[39m
          [33mclass[39m=[32m"MuiGrid-root MuiGrid-item MuiGrid-grid-xs-12 MuiGrid-grid-sm-6 MuiGrid-grid-md-3 css-10voxkt-MuiGrid-root"[39m
        [36m>[39m
          [36m<div[39m
            [33mclass[39m=[32m"MuiFormControl-root MuiFormControl-fullWidth css-q8hpuo-MuiFormControl-root"[39m
          [36m>[39m
            [36m<label[39m
              [33mclass[39m=[32m"MuiFormLabel-root MuiInputLabel-root MuiInputLabel-formControl MuiInputLabel-animated MuiInputLabel-shrink MuiInputLabel-sizeSmall MuiInputLabel-outlined MuiFormLabel-colorPrimary MuiFormLabel-filled MuiInputLabel-root MuiInputLabel-formControl MuiInputLabel-animated MuiInputLabel-shrink MuiInputLabel-sizeSmall MuiInputLabel-outlined css-fe0mau-MuiFormLabel-root-MuiInputLabel-root"[39m
              [33mdata-shrink[39m=[32m"true"[39m
            [36m>[39m
              [0mStatus[0m
            [36m</label>[39m
            [36m<div[39m
              [33mclass[39m=[32m"MuiInputBase-root MuiOutlinedInput-root MuiInputBase-colorPrimary MuiInputBase-formControl MuiInputBase-sizeSmall css-13lg1x7-MuiInputBase-root-MuiOutlinedInput-root-MuiSelect-root"[39m
            [36m>[39m
              [36m<div[39m
                [33maria-controls[39m=[32m":ru:"[39m
                [33maria-expanded[39m=[32m"false"[39m
                [33maria-haspopup[39m=[32m"listbox"[39m
                [33mclass[39m=[32m"MuiSelect-select MuiSelect-outlined MuiInputBase-input MuiOutlinedInput-input MuiInputBase-inputSizeSmall css-1fzjff4-MuiSelect-select-MuiInputBase-input-MuiOutlinedInput-input"[39m
                [33mrole[39m=[32m"combobox"[39m
                [33mtabindex[39m=[32m"0"[39m
              [36m>[39m
                [0mAll Statuses[0m
              [36m</div>[39m
              [36m<input[39m
                [33maria-hidden[39m=[32m"true"[39m
                [33maria-invalid[39m=[32m"false"[39m
                [33mclass[39m=[32m"MuiSelect-nativeInput css-yf8vq0-MuiSelect-nativeInput"[39m
                [33mtabindex[39m=[32m"-1"[39m
                [33mvalue[39m=[32m"all"[39m
              [36m/>[39m
              [36m<svg[39m
                [33maria-hidden[39m=[32m"true"[39m
                [33mclass[39m=[32m"MuiSvgIcon-root MuiSvgIcon-fontSizeMedium MuiSelect-icon MuiSelect-iconOutlined css-hfutr2-MuiSvgIcon-root-MuiSelect-icon"[39m
                [33mdata-testid[39m=[32m"ArrowDropDownIcon"[39m
                [33mfocusable[39m=[32m"false"[39m
                [33mviewBox[39m=[32m"0 0 24 24"[39m
              [36m>[39m
                [36m<path[39m
                  [33md[39m=[32m"M7 10l5 5 5-5z"[39m
                [36m/>[39m
              [36m</svg>[...
 ❯ Object.getElementError node_modules/@testing-library/react/node_modules/@testing-library/dom/dist/config.js:37:19
 ❯ getElementError node_modules/@testing-library/react/node_modules/@testing-library/dom/dist/query-helpers.js:20:35
 ❯ getMultipleElementsFoundError node_modules/@testing-library/react/node_modules/@testing-library/dom/dist/query-helpers.js:23:10
 ❯ node_modules/@testing-library/react/node_modules/@testing-library/dom/dist/query-helpers.js:55:13
 ❯ node_modules/@testing-library/react/node_modules/@testing-library/dom/dist/query-helpers.js:95:19
 ❯ src/test/project.test.tsx:185:21
    183|       );
    184| 
    185|       expect(screen.getByText('5 proposals')).toBeInTheDocument();
       |                     ^
    186|       expect(screen.getByText('25 views')).toBeInTheDocument();
    187|     });

⎯⎯⎯⎯⎯⎯⎯⎯⎯⎯⎯⎯⎯⎯⎯⎯⎯⎯⎯⎯⎯⎯[31/66]⎯

 FAIL  src/test/project.test.tsx > Project Components > ProjectCard > shows application deadline
TestingLibraryElementError: Found multiple elements with the text: /Deadline:/

Here are the matching elements:

Ignored nodes: comments, script, style
[36m<span[39m
  [33mclass[39m=[32m"MuiTypography-root MuiTypography-caption css-19sk6fl-MuiTypography-root"[39m
[36m>[39m
  [0mDeadline: [0m
  [0m2/15/2024[0m
[36m</span>[39m

Ignored nodes: comments, script, style
[36m<span[39m
  [33mclass[39m=[32m"MuiTypography-root MuiTypography-caption css-19sk6fl-MuiTypography-root"[39m
[36m>[39m
  [0mDeadline: [0m
  [0m2/15/2024[0m
[36m</span>[39m

Ignored nodes: comments, script, style
[36m<span[39m
  [33mclass[39m=[32m"MuiTypography-root MuiTypography-caption css-19sk6fl-MuiTypography-root"[39m
[36m>[39m
  [0mDeadline: [0m
  [0m2/15/2024[0m
[36m</span>[39m

Ignored nodes: comments, script, style
[36m<span[39m
  [33mclass[39m=[32m"MuiTypography-root MuiTypography-caption css-19sk6fl-MuiTypography-root"[39m
[36m>[39m
  [0mDeadline: [0m
  [0m2/15/2024[0m
[36m</span>[39m

Ignored nodes: comments, script, style
[36m<span[39m
  [33mclass[39m=[32m"MuiTypography-root MuiTypography-caption css-19sk6fl-MuiTypography-root"[39m
[36m>[39m
  [0mDeadline: [0m
  [0m2/15/2024[0m
[36m</span>[39m

Ignored nodes: comments, script, style
[36m<span[39m
  [33mclass[39m=[32m"MuiTypography-root MuiTypography-caption css-19sk6fl-MuiTypography-root"[39m
[36m>[39m
  [0mDeadline: [0m
  [0m2/15/2024[0m
[36m</span>[39m

Ignored nodes: comments, script, style
[36m<span[39m
  [33mclass[39m=[32m"MuiTypography-root MuiTypography-caption css-19sk6fl-MuiTypography-root"[39m
[36m>[39m
  [0mDeadline: [0m
  [0m2/15/2024[0m
[36m</span>[39m

(If this is intentional, then use the `*AllBy*` variant of the query (like `queryAllByText`, `getAllByText`, or `findAllByText`)).

Ignored nodes: comments, script, style
[36m<body[39m
  [33mstyle[39m=[32m"padding-right: 1024px; overflow: hidden;"[39m
[36m>[39m
  [36m<div[39m
    [33maria-hidden[39m=[32m"true"[39m
  [36m>[39m
    [36m<div[39m
      [33mclass[39m=[32m"MuiBox-root css-0"[39m
    [36m>[39m
      [36m<div[39m
        [33mclass[39m=[32m"MuiBox-root css-i3pbo"[39m
      [36m>[39m
        [36m<h5[39m
          [33mclass[39m=[32m"MuiTypography-root MuiTypography-h5 MuiTypography-gutterBottom css-1hkf4sh-MuiTypography-root"[39m
        [36m>[39m
          [0mPayment History[0m
        [36m</h5>[39m
        [36m<p[39m
          [33mclass[39m=[32m"MuiTypography-root MuiTypography-body2 css-xtz2xu-MuiTypography-root"[39m
        [36m>[39m
          [0m1[0m
          [0m payment[0m
          [0m found[0m
        [36m</p>[39m
      [36m</div>[39m
      [36m<div[39m
        [33mclass[39m=[32m"MuiGrid-root MuiGrid-container MuiGrid-spacing-xs-2 css-12rc5ck-MuiGrid-root"[39m
      [36m>[39m
        [36m<div[39m
          [33mclass[39m=[32m"MuiGrid-root MuiGrid-item MuiGrid-grid-xs-12 MuiGrid-grid-sm-6 MuiGrid-grid-md-3 css-10voxkt-MuiGrid-root"[39m
        [36m>[39m
          [36m<div[39m
            [33mclass[39m=[32m"MuiFormControl-root MuiFormControl-fullWidth MuiTextField-root css-18hear-MuiFormControl-root-MuiTextField-root"[39m
          [36m>[39m
            [36m<div[39m
              [33mclass[39m=[32m"MuiInputBase-root MuiOutlinedInput-root MuiInputBase-colorPrimary MuiInputBase-fullWidth MuiInputBase-formControl MuiInputBase-sizeSmall MuiInputBase-adornedStart css-1cj7mpt-MuiInputBase-root-MuiOutlinedInput-root"[39m
            [36m>[39m
              [36m<div[39m
                [33mclass[39m=[32m"MuiInputAdornment-root MuiInputAdornment-positionStart MuiInputAdornment-outlined MuiInputAdornment-sizeSmall css-ittuaa-MuiInputAdornment-root"[39m
              [36m>[39m
                [36m<span[39m
                  [33mclass[39m=[32m"notranslate"[39m
                [36m>[39m
                  [0m​[0m
                [36m</span>[39m
                [36m<svg[39m
                  [33maria-hidden[39m=[32m"true"[39m
                  [33mclass[39m=[32m"MuiSvgIcon-root MuiSvgIcon-fontSizeMedium css-i4bv87-MuiSvgIcon-root"[39m
                  [33mdata-testid[39m=[32m"SearchIcon"[39m
                  [33mfocusable[39m=[32m"false"[39m
                  [33mviewBox[39m=[32m"0 0 24 24"[39m
                [36m>[39m
                  [36m<path[39m
                    [33md[39m=[32m"M15.5 14h-.79l-.28-.27C15.41 12.59 16 11.11 16 9.5 16 5.91 13.09 3 9.5 3S3 5.91 3 9.5 5.91 16 9.5 16c1.61 0 3.09-.59 4.23-1.57l.27.28v.79l5 4.99L20.49 19zm-6 0C7.01 14 5 11.99 5 9.5S7.01 5 9.5 5 14 7.01 14 9.5 11.99 14 9.5 14"[39m
                  [36m/>[39m
                [36m</svg>[39m
              [36m</div>[39m
              [36m<input[39m
                [33maria-invalid[39m=[32m"false"[39m
                [33mclass[39m=[32m"MuiInputBase-input MuiOutlinedInput-input MuiInputBase-inputSizeSmall MuiInputBase-inputAdornedStart css-1ua80n0-MuiInputBase-input-MuiOutlinedInput-input"[39m
                [33mid[39m=[32m":rt:"[39m
                [33mplaceholder[39m=[32m"Search payments..."[39m
                [33mtype[39m=[32m"text"[39m
                [33mvalue[39m=[32m""[39m
              [36m/>[39m
              [36m<fieldset[39m
                [33maria-hidden[39m=[32m"true"[39m
                [33mclass[39m=[32m"MuiOutlinedInput-notchedOutline css-r01yff-MuiNotchedOutlined-root-MuiOutlinedInput-notchedOutline"[39m
              [36m>[39m
                [36m<legend[39m
                  [33mclass[39m=[32m"css-1whs34k-MuiNotchedOutlined-root"[39m
                [36m>[39m
                  [36m<span[39m
                    [33mclass[39m=[32m"notranslate"[39m
                  [36m>[39m
                    [0m​[0m
                  [36m</span>[39m
                [36m</legend>[39m
              [36m</fieldset>[39m
            [36m</div>[39m
          [36m</div>[39m
        [36m</div>[39m
        [36m<div[39m
          [33mclass[39m=[32m"MuiGrid-root MuiGrid-item MuiGrid-grid-xs-12 MuiGrid-grid-sm-6 MuiGrid-grid-md-3 css-10voxkt-MuiGrid-root"[39m
        [36m>[39m
          [36m<div[39m
            [33mclass[39m=[32m"MuiFormControl-root MuiFormControl-fullWidth css-q8hpuo-MuiFormControl-root"[39m
          [36m>[39m
            [36m<label[39m
              [33mclass[39m=[32m"MuiFormLabel-root MuiInputLabel-root MuiInputLabel-formControl MuiInputLabel-animated MuiInputLabel-shrink MuiInputLabel-sizeSmall MuiInputLabel-outlined MuiFormLabel-colorPrimary MuiFormLabel-filled MuiInputLabel-root MuiInputLabel-formControl MuiInputLabel-animated MuiInputLabel-shrink MuiInputLabel-sizeSmall MuiInputLabel-outlined css-fe0mau-MuiFormLabel-root-MuiInputLabel-root"[39m
              [33mdata-shrink[39m=[32m"true"[39m
            [36m>[39m
              [0mStatus[0m
            [36m</label>[39m
            [36m<div[39m
              [33mclass[39m=[32m"MuiInputBase-root MuiOutlinedInput-root MuiInputBase-colorPrimary MuiInputBase-formControl MuiInputBase-sizeSmall css-13lg1x7-MuiInputBase-root-MuiOutlinedInput-root-MuiSelect-root"[39m
            [36m>[39m
              [36m<div[39m
                [33maria-controls[39m=[32m":ru:"[39m
                [33maria-expanded[39m=[32m"false"[39m
                [33maria-haspopup[39m=[32m"listbox"[39m
                [33mclass[39m=[32m"MuiSelect-select MuiSelect-outlined MuiInputBase-input MuiOutlinedInput-input MuiInputBase-inputSizeSmall css-1fzjff4-MuiSelect-select-MuiInputBase-input-MuiOutlinedInput-input"[39m
                [33mrole[39m=[32m"combobox"[39m
                [33mtabindex[39m=[32m"0"[39m
              [36m>[39m
                [0mAll Statuses[0m
              [36m</div>[39m
              [36m<input[39m
                [33maria-hidden[39m=[32m"true"[39m
                [33maria-invalid[39m=[32m"false"[39m
                [33mclass[39m=[32m"MuiSelect-nativeInput css-yf8vq0-MuiSelect-nativeInput"[39m
                [33mtabindex[39m=[32m"-1"[39m
                [33mvalue[39m=[32m"all"[39m
              [36m/>[39m
              [36m<svg[39m
                [33maria-hidden[39m=[32m"true"[39m
                [33mclass[39m=[32m"MuiSvgIcon-root MuiSvgIcon-fontSizeMedium MuiSelect-icon MuiSelect-iconOutlined css-hfutr2-MuiSvgIcon-root-MuiSelect-icon"[39m
                [33mdata-testid[39m=[32m"ArrowDropDownIcon"[39m
                [33mfocusable[39m=[32m"false"[39m
                [33mviewBox[39m=[32m"0 0 24 24"[39m
              [36m>[39m
                [36m<path[39m
                  [33md[39m=[32m"M7 10l5 5 5-5z"[39m
                [36m/>[39m
              [36m</svg>[...
 ❯ Object.getElementError node_modules/@testing-library/react/node_modules/@testing-library/dom/dist/config.js:37:19
 ❯ getElementError node_modules/@testing-library/react/node_modules/@testing-library/dom/dist/query-helpers.js:20:35
 ❯ getMultipleElementsFoundError node_modules/@testing-library/react/node_modules/@testing-library/dom/dist/query-helpers.js:23:10
 ❯ node_modules/@testing-library/react/node_modules/@testing-library/dom/dist/query-helpers.js:55:13
 ❯ node_modules/@testing-library/react/node_modules/@testing-library/dom/dist/query-helpers.js:95:19
 ❯ src/test/project.test.tsx:196:21
    194|       );
    195| 
    196|       expect(screen.getByText(/Deadline:/)).toBeInTheDocument();
       |                     ^
    197|     });
    198| 

⎯⎯⎯⎯⎯⎯⎯⎯⎯⎯⎯⎯⎯⎯⎯⎯⎯⎯⎯⎯⎯⎯[32/66]⎯

 FAIL  src/test/project.test.tsx > Project Components > ProjectCard > has view details link
TestingLibraryElementError: Found multiple elements with the text: View Details

Here are the matching elements:

Ignored nodes: comments, script, style
[36m<button[39m
  [33mclass[39m=[32m"MuiButtonBase-root MuiButton-root MuiButton-text MuiButton-textPrimary MuiButton-sizeSmall MuiButton-textSizeSmall MuiButton-colorPrimary MuiButton-root MuiButton-text MuiButton-textPrimary MuiButton-sizeSmall MuiButton-textSizeSmall MuiButton-colorPrimary css-1v1pa0w-MuiButtonBase-root-MuiButton-root"[39m
  [33mtabindex[39m=[32m"0"[39m
  [33mtype[39m=[32m"button"[39m
[36m>[39m
  [36m<span[39m
    [33mclass[39m=[32m"MuiButton-icon MuiButton-startIcon MuiButton-iconSizeSmall css-cstir9-MuiButton-startIcon"[39m
  [36m>[39m
    [36m<svg[39m
      [33maria-hidden[39m=[32m"true"[39m
      [33mclass[39m=[32m"MuiSvgIcon-root MuiSvgIcon-fontSizeMedium css-i4bv87-MuiSvgIcon-root"[39m
      [33mdata-testid[39m=[32m"VisibilityIcon"[39m
      [33mfocusable[39m=[32m"false"[39m
      [33mviewBox[39m=[32m"0 0 24 24"[39m
    [36m>[39m
      [36m<path[39m
        [33md[39m=[32m"M12 4.5C7 4.5 2.73 7.61 1 12c1.73 4.39 6 7.5 11 7.5s9.27-3.11 11-7.5c-1.73-4.39-6-7.5-11-7.5M12 17c-2.76 0-5-2.24-5-5s2.24-5 5-5 5 2.24 5 5-2.24 5-5 5m0-8c-1.66 0-3 1.34-3 3s1.34 3 3 3 3-1.34 3-3-1.34-3-3-3"[39m
      [36m/>[39m
    [36m</svg>[39m
  [36m</span>[39m
  [0mView Details[0m
  [36m<span[39m
    [33mclass[39m=[32m"MuiTouchRipple-root css-8je8zh-MuiTouchRipple-root"[39m
  [36m/>[39m
[36m</button>[39m

Ignored nodes: comments, script, style
[36m<button[39m
  [33mclass[39m=[32m"MuiButtonBase-root MuiButton-root MuiButton-text MuiButton-textPrimary MuiButton-sizeSmall MuiButton-textSizeSmall MuiButton-colorPrimary MuiButton-root MuiButton-text MuiButton-textPrimary MuiButton-sizeSmall MuiButton-textSizeSmall MuiButton-colorPrimary css-1v1pa0w-MuiButtonBase-root-MuiButton-root"[39m
  [33mtabindex[39m=[32m"0"[39m
  [33mtype[39m=[32m"button"[39m
[36m>[39m
  [36m<span[39m
    [33mclass[39m=[32m"MuiButton-icon MuiButton-startIcon MuiButton-iconSizeSmall css-cstir9-MuiButton-startIcon"[39m
  [36m>[39m
    [36m<svg[39m
      [33maria-hidden[39m=[32m"true"[39m
      [33mclass[39m=[32m"MuiSvgIcon-root MuiSvgIcon-fontSizeMedium css-i4bv87-MuiSvgIcon-root"[39m
      [33mdata-testid[39m=[32m"VisibilityIcon"[39m
      [33mfocusable[39m=[32m"false"[39m
      [33mviewBox[39m=[32m"0 0 24 24"[39m
    [36m>[39m
      [36m<path[39m
        [33md[39m=[32m"M12 4.5C7 4.5 2.73 7.61 1 12c1.73 4.39 6 7.5 11 7.5s9.27-3.11 11-7.5c-1.73-4.39-6-7.5-11-7.5M12 17c-2.76 0-5-2.24-5-5s2.24-5 5-5 5 2.24 5 5-2.24 5-5 5m0-8c-1.66 0-3 1.34-3 3s1.34 3 3 3 3-1.34 3-3-1.34-3-3-3"[39m
      [36m/>[39m
    [36m</svg>[39m
  [36m</span>[39m
  [0mView Details[0m
  [36m<span[39m
    [33mclass[39m=[32m"MuiTouchRipple-root css-8je8zh-MuiTouchRipple-root"[39m
  [36m/>[39m
[36m</button>[39m

Ignored nodes: comments, script, style
[36m<button[39m
  [33mclass[39m=[32m"MuiButtonBase-root MuiButton-root MuiButton-text MuiButton-textPrimary MuiButton-sizeSmall MuiButton-textSizeSmall MuiButton-colorPrimary MuiButton-root MuiButton-text MuiButton-textPrimary MuiButton-sizeSmall MuiButton-textSizeSmall MuiButton-colorPrimary css-1v1pa0w-MuiButtonBase-root-MuiButton-root"[39m
  [33mtabindex[39m=[32m"0"[39m
  [33mtype[39m=[32m"button"[39m
[36m>[39m
  [36m<span[39m
    [33mclass[39m=[32m"MuiButton-icon MuiButton-startIcon MuiButton-iconSizeSmall css-cstir9-MuiButton-startIcon"[39m
  [36m>[39m
    [36m<svg[39m
      [33maria-hidden[39m=[32m"true"[39m
      [33mclass[39m=[32m"MuiSvgIcon-root MuiSvgIcon-fontSizeMedium css-i4bv87-MuiSvgIcon-root"[39m
      [33mdata-testid[39m=[32m"VisibilityIcon"[39m
      [33mfocusable[39m=[32m"false"[39m
      [33mviewBox[39m=[32m"0 0 24 24"[39m
    [36m>[39m
      [36m<path[39m
        [33md[39m=[32m"M12 4.5C7 4.5 2.73 7.61 1 12c1.73 4.39 6 7.5 11 7.5s9.27-3.11 11-7.5c-1.73-4.39-6-7.5-11-7.5M12 17c-2.76 0-5-2.24-5-5s2.24-5 5-5 5 2.24 5 5-2.24 5-5 5m0-8c-1.66 0-3 1.34-3 3s1.34 3 3 3 3-1.34 3-3-1.34-3-3-3"[39m
      [36m/>[39m
    [36m</svg>[39m
  [36m</span>[39m
  [0mView Details[0m
  [36m<span[39m
    [33mclass[39m=[32m"MuiTouchRipple-root css-8je8zh-MuiTouchRipple-root"[39m
  [36m/>[39m
[36m</button>[39m

Ignored nodes: comments, script, style
[36m<button[39m
  [33mclass[39m=[32m"MuiButtonBase-root MuiButton-root MuiButton-text MuiButton-textPrimary MuiButton-sizeSmall MuiButton-textSizeSmall MuiButton-colorPrimary MuiButton-root MuiButton-text MuiButton-textPrimary MuiButton-sizeSmall MuiButton-textSizeSmall MuiButton-colorPrimary css-1v1pa0w-MuiButtonBase-root-MuiButton-root"[39m
  [33mtabindex[39m=[32m"0"[39m
  [33mtype[39m=[32m"button"[39m
[36m>[39m
  [36m<span[39m
    [33mclass[39m=[32m"MuiButton-icon MuiButton-startIcon MuiButton-iconSizeSmall css-cstir9-MuiButton-startIcon"[39m
  [36m>[39m
    [36m<svg[39m
      [33maria-hidden[39m=[32m"true"[39m
      [33mclass[39m=[32m"MuiSvgIcon-root MuiSvgIcon-fontSizeMedium css-i4bv87-MuiSvgIcon-root"[39m
      [33mdata-testid[39m=[32m"VisibilityIcon"[39m
      [33mfocusable[39m=[32m"false"[39m
      [33mviewBox[39m=[32m"0 0 24 24"[39m
    [36m>[39m
      [36m<path[39m
        [33md[39m=[32m"M12 4.5C7 4.5 2.73 7.61 1 12c1.73 4.39 6 7.5 11 7.5s9.27-3.11 11-7.5c-1.73-4.39-6-7.5-11-7.5M12 17c-2.76 0-5-2.24-5-5s2.24-5 5-5 5 2.24 5 5-2.24 5-5 5m0-8c-1.66 0-3 1.34-3 3s1.34 3 3 3 3-1.34 3-3-1.34-3-3-3"[39m
      [36m/>[39m
    [36m</svg>[39m
  [36m</span>[39m
  [0mView Details[0m
  [36m<span[39m
    [33mclass[39m=[32m"MuiTouchRipple-root css-8je8zh-MuiTouchRipple-root"[39m
  [36m/>[39m
[36m</button>[39m

Ignored nodes: comments, script, style
[36m<a[39m
  [33mclass[39m=[32m"MuiButtonBase-root MuiButton-root MuiButton-contained MuiButton-containedPrimary MuiButton-sizeSmall MuiButton-containedSizeSmall MuiButton-colorPrimary MuiButton-fullWidth MuiButton-root MuiButton-contained MuiButton-containedPrimary MuiButton-sizeSmall MuiButton-containedSizeSmall MuiButton-colorPrimary MuiButton-fullWidth css-1evprfk-MuiButtonBase-root-MuiButton-root"[39m
  [33mhref[39m=[32m"/projects/1"[39m
  [33mtabindex[39m=[32m"0"[39m
[36m>[39m
  [0mView Details[0m
  [36m<span[39m
    [33mclass[39m=[32m"MuiTouchRipple-root css-8je8zh-MuiTouchRipple-root"[39m
  [36m/>[39m
[36m</a>[39m

Ignored nodes: comments, script, style
[36m<a[39m
  [33mclass[39m=[32m"MuiButtonBase-root MuiButton-root MuiButton-contained MuiButton-containedPrimary MuiButton-sizeSmall MuiButton-containedSizeSmall MuiButton-colorPrimary MuiButton-fullWidth MuiButton-root MuiButton-contained MuiButton-containedPrimary MuiButton-sizeSmall MuiButton-containedSizeSmall MuiButton-colorPrimary MuiButton-fullWidth css-1evprfk-MuiButtonBase-root-MuiButton-root"[39m
  [33mhref[39m=[32m"/projects/1"[39m
  [33mtabindex[39m=[32m"0"[39m
[36m>[39m
  [0mView Details[0m
  [36m<span[39m
    [33mclass[39m=[32m"MuiTouchRipple-root css-8je8zh-MuiTouchRipple-root"[39m
  [36m/>[39m
[36m</a>[39m

Ignored nodes: comments, script, style
[36m<a[39m
  [33mclass[39m=[32m"MuiButtonBase-root MuiButton-root MuiButton-contained MuiButton-containedPrimary MuiButton-sizeSmall MuiButton-containedSizeSmall MuiButton-colorPrimary MuiButton-fullWidth MuiButton-root MuiButton-contained MuiButton-containedPrimary MuiButton-sizeSmall MuiButton-containedSizeSmall MuiButton-colorPrimary MuiButton-fullWidth css-1evprfk-MuiButtonBase-root-MuiButton-root"[39m
  [33mhref[39m=[32m"/projects/1"[39m
  [33mtabindex[39m=[32m"0"[39m
[36m>[39m
  [0mView Details[0m
  [36m<span[39m
    [33mclass[39m=[32m"MuiTouchRipple-root css-8je8zh-MuiTouchRipple-root"[39m
  [36m/>[39m
[36m</a>[39m

Ignored nodes: comments, script, style
[36m<a[39m
  [33mclass[39m=[32m"MuiButtonBase-root MuiButton-root MuiButton-contained MuiButton-containedPrimary MuiButton-sizeSmall MuiButton-containedSizeSmall MuiButton-colorPrimary MuiButton-fullWidth MuiButton-root MuiButton-contained MuiButton-containedPrimary MuiButton-sizeSmall MuiButton-containedSizeSmall MuiButton-colorPrimary MuiButton-fullWidth css-1evprfk-MuiButtonBase-root-MuiButton-root"[39m
  [33mhref[39m=[32m"/projects/1"[39m
  [33mtabindex[39m=[32m"0"[39m
[36m>[39m
  [0mView Details[0m
  [36m<span[39m
    [33mclass[39m=[32m"MuiTouchRipple-root css-8je8zh-MuiTouchRipple-root"[39m
  [36m/>[39m
[36m</a>[39m

Ignored nodes: comments, script, style
[36m<a[39m
  [33mclass[39m=[32m"MuiButtonBase-root MuiButton-root MuiButton-contained MuiButton-containedPrimary MuiButton-sizeSmall MuiButton-containedSizeSmall MuiButton-colorPrimary MuiButton-fullWidth MuiButton-root MuiButton-contained MuiButton-containedPrimary MuiButton-sizeSmall MuiButton-containedSizeSmall MuiButton-colorPrimary MuiButton-fullWidth css-1evprfk-MuiButtonBase-root-MuiButton-root"[39m
  [33mhref[39m=[32m"/projects/1"[39m
  [33mtabindex[39m=[32m"0"[39m
[36m>[39m
  [0mView Details[0m
  [36m<span[39m
    [33mclass[39m=[32m"MuiTouchRipple-root css-8je8zh-MuiTouchRipple-root"[39m
  [36m/>[39m
[36m</a>[39m

Ignored nodes: comments, script, style
[36m<a[39m
  [33mclass[39m=[32m"MuiButtonBase-root MuiButton-root MuiButton-contained MuiButton-containedPrimary MuiButton-sizeSmall MuiButton-containedSizeSmall MuiButton-colorPrimary MuiButton-fullWidth MuiButton-root MuiButton-contained MuiButton-containedPrimary MuiButton-sizeSmall MuiButton-containedSizeSmall MuiButton-colorPrimary MuiButton-fullWidth css-1evprfk-MuiButtonBase-root-MuiButton-root"[39m
  [33mhref[39m=[32m"/projects/1"[39m
  [33mtabindex[39m=[32m"0"[39m
[36m>[39m
  [0mView Details[0m
  [36m<span[39m
    [33mclass[39m=[32m"MuiTouchRipple-root css-8je8zh-MuiTouchRipple-root"[39m
  [36m/>[39m
[36m</a>[39m

Ignored nodes: comments, script, style
[36m<a[39m
  [33mclass[39m=[32m"MuiButtonBase-root MuiButton-root MuiButton-contained MuiButton-containedPrimary MuiButton-sizeSmall MuiButton-containedSizeSmall MuiButton-colorPrimary MuiButton-fullWidth MuiButton-root MuiButton-contained MuiButton-containedPrimary MuiButton-sizeSmall MuiButton-containedSizeSmall MuiButton-colorPrimary MuiButton-fullWidth css-1evprfk-MuiButtonBase-root-MuiButton-root"[39m
  [33mhref[39m=[32m"/projects/1"[39m
  [33mtabindex[39m=[32m"0"[39m
[36m>[39m
  [0mView Details[0m
  [36m<span[39m
    [33mclass[39m=[32m"MuiTouchRipple-root css-8je8zh-MuiTouchRipple-root"[39m
  [36m/>[39m
[36m</a>[39m

Ignored nodes: comments, script, style
[36m<a[39m
  [33mclass[39m=[32m"MuiButtonBase-root MuiButton-root MuiButton-contained MuiButton-containedPrimary MuiButton-sizeSmall MuiButton-containedSizeSmall MuiButton-colorPrimary MuiButton-fullWidth MuiButton-root MuiButton-contained MuiButton-containedPrimary MuiButton-sizeSmall MuiButton-containedSizeSmall MuiButton-colorPrimary MuiButton-fullWidth css-1evprfk-MuiButtonBase-root-MuiButton-root"[39m
  [33mhref[39m=[32m"/projects/1"[39m
  [33mtabindex[39m=[32m"0"[39m
[36m>[39m
  [0mView Details[0m
  [36m<span[39m
    [33mclass[39m=[32m"MuiTouchRipple-root css-8je8zh-MuiTouchRipple-root"[39m
  [36m/>[39m
[36m</a>[39m

(If this is intentional, then use the `*AllBy*` variant of the query (like `queryAllByText`, `getAllByText`, or `findAllByText`)).

Ignored nodes: comments, script, style
[36m<body[39m
  [33mstyle[39m=[32m"padding-right: 1024px; overflow: hidden;"[39m
[36m>[39m
  [36m<div[39m
    [33maria-hidden[39m=[32m"true"[39m
  [36m>[39m
    [36m<div[39m
      [33mclass[39m=[32m"MuiBox-root css-0"[39m
    [36m>[39m
      [36m<div[39m
        [33mclass[39m=[32m"MuiBox-root css-i3pbo"[39m
      [36m>[39m
        [36m<h5[39m
          [33mclass[39m=[32m"MuiTypography-root MuiTypography-h5 MuiTypography-gutterBottom css-1hkf4sh-MuiTypography-root"[39m
        [36m>[39m
          [0mPayment History[0m
        [36m</h5>[39m
        [36m<p[39m
          [33mclass[39m=[32m"MuiTypography-root MuiTypography-body2 css-xtz2xu-MuiTypography-root"[39m
        [36m>[39m
          [0m1[0m
          [0m payment[0m
          [0m found[0m
        [36m</p>[39m
      [36m</div>[39m
      [36m<div[39m
        [33mclass[39m=[32m"MuiGrid-root MuiGrid-container MuiGrid-spacing-xs-2 css-12rc5ck-MuiGrid-root"[39m
      [36m>[39m
        [36m<div[39m
          [33mclass[39m=[32m"MuiGrid-root MuiGrid-item MuiGrid-grid-xs-12 MuiGrid-grid-sm-6 MuiGrid-grid-md-3 css-10voxkt-MuiGrid-root"[39m
        [36m>[39m
          [36m<div[39m
            [33mclass[39m=[32m"MuiFormControl-root MuiFormControl-fullWidth MuiTextField-root css-18hear-MuiFormControl-root-MuiTextField-root"[39m
          [36m>[39m
            [36m<div[39m
              [33mclass[39m=[32m"MuiInputBase-root MuiOutlinedInput-root MuiInputBase-colorPrimary MuiInputBase-fullWidth MuiInputBase-formControl MuiInputBase-sizeSmall MuiInputBase-adornedStart css-1cj7mpt-MuiInputBase-root-MuiOutlinedInput-root"[39m
            [36m>[39m
              [36m<div[39m
                [33mclass[39m=[32m"MuiInputAdornment-root MuiInputAdornment-positionStart MuiInputAdornment-outlined MuiInputAdornment-sizeSmall css-ittuaa-MuiInputAdornment-root"[39m
              [36m>[39m
                [36m<span[39m
                  [33mclass[39m=[32m"notranslate"[39m
                [36m>[39m
                  [0m​[0m
                [36m</span>[39m
                [36m<svg[39m
                  [33maria-hidden[39m=[32m"true"[39m
                  [33mclass[39m=[32m"MuiSvgIcon-root MuiSvgIcon-fontSizeMedium css-i4bv87-MuiSvgIcon-root"[39m
                  [33mdata-testid[39m=[32m"SearchIcon"[39m
                  [33mfocusable[39m=[32m"false"[39m
                  [33mviewBox[39m=[32m"0 0 24 24"[39m
                [36m>[39m
                  [36m<path[39m
                    [33md[39m=[32m"M15.5 14h-.79l-.28-.27C15.41 12.59 16 11.11 16 9.5 16 5.91 13.09 3 9.5 3S3 5.91 3 9.5 5.91 16 9.5 16c1.61 0 3.09-.59 4.23-1.57l.27.28v.79l5 4.99L20.49 19zm-6 0C7.01 14 5 11.99 5 9.5S7.01 5 9.5 5 14 7.01 14 9.5 11.99 14 9.5 14"[39m
                  [36m/>[39m
                [36m</svg>[39m
              [36m</div>[39m
              [36m<input[39m
                [33maria-invalid[39m=[32m"false"[39m
                [33mclass[39m=[32m"MuiInputBase-input MuiOutlinedInput-input MuiInputBase-inputSizeSmall MuiInputBase-inputAdornedStart css-1ua80n0-MuiInputBase-input-MuiOutlinedInput-input"[39m
                [33mid[39m=[32m":rt:"[39m
                [33mplaceholder[39m=[32m"Search payments..."[39m
                [33mtype[39m=[32m"text"[39m
                [33mvalue[39m=[32m""[39m
              [36m/>[39m
              [36m<fieldset[39m
                [33maria-hidden[39m=[32m"true"[39m
                [33mclass[39m=[32m"MuiOutlinedInput-notchedOutline css-r01yff-MuiNotchedOutlined-root-MuiOutlinedInput-notchedOutline"[39m
              [36m>[39m
                [36m<legend[39m
                  [33mclass[39m=[32m"css-1whs34k-MuiNotchedOutlined-root"[39m
                [36m>[39m
                  [36m<span[39m
                    [33mclass[39m=[32m"notranslate"[39m
                  [36m>[39m
                    [0m​[0m
                  [36m</span>[39m
                [36m</legend>[39m
              [36m</fieldset>[39m
            [36m</div>[39m
          [36m</div>[39m
        [36m</div>[39m
        [36m<div[39m
          [33mclass[39m=[32m"MuiGrid-root MuiGrid-item MuiGrid-grid-xs-12 MuiGrid-grid-sm-6 MuiGrid-grid-md-3 css-10voxkt-MuiGrid-root"[39m
        [36m>[39m
          [36m<div[39m
            [33mclass[39m=[32m"MuiFormControl-root MuiFormControl-fullWidth css-q8hpuo-MuiFormControl-root"[39m
          [36m>[39m
            [36m<label[39m
              [33mclass[39m=[32m"MuiFormLabel-root MuiInputLabel-root MuiInputLabel-formControl MuiInputLabel-animated MuiInputLabel-shrink MuiInputLabel-sizeSmall MuiInputLabel-outlined MuiFormLabel-colorPrimary MuiFormLabel-filled MuiInputLabel-root MuiInputLabel-formControl MuiInputLabel-animated MuiInputLabel-shrink MuiInputLabel-sizeSmall MuiInputLabel-outlined css-fe0mau-MuiFormLabel-root-MuiInputLabel-root"[39m
              [33mdata-shrink[39m=[32m"true"[39m
            [36m>[39m
              [0mStatus[0m
            [36m</label>[39m
            [36m<div[39m
              [33mclass[39m=[32m"MuiInputBase-root MuiOutlinedInput-root MuiInputBase-colorPrimary MuiInputBase-formControl MuiInputBase-sizeSmall css-13lg1x7-MuiInputBase-root-MuiOutlinedInput-root-MuiSelect-root"[39m
            [36m>[39m
              [36m<div[39m
                [33maria-controls[39m=[32m":ru:"[39m
                [33maria-expanded[39m=[32m"false"[39m
                [33maria-haspopup[39m=[32m"listbox"[39m
                [33mclass[39m=[32m"MuiSelect-select MuiSelect-outlined MuiInputBase-input MuiOutlinedInput-input MuiInputBase-inputSizeSmall css-1fzjff4-MuiSelect-select-MuiInputBase-input-MuiOutlinedInput-input"[39m
                [33mrole[39m=[32m"combobox"[39m
                [33mtabindex[39m=[32m"0"[39m
              [36m>[39m
                [0mAll Statuses[0m
              [36m</div>[39m
              [36m<input[39m
                [33maria-hidden[39m=[32m"true"[39m
                [33maria-invalid[39m=[32m"false"[39m
                [33mclass[39m=[32m"MuiSelect-nativeInput css-yf8vq0-MuiSelect-nativeInput"[39m
                [33mtabindex[39m=[32m"-1"[39m
                [33mvalue[39m=[32m"all"[39m
              [36m/>[39m
              [36m<svg[39m
                [33maria-hidden[39m=[32m"true"[39m
                [33mclass[39m=[32m"MuiSvgIcon-root MuiSvgIcon-fontSizeMedium MuiSelect-icon MuiSelect-iconOutlined css-hfutr2-MuiSvgIcon-root-MuiSelect-icon"[39m
                [33mdata-testid[39m=[32m"ArrowDropDownIcon"[39m
                [33mfocusable[39m=[32m"false"[39m
                [33mviewBox[39m=[32m"0 0 24 24"[39m
              [36m>[39m
                [36m<path[39m
                  [33md[39m=[32m"M7 10l5 5 5-5z"[39m
                [36m/>[39m
              [36m</svg>[...
 ❯ Object.getElementError node_modules/@testing-library/react/node_modules/@testing-library/dom/dist/config.js:37:19
 ❯ getElementError node_modules/@testing-library/react/node_modules/@testing-library/dom/dist/query-helpers.js:20:35
 ❯ getMultipleElementsFoundError node_modules/@testing-library/react/node_modules/@testing-library/dom/dist/query-helpers.js:23:10
 ❯ node_modules/@testing-library/react/node_modules/@testing-library/dom/dist/query-helpers.js:55:13
 ❯ node_modules/@testing-library/react/node_modules/@testing-library/dom/dist/query-helpers.js:95:19
 ❯ src/test/project.test.tsx:206:38
    204|       );
    205| 
    206|       const viewDetailsLink = screen.getByText('View Details');
       |                                      ^
    207|       expect(viewDetailsLink).toBeInTheDocument();
    208|       expect(viewDetailsLink.closest('a')).toHaveAttribute('href', '/p…

⎯⎯⎯⎯⎯⎯⎯⎯⎯⎯⎯⎯⎯⎯⎯⎯⎯⎯⎯⎯⎯⎯[33/66]⎯

 FAIL  src/test/project.test.tsx > Project Components > ProjectFilters > renders quick filter buttons
TestingLibraryElementError: Found multiple elements with the text: Featured

Here are the matching elements:

Ignored nodes: comments, script, style
[36m<button[39m
  [33mclass[39m=[32m"MuiButtonBase-root MuiButton-root MuiButton-outlined MuiButton-outlinedPrimary MuiButton-sizeSmall MuiButton-outlinedSizeSmall MuiButton-colorPrimary MuiButton-root MuiButton-outlined MuiButton-outlinedPrimary MuiButton-sizeSmall MuiButton-outlinedSizeSmall MuiButton-colorPrimary css-1k23hlb-MuiButtonBase-root-MuiButton-root"[39m
  [33mtabindex[39m=[32m"0"[39m
  [33mtype[39m=[32m"button"[39m
[36m>[39m
  [0mFeatured[0m
  [36m<span[39m
    [33mclass[39m=[32m"MuiTouchRipple-root css-8je8zh-MuiTouchRipple-root"[39m
  [36m/>[39m
[36m</button>[39m

Ignored nodes: comments, script, style
[36m<button[39m
  [33mclass[39m=[32m"MuiButtonBase-root MuiButton-root MuiButton-outlined MuiButton-outlinedPrimary MuiButton-sizeSmall MuiButton-outlinedSizeSmall MuiButton-colorPrimary MuiButton-root MuiButton-outlined MuiButton-outlinedPrimary MuiButton-sizeSmall MuiButton-outlinedSizeSmall MuiButton-colorPrimary css-1k23hlb-MuiButtonBase-root-MuiButton-root"[39m
  [33mtabindex[39m=[32m"0"[39m
  [33mtype[39m=[32m"button"[39m
[36m>[39m
  [0mFeatured[0m
  [36m<span[39m
    [33mclass[39m=[32m"MuiTouchRipple-root css-8je8zh-MuiTouchRipple-root"[39m
  [36m/>[39m
[36m</button>[39m

(If this is intentional, then use the `*AllBy*` variant of the query (like `queryAllByText`, `getAllByText`, or `findAllByText`)).

Ignored nodes: comments, script, style
[36m<body[39m
  [33mstyle[39m=[32m"padding-right: 1024px; overflow: hidden;"[39m
[36m>[39m
  [36m<div[39m
    [33maria-hidden[39m=[32m"true"[39m
  [36m>[39m
    [36m<div[39m
      [33mclass[39m=[32m"MuiBox-root css-0"[39m
    [36m>[39m
      [36m<div[39m
        [33mclass[39m=[32m"MuiBox-root css-i3pbo"[39m
      [36m>[39m
        [36m<h5[39m
          [33mclass[39m=[32m"MuiTypography-root MuiTypography-h5 MuiTypography-gutterBottom css-1hkf4sh-MuiTypography-root"[39m
        [36m>[39m
          [0mPayment History[0m
        [36m</h5>[39m
        [36m<p[39m
          [33mclass[39m=[32m"MuiTypography-root MuiTypography-body2 css-xtz2xu-MuiTypography-root"[39m
        [36m>[39m
          [0m1[0m
          [0m payment[0m
          [0m found[0m
        [36m</p>[39m
      [36m</div>[39m
      [36m<div[39m
        [33mclass[39m=[32m"MuiGrid-root MuiGrid-container MuiGrid-spacing-xs-2 css-12rc5ck-MuiGrid-root"[39m
      [36m>[39m
        [36m<div[39m
          [33mclass[39m=[32m"MuiGrid-root MuiGrid-item MuiGrid-grid-xs-12 MuiGrid-grid-sm-6 MuiGrid-grid-md-3 css-10voxkt-MuiGrid-root"[39m
        [36m>[39m
          [36m<div[39m
            [33mclass[39m=[32m"MuiFormControl-root MuiFormControl-fullWidth MuiTextField-root css-18hear-MuiFormControl-root-MuiTextField-root"[39m
          [36m>[39m
            [36m<div[39m
              [33mclass[39m=[32m"MuiInputBase-root MuiOutlinedInput-root MuiInputBase-colorPrimary MuiInputBase-fullWidth MuiInputBase-formControl MuiInputBase-sizeSmall MuiInputBase-adornedStart css-1cj7mpt-MuiInputBase-root-MuiOutlinedInput-root"[39m
            [36m>[39m
              [36m<div[39m
                [33mclass[39m=[32m"MuiInputAdornment-root MuiInputAdornment-positionStart MuiInputAdornment-outlined MuiInputAdornment-sizeSmall css-ittuaa-MuiInputAdornment-root"[39m
              [36m>[39m
                [36m<span[39m
                  [33mclass[39m=[32m"notranslate"[39m
                [36m>[39m
                  [0m​[0m
                [36m</span>[39m
                [36m<svg[39m
                  [33maria-hidden[39m=[32m"true"[39m
                  [33mclass[39m=[32m"MuiSvgIcon-root MuiSvgIcon-fontSizeMedium css-i4bv87-MuiSvgIcon-root"[39m
                  [33mdata-testid[39m=[32m"SearchIcon"[39m
                  [33mfocusable[39m=[32m"false"[39m
                  [33mviewBox[39m=[32m"0 0 24 24"[39m
                [36m>[39m
                  [36m<path[39m
                    [33md[39m=[32m"M15.5 14h-.79l-.28-.27C15.41 12.59 16 11.11 16 9.5 16 5.91 13.09 3 9.5 3S3 5.91 3 9.5 5.91 16 9.5 16c1.61 0 3.09-.59 4.23-1.57l.27.28v.79l5 4.99L20.49 19zm-6 0C7.01 14 5 11.99 5 9.5S7.01 5 9.5 5 14 7.01 14 9.5 11.99 14 9.5 14"[39m
                  [36m/>[39m
                [36m</svg>[39m
              [36m</div>[39m
              [36m<input[39m
                [33maria-invalid[39m=[32m"false"[39m
                [33mclass[39m=[32m"MuiInputBase-input MuiOutlinedInput-input MuiInputBase-inputSizeSmall MuiInputBase-inputAdornedStart css-1ua80n0-MuiInputBase-input-MuiOutlinedInput-input"[39m
                [33mid[39m=[32m":rt:"[39m
                [33mplaceholder[39m=[32m"Search payments..."[39m
                [33mtype[39m=[32m"text"[39m
                [33mvalue[39m=[32m""[39m
              [36m/>[39m
              [36m<fieldset[39m
                [33maria-hidden[39m=[32m"true"[39m
                [33mclass[39m=[32m"MuiOutlinedInput-notchedOutline css-r01yff-MuiNotchedOutlined-root-MuiOutlinedInput-notchedOutline"[39m
              [36m>[39m
                [36m<legend[39m
                  [33mclass[39m=[32m"css-1whs34k-MuiNotchedOutlined-root"[39m
                [36m>[39m
                  [36m<span[39m
                    [33mclass[39m=[32m"notranslate"[39m
                  [36m>[39m
                    [0m​[0m
                  [36m</span>[39m
                [36m</legend>[39m
              [36m</fieldset>[39m
            [36m</div>[39m
          [36m</div>[39m
        [36m</div>[39m
        [36m<div[39m
          [33mclass[39m=[32m"MuiGrid-root MuiGrid-item MuiGrid-grid-xs-12 MuiGrid-grid-sm-6 MuiGrid-grid-md-3 css-10voxkt-MuiGrid-root"[39m
        [36m>[39m
          [36m<div[39m
            [33mclass[39m=[32m"MuiFormControl-root MuiFormControl-fullWidth css-q8hpuo-MuiFormControl-root"[39m
          [36m>[39m
            [36m<label[39m
              [33mclass[39m=[32m"MuiFormLabel-root MuiInputLabel-root MuiInputLabel-formControl MuiInputLabel-animated MuiInputLabel-shrink MuiInputLabel-sizeSmall MuiInputLabel-outlined MuiFormLabel-colorPrimary MuiFormLabel-filled MuiInputLabel-root MuiInputLabel-formControl MuiInputLabel-animated MuiInputLabel-shrink MuiInputLabel-sizeSmall MuiInputLabel-outlined css-fe0mau-MuiFormLabel-root-MuiInputLabel-root"[39m
              [33mdata-shrink[39m=[32m"true"[39m
            [36m>[39m
              [0mStatus[0m
            [36m</label>[39m
            [36m<div[39m
              [33mclass[39m=[32m"MuiInputBase-root MuiOutlinedInput-root MuiInputBase-colorPrimary MuiInputBase-formControl MuiInputBase-sizeSmall css-13lg1x7-MuiInputBase-root-MuiOutlinedInput-root-MuiSelect-root"[39m
            [36m>[39m
              [36m<div[39m
                [33maria-controls[39m=[32m":ru:"[39m
                [33maria-expanded[39m=[32m"false"[39m
                [33maria-haspopup[39m=[32m"listbox"[39m
                [33mclass[39m=[32m"MuiSelect-select MuiSelect-outlined MuiInputBase-input MuiOutlinedInput-input MuiInputBase-inputSizeSmall css-1fzjff4-MuiSelect-select-MuiInputBase-input-MuiOutlinedInput-input"[39m
                [33mrole[39m=[32m"combobox"[39m
                [33mtabindex[39m=[32m"0"[39m
              [36m>[39m
                [0mAll Statuses[0m
              [36m</div>[39m
              [36m<input[39m
                [33maria-hidden[39m=[32m"true"[39m
                [33maria-invalid[39m=[32m"false"[39m
                [33mclass[39m=[32m"MuiSelect-nativeInput css-yf8vq0-MuiSelect-nativeInput"[39m
                [33mtabindex[39m=[32m"-1"[39m
                [33mvalue[39m=[32m"all"[39m
              [36m/>[39m
              [36m<svg[39m
                [33maria-hidden[39m=[32m"true"[39m
                [33mclass[39m=[32m"MuiSvgIcon-root MuiSvgIcon-fontSizeMedium MuiSelect-icon MuiSelect-iconOutlined css-hfutr2-MuiSvgIcon-root-MuiSelect-icon"[39m
                [33mdata-testid[39m=[32m"ArrowDropDownIcon"[39m
                [33mfocusable[39m=[32m"false"[39m
                [33mviewBox[39m=[32m"0 0 24 24"[39m
              [36m>[39m
                [36m<path[39m
                  [33md[39m=[32m"M7 10l5 5 5-5z"[39m
                [36m/>[39m
              [36m</svg>[...
 ❯ Object.getElementError node_modules/@testing-library/react/node_modules/@testing-library/dom/dist/config.js:37:19
 ❯ getElementError node_modules/@testing-library/react/node_modules/@testing-library/dom/dist/query-helpers.js:20:35
 ❯ getMultipleElementsFoundError node_modules/@testing-library/react/node_modules/@testing-library/dom/dist/query-helpers.js:23:10
 ❯ node_modules/@testing-library/react/node_modules/@testing-library/dom/dist/query-helpers.js:55:13
 ❯ node_modules/@testing-library/react/node_modules/@testing-library/dom/dist/query-helpers.js:95:19
 ❯ src/test/project.test.tsx:254:21
    252|       );
    253| 
    254|       expect(screen.getByText('Featured')).toBeInTheDocument();
       |                     ^
    255|       expect(screen.getByText('Urgent')).toBeInTheDocument();
    256|     });

⎯⎯⎯⎯⎯⎯⎯⎯⎯⎯⎯⎯⎯⎯⎯⎯⎯⎯⎯⎯⎯⎯[34/66]⎯

 FAIL  src/test/project.test.tsx > Project Components > ProjectFilters > calls onFiltersChange when search input changes
TestingLibraryElementError: Found multiple elements with the placeholder text of: Search projects...

Here are the matching elements:

Ignored nodes: comments, script, style
[36m<input[39m
  [33maria-invalid[39m=[32m"false"[39m
  [33mclass[39m=[32m"MuiInputBase-input MuiOutlinedInput-input MuiInputBase-inputAdornedStart css-1o9s3wi-MuiInputBase-input-MuiOutlinedInput-input"[39m
  [33mid[39m=[32m":r4g:"[39m
  [33mplaceholder[39m=[32m"Search projects..."[39m
  [33mtype[39m=[32m"text"[39m
  [33mvalue[39m=[32m""[39m
[36m/>[39m

Ignored nodes: comments, script, style
[36m<input[39m
  [33maria-invalid[39m=[32m"false"[39m
  [33mclass[39m=[32m"MuiInputBase-input MuiOutlinedInput-input MuiInputBase-inputAdornedStart css-1o9s3wi-MuiInputBase-input-MuiOutlinedInput-input"[39m
  [33mid[39m=[32m":r4n:"[39m
  [33mplaceholder[39m=[32m"Search projects..."[39m
  [33mtype[39m=[32m"text"[39m
  [33mvalue[39m=[32m""[39m
[36m/>[39m

Ignored nodes: comments, script, style
[36m<input[39m
  [33maria-invalid[39m=[32m"false"[39m
  [33mclass[39m=[32m"MuiInputBase-input MuiOutlinedInput-input MuiInputBase-inputAdornedStart css-1o9s3wi-MuiInputBase-input-MuiOutlinedInput-input"[39m
  [33mid[39m=[32m":r4u:"[39m
  [33mplaceholder[39m=[32m"Search projects..."[39m
  [33mtype[39m=[32m"text"[39m
  [33mvalue[39m=[32m""[39m
[36m/>[39m

(If this is intentional, then use the `*AllBy*` variant of the query (like `queryAllByText`, `getAllByText`, or `findAllByText`)).

Ignored nodes: comments, script, style
[36m<body[39m
  [33mstyle[39m=[32m"padding-right: 1024px; overflow: hidden;"[39m
[36m>[39m
  [36m<div[39m
    [33maria-hidden[39m=[32m"true"[39m
  [36m>[39m
    [36m<div[39m
      [33mclass[39m=[32m"MuiBox-root css-0"[39m
    [36m>[39m
      [36m<div[39m
        [33mclass[39m=[32m"MuiBox-root css-i3pbo"[39m
      [36m>[39m
        [36m<h5[39m
          [33mclass[39m=[32m"MuiTypography-root MuiTypography-h5 MuiTypography-gutterBottom css-1hkf4sh-MuiTypography-root"[39m
        [36m>[39m
          [0mPayment History[0m
        [36m</h5>[39m
        [36m<p[39m
          [33mclass[39m=[32m"MuiTypography-root MuiTypography-body2 css-xtz2xu-MuiTypography-root"[39m
        [36m>[39m
          [0m1[0m
          [0m payment[0m
          [0m found[0m
        [36m</p>[39m
      [36m</div>[39m
      [36m<div[39m
        [33mclass[39m=[32m"MuiGrid-root MuiGrid-container MuiGrid-spacing-xs-2 css-12rc5ck-MuiGrid-root"[39m
      [36m>[39m
        [36m<div[39m
          [33mclass[39m=[32m"MuiGrid-root MuiGrid-item MuiGrid-grid-xs-12 MuiGrid-grid-sm-6 MuiGrid-grid-md-3 css-10voxkt-MuiGrid-root"[39m
        [36m>[39m
          [36m<div[39m
            [33mclass[39m=[32m"MuiFormControl-root MuiFormControl-fullWidth MuiTextField-root css-18hear-MuiFormControl-root-MuiTextField-root"[39m
          [36m>[39m
            [36m<div[39m
              [33mclass[39m=[32m"MuiInputBase-root MuiOutlinedInput-root MuiInputBase-colorPrimary MuiInputBase-fullWidth MuiInputBase-formControl MuiInputBase-sizeSmall MuiInputBase-adornedStart css-1cj7mpt-MuiInputBase-root-MuiOutlinedInput-root"[39m
            [36m>[39m
              [36m<div[39m
                [33mclass[39m=[32m"MuiInputAdornment-root MuiInputAdornment-positionStart MuiInputAdornment-outlined MuiInputAdornment-sizeSmall css-ittuaa-MuiInputAdornment-root"[39m
              [36m>[39m
                [36m<span[39m
                  [33mclass[39m=[32m"notranslate"[39m
                [36m>[39m
                  [0m​[0m
                [36m</span>[39m
                [36m<svg[39m
                  [33maria-hidden[39m=[32m"true"[39m
                  [33mclass[39m=[32m"MuiSvgIcon-root MuiSvgIcon-fontSizeMedium css-i4bv87-MuiSvgIcon-root"[39m
                  [33mdata-testid[39m=[32m"SearchIcon"[39m
                  [33mfocusable[39m=[32m"false"[39m
                  [33mviewBox[39m=[32m"0 0 24 24"[39m
                [36m>[39m
                  [36m<path[39m
                    [33md[39m=[32m"M15.5 14h-.79l-.28-.27C15.41 12.59 16 11.11 16 9.5 16 5.91 13.09 3 9.5 3S3 5.91 3 9.5 5.91 16 9.5 16c1.61 0 3.09-.59 4.23-1.57l.27.28v.79l5 4.99L20.49 19zm-6 0C7.01 14 5 11.99 5 9.5S7.01 5 9.5 5 14 7.01 14 9.5 11.99 14 9.5 14"[39m
                  [36m/>[39m
                [36m</svg>[39m
              [36m</div>[39m
              [36m<input[39m
                [33maria-invalid[39m=[32m"false"[39m
                [33mclass[39m=[32m"MuiInputBase-input MuiOutlinedInput-input MuiInputBase-inputSizeSmall MuiInputBase-inputAdornedStart css-1ua80n0-MuiInputBase-input-MuiOutlinedInput-input"[39m
                [33mid[39m=[32m":rt:"[39m
                [33mplaceholder[39m=[32m"Search payments..."[39m
                [33mtype[39m=[32m"text"[39m
                [33mvalue[39m=[32m""[39m
              [36m/>[39m
              [36m<fieldset[39m
                [33maria-hidden[39m=[32m"true"[39m
                [33mclass[39m=[32m"MuiOutlinedInput-notchedOutline css-r01yff-MuiNotchedOutlined-root-MuiOutlinedInput-notchedOutline"[39m
              [36m>[39m
                [36m<legend[39m
                  [33mclass[39m=[32m"css-1whs34k-MuiNotchedOutlined-root"[39m
                [36m>[39m
                  [36m<span[39m
                    [33mclass[39m=[32m"notranslate"[39m
                  [36m>[39m
                    [0m​[0m
                  [36m</span>[39m
                [36m</legend>[39m
              [36m</fieldset>[39m
            [36m</div>[39m
          [36m</div>[39m
        [36m</div>[39m
        [36m<div[39m
          [33mclass[39m=[32m"MuiGrid-root MuiGrid-item MuiGrid-grid-xs-12 MuiGrid-grid-sm-6 MuiGrid-grid-md-3 css-10voxkt-MuiGrid-root"[39m
        [36m>[39m
          [36m<div[39m
            [33mclass[39m=[32m"MuiFormControl-root MuiFormControl-fullWidth css-q8hpuo-MuiFormControl-root"[39m
          [36m>[39m
            [36m<label[39m
              [33mclass[39m=[32m"MuiFormLabel-root MuiInputLabel-root MuiInputLabel-formControl MuiInputLabel-animated MuiInputLabel-shrink MuiInputLabel-sizeSmall MuiInputLabel-outlined MuiFormLabel-colorPrimary MuiFormLabel-filled MuiInputLabel-root MuiInputLabel-formControl MuiInputLabel-animated MuiInputLabel-shrink MuiInputLabel-sizeSmall MuiInputLabel-outlined css-fe0mau-MuiFormLabel-root-MuiInputLabel-root"[39m
              [33mdata-shrink[39m=[32m"true"[39m
            [36m>[39m
              [0mStatus[0m
            [36m</label>[39m
            [36m<div[39m
              [33mclass[39m=[32m"MuiInputBase-root MuiOutlinedInput-root MuiInputBase-colorPrimary MuiInputBase-formControl MuiInputBase-sizeSmall css-13lg1x7-MuiInputBase-root-MuiOutlinedInput-root-MuiSelect-root"[39m
            [36m>[39m
              [36m<div[39m
                [33maria-controls[39m=[32m":ru:"[39m
                [33maria-expanded[39m=[32m"false"[39m
                [33maria-haspopup[39m=[32m"listbox"[39m
                [33mclass[39m=[32m"MuiSelect-select MuiSelect-outlined MuiInputBase-input MuiOutlinedInput-input MuiInputBase-inputSizeSmall css-1fzjff4-MuiSelect-select-MuiInputBase-input-MuiOutlinedInput-input"[39m
                [33mrole[39m=[32m"combobox"[39m
                [33mtabindex[39m=[32m"0"[39m
              [36m>[39m
                [0mAll Statuses[0m
              [36m</div>[39m
              [36m<input[39m
                [33maria-hidden[39m=[32m"true"[39m
                [33maria-invalid[39m=[32m"false"[39m
                [33mclass[39m=[32m"MuiSelect-nativeInput css-yf8vq0-MuiSelect-nativeInput"[39m
                [33mtabindex[39m=[32m"-1"[39m
                [33mvalue[39m=[32m"all"[39m
              [36m/>[39m
              [36m<svg[39m
                [33maria-hidden[39m=[32m"true"[39m
                [33mclass[39m=[32m"MuiSvgIcon-root MuiSvgIcon-fontSizeMedium MuiSelect-icon MuiSelect-iconOutlined css-hfutr2-MuiSvgIcon-root-MuiSelect-icon"[39m
                [33mdata-testid[39m=[32m"ArrowDropDownIcon"[39m
                [33mfocusable[39m=[32m"false"[39m
                [33mviewBox[39m=[32m"0 0 24 24"[39m
              [36m>[39m
                [36m<path[39m
                  [33md[39m=[32m"M7 10l5 5 5-5z"[39m
                [36m/>[39m
              [36m</svg>[...
 ❯ Object.getElementError node_modules/@testing-library/react/node_modules/@testing-library/dom/dist/config.js:37:19
 ❯ getElementError node_modules/@testing-library/react/node_modules/@testing-library/dom/dist/query-helpers.js:20:35
 ❯ getMultipleElementsFoundError node_modules/@testing-library/react/node_modules/@testing-library/dom/dist/query-helpers.js:23:10
 ❯ node_modules/@testing-library/react/node_modules/@testing-library/dom/dist/query-helpers.js:55:13
 ❯ node_modules/@testing-library/react/node_modules/@testing-library/dom/dist/query-helpers.js:95:19
 ❯ src/test/project.test.tsx:269:34
    267|       );
    268| 
    269|       const searchInput = screen.getByPlaceholderText('Search projects…
       |                                  ^
    270|       fireEvent.change(searchInput, { target: { value: 'React' } });
    271| 

⎯⎯⎯⎯⎯⎯⎯⎯⎯⎯⎯⎯⎯⎯⎯⎯⎯⎯⎯⎯⎯⎯[35/66]⎯

 FAIL  src/test/project.test.tsx > Project Components > ProjectFilters > toggles featured filter when button clicked
TestingLibraryElementError: Found multiple elements with the text: Featured

Here are the matching elements:

Ignored nodes: comments, script, style
[36m<button[39m
  [33mclass[39m=[32m"MuiButtonBase-root MuiButton-root MuiButton-outlined MuiButton-outlinedPrimary MuiButton-sizeSmall MuiButton-outlinedSizeSmall MuiButton-colorPrimary MuiButton-root MuiButton-outlined MuiButton-outlinedPrimary MuiButton-sizeSmall MuiButton-outlinedSizeSmall MuiButton-colorPrimary css-1k23hlb-MuiButtonBase-root-MuiButton-root"[39m
  [33mtabindex[39m=[32m"0"[39m
  [33mtype[39m=[32m"button"[39m
[36m>[39m
  [0mFeatured[0m
  [36m<span[39m
    [33mclass[39m=[32m"MuiTouchRipple-root css-8je8zh-MuiTouchRipple-root"[39m
  [36m/>[39m
[36m</button>[39m

Ignored nodes: comments, script, style
[36m<button[39m
  [33mclass[39m=[32m"MuiButtonBase-root MuiButton-root MuiButton-outlined MuiButton-outlinedPrimary MuiButton-sizeSmall MuiButton-outlinedSizeSmall MuiButton-colorPrimary MuiButton-root MuiButton-outlined MuiButton-outlinedPrimary MuiButton-sizeSmall MuiButton-outlinedSizeSmall MuiButton-colorPrimary css-1k23hlb-MuiButtonBase-root-MuiButton-root"[39m
  [33mtabindex[39m=[32m"0"[39m
  [33mtype[39m=[32m"button"[39m
[36m>[39m
  [0mFeatured[0m
  [36m<span[39m
    [33mclass[39m=[32m"MuiTouchRipple-root css-8je8zh-MuiTouchRipple-root"[39m
  [36m/>[39m
[36m</button>[39m

Ignored nodes: comments, script, style
[36m<button[39m
  [33mclass[39m=[32m"MuiButtonBase-root MuiButton-root MuiButton-outlined MuiButton-outlinedPrimary MuiButton-sizeSmall MuiButton-outlinedSizeSmall MuiButton-colorPrimary MuiButton-root MuiButton-outlined MuiButton-outlinedPrimary MuiButton-sizeSmall MuiButton-outlinedSizeSmall MuiButton-colorPrimary css-1k23hlb-MuiButtonBase-root-MuiButton-root"[39m
  [33mtabindex[39m=[32m"0"[39m
  [33mtype[39m=[32m"button"[39m
[36m>[39m
  [0mFeatured[0m
  [36m<span[39m
    [33mclass[39m=[32m"MuiTouchRipple-root css-8je8zh-MuiTouchRipple-root"[39m
  [36m/>[39m
[36m</button>[39m

Ignored nodes: comments, script, style
[36m<button[39m
  [33mclass[39m=[32m"MuiButtonBase-root MuiButton-root MuiButton-outlined MuiButton-outlinedPrimary MuiButton-sizeSmall MuiButton-outlinedSizeSmall MuiButton-colorPrimary MuiButton-root MuiButton-outlined MuiButton-outlinedPrimary MuiButton-sizeSmall MuiButton-outlinedSizeSmall MuiButton-colorPrimary css-1k23hlb-MuiButtonBase-root-MuiButton-root"[39m
  [33mtabindex[39m=[32m"0"[39m
  [33mtype[39m=[32m"button"[39m
[36m>[39m
  [0mFeatured[0m
  [36m<span[39m
    [33mclass[39m=[32m"MuiTouchRipple-root css-8je8zh-MuiTouchRipple-root"[39m
  [36m/>[39m
[36m</button>[39m

(If this is intentional, then use the `*AllBy*` variant of the query (like `queryAllByText`, `getAllByText`, or `findAllByText`)).

Ignored nodes: comments, script, style
[36m<body[39m
  [33mstyle[39m=[32m"padding-right: 1024px; overflow: hidden;"[39m
[36m>[39m
  [36m<div[39m
    [33maria-hidden[39m=[32m"true"[39m
  [36m>[39m
    [36m<div[39m
      [33mclass[39m=[32m"MuiBox-root css-0"[39m
    [36m>[39m
      [36m<div[39m
        [33mclass[39m=[32m"MuiBox-root css-i3pbo"[39m
      [36m>[39m
        [36m<h5[39m
          [33mclass[39m=[32m"MuiTypography-root MuiTypography-h5 MuiTypography-gutterBottom css-1hkf4sh-MuiTypography-root"[39m
        [36m>[39m
          [0mPayment History[0m
        [36m</h5>[39m
        [36m<p[39m
          [33mclass[39m=[32m"MuiTypography-root MuiTypography-body2 css-xtz2xu-MuiTypography-root"[39m
        [36m>[39m
          [0m1[0m
          [0m payment[0m
          [0m found[0m
        [36m</p>[39m
      [36m</div>[39m
      [36m<div[39m
        [33mclass[39m=[32m"MuiGrid-root MuiGrid-container MuiGrid-spacing-xs-2 css-12rc5ck-MuiGrid-root"[39m
      [36m>[39m
        [36m<div[39m
          [33mclass[39m=[32m"MuiGrid-root MuiGrid-item MuiGrid-grid-xs-12 MuiGrid-grid-sm-6 MuiGrid-grid-md-3 css-10voxkt-MuiGrid-root"[39m
        [36m>[39m
          [36m<div[39m
            [33mclass[39m=[32m"MuiFormControl-root MuiFormControl-fullWidth MuiTextField-root css-18hear-MuiFormControl-root-MuiTextField-root"[39m
          [36m>[39m
            [36m<div[39m
              [33mclass[39m=[32m"MuiInputBase-root MuiOutlinedInput-root MuiInputBase-colorPrimary MuiInputBase-fullWidth MuiInputBase-formControl MuiInputBase-sizeSmall MuiInputBase-adornedStart css-1cj7mpt-MuiInputBase-root-MuiOutlinedInput-root"[39m
            [36m>[39m
              [36m<div[39m
                [33mclass[39m=[32m"MuiInputAdornment-root MuiInputAdornment-positionStart MuiInputAdornment-outlined MuiInputAdornment-sizeSmall css-ittuaa-MuiInputAdornment-root"[39m
              [36m>[39m
                [36m<span[39m
                  [33mclass[39m=[32m"notranslate"[39m
                [36m>[39m
                  [0m​[0m
                [36m</span>[39m
                [36m<svg[39m
                  [33maria-hidden[39m=[32m"true"[39m
                  [33mclass[39m=[32m"MuiSvgIcon-root MuiSvgIcon-fontSizeMedium css-i4bv87-MuiSvgIcon-root"[39m
                  [33mdata-testid[39m=[32m"SearchIcon"[39m
                  [33mfocusable[39m=[32m"false"[39m
                  [33mviewBox[39m=[32m"0 0 24 24"[39m
                [36m>[39m
                  [36m<path[39m
                    [33md[39m=[32m"M15.5 14h-.79l-.28-.27C15.41 12.59 16 11.11 16 9.5 16 5.91 13.09 3 9.5 3S3 5.91 3 9.5 5.91 16 9.5 16c1.61 0 3.09-.59 4.23-1.57l.27.28v.79l5 4.99L20.49 19zm-6 0C7.01 14 5 11.99 5 9.5S7.01 5 9.5 5 14 7.01 14 9.5 11.99 14 9.5 14"[39m
                  [36m/>[39m
                [36m</svg>[39m
              [36m</div>[39m
              [36m<input[39m
                [33maria-invalid[39m=[32m"false"[39m
                [33mclass[39m=[32m"MuiInputBase-input MuiOutlinedInput-input MuiInputBase-inputSizeSmall MuiInputBase-inputAdornedStart css-1ua80n0-MuiInputBase-input-MuiOutlinedInput-input"[39m
                [33mid[39m=[32m":rt:"[39m
                [33mplaceholder[39m=[32m"Search payments..."[39m
                [33mtype[39m=[32m"text"[39m
                [33mvalue[39m=[32m""[39m
              [36m/>[39m
              [36m<fieldset[39m
                [33maria-hidden[39m=[32m"true"[39m
                [33mclass[39m=[32m"MuiOutlinedInput-notchedOutline css-r01yff-MuiNotchedOutlined-root-MuiOutlinedInput-notchedOutline"[39m
              [36m>[39m
                [36m<legend[39m
                  [33mclass[39m=[32m"css-1whs34k-MuiNotchedOutlined-root"[39m
                [36m>[39m
                  [36m<span[39m
                    [33mclass[39m=[32m"notranslate"[39m
                  [36m>[39m
                    [0m​[0m
                  [36m</span>[39m
                [36m</legend>[39m
              [36m</fieldset>[39m
            [36m</div>[39m
          [36m</div>[39m
        [36m</div>[39m
        [36m<div[39m
          [33mclass[39m=[32m"MuiGrid-root MuiGrid-item MuiGrid-grid-xs-12 MuiGrid-grid-sm-6 MuiGrid-grid-md-3 css-10voxkt-MuiGrid-root"[39m
        [36m>[39m
          [36m<div[39m
            [33mclass[39m=[32m"MuiFormControl-root MuiFormControl-fullWidth css-q8hpuo-MuiFormControl-root"[39m
          [36m>[39m
            [36m<label[39m
              [33mclass[39m=[32m"MuiFormLabel-root MuiInputLabel-root MuiInputLabel-formControl MuiInputLabel-animated MuiInputLabel-shrink MuiInputLabel-sizeSmall MuiInputLabel-outlined MuiFormLabel-colorPrimary MuiFormLabel-filled MuiInputLabel-root MuiInputLabel-formControl MuiInputLabel-animated MuiInputLabel-shrink MuiInputLabel-sizeSmall MuiInputLabel-outlined css-fe0mau-MuiFormLabel-root-MuiInputLabel-root"[39m
              [33mdata-shrink[39m=[32m"true"[39m
            [36m>[39m
              [0mStatus[0m
            [36m</label>[39m
            [36m<div[39m
              [33mclass[39m=[32m"MuiInputBase-root MuiOutlinedInput-root MuiInputBase-colorPrimary MuiInputBase-formControl MuiInputBase-sizeSmall css-13lg1x7-MuiInputBase-root-MuiOutlinedInput-root-MuiSelect-root"[39m
            [36m>[39m
              [36m<div[39m
                [33maria-controls[39m=[32m":ru:"[39m
                [33maria-expanded[39m=[32m"false"[39m
                [33maria-haspopup[39m=[32m"listbox"[39m
                [33mclass[39m=[32m"MuiSelect-select MuiSelect-outlined MuiInputBase-input MuiOutlinedInput-input MuiInputBase-inputSizeSmall css-1fzjff4-MuiSelect-select-MuiInputBase-input-MuiOutlinedInput-input"[39m
                [33mrole[39m=[32m"combobox"[39m
                [33mtabindex[39m=[32m"0"[39m
              [36m>[39m
                [0mAll Statuses[0m
              [36m</div>[39m
              [36m<input[39m
                [33maria-hidden[39m=[32m"true"[39m
                [33maria-invalid[39m=[32m"false"[39m
                [33mclass[39m=[32m"MuiSelect-nativeInput css-yf8vq0-MuiSelect-nativeInput"[39m
                [33mtabindex[39m=[32m"-1"[39m
                [33mvalue[39m=[32m"all"[39m
              [36m/>[39m
              [36m<svg[39m
                [33maria-hidden[39m=[32m"true"[39m
                [33mclass[39m=[32m"MuiSvgIcon-root MuiSvgIcon-fontSizeMedium MuiSelect-icon MuiSelect-iconOutlined css-hfutr2-MuiSvgIcon-root-MuiSelect-icon"[39m
                [33mdata-testid[39m=[32m"ArrowDropDownIcon"[39m
                [33mfocusable[39m=[32m"false"[39m
                [33mviewBox[39m=[32m"0 0 24 24"[39m
              [36m>[39m
                [36m<path[39m
                  [33md[39m=[32m"M7 10l5 5 5-5z"[39m
                [36m/>[39m
              [36m</svg>[...
 ❯ Object.getElementError node_modules/@testing-library/react/node_modules/@testing-library/dom/dist/config.js:37:19
 ❯ getElementError node_modules/@testing-library/react/node_modules/@testing-library/dom/dist/query-helpers.js:20:35
 ❯ getMultipleElementsFoundError node_modules/@testing-library/react/node_modules/@testing-library/dom/dist/query-helpers.js:23:10
 ❯ node_modules/@testing-library/react/node_modules/@testing-library/dom/dist/query-helpers.js:55:13
 ❯ node_modules/@testing-library/react/node_modules/@testing-library/dom/dist/query-helpers.js:95:19
 ❯ src/test/project.test.tsx:289:37
    287|       );
    288| 
    289|       const featuredButton = screen.getByText('Featured');
       |                                     ^
    290|       fireEvent.click(featuredButton);
    291| 

⎯⎯⎯⎯⎯⎯⎯⎯⎯⎯⎯⎯⎯⎯⎯⎯⎯⎯⎯⎯⎯⎯[36/66]⎯

 FAIL  src/test/project.test.tsx > Project Components > ProjectFilters > expands advanced filters when button clicked
TestingLibraryElementError: Found multiple elements with the text: Advanced Filters

Here are the matching elements:

Ignored nodes: comments, script, style
[36m<button[39m
  [33mclass[39m=[32m"MuiButtonBase-root MuiButton-root MuiButton-outlined MuiButton-outlinedPrimary MuiButton-sizeSmall MuiButton-outlinedSizeSmall MuiButton-colorPrimary MuiButton-root MuiButton-outlined MuiButton-outlinedPrimary MuiButton-sizeSmall MuiButton-outlinedSizeSmall MuiButton-colorPrimary css-1k23hlb-MuiButtonBase-root-MuiButton-root"[39m
  [33mtabindex[39m=[32m"0"[39m
  [33mtype[39m=[32m"button"[39m
[36m>[39m
  [36m<span[39m
    [33mclass[39m=[32m"MuiButton-icon MuiButton-startIcon MuiButton-iconSizeSmall css-y6rp3m-MuiButton-startIcon"[39m
  [36m>[39m
    [36m<svg[39m
      [33maria-hidden[39m=[32m"true"[39m
      [33mclass[39m=[32m"MuiSvgIcon-root MuiSvgIcon-fontSizeMedium css-i4bv87-MuiSvgIcon-root"[39m
      [33mdata-testid[39m=[32m"FilterListIcon"[39m
      [33mfocusable[39m=[32m"false"[39m
      [33mviewBox[39m=[32m"0 0 24 24"[39m
    [36m>[39m
      [36m<path[39m
        [33md[39m=[32m"M10 18h4v-2h-4zM3 6v2h18V6zm3 7h12v-2H6z"[39m
      [36m/>[39m
    [36m</svg>[39m
  [36m</span>[39m
  [0mAdvanced Filters[0m
  [36m<span[39m
    [33mclass[39m=[32m"MuiButton-icon MuiButton-endIcon MuiButton-iconSizeSmall css-155nyw6-MuiButton-endIcon"[39m
  [36m>[39m
    [36m<svg[39m
      [33maria-hidden[39m=[32m"true"[39m
      [33mclass[39m=[32m"MuiSvgIcon-root MuiSvgIcon-fontSizeMedium css-i4bv87-MuiSvgIcon-root"[39m
      [33mdata-testid[39m=[32m"ExpandMoreIcon"[39m
      [33mfocusable[39m=[32m"false"[39m
      [33mviewBox[39m=[32m"0 0 24 24"[39m
    [36m>[39m
      [36m<path[39m
        [33md[39m=[32m"M16.59 8.59 12 13.17 7.41 8.59 6 10l6 6 6-6z"[39m
      [36m/>[39m
    [36m</svg>[39m
  [36m</span>[39m
  [36m<span[39m
    [33mclass[39m=[32m"MuiTouchRipple-root css-8je8zh-MuiTouchRipple-root"[39m
  [36m/>[39m
[36m</button>[39m

Ignored nodes: comments, script, style
[36m<button[39m
  [33mclass[39m=[32m"MuiButtonBase-root MuiButton-root MuiButton-outlined MuiButton-outlinedPrimary MuiButton-sizeSmall MuiButton-outlinedSizeSmall MuiButton-colorPrimary MuiButton-root MuiButton-outlined MuiButton-outlinedPrimary MuiButton-sizeSmall MuiButton-outlinedSizeSmall MuiButton-colorPrimary css-1k23hlb-MuiButtonBase-root-MuiButton-root"[39m
  [33mtabindex[39m=[32m"0"[39m
  [33mtype[39m=[32m"button"[39m
[36m>[39m
  [36m<span[39m
    [33mclass[39m=[32m"MuiButton-icon MuiButton-startIcon MuiButton-iconSizeSmall css-y6rp3m-MuiButton-startIcon"[39m
  [36m>[39m
    [36m<svg[39m
      [33maria-hidden[39m=[32m"true"[39m
      [33mclass[39m=[32m"MuiSvgIcon-root MuiSvgIcon-fontSizeMedium css-i4bv87-MuiSvgIcon-root"[39m
      [33mdata-testid[39m=[32m"FilterListIcon"[39m
      [33mfocusable[39m=[32m"false"[39m
      [33mviewBox[39m=[32m"0 0 24 24"[39m
    [36m>[39m
      [36m<path[39m
        [33md[39m=[32m"M10 18h4v-2h-4zM3 6v2h18V6zm3 7h12v-2H6z"[39m
      [36m/>[39m
    [36m</svg>[39m
  [36m</span>[39m
  [0mAdvanced Filters[0m
  [36m<span[39m
    [33mclass[39m=[32m"MuiButton-icon MuiButton-endIcon MuiButton-iconSizeSmall css-155nyw6-MuiButton-endIcon"[39m
  [36m>[39m
    [36m<svg[39m
      [33maria-hidden[39m=[32m"true"[39m
      [33mclass[39m=[32m"MuiSvgIcon-root MuiSvgIcon-fontSizeMedium css-i4bv87-MuiSvgIcon-root"[39m
      [33mdata-testid[39m=[32m"ExpandMoreIcon"[39m
      [33mfocusable[39m=[32m"false"[39m
      [33mviewBox[39m=[32m"0 0 24 24"[39m
    [36m>[39m
      [36m<path[39m
        [33md[39m=[32m"M16.59 8.59 12 13.17 7.41 8.59 6 10l6 6 6-6z"[39m
      [36m/>[39m
    [36m</svg>[39m
  [36m</span>[39m
  [36m<span[39m
    [33mclass[39m=[32m"MuiTouchRipple-root css-8je8zh-MuiTouchRipple-root"[39m
  [36m/>[39m
[36m</button>[39m

Ignored nodes: comments, script, style
[36m<button[39m
  [33mclass[39m=[32m"MuiButtonBase-root MuiButton-root MuiButton-outlined MuiButton-outlinedPrimary MuiButton-sizeSmall MuiButton-outlinedSizeSmall MuiButton-colorPrimary MuiButton-root MuiButton-outlined MuiButton-outlinedPrimary MuiButton-sizeSmall MuiButton-outlinedSizeSmall MuiButton-colorPrimary css-1k23hlb-MuiButtonBase-root-MuiButton-root"[39m
  [33mtabindex[39m=[32m"0"[39m
  [33mtype[39m=[32m"button"[39m
[36m>[39m
  [36m<span[39m
    [33mclass[39m=[32m"MuiButton-icon MuiButton-startIcon MuiButton-iconSizeSmall css-y6rp3m-MuiButton-startIcon"[39m
  [36m>[39m
    [36m<svg[39m
      [33maria-hidden[39m=[32m"true"[39m
      [33mclass[39m=[32m"MuiSvgIcon-root MuiSvgIcon-fontSizeMedium css-i4bv87-MuiSvgIcon-root"[39m
      [33mdata-testid[39m=[32m"FilterListIcon"[39m
      [33mfocusable[39m=[32m"false"[39m
      [33mviewBox[39m=[32m"0 0 24 24"[39m
    [36m>[39m
      [36m<path[39m
        [33md[39m=[32m"M10 18h4v-2h-4zM3 6v2h18V6zm3 7h12v-2H6z"[39m
      [36m/>[39m
    [36m</svg>[39m
  [36m</span>[39m
  [0mAdvanced Filters[0m
  [36m<span[39m
    [33mclass[39m=[32m"MuiButton-icon MuiButton-endIcon MuiButton-iconSizeSmall css-155nyw6-MuiButton-endIcon"[39m
  [36m>[39m
    [36m<svg[39m
      [33maria-hidden[39m=[32m"true"[39m
      [33mclass[39m=[32m"MuiSvgIcon-root MuiSvgIcon-fontSizeMedium css-i4bv87-MuiSvgIcon-root"[39m
      [33mdata-testid[39m=[32m"ExpandMoreIcon"[39m
      [33mfocusable[39m=[32m"false"[39m
      [33mviewBox[39m=[32m"0 0 24 24"[39m
    [36m>[39m
      [36m<path[39m
        [33md[39m=[32m"M16.59 8.59 12 13.17 7.41 8.59 6 10l6 6 6-6z"[39m
      [36m/>[39m
    [36m</svg>[39m
  [36m</span>[39m
  [36m<span[39m
    [33mclass[39m=[32m"MuiTouchRipple-root css-8je8zh-MuiTouchRipple-root"[39m
  [36m/>[39m
[36m</button>[39m

Ignored nodes: comments, script, style
[36m<button[39m
  [33mclass[39m=[32m"MuiButtonBase-root MuiButton-root MuiButton-outlined MuiButton-outlinedPrimary MuiButton-sizeSmall MuiButton-outlinedSizeSmall MuiButton-colorPrimary MuiButton-root MuiButton-outlined MuiButton-outlinedPrimary MuiButton-sizeSmall MuiButton-outlinedSizeSmall MuiButton-colorPrimary css-1k23hlb-MuiButtonBase-root-MuiButton-root"[39m
  [33mtabindex[39m=[32m"0"[39m
  [33mtype[39m=[32m"button"[39m
[36m>[39m
  [36m<span[39m
    [33mclass[39m=[32m"MuiButton-icon MuiButton-startIcon MuiButton-iconSizeSmall css-y6rp3m-MuiButton-startIcon"[39m
  [36m>[39m
    [36m<svg[39m
      [33maria-hidden[39m=[32m"true"[39m
      [33mclass[39m=[32m"MuiSvgIcon-root MuiSvgIcon-fontSizeMedium css-i4bv87-MuiSvgIcon-root"[39m
      [33mdata-testid[39m=[32m"FilterListIcon"[39m
      [33mfocusable[39m=[32m"false"[39m
      [33mviewBox[39m=[32m"0 0 24 24"[39m
    [36m>[39m
      [36m<path[39m
        [33md[39m=[32m"M10 18h4v-2h-4zM3 6v2h18V6zm3 7h12v-2H6z"[39m
      [36m/>[39m
    [36m</svg>[39m
  [36m</span>[39m
  [0mAdvanced Filters[0m
  [36m<span[39m
    [33mclass[39m=[32m"MuiButton-icon MuiButton-endIcon MuiButton-iconSizeSmall css-155nyw6-MuiButton-endIcon"[39m
  [36m>[39m
    [36m<svg[39m
      [33maria-hidden[39m=[32m"true"[39m
      [33mclass[39m=[32m"MuiSvgIcon-root MuiSvgIcon-fontSizeMedium css-i4bv87-MuiSvgIcon-root"[39m
      [33mdata-testid[39m=[32m"ExpandMoreIcon"[39m
      [33mfocusable[39m=[32m"false"[39m
      [33mviewBox[39m=[32m"0 0 24 24"[39m
    [36m>[39m
      [36m<path[39m
        [33md[39m=[32m"M16.59 8.59 12 13.17 7.41 8.59 6 10l6 6 6-6z"[39m
      [36m/>[39m
    [36m</svg>[39m
  [36m</span>[39m
  [36m<span[39m
    [33mclass[39m=[32m"MuiTouchRipple-root css-8je8zh-MuiTouchRipple-root"[39m
  [36m/>[39m
[36m</button>[39m

Ignored nodes: comments, script, style
[36m<button[39m
  [33mclass[39m=[32m"MuiButtonBase-root MuiButton-root MuiButton-outlined MuiButton-outlinedPrimary MuiButton-sizeSmall MuiButton-outlinedSizeSmall MuiButton-colorPrimary MuiButton-root MuiButton-outlined MuiButton-outlinedPrimary MuiButton-sizeSmall MuiButton-outlinedSizeSmall MuiButton-colorPrimary css-1k23hlb-MuiButtonBase-root-MuiButton-root"[39m
  [33mtabindex[39m=[32m"0"[39m
  [33mtype[39m=[32m"button"[39m
[36m>[39m
  [36m<span[39m
    [33mclass[39m=[32m"MuiButton-icon MuiButton-startIcon MuiButton-iconSizeSmall css-y6rp3m-MuiButton-startIcon"[39m
  [36m>[39m
    [36m<svg[39m
      [33maria-hidden[39m=[32m"true"[39m
      [33mclass[39m=[32m"MuiSvgIcon-root MuiSvgIcon-fontSizeMedium css-i4bv87-MuiSvgIcon-root"[39m
      [33mdata-testid[39m=[32m"FilterListIcon"[39m
      [33mfocusable[39m=[32m"false"[39m
      [33mviewBox[39m=[32m"0 0 24 24"[39m
    [36m>[39m
      [36m<path[39m
        [33md[39m=[32m"M10 18h4v-2h-4zM3 6v2h18V6zm3 7h12v-2H6z"[39m
      [36m/>[39m
    [36m</svg>[39m
  [36m</span>[39m
  [0mAdvanced Filters[0m
  [36m<span[39m
    [33mclass[39m=[32m"MuiButton-icon MuiButton-endIcon MuiButton-iconSizeSmall css-155nyw6-MuiButton-endIcon"[39m
  [36m>[39m
    [36m<svg[39m
      [33maria-hidden[39m=[32m"true"[39m
      [33mclass[39m=[32m"MuiSvgIcon-root MuiSvgIcon-fontSizeMedium css-i4bv87-MuiSvgIcon-root"[39m
      [33mdata-testid[39m=[32m"ExpandMoreIcon"[39m
      [33mfocusable[39m=[32m"false"[39m
      [33mviewBox[39m=[32m"0 0 24 24"[39m
    [36m>[39m
      [36m<path[39m
        [33md[39m=[32m"M16.59 8.59 12 13.17 7.41 8.59 6 10l6 6 6-6z"[39m
      [36m/>[39m
    [36m</svg>[39m
  [36m</span>[39m
  [36m<span[39m
    [33mclass[39m=[32m"MuiTouchRipple-root css-8je8zh-MuiTouchRipple-root"[39m
  [36m/>[39m
[36m</button>[39m

(If this is intentional, then use the `*AllBy*` variant of the query (like `queryAllByText`, `getAllByText`, or `findAllByText`)).

Ignored nodes: comments, script, style
[36m<body[39m
  [33mstyle[39m=[32m"padding-right: 1024px; overflow: hidden;"[39m
[36m>[39m
  [36m<div[39m
    [33maria-hidden[39m=[32m"true"[39m
  [36m>[39m
    [36m<div[39m
      [33mclass[39m=[32m"MuiBox-root css-0"[39m
    [36m>[39m
      [36m<div[39m
        [33mclass[39m=[32m"MuiBox-root css-i3pbo"[39m
      [36m>[39m
        [36m<h5[39m
          [33mclass[39m=[32m"MuiTypography-root MuiTypography-h5 MuiTypography-gutterBottom css-1hkf4sh-MuiTypography-root"[39m
        [36m>[39m
          [0mPayment History[0m
        [36m</h5>[39m
        [36m<p[39m
          [33mclass[39m=[32m"MuiTypography-root MuiTypography-body2 css-xtz2xu-MuiTypography-root"[39m
        [36m>[39m
          [0m1[0m
          [0m payment[0m
          [0m found[0m
        [36m</p>[39m
      [36m</div>[39m
      [36m<div[39m
        [33mclass[39m=[32m"MuiGrid-root MuiGrid-container MuiGrid-spacing-xs-2 css-12rc5ck-MuiGrid-root"[39m
      [36m>[39m
        [36m<div[39m
          [33mclass[39m=[32m"MuiGrid-root MuiGrid-item MuiGrid-grid-xs-12 MuiGrid-grid-sm-6 MuiGrid-grid-md-3 css-10voxkt-MuiGrid-root"[39m
        [36m>[39m
          [36m<div[39m
            [33mclass[39m=[32m"MuiFormControl-root MuiFormControl-fullWidth MuiTextField-root css-18hear-MuiFormControl-root-MuiTextField-root"[39m
          [36m>[39m
            [36m<div[39m
              [33mclass[39m=[32m"MuiInputBase-root MuiOutlinedInput-root MuiInputBase-colorPrimary MuiInputBase-fullWidth MuiInputBase-formControl MuiInputBase-sizeSmall MuiInputBase-adornedStart css-1cj7mpt-MuiInputBase-root-MuiOutlinedInput-root"[39m
            [36m>[39m
              [36m<div[39m
                [33mclass[39m=[32m"MuiInputAdornment-root MuiInputAdornment-positionStart MuiInputAdornment-outlined MuiInputAdornment-sizeSmall css-ittuaa-MuiInputAdornment-root"[39m
              [36m>[39m
                [36m<span[39m
                  [33mclass[39m=[32m"notranslate"[39m
                [36m>[39m
                  [0m​[0m
                [36m</span>[39m
                [36m<svg[39m
                  [33maria-hidden[39m=[32m"true"[39m
                  [33mclass[39m=[32m"MuiSvgIcon-root MuiSvgIcon-fontSizeMedium css-i4bv87-MuiSvgIcon-root"[39m
                  [33mdata-testid[39m=[32m"SearchIcon"[39m
                  [33mfocusable[39m=[32m"false"[39m
                  [33mviewBox[39m=[32m"0 0 24 24"[39m
                [36m>[39m
                  [36m<path[39m
                    [33md[39m=[32m"M15.5 14h-.79l-.28-.27C15.41 12.59 16 11.11 16 9.5 16 5.91 13.09 3 9.5 3S3 5.91 3 9.5 5.91 16 9.5 16c1.61 0 3.09-.59 4.23-1.57l.27.28v.79l5 4.99L20.49 19zm-6 0C7.01 14 5 11.99 5 9.5S7.01 5 9.5 5 14 7.01 14 9.5 11.99 14 9.5 14"[39m
                  [36m/>[39m
                [36m</svg>[39m
              [36m</div>[39m
              [36m<input[39m
                [33maria-invalid[39m=[32m"false"[39m
                [33mclass[39m=[32m"MuiInputBase-input MuiOutlinedInput-input MuiInputBase-inputSizeSmall MuiInputBase-inputAdornedStart css-1ua80n0-MuiInputBase-input-MuiOutlinedInput-input"[39m
                [33mid[39m=[32m":rt:"[39m
                [33mplaceholder[39m=[32m"Search payments..."[39m
                [33mtype[39m=[32m"text"[39m
                [33mvalue[39m=[32m""[39m
              [36m/>[39m
              [36m<fieldset[39m
                [33maria-hidden[39m=[32m"true"[39m
                [33mclass[39m=[32m"MuiOutlinedInput-notchedOutline css-r01yff-MuiNotchedOutlined-root-MuiOutlinedInput-notchedOutline"[39m
              [36m>[39m
                [36m<legend[39m
                  [33mclass[39m=[32m"css-1whs34k-MuiNotchedOutlined-root"[39m
                [36m>[39m
                  [36m<span[39m
                    [33mclass[39m=[32m"notranslate"[39m
                  [36m>[39m
                    [0m​[0m
                  [36m</span>[39m
                [36m</legend>[39m
              [36m</fieldset>[39m
            [36m</div>[39m
          [36m</div>[39m
        [36m</div>[39m
        [36m<div[39m
          [33mclass[39m=[32m"MuiGrid-root MuiGrid-item MuiGrid-grid-xs-12 MuiGrid-grid-sm-6 MuiGrid-grid-md-3 css-10voxkt-MuiGrid-root"[39m
        [36m>[39m
          [36m<div[39m
            [33mclass[39m=[32m"MuiFormControl-root MuiFormControl-fullWidth css-q8hpuo-MuiFormControl-root"[39m
          [36m>[39m
            [36m<label[39m
              [33mclass[39m=[32m"MuiFormLabel-root MuiInputLabel-root MuiInputLabel-formControl MuiInputLabel-animated MuiInputLabel-shrink MuiInputLabel-sizeSmall MuiInputLabel-outlined MuiFormLabel-colorPrimary MuiFormLabel-filled MuiInputLabel-root MuiInputLabel-formControl MuiInputLabel-animated MuiInputLabel-shrink MuiInputLabel-sizeSmall MuiInputLabel-outlined css-fe0mau-MuiFormLabel-root-MuiInputLabel-root"[39m
              [33mdata-shrink[39m=[32m"true"[39m
            [36m>[39m
              [0mStatus[0m
            [36m</label>[39m
            [36m<div[39m
              [33mclass[39m=[32m"MuiInputBase-root MuiOutlinedInput-root MuiInputBase-colorPrimary MuiInputBase-formControl MuiInputBase-sizeSmall css-13lg1x7-MuiInputBase-root-MuiOutlinedInput-root-MuiSelect-root"[39m
            [36m>[39m
              [36m<div[39m
                [33maria-controls[39m=[32m":ru:"[39m
                [33maria-expanded[39m=[32m"false"[39m
                [33maria-haspopup[39m=[32m"listbox"[39m
                [33mclass[39m=[32m"MuiSelect-select MuiSelect-outlined MuiInputBase-input MuiOutlinedInput-input MuiInputBase-inputSizeSmall css-1fzjff4-MuiSelect-select-MuiInputBase-input-MuiOutlinedInput-input"[39m
                [33mrole[39m=[32m"combobox"[39m
                [33mtabindex[39m=[32m"0"[39m
              [36m>[39m
                [0mAll Statuses[0m
              [36m</div>[39m
              [36m<input[39m
                [33maria-hidden[39m=[32m"true"[39m
                [33maria-invalid[39m=[32m"false"[39m
                [33mclass[39m=[32m"MuiSelect-nativeInput css-yf8vq0-MuiSelect-nativeInput"[39m
                [33mtabindex[39m=[32m"-1"[39m
                [33mvalue[39m=[32m"all"[39m
              [36m/>[39m
              [36m<svg[39m
                [33maria-hidden[39m=[32m"true"[39m
                [33mclass[39m=[32m"MuiSvgIcon-root MuiSvgIcon-fontSizeMedium MuiSelect-icon MuiSelect-iconOutlined css-hfutr2-MuiSvgIcon-root-MuiSelect-icon"[39m
                [33mdata-testid[39m=[32m"ArrowDropDownIcon"[39m
                [33mfocusable[39m=[32m"false"[39m
                [33mviewBox[39m=[32m"0 0 24 24"[39m
              [36m>[39m
                [36m<path[39m
                  [33md[39m=[32m"M7 10l5 5 5-5z"[39m
                [36m/>[39m
              [36m</svg>[...
 ❯ Object.getElementError node_modules/@testing-library/react/node_modules/@testing-library/dom/dist/config.js:37:19
 ❯ getElementError node_modules/@testing-library/react/node_modules/@testing-library/dom/dist/query-helpers.js:20:35
 ❯ getMultipleElementsFoundError node_modules/@testing-library/react/node_modules/@testing-library/dom/dist/query-helpers.js:23:10
 ❯ node_modules/@testing-library/react/node_modules/@testing-library/dom/dist/query-helpers.js:55:13
 ❯ node_modules/@testing-library/react/node_modules/@testing-library/dom/dist/query-helpers.js:95:19
 ❯ src/test/project.test.tsx:309:44
    307|       );
    308| 
    309|       const advancedFiltersButton = screen.getByText('Advanced Filters…
       |                                            ^
    310|       fireEvent.click(advancedFiltersButton);
    311| 

⎯⎯⎯⎯⎯⎯⎯⎯⎯⎯⎯⎯⎯⎯⎯⎯⎯⎯⎯⎯⎯⎯[37/66]⎯

 FAIL  src/test/project.test.tsx > Project Components > ProjectFilters > calls onClearFilters when clear all button clicked
TestingLibraryElementError: Found multiple elements with the text: Clear All

Here are the matching elements:

Ignored nodes: comments, script, style
[36m<button[39m
  [33mclass[39m=[32m"MuiButtonBase-root MuiButton-root MuiButton-outlined MuiButton-outlinedSecondary MuiButton-sizeSmall MuiButton-outlinedSizeSmall MuiButton-colorSecondary MuiButton-root MuiButton-outlined MuiButton-outlinedSecondary MuiButton-sizeSmall MuiButton-outlinedSizeSmall MuiButton-colorSecondary css-ssd6ke-MuiButtonBase-root-MuiButton-root"[39m
  [33mtabindex[39m=[32m"0"[39m
  [33mtype[39m=[32m"button"[39m
[36m>[39m
  [36m<span[39m
    [33mclass[39m=[32m"MuiButton-icon MuiButton-startIcon MuiButton-iconSizeSmall css-y6rp3m-MuiButton-startIcon"[39m
  [36m>[39m
    [36m<svg[39m
      [33maria-hidden[39m=[32m"true"[39m
      [33mclass[39m=[32m"MuiSvgIcon-root MuiSvgIcon-fontSizeMedium css-i4bv87-MuiSvgIcon-root"[39m
      [33mdata-testid[39m=[32m"ClearIcon"[39m
      [33mfocusable[39m=[32m"false"[39m
      [33mviewBox[39m=[32m"0 0 24 24"[39m
    [36m>[39m
      [36m<path[39m
        [33md[39m=[32m"M19 6.41 17.59 5 12 10.59 6.41 5 5 6.41 10.59 12 5 17.59 6.41 19 12 13.41 17.59 19 19 17.59 13.41 12z"[39m
      [36m/>[39m
    [36m</svg>[39m
  [36m</span>[39m
  [0mClear All[0m
  [36m<span[39m
    [33mclass[39m=[32m"MuiTouchRipple-root css-8je8zh-MuiTouchRipple-root"[39m
  [36m/>[39m
[36m</button>[39m

Ignored nodes: comments, script, style
[36m<button[39m
  [33mclass[39m=[32m"MuiButtonBase-root MuiButton-root MuiButton-outlined MuiButton-outlinedSecondary MuiButton-sizeSmall MuiButton-outlinedSizeSmall MuiButton-colorSecondary MuiButton-root MuiButton-outlined MuiButton-outlinedSecondary MuiButton-sizeSmall MuiButton-outlinedSizeSmall MuiButton-colorSecondary css-ssd6ke-MuiButtonBase-root-MuiButton-root"[39m
  [33mtabindex[39m=[32m"0"[39m
  [33mtype[39m=[32m"button"[39m
[36m>[39m
  [36m<span[39m
    [33mclass[39m=[32m"MuiButton-icon MuiButton-startIcon MuiButton-iconSizeSmall css-y6rp3m-MuiButton-startIcon"[39m
  [36m>[39m
    [36m<svg[39m
      [33maria-hidden[39m=[32m"true"[39m
      [33mclass[39m=[32m"MuiSvgIcon-root MuiSvgIcon-fontSizeMedium css-i4bv87-MuiSvgIcon-root"[39m
      [33mdata-testid[39m=[32m"ClearIcon"[39m
      [33mfocusable[39m=[32m"false"[39m
      [33mviewBox[39m=[32m"0 0 24 24"[39m
    [36m>[39m
      [36m<path[39m
        [33md[39m=[32m"M19 6.41 17.59 5 12 10.59 6.41 5 5 6.41 10.59 12 5 17.59 6.41 19 12 13.41 17.59 19 19 17.59 13.41 12z"[39m
      [36m/>[39m
    [36m</svg>[39m
  [36m</span>[39m
  [0mClear All[0m
  [36m<span[39m
    [33mclass[39m=[32m"MuiTouchRipple-root css-8je8zh-MuiTouchRipple-root"[39m
  [36m/>[39m
[36m</button>[39m

(If this is intentional, then use the `*AllBy*` variant of the query (like `queryAllByText`, `getAllByText`, or `findAllByText`)).

Ignored nodes: comments, script, style
[36m<body[39m
  [33mstyle[39m=[32m"padding-right: 1024px; overflow: hidden;"[39m
[36m>[39m
  [36m<div[39m
    [33maria-hidden[39m=[32m"true"[39m
  [36m>[39m
    [36m<div[39m
      [33mclass[39m=[32m"MuiBox-root css-0"[39m
    [36m>[39m
      [36m<div[39m
        [33mclass[39m=[32m"MuiBox-root css-i3pbo"[39m
      [36m>[39m
        [36m<h5[39m
          [33mclass[39m=[32m"MuiTypography-root MuiTypography-h5 MuiTypography-gutterBottom css-1hkf4sh-MuiTypography-root"[39m
        [36m>[39m
          [0mPayment History[0m
        [36m</h5>[39m
        [36m<p[39m
          [33mclass[39m=[32m"MuiTypography-root MuiTypography-body2 css-xtz2xu-MuiTypography-root"[39m
        [36m>[39m
          [0m1[0m
          [0m payment[0m
          [0m found[0m
        [36m</p>[39m
      [36m</div>[39m
      [36m<div[39m
        [33mclass[39m=[32m"MuiGrid-root MuiGrid-container MuiGrid-spacing-xs-2 css-12rc5ck-MuiGrid-root"[39m
      [36m>[39m
        [36m<div[39m
          [33mclass[39m=[32m"MuiGrid-root MuiGrid-item MuiGrid-grid-xs-12 MuiGrid-grid-sm-6 MuiGrid-grid-md-3 css-10voxkt-MuiGrid-root"[39m
        [36m>[39m
          [36m<div[39m
            [33mclass[39m=[32m"MuiFormControl-root MuiFormControl-fullWidth MuiTextField-root css-18hear-MuiFormControl-root-MuiTextField-root"[39m
          [36m>[39m
            [36m<div[39m
              [33mclass[39m=[32m"MuiInputBase-root MuiOutlinedInput-root MuiInputBase-colorPrimary MuiInputBase-fullWidth MuiInputBase-formControl MuiInputBase-sizeSmall MuiInputBase-adornedStart css-1cj7mpt-MuiInputBase-root-MuiOutlinedInput-root"[39m
            [36m>[39m
              [36m<div[39m
                [33mclass[39m=[32m"MuiInputAdornment-root MuiInputAdornment-positionStart MuiInputAdornment-outlined MuiInputAdornment-sizeSmall css-ittuaa-MuiInputAdornment-root"[39m
              [36m>[39m
                [36m<span[39m
                  [33mclass[39m=[32m"notranslate"[39m
                [36m>[39m
                  [0m​[0m
                [36m</span>[39m
                [36m<svg[39m
                  [33maria-hidden[39m=[32m"true"[39m
                  [33mclass[39m=[32m"MuiSvgIcon-root MuiSvgIcon-fontSizeMedium css-i4bv87-MuiSvgIcon-root"[39m
                  [33mdata-testid[39m=[32m"SearchIcon"[39m
                  [33mfocusable[39m=[32m"false"[39m
                  [33mviewBox[39m=[32m"0 0 24 24"[39m
                [36m>[39m
                  [36m<path[39m
                    [33md[39m=[32m"M15.5 14h-.79l-.28-.27C15.41 12.59 16 11.11 16 9.5 16 5.91 13.09 3 9.5 3S3 5.91 3 9.5 5.91 16 9.5 16c1.61 0 3.09-.59 4.23-1.57l.27.28v.79l5 4.99L20.49 19zm-6 0C7.01 14 5 11.99 5 9.5S7.01 5 9.5 5 14 7.01 14 9.5 11.99 14 9.5 14"[39m
                  [36m/>[39m
                [36m</svg>[39m
              [36m</div>[39m
              [36m<input[39m
                [33maria-invalid[39m=[32m"false"[39m
                [33mclass[39m=[32m"MuiInputBase-input MuiOutlinedInput-input MuiInputBase-inputSizeSmall MuiInputBase-inputAdornedStart css-1ua80n0-MuiInputBase-input-MuiOutlinedInput-input"[39m
                [33mid[39m=[32m":rt:"[39m
                [33mplaceholder[39m=[32m"Search payments..."[39m
                [33mtype[39m=[32m"text"[39m
                [33mvalue[39m=[32m""[39m
              [36m/>[39m
              [36m<fieldset[39m
                [33maria-hidden[39m=[32m"true"[39m
                [33mclass[39m=[32m"MuiOutlinedInput-notchedOutline css-r01yff-MuiNotchedOutlined-root-MuiOutlinedInput-notchedOutline"[39m
              [36m>[39m
                [36m<legend[39m
                  [33mclass[39m=[32m"css-1whs34k-MuiNotchedOutlined-root"[39m
                [36m>[39m
                  [36m<span[39m
                    [33mclass[39m=[32m"notranslate"[39m
                  [36m>[39m
                    [0m​[0m
                  [36m</span>[39m
                [36m</legend>[39m
              [36m</fieldset>[39m
            [36m</div>[39m
          [36m</div>[39m
        [36m</div>[39m
        [36m<div[39m
          [33mclass[39m=[32m"MuiGrid-root MuiGrid-item MuiGrid-grid-xs-12 MuiGrid-grid-sm-6 MuiGrid-grid-md-3 css-10voxkt-MuiGrid-root"[39m
        [36m>[39m
          [36m<div[39m
            [33mclass[39m=[32m"MuiFormControl-root MuiFormControl-fullWidth css-q8hpuo-MuiFormControl-root"[39m
          [36m>[39m
            [36m<label[39m
              [33mclass[39m=[32m"MuiFormLabel-root MuiInputLabel-root MuiInputLabel-formControl MuiInputLabel-animated MuiInputLabel-shrink MuiInputLabel-sizeSmall MuiInputLabel-outlined MuiFormLabel-colorPrimary MuiFormLabel-filled MuiInputLabel-root MuiInputLabel-formControl MuiInputLabel-animated MuiInputLabel-shrink MuiInputLabel-sizeSmall MuiInputLabel-outlined css-fe0mau-MuiFormLabel-root-MuiInputLabel-root"[39m
              [33mdata-shrink[39m=[32m"true"[39m
            [36m>[39m
              [0mStatus[0m
            [36m</label>[39m
            [36m<div[39m
              [33mclass[39m=[32m"MuiInputBase-root MuiOutlinedInput-root MuiInputBase-colorPrimary MuiInputBase-formControl MuiInputBase-sizeSmall css-13lg1x7-MuiInputBase-root-MuiOutlinedInput-root-MuiSelect-root"[39m
            [36m>[39m
              [36m<div[39m
                [33maria-controls[39m=[32m":ru:"[39m
                [33maria-expanded[39m=[32m"false"[39m
                [33maria-haspopup[39m=[32m"listbox"[39m
                [33mclass[39m=[32m"MuiSelect-select MuiSelect-outlined MuiInputBase-input MuiOutlinedInput-input MuiInputBase-inputSizeSmall css-1fzjff4-MuiSelect-select-MuiInputBase-input-MuiOutlinedInput-input"[39m
                [33mrole[39m=[32m"combobox"[39m
                [33mtabindex[39m=[32m"0"[39m
              [36m>[39m
                [0mAll Statuses[0m
              [36m</div>[39m
              [36m<input[39m
                [33maria-hidden[39m=[32m"true"[39m
                [33maria-invalid[39m=[32m"false"[39m
                [33mclass[39m=[32m"MuiSelect-nativeInput css-yf8vq0-MuiSelect-nativeInput"[39m
                [33mtabindex[39m=[32m"-1"[39m
                [33mvalue[39m=[32m"all"[39m
              [36m/>[39m
              [36m<svg[39m
                [33maria-hidden[39m=[32m"true"[39m
                [33mclass[39m=[32m"MuiSvgIcon-root MuiSvgIcon-fontSizeMedium MuiSelect-icon MuiSelect-iconOutlined css-hfutr2-MuiSvgIcon-root-MuiSelect-icon"[39m
                [33mdata-testid[39m=[32m"ArrowDropDownIcon"[39m
                [33mfocusable[39m=[32m"false"[39m
                [33mviewBox[39m=[32m"0 0 24 24"[39m
              [36m>[39m
                [36m<path[39m
                  [33md[39m=[32m"M7 10l5 5 5-5z"[39m
                [36m/>[39m
              [36m</svg>[...
 ❯ Object.getElementError node_modules/@testing-library/react/node_modules/@testing-library/dom/dist/config.js:37:19
 ❯ getElementError node_modules/@testing-library/react/node_modules/@testing-library/dom/dist/query-helpers.js:20:35
 ❯ getMultipleElementsFoundError node_modules/@testing-library/react/node_modules/@testing-library/dom/dist/query-helpers.js:23:10
 ❯ node_modules/@testing-library/react/node_modules/@testing-library/dom/dist/query-helpers.js:55:13
 ❯ node_modules/@testing-library/react/node_modules/@testing-library/dom/dist/query-helpers.js:95:19
 ❯ src/test/project.test.tsx:348:37
    346|       );
    347| 
    348|       const clearAllButton = screen.getByText('Clear All');
       |                                     ^
    349|       fireEvent.click(clearAllButton);
    350| 

⎯⎯⎯⎯⎯⎯⎯⎯⎯⎯⎯⎯⎯⎯⎯⎯⎯⎯⎯⎯⎯⎯[38/66]⎯

 FAIL  src/test/project.test.tsx > Project Components > ProjectForm > shows validation errors for empty required fields
TestingLibraryElementError: Found multiple elements with the text: Next

Here are the matching elements:

Ignored nodes: comments, script, style
[36m<button[39m
  [33mclass[39m=[32m"MuiButtonBase-root MuiButton-root MuiButton-contained MuiButton-containedPrimary MuiButton-sizeMedium MuiButton-containedSizeMedium MuiButton-colorPrimary MuiButton-root MuiButton-contained MuiButton-containedPrimary MuiButton-sizeMedium MuiButton-containedSizeMedium MuiButton-colorPrimary css-sghohy-MuiButtonBase-root-MuiButton-root"[39m
  [33mtabindex[39m=[32m"0"[39m
  [33mtype[39m=[32m"button"[39m
[36m>[39m
  [0mNext[0m
  [36m<span[39m
    [33mclass[39m=[32m"MuiTouchRipple-root css-8je8zh-MuiTouchRipple-root"[39m
  [36m/>[39m
[36m</button>[39m

Ignored nodes: comments, script, style
[36m<button[39m
  [33mclass[39m=[32m"MuiButtonBase-root MuiButton-root MuiButton-contained MuiButton-containedPrimary MuiButton-sizeMedium MuiButton-containedSizeMedium MuiButton-colorPrimary MuiButton-root MuiButton-contained MuiButton-containedPrimary MuiButton-sizeMedium MuiButton-containedSizeMedium MuiButton-colorPrimary css-sghohy-MuiButtonBase-root-MuiButton-root"[39m
  [33mtabindex[39m=[32m"0"[39m
  [33mtype[39m=[32m"button"[39m
[36m>[39m
  [0mNext[0m
  [36m<span[39m
    [33mclass[39m=[32m"MuiTouchRipple-root css-8je8zh-MuiTouchRipple-root"[39m
  [36m/>[39m
[36m</button>[39m

(If this is intentional, then use the `*AllBy*` variant of the query (like `queryAllByText`, `getAllByText`, or `findAllByText`)).

Ignored nodes: comments, script, style
[36m<body[39m
  [33mstyle[39m=[32m"padding-right: 1024px; overflow: hidden;"[39m
[36m>[39m
  [36m<div[39m
    [33maria-hidden[39m=[32m"true"[39m
  [36m>[39m
    [36m<div[39m
      [33mclass[39m=[32m"MuiBox-root css-0"[39m
    [36m>[39m
      [36m<div[39m
        [33mclass[39m=[32m"MuiBox-root css-i3pbo"[39m
      [36m>[39m
        [36m<h5[39m
          [33mclass[39m=[32m"MuiTypography-root MuiTypography-h5 MuiTypography-gutterBottom css-1hkf4sh-MuiTypography-root"[39m
        [36m>[39m
          [0mPayment History[0m
        [36m</h5>[39m
        [36m<p[39m
          [33mclass[39m=[32m"MuiTypography-root MuiTypography-body2 css-xtz2xu-MuiTypography-root"[39m
        [36m>[39m
          [0m1[0m
          [0m payment[0m
          [0m found[0m
        [36m</p>[39m
      [36m</div>[39m
      [36m<div[39m
        [33mclass[39m=[32m"MuiGrid-root MuiGrid-container MuiGrid-spacing-xs-2 css-12rc5ck-MuiGrid-root"[39m
      [36m>[39m
        [36m<div[39m
          [33mclass[39m=[32m"MuiGrid-root MuiGrid-item MuiGrid-grid-xs-12 MuiGrid-grid-sm-6 MuiGrid-grid-md-3 css-10voxkt-MuiGrid-root"[39m
        [36m>[39m
          [36m<div[39m
            [33mclass[39m=[32m"MuiFormControl-root MuiFormControl-fullWidth MuiTextField-root css-18hear-MuiFormControl-root-MuiTextField-root"[39m
          [36m>[39m
            [36m<div[39m
              [33mclass[39m=[32m"MuiInputBase-root MuiOutlinedInput-root MuiInputBase-colorPrimary MuiInputBase-fullWidth MuiInputBase-formControl MuiInputBase-sizeSmall MuiInputBase-adornedStart css-1cj7mpt-MuiInputBase-root-MuiOutlinedInput-root"[39m
            [36m>[39m
              [36m<div[39m
                [33mclass[39m=[32m"MuiInputAdornment-root MuiInputAdornment-positionStart MuiInputAdornment-outlined MuiInputAdornment-sizeSmall css-ittuaa-MuiInputAdornment-root"[39m
              [36m>[39m
                [36m<span[39m
                  [33mclass[39m=[32m"notranslate"[39m
                [36m>[39m
                  [0m​[0m
                [36m</span>[39m
                [36m<svg[39m
                  [33maria-hidden[39m=[32m"true"[39m
                  [33mclass[39m=[32m"MuiSvgIcon-root MuiSvgIcon-fontSizeMedium css-i4bv87-MuiSvgIcon-root"[39m
                  [33mdata-testid[39m=[32m"SearchIcon"[39m
                  [33mfocusable[39m=[32m"false"[39m
                  [33mviewBox[39m=[32m"0 0 24 24"[39m
                [36m>[39m
                  [36m<path[39m
                    [33md[39m=[32m"M15.5 14h-.79l-.28-.27C15.41 12.59 16 11.11 16 9.5 16 5.91 13.09 3 9.5 3S3 5.91 3 9.5 5.91 16 9.5 16c1.61 0 3.09-.59 4.23-1.57l.27.28v.79l5 4.99L20.49 19zm-6 0C7.01 14 5 11.99 5 9.5S7.01 5 9.5 5 14 7.01 14 9.5 11.99 14 9.5 14"[39m
                  [36m/>[39m
                [36m</svg>[39m
              [36m</div>[39m
              [36m<input[39m
                [33maria-invalid[39m=[32m"false"[39m
                [33mclass[39m=[32m"MuiInputBase-input MuiOutlinedInput-input MuiInputBase-inputSizeSmall MuiInputBase-inputAdornedStart css-1ua80n0-MuiInputBase-input-MuiOutlinedInput-input"[39m
                [33mid[39m=[32m":rt:"[39m
                [33mplaceholder[39m=[32m"Search payments..."[39m
                [33mtype[39m=[32m"text"[39m
                [33mvalue[39m=[32m""[39m
              [36m/>[39m
              [36m<fieldset[39m
                [33maria-hidden[39m=[32m"true"[39m
                [33mclass[39m=[32m"MuiOutlinedInput-notchedOutline css-r01yff-MuiNotchedOutlined-root-MuiOutlinedInput-notchedOutline"[39m
              [36m>[39m
                [36m<legend[39m
                  [33mclass[39m=[32m"css-1whs34k-MuiNotchedOutlined-root"[39m
                [36m>[39m
                  [36m<span[39m
                    [33mclass[39m=[32m"notranslate"[39m
                  [36m>[39m
                    [0m​[0m
                  [36m</span>[39m
                [36m</legend>[39m
              [36m</fieldset>[39m
            [36m</div>[39m
          [36m</div>[39m
        [36m</div>[39m
        [36m<div[39m
          [33mclass[39m=[32m"MuiGrid-root MuiGrid-item MuiGrid-grid-xs-12 MuiGrid-grid-sm-6 MuiGrid-grid-md-3 css-10voxkt-MuiGrid-root"[39m
        [36m>[39m
          [36m<div[39m
            [33mclass[39m=[32m"MuiFormControl-root MuiFormControl-fullWidth css-q8hpuo-MuiFormControl-root"[39m
          [36m>[39m
            [36m<label[39m
              [33mclass[39m=[32m"MuiFormLabel-root MuiInputLabel-root MuiInputLabel-formControl MuiInputLabel-animated MuiInputLabel-shrink MuiInputLabel-sizeSmall MuiInputLabel-outlined MuiFormLabel-colorPrimary MuiFormLabel-filled MuiInputLabel-root MuiInputLabel-formControl MuiInputLabel-animated MuiInputLabel-shrink MuiInputLabel-sizeSmall MuiInputLabel-outlined css-fe0mau-MuiFormLabel-root-MuiInputLabel-root"[39m
              [33mdata-shrink[39m=[32m"true"[39m
            [36m>[39m
              [0mStatus[0m
            [36m</label>[39m
            [36m<div[39m
              [33mclass[39m=[32m"MuiInputBase-root MuiOutlinedInput-root MuiInputBase-colorPrimary MuiInputBase-formControl MuiInputBase-sizeSmall css-13lg1x7-MuiInputBase-root-MuiOutlinedInput-root-MuiSelect-root"[39m
            [36m>[39m
              [36m<div[39m
                [33maria-controls[39m=[32m":ru:"[39m
                [33maria-expanded[39m=[32m"false"[39m
                [33maria-haspopup[39m=[32m"listbox"[39m
                [33mclass[39m=[32m"MuiSelect-select MuiSelect-outlined MuiInputBase-input MuiOutlinedInput-input MuiInputBase-inputSizeSmall css-1fzjff4-MuiSelect-select-MuiInputBase-input-MuiOutlinedInput-input"[39m
                [33mrole[39m=[32m"combobox"[39m
                [33mtabindex[39m=[32m"0"[39m
              [36m>[39m
                [0mAll Statuses[0m
              [36m</div>[39m
              [36m<input[39m
                [33maria-hidden[39m=[32m"true"[39m
                [33maria-invalid[39m=[32m"false"[39m
                [33mclass[39m=[32m"MuiSelect-nativeInput css-yf8vq0-MuiSelect-nativeInput"[39m
                [33mtabindex[39m=[32m"-1"[39m
                [33mvalue[39m=[32m"all"[39m
              [36m/>[39m
              [36m<svg[39m
                [33maria-hidden[39m=[32m"true"[39m
                [33mclass[39m=[32m"MuiSvgIcon-root MuiSvgIcon-fontSizeMedium MuiSelect-icon MuiSelect-iconOutlined css-hfutr2-MuiSvgIcon-root-MuiSelect-icon"[39m
                [33mdata-testid[39m=[32m"ArrowDropDownIcon"[39m
                [33mfocusable[39m=[32m"false"[39m
                [33mviewBox[39m=[32m"0 0 24 24"[39m
              [36m>[39m
                [36m<path[39m
                  [33md[39m=[32m"M7 10l5 5 5-5z"[39m
                [36m/>[39m
              [36m</svg>[...
 ❯ Object.getElementError node_modules/@testing-library/react/node_modules/@testing-library/dom/dist/config.js:37:19
 ❯ getElementError node_modules/@testing-library/react/node_modules/@testing-library/dom/dist/query-helpers.js:20:35
 ❯ getMultipleElementsFoundError node_modules/@testing-library/react/node_modules/@testing-library/dom/dist/query-helpers.js:23:10
 ❯ node_modules/@testing-library/react/node_modules/@testing-library/dom/dist/query-helpers.js:55:13
 ❯ node_modules/@testing-library/react/node_modules/@testing-library/dom/dist/query-helpers.js:95:19
 ❯ src/test/project.test.tsx:376:33
    374|       );
    375| 
    376|       const nextButton = screen.getByText('Next');
       |                                 ^
    377|       expect(nextButton).toBeDisabled(); // Should be disabled when fo…
    378|     });

⎯⎯⎯⎯⎯⎯⎯⎯⎯⎯⎯⎯⎯⎯⎯⎯⎯⎯⎯⎯⎯⎯[39/66]⎯

 FAIL  src/test/project.test.tsx > Project Components > ProjectForm > enables next button when basic info is valid
TestingLibraryElementError: Found multiple elements with the text of: Project Title

Here are the matching elements:

Ignored nodes: comments, script, style
[36m<input[39m
  [33maria-invalid[39m=[32m"false"[39m
  [33mclass[39m=[32m"MuiInputBase-input MuiOutlinedInput-input css-1t8l2tu-MuiInputBase-input-MuiOutlinedInput-input"[39m
  [33mid[39m=[32m":r61:"[39m
  [33mname[39m=[32m"title"[39m
  [33mplaceholder[39m=[32m"e.g., Build a responsive e-commerce website"[39m
  [33mtype[39m=[32m"text"[39m
  [33mvalue[39m=[32m""[39m
[36m/>[39m

Ignored nodes: comments, script, style
[36m<input[39m
  [33maria-invalid[39m=[32m"false"[39m
  [33mclass[39m=[32m"MuiInputBase-input MuiOutlinedInput-input css-1t8l2tu-MuiInputBase-input-MuiOutlinedInput-input"[39m
  [33mid[39m=[32m":r66:"[39m
  [33mname[39m=[32m"title"[39m
  [33mplaceholder[39m=[32m"e.g., Build a responsive e-commerce website"[39m
  [33mtype[39m=[32m"text"[39m
  [33mvalue[39m=[32m""[39m
[36m/>[39m

Ignored nodes: comments, script, style
[36m<input[39m
  [33maria-invalid[39m=[32m"false"[39m
  [33mclass[39m=[32m"MuiInputBase-input MuiOutlinedInput-input css-1t8l2tu-MuiInputBase-input-MuiOutlinedInput-input"[39m
  [33mid[39m=[32m":r6b:"[39m
  [33mname[39m=[32m"title"[39m
  [33mplaceholder[39m=[32m"e.g., Build a responsive e-commerce website"[39m
  [33mtype[39m=[32m"text"[39m
  [33mvalue[39m=[32m""[39m
[36m/>[39m

(If this is intentional, then use the `*AllBy*` variant of the query (like `queryAllByText`, `getAllByText`, or `findAllByText`)).

Ignored nodes: comments, script, style
[36m<body[39m
  [33mstyle[39m=[32m"padding-right: 1024px; overflow: hidden;"[39m
[36m>[39m
  [36m<div[39m
    [33maria-hidden[39m=[32m"true"[39m
  [36m>[39m
    [36m<div[39m
      [33mclass[39m=[32m"MuiBox-root css-0"[39m
    [36m>[39m
      [36m<div[39m
        [33mclass[39m=[32m"MuiBox-root css-i3pbo"[39m
      [36m>[39m
        [36m<h5[39m
          [33mclass[39m=[32m"MuiTypography-root MuiTypography-h5 MuiTypography-gutterBottom css-1hkf4sh-MuiTypography-root"[39m
        [36m>[39m
          [0mPayment History[0m
        [36m</h5>[39m
        [36m<p[39m
          [33mclass[39m=[32m"MuiTypography-root MuiTypography-body2 css-xtz2xu-MuiTypography-root"[39m
        [36m>[39m
          [0m1[0m
          [0m payment[0m
          [0m found[0m
        [36m</p>[39m
      [36m</div>[39m
      [36m<div[39m
        [33mclass[39m=[32m"MuiGrid-root MuiGrid-container MuiGrid-spacing-xs-2 css-12rc5ck-MuiGrid-root"[39m
      [36m>[39m
        [36m<div[39m
          [33mclass[39m=[32m"MuiGrid-root MuiGrid-item MuiGrid-grid-xs-12 MuiGrid-grid-sm-6 MuiGrid-grid-md-3 css-10voxkt-MuiGrid-root"[39m
        [36m>[39m
          [36m<div[39m
            [33mclass[39m=[32m"MuiFormControl-root MuiFormControl-fullWidth MuiTextField-root css-18hear-MuiFormControl-root-MuiTextField-root"[39m
          [36m>[39m
            [36m<div[39m
              [33mclass[39m=[32m"MuiInputBase-root MuiOutlinedInput-root MuiInputBase-colorPrimary MuiInputBase-fullWidth MuiInputBase-formControl MuiInputBase-sizeSmall MuiInputBase-adornedStart css-1cj7mpt-MuiInputBase-root-MuiOutlinedInput-root"[39m
            [36m>[39m
              [36m<div[39m
                [33mclass[39m=[32m"MuiInputAdornment-root MuiInputAdornment-positionStart MuiInputAdornment-outlined MuiInputAdornment-sizeSmall css-ittuaa-MuiInputAdornment-root"[39m
              [36m>[39m
                [36m<span[39m
                  [33mclass[39m=[32m"notranslate"[39m
                [36m>[39m
                  [0m​[0m
                [36m</span>[39m
                [36m<svg[39m
                  [33maria-hidden[39m=[32m"true"[39m
                  [33mclass[39m=[32m"MuiSvgIcon-root MuiSvgIcon-fontSizeMedium css-i4bv87-MuiSvgIcon-root"[39m
                  [33mdata-testid[39m=[32m"SearchIcon"[39m
                  [33mfocusable[39m=[32m"false"[39m
                  [33mviewBox[39m=[32m"0 0 24 24"[39m
                [36m>[39m
                  [36m<path[39m
                    [33md[39m=[32m"M15.5 14h-.79l-.28-.27C15.41 12.59 16 11.11 16 9.5 16 5.91 13.09 3 9.5 3S3 5.91 3 9.5 5.91 16 9.5 16c1.61 0 3.09-.59 4.23-1.57l.27.28v.79l5 4.99L20.49 19zm-6 0C7.01 14 5 11.99 5 9.5S7.01 5 9.5 5 14 7.01 14 9.5 11.99 14 9.5 14"[39m
                  [36m/>[39m
                [36m</svg>[39m
              [36m</div>[39m
              [36m<input[39m
                [33maria-invalid[39m=[32m"false"[39m
                [33mclass[39m=[32m"MuiInputBase-input MuiOutlinedInput-input MuiInputBase-inputSizeSmall MuiInputBase-inputAdornedStart css-1ua80n0-MuiInputBase-input-MuiOutlinedInput-input"[39m
                [33mid[39m=[32m":rt:"[39m
                [33mplaceholder[39m=[32m"Search payments..."[39m
                [33mtype[39m=[32m"text"[39m
                [33mvalue[39m=[32m""[39m
              [36m/>[39m
              [36m<fieldset[39m
                [33maria-hidden[39m=[32m"true"[39m
                [33mclass[39m=[32m"MuiOutlinedInput-notchedOutline css-r01yff-MuiNotchedOutlined-root-MuiOutlinedInput-notchedOutline"[39m
              [36m>[39m
                [36m<legend[39m
                  [33mclass[39m=[32m"css-1whs34k-MuiNotchedOutlined-root"[39m
                [36m>[39m
                  [36m<span[39m
                    [33mclass[39m=[32m"notranslate"[39m
                  [36m>[39m
                    [0m​[0m
                  [36m</span>[39m
                [36m</legend>[39m
              [36m</fieldset>[39m
            [36m</div>[39m
          [36m</div>[39m
        [36m</div>[39m
        [36m<div[39m
          [33mclass[39m=[32m"MuiGrid-root MuiGrid-item MuiGrid-grid-xs-12 MuiGrid-grid-sm-6 MuiGrid-grid-md-3 css-10voxkt-MuiGrid-root"[39m
        [36m>[39m
          [36m<div[39m
            [33mclass[39m=[32m"MuiFormControl-root MuiFormControl-fullWidth css-q8hpuo-MuiFormControl-root"[39m
          [36m>[39m
            [36m<label[39m
              [33mclass[39m=[32m"MuiFormLabel-root MuiInputLabel-root MuiInputLabel-formControl MuiInputLabel-animated MuiInputLabel-shrink MuiInputLabel-sizeSmall MuiInputLabel-outlined MuiFormLabel-colorPrimary MuiFormLabel-filled MuiInputLabel-root MuiInputLabel-formControl MuiInputLabel-animated MuiInputLabel-shrink MuiInputLabel-sizeSmall MuiInputLabel-outlined css-fe0mau-MuiFormLabel-root-MuiInputLabel-root"[39m
              [33mdata-shrink[39m=[32m"true"[39m
            [36m>[39m
              [0mStatus[0m
            [36m</label>[39m
            [36m<div[39m
              [33mclass[39m=[32m"MuiInputBase-root MuiOutlinedInput-root MuiInputBase-colorPrimary MuiInputBase-formControl MuiInputBase-sizeSmall css-13lg1x7-MuiInputBase-root-MuiOutlinedInput-root-MuiSelect-root"[39m
            [36m>[39m
              [36m<div[39m
                [33maria-controls[39m=[32m":ru:"[39m
                [33maria-expanded[39m=[32m"false"[39m
                [33maria-haspopup[39m=[32m"listbox"[39m
                [33mclass[39m=[32m"MuiSelect-select MuiSelect-outlined MuiInputBase-input MuiOutlinedInput-input MuiInputBase-inputSizeSmall css-1fzjff4-MuiSelect-select-MuiInputBase-input-MuiOutlinedInput-input"[39m
                [33mrole[39m=[32m"combobox"[39m
                [33mtabindex[39m=[32m"0"[39m
              [36m>[39m
                [0mAll Statuses[0m
              [36m</div>[39m
              [36m<input[39m
                [33maria-hidden[39m=[32m"true"[39m
                [33maria-invalid[39m=[32m"false"[39m
                [33mclass[39m=[32m"MuiSelect-nativeInput css-yf8vq0-MuiSelect-nativeInput"[39m
                [33mtabindex[39m=[32m"-1"[39m
                [33mvalue[39m=[32m"all"[39m
              [36m/>[39m
              [36m<svg[39m
                [33maria-hidden[39m=[32m"true"[39m
                [33mclass[39m=[32m"MuiSvgIcon-root MuiSvgIcon-fontSizeMedium MuiSelect-icon MuiSelect-iconOutlined css-hfutr2-MuiSvgIcon-root-MuiSelect-icon"[39m
                [33mdata-testid[39m=[32m"ArrowDropDownIcon"[39m
                [33mfocusable[39m=[32m"false"[39m
                [33mviewBox[39m=[32m"0 0 24 24"[39m
              [36m>[39m
                [36m<path[39m
                  [33md[39m=[32m"M7 10l5 5 5-5z"[39m
                [36m/>[39m
              [36m</svg>[...
 ❯ Object.getElementError node_modules/@testing-library/react/node_modules/@testing-library/dom/dist/config.js:37:19
 ❯ getElementError node_modules/@testing-library/react/node_modules/@testing-library/dom/dist/query-helpers.js:20:35
 ❯ getMultipleElementsFoundError node_modules/@testing-library/react/node_modules/@testing-library/dom/dist/query-helpers.js:23:10
 ❯ node_modules/@testing-library/react/node_modules/@testing-library/dom/dist/query-helpers.js:55:13
 ❯ node_modules/@testing-library/react/node_modules/@testing-library/dom/dist/query-helpers.js:95:19
 ❯ src/test/project.test.tsx:388:31
    386| 
    387|       // Fill in required fields
    388|       fireEvent.change(screen.getByLabelText('Project Title'), {
       |                               ^
    389|         target: { value: 'Test Project' },
    390|       });

⎯⎯⎯⎯⎯⎯⎯⎯⎯⎯⎯⎯⎯⎯⎯⎯⎯⎯⎯⎯⎯⎯[40/66]⎯

 FAIL  src/test/project.test.tsx > Project Components > ProjectForm > navigates through form steps
TestingLibraryElementError: Found multiple elements with the text of: Project Title

Here are the matching elements:

Ignored nodes: comments, script, style
[36m<input[39m
  [33maria-invalid[39m=[32m"false"[39m
  [33mclass[39m=[32m"MuiInputBase-input MuiOutlinedInput-input css-1t8l2tu-MuiInputBase-input-MuiOutlinedInput-input"[39m
  [33mid[39m=[32m":r61:"[39m
  [33mname[39m=[32m"title"[39m
  [33mplaceholder[39m=[32m"e.g., Build a responsive e-commerce website"[39m
  [33mtype[39m=[32m"text"[39m
  [33mvalue[39m=[32m""[39m
[36m/>[39m

Ignored nodes: comments, script, style
[36m<input[39m
  [33maria-invalid[39m=[32m"false"[39m
  [33mclass[39m=[32m"MuiInputBase-input MuiOutlinedInput-input css-1t8l2tu-MuiInputBase-input-MuiOutlinedInput-input"[39m
  [33mid[39m=[32m":r66:"[39m
  [33mname[39m=[32m"title"[39m
  [33mplaceholder[39m=[32m"e.g., Build a responsive e-commerce website"[39m
  [33mtype[39m=[32m"text"[39m
  [33mvalue[39m=[32m""[39m
[36m/>[39m

Ignored nodes: comments, script, style
[36m<input[39m
  [33maria-invalid[39m=[32m"false"[39m
  [33mclass[39m=[32m"MuiInputBase-input MuiOutlinedInput-input css-1t8l2tu-MuiInputBase-input-MuiOutlinedInput-input"[39m
  [33mid[39m=[32m":r6b:"[39m
  [33mname[39m=[32m"title"[39m
  [33mplaceholder[39m=[32m"e.g., Build a responsive e-commerce website"[39m
  [33mtype[39m=[32m"text"[39m
  [33mvalue[39m=[32m""[39m
[36m/>[39m

Ignored nodes: comments, script, style
[36m<input[39m
  [33maria-invalid[39m=[32m"false"[39m
  [33mclass[39m=[32m"MuiInputBase-input MuiOutlinedInput-input css-1t8l2tu-MuiInputBase-input-MuiOutlinedInput-input"[39m
  [33mid[39m=[32m":r6g:"[39m
  [33mname[39m=[32m"title"[39m
  [33mplaceholder[39m=[32m"e.g., Build a responsive e-commerce website"[39m
  [33mtype[39m=[32m"text"[39m
  [33mvalue[39m=[32m""[39m
[36m/>[39m

(If this is intentional, then use the `*AllBy*` variant of the query (like `queryAllByText`, `getAllByText`, or `findAllByText`)).

Ignored nodes: comments, script, style
[36m<body[39m
  [33mstyle[39m=[32m"padding-right: 1024px; overflow: hidden;"[39m
[36m>[39m
  [36m<div[39m
    [33maria-hidden[39m=[32m"true"[39m
  [36m>[39m
    [36m<div[39m
      [33mclass[39m=[32m"MuiBox-root css-0"[39m
    [36m>[39m
      [36m<div[39m
        [33mclass[39m=[32m"MuiBox-root css-i3pbo"[39m
      [36m>[39m
        [36m<h5[39m
          [33mclass[39m=[32m"MuiTypography-root MuiTypography-h5 MuiTypography-gutterBottom css-1hkf4sh-MuiTypography-root"[39m
        [36m>[39m
          [0mPayment History[0m
        [36m</h5>[39m
        [36m<p[39m
          [33mclass[39m=[32m"MuiTypography-root MuiTypography-body2 css-xtz2xu-MuiTypography-root"[39m
        [36m>[39m
          [0m1[0m
          [0m payment[0m
          [0m found[0m
        [36m</p>[39m
      [36m</div>[39m
      [36m<div[39m
        [33mclass[39m=[32m"MuiGrid-root MuiGrid-container MuiGrid-spacing-xs-2 css-12rc5ck-MuiGrid-root"[39m
      [36m>[39m
        [36m<div[39m
          [33mclass[39m=[32m"MuiGrid-root MuiGrid-item MuiGrid-grid-xs-12 MuiGrid-grid-sm-6 MuiGrid-grid-md-3 css-10voxkt-MuiGrid-root"[39m
        [36m>[39m
          [36m<div[39m
            [33mclass[39m=[32m"MuiFormControl-root MuiFormControl-fullWidth MuiTextField-root css-18hear-MuiFormControl-root-MuiTextField-root"[39m
          [36m>[39m
            [36m<div[39m
              [33mclass[39m=[32m"MuiInputBase-root MuiOutlinedInput-root MuiInputBase-colorPrimary MuiInputBase-fullWidth MuiInputBase-formControl MuiInputBase-sizeSmall MuiInputBase-adornedStart css-1cj7mpt-MuiInputBase-root-MuiOutlinedInput-root"[39m
            [36m>[39m
              [36m<div[39m
                [33mclass[39m=[32m"MuiInputAdornment-root MuiInputAdornment-positionStart MuiInputAdornment-outlined MuiInputAdornment-sizeSmall css-ittuaa-MuiInputAdornment-root"[39m
              [36m>[39m
                [36m<span[39m
                  [33mclass[39m=[32m"notranslate"[39m
                [36m>[39m
                  [0m​[0m
                [36m</span>[39m
                [36m<svg[39m
                  [33maria-hidden[39m=[32m"true"[39m
                  [33mclass[39m=[32m"MuiSvgIcon-root MuiSvgIcon-fontSizeMedium css-i4bv87-MuiSvgIcon-root"[39m
                  [33mdata-testid[39m=[32m"SearchIcon"[39m
                  [33mfocusable[39m=[32m"false"[39m
                  [33mviewBox[39m=[32m"0 0 24 24"[39m
                [36m>[39m
                  [36m<path[39m
                    [33md[39m=[32m"M15.5 14h-.79l-.28-.27C15.41 12.59 16 11.11 16 9.5 16 5.91 13.09 3 9.5 3S3 5.91 3 9.5 5.91 16 9.5 16c1.61 0 3.09-.59 4.23-1.57l.27.28v.79l5 4.99L20.49 19zm-6 0C7.01 14 5 11.99 5 9.5S7.01 5 9.5 5 14 7.01 14 9.5 11.99 14 9.5 14"[39m
                  [36m/>[39m
                [36m</svg>[39m
              [36m</div>[39m
              [36m<input[39m
                [33maria-invalid[39m=[32m"false"[39m
                [33mclass[39m=[32m"MuiInputBase-input MuiOutlinedInput-input MuiInputBase-inputSizeSmall MuiInputBase-inputAdornedStart css-1ua80n0-MuiInputBase-input-MuiOutlinedInput-input"[39m
                [33mid[39m=[32m":rt:"[39m
                [33mplaceholder[39m=[32m"Search payments..."[39m
                [33mtype[39m=[32m"text"[39m
                [33mvalue[39m=[32m""[39m
              [36m/>[39m
              [36m<fieldset[39m
                [33maria-hidden[39m=[32m"true"[39m
                [33mclass[39m=[32m"MuiOutlinedInput-notchedOutline css-r01yff-MuiNotchedOutlined-root-MuiOutlinedInput-notchedOutline"[39m
              [36m>[39m
                [36m<legend[39m
                  [33mclass[39m=[32m"css-1whs34k-MuiNotchedOutlined-root"[39m
                [36m>[39m
                  [36m<span[39m
                    [33mclass[39m=[32m"notranslate"[39m
                  [36m>[39m
                    [0m​[0m
                  [36m</span>[39m
                [36m</legend>[39m
              [36m</fieldset>[39m
            [36m</div>[39m
          [36m</div>[39m
        [36m</div>[39m
        [36m<div[39m
          [33mclass[39m=[32m"MuiGrid-root MuiGrid-item MuiGrid-grid-xs-12 MuiGrid-grid-sm-6 MuiGrid-grid-md-3 css-10voxkt-MuiGrid-root"[39m
        [36m>[39m
          [36m<div[39m
            [33mclass[39m=[32m"MuiFormControl-root MuiFormControl-fullWidth css-q8hpuo-MuiFormControl-root"[39m
          [36m>[39m
            [36m<label[39m
              [33mclass[39m=[32m"MuiFormLabel-root MuiInputLabel-root MuiInputLabel-formControl MuiInputLabel-animated MuiInputLabel-shrink MuiInputLabel-sizeSmall MuiInputLabel-outlined MuiFormLabel-colorPrimary MuiFormLabel-filled MuiInputLabel-root MuiInputLabel-formControl MuiInputLabel-animated MuiInputLabel-shrink MuiInputLabel-sizeSmall MuiInputLabel-outlined css-fe0mau-MuiFormLabel-root-MuiInputLabel-root"[39m
              [33mdata-shrink[39m=[32m"true"[39m
            [36m>[39m
              [0mStatus[0m
            [36m</label>[39m
            [36m<div[39m
              [33mclass[39m=[32m"MuiInputBase-root MuiOutlinedInput-root MuiInputBase-colorPrimary MuiInputBase-formControl MuiInputBase-sizeSmall css-13lg1x7-MuiInputBase-root-MuiOutlinedInput-root-MuiSelect-root"[39m
            [36m>[39m
              [36m<div[39m
                [33maria-controls[39m=[32m":ru:"[39m
                [33maria-expanded[39m=[32m"false"[39m
                [33maria-haspopup[39m=[32m"listbox"[39m
                [33mclass[39m=[32m"MuiSelect-select MuiSelect-outlined MuiInputBase-input MuiOutlinedInput-input MuiInputBase-inputSizeSmall css-1fzjff4-MuiSelect-select-MuiInputBase-input-MuiOutlinedInput-input"[39m
                [33mrole[39m=[32m"combobox"[39m
                [33mtabindex[39m=[32m"0"[39m
              [36m>[39m
                [0mAll Statuses[0m
              [36m</div>[39m
              [36m<input[39m
                [33maria-hidden[39m=[32m"true"[39m
                [33maria-invalid[39m=[32m"false"[39m
                [33mclass[39m=[32m"MuiSelect-nativeInput css-yf8vq0-MuiSelect-nativeInput"[39m
                [33mtabindex[39m=[32m"-1"[39m
                [33mvalue[39m=[32m"all"[39m
              [36m/>[39m
              [36m<svg[39m
                [33maria-hidden[39m=[32m"true"[39m
                [33mclass[39m=[32m"MuiSvgIcon-root MuiSvgIcon-fontSizeMedium MuiSelect-icon MuiSelect-iconOutlined css-hfutr2-MuiSvgIcon-root-MuiSelect-icon"[39m
                [33mdata-testid[39m=[32m"ArrowDropDownIcon"[39m
                [33mfocusable[39m=[32m"false"[39m
                [33mviewBox[39m=[32m"0 0 24 24"[39m
              [36m>[39m
                [36m<path[39m
                  [33md[39m=[32m"M7 10l5 5 5-5z"[39m
                [36m/>[39m
              [36m</svg>[...
 ❯ Object.getElementError node_modules/@testing-library/react/node_modules/@testing-library/dom/dist/config.js:37:19
 ❯ getElementError node_modules/@testing-library/react/node_modules/@testing-library/dom/dist/query-helpers.js:20:35
 ❯ getMultipleElementsFoundError node_modules/@testing-library/react/node_modules/@testing-library/dom/dist/query-helpers.js:23:10
 ❯ node_modules/@testing-library/react/node_modules/@testing-library/dom/dist/query-helpers.js:55:13
 ❯ node_modules/@testing-library/react/node_modules/@testing-library/dom/dist/query-helpers.js:95:19
 ❯ src/test/project.test.tsx:420:31
    418| 
    419|       // Fill basic info and go to next step
    420|       fireEvent.change(screen.getByLabelText('Project Title'), {
       |                               ^
    421|         target: { value: 'Test Project' },
    422|       });

⎯⎯⎯⎯⎯⎯⎯⎯⎯⎯⎯⎯⎯⎯⎯⎯⎯⎯⎯⎯⎯⎯[41/66]⎯

 FAIL  src/test/proposal.test.tsx > ProposalForm > validates cover letter length
TestingLibraryElementError: Found multiple elements with the text of: /Cover Letter/i

Here are the matching elements:

Ignored nodes: comments, script, style
[36m<textarea[39m
  [33maria-describedby[39m=[32m":r1o:-helper-text"[39m
  [33maria-invalid[39m=[32m"false"[39m
  [33mclass[39m=[32m"MuiInputBase-input MuiOutlinedInput-input MuiInputBase-inputMultiline css-1sqnrkk-MuiInputBase-input-MuiOutlinedInput-input"[39m
  [33mid[39m=[32m":r1o:"[39m
  [33mname[39m=[32m"coverLetter"[39m
  [33mplaceholder[39m=[32m"Introduce yourself and explain why you're the perfect fit for this project. Highlight your relevant experience and approach to the work."[39m
  [33mrows[39m=[32m"8"[39m
  [33mstyle[39m=[32m"height: 0px; overflow: hidden;"[39m
[36m/>[39m

Ignored nodes: comments, script, style
[36m<textarea[39m
  [33maria-describedby[39m=[32m":r21:-helper-text"[39m
  [33maria-invalid[39m=[32m"false"[39m
  [33mclass[39m=[32m"MuiInputBase-input MuiOutlinedInput-input MuiInputBase-inputMultiline css-1sqnrkk-MuiInputBase-input-MuiOutlinedInput-input"[39m
  [33mid[39m=[32m":r21:"[39m
  [33mname[39m=[32m"coverLetter"[39m
  [33mplaceholder[39m=[32m"Introduce yourself and explain why you're the perfect fit for this project. Highlight your relevant experience and approach to the work."[39m
  [33mrows[39m=[32m"8"[39m
  [33mstyle[39m=[32m"height: 0px; overflow: hidden;"[39m
[36m/>[39m

(If this is intentional, then use the `*AllBy*` variant of the query (like `queryAllByText`, `getAllByText`, or `findAllByText`)).

Ignored nodes: comments, script, style
[36m<body[39m
  [33mstyle[39m=[32m""[39m
[36m>[39m
  [36m<div>[39m
    [36m<div[39m
      [33mclass[39m=[32m"MuiBox-root css-0"[39m
    [36m>[39m
      [36m<div[39m
        [33mclass[39m=[32m"MuiBox-root css-i3pbo"[39m
      [36m>[39m
        [36m<h5[39m
          [33mclass[39m=[32m"MuiTypography-root MuiTypography-h5 MuiTypography-gutterBottom css-1hkf4sh-MuiTypography-root"[39m
        [36m>[39m
          [0mPayment History[0m
        [36m</h5>[39m
        [36m<p[39m
          [33mclass[39m=[32m"MuiTypography-root MuiTypography-body2 css-xtz2xu-MuiTypography-root"[39m
        [36m>[39m
          [0m1[0m
          [0m payment[0m
          [0m found[0m
        [36m</p>[39m
      [36m</div>[39m
      [36m<div[39m
        [33mclass[39m=[32m"MuiGrid-root MuiGrid-container MuiGrid-spacing-xs-2 css-12rc5ck-MuiGrid-root"[39m
      [36m>[39m
        [36m<div[39m
          [33mclass[39m=[32m"MuiGrid-root MuiGrid-item MuiGrid-grid-xs-12 MuiGrid-grid-sm-6 MuiGrid-grid-md-3 css-10voxkt-MuiGrid-root"[39m
        [36m>[39m
          [36m<div[39m
            [33mclass[39m=[32m"MuiFormControl-root MuiFormControl-fullWidth MuiTextField-root css-18hear-MuiFormControl-root-MuiTextField-root"[39m
          [36m>[39m
            [36m<div[39m
              [33mclass[39m=[32m"MuiInputBase-root MuiOutlinedInput-root MuiInputBase-colorPrimary MuiInputBase-fullWidth MuiInputBase-formControl MuiInputBase-sizeSmall MuiInputBase-adornedStart css-1cj7mpt-MuiInputBase-root-MuiOutlinedInput-root"[39m
            [36m>[39m
              [36m<div[39m
                [33mclass[39m=[32m"MuiInputAdornment-root MuiInputAdornment-positionStart MuiInputAdornment-outlined MuiInputAdornment-sizeSmall css-ittuaa-MuiInputAdornment-root"[39m
              [36m>[39m
                [36m<span[39m
                  [33mclass[39m=[32m"notranslate"[39m
                [36m>[39m
                  [0m​[0m
                [36m</span>[39m
                [36m<svg[39m
                  [33maria-hidden[39m=[32m"true"[39m
                  [33mclass[39m=[32m"MuiSvgIcon-root MuiSvgIcon-fontSizeMedium css-i4bv87-MuiSvgIcon-root"[39m
                  [33mdata-testid[39m=[32m"SearchIcon"[39m
                  [33mfocusable[39m=[32m"false"[39m
                  [33mviewBox[39m=[32m"0 0 24 24"[39m
                [36m>[39m
                  [36m<path[39m
                    [33md[39m=[32m"M15.5 14h-.79l-.28-.27C15.41 12.59 16 11.11 16 9.5 16 5.91 13.09 3 9.5 3S3 5.91 3 9.5 5.91 16 9.5 16c1.61 0 3.09-.59 4.23-1.57l.27.28v.79l5 4.99L20.49 19zm-6 0C7.01 14 5 11.99 5 9.5S7.01 5 9.5 5 14 7.01 14 9.5 11.99 14 9.5 14"[39m
                  [36m/>[39m
                [36m</svg>[39m
              [36m</div>[39m
              [36m<input[39m
                [33maria-invalid[39m=[32m"false"[39m
                [33mclass[39m=[32m"MuiInputBase-input MuiOutlinedInput-input MuiInputBase-inputSizeSmall MuiInputBase-inputAdornedStart css-1ua80n0-MuiInputBase-input-MuiOutlinedInput-input"[39m
                [33mid[39m=[32m":rt:"[39m
                [33mplaceholder[39m=[32m"Search payments..."[39m
                [33mtype[39m=[32m"text"[39m
                [33mvalue[39m=[32m""[39m
              [36m/>[39m
              [36m<fieldset[39m
                [33maria-hidden[39m=[32m"true"[39m
                [33mclass[39m=[32m"MuiOutlinedInput-notchedOutline css-r01yff-MuiNotchedOutlined-root-MuiOutlinedInput-notchedOutline"[39m
              [36m>[39m
                [36m<legend[39m
                  [33mclass[39m=[32m"css-1whs34k-MuiNotchedOutlined-root"[39m
                [36m>[39m
                  [36m<span[39m
                    [33mclass[39m=[32m"notranslate"[39m
                  [36m>[39m
                    [0m​[0m
                  [36m</span>[39m
                [36m</legend>[39m
              [36m</fieldset>[39m
            [36m</div>[39m
          [36m</div>[39m
        [36m</div>[39m
        [36m<div[39m
          [33mclass[39m=[32m"MuiGrid-root MuiGrid-item MuiGrid-grid-xs-12 MuiGrid-grid-sm-6 MuiGrid-grid-md-3 css-10voxkt-MuiGrid-root"[39m
        [36m>[39m
          [36m<div[39m
            [33mclass[39m=[32m"MuiFormControl-root MuiFormControl-fullWidth css-q8hpuo-MuiFormControl-root"[39m
          [36m>[39m
            [36m<label[39m
              [33mclass[39m=[32m"MuiFormLabel-root MuiInputLabel-root MuiInputLabel-formControl MuiInputLabel-animated MuiInputLabel-shrink MuiInputLabel-sizeSmall MuiInputLabel-outlined MuiFormLabel-colorPrimary MuiFormLabel-filled MuiInputLabel-root MuiInputLabel-formControl MuiInputLabel-animated MuiInputLabel-shrink MuiInputLabel-sizeSmall MuiInputLabel-outlined css-fe0mau-MuiFormLabel-root-MuiInputLabel-root"[39m
              [33mdata-shrink[39m=[32m"true"[39m
            [36m>[39m
              [0mStatus[0m
            [36m</label>[39m
            [36m<div[39m
              [33mclass[39m=[32m"MuiInputBase-root MuiOutlinedInput-root MuiInputBase-colorPrimary MuiInputBase-formControl MuiInputBase-sizeSmall css-13lg1x7-MuiInputBase-root-MuiOutlinedInput-root-MuiSelect-root"[39m
            [36m>[39m
              [36m<div[39m
                [33maria-controls[39m=[32m":ru:"[39m
                [33maria-expanded[39m=[32m"false"[39m
                [33maria-haspopup[39m=[32m"listbox"[39m
                [33mclass[39m=[32m"MuiSelect-select MuiSelect-outlined MuiInputBase-input MuiOutlinedInput-input MuiInputBase-inputSizeSmall css-1fzjff4-MuiSelect-select-MuiInputBase-input-MuiOutlinedInput-input"[39m
                [33mrole[39m=[32m"combobox"[39m
                [33mtabindex[39m=[32m"0"[39m
              [36m>[39m
                [0mAll Statuses[0m
              [36m</div>[39m
              [36m<input[39m
                [33maria-hidden[39m=[32m"true"[39m
                [33maria-invalid[39m=[32m"false"[39m
                [33mclass[39m=[32m"MuiSelect-nativeInput css-yf8vq0-MuiSelect-nativeInput"[39m
                [33mtabindex[39m=[32m"-1"[39m
                [33mvalue[39m=[32m"all"[39m
              [36m/>[39m
              [36m<svg[39m
                [33maria-hidden[39m=[32m"true"[39m
                [33mclass[39m=[32m"MuiSvgIcon-root MuiSvgIcon-fontSizeMedium MuiSelect-icon MuiSelect-iconOutlined css-hfutr2-MuiSvgIcon-root-MuiSelect-icon"[39m
                [33mdata-testid[39m=[32m"ArrowDropDownIcon"[39m
                [33mfocusable[39m=[32m"false"[39m
                [33mviewBox[39m=[32m"0 0 24 24"[39m
              [36m>[39m
                [36m<path[39m
                  [33md[39m=[32m"M7 10l5 5 5-5z"[39m
                [36m/>[39m
              [36m</svg>[39m
              [36m<fieldset[39m
                [33maria-hidden[39m=[32m"true"[39m
   ...
 ❯ Object.getElementError node_modules/@testing-library/react/node_modules/@testing-library/dom/dist/config.js:37:19
 ❯ getElementError node_modules/@testing-library/react/node_modules/@testing-library/dom/dist/query-helpers.js:20:35
 ❯ getMultipleElementsFoundError node_modules/@testing-library/react/node_modules/@testing-library/dom/dist/query-helpers.js:23:10
 ❯ node_modules/@testing-library/react/node_modules/@testing-library/dom/dist/query-helpers.js:55:13
 ❯ node_modules/@testing-library/react/node_modules/@testing-library/dom/dist/query-helpers.js:95:19
 ❯ src/test/proposal.test.tsx:176:37
    174|     );
    175| 
    176|     const coverLetterInput = screen.getByLabelText(/Cover Letter/i);
       |                                     ^
    177|     const submitButton = screen.getByRole('button', { name: /Submit Pr…
    178| 

⎯⎯⎯⎯⎯⎯⎯⎯⎯⎯⎯⎯⎯⎯⎯⎯⎯⎯⎯⎯⎯⎯[42/66]⎯

 FAIL  src/test/proposal.test.tsx > ProposalForm > submits proposal successfully
TestingLibraryElementError: Found multiple elements with the text of: /Cover Letter/i

Here are the matching elements:

Ignored nodes: comments, script, style
[36m<textarea[39m
  [33maria-describedby[39m=[32m":r1o:-helper-text"[39m
  [33maria-invalid[39m=[32m"false"[39m
  [33mclass[39m=[32m"MuiInputBase-input MuiOutlinedInput-input MuiInputBase-inputMultiline css-1sqnrkk-MuiInputBase-input-MuiOutlinedInput-input"[39m
  [33mid[39m=[32m":r1o:"[39m
  [33mname[39m=[32m"coverLetter"[39m
  [33mplaceholder[39m=[32m"Introduce yourself and explain why you're the perfect fit for this project. Highlight your relevant experience and approach to the work."[39m
  [33mrows[39m=[32m"8"[39m
  [33mstyle[39m=[32m"height: 0px; overflow: hidden;"[39m
[36m/>[39m

Ignored nodes: comments, script, style
[36m<textarea[39m
  [33maria-describedby[39m=[32m":r21:-helper-text"[39m
  [33maria-invalid[39m=[32m"false"[39m
  [33mclass[39m=[32m"MuiInputBase-input MuiOutlinedInput-input MuiInputBase-inputMultiline css-1sqnrkk-MuiInputBase-input-MuiOutlinedInput-input"[39m
  [33mid[39m=[32m":r21:"[39m
  [33mname[39m=[32m"coverLetter"[39m
  [33mplaceholder[39m=[32m"Introduce yourself and explain why you're the perfect fit for this project. Highlight your relevant experience and approach to the work."[39m
  [33mrows[39m=[32m"8"[39m
  [33mstyle[39m=[32m"height: 0px; overflow: hidden;"[39m
[36m/>[39m

Ignored nodes: comments, script, style
[36m<textarea[39m
  [33maria-describedby[39m=[32m":r2a:-helper-text"[39m
  [33maria-invalid[39m=[32m"false"[39m
  [33mclass[39m=[32m"MuiInputBase-input MuiOutlinedInput-input MuiInputBase-inputMultiline css-1sqnrkk-MuiInputBase-input-MuiOutlinedInput-input"[39m
  [33mid[39m=[32m":r2a:"[39m
  [33mname[39m=[32m"coverLetter"[39m
  [33mplaceholder[39m=[32m"Introduce yourself and explain why you're the perfect fit for this project. Highlight your relevant experience and approach to the work."[39m
  [33mrows[39m=[32m"8"[39m
  [33mstyle[39m=[32m"height: 0px; overflow: hidden;"[39m
[36m/>[39m

(If this is intentional, then use the `*AllBy*` variant of the query (like `queryAllByText`, `getAllByText`, or `findAllByText`)).

Ignored nodes: comments, script, style
[36m<body[39m
  [33mstyle[39m=[32m""[39m
[36m>[39m
  [36m<div>[39m
    [36m<div[39m
      [33mclass[39m=[32m"MuiBox-root css-0"[39m
    [36m>[39m
      [36m<div[39m
        [33mclass[39m=[32m"MuiBox-root css-i3pbo"[39m
      [36m>[39m
        [36m<h5[39m
          [33mclass[39m=[32m"MuiTypography-root MuiTypography-h5 MuiTypography-gutterBottom css-1hkf4sh-MuiTypography-root"[39m
        [36m>[39m
          [0mPayment History[0m
        [36m</h5>[39m
        [36m<p[39m
          [33mclass[39m=[32m"MuiTypography-root MuiTypography-body2 css-xtz2xu-MuiTypography-root"[39m
        [36m>[39m
          [0m1[0m
          [0m payment[0m
          [0m found[0m
        [36m</p>[39m
      [36m</div>[39m
      [36m<div[39m
        [33mclass[39m=[32m"MuiGrid-root MuiGrid-container MuiGrid-spacing-xs-2 css-12rc5ck-MuiGrid-root"[39m
      [36m>[39m
        [36m<div[39m
          [33mclass[39m=[32m"MuiGrid-root MuiGrid-item MuiGrid-grid-xs-12 MuiGrid-grid-sm-6 MuiGrid-grid-md-3 css-10voxkt-MuiGrid-root"[39m
        [36m>[39m
          [36m<div[39m
            [33mclass[39m=[32m"MuiFormControl-root MuiFormControl-fullWidth MuiTextField-root css-18hear-MuiFormControl-root-MuiTextField-root"[39m
          [36m>[39m
            [36m<div[39m
              [33mclass[39m=[32m"MuiInputBase-root MuiOutlinedInput-root MuiInputBase-colorPrimary MuiInputBase-fullWidth MuiInputBase-formControl MuiInputBase-sizeSmall MuiInputBase-adornedStart css-1cj7mpt-MuiInputBase-root-MuiOutlinedInput-root"[39m
            [36m>[39m
              [36m<div[39m
                [33mclass[39m=[32m"MuiInputAdornment-root MuiInputAdornment-positionStart MuiInputAdornment-outlined MuiInputAdornment-sizeSmall css-ittuaa-MuiInputAdornment-root"[39m
              [36m>[39m
                [36m<span[39m
                  [33mclass[39m=[32m"notranslate"[39m
                [36m>[39m
                  [0m​[0m
                [36m</span>[39m
                [36m<svg[39m
                  [33maria-hidden[39m=[32m"true"[39m
                  [33mclass[39m=[32m"MuiSvgIcon-root MuiSvgIcon-fontSizeMedium css-i4bv87-MuiSvgIcon-root"[39m
                  [33mdata-testid[39m=[32m"SearchIcon"[39m
                  [33mfocusable[39m=[32m"false"[39m
                  [33mviewBox[39m=[32m"0 0 24 24"[39m
                [36m>[39m
                  [36m<path[39m
                    [33md[39m=[32m"M15.5 14h-.79l-.28-.27C15.41 12.59 16 11.11 16 9.5 16 5.91 13.09 3 9.5 3S3 5.91 3 9.5 5.91 16 9.5 16c1.61 0 3.09-.59 4.23-1.57l.27.28v.79l5 4.99L20.49 19zm-6 0C7.01 14 5 11.99 5 9.5S7.01 5 9.5 5 14 7.01 14 9.5 11.99 14 9.5 14"[39m
                  [36m/>[39m
                [36m</svg>[39m
              [36m</div>[39m
              [36m<input[39m
                [33maria-invalid[39m=[32m"false"[39m
                [33mclass[39m=[32m"MuiInputBase-input MuiOutlinedInput-input MuiInputBase-inputSizeSmall MuiInputBase-inputAdornedStart css-1ua80n0-MuiInputBase-input-MuiOutlinedInput-input"[39m
                [33mid[39m=[32m":rt:"[39m
                [33mplaceholder[39m=[32m"Search payments..."[39m
                [33mtype[39m=[32m"text"[39m
                [33mvalue[39m=[32m""[39m
              [36m/>[39m
              [36m<fieldset[39m
                [33maria-hidden[39m=[32m"true"[39m
                [33mclass[39m=[32m"MuiOutlinedInput-notchedOutline css-r01yff-MuiNotchedOutlined-root-MuiOutlinedInput-notchedOutline"[39m
              [36m>[39m
                [36m<legend[39m
                  [33mclass[39m=[32m"css-1whs34k-MuiNotchedOutlined-root"[39m
                [36m>[39m
                  [36m<span[39m
                    [33mclass[39m=[32m"notranslate"[39m
                  [36m>[39m
                    [0m​[0m
                  [36m</span>[39m
                [36m</legend>[39m
              [36m</fieldset>[39m
            [36m</div>[39m
          [36m</div>[39m
        [36m</div>[39m
        [36m<div[39m
          [33mclass[39m=[32m"MuiGrid-root MuiGrid-item MuiGrid-grid-xs-12 MuiGrid-grid-sm-6 MuiGrid-grid-md-3 css-10voxkt-MuiGrid-root"[39m
        [36m>[39m
          [36m<div[39m
            [33mclass[39m=[32m"MuiFormControl-root MuiFormControl-fullWidth css-q8hpuo-MuiFormControl-root"[39m
          [36m>[39m
            [36m<label[39m
              [33mclass[39m=[32m"MuiFormLabel-root MuiInputLabel-root MuiInputLabel-formControl MuiInputLabel-animated MuiInputLabel-shrink MuiInputLabel-sizeSmall MuiInputLabel-outlined MuiFormLabel-colorPrimary MuiFormLabel-filled MuiInputLabel-root MuiInputLabel-formControl MuiInputLabel-animated MuiInputLabel-shrink MuiInputLabel-sizeSmall MuiInputLabel-outlined css-fe0mau-MuiFormLabel-root-MuiInputLabel-root"[39m
              [33mdata-shrink[39m=[32m"true"[39m
            [36m>[39m
              [0mStatus[0m
            [36m</label>[39m
            [36m<div[39m
              [33mclass[39m=[32m"MuiInputBase-root MuiOutlinedInput-root MuiInputBase-colorPrimary MuiInputBase-formControl MuiInputBase-sizeSmall css-13lg1x7-MuiInputBase-root-MuiOutlinedInput-root-MuiSelect-root"[39m
            [36m>[39m
              [36m<div[39m
                [33maria-controls[39m=[32m":ru:"[39m
                [33maria-expanded[39m=[32m"false"[39m
                [33maria-haspopup[39m=[32m"listbox"[39m
                [33mclass[39m=[32m"MuiSelect-select MuiSelect-outlined MuiInputBase-input MuiOutlinedInput-input MuiInputBase-inputSizeSmall css-1fzjff4-MuiSelect-select-MuiInputBase-input-MuiOutlinedInput-input"[39m
                [33mrole[39m=[32m"combobox"[39m
                [33mtabindex[39m=[32m"0"[39m
              [36m>[39m
                [0mAll Statuses[0m
              [36m</div>[39m
              [36m<input[39m
                [33maria-hidden[39m=[32m"true"[39m
                [33maria-invalid[39m=[32m"false"[39m
                [33mclass[39m=[32m"MuiSelect-nativeInput css-yf8vq0-MuiSelect-nativeInput"[39m
                [33mtabindex[39m=[32m"-1"[39m
                [33mvalue[39m=[32m"all"[39m
              [36m/>[39m
              [36m<svg[39m
                [33maria-hidden[39m=[32m"true"[39m
                [33mclass[39m=[32m"MuiSvgIcon-root MuiSvgIcon-fontSizeMedium MuiSelect-icon MuiSelect-iconOutlined css-hfutr2-MuiSvgIcon-root-MuiSelect-icon"[39m
                [33mdata-testid[39m=[32m"ArrowDropDownIcon"[39m
                [33mfocusable[39m=[32m"false"[39m
                [33mviewBox[39m=[32m"0 0 24 24"[39m
              [36m>[39m
                [36m<path[39m
                  [33md[39m=[32m"M7 10l5 5 5-5z"[39m
                [36m/>[39m
              [36m</svg>[39m
              [36m<fieldset[39m
                [33maria-hidden[39m=[32m"true"[39m
   ...
 ❯ Object.getElementError node_modules/@testing-library/react/node_modules/@testing-library/dom/dist/config.js:37:19
 ❯ getElementError node_modules/@testing-library/react/node_modules/@testing-library/dom/dist/query-helpers.js:20:35
 ❯ getMultipleElementsFoundError node_modules/@testing-library/react/node_modules/@testing-library/dom/dist/query-helpers.js:23:10
 ❯ node_modules/@testing-library/react/node_modules/@testing-library/dom/dist/query-helpers.js:55:13
 ❯ node_modules/@testing-library/react/node_modules/@testing-library/dom/dist/query-helpers.js:95:19
 ❯ src/test/proposal.test.tsx:203:29
    201| 
    202|     // Fill form
    203|     fireEvent.change(screen.getByLabelText(/Cover Letter/i), {
       |                             ^
    204|       target: { value: 'I am very interested in this project and have …
    205|     });

⎯⎯⎯⎯⎯⎯⎯⎯⎯⎯⎯⎯⎯⎯⎯⎯⎯⎯⎯⎯⎯⎯[43/66]⎯

 FAIL  src/test/proposal.test.tsx > ProposalForm > adds and removes milestones
TestingLibraryElementError: Found multiple elements with the text of: Milestone Title

Here are the matching elements:

Ignored nodes: comments, script, style
[36m<input[39m
  [33maria-invalid[39m=[32m"false"[39m
  [33mclass[39m=[32m"MuiInputBase-input MuiOutlinedInput-input MuiInputBase-inputSizeSmall css-1n4twyu-MuiInputBase-input-MuiOutlinedInput-input"[39m
  [33mid[39m=[32m":r1s:"[39m
  [33mtype[39m=[32m"text"[39m
  [33mvalue[39m=[32m""[39m
[36m/>[39m

Ignored nodes: comments, script, style
[36m<input[39m
  [33maria-invalid[39m=[32m"false"[39m
  [33mclass[39m=[32m"MuiInputBase-input MuiOutlinedInput-input MuiInputBase-inputSizeSmall css-1n4twyu-MuiInputBase-input-MuiOutlinedInput-input"[39m
  [33mid[39m=[32m":r25:"[39m
  [33mtype[39m=[32m"text"[39m
  [33mvalue[39m=[32m""[39m
[36m/>[39m

Ignored nodes: comments, script, style
[36m<input[39m
  [33maria-invalid[39m=[32m"false"[39m
  [33mclass[39m=[32m"MuiInputBase-input MuiOutlinedInput-input MuiInputBase-inputSizeSmall css-1n4twyu-MuiInputBase-input-MuiOutlinedInput-input"[39m
  [33mid[39m=[32m":r2e:"[39m
  [33mtype[39m=[32m"text"[39m
  [33mvalue[39m=[32m""[39m
[36m/>[39m

Ignored nodes: comments, script, style
[36m<input[39m
  [33maria-invalid[39m=[32m"false"[39m
  [33mclass[39m=[32m"MuiInputBase-input MuiOutlinedInput-input MuiInputBase-inputSizeSmall css-1n4twyu-MuiInputBase-input-MuiOutlinedInput-input"[39m
  [33mid[39m=[32m":r2n:"[39m
  [33mtype[39m=[32m"text"[39m
  [33mvalue[39m=[32m""[39m
[36m/>[39m

(If this is intentional, then use the `*AllBy*` variant of the query (like `queryAllByText`, `getAllByText`, or `findAllByText`)).

Ignored nodes: comments, script, style
[36m<body[39m
  [33mstyle[39m=[32m""[39m
[36m>[39m
  [36m<div>[39m
    [36m<div[39m
      [33mclass[39m=[32m"MuiBox-root css-0"[39m
    [36m>[39m
      [36m<div[39m
        [33mclass[39m=[32m"MuiBox-root css-i3pbo"[39m
      [36m>[39m
        [36m<h5[39m
          [33mclass[39m=[32m"MuiTypography-root MuiTypography-h5 MuiTypography-gutterBottom css-1hkf4sh-MuiTypography-root"[39m
        [36m>[39m
          [0mPayment History[0m
        [36m</h5>[39m
        [36m<p[39m
          [33mclass[39m=[32m"MuiTypography-root MuiTypography-body2 css-xtz2xu-MuiTypography-root"[39m
        [36m>[39m
          [0m1[0m
          [0m payment[0m
          [0m found[0m
        [36m</p>[39m
      [36m</div>[39m
      [36m<div[39m
        [33mclass[39m=[32m"MuiGrid-root MuiGrid-container MuiGrid-spacing-xs-2 css-12rc5ck-MuiGrid-root"[39m
      [36m>[39m
        [36m<div[39m
          [33mclass[39m=[32m"MuiGrid-root MuiGrid-item MuiGrid-grid-xs-12 MuiGrid-grid-sm-6 MuiGrid-grid-md-3 css-10voxkt-MuiGrid-root"[39m
        [36m>[39m
          [36m<div[39m
            [33mclass[39m=[32m"MuiFormControl-root MuiFormControl-fullWidth MuiTextField-root css-18hear-MuiFormControl-root-MuiTextField-root"[39m
          [36m>[39m
            [36m<div[39m
              [33mclass[39m=[32m"MuiInputBase-root MuiOutlinedInput-root MuiInputBase-colorPrimary MuiInputBase-fullWidth MuiInputBase-formControl MuiInputBase-sizeSmall MuiInputBase-adornedStart css-1cj7mpt-MuiInputBase-root-MuiOutlinedInput-root"[39m
            [36m>[39m
              [36m<div[39m
                [33mclass[39m=[32m"MuiInputAdornment-root MuiInputAdornment-positionStart MuiInputAdornment-outlined MuiInputAdornment-sizeSmall css-ittuaa-MuiInputAdornment-root"[39m
              [36m>[39m
                [36m<span[39m
                  [33mclass[39m=[32m"notranslate"[39m
                [36m>[39m
                  [0m​[0m
                [36m</span>[39m
                [36m<svg[39m
                  [33maria-hidden[39m=[32m"true"[39m
                  [33mclass[39m=[32m"MuiSvgIcon-root MuiSvgIcon-fontSizeMedium css-i4bv87-MuiSvgIcon-root"[39m
                  [33mdata-testid[39m=[32m"SearchIcon"[39m
                  [33mfocusable[39m=[32m"false"[39m
                  [33mviewBox[39m=[32m"0 0 24 24"[39m
                [36m>[39m
                  [36m<path[39m
                    [33md[39m=[32m"M15.5 14h-.79l-.28-.27C15.41 12.59 16 11.11 16 9.5 16 5.91 13.09 3 9.5 3S3 5.91 3 9.5 5.91 16 9.5 16c1.61 0 3.09-.59 4.23-1.57l.27.28v.79l5 4.99L20.49 19zm-6 0C7.01 14 5 11.99 5 9.5S7.01 5 9.5 5 14 7.01 14 9.5 11.99 14 9.5 14"[39m
                  [36m/>[39m
                [36m</svg>[39m
              [36m</div>[39m
              [36m<input[39m
                [33maria-invalid[39m=[32m"false"[39m
                [33mclass[39m=[32m"MuiInputBase-input MuiOutlinedInput-input MuiInputBase-inputSizeSmall MuiInputBase-inputAdornedStart css-1ua80n0-MuiInputBase-input-MuiOutlinedInput-input"[39m
                [33mid[39m=[32m":rt:"[39m
                [33mplaceholder[39m=[32m"Search payments..."[39m
                [33mtype[39m=[32m"text"[39m
                [33mvalue[39m=[32m""[39m
              [36m/>[39m
              [36m<fieldset[39m
                [33maria-hidden[39m=[32m"true"[39m
                [33mclass[39m=[32m"MuiOutlinedInput-notchedOutline css-r01yff-MuiNotchedOutlined-root-MuiOutlinedInput-notchedOutline"[39m
              [36m>[39m
                [36m<legend[39m
                  [33mclass[39m=[32m"css-1whs34k-MuiNotchedOutlined-root"[39m
                [36m>[39m
                  [36m<span[39m
                    [33mclass[39m=[32m"notranslate"[39m
                  [36m>[39m
                    [0m​[0m
                  [36m</span>[39m
                [36m</legend>[39m
              [36m</fieldset>[39m
            [36m</div>[39m
          [36m</div>[39m
        [36m</div>[39m
        [36m<div[39m
          [33mclass[39m=[32m"MuiGrid-root MuiGrid-item MuiGrid-grid-xs-12 MuiGrid-grid-sm-6 MuiGrid-grid-md-3 css-10voxkt-MuiGrid-root"[39m
        [36m>[39m
          [36m<div[39m
            [33mclass[39m=[32m"MuiFormControl-root MuiFormControl-fullWidth css-q8hpuo-MuiFormControl-root"[39m
          [36m>[39m
            [36m<label[39m
              [33mclass[39m=[32m"MuiFormLabel-root MuiInputLabel-root MuiInputLabel-formControl MuiInputLabel-animated MuiInputLabel-shrink MuiInputLabel-sizeSmall MuiInputLabel-outlined MuiFormLabel-colorPrimary MuiFormLabel-filled MuiInputLabel-root MuiInputLabel-formControl MuiInputLabel-animated MuiInputLabel-shrink MuiInputLabel-sizeSmall MuiInputLabel-outlined css-fe0mau-MuiFormLabel-root-MuiInputLabel-root"[39m
              [33mdata-shrink[39m=[32m"true"[39m
            [36m>[39m
              [0mStatus[0m
            [36m</label>[39m
            [36m<div[39m
              [33mclass[39m=[32m"MuiInputBase-root MuiOutlinedInput-root MuiInputBase-colorPrimary MuiInputBase-formControl MuiInputBase-sizeSmall css-13lg1x7-MuiInputBase-root-MuiOutlinedInput-root-MuiSelect-root"[39m
            [36m>[39m
              [36m<div[39m
                [33maria-controls[39m=[32m":ru:"[39m
                [33maria-expanded[39m=[32m"false"[39m
                [33maria-haspopup[39m=[32m"listbox"[39m
                [33mclass[39m=[32m"MuiSelect-select MuiSelect-outlined MuiInputBase-input MuiOutlinedInput-input MuiInputBase-inputSizeSmall css-1fzjff4-MuiSelect-select-MuiInputBase-input-MuiOutlinedInput-input"[39m
                [33mrole[39m=[32m"combobox"[39m
                [33mtabindex[39m=[32m"0"[39m
              [36m>[39m
                [0mAll Statuses[0m
              [36m</div>[39m
              [36m<input[39m
                [33maria-hidden[39m=[32m"true"[39m
                [33maria-invalid[39m=[32m"false"[39m
                [33mclass[39m=[32m"MuiSelect-nativeInput css-yf8vq0-MuiSelect-nativeInput"[39m
                [33mtabindex[39m=[32m"-1"[39m
                [33mvalue[39m=[32m"all"[39m
              [36m/>[39m
              [36m<svg[39m
                [33maria-hidden[39m=[32m"true"[39m
                [33mclass[39m=[32m"MuiSvgIcon-root MuiSvgIcon-fontSizeMedium MuiSelect-icon MuiSelect-iconOutlined css-hfutr2-MuiSvgIcon-root-MuiSelect-icon"[39m
                [33mdata-testid[39m=[32m"ArrowDropDownIcon"[39m
                [33mfocusable[39m=[32m"false"[39m
                [33mviewBox[39m=[32m"0 0 24 24"[39m
              [36m>[39m
                [36m<path[39m
                  [33md[39m=[32m"M7 10l5 5 5-5z"[39m
                [36m/>[39m
              [36m</svg>[39m
              [36m<fieldset[39m
                [33maria-hidden[39m=[32m"true"[39m
   ...
 ❯ Object.getElementError node_modules/@testing-library/react/node_modules/@testing-library/dom/dist/config.js:37:19
 ❯ getElementError node_modules/@testing-library/react/node_modules/@testing-library/dom/dist/query-helpers.js:20:35
 ❯ getMultipleElementsFoundError node_modules/@testing-library/react/node_modules/@testing-library/dom/dist/query-helpers.js:23:10
 ❯ node_modules/@testing-library/react/node_modules/@testing-library/dom/dist/query-helpers.js:55:13
 ❯ node_modules/@testing-library/react/node_modules/@testing-library/dom/dist/query-helpers.js:95:19
 ❯ src/test/proposal.test.tsx:235:29
    233| 
    234|     // Add milestone
    235|     fireEvent.change(screen.getByLabelText('Milestone Title'), {
       |                             ^
    236|       target: { value: 'Test Milestone' },
    237|     });

⎯⎯⎯⎯⎯⎯⎯⎯⎯⎯⎯⎯⎯⎯⎯⎯⎯⎯⎯⎯⎯⎯[44/66]⎯

 FAIL  src/test/proposal.test.tsx > ProposalCard > renders proposal card for freelancer view
TestingLibraryElementError: Found multiple elements with the text: Test Project

Here are the matching elements:

Ignored nodes: comments, script, style
[36m<h6[39m
  [33mclass[39m=[32m"MuiTypography-root MuiTypography-h6 MuiTypography-gutterBottom css-1u1cxmu-MuiTypography-root"[39m
[36m>[39m
  [0mTest Project[0m
[36m</h6>[39m

Ignored nodes: comments, script, style
[36m<h6[39m
  [33mclass[39m=[32m"MuiTypography-root MuiTypography-h6 MuiTypography-gutterBottom css-1u1cxmu-MuiTypography-root"[39m
[36m>[39m
  [0mTest Project[0m
[36m</h6>[39m

Ignored nodes: comments, script, style
[36m<h6[39m
  [33mclass[39m=[32m"MuiTypography-root MuiTypography-h6 MuiTypography-gutterBottom css-1u1cxmu-MuiTypography-root"[39m
[36m>[39m
  [0mTest Project[0m
[36m</h6>[39m

Ignored nodes: comments, script, style
[36m<h6[39m
  [33mclass[39m=[32m"MuiTypography-root MuiTypography-h6 MuiTypography-gutterBottom css-1u1cxmu-MuiTypography-root"[39m
[36m>[39m
  [0mTest Project[0m
[36m</h6>[39m

Ignored nodes: comments, script, style
[36m<h6[39m
  [33mclass[39m=[32m"MuiTypography-root MuiTypography-h6 MuiTypography-gutterBottom css-pne570-MuiTypography-root"[39m
[36m>[39m
  [0mTest Project[0m
[36m</h6>[39m

(If this is intentional, then use the `*AllBy*` variant of the query (like `queryAllByText`, `getAllByText`, or `findAllByText`)).

Ignored nodes: comments, script, style
[36m<body[39m
  [33mstyle[39m=[32m""[39m
[36m>[39m
  [36m<div>[39m
    [36m<div[39m
      [33mclass[39m=[32m"MuiBox-root css-0"[39m
    [36m>[39m
      [36m<div[39m
        [33mclass[39m=[32m"MuiBox-root css-i3pbo"[39m
      [36m>[39m
        [36m<h5[39m
          [33mclass[39m=[32m"MuiTypography-root MuiTypography-h5 MuiTypography-gutterBottom css-1hkf4sh-MuiTypography-root"[39m
        [36m>[39m
          [0mPayment History[0m
        [36m</h5>[39m
        [36m<p[39m
          [33mclass[39m=[32m"MuiTypography-root MuiTypography-body2 css-xtz2xu-MuiTypography-root"[39m
        [36m>[39m
          [0m1[0m
          [0m payment[0m
          [0m found[0m
        [36m</p>[39m
      [36m</div>[39m
      [36m<div[39m
        [33mclass[39m=[32m"MuiGrid-root MuiGrid-container MuiGrid-spacing-xs-2 css-12rc5ck-MuiGrid-root"[39m
      [36m>[39m
        [36m<div[39m
          [33mclass[39m=[32m"MuiGrid-root MuiGrid-item MuiGrid-grid-xs-12 MuiGrid-grid-sm-6 MuiGrid-grid-md-3 css-10voxkt-MuiGrid-root"[39m
        [36m>[39m
          [36m<div[39m
            [33mclass[39m=[32m"MuiFormControl-root MuiFormControl-fullWidth MuiTextField-root css-18hear-MuiFormControl-root-MuiTextField-root"[39m
          [36m>[39m
            [36m<div[39m
              [33mclass[39m=[32m"MuiInputBase-root MuiOutlinedInput-root MuiInputBase-colorPrimary MuiInputBase-fullWidth MuiInputBase-formControl MuiInputBase-sizeSmall MuiInputBase-adornedStart css-1cj7mpt-MuiInputBase-root-MuiOutlinedInput-root"[39m
            [36m>[39m
              [36m<div[39m
                [33mclass[39m=[32m"MuiInputAdornment-root MuiInputAdornment-positionStart MuiInputAdornment-outlined MuiInputAdornment-sizeSmall css-ittuaa-MuiInputAdornment-root"[39m
              [36m>[39m
                [36m<span[39m
                  [33mclass[39m=[32m"notranslate"[39m
                [36m>[39m
                  [0m​[0m
                [36m</span>[39m
                [36m<svg[39m
                  [33maria-hidden[39m=[32m"true"[39m
                  [33mclass[39m=[32m"MuiSvgIcon-root MuiSvgIcon-fontSizeMedium css-i4bv87-MuiSvgIcon-root"[39m
                  [33mdata-testid[39m=[32m"SearchIcon"[39m
                  [33mfocusable[39m=[32m"false"[39m
                  [33mviewBox[39m=[32m"0 0 24 24"[39m
                [36m>[39m
                  [36m<path[39m
                    [33md[39m=[32m"M15.5 14h-.79l-.28-.27C15.41 12.59 16 11.11 16 9.5 16 5.91 13.09 3 9.5 3S3 5.91 3 9.5 5.91 16 9.5 16c1.61 0 3.09-.59 4.23-1.57l.27.28v.79l5 4.99L20.49 19zm-6 0C7.01 14 5 11.99 5 9.5S7.01 5 9.5 5 14 7.01 14 9.5 11.99 14 9.5 14"[39m
                  [36m/>[39m
                [36m</svg>[39m
              [36m</div>[39m
              [36m<input[39m
                [33maria-invalid[39m=[32m"false"[39m
                [33mclass[39m=[32m"MuiInputBase-input MuiOutlinedInput-input MuiInputBase-inputSizeSmall MuiInputBase-inputAdornedStart css-1ua80n0-MuiInputBase-input-MuiOutlinedInput-input"[39m
                [33mid[39m=[32m":rt:"[39m
                [33mplaceholder[39m=[32m"Search payments..."[39m
                [33mtype[39m=[32m"text"[39m
                [33mvalue[39m=[32m""[39m
              [36m/>[39m
              [36m<fieldset[39m
                [33maria-hidden[39m=[32m"true"[39m
                [33mclass[39m=[32m"MuiOutlinedInput-notchedOutline css-r01yff-MuiNotchedOutlined-root-MuiOutlinedInput-notchedOutline"[39m
              [36m>[39m
                [36m<legend[39m
                  [33mclass[39m=[32m"css-1whs34k-MuiNotchedOutlined-root"[39m
                [36m>[39m
                  [36m<span[39m
                    [33mclass[39m=[32m"notranslate"[39m
                  [36m>[39m
                    [0m​[0m
                  [36m</span>[39m
                [36m</legend>[39m
              [36m</fieldset>[39m
            [36m</div>[39m
          [36m</div>[39m
        [36m</div>[39m
        [36m<div[39m
          [33mclass[39m=[32m"MuiGrid-root MuiGrid-item MuiGrid-grid-xs-12 MuiGrid-grid-sm-6 MuiGrid-grid-md-3 css-10voxkt-MuiGrid-root"[39m
        [36m>[39m
          [36m<div[39m
            [33mclass[39m=[32m"MuiFormControl-root MuiFormControl-fullWidth css-q8hpuo-MuiFormControl-root"[39m
          [36m>[39m
            [36m<label[39m
              [33mclass[39m=[32m"MuiFormLabel-root MuiInputLabel-root MuiInputLabel-formControl MuiInputLabel-animated MuiInputLabel-shrink MuiInputLabel-sizeSmall MuiInputLabel-outlined MuiFormLabel-colorPrimary MuiFormLabel-filled MuiInputLabel-root MuiInputLabel-formControl MuiInputLabel-animated MuiInputLabel-shrink MuiInputLabel-sizeSmall MuiInputLabel-outlined css-fe0mau-MuiFormLabel-root-MuiInputLabel-root"[39m
              [33mdata-shrink[39m=[32m"true"[39m
            [36m>[39m
              [0mStatus[0m
            [36m</label>[39m
            [36m<div[39m
              [33mclass[39m=[32m"MuiInputBase-root MuiOutlinedInput-root MuiInputBase-colorPrimary MuiInputBase-formControl MuiInputBase-sizeSmall css-13lg1x7-MuiInputBase-root-MuiOutlinedInput-root-MuiSelect-root"[39m
            [36m>[39m
              [36m<div[39m
                [33maria-controls[39m=[32m":ru:"[39m
                [33maria-expanded[39m=[32m"false"[39m
                [33maria-haspopup[39m=[32m"listbox"[39m
                [33mclass[39m=[32m"MuiSelect-select MuiSelect-outlined MuiInputBase-input MuiOutlinedInput-input MuiInputBase-inputSizeSmall css-1fzjff4-MuiSelect-select-MuiInputBase-input-MuiOutlinedInput-input"[39m
                [33mrole[39m=[32m"combobox"[39m
                [33mtabindex[39m=[32m"0"[39m
              [36m>[39m
                [0mAll Statuses[0m
              [36m</div>[39m
              [36m<input[39m
                [33maria-hidden[39m=[32m"true"[39m
                [33maria-invalid[39m=[32m"false"[39m
                [33mclass[39m=[32m"MuiSelect-nativeInput css-yf8vq0-MuiSelect-nativeInput"[39m
                [33mtabindex[39m=[32m"-1"[39m
                [33mvalue[39m=[32m"all"[39m
              [36m/>[39m
              [36m<svg[39m
                [33maria-hidden[39m=[32m"true"[39m
                [33mclass[39m=[32m"MuiSvgIcon-root MuiSvgIcon-fontSizeMedium MuiSelect-icon MuiSelect-iconOutlined css-hfutr2-MuiSvgIcon-root-MuiSelect-icon"[39m
                [33mdata-testid[39m=[32m"ArrowDropDownIcon"[39m
                [33mfocusable[39m=[32m"false"[39m
                [33mviewBox[39m=[32m"0 0 24 24"[39m
              [36m>[39m
                [36m<path[39m
                  [33md[39m=[32m"M7 10l5 5 5-5z"[39m
                [36m/>[39m
              [36m</svg>[39m
              [36m<fieldset[39m
                [33maria-hidden[39m=[32m"true"[39m
   ...
 ❯ Object.getElementError node_modules/@testing-library/react/node_modules/@testing-library/dom/dist/config.js:37:19
 ❯ getElementError node_modules/@testing-library/react/node_modules/@testing-library/dom/dist/query-helpers.js:20:35
 ❯ getMultipleElementsFoundError node_modules/@testing-library/react/node_modules/@testing-library/dom/dist/query-helpers.js:23:10
 ❯ node_modules/@testing-library/react/node_modules/@testing-library/dom/dist/query-helpers.js:55:13
 ❯ node_modules/@testing-library/react/node_modules/@testing-library/dom/dist/query-helpers.js:95:19
 ❯ src/test/proposal.test.tsx:279:19
    277|     );
    278| 
    279|     expect(screen.getByText('Test Project')).toBeInTheDocument();
       |                   ^
    280|     expect(screen.getByText('Budget: $1000 - $2000')).toBeInTheDocumen…
    281|     expect(screen.getByText('Under Review')).toBeInTheDocument();

⎯⎯⎯⎯⎯⎯⎯⎯⎯⎯⎯⎯⎯⎯⎯⎯⎯⎯⎯⎯⎯⎯[45/66]⎯

 FAIL  src/test/proposal.test.tsx > ProposalCard > shows milestones preview
TestingLibraryElementError: Found multiple elements with the text: 2 milestones

Here are the matching elements:

Ignored nodes: comments, script, style
[36m<p[39m
  [33mclass[39m=[32m"MuiTypography-root MuiTypography-body2 MuiTypography-gutterBottom css-141jttu-MuiTypography-root"[39m
[36m>[39m
  [0m2[0m
  [0m milestone[0m
  [0ms[0m
[36m</p>[39m

Ignored nodes: comments, script, style
[36m<p[39m
  [33mclass[39m=[32m"MuiTypography-root MuiTypography-body2 MuiTypography-gutterBottom css-141jttu-MuiTypography-root"[39m
[36m>[39m
  [0m2[0m
  [0m milestone[0m
  [0ms[0m
[36m</p>[39m

Ignored nodes: comments, script, style
[36m<p[39m
  [33mclass[39m=[32m"MuiTypography-root MuiTypography-body2 MuiTypography-gutterBottom css-141jttu-MuiTypography-root"[39m
[36m>[39m
  [0m2[0m
  [0m milestone[0m
  [0ms[0m
[36m</p>[39m

(If this is intentional, then use the `*AllBy*` variant of the query (like `queryAllByText`, `getAllByText`, or `findAllByText`)).

Ignored nodes: comments, script, style
[36m<body[39m
  [33mstyle[39m=[32m""[39m
[36m>[39m
  [36m<div>[39m
    [36m<div[39m
      [33mclass[39m=[32m"MuiBox-root css-0"[39m
    [36m>[39m
      [36m<div[39m
        [33mclass[39m=[32m"MuiBox-root css-i3pbo"[39m
      [36m>[39m
        [36m<h5[39m
          [33mclass[39m=[32m"MuiTypography-root MuiTypography-h5 MuiTypography-gutterBottom css-1hkf4sh-MuiTypography-root"[39m
        [36m>[39m
          [0mPayment History[0m
        [36m</h5>[39m
        [36m<p[39m
          [33mclass[39m=[32m"MuiTypography-root MuiTypography-body2 css-xtz2xu-MuiTypography-root"[39m
        [36m>[39m
          [0m1[0m
          [0m payment[0m
          [0m found[0m
        [36m</p>[39m
      [36m</div>[39m
      [36m<div[39m
        [33mclass[39m=[32m"MuiGrid-root MuiGrid-container MuiGrid-spacing-xs-2 css-12rc5ck-MuiGrid-root"[39m
      [36m>[39m
        [36m<div[39m
          [33mclass[39m=[32m"MuiGrid-root MuiGrid-item MuiGrid-grid-xs-12 MuiGrid-grid-sm-6 MuiGrid-grid-md-3 css-10voxkt-MuiGrid-root"[39m
        [36m>[39m
          [36m<div[39m
            [33mclass[39m=[32m"MuiFormControl-root MuiFormControl-fullWidth MuiTextField-root css-18hear-MuiFormControl-root-MuiTextField-root"[39m
          [36m>[39m
            [36m<div[39m
              [33mclass[39m=[32m"MuiInputBase-root MuiOutlinedInput-root MuiInputBase-colorPrimary MuiInputBase-fullWidth MuiInputBase-formControl MuiInputBase-sizeSmall MuiInputBase-adornedStart css-1cj7mpt-MuiInputBase-root-MuiOutlinedInput-root"[39m
            [36m>[39m
              [36m<div[39m
                [33mclass[39m=[32m"MuiInputAdornment-root MuiInputAdornment-positionStart MuiInputAdornment-outlined MuiInputAdornment-sizeSmall css-ittuaa-MuiInputAdornment-root"[39m
              [36m>[39m
                [36m<span[39m
                  [33mclass[39m=[32m"notranslate"[39m
                [36m>[39m
                  [0m​[0m
                [36m</span>[39m
                [36m<svg[39m
                  [33maria-hidden[39m=[32m"true"[39m
                  [33mclass[39m=[32m"MuiSvgIcon-root MuiSvgIcon-fontSizeMedium css-i4bv87-MuiSvgIcon-root"[39m
                  [33mdata-testid[39m=[32m"SearchIcon"[39m
                  [33mfocusable[39m=[32m"false"[39m
                  [33mviewBox[39m=[32m"0 0 24 24"[39m
                [36m>[39m
                  [36m<path[39m
                    [33md[39m=[32m"M15.5 14h-.79l-.28-.27C15.41 12.59 16 11.11 16 9.5 16 5.91 13.09 3 9.5 3S3 5.91 3 9.5 5.91 16 9.5 16c1.61 0 3.09-.59 4.23-1.57l.27.28v.79l5 4.99L20.49 19zm-6 0C7.01 14 5 11.99 5 9.5S7.01 5 9.5 5 14 7.01 14 9.5 11.99 14 9.5 14"[39m
                  [36m/>[39m
                [36m</svg>[39m
              [36m</div>[39m
              [36m<input[39m
                [33maria-invalid[39m=[32m"false"[39m
                [33mclass[39m=[32m"MuiInputBase-input MuiOutlinedInput-input MuiInputBase-inputSizeSmall MuiInputBase-inputAdornedStart css-1ua80n0-MuiInputBase-input-MuiOutlinedInput-input"[39m
                [33mid[39m=[32m":rt:"[39m
                [33mplaceholder[39m=[32m"Search payments..."[39m
                [33mtype[39m=[32m"text"[39m
                [33mvalue[39m=[32m""[39m
              [36m/>[39m
              [36m<fieldset[39m
                [33maria-hidden[39m=[32m"true"[39m
                [33mclass[39m=[32m"MuiOutlinedInput-notchedOutline css-r01yff-MuiNotchedOutlined-root-MuiOutlinedInput-notchedOutline"[39m
              [36m>[39m
                [36m<legend[39m
                  [33mclass[39m=[32m"css-1whs34k-MuiNotchedOutlined-root"[39m
                [36m>[39m
                  [36m<span[39m
                    [33mclass[39m=[32m"notranslate"[39m
                  [36m>[39m
                    [0m​[0m
                  [36m</span>[39m
                [36m</legend>[39m
              [36m</fieldset>[39m
            [36m</div>[39m
          [36m</div>[39m
        [36m</div>[39m
        [36m<div[39m
          [33mclass[39m=[32m"MuiGrid-root MuiGrid-item MuiGrid-grid-xs-12 MuiGrid-grid-sm-6 MuiGrid-grid-md-3 css-10voxkt-MuiGrid-root"[39m
        [36m>[39m
          [36m<div[39m
            [33mclass[39m=[32m"MuiFormControl-root MuiFormControl-fullWidth css-q8hpuo-MuiFormControl-root"[39m
          [36m>[39m
            [36m<label[39m
              [33mclass[39m=[32m"MuiFormLabel-root MuiInputLabel-root MuiInputLabel-formControl MuiInputLabel-animated MuiInputLabel-shrink MuiInputLabel-sizeSmall MuiInputLabel-outlined MuiFormLabel-colorPrimary MuiFormLabel-filled MuiInputLabel-root MuiInputLabel-formControl MuiInputLabel-animated MuiInputLabel-shrink MuiInputLabel-sizeSmall MuiInputLabel-outlined css-fe0mau-MuiFormLabel-root-MuiInputLabel-root"[39m
              [33mdata-shrink[39m=[32m"true"[39m
            [36m>[39m
              [0mStatus[0m
            [36m</label>[39m
            [36m<div[39m
              [33mclass[39m=[32m"MuiInputBase-root MuiOutlinedInput-root MuiInputBase-colorPrimary MuiInputBase-formControl MuiInputBase-sizeSmall css-13lg1x7-MuiInputBase-root-MuiOutlinedInput-root-MuiSelect-root"[39m
            [36m>[39m
              [36m<div[39m
                [33maria-controls[39m=[32m":ru:"[39m
                [33maria-expanded[39m=[32m"false"[39m
                [33maria-haspopup[39m=[32m"listbox"[39m
                [33mclass[39m=[32m"MuiSelect-select MuiSelect-outlined MuiInputBase-input MuiOutlinedInput-input MuiInputBase-inputSizeSmall css-1fzjff4-MuiSelect-select-MuiInputBase-input-MuiOutlinedInput-input"[39m
                [33mrole[39m=[32m"combobox"[39m
                [33mtabindex[39m=[32m"0"[39m
              [36m>[39m
                [0mAll Statuses[0m
              [36m</div>[39m
              [36m<input[39m
                [33maria-hidden[39m=[32m"true"[39m
                [33maria-invalid[39m=[32m"false"[39m
                [33mclass[39m=[32m"MuiSelect-nativeInput css-yf8vq0-MuiSelect-nativeInput"[39m
                [33mtabindex[39m=[32m"-1"[39m
                [33mvalue[39m=[32m"all"[39m
              [36m/>[39m
              [36m<svg[39m
                [33maria-hidden[39m=[32m"true"[39m
                [33mclass[39m=[32m"MuiSvgIcon-root MuiSvgIcon-fontSizeMedium MuiSelect-icon MuiSelect-iconOutlined css-hfutr2-MuiSvgIcon-root-MuiSelect-icon"[39m
                [33mdata-testid[39m=[32m"ArrowDropDownIcon"[39m
                [33mfocusable[39m=[32m"false"[39m
                [33mviewBox[39m=[32m"0 0 24 24"[39m
              [36m>[39m
                [36m<path[39m
                  [33md[39m=[32m"M7 10l5 5 5-5z"[39m
                [36m/>[39m
              [36m</svg>[39m
              [36m<fieldset[39m
                [33maria-hidden[39m=[32m"true"[39m
   ...
 ❯ Object.getElementError node_modules/@testing-library/react/node_modules/@testing-library/dom/dist/config.js:37:19
 ❯ getElementError node_modules/@testing-library/react/node_modules/@testing-library/dom/dist/query-helpers.js:20:35
 ❯ getMultipleElementsFoundError node_modules/@testing-library/react/node_modules/@testing-library/dom/dist/query-helpers.js:23:10
 ❯ node_modules/@testing-library/react/node_modules/@testing-library/dom/dist/query-helpers.js:55:13
 ❯ node_modules/@testing-library/react/node_modules/@testing-library/dom/dist/query-helpers.js:95:19
 ❯ src/test/proposal.test.tsx:291:19
    289|     );
    290| 
    291|     expect(screen.getByText('2 milestones')).toBeInTheDocument();
       |                   ^
    292|     expect(screen.getByText('Initial Setup - $500')).toBeInTheDocument…
    293|     expect(screen.getByText('Feature Development - $1000')).toBeInTheD…

⎯⎯⎯⎯⎯⎯⎯⎯⎯⎯⎯⎯⎯⎯⎯⎯⎯⎯⎯⎯⎯⎯[46/66]⎯

 FAIL  src/test/proposal.test.tsx > ProposalCard > calls action handlers
TestingLibraryElementError: Found multiple elements with the text: Accept

Here are the matching elements:

Ignored nodes: comments, script, style
[36m<button[39m
  [33mclass[39m=[32m"MuiButtonBase-root MuiButton-root MuiButton-contained MuiButton-containedPrimary MuiButton-sizeSmall MuiButton-containedSizeSmall MuiButton-colorPrimary MuiButton-root MuiButton-contained MuiButton-containedPrimary MuiButton-sizeSmall MuiButton-containedSizeSmall MuiButton-colorPrimary css-1wl839p-MuiButtonBase-root-MuiButton-root"[39m
  [33mtabindex[39m=[32m"0"[39m
  [33mtype[39m=[32m"button"[39m
[36m>[39m
  [0mAccept[0m
  [36m<span[39m
    [33mclass[39m=[32m"MuiTouchRipple-root css-8je8zh-MuiTouchRipple-root"[39m
  [36m/>[39m
[36m</button>[39m

Ignored nodes: comments, script, style
[36m<button[39m
  [33mclass[39m=[32m"MuiButtonBase-root MuiButton-root MuiButton-contained MuiButton-containedPrimary MuiButton-sizeSmall MuiButton-containedSizeSmall MuiButton-colorPrimary MuiButton-root MuiButton-contained MuiButton-containedPrimary MuiButton-sizeSmall MuiButton-containedSizeSmall MuiButton-colorPrimary css-1wl839p-MuiButtonBase-root-MuiButton-root"[39m
  [33mtabindex[39m=[32m"0"[39m
  [33mtype[39m=[32m"button"[39m
[36m>[39m
  [0mAccept[0m
  [36m<span[39m
    [33mclass[39m=[32m"MuiTouchRipple-root css-8je8zh-MuiTouchRipple-root"[39m
  [36m/>[39m
[36m</button>[39m

Ignored nodes: comments, script, style
[36m<button[39m
  [33mclass[39m=[32m"MuiButtonBase-root MuiButton-root MuiButton-contained MuiButton-containedPrimary MuiButton-sizeSmall MuiButton-containedSizeSmall MuiButton-colorPrimary MuiButton-root MuiButton-contained MuiButton-containedPrimary MuiButton-sizeSmall MuiButton-containedSizeSmall MuiButton-colorPrimary css-1wl839p-MuiButtonBase-root-MuiButton-root"[39m
  [33mtabindex[39m=[32m"0"[39m
  [33mtype[39m=[32m"button"[39m
[36m>[39m
  [0mAccept[0m
  [36m<span[39m
    [33mclass[39m=[32m"MuiTouchRipple-root css-8je8zh-MuiTouchRipple-root"[39m
  [36m/>[39m
[36m</button>[39m

(If this is intentional, then use the `*AllBy*` variant of the query (like `queryAllByText`, `getAllByText`, or `findAllByText`)).

Ignored nodes: comments, script, style
[36m<body[39m
  [33mstyle[39m=[32m""[39m
[36m>[39m
  [36m<div>[39m
    [36m<div[39m
      [33mclass[39m=[32m"MuiBox-root css-0"[39m
    [36m>[39m
      [36m<div[39m
        [33mclass[39m=[32m"MuiBox-root css-i3pbo"[39m
      [36m>[39m
        [36m<h5[39m
          [33mclass[39m=[32m"MuiTypography-root MuiTypography-h5 MuiTypography-gutterBottom css-1hkf4sh-MuiTypography-root"[39m
        [36m>[39m
          [0mPayment History[0m
        [36m</h5>[39m
        [36m<p[39m
          [33mclass[39m=[32m"MuiTypography-root MuiTypography-body2 css-xtz2xu-MuiTypography-root"[39m
        [36m>[39m
          [0m1[0m
          [0m payment[0m
          [0m found[0m
        [36m</p>[39m
      [36m</div>[39m
      [36m<div[39m
        [33mclass[39m=[32m"MuiGrid-root MuiGrid-container MuiGrid-spacing-xs-2 css-12rc5ck-MuiGrid-root"[39m
      [36m>[39m
        [36m<div[39m
          [33mclass[39m=[32m"MuiGrid-root MuiGrid-item MuiGrid-grid-xs-12 MuiGrid-grid-sm-6 MuiGrid-grid-md-3 css-10voxkt-MuiGrid-root"[39m
        [36m>[39m
          [36m<div[39m
            [33mclass[39m=[32m"MuiFormControl-root MuiFormControl-fullWidth MuiTextField-root css-18hear-MuiFormControl-root-MuiTextField-root"[39m
          [36m>[39m
            [36m<div[39m
              [33mclass[39m=[32m"MuiInputBase-root MuiOutlinedInput-root MuiInputBase-colorPrimary MuiInputBase-fullWidth MuiInputBase-formControl MuiInputBase-sizeSmall MuiInputBase-adornedStart css-1cj7mpt-MuiInputBase-root-MuiOutlinedInput-root"[39m
            [36m>[39m
              [36m<div[39m
                [33mclass[39m=[32m"MuiInputAdornment-root MuiInputAdornment-positionStart MuiInputAdornment-outlined MuiInputAdornment-sizeSmall css-ittuaa-MuiInputAdornment-root"[39m
              [36m>[39m
                [36m<span[39m
                  [33mclass[39m=[32m"notranslate"[39m
                [36m>[39m
                  [0m​[0m
                [36m</span>[39m
                [36m<svg[39m
                  [33maria-hidden[39m=[32m"true"[39m
                  [33mclass[39m=[32m"MuiSvgIcon-root MuiSvgIcon-fontSizeMedium css-i4bv87-MuiSvgIcon-root"[39m
                  [33mdata-testid[39m=[32m"SearchIcon"[39m
                  [33mfocusable[39m=[32m"false"[39m
                  [33mviewBox[39m=[32m"0 0 24 24"[39m
                [36m>[39m
                  [36m<path[39m
                    [33md[39m=[32m"M15.5 14h-.79l-.28-.27C15.41 12.59 16 11.11 16 9.5 16 5.91 13.09 3 9.5 3S3 5.91 3 9.5 5.91 16 9.5 16c1.61 0 3.09-.59 4.23-1.57l.27.28v.79l5 4.99L20.49 19zm-6 0C7.01 14 5 11.99 5 9.5S7.01 5 9.5 5 14 7.01 14 9.5 11.99 14 9.5 14"[39m
                  [36m/>[39m
                [36m</svg>[39m
              [36m</div>[39m
              [36m<input[39m
                [33maria-invalid[39m=[32m"false"[39m
                [33mclass[39m=[32m"MuiInputBase-input MuiOutlinedInput-input MuiInputBase-inputSizeSmall MuiInputBase-inputAdornedStart css-1ua80n0-MuiInputBase-input-MuiOutlinedInput-input"[39m
                [33mid[39m=[32m":rt:"[39m
                [33mplaceholder[39m=[32m"Search payments..."[39m
                [33mtype[39m=[32m"text"[39m
                [33mvalue[39m=[32m""[39m
              [36m/>[39m
              [36m<fieldset[39m
                [33maria-hidden[39m=[32m"true"[39m
                [33mclass[39m=[32m"MuiOutlinedInput-notchedOutline css-r01yff-MuiNotchedOutlined-root-MuiOutlinedInput-notchedOutline"[39m
              [36m>[39m
                [36m<legend[39m
                  [33mclass[39m=[32m"css-1whs34k-MuiNotchedOutlined-root"[39m
                [36m>[39m
                  [36m<span[39m
                    [33mclass[39m=[32m"notranslate"[39m
                  [36m>[39m
                    [0m​[0m
                  [36m</span>[39m
                [36m</legend>[39m
              [36m</fieldset>[39m
            [36m</div>[39m
          [36m</div>[39m
        [36m</div>[39m
        [36m<div[39m
          [33mclass[39m=[32m"MuiGrid-root MuiGrid-item MuiGrid-grid-xs-12 MuiGrid-grid-sm-6 MuiGrid-grid-md-3 css-10voxkt-MuiGrid-root"[39m
        [36m>[39m
          [36m<div[39m
            [33mclass[39m=[32m"MuiFormControl-root MuiFormControl-fullWidth css-q8hpuo-MuiFormControl-root"[39m
          [36m>[39m
            [36m<label[39m
              [33mclass[39m=[32m"MuiFormLabel-root MuiInputLabel-root MuiInputLabel-formControl MuiInputLabel-animated MuiInputLabel-shrink MuiInputLabel-sizeSmall MuiInputLabel-outlined MuiFormLabel-colorPrimary MuiFormLabel-filled MuiInputLabel-root MuiInputLabel-formControl MuiInputLabel-animated MuiInputLabel-shrink MuiInputLabel-sizeSmall MuiInputLabel-outlined css-fe0mau-MuiFormLabel-root-MuiInputLabel-root"[39m
              [33mdata-shrink[39m=[32m"true"[39m
            [36m>[39m
              [0mStatus[0m
            [36m</label>[39m
            [36m<div[39m
              [33mclass[39m=[32m"MuiInputBase-root MuiOutlinedInput-root MuiInputBase-colorPrimary MuiInputBase-formControl MuiInputBase-sizeSmall css-13lg1x7-MuiInputBase-root-MuiOutlinedInput-root-MuiSelect-root"[39m
            [36m>[39m
              [36m<div[39m
                [33maria-controls[39m=[32m":ru:"[39m
                [33maria-expanded[39m=[32m"false"[39m
                [33maria-haspopup[39m=[32m"listbox"[39m
                [33mclass[39m=[32m"MuiSelect-select MuiSelect-outlined MuiInputBase-input MuiOutlinedInput-input MuiInputBase-inputSizeSmall css-1fzjff4-MuiSelect-select-MuiInputBase-input-MuiOutlinedInput-input"[39m
                [33mrole[39m=[32m"combobox"[39m
                [33mtabindex[39m=[32m"0"[39m
              [36m>[39m
                [0mAll Statuses[0m
              [36m</div>[39m
              [36m<input[39m
                [33maria-hidden[39m=[32m"true"[39m
                [33maria-invalid[39m=[32m"false"[39m
                [33mclass[39m=[32m"MuiSelect-nativeInput css-yf8vq0-MuiSelect-nativeInput"[39m
                [33mtabindex[39m=[32m"-1"[39m
                [33mvalue[39m=[32m"all"[39m
              [36m/>[39m
              [36m<svg[39m
                [33maria-hidden[39m=[32m"true"[39m
                [33mclass[39m=[32m"MuiSvgIcon-root MuiSvgIcon-fontSizeMedium MuiSelect-icon MuiSelect-iconOutlined css-hfutr2-MuiSvgIcon-root-MuiSelect-icon"[39m
                [33mdata-testid[39m=[32m"ArrowDropDownIcon"[39m
                [33mfocusable[39m=[32m"false"[39m
                [33mviewBox[39m=[32m"0 0 24 24"[39m
              [36m>[39m
                [36m<path[39m
                  [33md[39m=[32m"M7 10l5 5 5-5z"[39m
                [36m/>[39m
              [36m</svg>[39m
              [36m<fieldset[39m
                [33maria-hidden[39m=[32m"true"[39m
   ...
 ❯ Object.getElementError node_modules/@testing-library/react/node_modules/@testing-library/dom/dist/config.js:37:19
 ❯ getElementError node_modules/@testing-library/react/node_modules/@testing-library/dom/dist/query-helpers.js:20:35
 ❯ getMultipleElementsFoundError node_modules/@testing-library/react/node_modules/@testing-library/dom/dist/query-helpers.js:23:10
 ❯ node_modules/@testing-library/react/node_modules/@testing-library/dom/dist/query-helpers.js:55:13
 ❯ node_modules/@testing-library/react/node_modules/@testing-library/dom/dist/query-helpers.js:95:19
 ❯ src/test/proposal.test.tsx:311:28
    309|     );
    310| 
    311|     fireEvent.click(screen.getByText('Accept'));
       |                            ^
    312|     expect(onAccept).toHaveBeenCalledWith('proposal-1');
    313| 

⎯⎯⎯⎯⎯⎯⎯⎯⎯⎯⎯⎯⎯⎯⎯⎯⎯⎯⎯⎯⎯⎯[47/66]⎯

 FAIL  src/test/proposal.test.tsx > ProposalList > renders proposal list for client
TestingLibraryElementError: Unable to find an element with the text: Project Proposals. This could be because the text is broken up by multiple elements. In this case, you can provide a function for your text matcher to make your matcher more flexible.

Ignored nodes: comments, script, style
[36m<body[39m
  [33mstyle[39m=[32m""[39m
[36m>[39m
  [36m<div>[39m
    [36m<div[39m
      [33mclass[39m=[32m"MuiBox-root css-0"[39m
    [36m>[39m
      [36m<div[39m
        [33mclass[39m=[32m"MuiBox-root css-i3pbo"[39m
      [36m>[39m
        [36m<h5[39m
          [33mclass[39m=[32m"MuiTypography-root MuiTypography-h5 MuiTypography-gutterBottom css-1hkf4sh-MuiTypography-root"[39m
        [36m>[39m
          [0mPayment History[0m
        [36m</h5>[39m
        [36m<p[39m
          [33mclass[39m=[32m"MuiTypography-root MuiTypography-body2 css-xtz2xu-MuiTypography-root"[39m
        [36m>[39m
          [0m1[0m
          [0m payment[0m
          [0m found[0m
        [36m</p>[39m
      [36m</div>[39m
      [36m<div[39m
        [33mclass[39m=[32m"MuiGrid-root MuiGrid-container MuiGrid-spacing-xs-2 css-12rc5ck-MuiGrid-root"[39m
      [36m>[39m
        [36m<div[39m
          [33mclass[39m=[32m"MuiGrid-root MuiGrid-item MuiGrid-grid-xs-12 MuiGrid-grid-sm-6 MuiGrid-grid-md-3 css-10voxkt-MuiGrid-root"[39m
        [36m>[39m
          [36m<div[39m
            [33mclass[39m=[32m"MuiFormControl-root MuiFormControl-fullWidth MuiTextField-root css-18hear-MuiFormControl-root-MuiTextField-root"[39m
          [36m>[39m
            [36m<div[39m
              [33mclass[39m=[32m"MuiInputBase-root MuiOutlinedInput-root MuiInputBase-colorPrimary MuiInputBase-fullWidth MuiInputBase-formControl MuiInputBase-sizeSmall MuiInputBase-adornedStart css-1cj7mpt-MuiInputBase-root-MuiOutlinedInput-root"[39m
            [36m>[39m
              [36m<div[39m
                [33mclass[39m=[32m"MuiInputAdornment-root MuiInputAdornment-positionStart MuiInputAdornment-outlined MuiInputAdornment-sizeSmall css-ittuaa-MuiInputAdornment-root"[39m
              [36m>[39m
                [36m<span[39m
                  [33mclass[39m=[32m"notranslate"[39m
                [36m>[39m
                  [0m​[0m
                [36m</span>[39m
                [36m<svg[39m
                  [33maria-hidden[39m=[32m"true"[39m
                  [33mclass[39m=[32m"MuiSvgIcon-root MuiSvgIcon-fontSizeMedium css-i4bv87-MuiSvgIcon-root"[39m
                  [33mdata-testid[39m=[32m"SearchIcon"[39m
                  [33mfocusable[39m=[32m"false"[39m
                  [33mviewBox[39m=[32m"0 0 24 24"[39m
                [36m>[39m
                  [36m<path[39m
                    [33md[39m=[32m"M15.5 14h-.79l-.28-.27C15.41 12.59 16 11.11 16 9.5 16 5.91 13.09 3 9.5 3S3 5.91 3 9.5 5.91 16 9.5 16c1.61 0 3.09-.59 4.23-1.57l.27.28v.79l5 4.99L20.49 19zm-6 0C7.01 14 5 11.99 5 9.5S7.01 5 9.5 5 14 7.01 14 9.5 11.99 14 9.5 14"[39m
                  [36m/>[39m
                [36m</svg>[39m
              [36m</div>[39m
              [36m<input[39m
                [33maria-invalid[39m=[32m"false"[39m
                [33mclass[39m=[32m"MuiInputBase-input MuiOutlinedInput-input MuiInputBase-inputSizeSmall MuiInputBase-inputAdornedStart css-1ua80n0-MuiInputBase-input-MuiOutlinedInput-input"[39m
                [33mid[39m=[32m":rt:"[39m
                [33mplaceholder[39m=[32m"Search payments..."[39m
                [33mtype[39m=[32m"text"[39m
                [33mvalue[39m=[32m""[39m
              [36m/>[39m
              [36m<fieldset[39m
                [33maria-hidden[39m=[32m"true"[39m
                [33mclass[39m=[32m"MuiOutlinedInput-notchedOutline css-r01yff-MuiNotchedOutlined-root-MuiOutlinedInput-notchedOutline"[39m
              [36m>[39m
                [36m<legend[39m
                  [33mclass[39m=[32m"css-1whs34k-MuiNotchedOutlined-root"[39m
                [36m>[39m
                  [36m<span[39m
                    [33mclass[39m=[32m"notranslate"[39m
                  [36m>[39m
                    [0m​[0m
                  [36m</span>[39m
                [36m</legend>[39m
              [36m</fieldset>[39m
            [36m</div>[39m
          [36m</div>[39m
        [36m</div>[39m
        [36m<div[39m
          [33mclass[39m=[32m"MuiGrid-root MuiGrid-item MuiGrid-grid-xs-12 MuiGrid-grid-sm-6 MuiGrid-grid-md-3 css-10voxkt-MuiGrid-root"[39m
        [36m>[39m
          [36m<div[39m
            [33mclass[39m=[32m"MuiFormControl-root MuiFormControl-fullWidth css-q8hpuo-MuiFormControl-root"[39m
          [36m>[39m
            [36m<label[39m
              [33mclass[39m=[32m"MuiFormLabel-root MuiInputLabel-root MuiInputLabel-formControl MuiInputLabel-animated MuiInputLabel-shrink MuiInputLabel-sizeSmall MuiInputLabel-outlined MuiFormLabel-colorPrimary MuiFormLabel-filled MuiInputLabel-root MuiInputLabel-formControl MuiInputLabel-animated MuiInputLabel-shrink MuiInputLabel-sizeSmall MuiInputLabel-outlined css-fe0mau-MuiFormLabel-root-MuiInputLabel-root"[39m
              [33mdata-shrink[39m=[32m"true"[39m
            [36m>[39m
              [0mStatus[0m
            [36m</label>[39m
            [36m<div[39m
              [33mclass[39m=[32m"MuiInputBase-root MuiOutlinedInput-root MuiInputBase-colorPrimary MuiInputBase-formControl MuiInputBase-sizeSmall css-13lg1x7-MuiInputBase-root-MuiOutlinedInput-root-MuiSelect-root"[39m
            [36m>[39m
              [36m<div[39m
                [33maria-controls[39m=[32m":ru:"[39m
                [33maria-expanded[39m=[32m"false"[39m
                [33maria-haspopup[39m=[32m"listbox"[39m
                [33mclass[39m=[32m"MuiSelect-select MuiSelect-outlined MuiInputBase-input MuiOutlinedInput-input MuiInputBase-inputSizeSmall css-1fzjff4-MuiSelect-select-MuiInputBase-input-MuiOutlinedInput-input"[39m
                [33mrole[39m=[32m"combobox"[39m
                [33mtabindex[39m=[32m"0"[39m
              [36m>[39m
                [0mAll Statuses[0m
              [36m</div>[39m
              [36m<input[39m
                [33maria-hidden[39m=[32m"true"[39m
                [33maria-invalid[39m=[32m"false"[39m
                [33mclass[39m=[32m"MuiSelect-nativeInput css-yf8vq0-MuiSelect-nativeInput"[39m
                [33mtabindex[39m=[32m"-1"[39m
                [33mvalue[39m=[32m"all"[39m
              [36m/>[39m
              [36m<svg[39m
                [33maria-hidden[39m=[32m"true"[39m
                [33mclass[39m=[32m"MuiSvgIcon-root MuiSvgIcon-fontSizeMedium MuiSelect-icon MuiSelect-iconOutlined css-hfutr2-MuiSvgIcon-root-MuiSelect-icon"[39m
                [33mdata-testid[39m=[32m"ArrowDropDownIcon"[39m
                [33mfocusable[39m=[32m"false"[39m
                [33mviewBox[39m=[32m"0 0 24 24"[39m
              [36m>[39m
                [36m<path[39m
                  [33md[39m=[32m"M7 10l5 5 5-5z"[39m
                [36m/>[39m
              [36m</svg>[39m
              [36m<fieldset[39m
                [33maria-hidden[39m=[32m"true"[39m
   ...

Ignored nodes: comments, script, style
[36m<html>[39m
  [36m<head />[39m
  [36m<body[39m
    [33mstyle[39m=[32m""[39m
  [36m>[39m
    [36m<div>[39m
      [36m<div[39m
        [33mclass[39m=[32m"MuiBox-root css-0"[39m
      [36m>[39m
        [36m<div[39m
          [33mclass[39m=[32m"MuiBox-root css-i3pbo"[39m
        [36m>[39m
          [36m<h5[39m
            [33mclass[39m=[32m"MuiTypography-root MuiTypography-h5 MuiTypography-gutterBottom css-1hkf4sh-MuiTypography-root"[39m
          [36m>[39m
            [0mPayment History[0m
          [36m</h5>[39m
          [36m<p[39m
            [33mclass[39m=[32m"MuiTypography-root MuiTypography-body2 css-xtz2xu-MuiTypography-root"[39m
          [36m>[39m
            [0m1[0m
            [0m payment[0m
            [0m found[0m
          [36m</p>[39m
        [36m</div>[39m
        [36m<div[39m
          [33mclass[39m=[32m"MuiGrid-root MuiGrid-container MuiGrid-spacing-xs-2 css-12rc5ck-MuiGrid-root"[39m
        [36m>[39m
          [36m<div[39m
            [33mclass[39m=[32m"MuiGrid-root MuiGrid-item MuiGrid-grid-xs-12 MuiGrid-grid-sm-6 MuiGrid-grid-md-3 css-10voxkt-MuiGrid-root"[39m
          [36m>[39m
            [36m<div[39m
              [33mclass[39m=[32m"MuiFormControl-root MuiFormControl-fullWidth MuiTextField-root css-18hear-MuiFormControl-root-MuiTextField-root"[39m
            [36m>[39m
              [36m<div[39m
                [33mclass[39m=[32m"MuiInputBase-root MuiOutlinedInput-root MuiInputBase-colorPrimary MuiInputBase-fullWidth MuiInputBase-formControl MuiInputBase-sizeSmall MuiInputBase-adornedStart css-1cj7mpt-MuiInputBase-root-MuiOutlinedInput-root"[39m
              [36m>[39m
                [36m<div[39m
                  [33mclass[39m=[32m"MuiInputAdornment-root MuiInputAdornment-positionStart MuiInputAdornment-outlined MuiInputAdornment-sizeSmall css-ittuaa-MuiInputAdornment-root"[39m
                [36m>[39m
                  [36m<span[39m
                    [33mclass[39m=[32m"notranslate"[39m
                  [36m>[39m
                    [0m​[0m
                  [36m</span>[39m
                  [36m<svg[39m
                    [33maria-hidden[39m=[32m"true"[39m
                    [33mclass[39m=[32m"MuiSvgIcon-root MuiSvgIcon-fontSizeMedium css-i4bv87-MuiSvgIcon-root"[39m
                    [33mdata-testid[39m=[32m"SearchIcon"[39m
                    [33mfocusable[39m=[32m"false"[39m
                    [33mviewBox[39m=[32m"0 0 24 24"[39m
                  [36m>[39m
                    [36m<path[39m
                      [33md[39m=[32m"M15.5 14h-.79l-.28-.27C15.41 12.59 16 11.11 16 9.5 16 5.91 13.09 3 9.5 3S3 5.91 3 9.5 5.91 16 9.5 16c1.61 0 3.09-.59 4.23-1.57l.27.28v.79l5 4.99L20.49 19zm-6 0C7.01 14 5 11.99 5 9.5S7.01 5 9.5 5 14 7.01 14 9.5 11.99 14 9.5 14"[39m
                    [36m/>[39m
                  [36m</svg>[39m
                [36m</div>[39m
                [36m<input[39m
                  [33maria-invalid[39m=[32m"false"[39m
                  [33mclass[39m=[32m"MuiInputBase-input MuiOutlinedInput-input MuiInputBase-inputSizeSmall MuiInputBase-inputAdornedStart css-1ua80n0-MuiInputBase-input-MuiOutlinedInput-input"[39m
                  [33mid[39m=[32m":rt:"[39m
                  [33mplaceholder[39m=[32m"Search payments..."[39m
                  [33mtype[39m=[32m"text"[39m
                  [33mvalue[39m=[32m""[39m
                [36m/>[39m
                [36m<fieldset[39m
                  [33maria-hidden[39m=[32m"true"[39m
                  [33mclass[39m=[32m"MuiOutlinedInput-notchedOutline css-r01yff-MuiNotchedOutlined-root-MuiOutlinedInput-notchedOutline"[39m
                [36m>[39m
                  [36m<legend[39m
                    [33mclass[39m=[32m"css-1whs34k-MuiNotchedOutlined-root"[39m
                  [36m>[39m
                    [36m<span[39m
                      [33mclass[39m=[32m"notranslate"[39m
                    [36m>[39m
                      [0m​[0m
                    [36m</span>[39m
                  [36m</legend>[39m
                [36m</fieldset>[39m
              [36m</div>[39m
            [36m</div>[39m
          [36m</div>[39m
          [36m<div[39m
            [33mclass[39m=[32m"MuiGrid-root MuiGrid-item MuiGrid-grid-xs-12 MuiGrid-grid-sm-6 MuiGrid-grid-md-3 css-10voxkt-MuiGrid-root"[39m
          [36m>[39m
            [36m<div[39m
              [33mclass[39m=[32m"MuiFormControl-root MuiFormControl-fullWidth css-q8hpuo-MuiFormControl-root"[39m
            [36m>[39m
              [36m<label[39m
                [33mclass[39m=[32m"MuiFormLabel-root MuiInputLabel-root MuiInputLabel-formControl MuiInputLabel-animated MuiInputLabel-shrink MuiInputLabel-sizeSmall MuiInputLabel-outlined MuiFormLabel-colorPrimary MuiFormLabel-filled MuiInputLabel-root MuiInputLabel-formControl MuiInputLabel-animated MuiInputLabel-shrink MuiInputLabel-sizeSmall MuiInputLabel-outlined css-fe0mau-MuiFormLabel-root-MuiInputLabel-root"[39m
                [33mdata-shrink[39m=[32m"true"[39m
              [36m>[39m
                [0mStatus[0m
              [36m</label>[39m
              [36m<div[39m
                [33mclass[39m=[32m"MuiInputBase-root MuiOutlinedInput-root MuiInputBase-colorPrimary MuiInputBase-formControl MuiInputBase-sizeSmall css-13lg1x7-MuiInputBase-root-MuiOutlinedInput-root-MuiSelect-root"[39m
              [36m>[39m
                [36m<div[39m
                  [33maria-controls[39m=[32m":ru:"[39m
                  [33maria-expanded[39m=[32m"false"[39m
                  [33maria-haspopup[39m=[32m"listbox"[39m
                  [33mclass[39m=[32m"MuiSelect-select MuiSelect-outlined MuiInputBase-input MuiOutlinedInput-input MuiInputBase-inputSizeSmall css-1fzjff4-MuiSelect-select-MuiInputBase-input-MuiOutlinedInput-input"[39m
                  [33mrole[39m=[32m"combobox"[39m
                  [33mtabindex[39m=[32m"0"[39m
                [36m>[39m
                  [0mAll Statuses[0m
                [36m</div>[39m
                [36m<input[39m
                  [33maria-hidden[39m=[32m"true"[39m
                  [33maria-invalid[39m=[32m"false"[39m
                  [33mclass[39m=[32m"MuiSelect-nativeInput css-yf8vq0-MuiSelect-nativeInput"[39m
                  [33mtabindex[39m=[32m"-1"[39m
                  [33mvalue[39m=[32m"all"[39m
                [36m/>[39m
                [36m<svg[39m
                  [33maria-hidden[39m=[32m"true"[39m
                  [33mclass[39m=[32m"MuiSvgIcon-root MuiSvgIcon-fontSizeMedium MuiSelect-icon MuiSelect-iconOutlined css-hfutr2-MuiSvgIcon-root-MuiSelect-icon"[39m
                  [33mdata-testid[39m=[32m"ArrowDropDownIcon"[39m
                  [33mfocusable[39m=[32m"false"[39m
                  [33mviewBox[39m=[32m"0 0 24 24...
 ❯ Proxy.waitForWrapper node_modules/@testing-library/react/node_modules/@testing-library/dom/dist/wait-for.js:163:27
 ❯ src/test/proposal.test.tsx:344:11
    342|     );
    343| 
    344|     await waitFor(() => {
       |           ^
    345|       expect(screen.getByText('Project Proposals')).toBeInTheDocument(…
    346|       expect(screen.getByText('1 proposal found')).toBeInTheDocument();

⎯⎯⎯⎯⎯⎯⎯⎯⎯⎯⎯⎯⎯⎯⎯⎯⎯⎯⎯⎯⎯⎯[48/66]⎯

 FAIL  src/test/proposal.test.tsx > ProposalList > renders proposal list for freelancer
TestingLibraryElementError: Unable to find an element with the text: My Proposals. This could be because the text is broken up by multiple elements. In this case, you can provide a function for your text matcher to make your matcher more flexible.

Ignored nodes: comments, script, style
[36m<body[39m
  [33mstyle[39m=[32m""[39m
[36m>[39m
  [36m<div>[39m
    [36m<div[39m
      [33mclass[39m=[32m"MuiBox-root css-0"[39m
    [36m>[39m
      [36m<div[39m
        [33mclass[39m=[32m"MuiBox-root css-i3pbo"[39m
      [36m>[39m
        [36m<h5[39m
          [33mclass[39m=[32m"MuiTypography-root MuiTypography-h5 MuiTypography-gutterBottom css-1hkf4sh-MuiTypography-root"[39m
        [36m>[39m
          [0mPayment History[0m
        [36m</h5>[39m
        [36m<p[39m
          [33mclass[39m=[32m"MuiTypography-root MuiTypography-body2 css-xtz2xu-MuiTypography-root"[39m
        [36m>[39m
          [0m1[0m
          [0m payment[0m
          [0m found[0m
        [36m</p>[39m
      [36m</div>[39m
      [36m<div[39m
        [33mclass[39m=[32m"MuiGrid-root MuiGrid-container MuiGrid-spacing-xs-2 css-12rc5ck-MuiGrid-root"[39m
      [36m>[39m
        [36m<div[39m
          [33mclass[39m=[32m"MuiGrid-root MuiGrid-item MuiGrid-grid-xs-12 MuiGrid-grid-sm-6 MuiGrid-grid-md-3 css-10voxkt-MuiGrid-root"[39m
        [36m>[39m
          [36m<div[39m
            [33mclass[39m=[32m"MuiFormControl-root MuiFormControl-fullWidth MuiTextField-root css-18hear-MuiFormControl-root-MuiTextField-root"[39m
          [36m>[39m
            [36m<div[39m
              [33mclass[39m=[32m"MuiInputBase-root MuiOutlinedInput-root MuiInputBase-colorPrimary MuiInputBase-fullWidth MuiInputBase-formControl MuiInputBase-sizeSmall MuiInputBase-adornedStart css-1cj7mpt-MuiInputBase-root-MuiOutlinedInput-root"[39m
            [36m>[39m
              [36m<div[39m
                [33mclass[39m=[32m"MuiInputAdornment-root MuiInputAdornment-positionStart MuiInputAdornment-outlined MuiInputAdornment-sizeSmall css-ittuaa-MuiInputAdornment-root"[39m
              [36m>[39m
                [36m<span[39m
                  [33mclass[39m=[32m"notranslate"[39m
                [36m>[39m
                  [0m​[0m
                [36m</span>[39m
                [36m<svg[39m
                  [33maria-hidden[39m=[32m"true"[39m
                  [33mclass[39m=[32m"MuiSvgIcon-root MuiSvgIcon-fontSizeMedium css-i4bv87-MuiSvgIcon-root"[39m
                  [33mdata-testid[39m=[32m"SearchIcon"[39m
                  [33mfocusable[39m=[32m"false"[39m
                  [33mviewBox[39m=[32m"0 0 24 24"[39m
                [36m>[39m
                  [36m<path[39m
                    [33md[39m=[32m"M15.5 14h-.79l-.28-.27C15.41 12.59 16 11.11 16 9.5 16 5.91 13.09 3 9.5 3S3 5.91 3 9.5 5.91 16 9.5 16c1.61 0 3.09-.59 4.23-1.57l.27.28v.79l5 4.99L20.49 19zm-6 0C7.01 14 5 11.99 5 9.5S7.01 5 9.5 5 14 7.01 14 9.5 11.99 14 9.5 14"[39m
                  [36m/>[39m
                [36m</svg>[39m
              [36m</div>[39m
              [36m<input[39m
                [33maria-invalid[39m=[32m"false"[39m
                [33mclass[39m=[32m"MuiInputBase-input MuiOutlinedInput-input MuiInputBase-inputSizeSmall MuiInputBase-inputAdornedStart css-1ua80n0-MuiInputBase-input-MuiOutlinedInput-input"[39m
                [33mid[39m=[32m":rt:"[39m
                [33mplaceholder[39m=[32m"Search payments..."[39m
                [33mtype[39m=[32m"text"[39m
                [33mvalue[39m=[32m""[39m
              [36m/>[39m
              [36m<fieldset[39m
                [33maria-hidden[39m=[32m"true"[39m
                [33mclass[39m=[32m"MuiOutlinedInput-notchedOutline css-r01yff-MuiNotchedOutlined-root-MuiOutlinedInput-notchedOutline"[39m
              [36m>[39m
                [36m<legend[39m
                  [33mclass[39m=[32m"css-1whs34k-MuiNotchedOutlined-root"[39m
                [36m>[39m
                  [36m<span[39m
                    [33mclass[39m=[32m"notranslate"[39m
                  [36m>[39m
                    [0m​[0m
                  [36m</span>[39m
                [36m</legend>[39m
              [36m</fieldset>[39m
            [36m</div>[39m
          [36m</div>[39m
        [36m</div>[39m
        [36m<div[39m
          [33mclass[39m=[32m"MuiGrid-root MuiGrid-item MuiGrid-grid-xs-12 MuiGrid-grid-sm-6 MuiGrid-grid-md-3 css-10voxkt-MuiGrid-root"[39m
        [36m>[39m
          [36m<div[39m
            [33mclass[39m=[32m"MuiFormControl-root MuiFormControl-fullWidth css-q8hpuo-MuiFormControl-root"[39m
          [36m>[39m
            [36m<label[39m
              [33mclass[39m=[32m"MuiFormLabel-root MuiInputLabel-root MuiInputLabel-formControl MuiInputLabel-animated MuiInputLabel-shrink MuiInputLabel-sizeSmall MuiInputLabel-outlined MuiFormLabel-colorPrimary MuiFormLabel-filled MuiInputLabel-root MuiInputLabel-formControl MuiInputLabel-animated MuiInputLabel-shrink MuiInputLabel-sizeSmall MuiInputLabel-outlined css-fe0mau-MuiFormLabel-root-MuiInputLabel-root"[39m
              [33mdata-shrink[39m=[32m"true"[39m
            [36m>[39m
              [0mStatus[0m
            [36m</label>[39m
            [36m<div[39m
              [33mclass[39m=[32m"MuiInputBase-root MuiOutlinedInput-root MuiInputBase-colorPrimary MuiInputBase-formControl MuiInputBase-sizeSmall css-13lg1x7-MuiInputBase-root-MuiOutlinedInput-root-MuiSelect-root"[39m
            [36m>[39m
              [36m<div[39m
                [33maria-controls[39m=[32m":ru:"[39m
                [33maria-expanded[39m=[32m"false"[39m
                [33maria-haspopup[39m=[32m"listbox"[39m
                [33mclass[39m=[32m"MuiSelect-select MuiSelect-outlined MuiInputBase-input MuiOutlinedInput-input MuiInputBase-inputSizeSmall css-1fzjff4-MuiSelect-select-MuiInputBase-input-MuiOutlinedInput-input"[39m
                [33mrole[39m=[32m"combobox"[39m
                [33mtabindex[39m=[32m"0"[39m
              [36m>[39m
                [0mAll Statuses[0m
              [36m</div>[39m
              [36m<input[39m
                [33maria-hidden[39m=[32m"true"[39m
                [33maria-invalid[39m=[32m"false"[39m
                [33mclass[39m=[32m"MuiSelect-nativeInput css-yf8vq0-MuiSelect-nativeInput"[39m
                [33mtabindex[39m=[32m"-1"[39m
                [33mvalue[39m=[32m"all"[39m
              [36m/>[39m
              [36m<svg[39m
                [33maria-hidden[39m=[32m"true"[39m
                [33mclass[39m=[32m"MuiSvgIcon-root MuiSvgIcon-fontSizeMedium MuiSelect-icon MuiSelect-iconOutlined css-hfutr2-MuiSvgIcon-root-MuiSelect-icon"[39m
                [33mdata-testid[39m=[32m"ArrowDropDownIcon"[39m
                [33mfocusable[39m=[32m"false"[39m
                [33mviewBox[39m=[32m"0 0 24 24"[39m
              [36m>[39m
                [36m<path[39m
                  [33md[39m=[32m"M7 10l5 5 5-5z"[39m
                [36m/>[39m
              [36m</svg>[39m
              [36m<fieldset[39m
                [33maria-hidden[39m=[32m"true"[39m
   ...

Ignored nodes: comments, script, style
[36m<html>[39m
  [36m<head />[39m
  [36m<body[39m
    [33mstyle[39m=[32m""[39m
  [36m>[39m
    [36m<div>[39m
      [36m<div[39m
        [33mclass[39m=[32m"MuiBox-root css-0"[39m
      [36m>[39m
        [36m<div[39m
          [33mclass[39m=[32m"MuiBox-root css-i3pbo"[39m
        [36m>[39m
          [36m<h5[39m
            [33mclass[39m=[32m"MuiTypography-root MuiTypography-h5 MuiTypography-gutterBottom css-1hkf4sh-MuiTypography-root"[39m
          [36m>[39m
            [0mPayment History[0m
          [36m</h5>[39m
          [36m<p[39m
            [33mclass[39m=[32m"MuiTypography-root MuiTypography-body2 css-xtz2xu-MuiTypography-root"[39m
          [36m>[39m
            [0m1[0m
            [0m payment[0m
            [0m found[0m
          [36m</p>[39m
        [36m</div>[39m
        [36m<div[39m
          [33mclass[39m=[32m"MuiGrid-root MuiGrid-container MuiGrid-spacing-xs-2 css-12rc5ck-MuiGrid-root"[39m
        [36m>[39m
          [36m<div[39m
            [33mclass[39m=[32m"MuiGrid-root MuiGrid-item MuiGrid-grid-xs-12 MuiGrid-grid-sm-6 MuiGrid-grid-md-3 css-10voxkt-MuiGrid-root"[39m
          [36m>[39m
            [36m<div[39m
              [33mclass[39m=[32m"MuiFormControl-root MuiFormControl-fullWidth MuiTextField-root css-18hear-MuiFormControl-root-MuiTextField-root"[39m
            [36m>[39m
              [36m<div[39m
                [33mclass[39m=[32m"MuiInputBase-root MuiOutlinedInput-root MuiInputBase-colorPrimary MuiInputBase-fullWidth MuiInputBase-formControl MuiInputBase-sizeSmall MuiInputBase-adornedStart css-1cj7mpt-MuiInputBase-root-MuiOutlinedInput-root"[39m
              [36m>[39m
                [36m<div[39m
                  [33mclass[39m=[32m"MuiInputAdornment-root MuiInputAdornment-positionStart MuiInputAdornment-outlined MuiInputAdornment-sizeSmall css-ittuaa-MuiInputAdornment-root"[39m
                [36m>[39m
                  [36m<span[39m
                    [33mclass[39m=[32m"notranslate"[39m
                  [36m>[39m
                    [0m​[0m
                  [36m</span>[39m
                  [36m<svg[39m
                    [33maria-hidden[39m=[32m"true"[39m
                    [33mclass[39m=[32m"MuiSvgIcon-root MuiSvgIcon-fontSizeMedium css-i4bv87-MuiSvgIcon-root"[39m
                    [33mdata-testid[39m=[32m"SearchIcon"[39m
                    [33mfocusable[39m=[32m"false"[39m
                    [33mviewBox[39m=[32m"0 0 24 24"[39m
                  [36m>[39m
                    [36m<path[39m
                      [33md[39m=[32m"M15.5 14h-.79l-.28-.27C15.41 12.59 16 11.11 16 9.5 16 5.91 13.09 3 9.5 3S3 5.91 3 9.5 5.91 16 9.5 16c1.61 0 3.09-.59 4.23-1.57l.27.28v.79l5 4.99L20.49 19zm-6 0C7.01 14 5 11.99 5 9.5S7.01 5 9.5 5 14 7.01 14 9.5 11.99 14 9.5 14"[39m
                    [36m/>[39m
                  [36m</svg>[39m
                [36m</div>[39m
                [36m<input[39m
                  [33maria-invalid[39m=[32m"false"[39m
                  [33mclass[39m=[32m"MuiInputBase-input MuiOutlinedInput-input MuiInputBase-inputSizeSmall MuiInputBase-inputAdornedStart css-1ua80n0-MuiInputBase-input-MuiOutlinedInput-input"[39m
                  [33mid[39m=[32m":rt:"[39m
                  [33mplaceholder[39m=[32m"Search payments..."[39m
                  [33mtype[39m=[32m"text"[39m
                  [33mvalue[39m=[32m""[39m
                [36m/>[39m
                [36m<fieldset[39m
                  [33maria-hidden[39m=[32m"true"[39m
                  [33mclass[39m=[32m"MuiOutlinedInput-notchedOutline css-r01yff-MuiNotchedOutlined-root-MuiOutlinedInput-notchedOutline"[39m
                [36m>[39m
                  [36m<legend[39m
                    [33mclass[39m=[32m"css-1whs34k-MuiNotchedOutlined-root"[39m
                  [36m>[39m
                    [36m<span[39m
                      [33mclass[39m=[32m"notranslate"[39m
                    [36m>[39m
                      [0m​[0m
                    [36m</span>[39m
                  [36m</legend>[39m
                [36m</fieldset>[39m
              [36m</div>[39m
            [36m</div>[39m
          [36m</div>[39m
          [36m<div[39m
            [33mclass[39m=[32m"MuiGrid-root MuiGrid-item MuiGrid-grid-xs-12 MuiGrid-grid-sm-6 MuiGrid-grid-md-3 css-10voxkt-MuiGrid-root"[39m
          [36m>[39m
            [36m<div[39m
              [33mclass[39m=[32m"MuiFormControl-root MuiFormControl-fullWidth css-q8hpuo-MuiFormControl-root"[39m
            [36m>[39m
              [36m<label[39m
                [33mclass[39m=[32m"MuiFormLabel-root MuiInputLabel-root MuiInputLabel-formControl MuiInputLabel-animated MuiInputLabel-shrink MuiInputLabel-sizeSmall MuiInputLabel-outlined MuiFormLabel-colorPrimary MuiFormLabel-filled MuiInputLabel-root MuiInputLabel-formControl MuiInputLabel-animated MuiInputLabel-shrink MuiInputLabel-sizeSmall MuiInputLabel-outlined css-fe0mau-MuiFormLabel-root-MuiInputLabel-root"[39m
                [33mdata-shrink[39m=[32m"true"[39m
              [36m>[39m
                [0mStatus[0m
              [36m</label>[39m
              [36m<div[39m
                [33mclass[39m=[32m"MuiInputBase-root MuiOutlinedInput-root MuiInputBase-colorPrimary MuiInputBase-formControl MuiInputBase-sizeSmall css-13lg1x7-MuiInputBase-root-MuiOutlinedInput-root-MuiSelect-root"[39m
              [36m>[39m
                [36m<div[39m
                  [33maria-controls[39m=[32m":ru:"[39m
                  [33maria-expanded[39m=[32m"false"[39m
                  [33maria-haspopup[39m=[32m"listbox"[39m
                  [33mclass[39m=[32m"MuiSelect-select MuiSelect-outlined MuiInputBase-input MuiOutlinedInput-input MuiInputBase-inputSizeSmall css-1fzjff4-MuiSelect-select-MuiInputBase-input-MuiOutlinedInput-input"[39m
                  [33mrole[39m=[32m"combobox"[39m
                  [33mtabindex[39m=[32m"0"[39m
                [36m>[39m
                  [0mAll Statuses[0m
                [36m</div>[39m
                [36m<input[39m
                  [33maria-hidden[39m=[32m"true"[39m
                  [33maria-invalid[39m=[32m"false"[39m
                  [33mclass[39m=[32m"MuiSelect-nativeInput css-yf8vq0-MuiSelect-nativeInput"[39m
                  [33mtabindex[39m=[32m"-1"[39m
                  [33mvalue[39m=[32m"all"[39m
                [36m/>[39m
                [36m<svg[39m
                  [33maria-hidden[39m=[32m"true"[39m
                  [33mclass[39m=[32m"MuiSvgIcon-root MuiSvgIcon-fontSizeMedium MuiSelect-icon MuiSelect-iconOutlined css-hfutr2-MuiSvgIcon-root-MuiSelect-icon"[39m
                  [33mdata-testid[39m=[32m"ArrowDropDownIcon"[39m
                  [33mfocusable[39m=[32m"false"[39m
                  [33mviewBox[39m=[32m"0 0 24 24...
 ❯ Proxy.waitForWrapper node_modules/@testing-library/react/node_modules/@testing-library/dom/dist/wait-for.js:163:27
 ❯ src/test/proposal.test.tsx:357:11
    355|     );
    356| 
    357|     await waitFor(() => {
       |           ^
    358|       expect(screen.getByText('My Proposals')).toBeInTheDocument();
    359|     });

⎯⎯⎯⎯⎯⎯⎯⎯⎯⎯⎯⎯⎯⎯⎯⎯⎯⎯⎯⎯⎯⎯[49/66]⎯

 FAIL  src/test/proposal.test.tsx > ProposalList > filters proposals by status
TestingLibraryElementError: Found a label with the text of: Status, however no form control was found associated to that label. Make sure you're using the "for" attribute or "aria-labelledby" attribute correctly.

Ignored nodes: comments, script, style
[36m<body[39m
  [33mstyle[39m=[32m""[39m
[36m>[39m
  [36m<div>[39m
    [36m<div[39m
      [33mclass[39m=[32m"MuiBox-root css-0"[39m
    [36m>[39m
      [36m<div[39m
        [33mclass[39m=[32m"MuiBox-root css-i3pbo"[39m
      [36m>[39m
        [36m<h5[39m
          [33mclass[39m=[32m"MuiTypography-root MuiTypography-h5 MuiTypography-gutterBottom css-1hkf4sh-MuiTypography-root"[39m
        [36m>[39m
          [0mPayment History[0m
        [36m</h5>[39m
        [36m<p[39m
          [33mclass[39m=[32m"MuiTypography-root MuiTypography-body2 css-xtz2xu-MuiTypography-root"[39m
        [36m>[39m
          [0m1[0m
          [0m payment[0m
          [0m found[0m
        [36m</p>[39m
      [36m</div>[39m
      [36m<div[39m
        [33mclass[39m=[32m"MuiGrid-root MuiGrid-container MuiGrid-spacing-xs-2 css-12rc5ck-MuiGrid-root"[39m
      [36m>[39m
        [36m<div[39m
          [33mclass[39m=[32m"MuiGrid-root MuiGrid-item MuiGrid-grid-xs-12 MuiGrid-grid-sm-6 MuiGrid-grid-md-3 css-10voxkt-MuiGrid-root"[39m
        [36m>[39m
          [36m<div[39m
            [33mclass[39m=[32m"MuiFormControl-root MuiFormControl-fullWidth MuiTextField-root css-18hear-MuiFormControl-root-MuiTextField-root"[39m
          [36m>[39m
            [36m<div[39m
              [33mclass[39m=[32m"MuiInputBase-root MuiOutlinedInput-root MuiInputBase-colorPrimary MuiInputBase-fullWidth MuiInputBase-formControl MuiInputBase-sizeSmall MuiInputBase-adornedStart css-1cj7mpt-MuiInputBase-root-MuiOutlinedInput-root"[39m
            [36m>[39m
              [36m<div[39m
                [33mclass[39m=[32m"MuiInputAdornment-root MuiInputAdornment-positionStart MuiInputAdornment-outlined MuiInputAdornment-sizeSmall css-ittuaa-MuiInputAdornment-root"[39m
              [36m>[39m
                [36m<span[39m
                  [33mclass[39m=[32m"notranslate"[39m
                [36m>[39m
                  [0m​[0m
                [36m</span>[39m
                [36m<svg[39m
                  [33maria-hidden[39m=[32m"true"[39m
                  [33mclass[39m=[32m"MuiSvgIcon-root MuiSvgIcon-fontSizeMedium css-i4bv87-MuiSvgIcon-root"[39m
                  [33mdata-testid[39m=[32m"SearchIcon"[39m
                  [33mfocusable[39m=[32m"false"[39m
                  [33mviewBox[39m=[32m"0 0 24 24"[39m
                [36m>[39m
                  [36m<path[39m
                    [33md[39m=[32m"M15.5 14h-.79l-.28-.27C15.41 12.59 16 11.11 16 9.5 16 5.91 13.09 3 9.5 3S3 5.91 3 9.5 5.91 16 9.5 16c1.61 0 3.09-.59 4.23-1.57l.27.28v.79l5 4.99L20.49 19zm-6 0C7.01 14 5 11.99 5 9.5S7.01 5 9.5 5 14 7.01 14 9.5 11.99 14 9.5 14"[39m
                  [36m/>[39m
                [36m</svg>[39m
              [36m</div>[39m
              [36m<input[39m
                [33maria-invalid[39m=[32m"false"[39m
                [33mclass[39m=[32m"MuiInputBase-input MuiOutlinedInput-input MuiInputBase-inputSizeSmall MuiInputBase-inputAdornedStart css-1ua80n0-MuiInputBase-input-MuiOutlinedInput-input"[39m
                [33mid[39m=[32m":rt:"[39m
                [33mplaceholder[39m=[32m"Search payments..."[39m
                [33mtype[39m=[32m"text"[39m
                [33mvalue[39m=[32m""[39m
              [36m/>[39m
              [36m<fieldset[39m
                [33maria-hidden[39m=[32m"true"[39m
                [33mclass[39m=[32m"MuiOutlinedInput-notchedOutline css-r01yff-MuiNotchedOutlined-root-MuiOutlinedInput-notchedOutline"[39m
              [36m>[39m
                [36m<legend[39m
                  [33mclass[39m=[32m"css-1whs34k-MuiNotchedOutlined-root"[39m
                [36m>[39m
                  [36m<span[39m
                    [33mclass[39m=[32m"notranslate"[39m
                  [36m>[39m
                    [0m​[0m
                  [36m</span>[39m
                [36m</legend>[39m
              [36m</fieldset>[39m
            [36m</div>[39m
          [36m</div>[39m
        [36m</div>[39m
        [36m<div[39m
          [33mclass[39m=[32m"MuiGrid-root MuiGrid-item MuiGrid-grid-xs-12 MuiGrid-grid-sm-6 MuiGrid-grid-md-3 css-10voxkt-MuiGrid-root"[39m
        [36m>[39m
          [36m<div[39m
            [33mclass[39m=[32m"MuiFormControl-root MuiFormControl-fullWidth css-q8hpuo-MuiFormControl-root"[39m
          [36m>[39m
            [36m<label[39m
              [33mclass[39m=[32m"MuiFormLabel-root MuiInputLabel-root MuiInputLabel-formControl MuiInputLabel-animated MuiInputLabel-shrink MuiInputLabel-sizeSmall MuiInputLabel-outlined MuiFormLabel-colorPrimary MuiFormLabel-filled MuiInputLabel-root MuiInputLabel-formControl MuiInputLabel-animated MuiInputLabel-shrink MuiInputLabel-sizeSmall MuiInputLabel-outlined css-fe0mau-MuiFormLabel-root-MuiInputLabel-root"[39m
              [33mdata-shrink[39m=[32m"true"[39m
            [36m>[39m
              [0mStatus[0m
            [36m</label>[39m
            [36m<div[39m
              [33mclass[39m=[32m"MuiInputBase-root MuiOutlinedInput-root MuiInputBase-colorPrimary MuiInputBase-formControl MuiInputBase-sizeSmall css-13lg1x7-MuiInputBase-root-MuiOutlinedInput-root-MuiSelect-root"[39m
            [36m>[39m
              [36m<div[39m
                [33maria-controls[39m=[32m":ru:"[39m
                [33maria-expanded[39m=[32m"false"[39m
                [33maria-haspopup[39m=[32m"listbox"[39m
                [33mclass[39m=[32m"MuiSelect-select MuiSelect-outlined MuiInputBase-input MuiOutlinedInput-input MuiInputBase-inputSizeSmall css-1fzjff4-MuiSelect-select-MuiInputBase-input-MuiOutlinedInput-input"[39m
                [33mrole[39m=[32m"combobox"[39m
                [33mtabindex[39m=[32m"0"[39m
              [36m>[39m
                [0mAll Statuses[0m
              [36m</div>[39m
              [36m<input[39m
                [33maria-hidden[39m=[32m"true"[39m
                [33maria-invalid[39m=[32m"false"[39m
                [33mclass[39m=[32m"MuiSelect-nativeInput css-yf8vq0-MuiSelect-nativeInput"[39m
                [33mtabindex[39m=[32m"-1"[39m
                [33mvalue[39m=[32m"all"[39m
              [36m/>[39m
              [36m<svg[39m
                [33maria-hidden[39m=[32m"true"[39m
                [33mclass[39m=[32m"MuiSvgIcon-root MuiSvgIcon-fontSizeMedium MuiSelect-icon MuiSelect-iconOutlined css-hfutr2-MuiSvgIcon-root-MuiSelect-icon"[39m
                [33mdata-testid[39m=[32m"ArrowDropDownIcon"[39m
                [33mfocusable[39m=[32m"false"[39m
                [33mviewBox[39m=[32m"0 0 24 24"[39m
              [36m>[39m
                [36m<path[39m
                  [33md[39m=[32m"M7 10l5 5 5-5z"[39m
                [36m/>[39m
              [36m</svg>[39m
              [36m<fieldset[39m
                [33maria-hidden[39m=[32m"true"[39m
   ...

Ignored nodes: comments, script, style
[36m<html>[39m
  [36m<head />[39m
  [36m<body[39m
    [33mstyle[39m=[32m""[39m
  [36m>[39m
    [36m<div>[39m
      [36m<div[39m
        [33mclass[39m=[32m"MuiBox-root css-0"[39m
      [36m>[39m
        [36m<div[39m
          [33mclass[39m=[32m"MuiBox-root css-i3pbo"[39m
        [36m>[39m
          [36m<h5[39m
            [33mclass[39m=[32m"MuiTypography-root MuiTypography-h5 MuiTypography-gutterBottom css-1hkf4sh-MuiTypography-root"[39m
          [36m>[39m
            [0mPayment History[0m
          [36m</h5>[39m
          [36m<p[39m
            [33mclass[39m=[32m"MuiTypography-root MuiTypography-body2 css-xtz2xu-MuiTypography-root"[39m
          [36m>[39m
            [0m1[0m
            [0m payment[0m
            [0m found[0m
          [36m</p>[39m
        [36m</div>[39m
        [36m<div[39m
          [33mclass[39m=[32m"MuiGrid-root MuiGrid-container MuiGrid-spacing-xs-2 css-12rc5ck-MuiGrid-root"[39m
        [36m>[39m
          [36m<div[39m
            [33mclass[39m=[32m"MuiGrid-root MuiGrid-item MuiGrid-grid-xs-12 MuiGrid-grid-sm-6 MuiGrid-grid-md-3 css-10voxkt-MuiGrid-root"[39m
          [36m>[39m
            [36m<div[39m
              [33mclass[39m=[32m"MuiFormControl-root MuiFormControl-fullWidth MuiTextField-root css-18hear-MuiFormControl-root-MuiTextField-root"[39m
            [36m>[39m
              [36m<div[39m
                [33mclass[39m=[32m"MuiInputBase-root MuiOutlinedInput-root MuiInputBase-colorPrimary MuiInputBase-fullWidth MuiInputBase-formControl MuiInputBase-sizeSmall MuiInputBase-adornedStart css-1cj7mpt-MuiInputBase-root-MuiOutlinedInput-root"[39m
              [36m>[39m
                [36m<div[39m
                  [33mclass[39m=[32m"MuiInputAdornment-root MuiInputAdornment-positionStart MuiInputAdornment-outlined MuiInputAdornment-sizeSmall css-ittuaa-MuiInputAdornment-root"[39m
                [36m>[39m
                  [36m<span[39m
                    [33mclass[39m=[32m"notranslate"[39m
                  [36m>[39m
                    [0m​[0m
                  [36m</span>[39m
                  [36m<svg[39m
                    [33maria-hidden[39m=[32m"true"[39m
                    [33mclass[39m=[32m"MuiSvgIcon-root MuiSvgIcon-fontSizeMedium css-i4bv87-MuiSvgIcon-root"[39m
                    [33mdata-testid[39m=[32m"SearchIcon"[39m
                    [33mfocusable[39m=[32m"false"[39m
                    [33mviewBox[39m=[32m"0 0 24 24"[39m
                  [36m>[39m
                    [36m<path[39m
                      [33md[39m=[32m"M15.5 14h-.79l-.28-.27C15.41 12.59 16 11.11 16 9.5 16 5.91 13.09 3 9.5 3S3 5.91 3 9.5 5.91 16 9.5 16c1.61 0 3.09-.59 4.23-1.57l.27.28v.79l5 4.99L20.49 19zm-6 0C7.01 14 5 11.99 5 9.5S7.01 5 9.5 5 14 7.01 14 9.5 11.99 14 9.5 14"[39m
                    [36m/>[39m
                  [36m</svg>[39m
                [36m</div>[39m
                [36m<input[39m
                  [33maria-invalid[39m=[32m"false"[39m
                  [33mclass[39m=[32m"MuiInputBase-input MuiOutlinedInput-input MuiInputBase-inputSizeSmall MuiInputBase-inputAdornedStart css-1ua80n0-MuiInputBase-input-MuiOutlinedInput-input"[39m
                  [33mid[39m=[32m":rt:"[39m
                  [33mplaceholder[39m=[32m"Search payments..."[39m
                  [33mtype[39m=[32m"text"[39m
                  [33mvalue[39m=[32m""[39m
                [36m/>[39m
                [36m<fieldset[39m
                  [33maria-hidden[39m=[32m"true"[39m
                  [33mclass[39m=[32m"MuiOutlinedInput-notchedOutline css-r01yff-MuiNotchedOutlined-root-MuiOutlinedInput-notchedOutline"[39m
                [36m>[39m
                  [36m<legend[39m
                    [33mclass[39m=[32m"css-1whs34k-MuiNotchedOutlined-root"[39m
                  [36m>[39m
                    [36m<span[39m
                      [33mclass[39m=[32m"notranslate"[39m
                    [36m>[39m
                      [0m​[0m
                    [36m</span>[39m
                  [36m</legend>[39m
                [36m</fieldset>[39m
              [36m</div>[39m
            [36m</div>[39m
          [36m</div>[39m
          [36m<div[39m
            [33mclass[39m=[32m"MuiGrid-root MuiGrid-item MuiGrid-grid-xs-12 MuiGrid-grid-sm-6 MuiGrid-grid-md-3 css-10voxkt-MuiGrid-root"[39m
          [36m>[39m
            [36m<div[39m
              [33mclass[39m=[32m"MuiFormControl-root MuiFormControl-fullWidth css-q8hpuo-MuiFormControl-root"[39m
            [36m>[39m
              [36m<label[39m
                [33mclass[39m=[32m"MuiFormLabel-root MuiInputLabel-root MuiInputLabel-formControl MuiInputLabel-animated MuiInputLabel-shrink MuiInputLabel-sizeSmall MuiInputLabel-outlined MuiFormLabel-colorPrimary MuiFormLabel-filled MuiInputLabel-root MuiInputLabel-formControl MuiInputLabel-animated MuiInputLabel-shrink MuiInputLabel-sizeSmall MuiInputLabel-outlined css-fe0mau-MuiFormLabel-root-MuiInputLabel-root"[39m
                [33mdata-shrink[39m=[32m"true"[39m
              [36m>[39m
                [0mStatus[0m
              [36m</label>[39m
              [36m<div[39m
                [33mclass[39m=[32m"MuiInputBase-root MuiOutlinedInput-root MuiInputBase-colorPrimary MuiInputBase-formControl MuiInputBase-sizeSmall css-13lg1x7-MuiInputBase-root-MuiOutlinedInput-root-MuiSelect-root"[39m
              [36m>[39m
                [36m<div[39m
                  [33maria-controls[39m=[32m":ru:"[39m
                  [33maria-expanded[39m=[32m"false"[39m
                  [33maria-haspopup[39m=[32m"listbox"[39m
                  [33mclass[39m=[32m"MuiSelect-select MuiSelect-outlined MuiInputBase-input MuiOutlinedInput-input MuiInputBase-inputSizeSmall css-1fzjff4-MuiSelect-select-MuiInputBase-input-MuiOutlinedInput-input"[39m
                  [33mrole[39m=[32m"combobox"[39m
                  [33mtabindex[39m=[32m"0"[39m
                [36m>[39m
                  [0mAll Statuses[0m
                [36m</div>[39m
                [36m<input[39m
                  [33maria-hidden[39m=[32m"true"[39m
                  [33maria-invalid[39m=[32m"false"[39m
                  [33mclass[39m=[32m"MuiSelect-nativeInput css-yf8vq0-MuiSelect-nativeInput"[39m
                  [33mtabindex[39m=[32m"-1"[39m
                  [33mvalue[39m=[32m"all"[39m
                [36m/>[39m
                [36m<svg[39m
                  [33maria-hidden[39m=[32m"true"[39m
                  [33mclass[39m=[32m"MuiSvgIcon-root MuiSvgIcon-fontSizeMedium MuiSelect-icon MuiSelect-iconOutlined css-hfutr2-MuiSvgIcon-root-MuiSelect-icon"[39m
                  [33mdata-testid[39m=[32m"ArrowDropDownIcon"[39m
                  [33mfocusable[39m=[32m"false"[39m
                  [33mviewBox[39m=[32m"0 0 24 24...
 ❯ Proxy.waitForWrapper node_modules/@testing-library/react/node_modules/@testing-library/dom/dist/wait-for.js:163:27
 ❯ src/test/proposal.test.tsx:369:11
    367|     );
    368| 
    369|     await waitFor(() => {
       |           ^
    370|       expect(screen.getByLabelText('Status')).toBeInTheDocument();
    371|     });

⎯⎯⎯⎯⎯⎯⎯⎯⎯⎯⎯⎯⎯⎯⎯⎯⎯⎯⎯⎯⎯⎯[50/66]⎯

 FAIL  src/test/proposal.test.tsx > ProposalList > searches proposals
TestingLibraryElementError: Unable to find an element with the placeholder text of: Search proposals...

Ignored nodes: comments, script, style
[36m<body[39m
  [33mstyle[39m=[32m""[39m
[36m>[39m
  [36m<div>[39m
    [36m<div[39m
      [33mclass[39m=[32m"MuiBox-root css-0"[39m
    [36m>[39m
      [36m<div[39m
        [33mclass[39m=[32m"MuiBox-root css-i3pbo"[39m
      [36m>[39m
        [36m<h5[39m
          [33mclass[39m=[32m"MuiTypography-root MuiTypography-h5 MuiTypography-gutterBottom css-1hkf4sh-MuiTypography-root"[39m
        [36m>[39m
          [0mPayment History[0m
        [36m</h5>[39m
        [36m<p[39m
          [33mclass[39m=[32m"MuiTypography-root MuiTypography-body2 css-xtz2xu-MuiTypography-root"[39m
        [36m>[39m
          [0m1[0m
          [0m payment[0m
          [0m found[0m
        [36m</p>[39m
      [36m</div>[39m
      [36m<div[39m
        [33mclass[39m=[32m"MuiGrid-root MuiGrid-container MuiGrid-spacing-xs-2 css-12rc5ck-MuiGrid-root"[39m
      [36m>[39m
        [36m<div[39m
          [33mclass[39m=[32m"MuiGrid-root MuiGrid-item MuiGrid-grid-xs-12 MuiGrid-grid-sm-6 MuiGrid-grid-md-3 css-10voxkt-MuiGrid-root"[39m
        [36m>[39m
          [36m<div[39m
            [33mclass[39m=[32m"MuiFormControl-root MuiFormControl-fullWidth MuiTextField-root css-18hear-MuiFormControl-root-MuiTextField-root"[39m
          [36m>[39m
            [36m<div[39m
              [33mclass[39m=[32m"MuiInputBase-root MuiOutlinedInput-root MuiInputBase-colorPrimary MuiInputBase-fullWidth MuiInputBase-formControl MuiInputBase-sizeSmall MuiInputBase-adornedStart css-1cj7mpt-MuiInputBase-root-MuiOutlinedInput-root"[39m
            [36m>[39m
              [36m<div[39m
                [33mclass[39m=[32m"MuiInputAdornment-root MuiInputAdornment-positionStart MuiInputAdornment-outlined MuiInputAdornment-sizeSmall css-ittuaa-MuiInputAdornment-root"[39m
              [36m>[39m
                [36m<span[39m
                  [33mclass[39m=[32m"notranslate"[39m
                [36m>[39m
                  [0m​[0m
                [36m</span>[39m
                [36m<svg[39m
                  [33maria-hidden[39m=[32m"true"[39m
                  [33mclass[39m=[32m"MuiSvgIcon-root MuiSvgIcon-fontSizeMedium css-i4bv87-MuiSvgIcon-root"[39m
                  [33mdata-testid[39m=[32m"SearchIcon"[39m
                  [33mfocusable[39m=[32m"false"[39m
                  [33mviewBox[39m=[32m"0 0 24 24"[39m
                [36m>[39m
                  [36m<path[39m
                    [33md[39m=[32m"M15.5 14h-.79l-.28-.27C15.41 12.59 16 11.11 16 9.5 16 5.91 13.09 3 9.5 3S3 5.91 3 9.5 5.91 16 9.5 16c1.61 0 3.09-.59 4.23-1.57l.27.28v.79l5 4.99L20.49 19zm-6 0C7.01 14 5 11.99 5 9.5S7.01 5 9.5 5 14 7.01 14 9.5 11.99 14 9.5 14"[39m
                  [36m/>[39m
                [36m</svg>[39m
              [36m</div>[39m
              [36m<input[39m
                [33maria-invalid[39m=[32m"false"[39m
                [33mclass[39m=[32m"MuiInputBase-input MuiOutlinedInput-input MuiInputBase-inputSizeSmall MuiInputBase-inputAdornedStart css-1ua80n0-MuiInputBase-input-MuiOutlinedInput-input"[39m
                [33mid[39m=[32m":rt:"[39m
                [33mplaceholder[39m=[32m"Search payments..."[39m
                [33mtype[39m=[32m"text"[39m
                [33mvalue[39m=[32m""[39m
              [36m/>[39m
              [36m<fieldset[39m
                [33maria-hidden[39m=[32m"true"[39m
                [33mclass[39m=[32m"MuiOutlinedInput-notchedOutline css-r01yff-MuiNotchedOutlined-root-MuiOutlinedInput-notchedOutline"[39m
              [36m>[39m
                [36m<legend[39m
                  [33mclass[39m=[32m"css-1whs34k-MuiNotchedOutlined-root"[39m
                [36m>[39m
                  [36m<span[39m
                    [33mclass[39m=[32m"notranslate"[39m
                  [36m>[39m
                    [0m​[0m
                  [36m</span>[39m
                [36m</legend>[39m
              [36m</fieldset>[39m
            [36m</div>[39m
          [36m</div>[39m
        [36m</div>[39m
        [36m<div[39m
          [33mclass[39m=[32m"MuiGrid-root MuiGrid-item MuiGrid-grid-xs-12 MuiGrid-grid-sm-6 MuiGrid-grid-md-3 css-10voxkt-MuiGrid-root"[39m
        [36m>[39m
          [36m<div[39m
            [33mclass[39m=[32m"MuiFormControl-root MuiFormControl-fullWidth css-q8hpuo-MuiFormControl-root"[39m
          [36m>[39m
            [36m<label[39m
              [33mclass[39m=[32m"MuiFormLabel-root MuiInputLabel-root MuiInputLabel-formControl MuiInputLabel-animated MuiInputLabel-shrink MuiInputLabel-sizeSmall MuiInputLabel-outlined MuiFormLabel-colorPrimary MuiFormLabel-filled MuiInputLabel-root MuiInputLabel-formControl MuiInputLabel-animated MuiInputLabel-shrink MuiInputLabel-sizeSmall MuiInputLabel-outlined css-fe0mau-MuiFormLabel-root-MuiInputLabel-root"[39m
              [33mdata-shrink[39m=[32m"true"[39m
            [36m>[39m
              [0mStatus[0m
            [36m</label>[39m
            [36m<div[39m
              [33mclass[39m=[32m"MuiInputBase-root MuiOutlinedInput-root MuiInputBase-colorPrimary MuiInputBase-formControl MuiInputBase-sizeSmall css-13lg1x7-MuiInputBase-root-MuiOutlinedInput-root-MuiSelect-root"[39m
            [36m>[39m
              [36m<div[39m
                [33maria-controls[39m=[32m":ru:"[39m
                [33maria-expanded[39m=[32m"false"[39m
                [33maria-haspopup[39m=[32m"listbox"[39m
                [33mclass[39m=[32m"MuiSelect-select MuiSelect-outlined MuiInputBase-input MuiOutlinedInput-input MuiInputBase-inputSizeSmall css-1fzjff4-MuiSelect-select-MuiInputBase-input-MuiOutlinedInput-input"[39m
                [33mrole[39m=[32m"combobox"[39m
                [33mtabindex[39m=[32m"0"[39m
              [36m>[39m
                [0mAll Statuses[0m
              [36m</div>[39m
              [36m<input[39m
                [33maria-hidden[39m=[32m"true"[39m
                [33maria-invalid[39m=[32m"false"[39m
                [33mclass[39m=[32m"MuiSelect-nativeInput css-yf8vq0-MuiSelect-nativeInput"[39m
                [33mtabindex[39m=[32m"-1"[39m
                [33mvalue[39m=[32m"all"[39m
              [36m/>[39m
              [36m<svg[39m
                [33maria-hidden[39m=[32m"true"[39m
                [33mclass[39m=[32m"MuiSvgIcon-root MuiSvgIcon-fontSizeMedium MuiSelect-icon MuiSelect-iconOutlined css-hfutr2-MuiSvgIcon-root-MuiSelect-icon"[39m
                [33mdata-testid[39m=[32m"ArrowDropDownIcon"[39m
                [33mfocusable[39m=[32m"false"[39m
                [33mviewBox[39m=[32m"0 0 24 24"[39m
              [36m>[39m
                [36m<path[39m
                  [33md[39m=[32m"M7 10l5 5 5-5z"[39m
                [36m/>[39m
              [36m</svg>[39m
              [36m<fieldset[39m
                [33maria-hidden[39m=[32m"true"[39m
   ...
 ❯ Object.getElementError node_modules/@testing-library/react/node_modules/@testing-library/dom/dist/config.js:37:19
 ❯ node_modules/@testing-library/react/node_modules/@testing-library/dom/dist/query-helpers.js:76:38
 ❯ node_modules/@testing-library/react/node_modules/@testing-library/dom/dist/query-helpers.js:52:17
 ❯ node_modules/@testing-library/react/node_modules/@testing-library/dom/dist/query-helpers.js:95:19
 ❯ src/test/proposal.test.tsx:391:32
    389|     );
    390| 
    391|     const searchInput = screen.getByPlaceholderText('Search proposals.…
       |                                ^
    392|     fireEvent.change(searchInput, { target: { value: 'test search' } }…
    393| 

⎯⎯⎯⎯⎯⎯⎯⎯⎯⎯⎯⎯⎯⎯⎯⎯⎯⎯⎯⎯⎯⎯[51/66]⎯

 FAIL  src/test/proposal.test.tsx > ProposalDetailModal > renders proposal details
TestingLibraryElementError: Found multiple elements with the text: Jane Doe

Here are the matching elements:

Ignored nodes: comments, script, style
[36m<h6[39m
  [33mclass[39m=[32m"MuiTypography-root MuiTypography-h6 css-1rem9xf-MuiTypography-root"[39m
[36m>[39m
  [0mJane[0m
  [0m [0m
  [0mDoe[0m
[36m</h6>[39m

Ignored nodes: comments, script, style
[36m<h6[39m
  [33mclass[39m=[32m"MuiTypography-root MuiTypography-h6 css-1rem9xf-MuiTypography-root"[39m
[36m>[39m
  [0mJane[0m
  [0m [0m
  [0mDoe[0m
[36m</h6>[39m

Ignored nodes: comments, script, style
[36m<h6[39m
  [33mclass[39m=[32m"MuiTypography-root MuiTypography-h6 css-1rem9xf-MuiTypography-root"[39m
[36m>[39m
  [0mJane[0m
  [0m [0m
  [0mDoe[0m
[36m</h6>[39m

Ignored nodes: comments, script, style
[36m<h6[39m
  [33mclass[39m=[32m"MuiTypography-root MuiTypography-h6 css-1rem9xf-MuiTypography-root"[39m
[36m>[39m
  [0mJane[0m
  [0m [0m
  [0mDoe[0m
[36m</h6>[39m

(If this is intentional, then use the `*AllBy*` variant of the query (like `queryAllByText`, `getAllByText`, or `findAllByText`)).

Ignored nodes: comments, script, style
[36m<body[39m
  [33mstyle[39m=[32m"padding-right: 1024px; overflow: hidden;"[39m
[36m>[39m
  [36m<div[39m
    [33maria-hidden[39m=[32m"true"[39m
  [36m>[39m
    [36m<div[39m
      [33mclass[39m=[32m"MuiBox-root css-0"[39m
    [36m>[39m
      [36m<div[39m
        [33mclass[39m=[32m"MuiBox-root css-i3pbo"[39m
      [36m>[39m
        [36m<h5[39m
          [33mclass[39m=[32m"MuiTypography-root MuiTypography-h5 MuiTypography-gutterBottom css-1hkf4sh-MuiTypography-root"[39m
        [36m>[39m
          [0mPayment History[0m
        [36m</h5>[39m
        [36m<p[39m
          [33mclass[39m=[32m"MuiTypography-root MuiTypography-body2 css-xtz2xu-MuiTypography-root"[39m
        [36m>[39m
          [0m1[0m
          [0m payment[0m
          [0m found[0m
        [36m</p>[39m
      [36m</div>[39m
      [36m<div[39m
        [33mclass[39m=[32m"MuiGrid-root MuiGrid-container MuiGrid-spacing-xs-2 css-12rc5ck-MuiGrid-root"[39m
      [36m>[39m
        [36m<div[39m
          [33mclass[39m=[32m"MuiGrid-root MuiGrid-item MuiGrid-grid-xs-12 MuiGrid-grid-sm-6 MuiGrid-grid-md-3 css-10voxkt-MuiGrid-root"[39m
        [36m>[39m
          [36m<div[39m
            [33mclass[39m=[32m"MuiFormControl-root MuiFormControl-fullWidth MuiTextField-root css-18hear-MuiFormControl-root-MuiTextField-root"[39m
          [36m>[39m
            [36m<div[39m
              [33mclass[39m=[32m"MuiInputBase-root MuiOutlinedInput-root MuiInputBase-colorPrimary MuiInputBase-fullWidth MuiInputBase-formControl MuiInputBase-sizeSmall MuiInputBase-adornedStart css-1cj7mpt-MuiInputBase-root-MuiOutlinedInput-root"[39m
            [36m>[39m
              [36m<div[39m
                [33mclass[39m=[32m"MuiInputAdornment-root MuiInputAdornment-positionStart MuiInputAdornment-outlined MuiInputAdornment-sizeSmall css-ittuaa-MuiInputAdornment-root"[39m
              [36m>[39m
                [36m<span[39m
                  [33mclass[39m=[32m"notranslate"[39m
                [36m>[39m
                  [0m​[0m
                [36m</span>[39m
                [36m<svg[39m
                  [33maria-hidden[39m=[32m"true"[39m
                  [33mclass[39m=[32m"MuiSvgIcon-root MuiSvgIcon-fontSizeMedium css-i4bv87-MuiSvgIcon-root"[39m
                  [33mdata-testid[39m=[32m"SearchIcon"[39m
                  [33mfocusable[39m=[32m"false"[39m
                  [33mviewBox[39m=[32m"0 0 24 24"[39m
                [36m>[39m
                  [36m<path[39m
                    [33md[39m=[32m"M15.5 14h-.79l-.28-.27C15.41 12.59 16 11.11 16 9.5 16 5.91 13.09 3 9.5 3S3 5.91 3 9.5 5.91 16 9.5 16c1.61 0 3.09-.59 4.23-1.57l.27.28v.79l5 4.99L20.49 19zm-6 0C7.01 14 5 11.99 5 9.5S7.01 5 9.5 5 14 7.01 14 9.5 11.99 14 9.5 14"[39m
                  [36m/>[39m
                [36m</svg>[39m
              [36m</div>[39m
              [36m<input[39m
                [33maria-invalid[39m=[32m"false"[39m
                [33mclass[39m=[32m"MuiInputBase-input MuiOutlinedInput-input MuiInputBase-inputSizeSmall MuiInputBase-inputAdornedStart css-1ua80n0-MuiInputBase-input-MuiOutlinedInput-input"[39m
                [33mid[39m=[32m":rt:"[39m
                [33mplaceholder[39m=[32m"Search payments..."[39m
                [33mtype[39m=[32m"text"[39m
                [33mvalue[39m=[32m""[39m
              [36m/>[39m
              [36m<fieldset[39m
                [33maria-hidden[39m=[32m"true"[39m
                [33mclass[39m=[32m"MuiOutlinedInput-notchedOutline css-r01yff-MuiNotchedOutlined-root-MuiOutlinedInput-notchedOutline"[39m
              [36m>[39m
                [36m<legend[39m
                  [33mclass[39m=[32m"css-1whs34k-MuiNotchedOutlined-root"[39m
                [36m>[39m
                  [36m<span[39m
                    [33mclass[39m=[32m"notranslate"[39m
                  [36m>[39m
                    [0m​[0m
                  [36m</span>[39m
                [36m</legend>[39m
              [36m</fieldset>[39m
            [36m</div>[39m
          [36m</div>[39m
        [36m</div>[39m
        [36m<div[39m
          [33mclass[39m=[32m"MuiGrid-root MuiGrid-item MuiGrid-grid-xs-12 MuiGrid-grid-sm-6 MuiGrid-grid-md-3 css-10voxkt-MuiGrid-root"[39m
        [36m>[39m
          [36m<div[39m
            [33mclass[39m=[32m"MuiFormControl-root MuiFormControl-fullWidth css-q8hpuo-MuiFormControl-root"[39m
          [36m>[39m
            [36m<label[39m
              [33mclass[39m=[32m"MuiFormLabel-root MuiInputLabel-root MuiInputLabel-formControl MuiInputLabel-animated MuiInputLabel-shrink MuiInputLabel-sizeSmall MuiInputLabel-outlined MuiFormLabel-colorPrimary MuiFormLabel-filled MuiInputLabel-root MuiInputLabel-formControl MuiInputLabel-animated MuiInputLabel-shrink MuiInputLabel-sizeSmall MuiInputLabel-outlined css-fe0mau-MuiFormLabel-root-MuiInputLabel-root"[39m
              [33mdata-shrink[39m=[32m"true"[39m
            [36m>[39m
              [0mStatus[0m
            [36m</label>[39m
            [36m<div[39m
              [33mclass[39m=[32m"MuiInputBase-root MuiOutlinedInput-root MuiInputBase-colorPrimary MuiInputBase-formControl MuiInputBase-sizeSmall css-13lg1x7-MuiInputBase-root-MuiOutlinedInput-root-MuiSelect-root"[39m
            [36m>[39m
              [36m<div[39m
                [33maria-controls[39m=[32m":ru:"[39m
                [33maria-expanded[39m=[32m"false"[39m
                [33maria-haspopup[39m=[32m"listbox"[39m
                [33mclass[39m=[32m"MuiSelect-select MuiSelect-outlined MuiInputBase-input MuiOutlinedInput-input MuiInputBase-inputSizeSmall css-1fzjff4-MuiSelect-select-MuiInputBase-input-MuiOutlinedInput-input"[39m
                [33mrole[39m=[32m"combobox"[39m
                [33mtabindex[39m=[32m"0"[39m
              [36m>[39m
                [0mAll Statuses[0m
              [36m</div>[39m
              [36m<input[39m
                [33maria-hidden[39m=[32m"true"[39m
                [33maria-invalid[39m=[32m"false"[39m
                [33mclass[39m=[32m"MuiSelect-nativeInput css-yf8vq0-MuiSelect-nativeInput"[39m
                [33mtabindex[39m=[32m"-1"[39m
                [33mvalue[39m=[32m"all"[39m
              [36m/>[39m
              [36m<svg[39m
                [33maria-hidden[39m=[32m"true"[39m
                [33mclass[39m=[32m"MuiSvgIcon-root MuiSvgIcon-fontSizeMedium MuiSelect-icon MuiSelect-iconOutlined css-hfutr2-MuiSvgIcon-root-MuiSelect-icon"[39m
                [33mdata-testid[39m=[32m"ArrowDropDownIcon"[39m
                [33mfocusable[39m=[32m"false"[39m
                [33mviewBox[39m=[32m"0 0 24 24"[39m
              [36m>[39m
                [36m<path[39m
                  [33md[39m=[32m"M7 10l5 5 5-5z"[39m
                [36m/>[39m
              [36m</svg>[...
 ❯ Object.getElementError node_modules/@testing-library/react/node_modules/@testing-library/dom/dist/config.js:37:19
 ❯ getElementError node_modules/@testing-library/react/node_modules/@testing-library/dom/dist/query-helpers.js:20:35
 ❯ getMultipleElementsFoundError node_modules/@testing-library/react/node_modules/@testing-library/dom/dist/query-helpers.js:23:10
 ❯ node_modules/@testing-library/react/node_modules/@testing-library/dom/dist/query-helpers.js:55:13
 ❯ node_modules/@testing-library/react/node_modules/@testing-library/dom/dist/query-helpers.js:95:19
 ❯ src/test/proposal.test.tsx:416:19
    414| 
    415|     expect(screen.getByText('Proposal Details')).toBeInTheDocument();
    416|     expect(screen.getByText('Jane Doe')).toBeInTheDocument();
       |                   ^
    417|     expect(screen.getByText('$1500')).toBeInTheDocument();
    418|     expect(screen.getByText('10 days')).toBeInTheDocument();

⎯⎯⎯⎯⎯⎯⎯⎯⎯⎯⎯⎯⎯⎯⎯⎯⎯⎯⎯⎯⎯⎯[52/66]⎯

 FAIL  src/test/proposal.test.tsx > ProposalDetailModal > shows milestones accordion
TestingLibraryElementError: Found multiple elements with the text: Project Milestones (2)

Here are the matching elements:

Ignored nodes: comments, script, style
[36m<h6[39m
  [33mclass[39m=[32m"MuiTypography-root MuiTypography-h6 css-1rem9xf-MuiTypography-root"[39m
[36m>[39m
  [0mProject Milestones ([0m
  [0m2[0m
  [0m)[0m
[36m</h6>[39m

Ignored nodes: comments, script, style
[36m<h6[39m
  [33mclass[39m=[32m"MuiTypography-root MuiTypography-h6 css-1rem9xf-MuiTypography-root"[39m
[36m>[39m
  [0mProject Milestones ([0m
  [0m2[0m
  [0m)[0m
[36m</h6>[39m

(If this is intentional, then use the `*AllBy*` variant of the query (like `queryAllByText`, `getAllByText`, or `findAllByText`)).

Ignored nodes: comments, script, style
[36m<body[39m
  [33mstyle[39m=[32m"padding-right: 1024px; overflow: hidden;"[39m
[36m>[39m
  [36m<div[39m
    [33maria-hidden[39m=[32m"true"[39m
  [36m>[39m
    [36m<div[39m
      [33mclass[39m=[32m"MuiBox-root css-0"[39m
    [36m>[39m
      [36m<div[39m
        [33mclass[39m=[32m"MuiBox-root css-i3pbo"[39m
      [36m>[39m
        [36m<h5[39m
          [33mclass[39m=[32m"MuiTypography-root MuiTypography-h5 MuiTypography-gutterBottom css-1hkf4sh-MuiTypography-root"[39m
        [36m>[39m
          [0mPayment History[0m
        [36m</h5>[39m
        [36m<p[39m
          [33mclass[39m=[32m"MuiTypography-root MuiTypography-body2 css-xtz2xu-MuiTypography-root"[39m
        [36m>[39m
          [0m1[0m
          [0m payment[0m
          [0m found[0m
        [36m</p>[39m
      [36m</div>[39m
      [36m<div[39m
        [33mclass[39m=[32m"MuiGrid-root MuiGrid-container MuiGrid-spacing-xs-2 css-12rc5ck-MuiGrid-root"[39m
      [36m>[39m
        [36m<div[39m
          [33mclass[39m=[32m"MuiGrid-root MuiGrid-item MuiGrid-grid-xs-12 MuiGrid-grid-sm-6 MuiGrid-grid-md-3 css-10voxkt-MuiGrid-root"[39m
        [36m>[39m
          [36m<div[39m
            [33mclass[39m=[32m"MuiFormControl-root MuiFormControl-fullWidth MuiTextField-root css-18hear-MuiFormControl-root-MuiTextField-root"[39m
          [36m>[39m
            [36m<div[39m
              [33mclass[39m=[32m"MuiInputBase-root MuiOutlinedInput-root MuiInputBase-colorPrimary MuiInputBase-fullWidth MuiInputBase-formControl MuiInputBase-sizeSmall MuiInputBase-adornedStart css-1cj7mpt-MuiInputBase-root-MuiOutlinedInput-root"[39m
            [36m>[39m
              [36m<div[39m
                [33mclass[39m=[32m"MuiInputAdornment-root MuiInputAdornment-positionStart MuiInputAdornment-outlined MuiInputAdornment-sizeSmall css-ittuaa-MuiInputAdornment-root"[39m
              [36m>[39m
                [36m<span[39m
                  [33mclass[39m=[32m"notranslate"[39m
                [36m>[39m
                  [0m​[0m
                [36m</span>[39m
                [36m<svg[39m
                  [33maria-hidden[39m=[32m"true"[39m
                  [33mclass[39m=[32m"MuiSvgIcon-root MuiSvgIcon-fontSizeMedium css-i4bv87-MuiSvgIcon-root"[39m
                  [33mdata-testid[39m=[32m"SearchIcon"[39m
                  [33mfocusable[39m=[32m"false"[39m
                  [33mviewBox[39m=[32m"0 0 24 24"[39m
                [36m>[39m
                  [36m<path[39m
                    [33md[39m=[32m"M15.5 14h-.79l-.28-.27C15.41 12.59 16 11.11 16 9.5 16 5.91 13.09 3 9.5 3S3 5.91 3 9.5 5.91 16 9.5 16c1.61 0 3.09-.59 4.23-1.57l.27.28v.79l5 4.99L20.49 19zm-6 0C7.01 14 5 11.99 5 9.5S7.01 5 9.5 5 14 7.01 14 9.5 11.99 14 9.5 14"[39m
                  [36m/>[39m
                [36m</svg>[39m
              [36m</div>[39m
              [36m<input[39m
                [33maria-invalid[39m=[32m"false"[39m
                [33mclass[39m=[32m"MuiInputBase-input MuiOutlinedInput-input MuiInputBase-inputSizeSmall MuiInputBase-inputAdornedStart css-1ua80n0-MuiInputBase-input-MuiOutlinedInput-input"[39m
                [33mid[39m=[32m":rt:"[39m
                [33mplaceholder[39m=[32m"Search payments..."[39m
                [33mtype[39m=[32m"text"[39m
                [33mvalue[39m=[32m""[39m
              [36m/>[39m
              [36m<fieldset[39m
                [33maria-hidden[39m=[32m"true"[39m
                [33mclass[39m=[32m"MuiOutlinedInput-notchedOutline css-r01yff-MuiNotchedOutlined-root-MuiOutlinedInput-notchedOutline"[39m
              [36m>[39m
                [36m<legend[39m
                  [33mclass[39m=[32m"css-1whs34k-MuiNotchedOutlined-root"[39m
                [36m>[39m
                  [36m<span[39m
                    [33mclass[39m=[32m"notranslate"[39m
                  [36m>[39m
                    [0m​[0m
                  [36m</span>[39m
                [36m</legend>[39m
              [36m</fieldset>[39m
            [36m</div>[39m
          [36m</div>[39m
        [36m</div>[39m
        [36m<div[39m
          [33mclass[39m=[32m"MuiGrid-root MuiGrid-item MuiGrid-grid-xs-12 MuiGrid-grid-sm-6 MuiGrid-grid-md-3 css-10voxkt-MuiGrid-root"[39m
        [36m>[39m
          [36m<div[39m
            [33mclass[39m=[32m"MuiFormControl-root MuiFormControl-fullWidth css-q8hpuo-MuiFormControl-root"[39m
          [36m>[39m
            [36m<label[39m
              [33mclass[39m=[32m"MuiFormLabel-root MuiInputLabel-root MuiInputLabel-formControl MuiInputLabel-animated MuiInputLabel-shrink MuiInputLabel-sizeSmall MuiInputLabel-outlined MuiFormLabel-colorPrimary MuiFormLabel-filled MuiInputLabel-root MuiInputLabel-formControl MuiInputLabel-animated MuiInputLabel-shrink MuiInputLabel-sizeSmall MuiInputLabel-outlined css-fe0mau-MuiFormLabel-root-MuiInputLabel-root"[39m
              [33mdata-shrink[39m=[32m"true"[39m
            [36m>[39m
              [0mStatus[0m
            [36m</label>[39m
            [36m<div[39m
              [33mclass[39m=[32m"MuiInputBase-root MuiOutlinedInput-root MuiInputBase-colorPrimary MuiInputBase-formControl MuiInputBase-sizeSmall css-13lg1x7-MuiInputBase-root-MuiOutlinedInput-root-MuiSelect-root"[39m
            [36m>[39m
              [36m<div[39m
                [33maria-controls[39m=[32m":ru:"[39m
                [33maria-expanded[39m=[32m"false"[39m
                [33maria-haspopup[39m=[32m"listbox"[39m
                [33mclass[39m=[32m"MuiSelect-select MuiSelect-outlined MuiInputBase-input MuiOutlinedInput-input MuiInputBase-inputSizeSmall css-1fzjff4-MuiSelect-select-MuiInputBase-input-MuiOutlinedInput-input"[39m
                [33mrole[39m=[32m"combobox"[39m
                [33mtabindex[39m=[32m"0"[39m
              [36m>[39m
                [0mAll Statuses[0m
              [36m</div>[39m
              [36m<input[39m
                [33maria-hidden[39m=[32m"true"[39m
                [33maria-invalid[39m=[32m"false"[39m
                [33mclass[39m=[32m"MuiSelect-nativeInput css-yf8vq0-MuiSelect-nativeInput"[39m
                [33mtabindex[39m=[32m"-1"[39m
                [33mvalue[39m=[32m"all"[39m
              [36m/>[39m
              [36m<svg[39m
                [33maria-hidden[39m=[32m"true"[39m
                [33mclass[39m=[32m"MuiSvgIcon-root MuiSvgIcon-fontSizeMedium MuiSelect-icon MuiSelect-iconOutlined css-hfutr2-MuiSvgIcon-root-MuiSelect-icon"[39m
                [33mdata-testid[39m=[32m"ArrowDropDownIcon"[39m
                [33mfocusable[39m=[32m"false"[39m
                [33mviewBox[39m=[32m"0 0 24 24"[39m
              [36m>[39m
                [36m<path[39m
                  [33md[39m=[32m"M7 10l5 5 5-5z"[39m
                [36m/>[39m
              [36m</svg>[...
 ❯ Object.getElementError node_modules/@testing-library/react/node_modules/@testing-library/dom/dist/config.js:37:19
 ❯ getElementError node_modules/@testing-library/react/node_modules/@testing-library/dom/dist/query-helpers.js:20:35
 ❯ getMultipleElementsFoundError node_modules/@testing-library/react/node_modules/@testing-library/dom/dist/query-helpers.js:23:10
 ❯ node_modules/@testing-library/react/node_modules/@testing-library/dom/dist/query-helpers.js:55:13
 ❯ node_modules/@testing-library/react/node_modules/@testing-library/dom/dist/query-helpers.js:95:19
 ❯ src/test/proposal.test.tsx:434:19
    432|     );
    433| 
    434|     expect(screen.getByText('Project Milestones (2)')).toBeInTheDocume…
       |                   ^
    435|     
    436|     // Expand accordion

⎯⎯⎯⎯⎯⎯⎯⎯⎯⎯⎯⎯⎯⎯⎯⎯⎯⎯⎯⎯⎯⎯[53/66]⎯

 FAIL  src/test/proposal.test.tsx > ProposalDetailModal > handles proposal acceptance
TestingLibraryElementError: Found multiple elements with the text: Accept Proposal

Here are the matching elements:

Ignored nodes: comments, script, style
[36m<button[39m
  [33mclass[39m=[32m"MuiButtonBase-root MuiButton-root MuiButton-contained MuiButton-containedSuccess MuiButton-sizeMedium MuiButton-containedSizeMedium MuiButton-colorSuccess MuiButton-root MuiButton-contained MuiButton-containedSuccess MuiButton-sizeMedium MuiButton-containedSizeMedium MuiButton-colorSuccess css-1icjxmz-MuiButtonBase-root-MuiButton-root"[39m
  [33mtabindex[39m=[32m"0"[39m
  [33mtype[39m=[32m"button"[39m
[36m>[39m
  [0mAccept Proposal[0m
  [36m<span[39m
    [33mclass[39m=[32m"MuiTouchRipple-root css-8je8zh-MuiTouchRipple-root"[39m
  [36m/>[39m
[36m</button>[39m

Ignored nodes: comments, script, style
[36m<button[39m
  [33mclass[39m=[32m"MuiButtonBase-root MuiButton-root MuiButton-contained MuiButton-containedSuccess MuiButton-sizeMedium MuiButton-containedSizeMedium MuiButton-colorSuccess MuiButton-root MuiButton-contained MuiButton-containedSuccess MuiButton-sizeMedium MuiButton-containedSizeMedium MuiButton-colorSuccess css-1icjxmz-MuiButtonBase-root-MuiButton-root"[39m
  [33mtabindex[39m=[32m"0"[39m
  [33mtype[39m=[32m"button"[39m
[36m>[39m
  [0mAccept Proposal[0m
  [36m<span[39m
    [33mclass[39m=[32m"MuiTouchRipple-root css-8je8zh-MuiTouchRipple-root"[39m
  [36m/>[39m
[36m</button>[39m

Ignored nodes: comments, script, style
[36m<button[39m
  [33mclass[39m=[32m"MuiButtonBase-root MuiButton-root MuiButton-contained MuiButton-containedSuccess MuiButton-sizeMedium MuiButton-containedSizeMedium MuiButton-colorSuccess MuiButton-root MuiButton-contained MuiButton-containedSuccess MuiButton-sizeMedium MuiButton-containedSizeMedium MuiButton-colorSuccess css-1icjxmz-MuiButtonBase-root-MuiButton-root"[39m
  [33mtabindex[39m=[32m"0"[39m
  [33mtype[39m=[32m"button"[39m
[36m>[39m
  [0mAccept Proposal[0m
  [36m<span[39m
    [33mclass[39m=[32m"MuiTouchRipple-root css-8je8zh-MuiTouchRipple-root"[39m
  [36m/>[39m
[36m</button>[39m

(If this is intentional, then use the `*AllBy*` variant of the query (like `queryAllByText`, `getAllByText`, or `findAllByText`)).

Ignored nodes: comments, script, style
[36m<body[39m
  [33mstyle[39m=[32m"padding-right: 1024px; overflow: hidden;"[39m
[36m>[39m
  [36m<div[39m
    [33maria-hidden[39m=[32m"true"[39m
  [36m>[39m
    [36m<div[39m
      [33mclass[39m=[32m"MuiBox-root css-0"[39m
    [36m>[39m
      [36m<div[39m
        [33mclass[39m=[32m"MuiBox-root css-i3pbo"[39m
      [36m>[39m
        [36m<h5[39m
          [33mclass[39m=[32m"MuiTypography-root MuiTypography-h5 MuiTypography-gutterBottom css-1hkf4sh-MuiTypography-root"[39m
        [36m>[39m
          [0mPayment History[0m
        [36m</h5>[39m
        [36m<p[39m
          [33mclass[39m=[32m"MuiTypography-root MuiTypography-body2 css-xtz2xu-MuiTypography-root"[39m
        [36m>[39m
          [0m1[0m
          [0m payment[0m
          [0m found[0m
        [36m</p>[39m
      [36m</div>[39m
      [36m<div[39m
        [33mclass[39m=[32m"MuiGrid-root MuiGrid-container MuiGrid-spacing-xs-2 css-12rc5ck-MuiGrid-root"[39m
      [36m>[39m
        [36m<div[39m
          [33mclass[39m=[32m"MuiGrid-root MuiGrid-item MuiGrid-grid-xs-12 MuiGrid-grid-sm-6 MuiGrid-grid-md-3 css-10voxkt-MuiGrid-root"[39m
        [36m>[39m
          [36m<div[39m
            [33mclass[39m=[32m"MuiFormControl-root MuiFormControl-fullWidth MuiTextField-root css-18hear-MuiFormControl-root-MuiTextField-root"[39m
          [36m>[39m
            [36m<div[39m
              [33mclass[39m=[32m"MuiInputBase-root MuiOutlinedInput-root MuiInputBase-colorPrimary MuiInputBase-fullWidth MuiInputBase-formControl MuiInputBase-sizeSmall MuiInputBase-adornedStart css-1cj7mpt-MuiInputBase-root-MuiOutlinedInput-root"[39m
            [36m>[39m
              [36m<div[39m
                [33mclass[39m=[32m"MuiInputAdornment-root MuiInputAdornment-positionStart MuiInputAdornment-outlined MuiInputAdornment-sizeSmall css-ittuaa-MuiInputAdornment-root"[39m
              [36m>[39m
                [36m<span[39m
                  [33mclass[39m=[32m"notranslate"[39m
                [36m>[39m
                  [0m​[0m
                [36m</span>[39m
                [36m<svg[39m
                  [33maria-hidden[39m=[32m"true"[39m
                  [33mclass[39m=[32m"MuiSvgIcon-root MuiSvgIcon-fontSizeMedium css-i4bv87-MuiSvgIcon-root"[39m
                  [33mdata-testid[39m=[32m"SearchIcon"[39m
                  [33mfocusable[39m=[32m"false"[39m
                  [33mviewBox[39m=[32m"0 0 24 24"[39m
                [36m>[39m
                  [36m<path[39m
                    [33md[39m=[32m"M15.5 14h-.79l-.28-.27C15.41 12.59 16 11.11 16 9.5 16 5.91 13.09 3 9.5 3S3 5.91 3 9.5 5.91 16 9.5 16c1.61 0 3.09-.59 4.23-1.57l.27.28v.79l5 4.99L20.49 19zm-6 0C7.01 14 5 11.99 5 9.5S7.01 5 9.5 5 14 7.01 14 9.5 11.99 14 9.5 14"[39m
                  [36m/>[39m
                [36m</svg>[39m
              [36m</div>[39m
              [36m<input[39m
                [33maria-invalid[39m=[32m"false"[39m
                [33mclass[39m=[32m"MuiInputBase-input MuiOutlinedInput-input MuiInputBase-inputSizeSmall MuiInputBase-inputAdornedStart css-1ua80n0-MuiInputBase-input-MuiOutlinedInput-input"[39m
                [33mid[39m=[32m":rt:"[39m
                [33mplaceholder[39m=[32m"Search payments..."[39m
                [33mtype[39m=[32m"text"[39m
                [33mvalue[39m=[32m""[39m
              [36m/>[39m
              [36m<fieldset[39m
                [33maria-hidden[39m=[32m"true"[39m
                [33mclass[39m=[32m"MuiOutlinedInput-notchedOutline css-r01yff-MuiNotchedOutlined-root-MuiOutlinedInput-notchedOutline"[39m
              [36m>[39m
                [36m<legend[39m
                  [33mclass[39m=[32m"css-1whs34k-MuiNotchedOutlined-root"[39m
                [36m>[39m
                  [36m<span[39m
                    [33mclass[39m=[32m"notranslate"[39m
                  [36m>[39m
                    [0m​[0m
                  [36m</span>[39m
                [36m</legend>[39m
              [36m</fieldset>[39m
            [36m</div>[39m
          [36m</div>[39m
        [36m</div>[39m
        [36m<div[39m
          [33mclass[39m=[32m"MuiGrid-root MuiGrid-item MuiGrid-grid-xs-12 MuiGrid-grid-sm-6 MuiGrid-grid-md-3 css-10voxkt-MuiGrid-root"[39m
        [36m>[39m
          [36m<div[39m
            [33mclass[39m=[32m"MuiFormControl-root MuiFormControl-fullWidth css-q8hpuo-MuiFormControl-root"[39m
          [36m>[39m
            [36m<label[39m
              [33mclass[39m=[32m"MuiFormLabel-root MuiInputLabel-root MuiInputLabel-formControl MuiInputLabel-animated MuiInputLabel-shrink MuiInputLabel-sizeSmall MuiInputLabel-outlined MuiFormLabel-colorPrimary MuiFormLabel-filled MuiInputLabel-root MuiInputLabel-formControl MuiInputLabel-animated MuiInputLabel-shrink MuiInputLabel-sizeSmall MuiInputLabel-outlined css-fe0mau-MuiFormLabel-root-MuiInputLabel-root"[39m
              [33mdata-shrink[39m=[32m"true"[39m
            [36m>[39m
              [0mStatus[0m
            [36m</label>[39m
            [36m<div[39m
              [33mclass[39m=[32m"MuiInputBase-root MuiOutlinedInput-root MuiInputBase-colorPrimary MuiInputBase-formControl MuiInputBase-sizeSmall css-13lg1x7-MuiInputBase-root-MuiOutlinedInput-root-MuiSelect-root"[39m
            [36m>[39m
              [36m<div[39m
                [33maria-controls[39m=[32m":ru:"[39m
                [33maria-expanded[39m=[32m"false"[39m
                [33maria-haspopup[39m=[32m"listbox"[39m
                [33mclass[39m=[32m"MuiSelect-select MuiSelect-outlined MuiInputBase-input MuiOutlinedInput-input MuiInputBase-inputSizeSmall css-1fzjff4-MuiSelect-select-MuiInputBase-input-MuiOutlinedInput-input"[39m
                [33mrole[39m=[32m"combobox"[39m
                [33mtabindex[39m=[32m"0"[39m
              [36m>[39m
                [0mAll Statuses[0m
              [36m</div>[39m
              [36m<input[39m
                [33maria-hidden[39m=[32m"true"[39m
                [33maria-invalid[39m=[32m"false"[39m
                [33mclass[39m=[32m"MuiSelect-nativeInput css-yf8vq0-MuiSelect-nativeInput"[39m
                [33mtabindex[39m=[32m"-1"[39m
                [33mvalue[39m=[32m"all"[39m
              [36m/>[39m
              [36m<svg[39m
                [33maria-hidden[39m=[32m"true"[39m
                [33mclass[39m=[32m"MuiSvgIcon-root MuiSvgIcon-fontSizeMedium MuiSelect-icon MuiSelect-iconOutlined css-hfutr2-MuiSvgIcon-root-MuiSelect-icon"[39m
                [33mdata-testid[39m=[32m"ArrowDropDownIcon"[39m
                [33mfocusable[39m=[32m"false"[39m
                [33mviewBox[39m=[32m"0 0 24 24"[39m
              [36m>[39m
                [36m<path[39m
                  [33md[39m=[32m"M7 10l5 5 5-5z"[39m
                [36m/>[39m
              [36m</svg>[...
 ❯ Object.getElementError node_modules/@testing-library/react/node_modules/@testing-library/dom/dist/config.js:37:19
 ❯ getElementError node_modules/@testing-library/react/node_modules/@testing-library/dom/dist/query-helpers.js:20:35
 ❯ getMultipleElementsFoundError node_modules/@testing-library/react/node_modules/@testing-library/dom/dist/query-helpers.js:23:10
 ❯ node_modules/@testing-library/react/node_modules/@testing-library/dom/dist/query-helpers.js:55:13
 ❯ node_modules/@testing-library/react/node_modules/@testing-library/dom/dist/query-helpers.js:95:19
 ❯ src/test/proposal.test.tsx:462:28
    460|     );
    461| 
    462|     fireEvent.click(screen.getByText('Accept Proposal'));
       |                            ^
    463| 
    464|     // Should show feedback form

⎯⎯⎯⎯⎯⎯⎯⎯⎯⎯⎯⎯⎯⎯⎯⎯⎯⎯⎯⎯⎯⎯[54/66]⎯

 FAIL  src/test/timeTracking.test.tsx > TimeTracker Component > should display timer in correct format
TestingLibraryElementError: Found multiple elements with the text: 00:00:00

Here are the matching elements:

Ignored nodes: comments, script, style
[36m<h3[39m
  [33mclass[39m=[32m"MuiTypography-root MuiTypography-h3 css-l00yh9-MuiTypography-root"[39m
[36m>[39m
  [0m00:00:00[0m
[36m</h3>[39m

Ignored nodes: comments, script, style
[36m<h3[39m
  [33mclass[39m=[32m"MuiTypography-root MuiTypography-h3 css-l00yh9-MuiTypography-root"[39m
[36m>[39m
  [0m00:00:00[0m
[36m</h3>[39m

(If this is intentional, then use the `*AllBy*` variant of the query (like `queryAllByText`, `getAllByText`, or `findAllByText`)).

Ignored nodes: comments, script, style
[36m<body[39m
  [33mstyle[39m=[32m"padding-right: 1024px; overflow: hidden;"[39m
[36m>[39m
  [36m<div[39m
    [33maria-hidden[39m=[32m"true"[39m
  [36m>[39m
    [36m<div[39m
      [33mclass[39m=[32m"MuiBox-root css-0"[39m
    [36m>[39m
      [36m<div[39m
        [33mclass[39m=[32m"MuiBox-root css-i3pbo"[39m
      [36m>[39m
        [36m<h5[39m
          [33mclass[39m=[32m"MuiTypography-root MuiTypography-h5 MuiTypography-gutterBottom css-1hkf4sh-MuiTypography-root"[39m
        [36m>[39m
          [0mPayment History[0m
        [36m</h5>[39m
        [36m<p[39m
          [33mclass[39m=[32m"MuiTypography-root MuiTypography-body2 css-xtz2xu-MuiTypography-root"[39m
        [36m>[39m
          [0m1[0m
          [0m payment[0m
          [0m found[0m
        [36m</p>[39m
      [36m</div>[39m
      [36m<div[39m
        [33mclass[39m=[32m"MuiGrid-root MuiGrid-container MuiGrid-spacing-xs-2 css-12rc5ck-MuiGrid-root"[39m
      [36m>[39m
        [36m<div[39m
          [33mclass[39m=[32m"MuiGrid-root MuiGrid-item MuiGrid-grid-xs-12 MuiGrid-grid-sm-6 MuiGrid-grid-md-3 css-10voxkt-MuiGrid-root"[39m
        [36m>[39m
          [36m<div[39m
            [33mclass[39m=[32m"MuiFormControl-root MuiFormControl-fullWidth MuiTextField-root css-18hear-MuiFormControl-root-MuiTextField-root"[39m
          [36m>[39m
            [36m<div[39m
              [33mclass[39m=[32m"MuiInputBase-root MuiOutlinedInput-root MuiInputBase-colorPrimary MuiInputBase-fullWidth MuiInputBase-formControl MuiInputBase-sizeSmall MuiInputBase-adornedStart css-1cj7mpt-MuiInputBase-root-MuiOutlinedInput-root"[39m
            [36m>[39m
              [36m<div[39m
                [33mclass[39m=[32m"MuiInputAdornment-root MuiInputAdornment-positionStart MuiInputAdornment-outlined MuiInputAdornment-sizeSmall css-ittuaa-MuiInputAdornment-root"[39m
              [36m>[39m
                [36m<span[39m
                  [33mclass[39m=[32m"notranslate"[39m
                [36m>[39m
                  [0m​[0m
                [36m</span>[39m
                [36m<svg[39m
                  [33maria-hidden[39m=[32m"true"[39m
                  [33mclass[39m=[32m"MuiSvgIcon-root MuiSvgIcon-fontSizeMedium css-i4bv87-MuiSvgIcon-root"[39m
                  [33mdata-testid[39m=[32m"SearchIcon"[39m
                  [33mfocusable[39m=[32m"false"[39m
                  [33mviewBox[39m=[32m"0 0 24 24"[39m
                [36m>[39m
                  [36m<path[39m
                    [33md[39m=[32m"M15.5 14h-.79l-.28-.27C15.41 12.59 16 11.11 16 9.5 16 5.91 13.09 3 9.5 3S3 5.91 3 9.5 5.91 16 9.5 16c1.61 0 3.09-.59 4.23-1.57l.27.28v.79l5 4.99L20.49 19zm-6 0C7.01 14 5 11.99 5 9.5S7.01 5 9.5 5 14 7.01 14 9.5 11.99 14 9.5 14"[39m
                  [36m/>[39m
                [36m</svg>[39m
              [36m</div>[39m
              [36m<input[39m
                [33maria-invalid[39m=[32m"false"[39m
                [33mclass[39m=[32m"MuiInputBase-input MuiOutlinedInput-input MuiInputBase-inputSizeSmall MuiInputBase-inputAdornedStart css-1ua80n0-MuiInputBase-input-MuiOutlinedInput-input"[39m
                [33mid[39m=[32m":rt:"[39m
                [33mplaceholder[39m=[32m"Search payments..."[39m
                [33mtype[39m=[32m"text"[39m
                [33mvalue[39m=[32m""[39m
              [36m/>[39m
              [36m<fieldset[39m
                [33maria-hidden[39m=[32m"true"[39m
                [33mclass[39m=[32m"MuiOutlinedInput-notchedOutline css-r01yff-MuiNotchedOutlined-root-MuiOutlinedInput-notchedOutline"[39m
              [36m>[39m
                [36m<legend[39m
                  [33mclass[39m=[32m"css-1whs34k-MuiNotchedOutlined-root"[39m
                [36m>[39m
                  [36m<span[39m
                    [33mclass[39m=[32m"notranslate"[39m
                  [36m>[39m
                    [0m​[0m
                  [36m</span>[39m
                [36m</legend>[39m
              [36m</fieldset>[39m
            [36m</div>[39m
          [36m</div>[39m
        [36m</div>[39m
        [36m<div[39m
          [33mclass[39m=[32m"MuiGrid-root MuiGrid-item MuiGrid-grid-xs-12 MuiGrid-grid-sm-6 MuiGrid-grid-md-3 css-10voxkt-MuiGrid-root"[39m
        [36m>[39m
          [36m<div[39m
            [33mclass[39m=[32m"MuiFormControl-root MuiFormControl-fullWidth css-q8hpuo-MuiFormControl-root"[39m
          [36m>[39m
            [36m<label[39m
              [33mclass[39m=[32m"MuiFormLabel-root MuiInputLabel-root MuiInputLabel-formControl MuiInputLabel-animated MuiInputLabel-shrink MuiInputLabel-sizeSmall MuiInputLabel-outlined MuiFormLabel-colorPrimary MuiFormLabel-filled MuiInputLabel-root MuiInputLabel-formControl MuiInputLabel-animated MuiInputLabel-shrink MuiInputLabel-sizeSmall MuiInputLabel-outlined css-fe0mau-MuiFormLabel-root-MuiInputLabel-root"[39m
              [33mdata-shrink[39m=[32m"true"[39m
            [36m>[39m
              [0mStatus[0m
            [36m</label>[39m
            [36m<div[39m
              [33mclass[39m=[32m"MuiInputBase-root MuiOutlinedInput-root MuiInputBase-colorPrimary MuiInputBase-formControl MuiInputBase-sizeSmall css-13lg1x7-MuiInputBase-root-MuiOutlinedInput-root-MuiSelect-root"[39m
            [36m>[39m
              [36m<div[39m
                [33maria-controls[39m=[32m":ru:"[39m
                [33maria-expanded[39m=[32m"false"[39m
                [33maria-haspopup[39m=[32m"listbox"[39m
                [33mclass[39m=[32m"MuiSelect-select MuiSelect-outlined MuiInputBase-input MuiOutlinedInput-input MuiInputBase-inputSizeSmall css-1fzjff4-MuiSelect-select-MuiInputBase-input-MuiOutlinedInput-input"[39m
                [33mrole[39m=[32m"combobox"[39m
                [33mtabindex[39m=[32m"0"[39m
              [36m>[39m
                [0mAll Statuses[0m
              [36m</div>[39m
              [36m<input[39m
                [33maria-hidden[39m=[32m"true"[39m
                [33maria-invalid[39m=[32m"false"[39m
                [33mclass[39m=[32m"MuiSelect-nativeInput css-yf8vq0-MuiSelect-nativeInput"[39m
                [33mtabindex[39m=[32m"-1"[39m
                [33mvalue[39m=[32m"all"[39m
              [36m/>[39m
              [36m<svg[39m
                [33maria-hidden[39m=[32m"true"[39m
                [33mclass[39m=[32m"MuiSvgIcon-root MuiSvgIcon-fontSizeMedium MuiSelect-icon MuiSelect-iconOutlined css-hfutr2-MuiSvgIcon-root-MuiSelect-icon"[39m
                [33mdata-testid[39m=[32m"ArrowDropDownIcon"[39m
                [33mfocusable[39m=[32m"false"[39m
                [33mviewBox[39m=[32m"0 0 24 24"[39m
              [36m>[39m
                [36m<path[39m
                  [33md[39m=[32m"M7 10l5 5 5-5z"[39m
                [36m/>[39m
              [36m</svg>[...
 ❯ Object.getElementError node_modules/@testing-library/react/node_modules/@testing-library/dom/dist/config.js:37:19
 ❯ getElementError node_modules/@testing-library/react/node_modules/@testing-library/dom/dist/query-helpers.js:20:35
 ❯ getMultipleElementsFoundError node_modules/@testing-library/react/node_modules/@testing-library/dom/dist/query-helpers.js:23:10
 ❯ node_modules/@testing-library/react/node_modules/@testing-library/dom/dist/query-helpers.js:55:13
 ❯ node_modules/@testing-library/react/node_modules/@testing-library/dom/dist/query-helpers.js:95:19
 ❯ src/test/timeTracking.test.tsx:61:19
     59|   it('should display timer in correct format', () => {
     60|     renderWithProviders(<TimeTracker />);
     61|     expect(screen.getByText('00:00:00')).toBeInTheDocument();
       |                   ^
     62|   });
     63| 

⎯⎯⎯⎯⎯⎯⎯⎯⎯⎯⎯⎯⎯⎯⎯⎯⎯⎯⎯⎯⎯⎯[55/66]⎯

 FAIL  src/test/timeTracking.test.tsx > TimeTracker Component > should start tracking when button clicked
TestingLibraryElementError: Found a label with the text of: Project, however no form control was found associated to that label. Make sure you're using the "for" attribute or "aria-labelledby" attribute correctly.

Ignored nodes: comments, script, style
[36m<body[39m
  [33mstyle[39m=[32m"padding-right: 1024px; overflow: hidden;"[39m
[36m>[39m
  [36m<div[39m
    [33maria-hidden[39m=[32m"true"[39m
  [36m>[39m
    [36m<div[39m
      [33mclass[39m=[32m"MuiBox-root css-0"[39m
    [36m>[39m
      [36m<div[39m
        [33mclass[39m=[32m"MuiBox-root css-i3pbo"[39m
      [36m>[39m
        [36m<h5[39m
          [33mclass[39m=[32m"MuiTypography-root MuiTypography-h5 MuiTypography-gutterBottom css-1hkf4sh-MuiTypography-root"[39m
        [36m>[39m
          [0mPayment History[0m
        [36m</h5>[39m
        [36m<p[39m
          [33mclass[39m=[32m"MuiTypography-root MuiTypography-body2 css-xtz2xu-MuiTypography-root"[39m
        [36m>[39m
          [0m1[0m
          [0m payment[0m
          [0m found[0m
        [36m</p>[39m
      [36m</div>[39m
      [36m<div[39m
        [33mclass[39m=[32m"MuiGrid-root MuiGrid-container MuiGrid-spacing-xs-2 css-12rc5ck-MuiGrid-root"[39m
      [36m>[39m
        [36m<div[39m
          [33mclass[39m=[32m"MuiGrid-root MuiGrid-item MuiGrid-grid-xs-12 MuiGrid-grid-sm-6 MuiGrid-grid-md-3 css-10voxkt-MuiGrid-root"[39m
        [36m>[39m
          [36m<div[39m
            [33mclass[39m=[32m"MuiFormControl-root MuiFormControl-fullWidth MuiTextField-root css-18hear-MuiFormControl-root-MuiTextField-root"[39m
          [36m>[39m
            [36m<div[39m
              [33mclass[39m=[32m"MuiInputBase-root MuiOutlinedInput-root MuiInputBase-colorPrimary MuiInputBase-fullWidth MuiInputBase-formControl MuiInputBase-sizeSmall MuiInputBase-adornedStart css-1cj7mpt-MuiInputBase-root-MuiOutlinedInput-root"[39m
            [36m>[39m
              [36m<div[39m
                [33mclass[39m=[32m"MuiInputAdornment-root MuiInputAdornment-positionStart MuiInputAdornment-outlined MuiInputAdornment-sizeSmall css-ittuaa-MuiInputAdornment-root"[39m
              [36m>[39m
                [36m<span[39m
                  [33mclass[39m=[32m"notranslate"[39m
                [36m>[39m
                  [0m​[0m
                [36m</span>[39m
                [36m<svg[39m
                  [33maria-hidden[39m=[32m"true"[39m
                  [33mclass[39m=[32m"MuiSvgIcon-root MuiSvgIcon-fontSizeMedium css-i4bv87-MuiSvgIcon-root"[39m
                  [33mdata-testid[39m=[32m"SearchIcon"[39m
                  [33mfocusable[39m=[32m"false"[39m
                  [33mviewBox[39m=[32m"0 0 24 24"[39m
                [36m>[39m
                  [36m<path[39m
                    [33md[39m=[32m"M15.5 14h-.79l-.28-.27C15.41 12.59 16 11.11 16 9.5 16 5.91 13.09 3 9.5 3S3 5.91 3 9.5 5.91 16 9.5 16c1.61 0 3.09-.59 4.23-1.57l.27.28v.79l5 4.99L20.49 19zm-6 0C7.01 14 5 11.99 5 9.5S7.01 5 9.5 5 14 7.01 14 9.5 11.99 14 9.5 14"[39m
                  [36m/>[39m
                [36m</svg>[39m
              [36m</div>[39m
              [36m<input[39m
                [33maria-invalid[39m=[32m"false"[39m
                [33mclass[39m=[32m"MuiInputBase-input MuiOutlinedInput-input MuiInputBase-inputSizeSmall MuiInputBase-inputAdornedStart css-1ua80n0-MuiInputBase-input-MuiOutlinedInput-input"[39m
                [33mid[39m=[32m":rt:"[39m
                [33mplaceholder[39m=[32m"Search payments..."[39m
                [33mtype[39m=[32m"text"[39m
                [33mvalue[39m=[32m""[39m
              [36m/>[39m
              [36m<fieldset[39m
                [33maria-hidden[39m=[32m"true"[39m
                [33mclass[39m=[32m"MuiOutlinedInput-notchedOutline css-r01yff-MuiNotchedOutlined-root-MuiOutlinedInput-notchedOutline"[39m
              [36m>[39m
                [36m<legend[39m
                  [33mclass[39m=[32m"css-1whs34k-MuiNotchedOutlined-root"[39m
                [36m>[39m
                  [36m<span[39m
                    [33mclass[39m=[32m"notranslate"[39m
                  [36m>[39m
                    [0m​[0m
                  [36m</span>[39m
                [36m</legend>[39m
              [36m</fieldset>[39m
            [36m</div>[39m
          [36m</div>[39m
        [36m</div>[39m
        [36m<div[39m
          [33mclass[39m=[32m"MuiGrid-root MuiGrid-item MuiGrid-grid-xs-12 MuiGrid-grid-sm-6 MuiGrid-grid-md-3 css-10voxkt-MuiGrid-root"[39m
        [36m>[39m
          [36m<div[39m
            [33mclass[39m=[32m"MuiFormControl-root MuiFormControl-fullWidth css-q8hpuo-MuiFormControl-root"[39m
          [36m>[39m
            [36m<label[39m
              [33mclass[39m=[32m"MuiFormLabel-root MuiInputLabel-root MuiInputLabel-formControl MuiInputLabel-animated MuiInputLabel-shrink MuiInputLabel-sizeSmall MuiInputLabel-outlined MuiFormLabel-colorPrimary MuiFormLabel-filled MuiInputLabel-root MuiInputLabel-formControl MuiInputLabel-animated MuiInputLabel-shrink MuiInputLabel-sizeSmall MuiInputLabel-outlined css-fe0mau-MuiFormLabel-root-MuiInputLabel-root"[39m
              [33mdata-shrink[39m=[32m"true"[39m
            [36m>[39m
              [0mStatus[0m
            [36m</label>[39m
            [36m<div[39m
              [33mclass[39m=[32m"MuiInputBase-root MuiOutlinedInput-root MuiInputBase-colorPrimary MuiInputBase-formControl MuiInputBase-sizeSmall css-13lg1x7-MuiInputBase-root-MuiOutlinedInput-root-MuiSelect-root"[39m
            [36m>[39m
              [36m<div[39m
                [33maria-controls[39m=[32m":ru:"[39m
                [33maria-expanded[39m=[32m"false"[39m
                [33maria-haspopup[39m=[32m"listbox"[39m
                [33mclass[39m=[32m"MuiSelect-select MuiSelect-outlined MuiInputBase-input MuiOutlinedInput-input MuiInputBase-inputSizeSmall css-1fzjff4-MuiSelect-select-MuiInputBase-input-MuiOutlinedInput-input"[39m
                [33mrole[39m=[32m"combobox"[39m
                [33mtabindex[39m=[32m"0"[39m
              [36m>[39m
                [0mAll Statuses[0m
              [36m</div>[39m
              [36m<input[39m
                [33maria-hidden[39m=[32m"true"[39m
                [33maria-invalid[39m=[32m"false"[39m
                [33mclass[39m=[32m"MuiSelect-nativeInput css-yf8vq0-MuiSelect-nativeInput"[39m
                [33mtabindex[39m=[32m"-1"[39m
                [33mvalue[39m=[32m"all"[39m
              [36m/>[39m
              [36m<svg[39m
                [33maria-hidden[39m=[32m"true"[39m
                [33mclass[39m=[32m"MuiSvgIcon-root MuiSvgIcon-fontSizeMedium MuiSelect-icon MuiSelect-iconOutlined css-hfutr2-MuiSvgIcon-root-MuiSelect-icon"[39m
                [33mdata-testid[39m=[32m"ArrowDropDownIcon"[39m
                [33mfocusable[39m=[32m"false"[39m
                [33mviewBox[39m=[32m"0 0 24 24"[39m
              [36m>[39m
                [36m<path[39m
                  [33md[39m=[32m"M7 10l5 5 5-5z"[39m
                [36m/>[39m
              [36m</svg>[...

Ignored nodes: comments, script, style
[36m<html>[39m
  [36m<head />[39m
  [36m<body[39m
    [33mstyle[39m=[32m"padding-right: 1024px; overflow: hidden;"[39m
  [36m>[39m
    [36m<div[39m
      [33maria-hidden[39m=[32m"true"[39m
    [36m>[39m
      [36m<div[39m
        [33mclass[39m=[32m"MuiBox-root css-0"[39m
      [36m>[39m
        [36m<div[39m
          [33mclass[39m=[32m"MuiBox-root css-i3pbo"[39m
        [36m>[39m
          [36m<h5[39m
            [33mclass[39m=[32m"MuiTypography-root MuiTypography-h5 MuiTypography-gutterBottom css-1hkf4sh-MuiTypography-root"[39m
          [36m>[39m
            [0mPayment History[0m
          [36m</h5>[39m
          [36m<p[39m
            [33mclass[39m=[32m"MuiTypography-root MuiTypography-body2 css-xtz2xu-MuiTypography-root"[39m
          [36m>[39m
            [0m1[0m
            [0m payment[0m
            [0m found[0m
          [36m</p>[39m
        [36m</div>[39m
        [36m<div[39m
          [33mclass[39m=[32m"MuiGrid-root MuiGrid-container MuiGrid-spacing-xs-2 css-12rc5ck-MuiGrid-root"[39m
        [36m>[39m
          [36m<div[39m
            [33mclass[39m=[32m"MuiGrid-root MuiGrid-item MuiGrid-grid-xs-12 MuiGrid-grid-sm-6 MuiGrid-grid-md-3 css-10voxkt-MuiGrid-root"[39m
          [36m>[39m
            [36m<div[39m
              [33mclass[39m=[32m"MuiFormControl-root MuiFormControl-fullWidth MuiTextField-root css-18hear-MuiFormControl-root-MuiTextField-root"[39m
            [36m>[39m
              [36m<div[39m
                [33mclass[39m=[32m"MuiInputBase-root MuiOutlinedInput-root MuiInputBase-colorPrimary MuiInputBase-fullWidth MuiInputBase-formControl MuiInputBase-sizeSmall MuiInputBase-adornedStart css-1cj7mpt-MuiInputBase-root-MuiOutlinedInput-root"[39m
              [36m>[39m
                [36m<div[39m
                  [33mclass[39m=[32m"MuiInputAdornment-root MuiInputAdornment-positionStart MuiInputAdornment-outlined MuiInputAdornment-sizeSmall css-ittuaa-MuiInputAdornment-root"[39m
                [36m>[39m
                  [36m<span[39m
                    [33mclass[39m=[32m"notranslate"[39m
                  [36m>[39m
                    [0m​[0m
                  [36m</span>[39m
                  [36m<svg[39m
                    [33maria-hidden[39m=[32m"true"[39m
                    [33mclass[39m=[32m"MuiSvgIcon-root MuiSvgIcon-fontSizeMedium css-i4bv87-MuiSvgIcon-root"[39m
                    [33mdata-testid[39m=[32m"SearchIcon"[39m
                    [33mfocusable[39m=[32m"false"[39m
                    [33mviewBox[39m=[32m"0 0 24 24"[39m
                  [36m>[39m
                    [36m<path[39m
                      [33md[39m=[32m"M15.5 14h-.79l-.28-.27C15.41 12.59 16 11.11 16 9.5 16 5.91 13.09 3 9.5 3S3 5.91 3 9.5 5.91 16 9.5 16c1.61 0 3.09-.59 4.23-1.57l.27.28v.79l5 4.99L20.49 19zm-6 0C7.01 14 5 11.99 5 9.5S7.01 5 9.5 5 14 7.01 14 9.5 11.99 14 9.5 14"[39m
                    [36m/>[39m
                  [36m</svg>[39m
                [36m</div>[39m
                [36m<input[39m
                  [33maria-invalid[39m=[32m"false"[39m
                  [33mclass[39m=[32m"MuiInputBase-input MuiOutlinedInput-input MuiInputBase-inputSizeSmall MuiInputBase-inputAdornedStart css-1ua80n0-MuiInputBase-input-MuiOutlinedInput-input"[39m
                  [33mid[39m=[32m":rt:"[39m
                  [33mplaceholder[39m=[32m"Search payments..."[39m
                  [33mtype[39m=[32m"text"[39m
                  [33mvalue[39m=[32m""[39m
                [36m/>[39m
                [36m<fieldset[39m
                  [33maria-hidden[39m=[32m"true"[39m
                  [33mclass[39m=[32m"MuiOutlinedInput-notchedOutline css-r01yff-MuiNotchedOutlined-root-MuiOutlinedInput-notchedOutline"[39m
                [36m>[39m
                  [36m<legend[39m
                    [33mclass[39m=[32m"css-1whs34k-MuiNotchedOutlined-root"[39m
                  [36m>[39m
                    [36m<span[39m
                      [33mclass[39m=[32m"notranslate"[39m
                    [36m>[39m
                      [0m​[0m
                    [36m</span>[39m
                  [36m</legend>[39m
                [36m</fieldset>[39m
              [36m</div>[39m
            [36m</div>[39m
          [36m</div>[39m
          [36m<div[39m
            [33mclass[39m=[32m"MuiGrid-root MuiGrid-item MuiGrid-grid-xs-12 MuiGrid-grid-sm-6 MuiGrid-grid-md-3 css-10voxkt-MuiGrid-root"[39m
          [36m>[39m
            [36m<div[39m
              [33mclass[39m=[32m"MuiFormControl-root MuiFormControl-fullWidth css-q8hpuo-MuiFormControl-root"[39m
            [36m>[39m
              [36m<label[39m
                [33mclass[39m=[32m"MuiFormLabel-root MuiInputLabel-root MuiInputLabel-formControl MuiInputLabel-animated MuiInputLabel-shrink MuiInputLabel-sizeSmall MuiInputLabel-outlined MuiFormLabel-colorPrimary MuiFormLabel-filled MuiInputLabel-root MuiInputLabel-formControl MuiInputLabel-animated MuiInputLabel-shrink MuiInputLabel-sizeSmall MuiInputLabel-outlined css-fe0mau-MuiFormLabel-root-MuiInputLabel-root"[39m
                [33mdata-shrink[39m=[32m"true"[39m
              [36m>[39m
                [0mStatus[0m
              [36m</label>[39m
              [36m<div[39m
                [33mclass[39m=[32m"MuiInputBase-root MuiOutlinedInput-root MuiInputBase-colorPrimary MuiInputBase-formControl MuiInputBase-sizeSmall css-13lg1x7-MuiInputBase-root-MuiOutlinedInput-root-MuiSelect-root"[39m
              [36m>[39m
                [36m<div[39m
                  [33maria-controls[39m=[32m":ru:"[39m
                  [33maria-expanded[39m=[32m"false"[39m
                  [33maria-haspopup[39m=[32m"listbox"[39m
                  [33mclass[39m=[32m"MuiSelect-select MuiSelect-outlined MuiInputBase-input MuiOutlinedInput-input MuiInputBase-inputSizeSmall css-1fzjff4-MuiSelect-select-MuiInputBase-input-MuiOutlinedInput-input"[39m
                  [33mrole[39m=[32m"combobox"[39m
                  [33mtabindex[39m=[32m"0"[39m
                [36m>[39m
                  [0mAll Statuses[0m
                [36m</div>[39m
                [36m<input[39m
                  [33maria-hidden[39m=[32m"true"[39m
                  [33maria-invalid[39m=[32m"false"[39m
                  [33mclass[39m=[32m"MuiSelect-nativeInput css-yf8vq0-MuiSelect-nativeInput"[39m
                  [33mtabindex[39m=[32m"-1"[39m
                  [33mvalue[39m=[32m"all"[39m
                [36m/>[39m
                [36m<svg[39m
                  [33maria-hidden[39m=[32m"true"[39m
                  [33mclass[39m=[32m"MuiSvgIcon-root MuiSvgIcon-fontSizeMedium MuiSelect-icon MuiSelect-iconOutlined css-hfutr2-MuiSvgIcon-root-MuiSelect-icon"[39m
                  [33mdata-testid[39m=[32m"ArrowDropDownIcon"[39m
       ...
 ❯ Proxy.waitForWrapper node_modules/@testing-library/react/node_modules/@testing-library/dom/dist/wait-for.js:163:27
 ❯ src/test/timeTracking.test.tsx:77:11
     75|     renderWithProviders(<TimeTracker />);
     76| 
     77|     await waitFor(() => {
       |           ^
     78|       expect(screen.getByLabelText('Project')).toBeInTheDocument();
     79|     });

⎯⎯⎯⎯⎯⎯⎯⎯⎯⎯⎯⎯⎯⎯⎯⎯⎯⎯⎯⎯⎯⎯[56/66]⎯

 FAIL  src/test/timeTracking.test.tsx > TimeTracker Component > should stop tracking and save entry
TestingLibraryElementError: Found multiple elements with the text: Start Tracking

Here are the matching elements:

Ignored nodes: comments, script, style
[36m<button[39m
  [33mclass[39m=[32m"MuiButtonBase-root MuiButton-root MuiButton-contained MuiButton-containedPrimary MuiButton-sizeLarge MuiButton-containedSizeLarge MuiButton-colorPrimary MuiButton-root MuiButton-contained MuiButton-containedPrimary MuiButton-sizeLarge MuiButton-containedSizeLarge MuiButton-colorPrimary css-jh47zj-MuiButtonBase-root-MuiButton-root"[39m
  [33mtabindex[39m=[32m"0"[39m
  [33mtype[39m=[32m"button"[39m
[36m>[39m
  [36m<span[39m
    [33mclass[39m=[32m"MuiButton-icon MuiButton-startIcon MuiButton-iconSizeLarge css-htszrh-MuiButton-startIcon"[39m
  [36m>[39m
    [36m<svg[39m
      [33maria-hidden[39m=[32m"true"[39m
      [33mclass[39m=[32m"MuiSvgIcon-root MuiSvgIcon-fontSizeMedium css-i4bv87-MuiSvgIcon-root"[39m
      [33mdata-testid[39m=[32m"PlayArrowIcon"[39m
      [33mfocusable[39m=[32m"false"[39m
      [33mviewBox[39m=[32m"0 0 24 24"[39m
    [36m>[39m
      [36m<path[39m
        [33md[39m=[32m"M8 5v14l11-7z"[39m
      [36m/>[39m
    [36m</svg>[39m
  [36m</span>[39m
  [0mStart Tracking[0m
  [36m<span[39m
    [33mclass[39m=[32m"MuiTouchRipple-root css-8je8zh-MuiTouchRipple-root"[39m
  [36m/>[39m
[36m</button>[39m

Ignored nodes: comments, script, style
[36m<button[39m
  [33mclass[39m=[32m"MuiButtonBase-root MuiButton-root MuiButton-contained MuiButton-containedPrimary MuiButton-sizeLarge MuiButton-containedSizeLarge MuiButton-colorPrimary MuiButton-root MuiButton-contained MuiButton-containedPrimary MuiButton-sizeLarge MuiButton-containedSizeLarge MuiButton-colorPrimary css-jh47zj-MuiButtonBase-root-MuiButton-root"[39m
  [33mtabindex[39m=[32m"0"[39m
  [33mtype[39m=[32m"button"[39m
[36m>[39m
  [36m<span[39m
    [33mclass[39m=[32m"MuiButton-icon MuiButton-startIcon MuiButton-iconSizeLarge css-htszrh-MuiButton-startIcon"[39m
  [36m>[39m
    [36m<svg[39m
      [33maria-hidden[39m=[32m"true"[39m
      [33mclass[39m=[32m"MuiSvgIcon-root MuiSvgIcon-fontSizeMedium css-i4bv87-MuiSvgIcon-root"[39m
      [33mdata-testid[39m=[32m"PlayArrowIcon"[39m
      [33mfocusable[39m=[32m"false"[39m
      [33mviewBox[39m=[32m"0 0 24 24"[39m
    [36m>[39m
      [36m<path[39m
        [33md[39m=[32m"M8 5v14l11-7z"[39m
      [36m/>[39m
    [36m</svg>[39m
  [36m</span>[39m
  [0mStart Tracking[0m
  [36m<span[39m
    [33mclass[39m=[32m"MuiTouchRipple-root css-8je8zh-MuiTouchRipple-root"[39m
  [36m/>[39m
[36m</button>[39m

Ignored nodes: comments, script, style
[36m<button[39m
  [33mclass[39m=[32m"MuiButtonBase-root MuiButton-root MuiButton-contained MuiButton-containedPrimary MuiButton-sizeLarge MuiButton-containedSizeLarge MuiButton-colorPrimary MuiButton-root MuiButton-contained MuiButton-containedPrimary MuiButton-sizeLarge MuiButton-containedSizeLarge MuiButton-colorPrimary css-jh47zj-MuiButtonBase-root-MuiButton-root"[39m
  [33mtabindex[39m=[32m"0"[39m
  [33mtype[39m=[32m"button"[39m
[36m>[39m
  [36m<span[39m
    [33mclass[39m=[32m"MuiButton-icon MuiButton-startIcon MuiButton-iconSizeLarge css-htszrh-MuiButton-startIcon"[39m
  [36m>[39m
    [36m<svg[39m
      [33maria-hidden[39m=[32m"true"[39m
      [33mclass[39m=[32m"MuiSvgIcon-root MuiSvgIcon-fontSizeMedium css-i4bv87-MuiSvgIcon-root"[39m
      [33mdata-testid[39m=[32m"PlayArrowIcon"[39m
      [33mfocusable[39m=[32m"false"[39m
      [33mviewBox[39m=[32m"0 0 24 24"[39m
    [36m>[39m
      [36m<path[39m
        [33md[39m=[32m"M8 5v14l11-7z"[39m
      [36m/>[39m
    [36m</svg>[39m
  [36m</span>[39m
  [0mStart Tracking[0m
  [36m<span[39m
    [33mclass[39m=[32m"MuiTouchRipple-root css-8je8zh-MuiTouchRipple-root"[39m
  [36m/>[39m
[36m</button>[39m

Ignored nodes: comments, script, style
[36m<button[39m
  [33mclass[39m=[32m"MuiButtonBase-root MuiButton-root MuiButton-contained MuiButton-containedPrimary MuiButton-sizeLarge MuiButton-containedSizeLarge MuiButton-colorPrimary MuiButton-root MuiButton-contained MuiButton-containedPrimary MuiButton-sizeLarge MuiButton-containedSizeLarge MuiButton-colorPrimary css-jh47zj-MuiButtonBase-root-MuiButton-root"[39m
  [33mtabindex[39m=[32m"0"[39m
  [33mtype[39m=[32m"button"[39m
[36m>[39m
  [36m<span[39m
    [33mclass[39m=[32m"MuiButton-icon MuiButton-startIcon MuiButton-iconSizeLarge css-htszrh-MuiButton-startIcon"[39m
  [36m>[39m
    [36m<svg[39m
      [33maria-hidden[39m=[32m"true"[39m
      [33mclass[39m=[32m"MuiSvgIcon-root MuiSvgIcon-fontSizeMedium css-i4bv87-MuiSvgIcon-root"[39m
      [33mdata-testid[39m=[32m"PlayArrowIcon"[39m
      [33mfocusable[39m=[32m"false"[39m
      [33mviewBox[39m=[32m"0 0 24 24"[39m
    [36m>[39m
      [36m<path[39m
        [33md[39m=[32m"M8 5v14l11-7z"[39m
      [36m/>[39m
    [36m</svg>[39m
  [36m</span>[39m
  [0mStart Tracking[0m
  [36m<span[39m
    [33mclass[39m=[32m"MuiTouchRipple-root css-8je8zh-MuiTouchRipple-root"[39m
  [36m/>[39m
[36m</button>[39m

(If this is intentional, then use the `*AllBy*` variant of the query (like `queryAllByText`, `getAllByText`, or `findAllByText`)).

Ignored nodes: comments, script, style
[36m<body[39m
  [33mstyle[39m=[32m"padding-right: 1024px; overflow: hidden;"[39m
[36m>[39m
  [36m<div[39m
    [33maria-hidden[39m=[32m"true"[39m
  [36m>[39m
    [36m<div[39m
      [33mclass[39m=[32m"MuiBox-root css-0"[39m
    [36m>[39m
      [36m<div[39m
        [33mclass[39m=[32m"MuiBox-root css-i3pbo"[39m
      [36m>[39m
        [36m<h5[39m
          [33mclass[39m=[32m"MuiTypography-root MuiTypography-h5 MuiTypography-gutterBottom css-1hkf4sh-MuiTypography-root"[39m
        [36m>[39m
          [0mPayment History[0m
        [36m</h5>[39m
        [36m<p[39m
          [33mclass[39m=[32m"MuiTypography-root MuiTypography-body2 css-xtz2xu-MuiTypography-root"[39m
        [36m>[39m
          [0m1[0m
          [0m payment[0m
          [0m found[0m
        [36m</p>[39m
      [36m</div>[39m
      [36m<div[39m
        [33mclass[39m=[32m"MuiGrid-root MuiGrid-container MuiGrid-spacing-xs-2 css-12rc5ck-MuiGrid-root"[39m
      [36m>[39m
        [36m<div[39m
          [33mclass[39m=[32m"MuiGrid-root MuiGrid-item MuiGrid-grid-xs-12 MuiGrid-grid-sm-6 MuiGrid-grid-md-3 css-10voxkt-MuiGrid-root"[39m
        [36m>[39m
          [36m<div[39m
            [33mclass[39m=[32m"MuiFormControl-root MuiFormControl-fullWidth MuiTextField-root css-18hear-MuiFormControl-root-MuiTextField-root"[39m
          [36m>[39m
            [36m<div[39m
              [33mclass[39m=[32m"MuiInputBase-root MuiOutlinedInput-root MuiInputBase-colorPrimary MuiInputBase-fullWidth MuiInputBase-formControl MuiInputBase-sizeSmall MuiInputBase-adornedStart css-1cj7mpt-MuiInputBase-root-MuiOutlinedInput-root"[39m
            [36m>[39m
              [36m<div[39m
                [33mclass[39m=[32m"MuiInputAdornment-root MuiInputAdornment-positionStart MuiInputAdornment-outlined MuiInputAdornment-sizeSmall css-ittuaa-MuiInputAdornment-root"[39m
              [36m>[39m
                [36m<span[39m
                  [33mclass[39m=[32m"notranslate"[39m
                [36m>[39m
                  [0m​[0m
                [36m</span>[39m
                [36m<svg[39m
                  [33maria-hidden[39m=[32m"true"[39m
                  [33mclass[39m=[32m"MuiSvgIcon-root MuiSvgIcon-fontSizeMedium css-i4bv87-MuiSvgIcon-root"[39m
                  [33mdata-testid[39m=[32m"SearchIcon"[39m
                  [33mfocusable[39m=[32m"false"[39m
                  [33mviewBox[39m=[32m"0 0 24 24"[39m
                [36m>[39m
                  [36m<path[39m
                    [33md[39m=[32m"M15.5 14h-.79l-.28-.27C15.41 12.59 16 11.11 16 9.5 16 5.91 13.09 3 9.5 3S3 5.91 3 9.5 5.91 16 9.5 16c1.61 0 3.09-.59 4.23-1.57l.27.28v.79l5 4.99L20.49 19zm-6 0C7.01 14 5 11.99 5 9.5S7.01 5 9.5 5 14 7.01 14 9.5 11.99 14 9.5 14"[39m
                  [36m/>[39m
                [36m</svg>[39m
              [36m</div>[39m
              [36m<input[39m
                [33maria-invalid[39m=[32m"false"[39m
                [33mclass[39m=[32m"MuiInputBase-input MuiOutlinedInput-input MuiInputBase-inputSizeSmall MuiInputBase-inputAdornedStart css-1ua80n0-MuiInputBase-input-MuiOutlinedInput-input"[39m
                [33mid[39m=[32m":rt:"[39m
                [33mplaceholder[39m=[32m"Search payments..."[39m
                [33mtype[39m=[32m"text"[39m
                [33mvalue[39m=[32m""[39m
              [36m/>[39m
              [36m<fieldset[39m
                [33maria-hidden[39m=[32m"true"[39m
                [33mclass[39m=[32m"MuiOutlinedInput-notchedOutline css-r01yff-MuiNotchedOutlined-root-MuiOutlinedInput-notchedOutline"[39m
              [36m>[39m
                [36m<legend[39m
                  [33mclass[39m=[32m"css-1whs34k-MuiNotchedOutlined-root"[39m
                [36m>[39m
                  [36m<span[39m
                    [33mclass[39m=[32m"notranslate"[39m
                  [36m>[39m
                    [0m​[0m
                  [36m</span>[39m
                [36m</legend>[39m
              [36m</fieldset>[39m
            [36m</div>[39m
          [36m</div>[39m
        [36m</div>[39m
        [36m<div[39m
          [33mclass[39m=[32m"MuiGrid-root MuiGrid-item MuiGrid-grid-xs-12 MuiGrid-grid-sm-6 MuiGrid-grid-md-3 css-10voxkt-MuiGrid-root"[39m
        [36m>[39m
          [36m<div[39m
            [33mclass[39m=[32m"MuiFormControl-root MuiFormControl-fullWidth css-q8hpuo-MuiFormControl-root"[39m
          [36m>[39m
            [36m<label[39m
              [33mclass[39m=[32m"MuiFormLabel-root MuiInputLabel-root MuiInputLabel-formControl MuiInputLabel-animated MuiInputLabel-shrink MuiInputLabel-sizeSmall MuiInputLabel-outlined MuiFormLabel-colorPrimary MuiFormLabel-filled MuiInputLabel-root MuiInputLabel-formControl MuiInputLabel-animated MuiInputLabel-shrink MuiInputLabel-sizeSmall MuiInputLabel-outlined css-fe0mau-MuiFormLabel-root-MuiInputLabel-root"[39m
              [33mdata-shrink[39m=[32m"true"[39m
            [36m>[39m
              [0mStatus[0m
            [36m</label>[39m
            [36m<div[39m
              [33mclass[39m=[32m"MuiInputBase-root MuiOutlinedInput-root MuiInputBase-colorPrimary MuiInputBase-formControl MuiInputBase-sizeSmall css-13lg1x7-MuiInputBase-root-MuiOutlinedInput-root-MuiSelect-root"[39m
            [36m>[39m
              [36m<div[39m
                [33maria-controls[39m=[32m":ru:"[39m
                [33maria-expanded[39m=[32m"false"[39m
                [33maria-haspopup[39m=[32m"listbox"[39m
                [33mclass[39m=[32m"MuiSelect-select MuiSelect-outlined MuiInputBase-input MuiOutlinedInput-input MuiInputBase-inputSizeSmall css-1fzjff4-MuiSelect-select-MuiInputBase-input-MuiOutlinedInput-input"[39m
                [33mrole[39m=[32m"combobox"[39m
                [33mtabindex[39m=[32m"0"[39m
              [36m>[39m
                [0mAll Statuses[0m
              [36m</div>[39m
              [36m<input[39m
                [33maria-hidden[39m=[32m"true"[39m
                [33maria-invalid[39m=[32m"false"[39m
                [33mclass[39m=[32m"MuiSelect-nativeInput css-yf8vq0-MuiSelect-nativeInput"[39m
                [33mtabindex[39m=[32m"-1"[39m
                [33mvalue[39m=[32m"all"[39m
              [36m/>[39m
              [36m<svg[39m
                [33maria-hidden[39m=[32m"true"[39m
                [33mclass[39m=[32m"MuiSvgIcon-root MuiSvgIcon-fontSizeMedium MuiSelect-icon MuiSelect-iconOutlined css-hfutr2-MuiSvgIcon-root-MuiSelect-icon"[39m
                [33mdata-testid[39m=[32m"ArrowDropDownIcon"[39m
                [33mfocusable[39m=[32m"false"[39m
                [33mviewBox[39m=[32m"0 0 24 24"[39m
              [36m>[39m
                [36m<path[39m
                  [33md[39m=[32m"M7 10l5 5 5-5z"[39m
                [36m/>[39m
              [36m</svg>[...
 ❯ Object.getElementError node_modules/@testing-library/react/node_modules/@testing-library/dom/dist/config.js:37:19
 ❯ getElementError node_modules/@testing-library/react/node_modules/@testing-library/dom/dist/query-helpers.js:20:35
 ❯ getMultipleElementsFoundError node_modules/@testing-library/react/node_modules/@testing-library/dom/dist/query-helpers.js:23:10
 ❯ node_modules/@testing-library/react/node_modules/@testing-library/dom/dist/query-helpers.js:55:13
 ❯ node_modules/@testing-library/react/node_modules/@testing-library/dom/dist/query-helpers.js:95:19
 ❯ src/test/timeTracking.test.tsx:116:32
    114| 
    115|     // Start tracking first
    116|     const startButton = screen.getByText('Start Tracking');
       |                                ^
    117|     fireEvent.click(startButton);
    118| 

⎯⎯⎯⎯⎯⎯⎯⎯⎯⎯⎯⎯⎯⎯⎯⎯⎯⎯⎯⎯⎯⎯[57/66]⎯

 FAIL  src/test/timeTracking.test.tsx > TimeReport Component > should generate report
TestingLibraryElementError: Found multiple elements with the text of: Start Date

Here are the matching elements:

Ignored nodes: comments, script, style
[36m<input[39m
  [33maria-invalid[39m=[32m"false"[39m
  [33mclass[39m=[32m"MuiInputBase-input MuiOutlinedInput-input css-1t8l2tu-MuiInputBase-input-MuiOutlinedInput-input"[39m
  [33mid[39m=[32m":r75:"[39m
  [33mtype[39m=[32m"date"[39m
  [33mvalue[39m=[32m""[39m
[36m/>[39m

Ignored nodes: comments, script, style
[36m<input[39m
  [33maria-invalid[39m=[32m"false"[39m
  [33mclass[39m=[32m"MuiInputBase-input MuiOutlinedInput-input css-1t8l2tu-MuiInputBase-input-MuiOutlinedInput-input"[39m
  [33mid[39m=[32m":r77:"[39m
  [33mtype[39m=[32m"date"[39m
  [33mvalue[39m=[32m""[39m
[36m/>[39m

(If this is intentional, then use the `*AllBy*` variant of the query (like `queryAllByText`, `getAllByText`, or `findAllByText`)).

Ignored nodes: comments, script, style
[36m<body[39m
  [33mstyle[39m=[32m"padding-right: 1024px; overflow: hidden;"[39m
[36m>[39m
  [36m<div[39m
    [33maria-hidden[39m=[32m"true"[39m
  [36m>[39m
    [36m<div[39m
      [33mclass[39m=[32m"MuiBox-root css-0"[39m
    [36m>[39m
      [36m<div[39m
        [33mclass[39m=[32m"MuiBox-root css-i3pbo"[39m
      [36m>[39m
        [36m<h5[39m
          [33mclass[39m=[32m"MuiTypography-root MuiTypography-h5 MuiTypography-gutterBottom css-1hkf4sh-MuiTypography-root"[39m
        [36m>[39m
          [0mPayment History[0m
        [36m</h5>[39m
        [36m<p[39m
          [33mclass[39m=[32m"MuiTypography-root MuiTypography-body2 css-xtz2xu-MuiTypography-root"[39m
        [36m>[39m
          [0m1[0m
          [0m payment[0m
          [0m found[0m
        [36m</p>[39m
      [36m</div>[39m
      [36m<div[39m
        [33mclass[39m=[32m"MuiGrid-root MuiGrid-container MuiGrid-spacing-xs-2 css-12rc5ck-MuiGrid-root"[39m
      [36m>[39m
        [36m<div[39m
          [33mclass[39m=[32m"MuiGrid-root MuiGrid-item MuiGrid-grid-xs-12 MuiGrid-grid-sm-6 MuiGrid-grid-md-3 css-10voxkt-MuiGrid-root"[39m
        [36m>[39m
          [36m<div[39m
            [33mclass[39m=[32m"MuiFormControl-root MuiFormControl-fullWidth MuiTextField-root css-18hear-MuiFormControl-root-MuiTextField-root"[39m
          [36m>[39m
            [36m<div[39m
              [33mclass[39m=[32m"MuiInputBase-root MuiOutlinedInput-root MuiInputBase-colorPrimary MuiInputBase-fullWidth MuiInputBase-formControl MuiInputBase-sizeSmall MuiInputBase-adornedStart css-1cj7mpt-MuiInputBase-root-MuiOutlinedInput-root"[39m
            [36m>[39m
              [36m<div[39m
                [33mclass[39m=[32m"MuiInputAdornment-root MuiInputAdornment-positionStart MuiInputAdornment-outlined MuiInputAdornment-sizeSmall css-ittuaa-MuiInputAdornment-root"[39m
              [36m>[39m
                [36m<span[39m
                  [33mclass[39m=[32m"notranslate"[39m
                [36m>[39m
                  [0m​[0m
                [36m</span>[39m
                [36m<svg[39m
                  [33maria-hidden[39m=[32m"true"[39m
                  [33mclass[39m=[32m"MuiSvgIcon-root MuiSvgIcon-fontSizeMedium css-i4bv87-MuiSvgIcon-root"[39m
                  [33mdata-testid[39m=[32m"SearchIcon"[39m
                  [33mfocusable[39m=[32m"false"[39m
                  [33mviewBox[39m=[32m"0 0 24 24"[39m
                [36m>[39m
                  [36m<path[39m
                    [33md[39m=[32m"M15.5 14h-.79l-.28-.27C15.41 12.59 16 11.11 16 9.5 16 5.91 13.09 3 9.5 3S3 5.91 3 9.5 5.91 16 9.5 16c1.61 0 3.09-.59 4.23-1.57l.27.28v.79l5 4.99L20.49 19zm-6 0C7.01 14 5 11.99 5 9.5S7.01 5 9.5 5 14 7.01 14 9.5 11.99 14 9.5 14"[39m
                  [36m/>[39m
                [36m</svg>[39m
              [36m</div>[39m
              [36m<input[39m
                [33maria-invalid[39m=[32m"false"[39m
                [33mclass[39m=[32m"MuiInputBase-input MuiOutlinedInput-input MuiInputBase-inputSizeSmall MuiInputBase-inputAdornedStart css-1ua80n0-MuiInputBase-input-MuiOutlinedInput-input"[39m
                [33mid[39m=[32m":rt:"[39m
                [33mplaceholder[39m=[32m"Search payments..."[39m
                [33mtype[39m=[32m"text"[39m
                [33mvalue[39m=[32m""[39m
              [36m/>[39m
              [36m<fieldset[39m
                [33maria-hidden[39m=[32m"true"[39m
                [33mclass[39m=[32m"MuiOutlinedInput-notchedOutline css-r01yff-MuiNotchedOutlined-root-MuiOutlinedInput-notchedOutline"[39m
              [36m>[39m
                [36m<legend[39m
                  [33mclass[39m=[32m"css-1whs34k-MuiNotchedOutlined-root"[39m
                [36m>[39m
                  [36m<span[39m
                    [33mclass[39m=[32m"notranslate"[39m
                  [36m>[39m
                    [0m​[0m
                  [36m</span>[39m
                [36m</legend>[39m
              [36m</fieldset>[39m
            [36m</div>[39m
          [36m</div>[39m
        [36m</div>[39m
        [36m<div[39m
          [33mclass[39m=[32m"MuiGrid-root MuiGrid-item MuiGrid-grid-xs-12 MuiGrid-grid-sm-6 MuiGrid-grid-md-3 css-10voxkt-MuiGrid-root"[39m
        [36m>[39m
          [36m<div[39m
            [33mclass[39m=[32m"MuiFormControl-root MuiFormControl-fullWidth css-q8hpuo-MuiFormControl-root"[39m
          [36m>[39m
            [36m<label[39m
              [33mclass[39m=[32m"MuiFormLabel-root MuiInputLabel-root MuiInputLabel-formControl MuiInputLabel-animated MuiInputLabel-shrink MuiInputLabel-sizeSmall MuiInputLabel-outlined MuiFormLabel-colorPrimary MuiFormLabel-filled MuiInputLabel-root MuiInputLabel-formControl MuiInputLabel-animated MuiInputLabel-shrink MuiInputLabel-sizeSmall MuiInputLabel-outlined css-fe0mau-MuiFormLabel-root-MuiInputLabel-root"[39m
              [33mdata-shrink[39m=[32m"true"[39m
            [36m>[39m
              [0mStatus[0m
            [36m</label>[39m
            [36m<div[39m
              [33mclass[39m=[32m"MuiInputBase-root MuiOutlinedInput-root MuiInputBase-colorPrimary MuiInputBase-formControl MuiInputBase-sizeSmall css-13lg1x7-MuiInputBase-root-MuiOutlinedInput-root-MuiSelect-root"[39m
            [36m>[39m
              [36m<div[39m
                [33maria-controls[39m=[32m":ru:"[39m
                [33maria-expanded[39m=[32m"false"[39m
                [33maria-haspopup[39m=[32m"listbox"[39m
                [33mclass[39m=[32m"MuiSelect-select MuiSelect-outlined MuiInputBase-input MuiOutlinedInput-input MuiInputBase-inputSizeSmall css-1fzjff4-MuiSelect-select-MuiInputBase-input-MuiOutlinedInput-input"[39m
                [33mrole[39m=[32m"combobox"[39m
                [33mtabindex[39m=[32m"0"[39m
              [36m>[39m
                [0mAll Statuses[0m
              [36m</div>[39m
              [36m<input[39m
                [33maria-hidden[39m=[32m"true"[39m
                [33maria-invalid[39m=[32m"false"[39m
                [33mclass[39m=[32m"MuiSelect-nativeInput css-yf8vq0-MuiSelect-nativeInput"[39m
                [33mtabindex[39m=[32m"-1"[39m
                [33mvalue[39m=[32m"all"[39m
              [36m/>[39m
              [36m<svg[39m
                [33maria-hidden[39m=[32m"true"[39m
                [33mclass[39m=[32m"MuiSvgIcon-root MuiSvgIcon-fontSizeMedium MuiSelect-icon MuiSelect-iconOutlined css-hfutr2-MuiSvgIcon-root-MuiSelect-icon"[39m
                [33mdata-testid[39m=[32m"ArrowDropDownIcon"[39m
                [33mfocusable[39m=[32m"false"[39m
                [33mviewBox[39m=[32m"0 0 24 24"[39m
              [36m>[39m
                [36m<path[39m
                  [33md[39m=[32m"M7 10l5 5 5-5z"[39m
                [36m/>[39m
              [36m</svg>[...
 ❯ Object.getElementError node_modules/@testing-library/react/node_modules/@testing-library/dom/dist/config.js:37:19
 ❯ getElementError node_modules/@testing-library/react/node_modules/@testing-library/dom/dist/query-helpers.js:20:35
 ❯ getMultipleElementsFoundError node_modules/@testing-library/react/node_modules/@testing-library/dom/dist/query-helpers.js:23:10
 ❯ node_modules/@testing-library/react/node_modules/@testing-library/dom/dist/query-helpers.js:55:13
 ❯ node_modules/@testing-library/react/node_modules/@testing-library/dom/dist/query-helpers.js:95:19
 ❯ src/test/timeTracking.test.tsx:255:35
    253|     renderWithProviders(<TimeReport />);
    254| 
    255|     const startDateInput = screen.getByLabelText('Start Date');
       |                                   ^
    256|     const endDateInput = screen.getByLabelText('End Date');
    257|     const generateButton = screen.getByText('Generate Report');

⎯⎯⎯⎯⎯⎯⎯⎯⎯⎯⎯⎯⎯⎯⎯⎯⎯⎯⎯⎯⎯⎯[58/66]⎯

 FAIL  src/test/timeTracking.test.tsx > TimeReport Component > should export report to CSV
TestingLibraryElementError: Found multiple elements with the text of: Start Date

Here are the matching elements:

Ignored nodes: comments, script, style
[36m<input[39m
  [33maria-invalid[39m=[32m"false"[39m
  [33mclass[39m=[32m"MuiInputBase-input MuiOutlinedInput-input css-1t8l2tu-MuiInputBase-input-MuiOutlinedInput-input"[39m
  [33mid[39m=[32m":r75:"[39m
  [33mtype[39m=[32m"date"[39m
  [33mvalue[39m=[32m""[39m
[36m/>[39m

Ignored nodes: comments, script, style
[36m<input[39m
  [33maria-invalid[39m=[32m"false"[39m
  [33mclass[39m=[32m"MuiInputBase-input MuiOutlinedInput-input css-1t8l2tu-MuiInputBase-input-MuiOutlinedInput-input"[39m
  [33mid[39m=[32m":r77:"[39m
  [33mtype[39m=[32m"date"[39m
  [33mvalue[39m=[32m""[39m
[36m/>[39m

Ignored nodes: comments, script, style
[36m<input[39m
  [33maria-invalid[39m=[32m"false"[39m
  [33mclass[39m=[32m"MuiInputBase-input MuiOutlinedInput-input css-1t8l2tu-MuiInputBase-input-MuiOutlinedInput-input"[39m
  [33mid[39m=[32m":r79:"[39m
  [33mtype[39m=[32m"date"[39m
  [33mvalue[39m=[32m""[39m
[36m/>[39m

(If this is intentional, then use the `*AllBy*` variant of the query (like `queryAllByText`, `getAllByText`, or `findAllByText`)).

Ignored nodes: comments, script, style
[36m<body[39m
  [33mstyle[39m=[32m"padding-right: 1024px; overflow: hidden;"[39m
[36m>[39m
  [36m<div[39m
    [33maria-hidden[39m=[32m"true"[39m
  [36m>[39m
    [36m<div[39m
      [33mclass[39m=[32m"MuiBox-root css-0"[39m
    [36m>[39m
      [36m<div[39m
        [33mclass[39m=[32m"MuiBox-root css-i3pbo"[39m
      [36m>[39m
        [36m<h5[39m
          [33mclass[39m=[32m"MuiTypography-root MuiTypography-h5 MuiTypography-gutterBottom css-1hkf4sh-MuiTypography-root"[39m
        [36m>[39m
          [0mPayment History[0m
        [36m</h5>[39m
        [36m<p[39m
          [33mclass[39m=[32m"MuiTypography-root MuiTypography-body2 css-xtz2xu-MuiTypography-root"[39m
        [36m>[39m
          [0m1[0m
          [0m payment[0m
          [0m found[0m
        [36m</p>[39m
      [36m</div>[39m
      [36m<div[39m
        [33mclass[39m=[32m"MuiGrid-root MuiGrid-container MuiGrid-spacing-xs-2 css-12rc5ck-MuiGrid-root"[39m
      [36m>[39m
        [36m<div[39m
          [33mclass[39m=[32m"MuiGrid-root MuiGrid-item MuiGrid-grid-xs-12 MuiGrid-grid-sm-6 MuiGrid-grid-md-3 css-10voxkt-MuiGrid-root"[39m
        [36m>[39m
          [36m<div[39m
            [33mclass[39m=[32m"MuiFormControl-root MuiFormControl-fullWidth MuiTextField-root css-18hear-MuiFormControl-root-MuiTextField-root"[39m
          [36m>[39m
            [36m<div[39m
              [33mclass[39m=[32m"MuiInputBase-root MuiOutlinedInput-root MuiInputBase-colorPrimary MuiInputBase-fullWidth MuiInputBase-formControl MuiInputBase-sizeSmall MuiInputBase-adornedStart css-1cj7mpt-MuiInputBase-root-MuiOutlinedInput-root"[39m
            [36m>[39m
              [36m<div[39m
                [33mclass[39m=[32m"MuiInputAdornment-root MuiInputAdornment-positionStart MuiInputAdornment-outlined MuiInputAdornment-sizeSmall css-ittuaa-MuiInputAdornment-root"[39m
              [36m>[39m
                [36m<span[39m
                  [33mclass[39m=[32m"notranslate"[39m
                [36m>[39m
                  [0m​[0m
                [36m</span>[39m
                [36m<svg[39m
                  [33maria-hidden[39m=[32m"true"[39m
                  [33mclass[39m=[32m"MuiSvgIcon-root MuiSvgIcon-fontSizeMedium css-i4bv87-MuiSvgIcon-root"[39m
                  [33mdata-testid[39m=[32m"SearchIcon"[39m
                  [33mfocusable[39m=[32m"false"[39m
                  [33mviewBox[39m=[32m"0 0 24 24"[39m
                [36m>[39m
                  [36m<path[39m
                    [33md[39m=[32m"M15.5 14h-.79l-.28-.27C15.41 12.59 16 11.11 16 9.5 16 5.91 13.09 3 9.5 3S3 5.91 3 9.5 5.91 16 9.5 16c1.61 0 3.09-.59 4.23-1.57l.27.28v.79l5 4.99L20.49 19zm-6 0C7.01 14 5 11.99 5 9.5S7.01 5 9.5 5 14 7.01 14 9.5 11.99 14 9.5 14"[39m
                  [36m/>[39m
                [36m</svg>[39m
              [36m</div>[39m
              [36m<input[39m
                [33maria-invalid[39m=[32m"false"[39m
                [33mclass[39m=[32m"MuiInputBase-input MuiOutlinedInput-input MuiInputBase-inputSizeSmall MuiInputBase-inputAdornedStart css-1ua80n0-MuiInputBase-input-MuiOutlinedInput-input"[39m
                [33mid[39m=[32m":rt:"[39m
                [33mplaceholder[39m=[32m"Search payments..."[39m
                [33mtype[39m=[32m"text"[39m
                [33mvalue[39m=[32m""[39m
              [36m/>[39m
              [36m<fieldset[39m
                [33maria-hidden[39m=[32m"true"[39m
                [33mclass[39m=[32m"MuiOutlinedInput-notchedOutline css-r01yff-MuiNotchedOutlined-root-MuiOutlinedInput-notchedOutline"[39m
              [36m>[39m
                [36m<legend[39m
                  [33mclass[39m=[32m"css-1whs34k-MuiNotchedOutlined-root"[39m
                [36m>[39m
                  [36m<span[39m
                    [33mclass[39m=[32m"notranslate"[39m
                  [36m>[39m
                    [0m​[0m
                  [36m</span>[39m
                [36m</legend>[39m
              [36m</fieldset>[39m
            [36m</div>[39m
          [36m</div>[39m
        [36m</div>[39m
        [36m<div[39m
          [33mclass[39m=[32m"MuiGrid-root MuiGrid-item MuiGrid-grid-xs-12 MuiGrid-grid-sm-6 MuiGrid-grid-md-3 css-10voxkt-MuiGrid-root"[39m
        [36m>[39m
          [36m<div[39m
            [33mclass[39m=[32m"MuiFormControl-root MuiFormControl-fullWidth css-q8hpuo-MuiFormControl-root"[39m
          [36m>[39m
            [36m<label[39m
              [33mclass[39m=[32m"MuiFormLabel-root MuiInputLabel-root MuiInputLabel-formControl MuiInputLabel-animated MuiInputLabel-shrink MuiInputLabel-sizeSmall MuiInputLabel-outlined MuiFormLabel-colorPrimary MuiFormLabel-filled MuiInputLabel-root MuiInputLabel-formControl MuiInputLabel-animated MuiInputLabel-shrink MuiInputLabel-sizeSmall MuiInputLabel-outlined css-fe0mau-MuiFormLabel-root-MuiInputLabel-root"[39m
              [33mdata-shrink[39m=[32m"true"[39m
            [36m>[39m
              [0mStatus[0m
            [36m</label>[39m
            [36m<div[39m
              [33mclass[39m=[32m"MuiInputBase-root MuiOutlinedInput-root MuiInputBase-colorPrimary MuiInputBase-formControl MuiInputBase-sizeSmall css-13lg1x7-MuiInputBase-root-MuiOutlinedInput-root-MuiSelect-root"[39m
            [36m>[39m
              [36m<div[39m
                [33maria-controls[39m=[32m":ru:"[39m
                [33maria-expanded[39m=[32m"false"[39m
                [33maria-haspopup[39m=[32m"listbox"[39m
                [33mclass[39m=[32m"MuiSelect-select MuiSelect-outlined MuiInputBase-input MuiOutlinedInput-input MuiInputBase-inputSizeSmall css-1fzjff4-MuiSelect-select-MuiInputBase-input-MuiOutlinedInput-input"[39m
                [33mrole[39m=[32m"combobox"[39m
                [33mtabindex[39m=[32m"0"[39m
              [36m>[39m
                [0mAll Statuses[0m
              [36m</div>[39m
              [36m<input[39m
                [33maria-hidden[39m=[32m"true"[39m
                [33maria-invalid[39m=[32m"false"[39m
                [33mclass[39m=[32m"MuiSelect-nativeInput css-yf8vq0-MuiSelect-nativeInput"[39m
                [33mtabindex[39m=[32m"-1"[39m
                [33mvalue[39m=[32m"all"[39m
              [36m/>[39m
              [36m<svg[39m
                [33maria-hidden[39m=[32m"true"[39m
                [33mclass[39m=[32m"MuiSvgIcon-root MuiSvgIcon-fontSizeMedium MuiSelect-icon MuiSelect-iconOutlined css-hfutr2-MuiSvgIcon-root-MuiSelect-icon"[39m
                [33mdata-testid[39m=[32m"ArrowDropDownIcon"[39m
                [33mfocusable[39m=[32m"false"[39m
                [33mviewBox[39m=[32m"0 0 24 24"[39m
              [36m>[39m
                [36m<path[39m
                  [33md[39m=[32m"M7 10l5 5 5-5z"[39m
                [36m/>[39m
              [36m</svg>[...
 ❯ Object.getElementError node_modules/@testing-library/react/node_modules/@testing-library/dom/dist/config.js:37:19
 ❯ getElementError node_modules/@testing-library/react/node_modules/@testing-library/dom/dist/query-helpers.js:20:35
 ❯ getMultipleElementsFoundError node_modules/@testing-library/react/node_modules/@testing-library/dom/dist/query-helpers.js:23:10
 ❯ node_modules/@testing-library/react/node_modules/@testing-library/dom/dist/query-helpers.js:55:13
 ❯ node_modules/@testing-library/react/node_modules/@testing-library/dom/dist/query-helpers.js:95:19
 ❯ src/test/timeTracking.test.tsx:302:35
    300|     renderWithProviders(<TimeReport />);
    301| 
    302|     const startDateInput = screen.getByLabelText('Start Date');
       |                                   ^
    303|     const endDateInput = screen.getByLabelText('End Date');
    304|     const generateButton = screen.getByText('Generate Report');

⎯⎯⎯⎯⎯⎯⎯⎯⎯⎯⎯⎯⎯⎯⎯⎯⎯⎯⎯⎯⎯⎯[59/66]⎯


⎯⎯⎯⎯⎯ Uncaught Exception ⎯⎯⎯⎯⎯
TypeError: Cannot read properties of undefined (reading 'map')
 ❯ TimeEntryList src/components/timeTracking/TimeEntryList.tsx:166:24
    164|             </TableHead>
    165|             <TableBody>
    166|               {entries.map((entry) => (
       |                        ^
    167|                 <TableRow key={entry._id}>
    168|                   {user?.role === 'freelancer' && (
 ❯ renderWithHooks node_modules/react-dom/cjs/react-dom.development.js:15486:18
 ❯ updateFunctionComponent node_modules/react-dom/cjs/react-dom.development.js:19617:20
 ❯ beginWork node_modules/react-dom/cjs/react-dom.development.js:21640:16
 ❯ beginWork$1 node_modules/react-dom/cjs/react-dom.development.js:27465:14
 ❯ performUnitOfWork node_modules/react-dom/cjs/react-dom.development.js:26599:12
 ❯ workLoopSync node_modules/react-dom/cjs/react-dom.development.js:26505:5
 ❯ renderRootSync node_modules/react-dom/cjs/react-dom.development.js:26473:7
 ❯ recoverFromConcurrentError node_modules/react-dom/cjs/react-dom.development.js:25889:20
 ❯ performSyncWorkOnRoot node_modules/react-dom/cjs/react-dom.development.js:26135:20

This error originated in "src/test/timeTracking.test.tsx" test file. It doesn't mean the error was thrown inside the file itself, but while it was running.
The latest test that might've caused the error is "should submit selected entries". It might mean one of the following:
- The error was thrown, while Vitest was running this test.
- If the error occurred after the test had been completed, this was the last documented test before it was thrown.


 RUN  v1.6.1 /workspaces/TalentHive/client


 RUN  v1.6.1 /workspaces/TalentHive/client

 ❯ src/test/contract.test.tsx  (19 tests | 9 failed) 2481ms
   ❯ src/test/contract.test.tsx > ContractCard > renders contract card for client view
     → Unable to find an element with the text: E-commerce Website. This could be because the text is broken up by multiple elements. In this case, you can provide a function for your text matcher to make your matcher more flexible.

Ignored nodes: comments, script, style
<body>
  <div>
    <div
      class="MuiPaper-root MuiPaper-elevation MuiPaper-rounded MuiPaper-elevation1 MuiCard-root css-1xaxydr-MuiPaper-root-MuiCard-root"
    >
      <div
        class="MuiCardContent-root css-46bh2p-MuiCardContent-root"
      >
        <div
          class="MuiBox-root css-lhftxy"
        >
          <div
            class="MuiBox-root css-1rr4qq7"
          >
            <h6
              class="MuiTypography-root MuiTypography-h6 MuiTypography-gutterBottom css-pne570-MuiTypography-root"
            >
              Web Development Contract
            </h6>
            <p
              class="MuiTypography-root MuiTypography-body2 css-xtz2xu-MuiTypography-root"
            >
              Project: 
              E-commerce Website
            </p>
          </div>
          <div
            class="MuiChip-root MuiChip-filled MuiChip-sizeSmall MuiChip-colorPrimary MuiChip-filledPrimary css-10zotdu-MuiChip-root"
          >
            <span
              class="MuiChip-label MuiChip-labelSmall css-t3ycia-MuiChip-label"
            >
              In Progress
            </span>
          </div>
        </div>
        <div
          class="MuiBox-root css-1hunpv2"
        >
          <div
            class="MuiAvatar-root MuiAvatar-circular css-3b47wn-MuiAvatar-root"
          >
            <img
              class="MuiAvatar-img css-1pqm26d-MuiAvatar-img"
              src="https://example.com/avatar2.jpg"
            />
          </div>
          <div
            class="MuiBox-root css-1rr4qq7"
          >
            <h6
              class="MuiTypography-root MuiTypography-subtitle2 css-ati914-MuiTypography-root"
            >
              Freelancer
              : 
              Jane
               
              Smith
            </h6>
            <p
              class="MuiTypography-root MuiTypography-body2 css-xtz2xu-MuiTypography-root"
            >
              Full Stack Developer
            </p>
          </div>
        </div>
        <div
          class="MuiGrid-root MuiGrid-container MuiGrid-spacing-xs-2 css-l8v5xp-MuiGrid-root"
        >
          <div
            class="MuiGrid-root MuiGrid-item MuiGrid-grid-xs-6 css-1osj8n2-MuiGrid-root"
          >
            <div
              class="MuiBox-root css-v2eixv"
            >
              <svg
                aria-hidden="true"
                class="MuiSvgIcon-root MuiSvgIcon-fontSizeSmall css-ptiqhd-MuiSvgIcon-root"
                data-testid="AttachMoneyIcon"
                focusable="false"
                viewBox="0 0 24 24"
              >
                <path
                  d="M11.8 10.9c-2.27-.59-3-1.2-3-2.15 0-1.09 1.01-1.85 2.7-1.85 1.78 0 2.44.85 2.5 2.1h2.21c-.07-1.72-1.12-3.3-3.21-3.81V3h-3v2.16c-1.94.42-3.5 1.68-3.5 3.61 0 2.31 1.91 3.46 4.7 4.13 2.5.6 3 1.48 3 2.41 0 .69-.49 1.79-2.7 1.79-2.06 0-2.87-.92-2.98-2.1h-2.2c.12 2.19 1.76 3.42 3.68 3.83V21h3v-2.15c1.95-.37 3.5-1.5 3.5-3.55 0-2.84-2.43-3.81-4.7-4.4"
                />
              </svg>
              <p
                class="MuiTypography-root MuiTypography-body2 css-1884ygc-MuiTypography-root"
              >
                $
                2000
                 
                USD
              </p>
            </div>
            <span
              class="MuiTypography-root MuiTypography-caption css-ol7wxs-MuiTypography-root"
            >
              Total Value
            </span>
          </div>
          <div
            class="MuiGrid-root MuiGrid-item MuiGrid-grid-xs-6 css-1osj8n2-MuiGrid-root"
          >
            <div
              class="MuiBox-root css-v2eixv"
            >
              <svg
                aria-hidden="true"
                class="MuiSvgIcon-root MuiSvgIcon-fontSizeSmall css-ptiqhd-MuiSvgIcon-root"
                data-testid="ScheduleIcon"
                focusable="false"
                viewBox="0 0 24 24"
              >
                <path
                  d="M11.99 2C6.47 2 2 6.48 2 12s4.47 10 9.99 10C17.52 22 22 17.52 22 12S17.52 2 11.99 2M12 20c-4.42 0-8-3.58-8-8s3.58-8 8-8 8 3.58 8 8-3.58 8-8 8"
                />
                <path
                  d="M12.5 7H11v6l5.25 3.15.75-1.23-4.5-2.67z"
                />
              </svg>
              <p
                class="MuiTypography-root MuiTypography-body2 css-1884ygc-MuiTypography-root"
              >
                Feb 15, 2024
              </p>
            </div>
            <span
              class="MuiTypography-root MuiTypography-caption css-ol7wxs-MuiTypography-root"
            >
              Due Date
            </span>
          </div>
        </div>
        <div
          class="MuiBox-root css-1qm1lh"
        >
          <div
            class="MuiBox-root css-pcqfzb"
          >
            <p
              class="MuiTypography-root MuiTypography-body2 css-1884ygc-MuiTypography-root"
            >
              Progress
            </p>
            <p
              class="MuiTypography-root MuiTypography-body2 css-xtz2xu-MuiTypography-root"
            >
              50
              %
            </p>
          </...
   ❯ src/test/contract.test.tsx > ContractForm > renders contract form with proposal data
     → jest is not defined
   ❯ src/test/contract.test.tsx > ContractForm > navigates through form steps
     → jest is not defined
   ❯ src/test/contract.test.tsx > ContractForm > validates form fields
     → jest is not defined
   ❯ src/test/contract.test.tsx > ContractForm > manages milestones
     → jest is not defined
   ❯ src/test/contract.test.tsx > ContractForm > submits contract successfully
     → jest is not defined
   ❯ src/test/contract.test.tsx > MilestoneManager > shows milestone details
     → Found multiple elements with the text: $1000

Here are the matching elements:

Ignored nodes: comments, script, style
<p
  class="MuiTypography-root MuiTypography-body2 css-2t8iw2-MuiTypography-root"
>
  $
  1000
</p>

Ignored nodes: comments, script, style
<p
  class="MuiTypography-root MuiTypography-body2 css-2t8iw2-MuiTypography-root"
>
  $
  1000
</p>

(If this is intentional, then use the `*AllBy*` variant of the query (like `queryAllByText`, `getAllByText`, or `findAllByText`)).

Ignored nodes: comments, script, style
<body>
  <div>
    <div
      class="MuiBox-root css-0"
    >
      <div
        class="MuiPaper-root MuiPaper-elevation MuiPaper-rounded MuiPaper-elevation1 MuiCard-root css-z38s0k-MuiPaper-root-MuiCard-root"
      >
        <div
          class="MuiCardContent-root css-46bh2p-MuiCardContent-root"
        >
          <h6
            class="MuiTypography-root MuiTypography-h6 MuiTypography-gutterBottom css-pne570-MuiTypography-root"
          >
            Project Progress
          </h6>
          <div
            class="MuiBox-root css-ukdiqv"
          >
            <span
              aria-valuemax="100"
              aria-valuemin="0"
              aria-valuenow="50"
              class="MuiLinearProgress-root MuiLinearProgress-colorPrimary MuiLinearProgress-determinate css-6eznea-MuiLinearProgress-root"
              role="progressbar"
            >
              <span
                class="MuiLinearProgress-bar MuiLinearProgress-barColorPrimary MuiLinearProgress-bar1Determinate css-4sz5p1-MuiLinearProgress-bar1"
                style="transform: translateX(-50%);"
              />
            </span>
            <p
              class="MuiTypography-root MuiTypography-body2 css-xtz2xu-MuiTypography-root"
            >
              50
              %
            </p>
          </div>
          <p
            class="MuiTypography-root MuiTypography-body2 css-xtz2xu-MuiTypography-root"
          >
            1
             of 
            2
             milestones completed
          </p>
        </div>
      </div>
      <h6
        class="MuiTypography-root MuiTypography-h6 MuiTypography-gutterBottom css-pne570-MuiTypography-root"
      >
        Milestones (
        2
        )
      </h6>
      <div
        class="MuiPaper-root MuiPaper-elevation MuiPaper-rounded MuiPaper-elevation1 MuiCard-root css-18646eb-MuiPaper-root-MuiCard-root"
      >
        <div
          class="MuiCardContent-root css-46bh2p-MuiCardContent-root"
        >
          <div
            class="MuiBox-root css-lhftxy"
          >
            <div
              class="MuiBox-root css-1rr4qq7"
            >
              <h6
                class="MuiTypography-root MuiTypography-h6 MuiTypography-gutterBottom css-pne570-MuiTypography-root"
              >
                Frontend Development
              </h6>
              <p
                class="MuiTypography-root MuiTypography-body2 MuiTypography-paragraph css-ydbnju-MuiTypography-root"
              >
                Build responsive frontend
              </p>
            </div>
            <div
              class="MuiBox-root css-axw7ok"
            >
              <svg
                aria-hidden="true"
                class="MuiSvgIcon-root MuiSvgIcon-colorSuccess MuiSvgIcon-fontSizeMedium css-d0womi-MuiSvgIcon-root"
                data-testid="CheckCircleIcon"
                focusable="false"
                viewBox="0 0 24 24"
              >
                <path
                  d="M12 2C6.48 2 2 6.48 2 12s4.48 10 10 10 10-4.48 10-10S17.52 2 12 2m-2 15-5-5 1.41-1.41L10 14.17l7.59-7.59L19 8z"
                />
              </svg>
              <div
                class="MuiChip-root MuiChip-filled MuiChip-sizeSmall MuiChip-colorSuccess MuiChip-filledSuccess css-127akec-MuiChip-root"
              >
                <span
                  class="MuiChip-label MuiChip-labelSmall css-t3ycia-MuiChip-label"
                >
                  APPROVED
                </span>
              </div>
            </div>
          </div>
          <div
            class="MuiGrid-root MuiGrid-container MuiGrid-spacing-xs-2 css-l8v5xp-MuiGrid-root"
          >
            <div
              class="MuiGrid-root MuiGrid-item MuiGrid-grid-xs-12 MuiGrid-grid-sm-4 css-wg4xta-MuiGrid-root"
            >
              <div
                class="MuiBox-root css-171onha"
              >
                <svg
                  aria-hidden="true"
                  class="MuiSvgIcon-root MuiSvgIcon-fontSizeSmall css-ptiqhd-MuiSvgIcon-root"
                  data-testid="AttachMoneyIcon"
                  focusable="false"
                  viewBox="0 0 24 24"
                >
                  <path
                    d="M11.8 10.9c-2.27-.59-3-1.2-3-2.15 0-1.09 1.01-1.85 2.7-1.85 1.78 0 2.44.85 2.5 2.1h2.21c-.07-1.72-1.12-3.3-3.21-3.81V3h-3v2.16c-1.94.42-3.5 1.68-3.5 3.61 0 2.31 1.91 3.46 4.7 4.13 2.5.6 3 1.48 3 2.41 0 .69-.49 1.79-2.7 1.79-2.06 0-2.87-.92-2.98-2.1h-2.2c.12 2.19 1.76 3.42 3.68 3.83V21h3v-2.15c1.95-.37 3.5-1.5 3.5-3.55 0-2.84-2.43-3.81-4.7-4.4"
                  />
                </svg>
                <p
                  class="MuiTypography-root MuiTypography-body2 css-2t8iw2-MuiTypography-root"
                >
                  $
                  1000
                </p>
              </div>
            </div>
            <div
              class="MuiGrid-root MuiGrid-item MuiGrid-grid-xs-12 MuiGrid-grid-sm-4 css-wg4xta-MuiGrid-root"
            >
              <div
                class="MuiBox-root css-171onha"
              >
                <svg
                  aria-hidden="true"
                  class="MuiSvgIcon-root MuiSvgIcon-fontSizeS...
   ❯ src/test/contract.test.tsx > MilestoneManager > handles milestone submission
     → Found multiple elements with the text: Submit Milestone

Here are the matching elements:

Ignored nodes: comments, script, style
<button
  class="MuiButtonBase-root MuiButton-root MuiButton-contained MuiButton-containedPrimary MuiButton-sizeSmall MuiButton-containedSizeSmall MuiButton-colorPrimary MuiButton-root MuiButton-contained MuiButton-containedPrimary MuiButton-sizeSmall MuiButton-containedSizeSmall MuiButton-colorPrimary css-1wl839p-MuiButtonBase-root-MuiButton-root"
  tabindex="0"
  type="button"
>
  <span
    class="MuiButton-icon MuiButton-startIcon MuiButton-iconSizeSmall css-cstir9-MuiButton-startIcon"
  >
    <svg
      aria-hidden="true"
      class="MuiSvgIcon-root MuiSvgIcon-fontSizeMedium css-i4bv87-MuiSvgIcon-root"
      data-testid="UploadIcon"
      focusable="false"
      viewBox="0 0 24 24"
    >
      <path
        d="M5 20h14v-2H5zm0-10h4v6h6v-6h4l-7-7z"
      />
    </svg>
  </span>
  Submit Milestone
  <span
    class="MuiTouchRipple-root css-8je8zh-MuiTouchRipple-root"
  />
</button>

Ignored nodes: comments, script, style
<h2
  class="MuiTypography-root MuiTypography-h6 MuiDialogTitle-root css-dmdk1s-MuiTypography-root-MuiDialogTitle-root"
  id=":rf:"
>
  Submit Milestone
</h2>

Ignored nodes: comments, script, style
<button
  class="MuiButtonBase-root MuiButton-root MuiButton-contained MuiButton-containedPrimary MuiButton-sizeMedium MuiButton-containedSizeMedium MuiButton-colorPrimary MuiButton-root MuiButton-contained MuiButton-containedPrimary MuiButton-sizeMedium MuiButton-containedSizeMedium MuiButton-colorPrimary css-1od66nh-MuiButtonBase-root-MuiButton-root"
  tabindex="0"
  type="button"
>
  Submit Milestone
  <span
    class="MuiTouchRipple-root css-8je8zh-MuiTouchRipple-root"
  />
</button>

(If this is intentional, then use the `*AllBy*` variant of the query (like `queryAllByText`, `getAllByText`, or `findAllByText`)).

Ignored nodes: comments, script, style
<body
  style="padding-right: 1024px; overflow: hidden;"
>
  <div
    aria-hidden="true"
  >
    <div
      class="MuiBox-root css-0"
    >
      <div
        class="MuiPaper-root MuiPaper-elevation MuiPaper-rounded MuiPaper-elevation1 MuiCard-root css-z38s0k-MuiPaper-root-MuiCard-root"
      >
        <div
          class="MuiCardContent-root css-46bh2p-MuiCardContent-root"
        >
          <h6
            class="MuiTypography-root MuiTypography-h6 MuiTypography-gutterBottom css-pne570-MuiTypography-root"
          >
            Project Progress
          </h6>
          <div
            class="MuiBox-root css-ukdiqv"
          >
            <span
              aria-valuemax="100"
              aria-valuemin="0"
              aria-valuenow="50"
              class="MuiLinearProgress-root MuiLinearProgress-colorPrimary MuiLinearProgress-determinate css-6eznea-MuiLinearProgress-root"
              role="progressbar"
            >
              <span
                class="MuiLinearProgress-bar MuiLinearProgress-barColorPrimary MuiLinearProgress-bar1Determinate css-4sz5p1-MuiLinearProgress-bar1"
                style="transform: translateX(-50%);"
              />
            </span>
            <p
              class="MuiTypography-root MuiTypography-body2 css-xtz2xu-MuiTypography-root"
            >
              50
              %
            </p>
          </div>
          <p
            class="MuiTypography-root MuiTypography-body2 css-xtz2xu-MuiTypography-root"
          >
            1
             of 
            2
             milestones completed
          </p>
        </div>
      </div>
      <h6
        class="MuiTypography-root MuiTypography-h6 MuiTypography-gutterBottom css-pne570-MuiTypography-root"
      >
        Milestones (
        2
        )
      </h6>
      <div
        class="MuiPaper-root MuiPaper-elevation MuiPaper-rounded MuiPaper-elevation1 MuiCard-root css-18646eb-MuiPaper-root-MuiCard-root"
      >
        <div
          class="MuiCardContent-root css-46bh2p-MuiCardContent-root"
        >
          <div
            class="MuiBox-root css-lhftxy"
          >
            <div
              class="MuiBox-root css-1rr4qq7"
            >
              <h6
                class="MuiTypography-root MuiTypography-h6 MuiTypography-gutterBottom css-pne570-MuiTypography-root"
              >
                Frontend Development
              </h6>
              <p
                class="MuiTypography-root MuiTypography-body2 MuiTypography-paragraph css-ydbnju-MuiTypography-root"
              >
                Build responsive frontend
              </p>
            </div>
            <div
              class="MuiBox-root css-axw7ok"
            >
              <svg
                aria-hidden="true"
                class="MuiSvgIcon-root MuiSvgIcon-colorSuccess MuiSvgIcon-fontSizeMedium css-d0womi-MuiSvgIcon-root"
                data-testid="CheckCircleIcon"
                focusable="false"
                viewBox="0 0 24 24"
              >
                <path
                  d="M12 2C6.48 2 2 6.48 2 12s4.48 10 10 10 10-4.48 10-10S17.52 2 12 2m-2 15-5-5 1.41-1.41L10 14.17l7.59-7.59L19 8z"
                />
              </svg>
              <div
                class="MuiChip-root MuiChip-filled MuiChip-sizeSmall MuiChip-colorSuccess MuiChip-filledSuccess css-127akec-MuiChip-root"
              >
                <span
                  class="MuiChip-label MuiChip-labelSmall css-t3ycia-MuiChip-label"
                >
                  APPROVED
                </span>
              </div>
            </div>
          </div>
          <div
            class="MuiGrid-root MuiGrid-container MuiGrid-spacing-xs-2 css-l8v5xp-MuiGrid-root"
          >
            <div
              class="MuiGrid-root MuiGrid-item MuiGrid-grid-xs-12 MuiGrid-grid-sm-4 css-wg4xta-MuiGrid-root"
            >
              <div
                class="MuiBox-root css-171onha"
              >
                <svg
                  aria-hidden="true"
                  class="MuiSvgIcon-root MuiSvgIcon-fontSizeSmall css-ptiqhd-MuiSvgIcon-root"
                  data-testid="AttachMoneyIcon"
                  focusable="false"
                  viewBox="0 0 24 24"
                >
                  <path
                    d="M11.8 10.9c-2.27-.59-3-1.2-3-2.15 0-1.09 1.01-1.85 2.7-1.85 1.78 0 2.44.85 2.5 2.1h2.21c-.07-1.72-1.12-3.3-3.21-3.81V3h-3v2.16c-1.94.42-3.5 1.68-3.5 3.61 0 2.31 1.91 3.46 4.7 4.13 2.5.6 3 1.48 3 2.41 0 .69-.49 1.79-2.7 1.79-2.06 0-2.87-.92-2.98-2.1h-2.2c.12 2.19 1.76 3.42 3.68 3.83V21h3v-2.15c1.95-.37 3.5-1.5 3.5-3.55 0-2.84-2.43-3.81-4.7-4.4"
                  />
                </svg>
                <p
                  class="MuiTypography-root MuiTypography-body2 css-2t8iw2-MuiTypography-root"
                >
                  $
                  1000
                </p>
              </div>
            </div>
            <div
              class="MuiGrid-root MuiGrid-item MuiGrid-grid-xs-12 MuiGrid-grid-sm-4 css-wg4xta-MuiGrid-root"
            >
              <div
                class="MuiBox-root css-171onha"
              >
                <svg...
   ❯ src/test/contract.test.tsx > MilestoneManager > handles milestone approval
     → Found multiple elements with the text: Approve Milestone

Here are the matching elements:

Ignored nodes: comments, script, style
<h2
  class="MuiTypography-root MuiTypography-h6 MuiDialogTitle-root css-dmdk1s-MuiTypography-root-MuiDialogTitle-root"
  id=":rm:"
>
  Approve Milestone
</h2>

Ignored nodes: comments, script, style
<button
  class="MuiButtonBase-root MuiButton-root MuiButton-contained MuiButton-containedSuccess MuiButton-sizeMedium MuiButton-containedSizeMedium MuiButton-colorSuccess MuiButton-root MuiButton-contained MuiButton-containedSuccess MuiButton-sizeMedium MuiButton-containedSizeMedium MuiButton-colorSuccess css-1icjxmz-MuiButtonBase-root-MuiButton-root"
  tabindex="0"
  type="button"
>
  Approve Milestone
  <span
    class="MuiTouchRipple-root css-8je8zh-MuiTouchRipple-root"
  />
</button>

(If this is intentional, then use the `*AllBy*` variant of the query (like `queryAllByText`, `getAllByText`, or `findAllByText`)).

Ignored nodes: comments, script, style
<body
  style="padding-right: 1024px; overflow: hidden;"
>
  <div
    aria-hidden="true"
  >
    <div
      class="MuiBox-root css-0"
    >
      <div
        class="MuiPaper-root MuiPaper-elevation MuiPaper-rounded MuiPaper-elevation1 MuiCard-root css-z38s0k-MuiPaper-root-MuiCard-root"
      >
        <div
          class="MuiCardContent-root css-46bh2p-MuiCardContent-root"
        >
          <h6
            class="MuiTypography-root MuiTypography-h6 MuiTypography-gutterBottom css-pne570-MuiTypography-root"
          >
            Project Progress
          </h6>
          <div
            class="MuiBox-root css-ukdiqv"
          >
            <span
              aria-valuemax="100"
              aria-valuemin="0"
              aria-valuenow="0"
              class="MuiLinearProgress-root MuiLinearProgress-colorPrimary MuiLinearProgress-determinate css-6eznea-MuiLinearProgress-root"
              role="progressbar"
            >
              <span
                class="MuiLinearProgress-bar MuiLinearProgress-barColorPrimary MuiLinearProgress-bar1Determinate css-4sz5p1-MuiLinearProgress-bar1"
                style="transform: translateX(-100%);"
              />
            </span>
            <p
              class="MuiTypography-root MuiTypography-body2 css-xtz2xu-MuiTypography-root"
            >
              0
              %
            </p>
          </div>
          <p
            class="MuiTypography-root MuiTypography-body2 css-xtz2xu-MuiTypography-root"
          >
            0
             of 
            2
             milestones completed
          </p>
        </div>
      </div>
      <h6
        class="MuiTypography-root MuiTypography-h6 MuiTypography-gutterBottom css-pne570-MuiTypography-root"
      >
        Milestones (
        2
        )
      </h6>
      <div
        class="MuiPaper-root MuiPaper-elevation MuiPaper-rounded MuiPaper-elevation1 MuiCard-root css-18646eb-MuiPaper-root-MuiCard-root"
      >
        <div
          class="MuiCardContent-root css-46bh2p-MuiCardContent-root"
        >
          <div
            class="MuiBox-root css-lhftxy"
          >
            <div
              class="MuiBox-root css-1rr4qq7"
            >
              <h6
                class="MuiTypography-root MuiTypography-h6 MuiTypography-gutterBottom css-pne570-MuiTypography-root"
              >
                Frontend Development
              </h6>
              <p
                class="MuiTypography-root MuiTypography-body2 MuiTypography-paragraph css-ydbnju-MuiTypography-root"
              >
                Build responsive frontend
              </p>
            </div>
            <div
              class="MuiBox-root css-axw7ok"
            >
              <svg
                aria-hidden="true"
                class="MuiSvgIcon-root MuiSvgIcon-colorWarning MuiSvgIcon-fontSizeMedium css-i94f2r-MuiSvgIcon-root"
                data-testid="ScheduleIcon"
                focusable="false"
                viewBox="0 0 24 24"
              >
                <path
                  d="M11.99 2C6.47 2 2 6.48 2 12s4.47 10 9.99 10C17.52 22 22 17.52 22 12S17.52 2 11.99 2M12 20c-4.42 0-8-3.58-8-8s3.58-8 8-8 8 3.58 8 8-3.58 8-8 8"
                />
                <path
                  d="M12.5 7H11v6l5.25 3.15.75-1.23-4.5-2.67z"
                />
              </svg>
              <div
                class="MuiChip-root MuiChip-filled MuiChip-sizeSmall MuiChip-colorWarning MuiChip-filledWarning css-g26vwy-MuiChip-root"
              >
                <span
                  class="MuiChip-label MuiChip-labelSmall css-t3ycia-MuiChip-label"
                >
                  SUBMITTED
                </span>
              </div>
            </div>
          </div>
          <div
            class="MuiGrid-root MuiGrid-container MuiGrid-spacing-xs-2 css-l8v5xp-MuiGrid-root"
          >
            <div
              class="MuiGrid-root MuiGrid-item MuiGrid-grid-xs-12 MuiGrid-grid-sm-4 css-wg4xta-MuiGrid-root"
            >
              <div
                class="MuiBox-root css-171onha"
              >
                <svg
                  aria-hidden="true"
                  class="MuiSvgIcon-root MuiSvgIcon-fontSizeSmall css-ptiqhd-MuiSvgIcon-root"
                  data-testid="AttachMoneyIcon"
                  focusable="false"
                  viewBox="0 0 24 24"
                >
                  <path
                    d="M11.8 10.9c-2.27-.59-3-1.2-3-2.15 0-1.09 1.01-1.85 2.7-1.85 1.78 0 2.44.85 2.5 2.1h2.21c-.07-1.72-1.12-3.3-3.21-3.81V3h-3v2.16c-1.94.42-3.5 1.68-3.5 3.61 0 2.31 1.91 3.46 4.7 4.13 2.5.6 3 1.48 3 2.41 0 .69-.49 1.79-2.7 1.79-2.06 0-2.87-.92-2.98-2.1h-2.2c.12 2.19 1.76 3.42 3.68 3.83V21h3v-2.15c1.95-.37 3.5-1.5 3.5-3.55 0-2.84-2.43-3.81-4.7-4.4"
                  />
                </svg>
                <p
                  class="MuiTypography-root MuiTypography-body2 css-2t8iw2-MuiTypography-root"
                >
                  $
                  1000
                </p>
              </div>
            </div>
            <div
              class="MuiGrid-root MuiGrid-item MuiGrid-grid-xs-12 MuiGrid-grid-sm-4 css-wg4xta-MuiGrid-root"
  ...
 × src/test/contract.test.tsx > ContractCard > renders contract card for client view
   → Unable to find an element with the text: E-commerce Website. This could be because the text is broken up by multiple elements. In this case, you can provide a function for your text matcher to make your matcher more flexible.

Ignored nodes: comments, script, style
<body>
  <div>
    <div
      class="MuiPaper-root MuiPaper-elevation MuiPaper-rounded MuiPaper-elevation1 MuiCard-root css-1xaxydr-MuiPaper-root-MuiCard-root"
    >
      <div
        class="MuiCardContent-root css-46bh2p-MuiCardContent-root"
      >
        <div
          class="MuiBox-root css-lhftxy"
        >
          <div
            class="MuiBox-root css-1rr4qq7"
          >
            <h6
              class="MuiTypography-root MuiTypography-h6 MuiTypography-gutterBottom css-pne570-MuiTypography-root"
            >
              Web Development Contract
            </h6>
            <p
              class="MuiTypography-root MuiTypography-body2 css-xtz2xu-MuiTypography-root"
            >
              Project: 
              E-commerce Website
            </p>
          </div>
          <div
            class="MuiChip-root MuiChip-filled MuiChip-sizeSmall MuiChip-colorPrimary MuiChip-filledPrimary css-10zotdu-MuiChip-root"
          >
            <span
              class="MuiChip-label MuiChip-labelSmall css-t3ycia-MuiChip-label"
            >
              In Progress
            </span>
          </div>
        </div>
        <div
          class="MuiBox-root css-1hunpv2"
        >
          <div
            class="MuiAvatar-root MuiAvatar-circular css-3b47wn-MuiAvatar-root"
          >
            <img
              class="MuiAvatar-img css-1pqm26d-MuiAvatar-img"
              src="https://example.com/avatar2.jpg"
            />
          </div>
          <div
            class="MuiBox-root css-1rr4qq7"
          >
            <h6
              class="MuiTypography-root MuiTypography-subtitle2 css-ati914-MuiTypography-root"
            >
              Freelancer
              : 
              Jane
               
              Smith
            </h6>
            <p
              class="MuiTypography-root MuiTypography-body2 css-xtz2xu-MuiTypography-root"
            >
              Full Stack Developer
            </p>
          </div>
        </div>
        <div
          class="MuiGrid-root MuiGrid-container MuiGrid-spacing-xs-2 css-l8v5xp-MuiGrid-root"
        >
          <div
            class="MuiGrid-root MuiGrid-item MuiGrid-grid-xs-6 css-1osj8n2-MuiGrid-root"
          >
            <div
              class="MuiBox-root css-v2eixv"
            >
              <svg
                aria-hidden="true"
                class="MuiSvgIcon-root MuiSvgIcon-fontSizeSmall css-ptiqhd-MuiSvgIcon-root"
                data-testid="AttachMoneyIcon"
                focusable="false"
                viewBox="0 0 24 24"
              >
                <path
                  d="M11.8 10.9c-2.27-.59-3-1.2-3-2.15 0-1.09 1.01-1.85 2.7-1.85 1.78 0 2.44.85 2.5 2.1h2.21c-.07-1.72-1.12-3.3-3.21-3.81V3h-3v2.16c-1.94.42-3.5 1.68-3.5 3.61 0 2.31 1.91 3.46 4.7 4.13 2.5.6 3 1.48 3 2.41 0 .69-.49 1.79-2.7 1.79-2.06 0-2.87-.92-2.98-2.1h-2.2c.12 2.19 1.76 3.42 3.68 3.83V21h3v-2.15c1.95-.37 3.5-1.5 3.5-3.55 0-2.84-2.43-3.81-4.7-4.4"
                />
              </svg>
              <p
                class="MuiTypography-root MuiTypography-body2 css-1884ygc-MuiTypography-root"
              >
                $
                2000
                 
                USD
              </p>
            </div>
            <span
              class="MuiTypography-root MuiTypography-caption css-ol7wxs-MuiTypography-root"
            >
              Total Value
            </span>
          </div>
          <div
            class="MuiGrid-root MuiGrid-item MuiGrid-grid-xs-6 css-1osj8n2-MuiGrid-root"
          >
            <div
              class="MuiBox-root css-v2eixv"
            >
              <svg
                aria-hidden="true"
                class="MuiSvgIcon-root MuiSvgIcon-fontSizeSmall css-ptiqhd-MuiSvgIcon-root"
                data-testid="ScheduleIcon"
                focusable="false"
                viewBox="0 0 24 24"
              >
                <path
                  d="M11.99 2C6.47 2 2 6.48 2 12s4.47 10 9.99 10C17.52 22 22 17.52 22 12S17.52 2 11.99 2M12 20c-4.42 0-8-3.58-8-8s3.58-8 8-8 8 3.58 8 8-3.58 8-8 8"
                />
                <path
                  d="M12.5 7H11v6l5.25 3.15.75-1.23-4.5-2.67z"
                />
              </svg>
              <p
                class="MuiTypography-root MuiTypography-body2 css-1884ygc-MuiTypography-root"
              >
                Feb 15, 2024
              </p>
            </div>
            <span
              class="MuiTypography-root MuiTypography-caption css-ol7wxs-MuiTypography-root"
            >
              Due Date
            </span>
          </div>
        </div>
        <div
          class="MuiBox-root css-1qm1lh"
        >
          <div
            class="MuiBox-root css-pcqfzb"
          >
            <p
              class="MuiTypography-root MuiTypography-body2 css-1884ygc-MuiTypography-root"
            >
              Progress
            </p>
            <p
              class="MuiTypography-root MuiTypography-body2 css-xtz2xu-MuiTypography-root"
            >
              50
              %
            </p>
          </...
 ✓ src/test/contract.test.tsx > ContractCard > renders contract card for freelancer view
 ✓ src/test/contract.test.tsx > ContractCard > shows progress bar for active contracts
 ✓ src/test/contract.test.tsx > ContractCard > shows next milestone information
 ✓ src/test/contract.test.tsx > ContractCard > shows signature status for draft contracts
 ✓ src/test/contract.test.tsx > ContractCard > calls action handlers
 × src/test/contract.test.tsx > ContractForm > renders contract form with proposal data
   → jest is not defined
 × src/test/contract.test.tsx > ContractForm > navigates through form steps
   → jest is not defined
 × src/test/contract.test.tsx > ContractForm > validates form fields
   → jest is not defined
 × src/test/contract.test.tsx > ContractForm > manages milestones
   → jest is not defined
 × src/test/contract.test.tsx > ContractForm > submits contract successfully
   → jest is not defined
 ✓ src/test/contract.test.tsx > MilestoneManager > renders milestone manager with progress
 × src/test/contract.test.tsx > MilestoneManager > shows milestone details
   → Found multiple elements with the text: $1000

Here are the matching elements:

Ignored nodes: comments, script, style
<p
  class="MuiTypography-root MuiTypography-body2 css-2t8iw2-MuiTypography-root"
>
  $
  1000
</p>

Ignored nodes: comments, script, style
<p
  class="MuiTypography-root MuiTypography-body2 css-2t8iw2-MuiTypography-root"
>
  $
  1000
</p>

(If this is intentional, then use the `*AllBy*` variant of the query (like `queryAllByText`, `getAllByText`, or `findAllByText`)).

Ignored nodes: comments, script, style
<body>
  <div>
    <div
      class="MuiBox-root css-0"
    >
      <div
        class="MuiPaper-root MuiPaper-elevation MuiPaper-rounded MuiPaper-elevation1 MuiCard-root css-z38s0k-MuiPaper-root-MuiCard-root"
      >
        <div
          class="MuiCardContent-root css-46bh2p-MuiCardContent-root"
        >
          <h6
            class="MuiTypography-root MuiTypography-h6 MuiTypography-gutterBottom css-pne570-MuiTypography-root"
          >
            Project Progress
          </h6>
          <div
            class="MuiBox-root css-ukdiqv"
          >
            <span
              aria-valuemax="100"
              aria-valuemin="0"
              aria-valuenow="50"
              class="MuiLinearProgress-root MuiLinearProgress-colorPrimary MuiLinearProgress-determinate css-6eznea-MuiLinearProgress-root"
              role="progressbar"
            >
              <span
                class="MuiLinearProgress-bar MuiLinearProgress-barColorPrimary MuiLinearProgress-bar1Determinate css-4sz5p1-MuiLinearProgress-bar1"
                style="transform: translateX(-50%);"
              />
            </span>
            <p
              class="MuiTypography-root MuiTypography-body2 css-xtz2xu-MuiTypography-root"
            >
              50
              %
            </p>
          </div>
          <p
            class="MuiTypography-root MuiTypography-body2 css-xtz2xu-MuiTypography-root"
          >
            1
             of 
            2
             milestones completed
          </p>
        </div>
      </div>
      <h6
        class="MuiTypography-root MuiTypography-h6 MuiTypography-gutterBottom css-pne570-MuiTypography-root"
      >
        Milestones (
        2
        )
      </h6>
      <div
        class="MuiPaper-root MuiPaper-elevation MuiPaper-rounded MuiPaper-elevation1 MuiCard-root css-18646eb-MuiPaper-root-MuiCard-root"
      >
        <div
          class="MuiCardContent-root css-46bh2p-MuiCardContent-root"
        >
          <div
            class="MuiBox-root css-lhftxy"
          >
            <div
              class="MuiBox-root css-1rr4qq7"
            >
              <h6
                class="MuiTypography-root MuiTypography-h6 MuiTypography-gutterBottom css-pne570-MuiTypography-root"
              >
                Frontend Development
              </h6>
              <p
                class="MuiTypography-root MuiTypography-body2 MuiTypography-paragraph css-ydbnju-MuiTypography-root"
              >
                Build responsive frontend
              </p>
            </div>
            <div
              class="MuiBox-root css-axw7ok"
            >
              <svg
                aria-hidden="true"
                class="MuiSvgIcon-root MuiSvgIcon-colorSuccess MuiSvgIcon-fontSizeMedium css-d0womi-MuiSvgIcon-root"
                data-testid="CheckCircleIcon"
                focusable="false"
                viewBox="0 0 24 24"
              >
                <path
                  d="M12 2C6.48 2 2 6.48 2 12s4.48 10 10 10 10-4.48 10-10S17.52 2 12 2m-2 15-5-5 1.41-1.41L10 14.17l7.59-7.59L19 8z"
                />
              </svg>
              <div
                class="MuiChip-root MuiChip-filled MuiChip-sizeSmall MuiChip-colorSuccess MuiChip-filledSuccess css-127akec-MuiChip-root"
              >
                <span
                  class="MuiChip-label MuiChip-labelSmall css-t3ycia-MuiChip-label"
                >
                  APPROVED
                </span>
              </div>
            </div>
          </div>
          <div
            class="MuiGrid-root MuiGrid-container MuiGrid-spacing-xs-2 css-l8v5xp-MuiGrid-root"
          >
            <div
              class="MuiGrid-root MuiGrid-item MuiGrid-grid-xs-12 MuiGrid-grid-sm-4 css-wg4xta-MuiGrid-root"
            >
              <div
                class="MuiBox-root css-171onha"
              >
                <svg
                  aria-hidden="true"
                  class="MuiSvgIcon-root MuiSvgIcon-fontSizeSmall css-ptiqhd-MuiSvgIcon-root"
                  data-testid="AttachMoneyIcon"
                  focusable="false"
                  viewBox="0 0 24 24"
                >
                  <path
                    d="M11.8 10.9c-2.27-.59-3-1.2-3-2.15 0-1.09 1.01-1.85 2.7-1.85 1.78 0 2.44.85 2.5 2.1h2.21c-.07-1.72-1.12-3.3-3.21-3.81V3h-3v2.16c-1.94.42-3.5 1.68-3.5 3.61 0 2.31 1.91 3.46 4.7 4.13 2.5.6 3 1.48 3 2.41 0 .69-.49 1.79-2.7 1.79-2.06 0-2.87-.92-2.98-2.1h-2.2c.12 2.19 1.76 3.42 3.68 3.83V21h3v-2.15c1.95-.37 3.5-1.5 3.5-3.55 0-2.84-2.43-3.81-4.7-4.4"
                  />
                </svg>
                <p
                  class="MuiTypography-root MuiTypography-body2 css-2t8iw2-MuiTypography-root"
                >
                  $
                  1000
                </p>
              </div>
            </div>
            <div
              class="MuiGrid-root MuiGrid-item MuiGrid-grid-xs-12 MuiGrid-grid-sm-4 css-wg4xta-MuiGrid-root"
            >
              <div
                class="MuiBox-root css-171onha"
              >
                <svg
                  aria-hidden="true"
                  class="MuiSvgIcon-root MuiSvgIcon-fontSizeS...
 ✓ src/test/contract.test.tsx > MilestoneManager > shows submit button for freelancer on eligible milestones
 ✓ src/test/contract.test.tsx > MilestoneManager > shows approve/reject buttons for client on submitted milestones
 × src/test/contract.test.tsx > MilestoneManager > handles milestone submission 1030ms
   → Found multiple elements with the text: Submit Milestone

Here are the matching elements:

Ignored nodes: comments, script, style
<button
  class="MuiButtonBase-root MuiButton-root MuiButton-contained MuiButton-containedPrimary MuiButton-sizeSmall MuiButton-containedSizeSmall MuiButton-colorPrimary MuiButton-root MuiButton-contained MuiButton-containedPrimary MuiButton-sizeSmall MuiButton-containedSizeSmall MuiButton-colorPrimary css-1wl839p-MuiButtonBase-root-MuiButton-root"
  tabindex="0"
  type="button"
>
  <span
    class="MuiButton-icon MuiButton-startIcon MuiButton-iconSizeSmall css-cstir9-MuiButton-startIcon"
  >
    <svg
      aria-hidden="true"
      class="MuiSvgIcon-root MuiSvgIcon-fontSizeMedium css-i4bv87-MuiSvgIcon-root"
      data-testid="UploadIcon"
      focusable="false"
      viewBox="0 0 24 24"
    >
      <path
        d="M5 20h14v-2H5zm0-10h4v6h6v-6h4l-7-7z"
      />
    </svg>
  </span>
  Submit Milestone
  <span
    class="MuiTouchRipple-root css-8je8zh-MuiTouchRipple-root"
  />
</button>

Ignored nodes: comments, script, style
<h2
  class="MuiTypography-root MuiTypography-h6 MuiDialogTitle-root css-dmdk1s-MuiTypography-root-MuiDialogTitle-root"
  id=":rf:"
>
  Submit Milestone
</h2>

Ignored nodes: comments, script, style
<button
  class="MuiButtonBase-root MuiButton-root MuiButton-contained MuiButton-containedPrimary MuiButton-sizeMedium MuiButton-containedSizeMedium MuiButton-colorPrimary MuiButton-root MuiButton-contained MuiButton-containedPrimary MuiButton-sizeMedium MuiButton-containedSizeMedium MuiButton-colorPrimary css-1od66nh-MuiButtonBase-root-MuiButton-root"
  tabindex="0"
  type="button"
>
  Submit Milestone
  <span
    class="MuiTouchRipple-root css-8je8zh-MuiTouchRipple-root"
  />
</button>

(If this is intentional, then use the `*AllBy*` variant of the query (like `queryAllByText`, `getAllByText`, or `findAllByText`)).

Ignored nodes: comments, script, style
<body
  style="padding-right: 1024px; overflow: hidden;"
>
  <div
    aria-hidden="true"
  >
    <div
      class="MuiBox-root css-0"
    >
      <div
        class="MuiPaper-root MuiPaper-elevation MuiPaper-rounded MuiPaper-elevation1 MuiCard-root css-z38s0k-MuiPaper-root-MuiCard-root"
      >
        <div
          class="MuiCardContent-root css-46bh2p-MuiCardContent-root"
        >
          <h6
            class="MuiTypography-root MuiTypography-h6 MuiTypography-gutterBottom css-pne570-MuiTypography-root"
          >
            Project Progress
          </h6>
          <div
            class="MuiBox-root css-ukdiqv"
          >
            <span
              aria-valuemax="100"
              aria-valuemin="0"
              aria-valuenow="50"
              class="MuiLinearProgress-root MuiLinearProgress-colorPrimary MuiLinearProgress-determinate css-6eznea-MuiLinearProgress-root"
              role="progressbar"
            >
              <span
                class="MuiLinearProgress-bar MuiLinearProgress-barColorPrimary MuiLinearProgress-bar1Determinate css-4sz5p1-MuiLinearProgress-bar1"
                style="transform: translateX(-50%);"
              />
            </span>
            <p
              class="MuiTypography-root MuiTypography-body2 css-xtz2xu-MuiTypography-root"
            >
              50
              %
            </p>
          </div>
          <p
            class="MuiTypography-root MuiTypography-body2 css-xtz2xu-MuiTypography-root"
          >
            1
             of 
            2
             milestones completed
          </p>
        </div>
      </div>
      <h6
        class="MuiTypography-root MuiTypography-h6 MuiTypography-gutterBottom css-pne570-MuiTypography-root"
      >
        Milestones (
        2
        )
      </h6>
      <div
        class="MuiPaper-root MuiPaper-elevation MuiPaper-rounded MuiPaper-elevation1 MuiCard-root css-18646eb-MuiPaper-root-MuiCard-root"
      >
        <div
          class="MuiCardContent-root css-46bh2p-MuiCardContent-root"
        >
          <div
            class="MuiBox-root css-lhftxy"
          >
            <div
              class="MuiBox-root css-1rr4qq7"
            >
              <h6
                class="MuiTypography-root MuiTypography-h6 MuiTypography-gutterBottom css-pne570-MuiTypography-root"
              >
                Frontend Development
              </h6>
              <p
                class="MuiTypography-root MuiTypography-body2 MuiTypography-paragraph css-ydbnju-MuiTypography-root"
              >
                Build responsive frontend
              </p>
            </div>
            <div
              class="MuiBox-root css-axw7ok"
            >
              <svg
                aria-hidden="true"
                class="MuiSvgIcon-root MuiSvgIcon-colorSuccess MuiSvgIcon-fontSizeMedium css-d0womi-MuiSvgIcon-root"
                data-testid="CheckCircleIcon"
                focusable="false"
                viewBox="0 0 24 24"
              >
                <path
                  d="M12 2C6.48 2 2 6.48 2 12s4.48 10 10 10 10-4.48 10-10S17.52 2 12 2m-2 15-5-5 1.41-1.41L10 14.17l7.59-7.59L19 8z"
                />
              </svg>
              <div
                class="MuiChip-root MuiChip-filled MuiChip-sizeSmall MuiChip-colorSuccess MuiChip-filledSuccess css-127akec-MuiChip-root"
              >
                <span
                  class="MuiChip-label MuiChip-labelSmall css-t3ycia-MuiChip-label"
                >
                  APPROVED
                </span>
              </div>
            </div>
          </div>
          <div
            class="MuiGrid-root MuiGrid-container MuiGrid-spacing-xs-2 css-l8v5xp-MuiGrid-root"
          >
            <div
              class="MuiGrid-root MuiGrid-item MuiGrid-grid-xs-12 MuiGrid-grid-sm-4 css-wg4xta-MuiGrid-root"
            >
              <div
                class="MuiBox-root css-171onha"
              >
                <svg
                  aria-hidden="true"
                  class="MuiSvgIcon-root MuiSvgIcon-fontSizeSmall css-ptiqhd-MuiSvgIcon-root"
                  data-testid="AttachMoneyIcon"
                  focusable="false"
                  viewBox="0 0 24 24"
                >
                  <path
                    d="M11.8 10.9c-2.27-.59-3-1.2-3-2.15 0-1.09 1.01-1.85 2.7-1.85 1.78 0 2.44.85 2.5 2.1h2.21c-.07-1.72-1.12-3.3-3.21-3.81V3h-3v2.16c-1.94.42-3.5 1.68-3.5 3.61 0 2.31 1.91 3.46 4.7 4.13 2.5.6 3 1.48 3 2.41 0 .69-.49 1.79-2.7 1.79-2.06 0-2.87-.92-2.98-2.1h-2.2c.12 2.19 1.76 3.42 3.68 3.83V21h3v-2.15c1.95-.37 3.5-1.5 3.5-3.55 0-2.84-2.43-3.81-4.7-4.4"
                  />
                </svg>
                <p
                  class="MuiTypography-root MuiTypography-body2 css-2t8iw2-MuiTypography-root"
                >
                  $
                  1000
                </p>
              </div>
            </div>
            <div
              class="MuiGrid-root MuiGrid-item MuiGrid-grid-xs-12 MuiGrid-grid-sm-4 css-wg4xta-MuiGrid-root"
            >
              <div
                class="MuiBox-root css-171onha"
              >
                <svg...
 × src/test/contract.test.tsx > MilestoneManager > handles milestone approval 301ms
   → Found multiple elements with the text: Approve Milestone

Here are the matching elements:

Ignored nodes: comments, script, style
<h2
  class="MuiTypography-root MuiTypography-h6 MuiDialogTitle-root css-dmdk1s-MuiTypography-root-MuiDialogTitle-root"
  id=":rm:"
>
  Approve Milestone
</h2>

Ignored nodes: comments, script, style
<button
  class="MuiButtonBase-root MuiButton-root MuiButton-contained MuiButton-containedSuccess MuiButton-sizeMedium MuiButton-containedSizeMedium MuiButton-colorSuccess MuiButton-root MuiButton-contained MuiButton-containedSuccess MuiButton-sizeMedium MuiButton-containedSizeMedium MuiButton-colorSuccess css-1icjxmz-MuiButtonBase-root-MuiButton-root"
  tabindex="0"
  type="button"
>
  Approve Milestone
  <span
    class="MuiTouchRipple-root css-8je8zh-MuiTouchRipple-root"
  />
</button>

(If this is intentional, then use the `*AllBy*` variant of the query (like `queryAllByText`, `getAllByText`, or `findAllByText`)).

Ignored nodes: comments, script, style
<body
  style="padding-right: 1024px; overflow: hidden;"
>
  <div
    aria-hidden="true"
  >
    <div
      class="MuiBox-root css-0"
    >
      <div
        class="MuiPaper-root MuiPaper-elevation MuiPaper-rounded MuiPaper-elevation1 MuiCard-root css-z38s0k-MuiPaper-root-MuiCard-root"
      >
        <div
          class="MuiCardContent-root css-46bh2p-MuiCardContent-root"
        >
          <h6
            class="MuiTypography-root MuiTypography-h6 MuiTypography-gutterBottom css-pne570-MuiTypography-root"
          >
            Project Progress
          </h6>
          <div
            class="MuiBox-root css-ukdiqv"
          >
            <span
              aria-valuemax="100"
              aria-valuemin="0"
              aria-valuenow="0"
              class="MuiLinearProgress-root MuiLinearProgress-colorPrimary MuiLinearProgress-determinate css-6eznea-MuiLinearProgress-root"
              role="progressbar"
            >
              <span
                class="MuiLinearProgress-bar MuiLinearProgress-barColorPrimary MuiLinearProgress-bar1Determinate css-4sz5p1-MuiLinearProgress-bar1"
                style="transform: translateX(-100%);"
              />
            </span>
            <p
              class="MuiTypography-root MuiTypography-body2 css-xtz2xu-MuiTypography-root"
            >
              0
              %
            </p>
          </div>
          <p
            class="MuiTypography-root MuiTypography-body2 css-xtz2xu-MuiTypography-root"
          >
            0
             of 
            2
             milestones completed
          </p>
        </div>
      </div>
      <h6
        class="MuiTypography-root MuiTypography-h6 MuiTypography-gutterBottom css-pne570-MuiTypography-root"
      >
        Milestones (
        2
        )
      </h6>
      <div
        class="MuiPaper-root MuiPaper-elevation MuiPaper-rounded MuiPaper-elevation1 MuiCard-root css-18646eb-MuiPaper-root-MuiCard-root"
      >
        <div
          class="MuiCardContent-root css-46bh2p-MuiCardContent-root"
        >
          <div
            class="MuiBox-root css-lhftxy"
          >
            <div
              class="MuiBox-root css-1rr4qq7"
            >
              <h6
                class="MuiTypography-root MuiTypography-h6 MuiTypography-gutterBottom css-pne570-MuiTypography-root"
              >
                Frontend Development
              </h6>
              <p
                class="MuiTypography-root MuiTypography-body2 MuiTypography-paragraph css-ydbnju-MuiTypography-root"
              >
                Build responsive frontend
              </p>
            </div>
            <div
              class="MuiBox-root css-axw7ok"
            >
              <svg
                aria-hidden="true"
                class="MuiSvgIcon-root MuiSvgIcon-colorWarning MuiSvgIcon-fontSizeMedium css-i94f2r-MuiSvgIcon-root"
                data-testid="ScheduleIcon"
                focusable="false"
                viewBox="0 0 24 24"
              >
                <path
                  d="M11.99 2C6.47 2 2 6.48 2 12s4.47 10 9.99 10C17.52 22 22 17.52 22 12S17.52 2 11.99 2M12 20c-4.42 0-8-3.58-8-8s3.58-8 8-8 8 3.58 8 8-3.58 8-8 8"
                />
                <path
                  d="M12.5 7H11v6l5.25 3.15.75-1.23-4.5-2.67z"
                />
              </svg>
              <div
                class="MuiChip-root MuiChip-filled MuiChip-sizeSmall MuiChip-colorWarning MuiChip-filledWarning css-g26vwy-MuiChip-root"
              >
                <span
                  class="MuiChip-label MuiChip-labelSmall css-t3ycia-MuiChip-label"
                >
                  SUBMITTED
                </span>
              </div>
            </div>
          </div>
          <div
            class="MuiGrid-root MuiGrid-container MuiGrid-spacing-xs-2 css-l8v5xp-MuiGrid-root"
          >
            <div
              class="MuiGrid-root MuiGrid-item MuiGrid-grid-xs-12 MuiGrid-grid-sm-4 css-wg4xta-MuiGrid-root"
            >
              <div
                class="MuiBox-root css-171onha"
              >
                <svg
                  aria-hidden="true"
                  class="MuiSvgIcon-root MuiSvgIcon-fontSizeSmall css-ptiqhd-MuiSvgIcon-root"
                  data-testid="AttachMoneyIcon"
                  focusable="false"
                  viewBox="0 0 24 24"
                >
                  <path
                    d="M11.8 10.9c-2.27-.59-3-1.2-3-2.15 0-1.09 1.01-1.85 2.7-1.85 1.78 0 2.44.85 2.5 2.1h2.21c-.07-1.72-1.12-3.3-3.21-3.81V3h-3v2.16c-1.94.42-3.5 1.68-3.5 3.61 0 2.31 1.91 3.46 4.7 4.13 2.5.6 3 1.48 3 2.41 0 .69-.49 1.79-2.7 1.79-2.06 0-2.87-.92-2.98-2.1h-2.2c.12 2.19 1.76 3.42 3.68 3.83V21h3v-2.15c1.95-.37 3.5-1.5 3.5-3.55 0-2.84-2.43-3.81-4.7-4.4"
                  />
                </svg>
                <p
                  class="MuiTypography-root MuiTypography-body2 css-2t8iw2-MuiTypography-root"
                >
                  $
                  1000
                </p>
              </div>
            </div>
            <div
              class="MuiGrid-root MuiGrid-item MuiGrid-grid-xs-12 MuiGrid-grid-sm-4 css-wg4xta-MuiGrid-root"
  ...
 ✓ src/test/contract.test.tsx > MilestoneManager > shows deliverables in accordion
 ✓ src/test/contract.test.tsx > MilestoneManager > shows client feedback
 × src/test/payment.test.tsx > PaymentForm > renders payment form correctly
   → jest is not defined
 × src/test/payment.test.tsx > PaymentForm > calculates platform fee correctly
   → jest is not defined
 × src/test/payment.test.tsx > PaymentForm > shows security and escrow notices
   → jest is not defined
 × src/test/payment.test.tsx > PaymentForm > handles payment submission
   → jest is not defined
 ✓ src/test/payment.test.tsx > PaymentHistory > renders payment history correctly 334ms
 ✓ src/test/payment.test.tsx > PaymentHistory > displays payment details
 × src/test/payment.test.tsx > PaymentHistory > filters payments by status 1033ms
   → Found a label with the text of: Status, however no form control was found associated to that label. Make sure you're using the "for" attribute or "aria-labelledby" attribute correctly.

Ignored nodes: comments, script, style
<body
  style=""
>
  <div>
    <div
      class="MuiBox-root css-0"
    >
      <div
        class="MuiBox-root css-i3pbo"
      >
        <h5
          class="MuiTypography-root MuiTypography-h5 MuiTypography-gutterBottom css-1hkf4sh-MuiTypography-root"
        >
          Payment History
        </h5>
        <p
          class="MuiTypography-root MuiTypography-body2 css-xtz2xu-MuiTypography-root"
        >
          1
           payment
           found
        </p>
      </div>
      <div
        class="MuiGrid-root MuiGrid-container MuiGrid-spacing-xs-2 css-12rc5ck-MuiGrid-root"
      >
        <div
          class="MuiGrid-root MuiGrid-item MuiGrid-grid-xs-12 MuiGrid-grid-sm-6 MuiGrid-grid-md-3 css-10voxkt-MuiGrid-root"
        >
          <div
            class="MuiFormControl-root MuiFormControl-fullWidth MuiTextField-root css-18hear-MuiFormControl-root-MuiTextField-root"
          >
            <div
              class="MuiInputBase-root MuiOutlinedInput-root MuiInputBase-colorPrimary MuiInputBase-fullWidth MuiInputBase-formControl MuiInputBase-sizeSmall MuiInputBase-adornedStart css-1cj7mpt-MuiInputBase-root-MuiOutlinedInput-root"
            >
              <div
                class="MuiInputAdornment-root MuiInputAdornment-positionStart MuiInputAdornment-outlined MuiInputAdornment-sizeSmall css-ittuaa-MuiInputAdornment-root"
              >
                <span
                  class="notranslate"
                >
                  ​
                </span>
                <svg
                  aria-hidden="true"
                  class="MuiSvgIcon-root MuiSvgIcon-fontSizeMedium css-i4bv87-MuiSvgIcon-root"
                  data-testid="SearchIcon"
                  focusable="false"
                  viewBox="0 0 24 24"
                >
                  <path
                    d="M15.5 14h-.79l-.28-.27C15.41 12.59 16 11.11 16 9.5 16 5.91 13.09 3 9.5 3S3 5.91 3 9.5 5.91 16 9.5 16c1.61 0 3.09-.59 4.23-1.57l.27.28v.79l5 4.99L20.49 19zm-6 0C7.01 14 5 11.99 5 9.5S7.01 5 9.5 5 14 7.01 14 9.5 11.99 14 9.5 14"
                  />
                </svg>
              </div>
              <input
                aria-invalid="false"
                class="MuiInputBase-input MuiOutlinedInput-input MuiInputBase-inputSizeSmall MuiInputBase-inputAdornedStart css-1ua80n0-MuiInputBase-input-MuiOutlinedInput-input"
                id=":rt:"
                placeholder="Search payments..."
                type="text"
                value=""
              />
              <fieldset
                aria-hidden="true"
                class="MuiOutlinedInput-notchedOutline css-r01yff-MuiNotchedOutlined-root-MuiOutlinedInput-notchedOutline"
              >
                <legend
                  class="css-1whs34k-MuiNotchedOutlined-root"
                >
                  <span
                    class="notranslate"
                  >
                    ​
                  </span>
                </legend>
              </fieldset>
            </div>
          </div>
        </div>
        <div
          class="MuiGrid-root MuiGrid-item MuiGrid-grid-xs-12 MuiGrid-grid-sm-6 MuiGrid-grid-md-3 css-10voxkt-MuiGrid-root"
        >
          <div
            class="MuiFormControl-root MuiFormControl-fullWidth css-q8hpuo-MuiFormControl-root"
          >
            <label
              class="MuiFormLabel-root MuiInputLabel-root MuiInputLabel-formControl MuiInputLabel-animated MuiInputLabel-shrink MuiInputLabel-sizeSmall MuiInputLabel-outlined MuiFormLabel-colorPrimary MuiFormLabel-filled MuiInputLabel-root MuiInputLabel-formControl MuiInputLabel-animated MuiInputLabel-shrink MuiInputLabel-sizeSmall MuiInputLabel-outlined css-fe0mau-MuiFormLabel-root-MuiInputLabel-root"
              data-shrink="true"
            >
              Status
            </label>
            <div
              class="MuiInputBase-root MuiOutlinedInput-root MuiInputBase-colorPrimary MuiInputBase-formControl MuiInputBase-sizeSmall css-13lg1x7-MuiInputBase-root-MuiOutlinedInput-root-MuiSelect-root"
            >
              <div
                aria-controls=":ru:"
                aria-expanded="false"
                aria-haspopup="listbox"
                class="MuiSelect-select MuiSelect-outlined MuiInputBase-input MuiOutlinedInput-input MuiInputBase-inputSizeSmall css-1fzjff4-MuiSelect-select-MuiInputBase-input-MuiOutlinedInput-input"
                role="combobox"
                tabindex="0"
              >
                All Statuses
              </div>
              <input
                aria-hidden="true"
                aria-invalid="false"
                class="MuiSelect-nativeInput css-yf8vq0-MuiSelect-nativeInput"
                tabindex="-1"
                value="all"
              />
              <svg
                aria-hidden="true"
                class="MuiSvgIcon-root MuiSvgIcon-fontSizeMedium MuiSelect-icon MuiSelect-iconOutlined css-hfutr2-MuiSvgIcon-root-MuiSelect-icon"
                data-testid="ArrowDropDownIcon"
                focusable="false"
                viewBox="0 0 24 24"
              >
                <path
                  d="M7 10l5 5 5-5z"
                />
              </svg>
              <fieldset
                aria-hidden="true"
   ...

Ignored nodes: comments, script, style
<html>
  <head />
  <body
    style=""
  >
    <div>
      <div
        class="MuiBox-root css-0"
      >
        <div
          class="MuiBox-root css-i3pbo"
        >
          <h5
            class="MuiTypography-root MuiTypography-h5 MuiTypography-gutterBottom css-1hkf4sh-MuiTypography-root"
          >
            Payment History
          </h5>
          <p
            class="MuiTypography-root MuiTypography-body2 css-xtz2xu-MuiTypography-root"
          >
            1
             payment
             found
          </p>
        </div>
        <div
          class="MuiGrid-root MuiGrid-container MuiGrid-spacing-xs-2 css-12rc5ck-MuiGrid-root"
        >
          <div
            class="MuiGrid-root MuiGrid-item MuiGrid-grid-xs-12 MuiGrid-grid-sm-6 MuiGrid-grid-md-3 css-10voxkt-MuiGrid-root"
          >
            <div
              class="MuiFormControl-root MuiFormControl-fullWidth MuiTextField-root css-18hear-MuiFormControl-root-MuiTextField-root"
            >
              <div
                class="MuiInputBase-root MuiOutlinedInput-root MuiInputBase-colorPrimary MuiInputBase-fullWidth MuiInputBase-formControl MuiInputBase-sizeSmall MuiInputBase-adornedStart css-1cj7mpt-MuiInputBase-root-MuiOutlinedInput-root"
              >
                <div
                  class="MuiInputAdornment-root MuiInputAdornment-positionStart MuiInputAdornment-outlined MuiInputAdornment-sizeSmall css-ittuaa-MuiInputAdornment-root"
                >
                  <span
                    class="notranslate"
                  >
                    ​
                  </span>
                  <svg
                    aria-hidden="true"
                    class="MuiSvgIcon-root MuiSvgIcon-fontSizeMedium css-i4bv87-MuiSvgIcon-root"
                    data-testid="SearchIcon"
                    focusable="false"
                    viewBox="0 0 24 24"
                  >
                    <path
                      d="M15.5 14h-.79l-.28-.27C15.41 12.59 16 11.11 16 9.5 16 5.91 13.09 3 9.5 3S3 5.91 3 9.5 5.91 16 9.5 16c1.61 0 3.09-.59 4.23-1.57l.27.28v.79l5 4.99L20.49 19zm-6 0C7.01 14 5 11.99 5 9.5S7.01 5 9.5 5 14 7.01 14 9.5 11.99 14 9.5 14"
                    />
                  </svg>
                </div>
                <input
                  aria-invalid="false"
                  class="MuiInputBase-input MuiOutlinedInput-input MuiInputBase-inputSizeSmall MuiInputBase-inputAdornedStart css-1ua80n0-MuiInputBase-input-MuiOutlinedInput-input"
                  id=":rt:"
                  placeholder="Search payments..."
                  type="text"
                  value=""
                />
                <fieldset
                  aria-hidden="true"
                  class="MuiOutlinedInput-notchedOutline css-r01yff-MuiNotchedOutlined-root-MuiOutlinedInput-notchedOutline"
                >
                  <legend
                    class="css-1whs34k-MuiNotchedOutlined-root"
                  >
                    <span
                      class="notranslate"
                    >
                      ​
                    </span>
                  </legend>
                </fieldset>
              </div>
            </div>
          </div>
          <div
            class="MuiGrid-root MuiGrid-item MuiGrid-grid-xs-12 MuiGrid-grid-sm-6 MuiGrid-grid-md-3 css-10voxkt-MuiGrid-root"
          >
            <div
              class="MuiFormControl-root MuiFormControl-fullWidth css-q8hpuo-MuiFormControl-root"
            >
              <label
                class="MuiFormLabel-root MuiInputLabel-root MuiInputLabel-formControl MuiInputLabel-animated MuiInputLabel-shrink MuiInputLabel-sizeSmall MuiInputLabel-outlined MuiFormLabel-colorPrimary MuiFormLabel-filled MuiInputLabel-root MuiInputLabel-formControl MuiInputLabel-animated MuiInputLabel-shrink MuiInputLabel-sizeSmall MuiInputLabel-outlined css-fe0mau-MuiFormLabel-root-MuiInputLabel-root"
                data-shrink="true"
              >
                Status
              </label>
              <div
                class="MuiInputBase-root MuiOutlinedInput-root MuiInputBase-colorPrimary MuiInputBase-formControl MuiInputBase-sizeSmall css-13lg1x7-MuiInputBase-root-MuiOutlinedInput-root-MuiSelect-root"
              >
                <div
                  aria-controls=":ru:"
                  aria-expanded="false"
                  aria-haspopup="listbox"
                  class="MuiSelect-select MuiSelect-outlined MuiInputBase-input MuiOutlinedInput-input MuiInputBase-inputSizeSmall css-1fzjff4-MuiSelect-select-MuiInputBase-input-MuiOutlinedInput-input"
                  role="combobox"
                  tabindex="0"
                >
                  All Statuses
                </div>
                <input
                  aria-hidden="true"
                  aria-invalid="false"
                  class="MuiSelect-nativeInput css-yf8vq0-MuiSelect-nativeInput"
                  tabindex="-1"
                  value="all"
                />
                <svg
                  aria-hidden="true"
                  class="MuiSvgIcon-root MuiSvgIcon-fontSizeMedium MuiSelect-icon MuiSelect-iconOutlined css-hfutr2-MuiSvgIcon-root-MuiSelect-icon"
                  data-testid="ArrowDropDownIcon"
                  focusable="false"
                  viewBox="0 0 24 24...
 ✓ src/test/payment.test.tsx > PaymentHistory > shows empty state when no payments
 ✓ src/test/payment.test.tsx > EscrowAccountSetup > renders setup form for new account 304ms
 ✓ src/test/payment.test.tsx > EscrowAccountSetup > shows account details for existing account
 ✓ src/test/payment.test.tsx > EscrowAccountSetup > handles account creation
 × src/test/payment.test.tsx > PayoutManager > renders payout manager correctly 1119ms
   → Found multiple elements with the text: Available Balance

Here are the matching elements:

Ignored nodes: comments, script, style
<p
  class="MuiTypography-root MuiTypography-body2 css-xtz2xu-MuiTypography-root"
>
  Available Balance
</p>

Ignored nodes: comments, script, style
<h6
  class="MuiTypography-root MuiTypography-h6 css-1rem9xf-MuiTypography-root"
>
  Available Balance
</h6>

(If this is intentional, then use the `*AllBy*` variant of the query (like `queryAllByText`, `getAllByText`, or `findAllByText`)).

Ignored nodes: comments, script, style
<body
  style=""
>
  <div>
    <div
      class="MuiBox-root css-0"
    >
      <div
        class="MuiBox-root css-i3pbo"
      >
        <h5
          class="MuiTypography-root MuiTypography-h5 MuiTypography-gutterBottom css-1hkf4sh-MuiTypography-root"
        >
          Payment History
        </h5>
        <p
          class="MuiTypography-root MuiTypography-body2 css-xtz2xu-MuiTypography-root"
        >
          1
           payment
           found
        </p>
      </div>
      <div
        class="MuiGrid-root MuiGrid-container MuiGrid-spacing-xs-2 css-12rc5ck-MuiGrid-root"
      >
        <div
          class="MuiGrid-root MuiGrid-item MuiGrid-grid-xs-12 MuiGrid-grid-sm-6 MuiGrid-grid-md-3 css-10voxkt-MuiGrid-root"
        >
          <div
            class="MuiFormControl-root MuiFormControl-fullWidth MuiTextField-root css-18hear-MuiFormControl-root-MuiTextField-root"
          >
            <div
              class="MuiInputBase-root MuiOutlinedInput-root MuiInputBase-colorPrimary MuiInputBase-fullWidth MuiInputBase-formControl MuiInputBase-sizeSmall MuiInputBase-adornedStart css-1cj7mpt-MuiInputBase-root-MuiOutlinedInput-root"
            >
              <div
                class="MuiInputAdornment-root MuiInputAdornment-positionStart MuiInputAdornment-outlined MuiInputAdornment-sizeSmall css-ittuaa-MuiInputAdornment-root"
              >
                <span
                  class="notranslate"
                >
                  ​
                </span>
                <svg
                  aria-hidden="true"
                  class="MuiSvgIcon-root MuiSvgIcon-fontSizeMedium css-i4bv87-MuiSvgIcon-root"
                  data-testid="SearchIcon"
                  focusable="false"
                  viewBox="0 0 24 24"
                >
                  <path
                    d="M15.5 14h-.79l-.28-.27C15.41 12.59 16 11.11 16 9.5 16 5.91 13.09 3 9.5 3S3 5.91 3 9.5 5.91 16 9.5 16c1.61 0 3.09-.59 4.23-1.57l.27.28v.79l5 4.99L20.49 19zm-6 0C7.01 14 5 11.99 5 9.5S7.01 5 9.5 5 14 7.01 14 9.5 11.99 14 9.5 14"
                  />
                </svg>
              </div>
              <input
                aria-invalid="false"
                class="MuiInputBase-input MuiOutlinedInput-input MuiInputBase-inputSizeSmall MuiInputBase-inputAdornedStart css-1ua80n0-MuiInputBase-input-MuiOutlinedInput-input"
                id=":rt:"
                placeholder="Search payments..."
                type="text"
                value=""
              />
              <fieldset
                aria-hidden="true"
                class="MuiOutlinedInput-notchedOutline css-r01yff-MuiNotchedOutlined-root-MuiOutlinedInput-notchedOutline"
              >
                <legend
                  class="css-1whs34k-MuiNotchedOutlined-root"
                >
                  <span
                    class="notranslate"
                  >
                    ​
                  </span>
                </legend>
              </fieldset>
            </div>
          </div>
        </div>
        <div
          class="MuiGrid-root MuiGrid-item MuiGrid-grid-xs-12 MuiGrid-grid-sm-6 MuiGrid-grid-md-3 css-10voxkt-MuiGrid-root"
        >
          <div
            class="MuiFormControl-root MuiFormControl-fullWidth css-q8hpuo-MuiFormControl-root"
          >
            <label
              class="MuiFormLabel-root MuiInputLabel-root MuiInputLabel-formControl MuiInputLabel-animated MuiInputLabel-shrink MuiInputLabel-sizeSmall MuiInputLabel-outlined MuiFormLabel-colorPrimary MuiFormLabel-filled MuiInputLabel-root MuiInputLabel-formControl MuiInputLabel-animated MuiInputLabel-shrink MuiInputLabel-sizeSmall MuiInputLabel-outlined css-fe0mau-MuiFormLabel-root-MuiInputLabel-root"
              data-shrink="true"
            >
              Status
            </label>
            <div
              class="MuiInputBase-root MuiOutlinedInput-root MuiInputBase-colorPrimary MuiInputBase-formControl MuiInputBase-sizeSmall css-13lg1x7-MuiInputBase-root-MuiOutlinedInput-root-MuiSelect-root"
            >
              <div
                aria-controls=":ru:"
                aria-expanded="false"
                aria-haspopup="listbox"
                class="MuiSelect-select MuiSelect-outlined MuiInputBase-input MuiOutlinedInput-input MuiInputBase-inputSizeSmall css-1fzjff4-MuiSelect-select-MuiInputBase-input-MuiOutlinedInput-input"
                role="combobox"
                tabindex="0"
              >
                All Statuses
              </div>
              <input
                aria-hidden="true"
                aria-invalid="false"
                class="MuiSelect-nativeInput css-yf8vq0-MuiSelect-nativeInput"
                tabindex="-1"
                value="all"
              />
              <svg
                aria-hidden="true"
                class="MuiSvgIcon-root MuiSvgIcon-fontSizeMedium MuiSelect-icon MuiSelect-iconOutlined css-hfutr2-MuiSvgIcon-root-MuiSelect-icon"
                data-testid="ArrowDropDownIcon"
                focusable="false"
                viewBox="0 0 24 24"
              >
                <path
                  d="M7 10l5 5 5-5z"
                />
              </svg>
              <fieldset
                aria-hidden="true"
   ...

Ignored nodes: comments, script, style
<html>
  <head />
  <body
    style=""
  >
    <div>
      <div
        class="MuiBox-root css-0"
      >
        <div
          class="MuiBox-root css-i3pbo"
        >
          <h5
            class="MuiTypography-root MuiTypography-h5 MuiTypography-gutterBottom css-1hkf4sh-MuiTypography-root"
          >
            Payment History
          </h5>
          <p
            class="MuiTypography-root MuiTypography-body2 css-xtz2xu-MuiTypography-root"
          >
            1
             payment
             found
          </p>
        </div>
        <div
          class="MuiGrid-root MuiGrid-container MuiGrid-spacing-xs-2 css-12rc5ck-MuiGrid-root"
        >
          <div
            class="MuiGrid-root MuiGrid-item MuiGrid-grid-xs-12 MuiGrid-grid-sm-6 MuiGrid-grid-md-3 css-10voxkt-MuiGrid-root"
          >
            <div
              class="MuiFormControl-root MuiFormControl-fullWidth MuiTextField-root css-18hear-MuiFormControl-root-MuiTextField-root"
            >
              <div
                class="MuiInputBase-root MuiOutlinedInput-root MuiInputBase-colorPrimary MuiInputBase-fullWidth MuiInputBase-formControl MuiInputBase-sizeSmall MuiInputBase-adornedStart css-1cj7mpt-MuiInputBase-root-MuiOutlinedInput-root"
              >
                <div
                  class="MuiInputAdornment-root MuiInputAdornment-positionStart MuiInputAdornment-outlined MuiInputAdornment-sizeSmall css-ittuaa-MuiInputAdornment-root"
                >
                  <span
                    class="notranslate"
                  >
                    ​
                  </span>
                  <svg
                    aria-hidden="true"
                    class="MuiSvgIcon-root MuiSvgIcon-fontSizeMedium css-i4bv87-MuiSvgIcon-root"
                    data-testid="SearchIcon"
                    focusable="false"
                    viewBox="0 0 24 24"
                  >
                    <path
                      d="M15.5 14h-.79l-.28-.27C15.41 12.59 16 11.11 16 9.5 16 5.91 13.09 3 9.5 3S3 5.91 3 9.5 5.91 16 9.5 16c1.61 0 3.09-.59 4.23-1.57l.27.28v.79l5 4.99L20.49 19zm-6 0C7.01 14 5 11.99 5 9.5S7.01 5 9.5 5 14 7.01 14 9.5 11.99 14 9.5 14"
                    />
                  </svg>
                </div>
                <input
                  aria-invalid="false"
                  class="MuiInputBase-input MuiOutlinedInput-input MuiInputBase-inputSizeSmall MuiInputBase-inputAdornedStart css-1ua80n0-MuiInputBase-input-MuiOutlinedInput-input"
                  id=":rt:"
                  placeholder="Search payments..."
                  type="text"
                  value=""
                />
                <fieldset
                  aria-hidden="true"
                  class="MuiOutlinedInput-notchedOutline css-r01yff-MuiNotchedOutlined-root-MuiOutlinedInput-notchedOutline"
                >
                  <legend
                    class="css-1whs34k-MuiNotchedOutlined-root"
                  >
                    <span
                      class="notranslate"
                    >
                      ​
                    </span>
                  </legend>
                </fieldset>
              </div>
            </div>
          </div>
          <div
            class="MuiGrid-root MuiGrid-item MuiGrid-grid-xs-12 MuiGrid-grid-sm-6 MuiGrid-grid-md-3 css-10voxkt-MuiGrid-root"
          >
            <div
              class="MuiFormControl-root MuiFormControl-fullWidth css-q8hpuo-MuiFormControl-root"
            >
              <label
                class="MuiFormLabel-root MuiInputLabel-root MuiInputLabel-formControl MuiInputLabel-animated MuiInputLabel-shrink MuiInputLabel-sizeSmall MuiInputLabel-outlined MuiFormLabel-colorPrimary MuiFormLabel-filled MuiInputLabel-root MuiInputLabel-formControl MuiInputLabel-animated MuiInputLabel-shrink MuiInputLabel-sizeSmall MuiInputLabel-outlined css-fe0mau-MuiFormLabel-root-MuiInputLabel-root"
                data-shrink="true"
              >
                Status
              </label>
              <div
                class="MuiInputBase-root MuiOutlinedInput-root MuiInputBase-colorPrimary MuiInputBase-formControl MuiInputBase-sizeSmall css-13lg1x7-MuiInputBase-root-MuiOutlinedInput-root-MuiSelect-root"
              >
                <div
                  aria-controls=":ru:"
                  aria-expanded="false"
                  aria-haspopup="listbox"
                  class="MuiSelect-select MuiSelect-outlined MuiInputBase-input MuiOutlinedInput-input MuiInputBase-inputSizeSmall css-1fzjff4-MuiSelect-select-MuiInputBase-input-MuiOutlinedInput-input"
                  role="combobox"
                  tabindex="0"
                >
                  All Statuses
                </div>
                <input
                  aria-hidden="true"
                  aria-invalid="false"
                  class="MuiSelect-nativeInput css-yf8vq0-MuiSelect-nativeInput"
                  tabindex="-1"
                  value="all"
                />
                <svg
                  aria-hidden="true"
                  class="MuiSvgIcon-root MuiSvgIcon-fontSizeMedium MuiSelect-icon MuiSelect-iconOutlined css-hfutr2-MuiSvgIcon-root-MuiSelect-icon"
                  data-testid="ArrowDropDownIcon"
                  focusable="false"
                  viewBox="0 0 24 24...
 ✓ src/test/payment.test.tsx > PayoutManager > shows payout methods
 × src/test/payment.test.tsx > PayoutManager > handles payout request 1061ms
   → Found multiple elements with the text: Request Payout

Here are the matching elements:

Ignored nodes: comments, script, style
<h6
  class="MuiTypography-root MuiTypography-h6 MuiTypography-gutterBottom css-pne570-MuiTypography-root"
>
  Request Payout
</h6>

Ignored nodes: comments, script, style
<button
  class="MuiButtonBase-root MuiButton-root MuiButton-contained MuiButton-containedPrimary MuiButton-sizeMedium MuiButton-containedSizeMedium MuiButton-colorPrimary MuiButton-root MuiButton-contained MuiButton-containedPrimary MuiButton-sizeMedium MuiButton-containedSizeMedium MuiButton-colorPrimary css-1od66nh-MuiButtonBase-root-MuiButton-root"
  tabindex="0"
  type="button"
>
  <span
    class="MuiButton-icon MuiButton-startIcon MuiButton-iconSizeMedium css-gcc2o7-MuiButton-startIcon"
  >
    <svg
      aria-hidden="true"
      class="MuiSvgIcon-root MuiSvgIcon-fontSizeMedium css-i4bv87-MuiSvgIcon-root"
      data-testid="AttachMoneyIcon"
      focusable="false"
      viewBox="0 0 24 24"
    >
      <path
        d="M11.8 10.9c-2.27-.59-3-1.2-3-2.15 0-1.09 1.01-1.85 2.7-1.85 1.78 0 2.44.85 2.5 2.1h2.21c-.07-1.72-1.12-3.3-3.21-3.81V3h-3v2.16c-1.94.42-3.5 1.68-3.5 3.61 0 2.31 1.91 3.46 4.7 4.13 2.5.6 3 1.48 3 2.41 0 .69-.49 1.79-2.7 1.79-2.06 0-2.87-.92-2.98-2.1h-2.2c.12 2.19 1.76 3.42 3.68 3.83V21h3v-2.15c1.95-.37 3.5-1.5 3.5-3.55 0-2.84-2.43-3.81-4.7-4.4"
      />
    </svg>
  </span>
  Request Payout
  <span
    class="MuiTouchRipple-root css-8je8zh-MuiTouchRipple-root"
  />
</button>

Ignored nodes: comments, script, style
<h6
  class="MuiTypography-root MuiTypography-h6 MuiTypography-gutterBottom css-pne570-MuiTypography-root"
>
  Request Payout
</h6>

Ignored nodes: comments, script, style
<button
  class="MuiButtonBase-root MuiButton-root MuiButton-contained MuiButton-containedPrimary MuiButton-sizeMedium MuiButton-containedSizeMedium MuiButton-colorPrimary MuiButton-root MuiButton-contained MuiButton-containedPrimary MuiButton-sizeMedium MuiButton-containedSizeMedium MuiButton-colorPrimary css-1od66nh-MuiButtonBase-root-MuiButton-root"
  tabindex="0"
  type="button"
>
  <span
    class="MuiButton-icon MuiButton-startIcon MuiButton-iconSizeMedium css-gcc2o7-MuiButton-startIcon"
  >
    <svg
      aria-hidden="true"
      class="MuiSvgIcon-root MuiSvgIcon-fontSizeMedium css-i4bv87-MuiSvgIcon-root"
      data-testid="AttachMoneyIcon"
      focusable="false"
      viewBox="0 0 24 24"
    >
      <path
        d="M11.8 10.9c-2.27-.59-3-1.2-3-2.15 0-1.09 1.01-1.85 2.7-1.85 1.78 0 2.44.85 2.5 2.1h2.21c-.07-1.72-1.12-3.3-3.21-3.81V3h-3v2.16c-1.94.42-3.5 1.68-3.5 3.61 0 2.31 1.91 3.46 4.7 4.13 2.5.6 3 1.48 3 2.41 0 .69-.49 1.79-2.7 1.79-2.06 0-2.87-.92-2.98-2.1h-2.2c.12 2.19 1.76 3.42 3.68 3.83V21h3v-2.15c1.95-.37 3.5-1.5 3.5-3.55 0-2.84-2.43-3.81-4.7-4.4"
      />
    </svg>
  </span>
  Request Payout
  <span
    class="MuiTouchRipple-root css-8je8zh-MuiTouchRipple-root"
  />
</button>

Ignored nodes: comments, script, style
<h6
  class="MuiTypography-root MuiTypography-h6 MuiTypography-gutterBottom css-pne570-MuiTypography-root"
>
  Request Payout
</h6>

Ignored nodes: comments, script, style
<button
  class="MuiButtonBase-root MuiButton-root MuiButton-contained MuiButton-containedPrimary MuiButton-sizeMedium MuiButton-containedSizeMedium MuiButton-colorPrimary MuiButton-root MuiButton-contained MuiButton-containedPrimary MuiButton-sizeMedium MuiButton-containedSizeMedium MuiButton-colorPrimary css-1od66nh-MuiButtonBase-root-MuiButton-root"
  tabindex="0"
  type="button"
>
  <span
    class="MuiButton-icon MuiButton-startIcon MuiButton-iconSizeMedium css-gcc2o7-MuiButton-startIcon"
  >
    <svg
      aria-hidden="true"
      class="MuiSvgIcon-root MuiSvgIcon-fontSizeMedium css-i4bv87-MuiSvgIcon-root"
      data-testid="AttachMoneyIcon"
      focusable="false"
      viewBox="0 0 24 24"
    >
      <path
        d="M11.8 10.9c-2.27-.59-3-1.2-3-2.15 0-1.09 1.01-1.85 2.7-1.85 1.78 0 2.44.85 2.5 2.1h2.21c-.07-1.72-1.12-3.3-3.21-3.81V3h-3v2.16c-1.94.42-3.5 1.68-3.5 3.61 0 2.31 1.91 3.46 4.7 4.13 2.5.6 3 1.48 3 2.41 0 .69-.49 1.79-2.7 1.79-2.06 0-2.87-.92-2.98-2.1h-2.2c.12 2.19 1.76 3.42 3.68 3.83V21h3v-2.15c1.95-.37 3.5-1.5 3.5-3.55 0-2.84-2.43-3.81-4.7-4.4"
      />
    </svg>
  </span>
  Request Payout
  <span
    class="MuiTouchRipple-root css-8je8zh-MuiTouchRipple-root"
  />
</button>

(If this is intentional, then use the `*AllBy*` variant of the query (like `queryAllByText`, `getAllByText`, or `findAllByText`)).

Ignored nodes: comments, script, style
<body
  style=""
>
  <div>
    <div
      class="MuiBox-root css-0"
    >
      <div
        class="MuiBox-root css-i3pbo"
      >
        <h5
          class="MuiTypography-root MuiTypography-h5 MuiTypography-gutterBottom css-1hkf4sh-MuiTypography-root"
        >
          Payment History
        </h5>
        <p
          class="MuiTypography-root MuiTypography-body2 css-xtz2xu-MuiTypography-root"
        >
          1
           payment
           found
        </p>
      </div>
      <div
        class="MuiGrid-root MuiGrid-container MuiGrid-spacing-xs-2 css-12rc5ck-MuiGrid-root"
      >
        <div
          class="MuiGrid-root MuiGrid-item MuiGrid-grid-xs-12 MuiGrid-grid-sm-6 MuiGrid-grid-md-3 css-10voxkt-MuiGrid-root"
        >
          <div
            class="MuiFormControl-root MuiFormControl-fullWidth MuiTextField-root css-18hear-MuiFormControl-root-MuiTextField-root"
          >
            <div
              class="MuiInputBase-root MuiOutlinedInput-root MuiInputBase-colorPrimary MuiInputBase-fullWidth MuiInputBase-formControl MuiInputBase-sizeSmall MuiInputBase-adornedStart css-1cj7mpt-MuiInputBase-root-MuiOutlinedInput-root"
            >
              <div
                class="MuiInputAdornment-root MuiInputAdornment-positionStart MuiInputAdornment-outlined MuiInputAdornment-sizeSmall css-ittuaa-MuiInputAdornment-root"
              >
                <span
                  class="notranslate"
                >
                  ​
                </span>
                <svg
                  aria-hidden="true"
                  class="MuiSvgIcon-root MuiSvgIcon-fontSizeMedium css-i4bv87-MuiSvgIcon-root"
                  data-testid="SearchIcon"
                  focusable="false"
                  viewBox="0 0 24 24"
                >
                  <path
                    d="M15.5 14h-.79l-.28-.27C15.41 12.59 16 11.11 16 9.5 16 5.91 13.09 3 9.5 3S3 5.91 3 9.5 5.91 16 9.5 16c1.61 0 3.09-.59 4.23-1.57l.27.28v.79l5 4.99L20.49 19zm-6 0C7.01 14 5 11.99 5 9.5S7.01 5 9.5 5 14 7.01 14 9.5 11.99 14 9.5 14"
                  />
                </svg>
              </div>
              <input
                aria-invalid="false"
                class="MuiInputBase-input MuiOutlinedInput-input MuiInputBase-inputSizeSmall MuiInputBase-inputAdornedStart css-1ua80n0-MuiInputBase-input-MuiOutlinedInput-input"
                id=":rt:"
                placeholder="Search payments..."
                type="text"
                value=""
              />
              <fieldset
                aria-hidden="true"
                class="MuiOutlinedInput-notchedOutline css-r01yff-MuiNotchedOutlined-root-MuiOutlinedInput-notchedOutline"
              >
                <legend
                  class="css-1whs34k-MuiNotchedOutlined-root"
                >
                  <span
                    class="notranslate"
                  >
                    ​
                  </span>
                </legend>
              </fieldset>
            </div>
          </div>
        </div>
        <div
          class="MuiGrid-root MuiGrid-item MuiGrid-grid-xs-12 MuiGrid-grid-sm-6 MuiGrid-grid-md-3 css-10voxkt-MuiGrid-root"
        >
          <div
            class="MuiFormControl-root MuiFormControl-fullWidth css-q8hpuo-MuiFormControl-root"
          >
            <label
              class="MuiFormLabel-root MuiInputLabel-root MuiInputLabel-formControl MuiInputLabel-animated MuiInputLabel-shrink MuiInputLabel-sizeSmall MuiInputLabel-outlined MuiFormLabel-colorPrimary MuiFormLabel-filled MuiInputLabel-root MuiInputLabel-formControl MuiInputLabel-animated MuiInputLabel-shrink MuiInputLabel-sizeSmall MuiInputLabel-outlined css-fe0mau-MuiFormLabel-root-MuiInputLabel-root"
              data-shrink="true"
            >
              Status
            </label>
            <div
              class="MuiInputBase-root MuiOutlinedInput-root MuiInputBase-colorPrimary MuiInputBase-formControl MuiInputBase-sizeSmall css-13lg1x7-MuiInputBase-root-MuiOutlinedInput-root-MuiSelect-root"
            >
              <div
                aria-controls=":ru:"
                aria-expanded="false"
                aria-haspopup="listbox"
                class="MuiSelect-select MuiSelect-outlined MuiInputBase-input MuiOutlinedInput-input MuiInputBase-inputSizeSmall css-1fzjff4-MuiSelect-select-MuiInputBase-input-MuiOutlinedInput-input"
                role="combobox"
                tabindex="0"
              >
                All Statuses
              </div>
              <input
                aria-hidden="true"
                aria-invalid="false"
                class="MuiSelect-nativeInput css-yf8vq0-MuiSelect-nativeInput"
                tabindex="-1"
                value="all"
              />
              <svg
                aria-hidden="true"
                class="MuiSvgIcon-root MuiSvgIcon-fontSizeMedium MuiSelect-icon MuiSelect-iconOutlined css-hfutr2-MuiSvgIcon-root-MuiSelect-icon"
                data-testid="ArrowDropDownIcon"
                focusable="false"
                viewBox="0 0 24 24"
              >
                <path
                  d="M7 10l5 5 5-5z"
                />
              </svg>
              <fieldset
                aria-hidden="true"
   ...

Ignored nodes: comments, script, style
<html>
  <head />
  <body
    style=""
  >
    <div>
      <div
        class="MuiBox-root css-0"
      >
        <div
          class="MuiBox-root css-i3pbo"
        >
          <h5
            class="MuiTypography-root MuiTypography-h5 MuiTypography-gutterBottom css-1hkf4sh-MuiTypography-root"
          >
            Payment History
          </h5>
          <p
            class="MuiTypography-root MuiTypography-body2 css-xtz2xu-MuiTypography-root"
          >
            1
             payment
             found
          </p>
        </div>
        <div
          class="MuiGrid-root MuiGrid-container MuiGrid-spacing-xs-2 css-12rc5ck-MuiGrid-root"
        >
          <div
            class="MuiGrid-root MuiGrid-item MuiGrid-grid-xs-12 MuiGrid-grid-sm-6 MuiGrid-grid-md-3 css-10voxkt-MuiGrid-root"
          >
            <div
              class="MuiFormControl-root MuiFormControl-fullWidth MuiTextField-root css-18hear-MuiFormControl-root-MuiTextField-root"
            >
              <div
                class="MuiInputBase-root MuiOutlinedInput-root MuiInputBase-colorPrimary MuiInputBase-fullWidth MuiInputBase-formControl MuiInputBase-sizeSmall MuiInputBase-adornedStart css-1cj7mpt-MuiInputBase-root-MuiOutlinedInput-root"
              >
                <div
                  class="MuiInputAdornment-root MuiInputAdornment-positionStart MuiInputAdornment-outlined MuiInputAdornment-sizeSmall css-ittuaa-MuiInputAdornment-root"
                >
                  <span
                    class="notranslate"
                  >
                    ​
                  </span>
                  <svg
                    aria-hidden="true"
                    class="MuiSvgIcon-root MuiSvgIcon-fontSizeMedium css-i4bv87-MuiSvgIcon-root"
                    data-testid="SearchIcon"
                    focusable="false"
                    viewBox="0 0 24 24"
                  >
                    <path
                      d="M15.5 14h-.79l-.28-.27C15.41 12.59 16 11.11 16 9.5 16 5.91 13.09 3 9.5 3S3 5.91 3 9.5 5.91 16 9.5 16c1.61 0 3.09-.59 4.23-1.57l.27.28v.79l5 4.99L20.49 19zm-6 0C7.01 14 5 11.99 5 9.5S7.01 5 9.5 5 14 7.01 14 9.5 11.99 14 9.5 14"
                    />
                  </svg>
                </div>
                <input
                  aria-invalid="false"
                  class="MuiInputBase-input MuiOutlinedInput-input MuiInputBase-inputSizeSmall MuiInputBase-inputAdornedStart css-1ua80n0-MuiInputBase-input-MuiOutlinedInput-input"
                  id=":rt:"
                  placeholder="Search payments..."
                  type="text"
                  value=""
                />
                <fieldset
                  aria-hidden="true"
                  class="MuiOutlinedInput-notchedOutline css-r01yff-MuiNotchedOutlined-root-MuiOutlinedInput-notchedOutline"
                >
                  <legend
                    class="css-1whs34k-MuiNotchedOutlined-root"
                  >
                    <span
                      class="notranslate"
                    >
                      ​
                    </span>
                  </legend>
                </fieldset>
              </div>
            </div>
          </div>
          <div
            class="MuiGrid-root MuiGrid-item MuiGrid-grid-xs-12 MuiGrid-grid-sm-6 MuiGrid-grid-md-3 css-10voxkt-MuiGrid-root"
          >
            <div
              class="MuiFormControl-root MuiFormControl-fullWidth css-q8hpuo-MuiFormControl-root"
            >
              <label
                class="MuiFormLabel-root MuiInputLabel-root MuiInputLabel-formControl MuiInputLabel-animated MuiInputLabel-shrink MuiInputLabel-sizeSmall MuiInputLabel-outlined MuiFormLabel-colorPrimary MuiFormLabel-filled MuiInputLabel-root MuiInputLabel-formControl MuiInputLabel-animated MuiInputLabel-shrink MuiInputLabel-sizeSmall MuiInputLabel-outlined css-fe0mau-MuiFormLabel-root-MuiInputLabel-root"
                data-shrink="true"
              >
                Status
              </label>
              <div
                class="MuiInputBase-root MuiOutlinedInput-root MuiInputBase-colorPrimary MuiInputBase-formControl MuiInputBase-sizeSmall css-13lg1x7-MuiInputBase-root-MuiOutlinedInput-root-MuiSelect-root"
              >
                <div
                  aria-controls=":ru:"
                  aria-expanded="false"
                  aria-haspopup="listbox"
                  class="MuiSelect-select MuiSelect-outlined MuiInputBase-input MuiOutlinedInput-input MuiInputBase-inputSizeSmall css-1fzjff4-MuiSelect-select-MuiInputBase-input-MuiOutlinedInput-input"
                  role="combobox"
                  tabindex="0"
                >
                  All Statuses
                </div>
                <input
                  aria-hidden="true"
                  aria-invalid="false"
                  class="MuiSelect-nativeInput css-yf8vq0-MuiSelect-nativeInput"
                  tabindex="-1"
                  value="all"
                />
                <svg
                  aria-hidden="true"
                  class="MuiSvgIcon-root MuiSvgIcon-fontSizeMedium MuiSelect-icon MuiSelect-iconOutlined css-hfutr2-MuiSvgIcon-root-MuiSelect-icon"
                  data-testid="ArrowDropDownIcon"
                  focusable="false"
                  viewBox="0 0 24 24...
 ❯ src/test/payment.test.tsx  (15 tests | 8 failed) 5611ms
   ❯ src/test/payment.test.tsx > PaymentForm > renders payment form correctly
     → jest is not defined
   ❯ src/test/payment.test.tsx > PaymentForm > calculates platform fee correctly
     → jest is not defined
   ❯ src/test/payment.test.tsx > PaymentForm > shows security and escrow notices
     → jest is not defined
   ❯ src/test/payment.test.tsx > PaymentForm > handles payment submission
     → jest is not defined
   ❯ src/test/payment.test.tsx > PaymentHistory > filters payments by status
     → Found a label with the text of: Status, however no form control was found associated to that label. Make sure you're using the "for" attribute or "aria-labelledby" attribute correctly.

Ignored nodes: comments, script, style
<body
  style=""
>
  <div>
    <div
      class="MuiBox-root css-0"
    >
      <div
        class="MuiBox-root css-i3pbo"
      >
        <h5
          class="MuiTypography-root MuiTypography-h5 MuiTypography-gutterBottom css-1hkf4sh-MuiTypography-root"
        >
          Payment History
        </h5>
        <p
          class="MuiTypography-root MuiTypography-body2 css-xtz2xu-MuiTypography-root"
        >
          1
           payment
           found
        </p>
      </div>
      <div
        class="MuiGrid-root MuiGrid-container MuiGrid-spacing-xs-2 css-12rc5ck-MuiGrid-root"
      >
        <div
          class="MuiGrid-root MuiGrid-item MuiGrid-grid-xs-12 MuiGrid-grid-sm-6 MuiGrid-grid-md-3 css-10voxkt-MuiGrid-root"
        >
          <div
            class="MuiFormControl-root MuiFormControl-fullWidth MuiTextField-root css-18hear-MuiFormControl-root-MuiTextField-root"
          >
            <div
              class="MuiInputBase-root MuiOutlinedInput-root MuiInputBase-colorPrimary MuiInputBase-fullWidth MuiInputBase-formControl MuiInputBase-sizeSmall MuiInputBase-adornedStart css-1cj7mpt-MuiInputBase-root-MuiOutlinedInput-root"
            >
              <div
                class="MuiInputAdornment-root MuiInputAdornment-positionStart MuiInputAdornment-outlined MuiInputAdornment-sizeSmall css-ittuaa-MuiInputAdornment-root"
              >
                <span
                  class="notranslate"
                >
                  ​
                </span>
                <svg
                  aria-hidden="true"
                  class="MuiSvgIcon-root MuiSvgIcon-fontSizeMedium css-i4bv87-MuiSvgIcon-root"
                  data-testid="SearchIcon"
                  focusable="false"
                  viewBox="0 0 24 24"
                >
                  <path
                    d="M15.5 14h-.79l-.28-.27C15.41 12.59 16 11.11 16 9.5 16 5.91 13.09 3 9.5 3S3 5.91 3 9.5 5.91 16 9.5 16c1.61 0 3.09-.59 4.23-1.57l.27.28v.79l5 4.99L20.49 19zm-6 0C7.01 14 5 11.99 5 9.5S7.01 5 9.5 5 14 7.01 14 9.5 11.99 14 9.5 14"
                  />
                </svg>
              </div>
              <input
                aria-invalid="false"
                class="MuiInputBase-input MuiOutlinedInput-input MuiInputBase-inputSizeSmall MuiInputBase-inputAdornedStart css-1ua80n0-MuiInputBase-input-MuiOutlinedInput-input"
                id=":rt:"
                placeholder="Search payments..."
                type="text"
                value=""
              />
              <fieldset
                aria-hidden="true"
                class="MuiOutlinedInput-notchedOutline css-r01yff-MuiNotchedOutlined-root-MuiOutlinedInput-notchedOutline"
              >
                <legend
                  class="css-1whs34k-MuiNotchedOutlined-root"
                >
                  <span
                    class="notranslate"
                  >
                    ​
                  </span>
                </legend>
              </fieldset>
            </div>
          </div>
        </div>
        <div
          class="MuiGrid-root MuiGrid-item MuiGrid-grid-xs-12 MuiGrid-grid-sm-6 MuiGrid-grid-md-3 css-10voxkt-MuiGrid-root"
        >
          <div
            class="MuiFormControl-root MuiFormControl-fullWidth css-q8hpuo-MuiFormControl-root"
          >
            <label
              class="MuiFormLabel-root MuiInputLabel-root MuiInputLabel-formControl MuiInputLabel-animated MuiInputLabel-shrink MuiInputLabel-sizeSmall MuiInputLabel-outlined MuiFormLabel-colorPrimary MuiFormLabel-filled MuiInputLabel-root MuiInputLabel-formControl MuiInputLabel-animated MuiInputLabel-shrink MuiInputLabel-sizeSmall MuiInputLabel-outlined css-fe0mau-MuiFormLabel-root-MuiInputLabel-root"
              data-shrink="true"
            >
              Status
            </label>
            <div
              class="MuiInputBase-root MuiOutlinedInput-root MuiInputBase-colorPrimary MuiInputBase-formControl MuiInputBase-sizeSmall css-13lg1x7-MuiInputBase-root-MuiOutlinedInput-root-MuiSelect-root"
            >
              <div
                aria-controls=":ru:"
                aria-expanded="false"
                aria-haspopup="listbox"
                class="MuiSelect-select MuiSelect-outlined MuiInputBase-input MuiOutlinedInput-input MuiInputBase-inputSizeSmall css-1fzjff4-MuiSelect-select-MuiInputBase-input-MuiOutlinedInput-input"
                role="combobox"
                tabindex="0"
              >
                All Statuses
              </div>
              <input
                aria-hidden="true"
                aria-invalid="false"
                class="MuiSelect-nativeInput css-yf8vq0-MuiSelect-nativeInput"
                tabindex="-1"
                value="all"
              />
              <svg
                aria-hidden="true"
                class="MuiSvgIcon-root MuiSvgIcon-fontSizeMedium MuiSelect-icon MuiSelect-iconOutlined css-hfutr2-MuiSvgIcon-root-MuiSelect-icon"
                data-testid="ArrowDropDownIcon"
                focusable="false"
                viewBox="0 0 24 24"
              >
                <path
                  d="M7 10l5 5 5-5z"
                />
              </svg>
              <fieldset
                aria-hidden="true"
   ...

Ignored nodes: comments, script, style
<html>
  <head />
  <body
    style=""
  >
    <div>
      <div
        class="MuiBox-root css-0"
      >
        <div
          class="MuiBox-root css-i3pbo"
        >
          <h5
            class="MuiTypography-root MuiTypography-h5 MuiTypography-gutterBottom css-1hkf4sh-MuiTypography-root"
          >
            Payment History
          </h5>
          <p
            class="MuiTypography-root MuiTypography-body2 css-xtz2xu-MuiTypography-root"
          >
            1
             payment
             found
          </p>
        </div>
        <div
          class="MuiGrid-root MuiGrid-container MuiGrid-spacing-xs-2 css-12rc5ck-MuiGrid-root"
        >
          <div
            class="MuiGrid-root MuiGrid-item MuiGrid-grid-xs-12 MuiGrid-grid-sm-6 MuiGrid-grid-md-3 css-10voxkt-MuiGrid-root"
          >
            <div
              class="MuiFormControl-root MuiFormControl-fullWidth MuiTextField-root css-18hear-MuiFormControl-root-MuiTextField-root"
            >
              <div
                class="MuiInputBase-root MuiOutlinedInput-root MuiInputBase-colorPrimary MuiInputBase-fullWidth MuiInputBase-formControl MuiInputBase-sizeSmall MuiInputBase-adornedStart css-1cj7mpt-MuiInputBase-root-MuiOutlinedInput-root"
              >
                <div
                  class="MuiInputAdornment-root MuiInputAdornment-positionStart MuiInputAdornment-outlined MuiInputAdornment-sizeSmall css-ittuaa-MuiInputAdornment-root"
                >
                  <span
                    class="notranslate"
                  >
                    ​
                  </span>
                  <svg
                    aria-hidden="true"
                    class="MuiSvgIcon-root MuiSvgIcon-fontSizeMedium css-i4bv87-MuiSvgIcon-root"
                    data-testid="SearchIcon"
                    focusable="false"
                    viewBox="0 0 24 24"
                  >
                    <path
                      d="M15.5 14h-.79l-.28-.27C15.41 12.59 16 11.11 16 9.5 16 5.91 13.09 3 9.5 3S3 5.91 3 9.5 5.91 16 9.5 16c1.61 0 3.09-.59 4.23-1.57l.27.28v.79l5 4.99L20.49 19zm-6 0C7.01 14 5 11.99 5 9.5S7.01 5 9.5 5 14 7.01 14 9.5 11.99 14 9.5 14"
                    />
                  </svg>
                </div>
                <input
                  aria-invalid="false"
                  class="MuiInputBase-input MuiOutlinedInput-input MuiInputBase-inputSizeSmall MuiInputBase-inputAdornedStart css-1ua80n0-MuiInputBase-input-MuiOutlinedInput-input"
                  id=":rt:"
                  placeholder="Search payments..."
                  type="text"
                  value=""
                />
                <fieldset
                  aria-hidden="true"
                  class="MuiOutlinedInput-notchedOutline css-r01yff-MuiNotchedOutlined-root-MuiOutlinedInput-notchedOutline"
                >
                  <legend
                    class="css-1whs34k-MuiNotchedOutlined-root"
                  >
                    <span
                      class="notranslate"
                    >
                      ​
                    </span>
                  </legend>
                </fieldset>
              </div>
            </div>
          </div>
          <div
            class="MuiGrid-root MuiGrid-item MuiGrid-grid-xs-12 MuiGrid-grid-sm-6 MuiGrid-grid-md-3 css-10voxkt-MuiGrid-root"
          >
            <div
              class="MuiFormControl-root MuiFormControl-fullWidth css-q8hpuo-MuiFormControl-root"
            >
              <label
                class="MuiFormLabel-root MuiInputLabel-root MuiInputLabel-formControl MuiInputLabel-animated MuiInputLabel-shrink MuiInputLabel-sizeSmall MuiInputLabel-outlined MuiFormLabel-colorPrimary MuiFormLabel-filled MuiInputLabel-root MuiInputLabel-formControl MuiInputLabel-animated MuiInputLabel-shrink MuiInputLabel-sizeSmall MuiInputLabel-outlined css-fe0mau-MuiFormLabel-root-MuiInputLabel-root"
                data-shrink="true"
              >
                Status
              </label>
              <div
                class="MuiInputBase-root MuiOutlinedInput-root MuiInputBase-colorPrimary MuiInputBase-formControl MuiInputBase-sizeSmall css-13lg1x7-MuiInputBase-root-MuiOutlinedInput-root-MuiSelect-root"
              >
                <div
                  aria-controls=":ru:"
                  aria-expanded="false"
                  aria-haspopup="listbox"
                  class="MuiSelect-select MuiSelect-outlined MuiInputBase-input MuiOutlinedInput-input MuiInputBase-inputSizeSmall css-1fzjff4-MuiSelect-select-MuiInputBase-input-MuiOutlinedInput-input"
                  role="combobox"
                  tabindex="0"
                >
                  All Statuses
                </div>
                <input
                  aria-hidden="true"
                  aria-invalid="false"
                  class="MuiSelect-nativeInput css-yf8vq0-MuiSelect-nativeInput"
                  tabindex="-1"
                  value="all"
                />
                <svg
                  aria-hidden="true"
                  class="MuiSvgIcon-root MuiSvgIcon-fontSizeMedium MuiSelect-icon MuiSelect-iconOutlined css-hfutr2-MuiSvgIcon-root-MuiSelect-icon"
                  data-testid="ArrowDropDownIcon"
                  focusable="false"
                  viewBox="0 0 24 24...
   ❯ src/test/payment.test.tsx > PayoutManager > renders payout manager correctly
     → Found multiple elements with the text: Available Balance

Here are the matching elements:

Ignored nodes: comments, script, style
<p
  class="MuiTypography-root MuiTypography-body2 css-xtz2xu-MuiTypography-root"
>
  Available Balance
</p>

Ignored nodes: comments, script, style
<h6
  class="MuiTypography-root MuiTypography-h6 css-1rem9xf-MuiTypography-root"
>
  Available Balance
</h6>

(If this is intentional, then use the `*AllBy*` variant of the query (like `queryAllByText`, `getAllByText`, or `findAllByText`)).

Ignored nodes: comments, script, style
<body
  style=""
>
  <div>
    <div
      class="MuiBox-root css-0"
    >
      <div
        class="MuiBox-root css-i3pbo"
      >
        <h5
          class="MuiTypography-root MuiTypography-h5 MuiTypography-gutterBottom css-1hkf4sh-MuiTypography-root"
        >
          Payment History
        </h5>
        <p
          class="MuiTypography-root MuiTypography-body2 css-xtz2xu-MuiTypography-root"
        >
          1
           payment
           found
        </p>
      </div>
      <div
        class="MuiGrid-root MuiGrid-container MuiGrid-spacing-xs-2 css-12rc5ck-MuiGrid-root"
      >
        <div
          class="MuiGrid-root MuiGrid-item MuiGrid-grid-xs-12 MuiGrid-grid-sm-6 MuiGrid-grid-md-3 css-10voxkt-MuiGrid-root"
        >
          <div
            class="MuiFormControl-root MuiFormControl-fullWidth MuiTextField-root css-18hear-MuiFormControl-root-MuiTextField-root"
          >
            <div
              class="MuiInputBase-root MuiOutlinedInput-root MuiInputBase-colorPrimary MuiInputBase-fullWidth MuiInputBase-formControl MuiInputBase-sizeSmall MuiInputBase-adornedStart css-1cj7mpt-MuiInputBase-root-MuiOutlinedInput-root"
            >
              <div
                class="MuiInputAdornment-root MuiInputAdornment-positionStart MuiInputAdornment-outlined MuiInputAdornment-sizeSmall css-ittuaa-MuiInputAdornment-root"
              >
                <span
                  class="notranslate"
                >
                  ​
                </span>
                <svg
                  aria-hidden="true"
                  class="MuiSvgIcon-root MuiSvgIcon-fontSizeMedium css-i4bv87-MuiSvgIcon-root"
                  data-testid="SearchIcon"
                  focusable="false"
                  viewBox="0 0 24 24"
                >
                  <path
                    d="M15.5 14h-.79l-.28-.27C15.41 12.59 16 11.11 16 9.5 16 5.91 13.09 3 9.5 3S3 5.91 3 9.5 5.91 16 9.5 16c1.61 0 3.09-.59 4.23-1.57l.27.28v.79l5 4.99L20.49 19zm-6 0C7.01 14 5 11.99 5 9.5S7.01 5 9.5 5 14 7.01 14 9.5 11.99 14 9.5 14"
                  />
                </svg>
              </div>
              <input
                aria-invalid="false"
                class="MuiInputBase-input MuiOutlinedInput-input MuiInputBase-inputSizeSmall MuiInputBase-inputAdornedStart css-1ua80n0-MuiInputBase-input-MuiOutlinedInput-input"
                id=":rt:"
                placeholder="Search payments..."
                type="text"
                value=""
              />
              <fieldset
                aria-hidden="true"
                class="MuiOutlinedInput-notchedOutline css-r01yff-MuiNotchedOutlined-root-MuiOutlinedInput-notchedOutline"
              >
                <legend
                  class="css-1whs34k-MuiNotchedOutlined-root"
                >
                  <span
                    class="notranslate"
                  >
                    ​
                  </span>
                </legend>
              </fieldset>
            </div>
          </div>
        </div>
        <div
          class="MuiGrid-root MuiGrid-item MuiGrid-grid-xs-12 MuiGrid-grid-sm-6 MuiGrid-grid-md-3 css-10voxkt-MuiGrid-root"
        >
          <div
            class="MuiFormControl-root MuiFormControl-fullWidth css-q8hpuo-MuiFormControl-root"
          >
            <label
              class="MuiFormLabel-root MuiInputLabel-root MuiInputLabel-formControl MuiInputLabel-animated MuiInputLabel-shrink MuiInputLabel-sizeSmall MuiInputLabel-outlined MuiFormLabel-colorPrimary MuiFormLabel-filled MuiInputLabel-root MuiInputLabel-formControl MuiInputLabel-animated MuiInputLabel-shrink MuiInputLabel-sizeSmall MuiInputLabel-outlined css-fe0mau-MuiFormLabel-root-MuiInputLabel-root"
              data-shrink="true"
            >
              Status
            </label>
            <div
              class="MuiInputBase-root MuiOutlinedInput-root MuiInputBase-colorPrimary MuiInputBase-formControl MuiInputBase-sizeSmall css-13lg1x7-MuiInputBase-root-MuiOutlinedInput-root-MuiSelect-root"
            >
              <div
                aria-controls=":ru:"
                aria-expanded="false"
                aria-haspopup="listbox"
                class="MuiSelect-select MuiSelect-outlined MuiInputBase-input MuiOutlinedInput-input MuiInputBase-inputSizeSmall css-1fzjff4-MuiSelect-select-MuiInputBase-input-MuiOutlinedInput-input"
                role="combobox"
                tabindex="0"
              >
                All Statuses
              </div>
              <input
                aria-hidden="true"
                aria-invalid="false"
                class="MuiSelect-nativeInput css-yf8vq0-MuiSelect-nativeInput"
                tabindex="-1"
                value="all"
              />
              <svg
                aria-hidden="true"
                class="MuiSvgIcon-root MuiSvgIcon-fontSizeMedium MuiSelect-icon MuiSelect-iconOutlined css-hfutr2-MuiSvgIcon-root-MuiSelect-icon"
                data-testid="ArrowDropDownIcon"
                focusable="false"
                viewBox="0 0 24 24"
              >
                <path
                  d="M7 10l5 5 5-5z"
                />
              </svg>
              <fieldset
                aria-hidden="true"
   ...

Ignored nodes: comments, script, style
<html>
  <head />
  <body
    style=""
  >
    <div>
      <div
        class="MuiBox-root css-0"
      >
        <div
          class="MuiBox-root css-i3pbo"
        >
          <h5
            class="MuiTypography-root MuiTypography-h5 MuiTypography-gutterBottom css-1hkf4sh-MuiTypography-root"
          >
            Payment History
          </h5>
          <p
            class="MuiTypography-root MuiTypography-body2 css-xtz2xu-MuiTypography-root"
          >
            1
             payment
             found
          </p>
        </div>
        <div
          class="MuiGrid-root MuiGrid-container MuiGrid-spacing-xs-2 css-12rc5ck-MuiGrid-root"
        >
          <div
            class="MuiGrid-root MuiGrid-item MuiGrid-grid-xs-12 MuiGrid-grid-sm-6 MuiGrid-grid-md-3 css-10voxkt-MuiGrid-root"
          >
            <div
              class="MuiFormControl-root MuiFormControl-fullWidth MuiTextField-root css-18hear-MuiFormControl-root-MuiTextField-root"
            >
              <div
                class="MuiInputBase-root MuiOutlinedInput-root MuiInputBase-colorPrimary MuiInputBase-fullWidth MuiInputBase-formControl MuiInputBase-sizeSmall MuiInputBase-adornedStart css-1cj7mpt-MuiInputBase-root-MuiOutlinedInput-root"
              >
                <div
                  class="MuiInputAdornment-root MuiInputAdornment-positionStart MuiInputAdornment-outlined MuiInputAdornment-sizeSmall css-ittuaa-MuiInputAdornment-root"
                >
                  <span
                    class="notranslate"
                  >
                    ​
                  </span>
                  <svg
                    aria-hidden="true"
                    class="MuiSvgIcon-root MuiSvgIcon-fontSizeMedium css-i4bv87-MuiSvgIcon-root"
                    data-testid="SearchIcon"
                    focusable="false"
                    viewBox="0 0 24 24"
                  >
                    <path
                      d="M15.5 14h-.79l-.28-.27C15.41 12.59 16 11.11 16 9.5 16 5.91 13.09 3 9.5 3S3 5.91 3 9.5 5.91 16 9.5 16c1.61 0 3.09-.59 4.23-1.57l.27.28v.79l5 4.99L20.49 19zm-6 0C7.01 14 5 11.99 5 9.5S7.01 5 9.5 5 14 7.01 14 9.5 11.99 14 9.5 14"
                    />
                  </svg>
                </div>
                <input
                  aria-invalid="false"
                  class="MuiInputBase-input MuiOutlinedInput-input MuiInputBase-inputSizeSmall MuiInputBase-inputAdornedStart css-1ua80n0-MuiInputBase-input-MuiOutlinedInput-input"
                  id=":rt:"
                  placeholder="Search payments..."
                  type="text"
                  value=""
                />
                <fieldset
                  aria-hidden="true"
                  class="MuiOutlinedInput-notchedOutline css-r01yff-MuiNotchedOutlined-root-MuiOutlinedInput-notchedOutline"
                >
                  <legend
                    class="css-1whs34k-MuiNotchedOutlined-root"
                  >
                    <span
                      class="notranslate"
                    >
                      ​
                    </span>
                  </legend>
                </fieldset>
              </div>
            </div>
          </div>
          <div
            class="MuiGrid-root MuiGrid-item MuiGrid-grid-xs-12 MuiGrid-grid-sm-6 MuiGrid-grid-md-3 css-10voxkt-MuiGrid-root"
          >
            <div
              class="MuiFormControl-root MuiFormControl-fullWidth css-q8hpuo-MuiFormControl-root"
            >
              <label
                class="MuiFormLabel-root MuiInputLabel-root MuiInputLabel-formControl MuiInputLabel-animated MuiInputLabel-shrink MuiInputLabel-sizeSmall MuiInputLabel-outlined MuiFormLabel-colorPrimary MuiFormLabel-filled MuiInputLabel-root MuiInputLabel-formControl MuiInputLabel-animated MuiInputLabel-shrink MuiInputLabel-sizeSmall MuiInputLabel-outlined css-fe0mau-MuiFormLabel-root-MuiInputLabel-root"
                data-shrink="true"
              >
                Status
              </label>
              <div
                class="MuiInputBase-root MuiOutlinedInput-root MuiInputBase-colorPrimary MuiInputBase-formControl MuiInputBase-sizeSmall css-13lg1x7-MuiInputBase-root-MuiOutlinedInput-root-MuiSelect-root"
              >
                <div
                  aria-controls=":ru:"
                  aria-expanded="false"
                  aria-haspopup="listbox"
                  class="MuiSelect-select MuiSelect-outlined MuiInputBase-input MuiOutlinedInput-input MuiInputBase-inputSizeSmall css-1fzjff4-MuiSelect-select-MuiInputBase-input-MuiOutlinedInput-input"
                  role="combobox"
                  tabindex="0"
                >
                  All Statuses
                </div>
                <input
                  aria-hidden="true"
                  aria-invalid="false"
                  class="MuiSelect-nativeInput css-yf8vq0-MuiSelect-nativeInput"
                  tabindex="-1"
                  value="all"
                />
                <svg
                  aria-hidden="true"
                  class="MuiSvgIcon-root MuiSvgIcon-fontSizeMedium MuiSelect-icon MuiSelect-iconOutlined css-hfutr2-MuiSvgIcon-root-MuiSelect-icon"
                  data-testid="ArrowDropDownIcon"
                  focusable="false"
                  viewBox="0 0 24 24...
   ❯ src/test/payment.test.tsx > PayoutManager > handles payout request
     → Found multiple elements with the text: Request Payout

Here are the matching elements:

Ignored nodes: comments, script, style
<h6
  class="MuiTypography-root MuiTypography-h6 MuiTypography-gutterBottom css-pne570-MuiTypography-root"
>
  Request Payout
</h6>

Ignored nodes: comments, script, style
<button
  class="MuiButtonBase-root MuiButton-root MuiButton-contained MuiButton-containedPrimary MuiButton-sizeMedium MuiButton-containedSizeMedium MuiButton-colorPrimary MuiButton-root MuiButton-contained MuiButton-containedPrimary MuiButton-sizeMedium MuiButton-containedSizeMedium MuiButton-colorPrimary css-1od66nh-MuiButtonBase-root-MuiButton-root"
  tabindex="0"
  type="button"
>
  <span
    class="MuiButton-icon MuiButton-startIcon MuiButton-iconSizeMedium css-gcc2o7-MuiButton-startIcon"
  >
    <svg
      aria-hidden="true"
      class="MuiSvgIcon-root MuiSvgIcon-fontSizeMedium css-i4bv87-MuiSvgIcon-root"
      data-testid="AttachMoneyIcon"
      focusable="false"
      viewBox="0 0 24 24"
    >
      <path
        d="M11.8 10.9c-2.27-.59-3-1.2-3-2.15 0-1.09 1.01-1.85 2.7-1.85 1.78 0 2.44.85 2.5 2.1h2.21c-.07-1.72-1.12-3.3-3.21-3.81V3h-3v2.16c-1.94.42-3.5 1.68-3.5 3.61 0 2.31 1.91 3.46 4.7 4.13 2.5.6 3 1.48 3 2.41 0 .69-.49 1.79-2.7 1.79-2.06 0-2.87-.92-2.98-2.1h-2.2c.12 2.19 1.76 3.42 3.68 3.83V21h3v-2.15c1.95-.37 3.5-1.5 3.5-3.55 0-2.84-2.43-3.81-4.7-4.4"
      />
    </svg>
  </span>
  Request Payout
  <span
    class="MuiTouchRipple-root css-8je8zh-MuiTouchRipple-root"
  />
</button>

Ignored nodes: comments, script, style
<h6
  class="MuiTypography-root MuiTypography-h6 MuiTypography-gutterBottom css-pne570-MuiTypography-root"
>
  Request Payout
</h6>

Ignored nodes: comments, script, style
<button
  class="MuiButtonBase-root MuiButton-root MuiButton-contained MuiButton-containedPrimary MuiButton-sizeMedium MuiButton-containedSizeMedium MuiButton-colorPrimary MuiButton-root MuiButton-contained MuiButton-containedPrimary MuiButton-sizeMedium MuiButton-containedSizeMedium MuiButton-colorPrimary css-1od66nh-MuiButtonBase-root-MuiButton-root"
  tabindex="0"
  type="button"
>
  <span
    class="MuiButton-icon MuiButton-startIcon MuiButton-iconSizeMedium css-gcc2o7-MuiButton-startIcon"
  >
    <svg
      aria-hidden="true"
      class="MuiSvgIcon-root MuiSvgIcon-fontSizeMedium css-i4bv87-MuiSvgIcon-root"
      data-testid="AttachMoneyIcon"
      focusable="false"
      viewBox="0 0 24 24"
    >
      <path
        d="M11.8 10.9c-2.27-.59-3-1.2-3-2.15 0-1.09 1.01-1.85 2.7-1.85 1.78 0 2.44.85 2.5 2.1h2.21c-.07-1.72-1.12-3.3-3.21-3.81V3h-3v2.16c-1.94.42-3.5 1.68-3.5 3.61 0 2.31 1.91 3.46 4.7 4.13 2.5.6 3 1.48 3 2.41 0 .69-.49 1.79-2.7 1.79-2.06 0-2.87-.92-2.98-2.1h-2.2c.12 2.19 1.76 3.42 3.68 3.83V21h3v-2.15c1.95-.37 3.5-1.5 3.5-3.55 0-2.84-2.43-3.81-4.7-4.4"
      />
    </svg>
  </span>
  Request Payout
  <span
    class="MuiTouchRipple-root css-8je8zh-MuiTouchRipple-root"
  />
</button>

Ignored nodes: comments, script, style
<h6
  class="MuiTypography-root MuiTypography-h6 MuiTypography-gutterBottom css-pne570-MuiTypography-root"
>
  Request Payout
</h6>

Ignored nodes: comments, script, style
<button
  class="MuiButtonBase-root MuiButton-root MuiButton-contained MuiButton-containedPrimary MuiButton-sizeMedium MuiButton-containedSizeMedium MuiButton-colorPrimary MuiButton-root MuiButton-contained MuiButton-containedPrimary MuiButton-sizeMedium MuiButton-containedSizeMedium MuiButton-colorPrimary css-1od66nh-MuiButtonBase-root-MuiButton-root"
  tabindex="0"
  type="button"
>
  <span
    class="MuiButton-icon MuiButton-startIcon MuiButton-iconSizeMedium css-gcc2o7-MuiButton-startIcon"
  >
    <svg
      aria-hidden="true"
      class="MuiSvgIcon-root MuiSvgIcon-fontSizeMedium css-i4bv87-MuiSvgIcon-root"
      data-testid="AttachMoneyIcon"
      focusable="false"
      viewBox="0 0 24 24"
    >
      <path
        d="M11.8 10.9c-2.27-.59-3-1.2-3-2.15 0-1.09 1.01-1.85 2.7-1.85 1.78 0 2.44.85 2.5 2.1h2.21c-.07-1.72-1.12-3.3-3.21-3.81V3h-3v2.16c-1.94.42-3.5 1.68-3.5 3.61 0 2.31 1.91 3.46 4.7 4.13 2.5.6 3 1.48 3 2.41 0 .69-.49 1.79-2.7 1.79-2.06 0-2.87-.92-2.98-2.1h-2.2c.12 2.19 1.76 3.42 3.68 3.83V21h3v-2.15c1.95-.37 3.5-1.5 3.5-3.55 0-2.84-2.43-3.81-4.7-4.4"
      />
    </svg>
  </span>
  Request Payout
  <span
    class="MuiTouchRipple-root css-8je8zh-MuiTouchRipple-root"
  />
</button>

(If this is intentional, then use the `*AllBy*` variant of the query (like `queryAllByText`, `getAllByText`, or `findAllByText`)).

Ignored nodes: comments, script, style
<body
  style=""
>
  <div>
    <div
      class="MuiBox-root css-0"
    >
      <div
        class="MuiBox-root css-i3pbo"
      >
        <h5
          class="MuiTypography-root MuiTypography-h5 MuiTypography-gutterBottom css-1hkf4sh-MuiTypography-root"
        >
          Payment History
        </h5>
        <p
          class="MuiTypography-root MuiTypography-body2 css-xtz2xu-MuiTypography-root"
        >
          1
           payment
           found
        </p>
      </div>
      <div
        class="MuiGrid-root MuiGrid-container MuiGrid-spacing-xs-2 css-12rc5ck-MuiGrid-root"
      >
        <div
          class="MuiGrid-root MuiGrid-item MuiGrid-grid-xs-12 MuiGrid-grid-sm-6 MuiGrid-grid-md-3 css-10voxkt-MuiGrid-root"
        >
          <div
            class="MuiFormControl-root MuiFormControl-fullWidth MuiTextField-root css-18hear-MuiFormControl-root-MuiTextField-root"
          >
            <div
              class="MuiInputBase-root MuiOutlinedInput-root MuiInputBase-colorPrimary MuiInputBase-fullWidth MuiInputBase-formControl MuiInputBase-sizeSmall MuiInputBase-adornedStart css-1cj7mpt-MuiInputBase-root-MuiOutlinedInput-root"
            >
              <div
                class="MuiInputAdornment-root MuiInputAdornment-positionStart MuiInputAdornment-outlined MuiInputAdornment-sizeSmall css-ittuaa-MuiInputAdornment-root"
              >
                <span
                  class="notranslate"
                >
                  ​
                </span>
                <svg
                  aria-hidden="true"
                  class="MuiSvgIcon-root MuiSvgIcon-fontSizeMedium css-i4bv87-MuiSvgIcon-root"
                  data-testid="SearchIcon"
                  focusable="false"
                  viewBox="0 0 24 24"
                >
                  <path
                    d="M15.5 14h-.79l-.28-.27C15.41 12.59 16 11.11 16 9.5 16 5.91 13.09 3 9.5 3S3 5.91 3 9.5 5.91 16 9.5 16c1.61 0 3.09-.59 4.23-1.57l.27.28v.79l5 4.99L20.49 19zm-6 0C7.01 14 5 11.99 5 9.5S7.01 5 9.5 5 14 7.01 14 9.5 11.99 14 9.5 14"
                  />
                </svg>
              </div>
              <input
                aria-invalid="false"
                class="MuiInputBase-input MuiOutlinedInput-input MuiInputBase-inputSizeSmall MuiInputBase-inputAdornedStart css-1ua80n0-MuiInputBase-input-MuiOutlinedInput-input"
                id=":rt:"
                placeholder="Search payments..."
                type="text"
                value=""
              />
              <fieldset
                aria-hidden="true"
                class="MuiOutlinedInput-notchedOutline css-r01yff-MuiNotchedOutlined-root-MuiOutlinedInput-notchedOutline"
              >
                <legend
                  class="css-1whs34k-MuiNotchedOutlined-root"
                >
                  <span
                    class="notranslate"
                  >
                    ​
                  </span>
                </legend>
              </fieldset>
            </div>
          </div>
        </div>
        <div
          class="MuiGrid-root MuiGrid-item MuiGrid-grid-xs-12 MuiGrid-grid-sm-6 MuiGrid-grid-md-3 css-10voxkt-MuiGrid-root"
        >
          <div
            class="MuiFormControl-root MuiFormControl-fullWidth css-q8hpuo-MuiFormControl-root"
          >
            <label
              class="MuiFormLabel-root MuiInputLabel-root MuiInputLabel-formControl MuiInputLabel-animated MuiInputLabel-shrink MuiInputLabel-sizeSmall MuiInputLabel-outlined MuiFormLabel-colorPrimary MuiFormLabel-filled MuiInputLabel-root MuiInputLabel-formControl MuiInputLabel-animated MuiInputLabel-shrink MuiInputLabel-sizeSmall MuiInputLabel-outlined css-fe0mau-MuiFormLabel-root-MuiInputLabel-root"
              data-shrink="true"
            >
              Status
            </label>
            <div
              class="MuiInputBase-root MuiOutlinedInput-root MuiInputBase-colorPrimary MuiInputBase-formControl MuiInputBase-sizeSmall css-13lg1x7-MuiInputBase-root-MuiOutlinedInput-root-MuiSelect-root"
            >
              <div
                aria-controls=":ru:"
                aria-expanded="false"
                aria-haspopup="listbox"
                class="MuiSelect-select MuiSelect-outlined MuiInputBase-input MuiOutlinedInput-input MuiInputBase-inputSizeSmall css-1fzjff4-MuiSelect-select-MuiInputBase-input-MuiOutlinedInput-input"
                role="combobox"
                tabindex="0"
              >
                All Statuses
              </div>
              <input
                aria-hidden="true"
                aria-invalid="false"
                class="MuiSelect-nativeInput css-yf8vq0-MuiSelect-nativeInput"
                tabindex="-1"
                value="all"
              />
              <svg
                aria-hidden="true"
                class="MuiSvgIcon-root MuiSvgIcon-fontSizeMedium MuiSelect-icon MuiSelect-iconOutlined css-hfutr2-MuiSvgIcon-root-MuiSelect-icon"
                data-testid="ArrowDropDownIcon"
                focusable="false"
                viewBox="0 0 24 24"
              >
                <path
                  d="M7 10l5 5 5-5z"
                />
              </svg>
              <fieldset
                aria-hidden="true"
   ...

Ignored nodes: comments, script, style
<html>
  <head />
  <body
    style=""
  >
    <div>
      <div
        class="MuiBox-root css-0"
      >
        <div
          class="MuiBox-root css-i3pbo"
        >
          <h5
            class="MuiTypography-root MuiTypography-h5 MuiTypography-gutterBottom css-1hkf4sh-MuiTypography-root"
          >
            Payment History
          </h5>
          <p
            class="MuiTypography-root MuiTypography-body2 css-xtz2xu-MuiTypography-root"
          >
            1
             payment
             found
          </p>
        </div>
        <div
          class="MuiGrid-root MuiGrid-container MuiGrid-spacing-xs-2 css-12rc5ck-MuiGrid-root"
        >
          <div
            class="MuiGrid-root MuiGrid-item MuiGrid-grid-xs-12 MuiGrid-grid-sm-6 MuiGrid-grid-md-3 css-10voxkt-MuiGrid-root"
          >
            <div
              class="MuiFormControl-root MuiFormControl-fullWidth MuiTextField-root css-18hear-MuiFormControl-root-MuiTextField-root"
            >
              <div
                class="MuiInputBase-root MuiOutlinedInput-root MuiInputBase-colorPrimary MuiInputBase-fullWidth MuiInputBase-formControl MuiInputBase-sizeSmall MuiInputBase-adornedStart css-1cj7mpt-MuiInputBase-root-MuiOutlinedInput-root"
              >
                <div
                  class="MuiInputAdornment-root MuiInputAdornment-positionStart MuiInputAdornment-outlined MuiInputAdornment-sizeSmall css-ittuaa-MuiInputAdornment-root"
                >
                  <span
                    class="notranslate"
                  >
                    ​
                  </span>
                  <svg
                    aria-hidden="true"
                    class="MuiSvgIcon-root MuiSvgIcon-fontSizeMedium css-i4bv87-MuiSvgIcon-root"
                    data-testid="SearchIcon"
                    focusable="false"
                    viewBox="0 0 24 24"
                  >
                    <path
                      d="M15.5 14h-.79l-.28-.27C15.41 12.59 16 11.11 16 9.5 16 5.91 13.09 3 9.5 3S3 5.91 3 9.5 5.91 16 9.5 16c1.61 0 3.09-.59 4.23-1.57l.27.28v.79l5 4.99L20.49 19zm-6 0C7.01 14 5 11.99 5 9.5S7.01 5 9.5 5 14 7.01 14 9.5 11.99 14 9.5 14"
                    />
                  </svg>
                </div>
                <input
                  aria-invalid="false"
                  class="MuiInputBase-input MuiOutlinedInput-input MuiInputBase-inputSizeSmall MuiInputBase-inputAdornedStart css-1ua80n0-MuiInputBase-input-MuiOutlinedInput-input"
                  id=":rt:"
                  placeholder="Search payments..."
                  type="text"
                  value=""
                />
                <fieldset
                  aria-hidden="true"
                  class="MuiOutlinedInput-notchedOutline css-r01yff-MuiNotchedOutlined-root-MuiOutlinedInput-notchedOutline"
                >
                  <legend
                    class="css-1whs34k-MuiNotchedOutlined-root"
                  >
                    <span
                      class="notranslate"
                    >
                      ​
                    </span>
                  </legend>
                </fieldset>
              </div>
            </div>
          </div>
          <div
            class="MuiGrid-root MuiGrid-item MuiGrid-grid-xs-12 MuiGrid-grid-sm-6 MuiGrid-grid-md-3 css-10voxkt-MuiGrid-root"
          >
            <div
              class="MuiFormControl-root MuiFormControl-fullWidth css-q8hpuo-MuiFormControl-root"
            >
              <label
                class="MuiFormLabel-root MuiInputLabel-root MuiInputLabel-formControl MuiInputLabel-animated MuiInputLabel-shrink MuiInputLabel-sizeSmall MuiInputLabel-outlined MuiFormLabel-colorPrimary MuiFormLabel-filled MuiInputLabel-root MuiInputLabel-formControl MuiInputLabel-animated MuiInputLabel-shrink MuiInputLabel-sizeSmall MuiInputLabel-outlined css-fe0mau-MuiFormLabel-root-MuiInputLabel-root"
                data-shrink="true"
              >
                Status
              </label>
              <div
                class="MuiInputBase-root MuiOutlinedInput-root MuiInputBase-colorPrimary MuiInputBase-formControl MuiInputBase-sizeSmall css-13lg1x7-MuiInputBase-root-MuiOutlinedInput-root-MuiSelect-root"
              >
                <div
                  aria-controls=":ru:"
                  aria-expanded="false"
                  aria-haspopup="listbox"
                  class="MuiSelect-select MuiSelect-outlined MuiInputBase-input MuiOutlinedInput-input MuiInputBase-inputSizeSmall css-1fzjff4-MuiSelect-select-MuiInputBase-input-MuiOutlinedInput-input"
                  role="combobox"
                  tabindex="0"
                >
                  All Statuses
                </div>
                <input
                  aria-hidden="true"
                  aria-invalid="false"
                  class="MuiSelect-nativeInput css-yf8vq0-MuiSelect-nativeInput"
                  tabindex="-1"
                  value="all"
                />
                <svg
                  aria-hidden="true"
                  class="MuiSvgIcon-root MuiSvgIcon-fontSizeMedium MuiSelect-icon MuiSelect-iconOutlined css-hfutr2-MuiSvgIcon-root-MuiSelect-icon"
                  data-testid="ArrowDropDownIcon"
                  focusable="false"
                  viewBox="0 0 24 24...
   ❯ src/test/payment.test.tsx > PayoutManager > shows minimum payout warning
     → Found multiple elements with the text: Request Payout

Here are the matching elements:

Ignored nodes: comments, script, style
<h6
  class="MuiTypography-root MuiTypography-h6 MuiTypography-gutterBottom css-pne570-MuiTypography-root"
>
  Request Payout
</h6>

Ignored nodes: comments, script, style
<button
  class="MuiButtonBase-root MuiButton-root MuiButton-contained MuiButton-containedPrimary MuiButton-sizeMedium MuiButton-containedSizeMedium MuiButton-colorPrimary MuiButton-root MuiButton-contained MuiButton-containedPrimary MuiButton-sizeMedium MuiButton-containedSizeMedium MuiButton-colorPrimary css-1od66nh-MuiButtonBase-root-MuiButton-root"
  tabindex="0"
  type="button"
>
  <span
    class="MuiButton-icon MuiButton-startIcon MuiButton-iconSizeMedium css-gcc2o7-MuiButton-startIcon"
  >
    <svg
      aria-hidden="true"
      class="MuiSvgIcon-root MuiSvgIcon-fontSizeMedium css-i4bv87-MuiSvgIcon-root"
      data-testid="AttachMoneyIcon"
      focusable="false"
      viewBox="0 0 24 24"
    >
      <path
        d="M11.8 10.9c-2.27-.59-3-1.2-3-2.15 0-1.09 1.01-1.85 2.7-1.85 1.78 0 2.44.85 2.5 2.1h2.21c-.07-1.72-1.12-3.3-3.21-3.81V3h-3v2.16c-1.94.42-3.5 1.68-3.5 3.61 0 2.31 1.91 3.46 4.7 4.13 2.5.6 3 1.48 3 2.41 0 .69-.49 1.79-2.7 1.79-2.06 0-2.87-.92-2.98-2.1h-2.2c.12 2.19 1.76 3.42 3.68 3.83V21h3v-2.15c1.95-.37 3.5-1.5 3.5-3.55 0-2.84-2.43-3.81-4.7-4.4"
      />
    </svg>
  </span>
  Request Payout
  <span
    class="MuiTouchRipple-root css-8je8zh-MuiTouchRipple-root"
  />
</button>

Ignored nodes: comments, script, style
<h6
  class="MuiTypography-root MuiTypography-h6 MuiTypography-gutterBottom css-pne570-MuiTypography-root"
>
  Request Payout
</h6>

Ignored nodes: comments, script, style
<button
  class="MuiButtonBase-root MuiButton-root MuiButton-contained MuiButton-containedPrimary MuiButton-sizeMedium MuiButton-containedSizeMedium MuiButton-colorPrimary MuiButton-root MuiButton-contained MuiButton-containedPrimary MuiButton-sizeMedium MuiButton-containedSizeMedium MuiButton-colorPrimary css-1od66nh-MuiButtonBase-root-MuiButton-root"
  tabindex="0"
  type="button"
>
  <span
    class="MuiButton-icon MuiButton-startIcon MuiButton-iconSizeMedium css-gcc2o7-MuiButton-startIcon"
  >
    <svg
      aria-hidden="true"
      class="MuiSvgIcon-root MuiSvgIcon-fontSizeMedium css-i4bv87-MuiSvgIcon-root"
      data-testid="AttachMoneyIcon"
      focusable="false"
      viewBox="0 0 24 24"
    >
      <path
        d="M11.8 10.9c-2.27-.59-3-1.2-3-2.15 0-1.09 1.01-1.85 2.7-1.85 1.78 0 2.44.85 2.5 2.1h2.21c-.07-1.72-1.12-3.3-3.21-3.81V3h-3v2.16c-1.94.42-3.5 1.68-3.5 3.61 0 2.31 1.91 3.46 4.7 4.13 2.5.6 3 1.48 3 2.41 0 .69-.49 1.79-2.7 1.79-2.06 0-2.87-.92-2.98-2.1h-2.2c.12 2.19 1.76 3.42 3.68 3.83V21h3v-2.15c1.95-.37 3.5-1.5 3.5-3.55 0-2.84-2.43-3.81-4.7-4.4"
      />
    </svg>
  </span>
  Request Payout
  <span
    class="MuiTouchRipple-root css-8je8zh-MuiTouchRipple-root"
  />
</button>

Ignored nodes: comments, script, style
<h6
  class="MuiTypography-root MuiTypography-h6 MuiTypography-gutterBottom css-pne570-MuiTypography-root"
>
  Request Payout
</h6>

Ignored nodes: comments, script, style
<button
  class="MuiButtonBase-root MuiButton-root MuiButton-contained MuiButton-containedPrimary MuiButton-sizeMedium MuiButton-containedSizeMedium MuiButton-colorPrimary MuiButton-root MuiButton-contained MuiButton-containedPrimary MuiButton-sizeMedium MuiButton-containedSizeMedium MuiButton-colorPrimary css-1od66nh-MuiButtonBase-root-MuiButton-root"
  tabindex="0"
  type="button"
>
  <span
    class="MuiButton-icon MuiButton-startIcon MuiButton-iconSizeMedium css-gcc2o7-MuiButton-startIcon"
  >
    <svg
      aria-hidden="true"
      class="MuiSvgIcon-root MuiSvgIcon-fontSizeMedium css-i4bv87-MuiSvgIcon-root"
      data-testid="AttachMoneyIcon"
      focusable="false"
      viewBox="0 0 24 24"
    >
      <path
        d="M11.8 10.9c-2.27-.59-3-1.2-3-2.15 0-1.09 1.01-1.85 2.7-1.85 1.78 0 2.44.85 2.5 2.1h2.21c-.07-1.72-1.12-3.3-3.21-3.81V3h-3v2.16c-1.94.42-3.5 1.68-3.5 3.61 0 2.31 1.91 3.46 4.7 4.13 2.5.6 3 1.48 3 2.41 0 .69-.49 1.79-2.7 1.79-2.06 0-2.87-.92-2.98-2.1h-2.2c.12 2.19 1.76 3.42 3.68 3.83V21h3v-2.15c1.95-.37 3.5-1.5 3.5-3.55 0-2.84-2.43-3.81-4.7-4.4"
      />
    </svg>
  </span>
  Request Payout
  <span
    class="MuiTouchRipple-root css-8je8zh-MuiTouchRipple-root"
  />
</button>

Ignored nodes: comments, script, style
<h6
  class="MuiTypography-root MuiTypography-h6 MuiTypography-gutterBottom css-pne570-MuiTypography-root"
>
  Request Payout
</h6>

Ignored nodes: comments, script, style
<button
  class="MuiButtonBase-root MuiButton-root MuiButton-contained MuiButton-containedPrimary MuiButton-sizeMedium MuiButton-containedSizeMedium MuiButton-colorPrimary Mui-disabled MuiButton-root MuiButton-contained MuiButton-containedPrimary MuiButton-sizeMedium MuiButton-containedSizeMedium MuiButton-colorPrimary css-1od66nh-MuiButtonBase-root-MuiButton-root"
  disabled=""
  tabindex="-1"
  type="button"
>
  <span
    class="MuiButton-icon MuiButton-startIcon MuiButton-iconSizeMedium css-gcc2o7-MuiButton-startIcon"
  >
    <svg
      aria-hidden="true"
      class="MuiSvgIcon-root MuiSvgIcon-fontSizeMedium css-i4bv87-MuiSvgIcon-root"
      data-testid="AttachMoneyIcon"
      focusable="false"
      viewBox="0 0 24 24"
    >
      <path
        d="M11.8 10.9c-2.27-.59-3-1.2-3-2.15 0-1.09 1.01-1.85 2.7-1.85 1.78 0 2.44.85 2.5 2.1h2.21c-.07-1.72-1.12-3.3-3.21-3.81V3h-3v2.16c-1.94.42-3.5 1.68-3.5 3.61 0 2.31 1.91 3.46 4.7 4.13 2.5.6 3 1.48 3 2.41 0 .69-.49 1.79-2.7 1.79-2.06 0-2.87-.92-2.98-2.1h-2.2c.12 2.19 1.76 3.42 3.68 3.83V21h3v-2.15c1.95-.37 3.5-1.5 3.5-3.55 0-2.84-2.43-3.81-4.7-4.4"
      />
    </svg>
  </span>
  Request Payout
</button>

(If this is intentional, then use the `*AllBy*` variant of the query (like `queryAllByText`, `getAllByText`, or `findAllByText`)).

Ignored nodes: comments, script, style
<body
  style=""
>
  <div>
    <div
      class="MuiBox-root css-0"
    >
      <div
        class="MuiBox-root css-i3pbo"
      >
        <h5
          class="MuiTypography-root MuiTypography-h5 MuiTypography-gutterBottom css-1hkf4sh-MuiTypography-root"
        >
          Payment History
        </h5>
        <p
          class="MuiTypography-root MuiTypography-body2 css-xtz2xu-MuiTypography-root"
        >
          1
           payment
           found
        </p>
      </div>
      <div
        class="MuiGrid-root MuiGrid-container MuiGrid-spacing-xs-2 css-12rc5ck-MuiGrid-root"
      >
        <div
          class="MuiGrid-root MuiGrid-item MuiGrid-grid-xs-12 MuiGrid-grid-sm-6 MuiGrid-grid-md-3 css-10voxkt-MuiGrid-root"
        >
          <div
            class="MuiFormControl-root MuiFormControl-fullWidth MuiTextField-root css-18hear-MuiFormControl-root-MuiTextField-root"
          >
            <div
              class="MuiInputBase-root MuiOutlinedInput-root MuiInputBase-colorPrimary MuiInputBase-fullWidth MuiInputBase-formControl MuiInputBase-sizeSmall MuiInputBase-adornedStart css-1cj7mpt-MuiInputBase-root-MuiOutlinedInput-root"
            >
              <div
                class="MuiInputAdornment-root MuiInputAdornment-positionStart MuiInputAdornment-outlined MuiInputAdornment-sizeSmall css-ittuaa-MuiInputAdornment-root"
              >
                <span
                  class="notranslate"
                >
                  ​
                </span>
                <svg
                  aria-hidden="true"
                  class="MuiSvgIcon-root MuiSvgIcon-fontSizeMedium css-i4bv87-MuiSvgIcon-root"
                  data-testid="SearchIcon"
                  focusable="false"
                  viewBox="0 0 24 24"
                >
                  <path
                    d="M15.5 14h-.79l-.28-.27C15.41 12.59 16 11.11 16 9.5 16 5.91 13.09 3 9.5 3S3 5.91 3 9.5 5.91 16 9.5 16c1.61 0 3.09-.59 4.23-1.57l.27.28v.79l5 4.99L20.49 19zm-6 0C7.01 14 5 11.99 5 9.5S7.01 5 9.5 5 14 7.01 14 9.5 11.99 14 9.5 14"
                  />
                </svg>
              </div>
              <input
                aria-invalid="false"
                class="MuiInputBase-input MuiOutlinedInput-input MuiInputBase-inputSizeSmall MuiInputBase-inputAdornedStart css-1ua80n0-MuiInputBase-input-MuiOutlinedInput-input"
                id=":rt:"
                placeholder="Search payments..."
                type="text"
                value=""
              />
              <fieldset
                aria-hidden="true"
                class="MuiOutlinedInput-notchedOutline css-r01yff-MuiNotchedOutlined-root-MuiOutlinedInput-notchedOutline"
              >
                <legend
                  class="css-1whs34k-MuiNotchedOutlined-root"
                >
                  <span
                    class="notranslate"
                  >
                    ​
                  </span>
                </legend>
              </fieldset>
            </div>
          </div>
        </div>
        <div
          class="MuiGrid-root MuiGrid-item MuiGrid-grid-xs-12 MuiGrid-grid-sm-6 MuiGrid-grid-md-3 css-10voxkt-MuiGrid-root"
        >
          <div
            class="MuiFormControl-root MuiFormControl-fullWidth css-q8hpuo-MuiFormControl-root"
          >
            <label
              class="MuiFormLabel-root MuiInputLabel-root MuiInputLabel-formControl MuiInputLabel-animated MuiInputLabel-shrink MuiInputLabel-sizeSmall MuiInputLabel-outlined MuiFormLabel-colorPrimary MuiFormLabel-filled MuiInputLabel-root MuiInputLabel-formControl MuiInputLabel-animated MuiInputLabel-shrink MuiInputLabel-sizeSmall MuiInputLabel-outlined css-fe0mau-MuiFormLabel-root-MuiInputLabel-root"
              data-shrink="true"
            >
              Status
            </label>
            <div
              class="MuiInputBase-root MuiOutlinedInput-root MuiInputBase-colorPrimary MuiInputBase-formControl MuiInputBase-sizeSmall css-13lg1x7-MuiInputBase-root-MuiOutlinedInput-root-MuiSelect-root"
            >
              <div
                aria-controls=":ru:"
                aria-expanded="false"
                aria-haspopup="listbox"
                class="MuiSelect-select MuiSelect-outlined MuiInputBase-input MuiOutlinedInput-input MuiInputBase-inputSizeSmall css-1fzjff4-MuiSelect-select-MuiInputBase-input-MuiOutlinedInput-input"
                role="combobox"
                tabindex="0"
              >
                All Statuses
              </div>
              <input
                aria-hidden="true"
                aria-invalid="false"
                class="MuiSelect-nativeInput css-yf8vq0-MuiSelect-nativeInput"
                tabindex="-1"
                value="all"
              />
              <svg
                aria-hidden="true"
                class="MuiSvgIcon-root MuiSvgIcon-fontSizeMedium MuiSelect-icon MuiSelect-iconOutlined css-hfutr2-MuiSvgIcon-root-MuiSelect-icon"
                data-testid="ArrowDropDownIcon"
                focusable="false"
                viewBox="0 0 24 24"
              >
                <path
                  d="M7 10l5 5 5-5z"
                />
              </svg>
              <fieldset
                aria-hidden="true"
   ...

Ignored nodes: comments, script, style
<html>
  <head />
  <body
    style=""
  >
    <div>
      <div
        class="MuiBox-root css-0"
      >
        <div
          class="MuiBox-root css-i3pbo"
        >
          <h5
            class="MuiTypography-root MuiTypography-h5 MuiTypography-gutterBottom css-1hkf4sh-MuiTypography-root"
          >
            Payment History
          </h5>
          <p
            class="MuiTypography-root MuiTypography-body2 css-xtz2xu-MuiTypography-root"
          >
            1
             payment
             found
          </p>
        </div>
        <div
          class="MuiGrid-root MuiGrid-container MuiGrid-spacing-xs-2 css-12rc5ck-MuiGrid-root"
        >
          <div
            class="MuiGrid-root MuiGrid-item MuiGrid-grid-xs-12 MuiGrid-grid-sm-6 MuiGrid-grid-md-3 css-10voxkt-MuiGrid-root"
          >
            <div
              class="MuiFormControl-root MuiFormControl-fullWidth MuiTextField-root css-18hear-MuiFormControl-root-MuiTextField-root"
            >
              <div
                class="MuiInputBase-root MuiOutlinedInput-root MuiInputBase-colorPrimary MuiInputBase-fullWidth MuiInputBase-formControl MuiInputBase-sizeSmall MuiInputBase-adornedStart css-1cj7mpt-MuiInputBase-root-MuiOutlinedInput-root"
              >
                <div
                  class="MuiInputAdornment-root MuiInputAdornment-positionStart MuiInputAdornment-outlined MuiInputAdornment-sizeSmall css-ittuaa-MuiInputAdornment-root"
                >
                  <span
                    class="notranslate"
                  >
                    ​
                  </span>
                  <svg
                    aria-hidden="true"
                    class="MuiSvgIcon-root MuiSvgIcon-fontSizeMedium css-i4bv87-MuiSvgIcon-root"
                    data-testid="SearchIcon"
                    focusable="false"
                    viewBox="0 0 24 24"
                  >
                    <path
                      d="M15.5 14h-.79l-.28-.27C15.41 12.59 16 11.11 16 9.5 16 5.91 13.09 3 9.5 3S3 5.91 3 9.5 5.91 16 9.5 16c1.61 0 3.09-.59 4.23-1.57l.27.28v.79l5 4.99L20.49 19zm-6 0C7.01 14 5 11.99 5 9.5S7.01 5 9.5 5 14 7.01 14 9.5 11.99 14 9.5 14"
                    />
                  </svg>
                </div>
                <input
                  aria-invalid="false"
                  class="MuiInputBase-input MuiOutlinedInput-input MuiInputBase-inputSizeSmall MuiInputBase-inputAdornedStart css-1ua80n0-MuiInputBase-input-MuiOutlinedInput-input"
                  id=":rt:"
                  placeholder="Search payments..."
                  type="text"
                  value=""
                />
                <fieldset
                  aria-hidden="true"
                  class="MuiOutlinedInput-notchedOutline css-r01yff-MuiNotchedOutlined-root-MuiOutlinedInput-notchedOutline"
                >
                  <legend
                    class="css-1whs34k-MuiNotchedOutlined-root"
                  >
                    <span
                      class="notranslate"
                    >
                      ​
                    </span>
                  </legend>
                </fieldset>
              </div>
            </div>
          </div>
          <div
            class="MuiGrid-root MuiGrid-item MuiGrid-grid-xs-12 MuiGrid-grid-sm-6 MuiGrid-grid-md-3 css-10voxkt-MuiGrid-root"
          >
            <div
              class="MuiFormControl-root MuiFormControl-fullWidth css-q8hpuo-MuiFormControl-root"
            >
              <label
                class="MuiFormLabel-root MuiInputLabel-root MuiInputLabel-formControl MuiInputLabel-animated MuiInputLabel-shrink MuiInputLabel-sizeSmall MuiInputLabel-outlined MuiFormLabel-colorPrimary MuiFormLabel-filled MuiInputLabel-root MuiInputLabel-formControl MuiInputLabel-animated MuiInputLabel-shrink MuiInputLabel-sizeSmall MuiInputLabel-outlined css-fe0mau-MuiFormLabel-root-MuiInputLabel-root"
                data-shrink="true"
              >
                Status
              </label>
              <div
                class="MuiInputBase-root MuiOutlinedInput-root MuiInputBase-colorPrimary MuiInputBase-formControl MuiInputBase-sizeSmall css-13lg1x7-MuiInputBase-root-MuiOutlinedInput-root-MuiSelect-root"
              >
                <div
                  aria-controls=":ru:"
                  aria-expanded="false"
                  aria-haspopup="listbox"
                  class="MuiSelect-select MuiSelect-outlined MuiInputBase-input MuiOutlinedInput-input MuiInputBase-inputSizeSmall css-1fzjff4-MuiSelect-select-MuiInputBase-input-MuiOutlinedInput-input"
                  role="combobox"
                  tabindex="0"
                >
                  All Statuses
                </div>
                <input
                  aria-hidden="true"
                  aria-invalid="false"
                  class="MuiSelect-nativeInput css-yf8vq0-MuiSelect-nativeInput"
                  tabindex="-1"
                  value="all"
                />
                <svg
                  aria-hidden="true"
                  class="MuiSvgIcon-root MuiSvgIcon-fontSizeMedium MuiSelect-icon MuiSelect-iconOutlined css-hfutr2-MuiSvgIcon-root-MuiSelect-icon"
                  data-testid="ArrowDropDownIcon"
                  focusable="false"
                  viewBox="0 0 24 24...
 × src/test/payment.test.tsx > PayoutManager > shows minimum payout warning 1095ms
   → Found multiple elements with the text: Request Payout

Here are the matching elements:

Ignored nodes: comments, script, style
<h6
  class="MuiTypography-root MuiTypography-h6 MuiTypography-gutterBottom css-pne570-MuiTypography-root"
>
  Request Payout
</h6>

Ignored nodes: comments, script, style
<button
  class="MuiButtonBase-root MuiButton-root MuiButton-contained MuiButton-containedPrimary MuiButton-sizeMedium MuiButton-containedSizeMedium MuiButton-colorPrimary MuiButton-root MuiButton-contained MuiButton-containedPrimary MuiButton-sizeMedium MuiButton-containedSizeMedium MuiButton-colorPrimary css-1od66nh-MuiButtonBase-root-MuiButton-root"
  tabindex="0"
  type="button"
>
  <span
    class="MuiButton-icon MuiButton-startIcon MuiButton-iconSizeMedium css-gcc2o7-MuiButton-startIcon"
  >
    <svg
      aria-hidden="true"
      class="MuiSvgIcon-root MuiSvgIcon-fontSizeMedium css-i4bv87-MuiSvgIcon-root"
      data-testid="AttachMoneyIcon"
      focusable="false"
      viewBox="0 0 24 24"
    >
      <path
        d="M11.8 10.9c-2.27-.59-3-1.2-3-2.15 0-1.09 1.01-1.85 2.7-1.85 1.78 0 2.44.85 2.5 2.1h2.21c-.07-1.72-1.12-3.3-3.21-3.81V3h-3v2.16c-1.94.42-3.5 1.68-3.5 3.61 0 2.31 1.91 3.46 4.7 4.13 2.5.6 3 1.48 3 2.41 0 .69-.49 1.79-2.7 1.79-2.06 0-2.87-.92-2.98-2.1h-2.2c.12 2.19 1.76 3.42 3.68 3.83V21h3v-2.15c1.95-.37 3.5-1.5 3.5-3.55 0-2.84-2.43-3.81-4.7-4.4"
      />
    </svg>
  </span>
  Request Payout
  <span
    class="MuiTouchRipple-root css-8je8zh-MuiTouchRipple-root"
  />
</button>

Ignored nodes: comments, script, style
<h6
  class="MuiTypography-root MuiTypography-h6 MuiTypography-gutterBottom css-pne570-MuiTypography-root"
>
  Request Payout
</h6>

Ignored nodes: comments, script, style
<button
  class="MuiButtonBase-root MuiButton-root MuiButton-contained MuiButton-containedPrimary MuiButton-sizeMedium MuiButton-containedSizeMedium MuiButton-colorPrimary MuiButton-root MuiButton-contained MuiButton-containedPrimary MuiButton-sizeMedium MuiButton-containedSizeMedium MuiButton-colorPrimary css-1od66nh-MuiButtonBase-root-MuiButton-root"
  tabindex="0"
  type="button"
>
  <span
    class="MuiButton-icon MuiButton-startIcon MuiButton-iconSizeMedium css-gcc2o7-MuiButton-startIcon"
  >
    <svg
      aria-hidden="true"
      class="MuiSvgIcon-root MuiSvgIcon-fontSizeMedium css-i4bv87-MuiSvgIcon-root"
      data-testid="AttachMoneyIcon"
      focusable="false"
      viewBox="0 0 24 24"
    >
      <path
        d="M11.8 10.9c-2.27-.59-3-1.2-3-2.15 0-1.09 1.01-1.85 2.7-1.85 1.78 0 2.44.85 2.5 2.1h2.21c-.07-1.72-1.12-3.3-3.21-3.81V3h-3v2.16c-1.94.42-3.5 1.68-3.5 3.61 0 2.31 1.91 3.46 4.7 4.13 2.5.6 3 1.48 3 2.41 0 .69-.49 1.79-2.7 1.79-2.06 0-2.87-.92-2.98-2.1h-2.2c.12 2.19 1.76 3.42 3.68 3.83V21h3v-2.15c1.95-.37 3.5-1.5 3.5-3.55 0-2.84-2.43-3.81-4.7-4.4"
      />
    </svg>
  </span>
  Request Payout
  <span
    class="MuiTouchRipple-root css-8je8zh-MuiTouchRipple-root"
  />
</button>

Ignored nodes: comments, script, style
<h6
  class="MuiTypography-root MuiTypography-h6 MuiTypography-gutterBottom css-pne570-MuiTypography-root"
>
  Request Payout
</h6>

Ignored nodes: comments, script, style
<button
  class="MuiButtonBase-root MuiButton-root MuiButton-contained MuiButton-containedPrimary MuiButton-sizeMedium MuiButton-containedSizeMedium MuiButton-colorPrimary MuiButton-root MuiButton-contained MuiButton-containedPrimary MuiButton-sizeMedium MuiButton-containedSizeMedium MuiButton-colorPrimary css-1od66nh-MuiButtonBase-root-MuiButton-root"
  tabindex="0"
  type="button"
>
  <span
    class="MuiButton-icon MuiButton-startIcon MuiButton-iconSizeMedium css-gcc2o7-MuiButton-startIcon"
  >
    <svg
      aria-hidden="true"
      class="MuiSvgIcon-root MuiSvgIcon-fontSizeMedium css-i4bv87-MuiSvgIcon-root"
      data-testid="AttachMoneyIcon"
      focusable="false"
      viewBox="0 0 24 24"
    >
      <path
        d="M11.8 10.9c-2.27-.59-3-1.2-3-2.15 0-1.09 1.01-1.85 2.7-1.85 1.78 0 2.44.85 2.5 2.1h2.21c-.07-1.72-1.12-3.3-3.21-3.81V3h-3v2.16c-1.94.42-3.5 1.68-3.5 3.61 0 2.31 1.91 3.46 4.7 4.13 2.5.6 3 1.48 3 2.41 0 .69-.49 1.79-2.7 1.79-2.06 0-2.87-.92-2.98-2.1h-2.2c.12 2.19 1.76 3.42 3.68 3.83V21h3v-2.15c1.95-.37 3.5-1.5 3.5-3.55 0-2.84-2.43-3.81-4.7-4.4"
      />
    </svg>
  </span>
  Request Payout
  <span
    class="MuiTouchRipple-root css-8je8zh-MuiTouchRipple-root"
  />
</button>

Ignored nodes: comments, script, style
<h6
  class="MuiTypography-root MuiTypography-h6 MuiTypography-gutterBottom css-pne570-MuiTypography-root"
>
  Request Payout
</h6>

Ignored nodes: comments, script, style
<button
  class="MuiButtonBase-root MuiButton-root MuiButton-contained MuiButton-containedPrimary MuiButton-sizeMedium MuiButton-containedSizeMedium MuiButton-colorPrimary Mui-disabled MuiButton-root MuiButton-contained MuiButton-containedPrimary MuiButton-sizeMedium MuiButton-containedSizeMedium MuiButton-colorPrimary css-1od66nh-MuiButtonBase-root-MuiButton-root"
  disabled=""
  tabindex="-1"
  type="button"
>
  <span
    class="MuiButton-icon MuiButton-startIcon MuiButton-iconSizeMedium css-gcc2o7-MuiButton-startIcon"
  >
    <svg
      aria-hidden="true"
      class="MuiSvgIcon-root MuiSvgIcon-fontSizeMedium css-i4bv87-MuiSvgIcon-root"
      data-testid="AttachMoneyIcon"
      focusable="false"
      viewBox="0 0 24 24"
    >
      <path
        d="M11.8 10.9c-2.27-.59-3-1.2-3-2.15 0-1.09 1.01-1.85 2.7-1.85 1.78 0 2.44.85 2.5 2.1h2.21c-.07-1.72-1.12-3.3-3.21-3.81V3h-3v2.16c-1.94.42-3.5 1.68-3.5 3.61 0 2.31 1.91 3.46 4.7 4.13 2.5.6 3 1.48 3 2.41 0 .69-.49 1.79-2.7 1.79-2.06 0-2.87-.92-2.98-2.1h-2.2c.12 2.19 1.76 3.42 3.68 3.83V21h3v-2.15c1.95-.37 3.5-1.5 3.5-3.55 0-2.84-2.43-3.81-4.7-4.4"
      />
    </svg>
  </span>
  Request Payout
</button>

(If this is intentional, then use the `*AllBy*` variant of the query (like `queryAllByText`, `getAllByText`, or `findAllByText`)).

Ignored nodes: comments, script, style
<body
  style=""
>
  <div>
    <div
      class="MuiBox-root css-0"
    >
      <div
        class="MuiBox-root css-i3pbo"
      >
        <h5
          class="MuiTypography-root MuiTypography-h5 MuiTypography-gutterBottom css-1hkf4sh-MuiTypography-root"
        >
          Payment History
        </h5>
        <p
          class="MuiTypography-root MuiTypography-body2 css-xtz2xu-MuiTypography-root"
        >
          1
           payment
           found
        </p>
      </div>
      <div
        class="MuiGrid-root MuiGrid-container MuiGrid-spacing-xs-2 css-12rc5ck-MuiGrid-root"
      >
        <div
          class="MuiGrid-root MuiGrid-item MuiGrid-grid-xs-12 MuiGrid-grid-sm-6 MuiGrid-grid-md-3 css-10voxkt-MuiGrid-root"
        >
          <div
            class="MuiFormControl-root MuiFormControl-fullWidth MuiTextField-root css-18hear-MuiFormControl-root-MuiTextField-root"
          >
            <div
              class="MuiInputBase-root MuiOutlinedInput-root MuiInputBase-colorPrimary MuiInputBase-fullWidth MuiInputBase-formControl MuiInputBase-sizeSmall MuiInputBase-adornedStart css-1cj7mpt-MuiInputBase-root-MuiOutlinedInput-root"
            >
              <div
                class="MuiInputAdornment-root MuiInputAdornment-positionStart MuiInputAdornment-outlined MuiInputAdornment-sizeSmall css-ittuaa-MuiInputAdornment-root"
              >
                <span
                  class="notranslate"
                >
                  ​
                </span>
                <svg
                  aria-hidden="true"
                  class="MuiSvgIcon-root MuiSvgIcon-fontSizeMedium css-i4bv87-MuiSvgIcon-root"
                  data-testid="SearchIcon"
                  focusable="false"
                  viewBox="0 0 24 24"
                >
                  <path
                    d="M15.5 14h-.79l-.28-.27C15.41 12.59 16 11.11 16 9.5 16 5.91 13.09 3 9.5 3S3 5.91 3 9.5 5.91 16 9.5 16c1.61 0 3.09-.59 4.23-1.57l.27.28v.79l5 4.99L20.49 19zm-6 0C7.01 14 5 11.99 5 9.5S7.01 5 9.5 5 14 7.01 14 9.5 11.99 14 9.5 14"
                  />
                </svg>
              </div>
              <input
                aria-invalid="false"
                class="MuiInputBase-input MuiOutlinedInput-input MuiInputBase-inputSizeSmall MuiInputBase-inputAdornedStart css-1ua80n0-MuiInputBase-input-MuiOutlinedInput-input"
                id=":rt:"
                placeholder="Search payments..."
                type="text"
                value=""
              />
              <fieldset
                aria-hidden="true"
                class="MuiOutlinedInput-notchedOutline css-r01yff-MuiNotchedOutlined-root-MuiOutlinedInput-notchedOutline"
              >
                <legend
                  class="css-1whs34k-MuiNotchedOutlined-root"
                >
                  <span
                    class="notranslate"
                  >
                    ​
                  </span>
                </legend>
              </fieldset>
            </div>
          </div>
        </div>
        <div
          class="MuiGrid-root MuiGrid-item MuiGrid-grid-xs-12 MuiGrid-grid-sm-6 MuiGrid-grid-md-3 css-10voxkt-MuiGrid-root"
        >
          <div
            class="MuiFormControl-root MuiFormControl-fullWidth css-q8hpuo-MuiFormControl-root"
          >
            <label
              class="MuiFormLabel-root MuiInputLabel-root MuiInputLabel-formControl MuiInputLabel-animated MuiInputLabel-shrink MuiInputLabel-sizeSmall MuiInputLabel-outlined MuiFormLabel-colorPrimary MuiFormLabel-filled MuiInputLabel-root MuiInputLabel-formControl MuiInputLabel-animated MuiInputLabel-shrink MuiInputLabel-sizeSmall MuiInputLabel-outlined css-fe0mau-MuiFormLabel-root-MuiInputLabel-root"
              data-shrink="true"
            >
              Status
            </label>
            <div
              class="MuiInputBase-root MuiOutlinedInput-root MuiInputBase-colorPrimary MuiInputBase-formControl MuiInputBase-sizeSmall css-13lg1x7-MuiInputBase-root-MuiOutlinedInput-root-MuiSelect-root"
            >
              <div
                aria-controls=":ru:"
                aria-expanded="false"
                aria-haspopup="listbox"
                class="MuiSelect-select MuiSelect-outlined MuiInputBase-input MuiOutlinedInput-input MuiInputBase-inputSizeSmall css-1fzjff4-MuiSelect-select-MuiInputBase-input-MuiOutlinedInput-input"
                role="combobox"
                tabindex="0"
              >
                All Statuses
              </div>
              <input
                aria-hidden="true"
                aria-invalid="false"
                class="MuiSelect-nativeInput css-yf8vq0-MuiSelect-nativeInput"
                tabindex="-1"
                value="all"
              />
              <svg
                aria-hidden="true"
                class="MuiSvgIcon-root MuiSvgIcon-fontSizeMedium MuiSelect-icon MuiSelect-iconOutlined css-hfutr2-MuiSvgIcon-root-MuiSelect-icon"
                data-testid="ArrowDropDownIcon"
                focusable="false"
                viewBox="0 0 24 24"
              >
                <path
                  d="M7 10l5 5 5-5z"
                />
              </svg>
              <fieldset
                aria-hidden="true"
   ...

Ignored nodes: comments, script, style
<html>
  <head />
  <body
    style=""
  >
    <div>
      <div
        class="MuiBox-root css-0"
      >
        <div
          class="MuiBox-root css-i3pbo"
        >
          <h5
            class="MuiTypography-root MuiTypography-h5 MuiTypography-gutterBottom css-1hkf4sh-MuiTypography-root"
          >
            Payment History
          </h5>
          <p
            class="MuiTypography-root MuiTypography-body2 css-xtz2xu-MuiTypography-root"
          >
            1
             payment
             found
          </p>
        </div>
        <div
          class="MuiGrid-root MuiGrid-container MuiGrid-spacing-xs-2 css-12rc5ck-MuiGrid-root"
        >
          <div
            class="MuiGrid-root MuiGrid-item MuiGrid-grid-xs-12 MuiGrid-grid-sm-6 MuiGrid-grid-md-3 css-10voxkt-MuiGrid-root"
          >
            <div
              class="MuiFormControl-root MuiFormControl-fullWidth MuiTextField-root css-18hear-MuiFormControl-root-MuiTextField-root"
            >
              <div
                class="MuiInputBase-root MuiOutlinedInput-root MuiInputBase-colorPrimary MuiInputBase-fullWidth MuiInputBase-formControl MuiInputBase-sizeSmall MuiInputBase-adornedStart css-1cj7mpt-MuiInputBase-root-MuiOutlinedInput-root"
              >
                <div
                  class="MuiInputAdornment-root MuiInputAdornment-positionStart MuiInputAdornment-outlined MuiInputAdornment-sizeSmall css-ittuaa-MuiInputAdornment-root"
                >
                  <span
                    class="notranslate"
                  >
                    ​
                  </span>
                  <svg
                    aria-hidden="true"
                    class="MuiSvgIcon-root MuiSvgIcon-fontSizeMedium css-i4bv87-MuiSvgIcon-root"
                    data-testid="SearchIcon"
                    focusable="false"
                    viewBox="0 0 24 24"
                  >
                    <path
                      d="M15.5 14h-.79l-.28-.27C15.41 12.59 16 11.11 16 9.5 16 5.91 13.09 3 9.5 3S3 5.91 3 9.5 5.91 16 9.5 16c1.61 0 3.09-.59 4.23-1.57l.27.28v.79l5 4.99L20.49 19zm-6 0C7.01 14 5 11.99 5 9.5S7.01 5 9.5 5 14 7.01 14 9.5 11.99 14 9.5 14"
                    />
                  </svg>
                </div>
                <input
                  aria-invalid="false"
                  class="MuiInputBase-input MuiOutlinedInput-input MuiInputBase-inputSizeSmall MuiInputBase-inputAdornedStart css-1ua80n0-MuiInputBase-input-MuiOutlinedInput-input"
                  id=":rt:"
                  placeholder="Search payments..."
                  type="text"
                  value=""
                />
                <fieldset
                  aria-hidden="true"
                  class="MuiOutlinedInput-notchedOutline css-r01yff-MuiNotchedOutlined-root-MuiOutlinedInput-notchedOutline"
                >
                  <legend
                    class="css-1whs34k-MuiNotchedOutlined-root"
                  >
                    <span
                      class="notranslate"
                    >
                      ​
                    </span>
                  </legend>
                </fieldset>
              </div>
            </div>
          </div>
          <div
            class="MuiGrid-root MuiGrid-item MuiGrid-grid-xs-12 MuiGrid-grid-sm-6 MuiGrid-grid-md-3 css-10voxkt-MuiGrid-root"
          >
            <div
              class="MuiFormControl-root MuiFormControl-fullWidth css-q8hpuo-MuiFormControl-root"
            >
              <label
                class="MuiFormLabel-root MuiInputLabel-root MuiInputLabel-formControl MuiInputLabel-animated MuiInputLabel-shrink MuiInputLabel-sizeSmall MuiInputLabel-outlined MuiFormLabel-colorPrimary MuiFormLabel-filled MuiInputLabel-root MuiInputLabel-formControl MuiInputLabel-animated MuiInputLabel-shrink MuiInputLabel-sizeSmall MuiInputLabel-outlined css-fe0mau-MuiFormLabel-root-MuiInputLabel-root"
                data-shrink="true"
              >
                Status
              </label>
              <div
                class="MuiInputBase-root MuiOutlinedInput-root MuiInputBase-colorPrimary MuiInputBase-formControl MuiInputBase-sizeSmall css-13lg1x7-MuiInputBase-root-MuiOutlinedInput-root-MuiSelect-root"
              >
                <div
                  aria-controls=":ru:"
                  aria-expanded="false"
                  aria-haspopup="listbox"
                  class="MuiSelect-select MuiSelect-outlined MuiInputBase-input MuiOutlinedInput-input MuiInputBase-inputSizeSmall css-1fzjff4-MuiSelect-select-MuiInputBase-input-MuiOutlinedInput-input"
                  role="combobox"
                  tabindex="0"
                >
                  All Statuses
                </div>
                <input
                  aria-hidden="true"
                  aria-invalid="false"
                  class="MuiSelect-nativeInput css-yf8vq0-MuiSelect-nativeInput"
                  tabindex="-1"
                  value="all"
                />
                <svg
                  aria-hidden="true"
                  class="MuiSvgIcon-root MuiSvgIcon-fontSizeMedium MuiSelect-icon MuiSelect-iconOutlined css-hfutr2-MuiSvgIcon-root-MuiSelect-icon"
                  data-testid="ArrowDropDownIcon"
                  focusable="false"
                  viewBox="0 0 24 24...
 ✓ src/test/proposal.test.tsx > ProposalForm > renders proposal form correctly 4890ms
 × src/test/proposal.test.tsx > ProposalForm > validates cover letter length 1062ms
   → Found multiple elements with the text of: /Cover Letter/i

Here are the matching elements:

Ignored nodes: comments, script, style
<textarea
  aria-describedby=":r1o:-helper-text"
  aria-invalid="false"
  class="MuiInputBase-input MuiOutlinedInput-input MuiInputBase-inputMultiline css-1sqnrkk-MuiInputBase-input-MuiOutlinedInput-input"
  id=":r1o:"
  name="coverLetter"
  placeholder="Introduce yourself and explain why you're the perfect fit for this project. Highlight your relevant experience and approach to the work."
  rows="8"
  style="height: 0px; overflow: hidden;"
/>

Ignored nodes: comments, script, style
<textarea
  aria-describedby=":r21:-helper-text"
  aria-invalid="false"
  class="MuiInputBase-input MuiOutlinedInput-input MuiInputBase-inputMultiline css-1sqnrkk-MuiInputBase-input-MuiOutlinedInput-input"
  id=":r21:"
  name="coverLetter"
  placeholder="Introduce yourself and explain why you're the perfect fit for this project. Highlight your relevant experience and approach to the work."
  rows="8"
  style="height: 0px; overflow: hidden;"
/>

(If this is intentional, then use the `*AllBy*` variant of the query (like `queryAllByText`, `getAllByText`, or `findAllByText`)).

Ignored nodes: comments, script, style
<body
  style=""
>
  <div>
    <div
      class="MuiBox-root css-0"
    >
      <div
        class="MuiBox-root css-i3pbo"
      >
        <h5
          class="MuiTypography-root MuiTypography-h5 MuiTypography-gutterBottom css-1hkf4sh-MuiTypography-root"
        >
          Payment History
        </h5>
        <p
          class="MuiTypography-root MuiTypography-body2 css-xtz2xu-MuiTypography-root"
        >
          1
           payment
           found
        </p>
      </div>
      <div
        class="MuiGrid-root MuiGrid-container MuiGrid-spacing-xs-2 css-12rc5ck-MuiGrid-root"
      >
        <div
          class="MuiGrid-root MuiGrid-item MuiGrid-grid-xs-12 MuiGrid-grid-sm-6 MuiGrid-grid-md-3 css-10voxkt-MuiGrid-root"
        >
          <div
            class="MuiFormControl-root MuiFormControl-fullWidth MuiTextField-root css-18hear-MuiFormControl-root-MuiTextField-root"
          >
            <div
              class="MuiInputBase-root MuiOutlinedInput-root MuiInputBase-colorPrimary MuiInputBase-fullWidth MuiInputBase-formControl MuiInputBase-sizeSmall MuiInputBase-adornedStart css-1cj7mpt-MuiInputBase-root-MuiOutlinedInput-root"
            >
              <div
                class="MuiInputAdornment-root MuiInputAdornment-positionStart MuiInputAdornment-outlined MuiInputAdornment-sizeSmall css-ittuaa-MuiInputAdornment-root"
              >
                <span
                  class="notranslate"
                >
                  ​
                </span>
                <svg
                  aria-hidden="true"
                  class="MuiSvgIcon-root MuiSvgIcon-fontSizeMedium css-i4bv87-MuiSvgIcon-root"
                  data-testid="SearchIcon"
                  focusable="false"
                  viewBox="0 0 24 24"
                >
                  <path
                    d="M15.5 14h-.79l-.28-.27C15.41 12.59 16 11.11 16 9.5 16 5.91 13.09 3 9.5 3S3 5.91 3 9.5 5.91 16 9.5 16c1.61 0 3.09-.59 4.23-1.57l.27.28v.79l5 4.99L20.49 19zm-6 0C7.01 14 5 11.99 5 9.5S7.01 5 9.5 5 14 7.01 14 9.5 11.99 14 9.5 14"
                  />
                </svg>
              </div>
              <input
                aria-invalid="false"
                class="MuiInputBase-input MuiOutlinedInput-input MuiInputBase-inputSizeSmall MuiInputBase-inputAdornedStart css-1ua80n0-MuiInputBase-input-MuiOutlinedInput-input"
                id=":rt:"
                placeholder="Search payments..."
                type="text"
                value=""
              />
              <fieldset
                aria-hidden="true"
                class="MuiOutlinedInput-notchedOutline css-r01yff-MuiNotchedOutlined-root-MuiOutlinedInput-notchedOutline"
              >
                <legend
                  class="css-1whs34k-MuiNotchedOutlined-root"
                >
                  <span
                    class="notranslate"
                  >
                    ​
                  </span>
                </legend>
              </fieldset>
            </div>
          </div>
        </div>
        <div
          class="MuiGrid-root MuiGrid-item MuiGrid-grid-xs-12 MuiGrid-grid-sm-6 MuiGrid-grid-md-3 css-10voxkt-MuiGrid-root"
        >
          <div
            class="MuiFormControl-root MuiFormControl-fullWidth css-q8hpuo-MuiFormControl-root"
          >
            <label
              class="MuiFormLabel-root MuiInputLabel-root MuiInputLabel-formControl MuiInputLabel-animated MuiInputLabel-shrink MuiInputLabel-sizeSmall MuiInputLabel-outlined MuiFormLabel-colorPrimary MuiFormLabel-filled MuiInputLabel-root MuiInputLabel-formControl MuiInputLabel-animated MuiInputLabel-shrink MuiInputLabel-sizeSmall MuiInputLabel-outlined css-fe0mau-MuiFormLabel-root-MuiInputLabel-root"
              data-shrink="true"
            >
              Status
            </label>
            <div
              class="MuiInputBase-root MuiOutlinedInput-root MuiInputBase-colorPrimary MuiInputBase-formControl MuiInputBase-sizeSmall css-13lg1x7-MuiInputBase-root-MuiOutlinedInput-root-MuiSelect-root"
            >
              <div
                aria-controls=":ru:"
                aria-expanded="false"
                aria-haspopup="listbox"
                class="MuiSelect-select MuiSelect-outlined MuiInputBase-input MuiOutlinedInput-input MuiInputBase-inputSizeSmall css-1fzjff4-MuiSelect-select-MuiInputBase-input-MuiOutlinedInput-input"
                role="combobox"
                tabindex="0"
              >
                All Statuses
              </div>
              <input
                aria-hidden="true"
                aria-invalid="false"
                class="MuiSelect-nativeInput css-yf8vq0-MuiSelect-nativeInput"
                tabindex="-1"
                value="all"
              />
              <svg
                aria-hidden="true"
                class="MuiSvgIcon-root MuiSvgIcon-fontSizeMedium MuiSelect-icon MuiSelect-iconOutlined css-hfutr2-MuiSvgIcon-root-MuiSelect-icon"
                data-testid="ArrowDropDownIcon"
                focusable="false"
                viewBox="0 0 24 24"
              >
                <path
                  d="M7 10l5 5 5-5z"
                />
              </svg>
              <fieldset
                aria-hidden="true"
   ...
 × src/test/proposal.test.tsx > ProposalForm > submits proposal successfully 1527ms
   → Found multiple elements with the text of: /Cover Letter/i

Here are the matching elements:

Ignored nodes: comments, script, style
<textarea
  aria-describedby=":r1o:-helper-text"
  aria-invalid="false"
  class="MuiInputBase-input MuiOutlinedInput-input MuiInputBase-inputMultiline css-1sqnrkk-MuiInputBase-input-MuiOutlinedInput-input"
  id=":r1o:"
  name="coverLetter"
  placeholder="Introduce yourself and explain why you're the perfect fit for this project. Highlight your relevant experience and approach to the work."
  rows="8"
  style="height: 0px; overflow: hidden;"
/>

Ignored nodes: comments, script, style
<textarea
  aria-describedby=":r21:-helper-text"
  aria-invalid="false"
  class="MuiInputBase-input MuiOutlinedInput-input MuiInputBase-inputMultiline css-1sqnrkk-MuiInputBase-input-MuiOutlinedInput-input"
  id=":r21:"
  name="coverLetter"
  placeholder="Introduce yourself and explain why you're the perfect fit for this project. Highlight your relevant experience and approach to the work."
  rows="8"
  style="height: 0px; overflow: hidden;"
/>

Ignored nodes: comments, script, style
<textarea
  aria-describedby=":r2a:-helper-text"
  aria-invalid="false"
  class="MuiInputBase-input MuiOutlinedInput-input MuiInputBase-inputMultiline css-1sqnrkk-MuiInputBase-input-MuiOutlinedInput-input"
  id=":r2a:"
  name="coverLetter"
  placeholder="Introduce yourself and explain why you're the perfect fit for this project. Highlight your relevant experience and approach to the work."
  rows="8"
  style="height: 0px; overflow: hidden;"
/>

(If this is intentional, then use the `*AllBy*` variant of the query (like `queryAllByText`, `getAllByText`, or `findAllByText`)).

Ignored nodes: comments, script, style
<body
  style=""
>
  <div>
    <div
      class="MuiBox-root css-0"
    >
      <div
        class="MuiBox-root css-i3pbo"
      >
        <h5
          class="MuiTypography-root MuiTypography-h5 MuiTypography-gutterBottom css-1hkf4sh-MuiTypography-root"
        >
          Payment History
        </h5>
        <p
          class="MuiTypography-root MuiTypography-body2 css-xtz2xu-MuiTypography-root"
        >
          1
           payment
           found
        </p>
      </div>
      <div
        class="MuiGrid-root MuiGrid-container MuiGrid-spacing-xs-2 css-12rc5ck-MuiGrid-root"
      >
        <div
          class="MuiGrid-root MuiGrid-item MuiGrid-grid-xs-12 MuiGrid-grid-sm-6 MuiGrid-grid-md-3 css-10voxkt-MuiGrid-root"
        >
          <div
            class="MuiFormControl-root MuiFormControl-fullWidth MuiTextField-root css-18hear-MuiFormControl-root-MuiTextField-root"
          >
            <div
              class="MuiInputBase-root MuiOutlinedInput-root MuiInputBase-colorPrimary MuiInputBase-fullWidth MuiInputBase-formControl MuiInputBase-sizeSmall MuiInputBase-adornedStart css-1cj7mpt-MuiInputBase-root-MuiOutlinedInput-root"
            >
              <div
                class="MuiInputAdornment-root MuiInputAdornment-positionStart MuiInputAdornment-outlined MuiInputAdornment-sizeSmall css-ittuaa-MuiInputAdornment-root"
              >
                <span
                  class="notranslate"
                >
                  ​
                </span>
                <svg
                  aria-hidden="true"
                  class="MuiSvgIcon-root MuiSvgIcon-fontSizeMedium css-i4bv87-MuiSvgIcon-root"
                  data-testid="SearchIcon"
                  focusable="false"
                  viewBox="0 0 24 24"
                >
                  <path
                    d="M15.5 14h-.79l-.28-.27C15.41 12.59 16 11.11 16 9.5 16 5.91 13.09 3 9.5 3S3 5.91 3 9.5 5.91 16 9.5 16c1.61 0 3.09-.59 4.23-1.57l.27.28v.79l5 4.99L20.49 19zm-6 0C7.01 14 5 11.99 5 9.5S7.01 5 9.5 5 14 7.01 14 9.5 11.99 14 9.5 14"
                  />
                </svg>
              </div>
              <input
                aria-invalid="false"
                class="MuiInputBase-input MuiOutlinedInput-input MuiInputBase-inputSizeSmall MuiInputBase-inputAdornedStart css-1ua80n0-MuiInputBase-input-MuiOutlinedInput-input"
                id=":rt:"
                placeholder="Search payments..."
                type="text"
                value=""
              />
              <fieldset
                aria-hidden="true"
                class="MuiOutlinedInput-notchedOutline css-r01yff-MuiNotchedOutlined-root-MuiOutlinedInput-notchedOutline"
              >
                <legend
                  class="css-1whs34k-MuiNotchedOutlined-root"
                >
                  <span
                    class="notranslate"
                  >
                    ​
                  </span>
                </legend>
              </fieldset>
            </div>
          </div>
        </div>
        <div
          class="MuiGrid-root MuiGrid-item MuiGrid-grid-xs-12 MuiGrid-grid-sm-6 MuiGrid-grid-md-3 css-10voxkt-MuiGrid-root"
        >
          <div
            class="MuiFormControl-root MuiFormControl-fullWidth css-q8hpuo-MuiFormControl-root"
          >
            <label
              class="MuiFormLabel-root MuiInputLabel-root MuiInputLabel-formControl MuiInputLabel-animated MuiInputLabel-shrink MuiInputLabel-sizeSmall MuiInputLabel-outlined MuiFormLabel-colorPrimary MuiFormLabel-filled MuiInputLabel-root MuiInputLabel-formControl MuiInputLabel-animated MuiInputLabel-shrink MuiInputLabel-sizeSmall MuiInputLabel-outlined css-fe0mau-MuiFormLabel-root-MuiInputLabel-root"
              data-shrink="true"
            >
              Status
            </label>
            <div
              class="MuiInputBase-root MuiOutlinedInput-root MuiInputBase-colorPrimary MuiInputBase-formControl MuiInputBase-sizeSmall css-13lg1x7-MuiInputBase-root-MuiOutlinedInput-root-MuiSelect-root"
            >
              <div
                aria-controls=":ru:"
                aria-expanded="false"
                aria-haspopup="listbox"
                class="MuiSelect-select MuiSelect-outlined MuiInputBase-input MuiOutlinedInput-input MuiInputBase-inputSizeSmall css-1fzjff4-MuiSelect-select-MuiInputBase-input-MuiOutlinedInput-input"
                role="combobox"
                tabindex="0"
              >
                All Statuses
              </div>
              <input
                aria-hidden="true"
                aria-invalid="false"
                class="MuiSelect-nativeInput css-yf8vq0-MuiSelect-nativeInput"
                tabindex="-1"
                value="all"
              />
              <svg
                aria-hidden="true"
                class="MuiSvgIcon-root MuiSvgIcon-fontSizeMedium MuiSelect-icon MuiSelect-iconOutlined css-hfutr2-MuiSvgIcon-root-MuiSelect-icon"
                data-testid="ArrowDropDownIcon"
                focusable="false"
                viewBox="0 0 24 24"
              >
                <path
                  d="M7 10l5 5 5-5z"
                />
              </svg>
              <fieldset
                aria-hidden="true"
   ...
 × src/test/proposal.test.tsx > ProposalForm > adds and removes milestones 2039ms
   → Found multiple elements with the text of: Milestone Title

Here are the matching elements:

Ignored nodes: comments, script, style
<input
  aria-invalid="false"
  class="MuiInputBase-input MuiOutlinedInput-input MuiInputBase-inputSizeSmall css-1n4twyu-MuiInputBase-input-MuiOutlinedInput-input"
  id=":r1s:"
  type="text"
  value=""
/>

Ignored nodes: comments, script, style
<input
  aria-invalid="false"
  class="MuiInputBase-input MuiOutlinedInput-input MuiInputBase-inputSizeSmall css-1n4twyu-MuiInputBase-input-MuiOutlinedInput-input"
  id=":r25:"
  type="text"
  value=""
/>

Ignored nodes: comments, script, style
<input
  aria-invalid="false"
  class="MuiInputBase-input MuiOutlinedInput-input MuiInputBase-inputSizeSmall css-1n4twyu-MuiInputBase-input-MuiOutlinedInput-input"
  id=":r2e:"
  type="text"
  value=""
/>

Ignored nodes: comments, script, style
<input
  aria-invalid="false"
  class="MuiInputBase-input MuiOutlinedInput-input MuiInputBase-inputSizeSmall css-1n4twyu-MuiInputBase-input-MuiOutlinedInput-input"
  id=":r2n:"
  type="text"
  value=""
/>

(If this is intentional, then use the `*AllBy*` variant of the query (like `queryAllByText`, `getAllByText`, or `findAllByText`)).

Ignored nodes: comments, script, style
<body
  style=""
>
  <div>
    <div
      class="MuiBox-root css-0"
    >
      <div
        class="MuiBox-root css-i3pbo"
      >
        <h5
          class="MuiTypography-root MuiTypography-h5 MuiTypography-gutterBottom css-1hkf4sh-MuiTypography-root"
        >
          Payment History
        </h5>
        <p
          class="MuiTypography-root MuiTypography-body2 css-xtz2xu-MuiTypography-root"
        >
          1
           payment
           found
        </p>
      </div>
      <div
        class="MuiGrid-root MuiGrid-container MuiGrid-spacing-xs-2 css-12rc5ck-MuiGrid-root"
      >
        <div
          class="MuiGrid-root MuiGrid-item MuiGrid-grid-xs-12 MuiGrid-grid-sm-6 MuiGrid-grid-md-3 css-10voxkt-MuiGrid-root"
        >
          <div
            class="MuiFormControl-root MuiFormControl-fullWidth MuiTextField-root css-18hear-MuiFormControl-root-MuiTextField-root"
          >
            <div
              class="MuiInputBase-root MuiOutlinedInput-root MuiInputBase-colorPrimary MuiInputBase-fullWidth MuiInputBase-formControl MuiInputBase-sizeSmall MuiInputBase-adornedStart css-1cj7mpt-MuiInputBase-root-MuiOutlinedInput-root"
            >
              <div
                class="MuiInputAdornment-root MuiInputAdornment-positionStart MuiInputAdornment-outlined MuiInputAdornment-sizeSmall css-ittuaa-MuiInputAdornment-root"
              >
                <span
                  class="notranslate"
                >
                  ​
                </span>
                <svg
                  aria-hidden="true"
                  class="MuiSvgIcon-root MuiSvgIcon-fontSizeMedium css-i4bv87-MuiSvgIcon-root"
                  data-testid="SearchIcon"
                  focusable="false"
                  viewBox="0 0 24 24"
                >
                  <path
                    d="M15.5 14h-.79l-.28-.27C15.41 12.59 16 11.11 16 9.5 16 5.91 13.09 3 9.5 3S3 5.91 3 9.5 5.91 16 9.5 16c1.61 0 3.09-.59 4.23-1.57l.27.28v.79l5 4.99L20.49 19zm-6 0C7.01 14 5 11.99 5 9.5S7.01 5 9.5 5 14 7.01 14 9.5 11.99 14 9.5 14"
                  />
                </svg>
              </div>
              <input
                aria-invalid="false"
                class="MuiInputBase-input MuiOutlinedInput-input MuiInputBase-inputSizeSmall MuiInputBase-inputAdornedStart css-1ua80n0-MuiInputBase-input-MuiOutlinedInput-input"
                id=":rt:"
                placeholder="Search payments..."
                type="text"
                value=""
              />
              <fieldset
                aria-hidden="true"
                class="MuiOutlinedInput-notchedOutline css-r01yff-MuiNotchedOutlined-root-MuiOutlinedInput-notchedOutline"
              >
                <legend
                  class="css-1whs34k-MuiNotchedOutlined-root"
                >
                  <span
                    class="notranslate"
                  >
                    ​
                  </span>
                </legend>
              </fieldset>
            </div>
          </div>
        </div>
        <div
          class="MuiGrid-root MuiGrid-item MuiGrid-grid-xs-12 MuiGrid-grid-sm-6 MuiGrid-grid-md-3 css-10voxkt-MuiGrid-root"
        >
          <div
            class="MuiFormControl-root MuiFormControl-fullWidth css-q8hpuo-MuiFormControl-root"
          >
            <label
              class="MuiFormLabel-root MuiInputLabel-root MuiInputLabel-formControl MuiInputLabel-animated MuiInputLabel-shrink MuiInputLabel-sizeSmall MuiInputLabel-outlined MuiFormLabel-colorPrimary MuiFormLabel-filled MuiInputLabel-root MuiInputLabel-formControl MuiInputLabel-animated MuiInputLabel-shrink MuiInputLabel-sizeSmall MuiInputLabel-outlined css-fe0mau-MuiFormLabel-root-MuiInputLabel-root"
              data-shrink="true"
            >
              Status
            </label>
            <div
              class="MuiInputBase-root MuiOutlinedInput-root MuiInputBase-colorPrimary MuiInputBase-formControl MuiInputBase-sizeSmall css-13lg1x7-MuiInputBase-root-MuiOutlinedInput-root-MuiSelect-root"
            >
              <div
                aria-controls=":ru:"
                aria-expanded="false"
                aria-haspopup="listbox"
                class="MuiSelect-select MuiSelect-outlined MuiInputBase-input MuiOutlinedInput-input MuiInputBase-inputSizeSmall css-1fzjff4-MuiSelect-select-MuiInputBase-input-MuiOutlinedInput-input"
                role="combobox"
                tabindex="0"
              >
                All Statuses
              </div>
              <input
                aria-hidden="true"
                aria-invalid="false"
                class="MuiSelect-nativeInput css-yf8vq0-MuiSelect-nativeInput"
                tabindex="-1"
                value="all"
              />
              <svg
                aria-hidden="true"
                class="MuiSvgIcon-root MuiSvgIcon-fontSizeMedium MuiSelect-icon MuiSelect-iconOutlined css-hfutr2-MuiSvgIcon-root-MuiSelect-icon"
                data-testid="ArrowDropDownIcon"
                focusable="false"
                viewBox="0 0 24 24"
              >
                <path
                  d="M7 10l5 5 5-5z"
                />
              </svg>
              <fieldset
                aria-hidden="true"
   ...
 ✓ src/test/proposal.test.tsx > ProposalCard > renders proposal card for client view 587ms
 × src/test/proposal.test.tsx > ProposalCard > renders proposal card for freelancer view
   → Found multiple elements with the text: Test Project

Here are the matching elements:

Ignored nodes: comments, script, style
<h6
  class="MuiTypography-root MuiTypography-h6 MuiTypography-gutterBottom css-1u1cxmu-MuiTypography-root"
>
  Test Project
</h6>

Ignored nodes: comments, script, style
<h6
  class="MuiTypography-root MuiTypography-h6 MuiTypography-gutterBottom css-1u1cxmu-MuiTypography-root"
>
  Test Project
</h6>

Ignored nodes: comments, script, style
<h6
  class="MuiTypography-root MuiTypography-h6 MuiTypography-gutterBottom css-1u1cxmu-MuiTypography-root"
>
  Test Project
</h6>

Ignored nodes: comments, script, style
<h6
  class="MuiTypography-root MuiTypography-h6 MuiTypography-gutterBottom css-1u1cxmu-MuiTypography-root"
>
  Test Project
</h6>

Ignored nodes: comments, script, style
<h6
  class="MuiTypography-root MuiTypography-h6 MuiTypography-gutterBottom css-pne570-MuiTypography-root"
>
  Test Project
</h6>

(If this is intentional, then use the `*AllBy*` variant of the query (like `queryAllByText`, `getAllByText`, or `findAllByText`)).

Ignored nodes: comments, script, style
<body
  style=""
>
  <div>
    <div
      class="MuiBox-root css-0"
    >
      <div
        class="MuiBox-root css-i3pbo"
      >
        <h5
          class="MuiTypography-root MuiTypography-h5 MuiTypography-gutterBottom css-1hkf4sh-MuiTypography-root"
        >
          Payment History
        </h5>
        <p
          class="MuiTypography-root MuiTypography-body2 css-xtz2xu-MuiTypography-root"
        >
          1
           payment
           found
        </p>
      </div>
      <div
        class="MuiGrid-root MuiGrid-container MuiGrid-spacing-xs-2 css-12rc5ck-MuiGrid-root"
      >
        <div
          class="MuiGrid-root MuiGrid-item MuiGrid-grid-xs-12 MuiGrid-grid-sm-6 MuiGrid-grid-md-3 css-10voxkt-MuiGrid-root"
        >
          <div
            class="MuiFormControl-root MuiFormControl-fullWidth MuiTextField-root css-18hear-MuiFormControl-root-MuiTextField-root"
          >
            <div
              class="MuiInputBase-root MuiOutlinedInput-root MuiInputBase-colorPrimary MuiInputBase-fullWidth MuiInputBase-formControl MuiInputBase-sizeSmall MuiInputBase-adornedStart css-1cj7mpt-MuiInputBase-root-MuiOutlinedInput-root"
            >
              <div
                class="MuiInputAdornment-root MuiInputAdornment-positionStart MuiInputAdornment-outlined MuiInputAdornment-sizeSmall css-ittuaa-MuiInputAdornment-root"
              >
                <span
                  class="notranslate"
                >
                  ​
                </span>
                <svg
                  aria-hidden="true"
                  class="MuiSvgIcon-root MuiSvgIcon-fontSizeMedium css-i4bv87-MuiSvgIcon-root"
                  data-testid="SearchIcon"
                  focusable="false"
                  viewBox="0 0 24 24"
                >
                  <path
                    d="M15.5 14h-.79l-.28-.27C15.41 12.59 16 11.11 16 9.5 16 5.91 13.09 3 9.5 3S3 5.91 3 9.5 5.91 16 9.5 16c1.61 0 3.09-.59 4.23-1.57l.27.28v.79l5 4.99L20.49 19zm-6 0C7.01 14 5 11.99 5 9.5S7.01 5 9.5 5 14 7.01 14 9.5 11.99 14 9.5 14"
                  />
                </svg>
              </div>
              <input
                aria-invalid="false"
                class="MuiInputBase-input MuiOutlinedInput-input MuiInputBase-inputSizeSmall MuiInputBase-inputAdornedStart css-1ua80n0-MuiInputBase-input-MuiOutlinedInput-input"
                id=":rt:"
                placeholder="Search payments..."
                type="text"
                value=""
              />
              <fieldset
                aria-hidden="true"
                class="MuiOutlinedInput-notchedOutline css-r01yff-MuiNotchedOutlined-root-MuiOutlinedInput-notchedOutline"
              >
                <legend
                  class="css-1whs34k-MuiNotchedOutlined-root"
                >
                  <span
                    class="notranslate"
                  >
                    ​
                  </span>
                </legend>
              </fieldset>
            </div>
          </div>
        </div>
        <div
          class="MuiGrid-root MuiGrid-item MuiGrid-grid-xs-12 MuiGrid-grid-sm-6 MuiGrid-grid-md-3 css-10voxkt-MuiGrid-root"
        >
          <div
            class="MuiFormControl-root MuiFormControl-fullWidth css-q8hpuo-MuiFormControl-root"
          >
            <label
              class="MuiFormLabel-root MuiInputLabel-root MuiInputLabel-formControl MuiInputLabel-animated MuiInputLabel-shrink MuiInputLabel-sizeSmall MuiInputLabel-outlined MuiFormLabel-colorPrimary MuiFormLabel-filled MuiInputLabel-root MuiInputLabel-formControl MuiInputLabel-animated MuiInputLabel-shrink MuiInputLabel-sizeSmall MuiInputLabel-outlined css-fe0mau-MuiFormLabel-root-MuiInputLabel-root"
              data-shrink="true"
            >
              Status
            </label>
            <div
              class="MuiInputBase-root MuiOutlinedInput-root MuiInputBase-colorPrimary MuiInputBase-formControl MuiInputBase-sizeSmall css-13lg1x7-MuiInputBase-root-MuiOutlinedInput-root-MuiSelect-root"
            >
              <div
                aria-controls=":ru:"
                aria-expanded="false"
                aria-haspopup="listbox"
                class="MuiSelect-select MuiSelect-outlined MuiInputBase-input MuiOutlinedInput-input MuiInputBase-inputSizeSmall css-1fzjff4-MuiSelect-select-MuiInputBase-input-MuiOutlinedInput-input"
                role="combobox"
                tabindex="0"
              >
                All Statuses
              </div>
              <input
                aria-hidden="true"
                aria-invalid="false"
                class="MuiSelect-nativeInput css-yf8vq0-MuiSelect-nativeInput"
                tabindex="-1"
                value="all"
              />
              <svg
                aria-hidden="true"
                class="MuiSvgIcon-root MuiSvgIcon-fontSizeMedium MuiSelect-icon MuiSelect-iconOutlined css-hfutr2-MuiSvgIcon-root-MuiSelect-icon"
                data-testid="ArrowDropDownIcon"
                focusable="false"
                viewBox="0 0 24 24"
              >
                <path
                  d="M7 10l5 5 5-5z"
                />
              </svg>
              <fieldset
                aria-hidden="true"
   ...
 × src/test/proposal.test.tsx > ProposalCard > shows milestones preview
   → Found multiple elements with the text: 2 milestones

Here are the matching elements:

Ignored nodes: comments, script, style
<p
  class="MuiTypography-root MuiTypography-body2 MuiTypography-gutterBottom css-141jttu-MuiTypography-root"
>
  2
   milestone
  s
</p>

Ignored nodes: comments, script, style
<p
  class="MuiTypography-root MuiTypography-body2 MuiTypography-gutterBottom css-141jttu-MuiTypography-root"
>
  2
   milestone
  s
</p>

Ignored nodes: comments, script, style
<p
  class="MuiTypography-root MuiTypography-body2 MuiTypography-gutterBottom css-141jttu-MuiTypography-root"
>
  2
   milestone
  s
</p>

(If this is intentional, then use the `*AllBy*` variant of the query (like `queryAllByText`, `getAllByText`, or `findAllByText`)).

Ignored nodes: comments, script, style
<body
  style=""
>
  <div>
    <div
      class="MuiBox-root css-0"
    >
      <div
        class="MuiBox-root css-i3pbo"
      >
        <h5
          class="MuiTypography-root MuiTypography-h5 MuiTypography-gutterBottom css-1hkf4sh-MuiTypography-root"
        >
          Payment History
        </h5>
        <p
          class="MuiTypography-root MuiTypography-body2 css-xtz2xu-MuiTypography-root"
        >
          1
           payment
           found
        </p>
      </div>
      <div
        class="MuiGrid-root MuiGrid-container MuiGrid-spacing-xs-2 css-12rc5ck-MuiGrid-root"
      >
        <div
          class="MuiGrid-root MuiGrid-item MuiGrid-grid-xs-12 MuiGrid-grid-sm-6 MuiGrid-grid-md-3 css-10voxkt-MuiGrid-root"
        >
          <div
            class="MuiFormControl-root MuiFormControl-fullWidth MuiTextField-root css-18hear-MuiFormControl-root-MuiTextField-root"
          >
            <div
              class="MuiInputBase-root MuiOutlinedInput-root MuiInputBase-colorPrimary MuiInputBase-fullWidth MuiInputBase-formControl MuiInputBase-sizeSmall MuiInputBase-adornedStart css-1cj7mpt-MuiInputBase-root-MuiOutlinedInput-root"
            >
              <div
                class="MuiInputAdornment-root MuiInputAdornment-positionStart MuiInputAdornment-outlined MuiInputAdornment-sizeSmall css-ittuaa-MuiInputAdornment-root"
              >
                <span
                  class="notranslate"
                >
                  ​
                </span>
                <svg
                  aria-hidden="true"
                  class="MuiSvgIcon-root MuiSvgIcon-fontSizeMedium css-i4bv87-MuiSvgIcon-root"
                  data-testid="SearchIcon"
                  focusable="false"
                  viewBox="0 0 24 24"
                >
                  <path
                    d="M15.5 14h-.79l-.28-.27C15.41 12.59 16 11.11 16 9.5 16 5.91 13.09 3 9.5 3S3 5.91 3 9.5 5.91 16 9.5 16c1.61 0 3.09-.59 4.23-1.57l.27.28v.79l5 4.99L20.49 19zm-6 0C7.01 14 5 11.99 5 9.5S7.01 5 9.5 5 14 7.01 14 9.5 11.99 14 9.5 14"
                  />
                </svg>
              </div>
              <input
                aria-invalid="false"
                class="MuiInputBase-input MuiOutlinedInput-input MuiInputBase-inputSizeSmall MuiInputBase-inputAdornedStart css-1ua80n0-MuiInputBase-input-MuiOutlinedInput-input"
                id=":rt:"
                placeholder="Search payments..."
                type="text"
                value=""
              />
              <fieldset
                aria-hidden="true"
                class="MuiOutlinedInput-notchedOutline css-r01yff-MuiNotchedOutlined-root-MuiOutlinedInput-notchedOutline"
              >
                <legend
                  class="css-1whs34k-MuiNotchedOutlined-root"
                >
                  <span
                    class="notranslate"
                  >
                    ​
                  </span>
                </legend>
              </fieldset>
            </div>
          </div>
        </div>
        <div
          class="MuiGrid-root MuiGrid-item MuiGrid-grid-xs-12 MuiGrid-grid-sm-6 MuiGrid-grid-md-3 css-10voxkt-MuiGrid-root"
        >
          <div
            class="MuiFormControl-root MuiFormControl-fullWidth css-q8hpuo-MuiFormControl-root"
          >
            <label
              class="MuiFormLabel-root MuiInputLabel-root MuiInputLabel-formControl MuiInputLabel-animated MuiInputLabel-shrink MuiInputLabel-sizeSmall MuiInputLabel-outlined MuiFormLabel-colorPrimary MuiFormLabel-filled MuiInputLabel-root MuiInputLabel-formControl MuiInputLabel-animated MuiInputLabel-shrink MuiInputLabel-sizeSmall MuiInputLabel-outlined css-fe0mau-MuiFormLabel-root-MuiInputLabel-root"
              data-shrink="true"
            >
              Status
            </label>
            <div
              class="MuiInputBase-root MuiOutlinedInput-root MuiInputBase-colorPrimary MuiInputBase-formControl MuiInputBase-sizeSmall css-13lg1x7-MuiInputBase-root-MuiOutlinedInput-root-MuiSelect-root"
            >
              <div
                aria-controls=":ru:"
                aria-expanded="false"
                aria-haspopup="listbox"
                class="MuiSelect-select MuiSelect-outlined MuiInputBase-input MuiOutlinedInput-input MuiInputBase-inputSizeSmall css-1fzjff4-MuiSelect-select-MuiInputBase-input-MuiOutlinedInput-input"
                role="combobox"
                tabindex="0"
              >
                All Statuses
              </div>
              <input
                aria-hidden="true"
                aria-invalid="false"
                class="MuiSelect-nativeInput css-yf8vq0-MuiSelect-nativeInput"
                tabindex="-1"
                value="all"
              />
              <svg
                aria-hidden="true"
                class="MuiSvgIcon-root MuiSvgIcon-fontSizeMedium MuiSelect-icon MuiSelect-iconOutlined css-hfutr2-MuiSvgIcon-root-MuiSelect-icon"
                data-testid="ArrowDropDownIcon"
                focusable="false"
                viewBox="0 0 24 24"
              >
                <path
                  d="M7 10l5 5 5-5z"
                />
              </svg>
              <fieldset
                aria-hidden="true"
   ...
 × src/test/proposal.test.tsx > ProposalCard > calls action handlers
   → Found multiple elements with the text: Accept

Here are the matching elements:

Ignored nodes: comments, script, style
<button
  class="MuiButtonBase-root MuiButton-root MuiButton-contained MuiButton-containedPrimary MuiButton-sizeSmall MuiButton-containedSizeSmall MuiButton-colorPrimary MuiButton-root MuiButton-contained MuiButton-containedPrimary MuiButton-sizeSmall MuiButton-containedSizeSmall MuiButton-colorPrimary css-1wl839p-MuiButtonBase-root-MuiButton-root"
  tabindex="0"
  type="button"
>
  Accept
  <span
    class="MuiTouchRipple-root css-8je8zh-MuiTouchRipple-root"
  />
</button>

Ignored nodes: comments, script, style
<button
  class="MuiButtonBase-root MuiButton-root MuiButton-contained MuiButton-containedPrimary MuiButton-sizeSmall MuiButton-containedSizeSmall MuiButton-colorPrimary MuiButton-root MuiButton-contained MuiButton-containedPrimary MuiButton-sizeSmall MuiButton-containedSizeSmall MuiButton-colorPrimary css-1wl839p-MuiButtonBase-root-MuiButton-root"
  tabindex="0"
  type="button"
>
  Accept
  <span
    class="MuiTouchRipple-root css-8je8zh-MuiTouchRipple-root"
  />
</button>

Ignored nodes: comments, script, style
<button
  class="MuiButtonBase-root MuiButton-root MuiButton-contained MuiButton-containedPrimary MuiButton-sizeSmall MuiButton-containedSizeSmall MuiButton-colorPrimary MuiButton-root MuiButton-contained MuiButton-containedPrimary MuiButton-sizeSmall MuiButton-containedSizeSmall MuiButton-colorPrimary css-1wl839p-MuiButtonBase-root-MuiButton-root"
  tabindex="0"
  type="button"
>
  Accept
  <span
    class="MuiTouchRipple-root css-8je8zh-MuiTouchRipple-root"
  />
</button>

(If this is intentional, then use the `*AllBy*` variant of the query (like `queryAllByText`, `getAllByText`, or `findAllByText`)).

Ignored nodes: comments, script, style
<body
  style=""
>
  <div>
    <div
      class="MuiBox-root css-0"
    >
      <div
        class="MuiBox-root css-i3pbo"
      >
        <h5
          class="MuiTypography-root MuiTypography-h5 MuiTypography-gutterBottom css-1hkf4sh-MuiTypography-root"
        >
          Payment History
        </h5>
        <p
          class="MuiTypography-root MuiTypography-body2 css-xtz2xu-MuiTypography-root"
        >
          1
           payment
           found
        </p>
      </div>
      <div
        class="MuiGrid-root MuiGrid-container MuiGrid-spacing-xs-2 css-12rc5ck-MuiGrid-root"
      >
        <div
          class="MuiGrid-root MuiGrid-item MuiGrid-grid-xs-12 MuiGrid-grid-sm-6 MuiGrid-grid-md-3 css-10voxkt-MuiGrid-root"
        >
          <div
            class="MuiFormControl-root MuiFormControl-fullWidth MuiTextField-root css-18hear-MuiFormControl-root-MuiTextField-root"
          >
            <div
              class="MuiInputBase-root MuiOutlinedInput-root MuiInputBase-colorPrimary MuiInputBase-fullWidth MuiInputBase-formControl MuiInputBase-sizeSmall MuiInputBase-adornedStart css-1cj7mpt-MuiInputBase-root-MuiOutlinedInput-root"
            >
              <div
                class="MuiInputAdornment-root MuiInputAdornment-positionStart MuiInputAdornment-outlined MuiInputAdornment-sizeSmall css-ittuaa-MuiInputAdornment-root"
              >
                <span
                  class="notranslate"
                >
                  ​
                </span>
                <svg
                  aria-hidden="true"
                  class="MuiSvgIcon-root MuiSvgIcon-fontSizeMedium css-i4bv87-MuiSvgIcon-root"
                  data-testid="SearchIcon"
                  focusable="false"
                  viewBox="0 0 24 24"
                >
                  <path
                    d="M15.5 14h-.79l-.28-.27C15.41 12.59 16 11.11 16 9.5 16 5.91 13.09 3 9.5 3S3 5.91 3 9.5 5.91 16 9.5 16c1.61 0 3.09-.59 4.23-1.57l.27.28v.79l5 4.99L20.49 19zm-6 0C7.01 14 5 11.99 5 9.5S7.01 5 9.5 5 14 7.01 14 9.5 11.99 14 9.5 14"
                  />
                </svg>
              </div>
              <input
                aria-invalid="false"
                class="MuiInputBase-input MuiOutlinedInput-input MuiInputBase-inputSizeSmall MuiInputBase-inputAdornedStart css-1ua80n0-MuiInputBase-input-MuiOutlinedInput-input"
                id=":rt:"
                placeholder="Search payments..."
                type="text"
                value=""
              />
              <fieldset
                aria-hidden="true"
                class="MuiOutlinedInput-notchedOutline css-r01yff-MuiNotchedOutlined-root-MuiOutlinedInput-notchedOutline"
              >
                <legend
                  class="css-1whs34k-MuiNotchedOutlined-root"
                >
                  <span
                    class="notranslate"
                  >
                    ​
                  </span>
                </legend>
              </fieldset>
            </div>
          </div>
        </div>
        <div
          class="MuiGrid-root MuiGrid-item MuiGrid-grid-xs-12 MuiGrid-grid-sm-6 MuiGrid-grid-md-3 css-10voxkt-MuiGrid-root"
        >
          <div
            class="MuiFormControl-root MuiFormControl-fullWidth css-q8hpuo-MuiFormControl-root"
          >
            <label
              class="MuiFormLabel-root MuiInputLabel-root MuiInputLabel-formControl MuiInputLabel-animated MuiInputLabel-shrink MuiInputLabel-sizeSmall MuiInputLabel-outlined MuiFormLabel-colorPrimary MuiFormLabel-filled MuiInputLabel-root MuiInputLabel-formControl MuiInputLabel-animated MuiInputLabel-shrink MuiInputLabel-sizeSmall MuiInputLabel-outlined css-fe0mau-MuiFormLabel-root-MuiInputLabel-root"
              data-shrink="true"
            >
              Status
            </label>
            <div
              class="MuiInputBase-root MuiOutlinedInput-root MuiInputBase-colorPrimary MuiInputBase-formControl MuiInputBase-sizeSmall css-13lg1x7-MuiInputBase-root-MuiOutlinedInput-root-MuiSelect-root"
            >
              <div
                aria-controls=":ru:"
                aria-expanded="false"
                aria-haspopup="listbox"
                class="MuiSelect-select MuiSelect-outlined MuiInputBase-input MuiOutlinedInput-input MuiInputBase-inputSizeSmall css-1fzjff4-MuiSelect-select-MuiInputBase-input-MuiOutlinedInput-input"
                role="combobox"
                tabindex="0"
              >
                All Statuses
              </div>
              <input
                aria-hidden="true"
                aria-invalid="false"
                class="MuiSelect-nativeInput css-yf8vq0-MuiSelect-nativeInput"
                tabindex="-1"
                value="all"
              />
              <svg
                aria-hidden="true"
                class="MuiSvgIcon-root MuiSvgIcon-fontSizeMedium MuiSelect-icon MuiSelect-iconOutlined css-hfutr2-MuiSvgIcon-root-MuiSelect-icon"
                data-testid="ArrowDropDownIcon"
                focusable="false"
                viewBox="0 0 24 24"
              >
                <path
                  d="M7 10l5 5 5-5z"
                />
              </svg>
              <fieldset
                aria-hidden="true"
   ...
 × src/test/proposal.test.tsx > ProposalList > renders proposal list for client 1198ms
   → Unable to find an element with the text: Project Proposals. This could be because the text is broken up by multiple elements. In this case, you can provide a function for your text matcher to make your matcher more flexible.

Ignored nodes: comments, script, style
<body
  style=""
>
  <div>
    <div
      class="MuiBox-root css-0"
    >
      <div
        class="MuiBox-root css-i3pbo"
      >
        <h5
          class="MuiTypography-root MuiTypography-h5 MuiTypography-gutterBottom css-1hkf4sh-MuiTypography-root"
        >
          Payment History
        </h5>
        <p
          class="MuiTypography-root MuiTypography-body2 css-xtz2xu-MuiTypography-root"
        >
          1
           payment
           found
        </p>
      </div>
      <div
        class="MuiGrid-root MuiGrid-container MuiGrid-spacing-xs-2 css-12rc5ck-MuiGrid-root"
      >
        <div
          class="MuiGrid-root MuiGrid-item MuiGrid-grid-xs-12 MuiGrid-grid-sm-6 MuiGrid-grid-md-3 css-10voxkt-MuiGrid-root"
        >
          <div
            class="MuiFormControl-root MuiFormControl-fullWidth MuiTextField-root css-18hear-MuiFormControl-root-MuiTextField-root"
          >
            <div
              class="MuiInputBase-root MuiOutlinedInput-root MuiInputBase-colorPrimary MuiInputBase-fullWidth MuiInputBase-formControl MuiInputBase-sizeSmall MuiInputBase-adornedStart css-1cj7mpt-MuiInputBase-root-MuiOutlinedInput-root"
            >
              <div
                class="MuiInputAdornment-root MuiInputAdornment-positionStart MuiInputAdornment-outlined MuiInputAdornment-sizeSmall css-ittuaa-MuiInputAdornment-root"
              >
                <span
                  class="notranslate"
                >
                  ​
                </span>
                <svg
                  aria-hidden="true"
                  class="MuiSvgIcon-root MuiSvgIcon-fontSizeMedium css-i4bv87-MuiSvgIcon-root"
                  data-testid="SearchIcon"
                  focusable="false"
                  viewBox="0 0 24 24"
                >
                  <path
                    d="M15.5 14h-.79l-.28-.27C15.41 12.59 16 11.11 16 9.5 16 5.91 13.09 3 9.5 3S3 5.91 3 9.5 5.91 16 9.5 16c1.61 0 3.09-.59 4.23-1.57l.27.28v.79l5 4.99L20.49 19zm-6 0C7.01 14 5 11.99 5 9.5S7.01 5 9.5 5 14 7.01 14 9.5 11.99 14 9.5 14"
                  />
                </svg>
              </div>
              <input
                aria-invalid="false"
                class="MuiInputBase-input MuiOutlinedInput-input MuiInputBase-inputSizeSmall MuiInputBase-inputAdornedStart css-1ua80n0-MuiInputBase-input-MuiOutlinedInput-input"
                id=":rt:"
                placeholder="Search payments..."
                type="text"
                value=""
              />
              <fieldset
                aria-hidden="true"
                class="MuiOutlinedInput-notchedOutline css-r01yff-MuiNotchedOutlined-root-MuiOutlinedInput-notchedOutline"
              >
                <legend
                  class="css-1whs34k-MuiNotchedOutlined-root"
                >
                  <span
                    class="notranslate"
                  >
                    ​
                  </span>
                </legend>
              </fieldset>
            </div>
          </div>
        </div>
        <div
          class="MuiGrid-root MuiGrid-item MuiGrid-grid-xs-12 MuiGrid-grid-sm-6 MuiGrid-grid-md-3 css-10voxkt-MuiGrid-root"
        >
          <div
            class="MuiFormControl-root MuiFormControl-fullWidth css-q8hpuo-MuiFormControl-root"
          >
            <label
              class="MuiFormLabel-root MuiInputLabel-root MuiInputLabel-formControl MuiInputLabel-animated MuiInputLabel-shrink MuiInputLabel-sizeSmall MuiInputLabel-outlined MuiFormLabel-colorPrimary MuiFormLabel-filled MuiInputLabel-root MuiInputLabel-formControl MuiInputLabel-animated MuiInputLabel-shrink MuiInputLabel-sizeSmall MuiInputLabel-outlined css-fe0mau-MuiFormLabel-root-MuiInputLabel-root"
              data-shrink="true"
            >
              Status
            </label>
            <div
              class="MuiInputBase-root MuiOutlinedInput-root MuiInputBase-colorPrimary MuiInputBase-formControl MuiInputBase-sizeSmall css-13lg1x7-MuiInputBase-root-MuiOutlinedInput-root-MuiSelect-root"
            >
              <div
                aria-controls=":ru:"
                aria-expanded="false"
                aria-haspopup="listbox"
                class="MuiSelect-select MuiSelect-outlined MuiInputBase-input MuiOutlinedInput-input MuiInputBase-inputSizeSmall css-1fzjff4-MuiSelect-select-MuiInputBase-input-MuiOutlinedInput-input"
                role="combobox"
                tabindex="0"
              >
                All Statuses
              </div>
              <input
                aria-hidden="true"
                aria-invalid="false"
                class="MuiSelect-nativeInput css-yf8vq0-MuiSelect-nativeInput"
                tabindex="-1"
                value="all"
              />
              <svg
                aria-hidden="true"
                class="MuiSvgIcon-root MuiSvgIcon-fontSizeMedium MuiSelect-icon MuiSelect-iconOutlined css-hfutr2-MuiSvgIcon-root-MuiSelect-icon"
                data-testid="ArrowDropDownIcon"
                focusable="false"
                viewBox="0 0 24 24"
              >
                <path
                  d="M7 10l5 5 5-5z"
                />
              </svg>
              <fieldset
                aria-hidden="true"
   ...

Ignored nodes: comments, script, style
<html>
  <head />
  <body
    style=""
  >
    <div>
      <div
        class="MuiBox-root css-0"
      >
        <div
          class="MuiBox-root css-i3pbo"
        >
          <h5
            class="MuiTypography-root MuiTypography-h5 MuiTypography-gutterBottom css-1hkf4sh-MuiTypography-root"
          >
            Payment History
          </h5>
          <p
            class="MuiTypography-root MuiTypography-body2 css-xtz2xu-MuiTypography-root"
          >
            1
             payment
             found
          </p>
        </div>
        <div
          class="MuiGrid-root MuiGrid-container MuiGrid-spacing-xs-2 css-12rc5ck-MuiGrid-root"
        >
          <div
            class="MuiGrid-root MuiGrid-item MuiGrid-grid-xs-12 MuiGrid-grid-sm-6 MuiGrid-grid-md-3 css-10voxkt-MuiGrid-root"
          >
            <div
              class="MuiFormControl-root MuiFormControl-fullWidth MuiTextField-root css-18hear-MuiFormControl-root-MuiTextField-root"
            >
              <div
                class="MuiInputBase-root MuiOutlinedInput-root MuiInputBase-colorPrimary MuiInputBase-fullWidth MuiInputBase-formControl MuiInputBase-sizeSmall MuiInputBase-adornedStart css-1cj7mpt-MuiInputBase-root-MuiOutlinedInput-root"
              >
                <div
                  class="MuiInputAdornment-root MuiInputAdornment-positionStart MuiInputAdornment-outlined MuiInputAdornment-sizeSmall css-ittuaa-MuiInputAdornment-root"
                >
                  <span
                    class="notranslate"
                  >
                    ​
                  </span>
                  <svg
                    aria-hidden="true"
                    class="MuiSvgIcon-root MuiSvgIcon-fontSizeMedium css-i4bv87-MuiSvgIcon-root"
                    data-testid="SearchIcon"
                    focusable="false"
                    viewBox="0 0 24 24"
                  >
                    <path
                      d="M15.5 14h-.79l-.28-.27C15.41 12.59 16 11.11 16 9.5 16 5.91 13.09 3 9.5 3S3 5.91 3 9.5 5.91 16 9.5 16c1.61 0 3.09-.59 4.23-1.57l.27.28v.79l5 4.99L20.49 19zm-6 0C7.01 14 5 11.99 5 9.5S7.01 5 9.5 5 14 7.01 14 9.5 11.99 14 9.5 14"
                    />
                  </svg>
                </div>
                <input
                  aria-invalid="false"
                  class="MuiInputBase-input MuiOutlinedInput-input MuiInputBase-inputSizeSmall MuiInputBase-inputAdornedStart css-1ua80n0-MuiInputBase-input-MuiOutlinedInput-input"
                  id=":rt:"
                  placeholder="Search payments..."
                  type="text"
                  value=""
                />
                <fieldset
                  aria-hidden="true"
                  class="MuiOutlinedInput-notchedOutline css-r01yff-MuiNotchedOutlined-root-MuiOutlinedInput-notchedOutline"
                >
                  <legend
                    class="css-1whs34k-MuiNotchedOutlined-root"
                  >
                    <span
                      class="notranslate"
                    >
                      ​
                    </span>
                  </legend>
                </fieldset>
              </div>
            </div>
          </div>
          <div
            class="MuiGrid-root MuiGrid-item MuiGrid-grid-xs-12 MuiGrid-grid-sm-6 MuiGrid-grid-md-3 css-10voxkt-MuiGrid-root"
          >
            <div
              class="MuiFormControl-root MuiFormControl-fullWidth css-q8hpuo-MuiFormControl-root"
            >
              <label
                class="MuiFormLabel-root MuiInputLabel-root MuiInputLabel-formControl MuiInputLabel-animated MuiInputLabel-shrink MuiInputLabel-sizeSmall MuiInputLabel-outlined MuiFormLabel-colorPrimary MuiFormLabel-filled MuiInputLabel-root MuiInputLabel-formControl MuiInputLabel-animated MuiInputLabel-shrink MuiInputLabel-sizeSmall MuiInputLabel-outlined css-fe0mau-MuiFormLabel-root-MuiInputLabel-root"
                data-shrink="true"
              >
                Status
              </label>
              <div
                class="MuiInputBase-root MuiOutlinedInput-root MuiInputBase-colorPrimary MuiInputBase-formControl MuiInputBase-sizeSmall css-13lg1x7-MuiInputBase-root-MuiOutlinedInput-root-MuiSelect-root"
              >
                <div
                  aria-controls=":ru:"
                  aria-expanded="false"
                  aria-haspopup="listbox"
                  class="MuiSelect-select MuiSelect-outlined MuiInputBase-input MuiOutlinedInput-input MuiInputBase-inputSizeSmall css-1fzjff4-MuiSelect-select-MuiInputBase-input-MuiOutlinedInput-input"
                  role="combobox"
                  tabindex="0"
                >
                  All Statuses
                </div>
                <input
                  aria-hidden="true"
                  aria-invalid="false"
                  class="MuiSelect-nativeInput css-yf8vq0-MuiSelect-nativeInput"
                  tabindex="-1"
                  value="all"
                />
                <svg
                  aria-hidden="true"
                  class="MuiSvgIcon-root MuiSvgIcon-fontSizeMedium MuiSelect-icon MuiSelect-iconOutlined css-hfutr2-MuiSvgIcon-root-MuiSelect-icon"
                  data-testid="ArrowDropDownIcon"
                  focusable="false"
                  viewBox="0 0 24 24...
 × src/test/proposal.test.tsx > ProposalList > renders proposal list for freelancer 1309ms
   → Unable to find an element with the text: My Proposals. This could be because the text is broken up by multiple elements. In this case, you can provide a function for your text matcher to make your matcher more flexible.

Ignored nodes: comments, script, style
<body
  style=""
>
  <div>
    <div
      class="MuiBox-root css-0"
    >
      <div
        class="MuiBox-root css-i3pbo"
      >
        <h5
          class="MuiTypography-root MuiTypography-h5 MuiTypography-gutterBottom css-1hkf4sh-MuiTypography-root"
        >
          Payment History
        </h5>
        <p
          class="MuiTypography-root MuiTypography-body2 css-xtz2xu-MuiTypography-root"
        >
          1
           payment
           found
        </p>
      </div>
      <div
        class="MuiGrid-root MuiGrid-container MuiGrid-spacing-xs-2 css-12rc5ck-MuiGrid-root"
      >
        <div
          class="MuiGrid-root MuiGrid-item MuiGrid-grid-xs-12 MuiGrid-grid-sm-6 MuiGrid-grid-md-3 css-10voxkt-MuiGrid-root"
        >
          <div
            class="MuiFormControl-root MuiFormControl-fullWidth MuiTextField-root css-18hear-MuiFormControl-root-MuiTextField-root"
          >
            <div
              class="MuiInputBase-root MuiOutlinedInput-root MuiInputBase-colorPrimary MuiInputBase-fullWidth MuiInputBase-formControl MuiInputBase-sizeSmall MuiInputBase-adornedStart css-1cj7mpt-MuiInputBase-root-MuiOutlinedInput-root"
            >
              <div
                class="MuiInputAdornment-root MuiInputAdornment-positionStart MuiInputAdornment-outlined MuiInputAdornment-sizeSmall css-ittuaa-MuiInputAdornment-root"
              >
                <span
                  class="notranslate"
                >
                  ​
                </span>
                <svg
                  aria-hidden="true"
                  class="MuiSvgIcon-root MuiSvgIcon-fontSizeMedium css-i4bv87-MuiSvgIcon-root"
                  data-testid="SearchIcon"
                  focusable="false"
                  viewBox="0 0 24 24"
                >
                  <path
                    d="M15.5 14h-.79l-.28-.27C15.41 12.59 16 11.11 16 9.5 16 5.91 13.09 3 9.5 3S3 5.91 3 9.5 5.91 16 9.5 16c1.61 0 3.09-.59 4.23-1.57l.27.28v.79l5 4.99L20.49 19zm-6 0C7.01 14 5 11.99 5 9.5S7.01 5 9.5 5 14 7.01 14 9.5 11.99 14 9.5 14"
                  />
                </svg>
              </div>
              <input
                aria-invalid="false"
                class="MuiInputBase-input MuiOutlinedInput-input MuiInputBase-inputSizeSmall MuiInputBase-inputAdornedStart css-1ua80n0-MuiInputBase-input-MuiOutlinedInput-input"
                id=":rt:"
                placeholder="Search payments..."
                type="text"
                value=""
              />
              <fieldset
                aria-hidden="true"
                class="MuiOutlinedInput-notchedOutline css-r01yff-MuiNotchedOutlined-root-MuiOutlinedInput-notchedOutline"
              >
                <legend
                  class="css-1whs34k-MuiNotchedOutlined-root"
                >
                  <span
                    class="notranslate"
                  >
                    ​
                  </span>
                </legend>
              </fieldset>
            </div>
          </div>
        </div>
        <div
          class="MuiGrid-root MuiGrid-item MuiGrid-grid-xs-12 MuiGrid-grid-sm-6 MuiGrid-grid-md-3 css-10voxkt-MuiGrid-root"
        >
          <div
            class="MuiFormControl-root MuiFormControl-fullWidth css-q8hpuo-MuiFormControl-root"
          >
            <label
              class="MuiFormLabel-root MuiInputLabel-root MuiInputLabel-formControl MuiInputLabel-animated MuiInputLabel-shrink MuiInputLabel-sizeSmall MuiInputLabel-outlined MuiFormLabel-colorPrimary MuiFormLabel-filled MuiInputLabel-root MuiInputLabel-formControl MuiInputLabel-animated MuiInputLabel-shrink MuiInputLabel-sizeSmall MuiInputLabel-outlined css-fe0mau-MuiFormLabel-root-MuiInputLabel-root"
              data-shrink="true"
            >
              Status
            </label>
            <div
              class="MuiInputBase-root MuiOutlinedInput-root MuiInputBase-colorPrimary MuiInputBase-formControl MuiInputBase-sizeSmall css-13lg1x7-MuiInputBase-root-MuiOutlinedInput-root-MuiSelect-root"
            >
              <div
                aria-controls=":ru:"
                aria-expanded="false"
                aria-haspopup="listbox"
                class="MuiSelect-select MuiSelect-outlined MuiInputBase-input MuiOutlinedInput-input MuiInputBase-inputSizeSmall css-1fzjff4-MuiSelect-select-MuiInputBase-input-MuiOutlinedInput-input"
                role="combobox"
                tabindex="0"
              >
                All Statuses
              </div>
              <input
                aria-hidden="true"
                aria-invalid="false"
                class="MuiSelect-nativeInput css-yf8vq0-MuiSelect-nativeInput"
                tabindex="-1"
                value="all"
              />
              <svg
                aria-hidden="true"
                class="MuiSvgIcon-root MuiSvgIcon-fontSizeMedium MuiSelect-icon MuiSelect-iconOutlined css-hfutr2-MuiSvgIcon-root-MuiSelect-icon"
                data-testid="ArrowDropDownIcon"
                focusable="false"
                viewBox="0 0 24 24"
              >
                <path
                  d="M7 10l5 5 5-5z"
                />
              </svg>
              <fieldset
                aria-hidden="true"
   ...

Ignored nodes: comments, script, style
<html>
  <head />
  <body
    style=""
  >
    <div>
      <div
        class="MuiBox-root css-0"
      >
        <div
          class="MuiBox-root css-i3pbo"
        >
          <h5
            class="MuiTypography-root MuiTypography-h5 MuiTypography-gutterBottom css-1hkf4sh-MuiTypography-root"
          >
            Payment History
          </h5>
          <p
            class="MuiTypography-root MuiTypography-body2 css-xtz2xu-MuiTypography-root"
          >
            1
             payment
             found
          </p>
        </div>
        <div
          class="MuiGrid-root MuiGrid-container MuiGrid-spacing-xs-2 css-12rc5ck-MuiGrid-root"
        >
          <div
            class="MuiGrid-root MuiGrid-item MuiGrid-grid-xs-12 MuiGrid-grid-sm-6 MuiGrid-grid-md-3 css-10voxkt-MuiGrid-root"
          >
            <div
              class="MuiFormControl-root MuiFormControl-fullWidth MuiTextField-root css-18hear-MuiFormControl-root-MuiTextField-root"
            >
              <div
                class="MuiInputBase-root MuiOutlinedInput-root MuiInputBase-colorPrimary MuiInputBase-fullWidth MuiInputBase-formControl MuiInputBase-sizeSmall MuiInputBase-adornedStart css-1cj7mpt-MuiInputBase-root-MuiOutlinedInput-root"
              >
                <div
                  class="MuiInputAdornment-root MuiInputAdornment-positionStart MuiInputAdornment-outlined MuiInputAdornment-sizeSmall css-ittuaa-MuiInputAdornment-root"
                >
                  <span
                    class="notranslate"
                  >
                    ​
                  </span>
                  <svg
                    aria-hidden="true"
                    class="MuiSvgIcon-root MuiSvgIcon-fontSizeMedium css-i4bv87-MuiSvgIcon-root"
                    data-testid="SearchIcon"
                    focusable="false"
                    viewBox="0 0 24 24"
                  >
                    <path
                      d="M15.5 14h-.79l-.28-.27C15.41 12.59 16 11.11 16 9.5 16 5.91 13.09 3 9.5 3S3 5.91 3 9.5 5.91 16 9.5 16c1.61 0 3.09-.59 4.23-1.57l.27.28v.79l5 4.99L20.49 19zm-6 0C7.01 14 5 11.99 5 9.5S7.01 5 9.5 5 14 7.01 14 9.5 11.99 14 9.5 14"
                    />
                  </svg>
                </div>
                <input
                  aria-invalid="false"
                  class="MuiInputBase-input MuiOutlinedInput-input MuiInputBase-inputSizeSmall MuiInputBase-inputAdornedStart css-1ua80n0-MuiInputBase-input-MuiOutlinedInput-input"
                  id=":rt:"
                  placeholder="Search payments..."
                  type="text"
                  value=""
                />
                <fieldset
                  aria-hidden="true"
                  class="MuiOutlinedInput-notchedOutline css-r01yff-MuiNotchedOutlined-root-MuiOutlinedInput-notchedOutline"
                >
                  <legend
                    class="css-1whs34k-MuiNotchedOutlined-root"
                  >
                    <span
                      class="notranslate"
                    >
                      ​
                    </span>
                  </legend>
                </fieldset>
              </div>
            </div>
          </div>
          <div
            class="MuiGrid-root MuiGrid-item MuiGrid-grid-xs-12 MuiGrid-grid-sm-6 MuiGrid-grid-md-3 css-10voxkt-MuiGrid-root"
          >
            <div
              class="MuiFormControl-root MuiFormControl-fullWidth css-q8hpuo-MuiFormControl-root"
            >
              <label
                class="MuiFormLabel-root MuiInputLabel-root MuiInputLabel-formControl MuiInputLabel-animated MuiInputLabel-shrink MuiInputLabel-sizeSmall MuiInputLabel-outlined MuiFormLabel-colorPrimary MuiFormLabel-filled MuiInputLabel-root MuiInputLabel-formControl MuiInputLabel-animated MuiInputLabel-shrink MuiInputLabel-sizeSmall MuiInputLabel-outlined css-fe0mau-MuiFormLabel-root-MuiInputLabel-root"
                data-shrink="true"
              >
                Status
              </label>
              <div
                class="MuiInputBase-root MuiOutlinedInput-root MuiInputBase-colorPrimary MuiInputBase-formControl MuiInputBase-sizeSmall css-13lg1x7-MuiInputBase-root-MuiOutlinedInput-root-MuiSelect-root"
              >
                <div
                  aria-controls=":ru:"
                  aria-expanded="false"
                  aria-haspopup="listbox"
                  class="MuiSelect-select MuiSelect-outlined MuiInputBase-input MuiOutlinedInput-input MuiInputBase-inputSizeSmall css-1fzjff4-MuiSelect-select-MuiInputBase-input-MuiOutlinedInput-input"
                  role="combobox"
                  tabindex="0"
                >
                  All Statuses
                </div>
                <input
                  aria-hidden="true"
                  aria-invalid="false"
                  class="MuiSelect-nativeInput css-yf8vq0-MuiSelect-nativeInput"
                  tabindex="-1"
                  value="all"
                />
                <svg
                  aria-hidden="true"
                  class="MuiSvgIcon-root MuiSvgIcon-fontSizeMedium MuiSelect-icon MuiSelect-iconOutlined css-hfutr2-MuiSvgIcon-root-MuiSelect-icon"
                  data-testid="ArrowDropDownIcon"
                  focusable="false"
                  viewBox="0 0 24 24...
 × src/test/proposal.test.tsx > ProposalList > filters proposals by status 2102ms
   → Found a label with the text of: Status, however no form control was found associated to that label. Make sure you're using the "for" attribute or "aria-labelledby" attribute correctly.

Ignored nodes: comments, script, style
<body
  style=""
>
  <div>
    <div
      class="MuiBox-root css-0"
    >
      <div
        class="MuiBox-root css-i3pbo"
      >
        <h5
          class="MuiTypography-root MuiTypography-h5 MuiTypography-gutterBottom css-1hkf4sh-MuiTypography-root"
        >
          Payment History
        </h5>
        <p
          class="MuiTypography-root MuiTypography-body2 css-xtz2xu-MuiTypography-root"
        >
          1
           payment
           found
        </p>
      </div>
      <div
        class="MuiGrid-root MuiGrid-container MuiGrid-spacing-xs-2 css-12rc5ck-MuiGrid-root"
      >
        <div
          class="MuiGrid-root MuiGrid-item MuiGrid-grid-xs-12 MuiGrid-grid-sm-6 MuiGrid-grid-md-3 css-10voxkt-MuiGrid-root"
        >
          <div
            class="MuiFormControl-root MuiFormControl-fullWidth MuiTextField-root css-18hear-MuiFormControl-root-MuiTextField-root"
          >
            <div
              class="MuiInputBase-root MuiOutlinedInput-root MuiInputBase-colorPrimary MuiInputBase-fullWidth MuiInputBase-formControl MuiInputBase-sizeSmall MuiInputBase-adornedStart css-1cj7mpt-MuiInputBase-root-MuiOutlinedInput-root"
            >
              <div
                class="MuiInputAdornment-root MuiInputAdornment-positionStart MuiInputAdornment-outlined MuiInputAdornment-sizeSmall css-ittuaa-MuiInputAdornment-root"
              >
                <span
                  class="notranslate"
                >
                  ​
                </span>
                <svg
                  aria-hidden="true"
                  class="MuiSvgIcon-root MuiSvgIcon-fontSizeMedium css-i4bv87-MuiSvgIcon-root"
                  data-testid="SearchIcon"
                  focusable="false"
                  viewBox="0 0 24 24"
                >
                  <path
                    d="M15.5 14h-.79l-.28-.27C15.41 12.59 16 11.11 16 9.5 16 5.91 13.09 3 9.5 3S3 5.91 3 9.5 5.91 16 9.5 16c1.61 0 3.09-.59 4.23-1.57l.27.28v.79l5 4.99L20.49 19zm-6 0C7.01 14 5 11.99 5 9.5S7.01 5 9.5 5 14 7.01 14 9.5 11.99 14 9.5 14"
                  />
                </svg>
              </div>
              <input
                aria-invalid="false"
                class="MuiInputBase-input MuiOutlinedInput-input MuiInputBase-inputSizeSmall MuiInputBase-inputAdornedStart css-1ua80n0-MuiInputBase-input-MuiOutlinedInput-input"
                id=":rt:"
                placeholder="Search payments..."
                type="text"
                value=""
              />
              <fieldset
                aria-hidden="true"
                class="MuiOutlinedInput-notchedOutline css-r01yff-MuiNotchedOutlined-root-MuiOutlinedInput-notchedOutline"
              >
                <legend
                  class="css-1whs34k-MuiNotchedOutlined-root"
                >
                  <span
                    class="notranslate"
                  >
                    ​
                  </span>
                </legend>
              </fieldset>
            </div>
          </div>
        </div>
        <div
          class="MuiGrid-root MuiGrid-item MuiGrid-grid-xs-12 MuiGrid-grid-sm-6 MuiGrid-grid-md-3 css-10voxkt-MuiGrid-root"
        >
          <div
            class="MuiFormControl-root MuiFormControl-fullWidth css-q8hpuo-MuiFormControl-root"
          >
            <label
              class="MuiFormLabel-root MuiInputLabel-root MuiInputLabel-formControl MuiInputLabel-animated MuiInputLabel-shrink MuiInputLabel-sizeSmall MuiInputLabel-outlined MuiFormLabel-colorPrimary MuiFormLabel-filled MuiInputLabel-root MuiInputLabel-formControl MuiInputLabel-animated MuiInputLabel-shrink MuiInputLabel-sizeSmall MuiInputLabel-outlined css-fe0mau-MuiFormLabel-root-MuiInputLabel-root"
              data-shrink="true"
            >
              Status
            </label>
            <div
              class="MuiInputBase-root MuiOutlinedInput-root MuiInputBase-colorPrimary MuiInputBase-formControl MuiInputBase-sizeSmall css-13lg1x7-MuiInputBase-root-MuiOutlinedInput-root-MuiSelect-root"
            >
              <div
                aria-controls=":ru:"
                aria-expanded="false"
                aria-haspopup="listbox"
                class="MuiSelect-select MuiSelect-outlined MuiInputBase-input MuiOutlinedInput-input MuiInputBase-inputSizeSmall css-1fzjff4-MuiSelect-select-MuiInputBase-input-MuiOutlinedInput-input"
                role="combobox"
                tabindex="0"
              >
                All Statuses
              </div>
              <input
                aria-hidden="true"
                aria-invalid="false"
                class="MuiSelect-nativeInput css-yf8vq0-MuiSelect-nativeInput"
                tabindex="-1"
                value="all"
              />
              <svg
                aria-hidden="true"
                class="MuiSvgIcon-root MuiSvgIcon-fontSizeMedium MuiSelect-icon MuiSelect-iconOutlined css-hfutr2-MuiSvgIcon-root-MuiSelect-icon"
                data-testid="ArrowDropDownIcon"
                focusable="false"
                viewBox="0 0 24 24"
              >
                <path
                  d="M7 10l5 5 5-5z"
                />
              </svg>
              <fieldset
                aria-hidden="true"
   ...

Ignored nodes: comments, script, style
<html>
  <head />
  <body
    style=""
  >
    <div>
      <div
        class="MuiBox-root css-0"
      >
        <div
          class="MuiBox-root css-i3pbo"
        >
          <h5
            class="MuiTypography-root MuiTypography-h5 MuiTypography-gutterBottom css-1hkf4sh-MuiTypography-root"
          >
            Payment History
          </h5>
          <p
            class="MuiTypography-root MuiTypography-body2 css-xtz2xu-MuiTypography-root"
          >
            1
             payment
             found
          </p>
        </div>
        <div
          class="MuiGrid-root MuiGrid-container MuiGrid-spacing-xs-2 css-12rc5ck-MuiGrid-root"
        >
          <div
            class="MuiGrid-root MuiGrid-item MuiGrid-grid-xs-12 MuiGrid-grid-sm-6 MuiGrid-grid-md-3 css-10voxkt-MuiGrid-root"
          >
            <div
              class="MuiFormControl-root MuiFormControl-fullWidth MuiTextField-root css-18hear-MuiFormControl-root-MuiTextField-root"
            >
              <div
                class="MuiInputBase-root MuiOutlinedInput-root MuiInputBase-colorPrimary MuiInputBase-fullWidth MuiInputBase-formControl MuiInputBase-sizeSmall MuiInputBase-adornedStart css-1cj7mpt-MuiInputBase-root-MuiOutlinedInput-root"
              >
                <div
                  class="MuiInputAdornment-root MuiInputAdornment-positionStart MuiInputAdornment-outlined MuiInputAdornment-sizeSmall css-ittuaa-MuiInputAdornment-root"
                >
                  <span
                    class="notranslate"
                  >
                    ​
                  </span>
                  <svg
                    aria-hidden="true"
                    class="MuiSvgIcon-root MuiSvgIcon-fontSizeMedium css-i4bv87-MuiSvgIcon-root"
                    data-testid="SearchIcon"
                    focusable="false"
                    viewBox="0 0 24 24"
                  >
                    <path
                      d="M15.5 14h-.79l-.28-.27C15.41 12.59 16 11.11 16 9.5 16 5.91 13.09 3 9.5 3S3 5.91 3 9.5 5.91 16 9.5 16c1.61 0 3.09-.59 4.23-1.57l.27.28v.79l5 4.99L20.49 19zm-6 0C7.01 14 5 11.99 5 9.5S7.01 5 9.5 5 14 7.01 14 9.5 11.99 14 9.5 14"
                    />
                  </svg>
                </div>
                <input
                  aria-invalid="false"
                  class="MuiInputBase-input MuiOutlinedInput-input MuiInputBase-inputSizeSmall MuiInputBase-inputAdornedStart css-1ua80n0-MuiInputBase-input-MuiOutlinedInput-input"
                  id=":rt:"
                  placeholder="Search payments..."
                  type="text"
                  value=""
                />
                <fieldset
                  aria-hidden="true"
                  class="MuiOutlinedInput-notchedOutline css-r01yff-MuiNotchedOutlined-root-MuiOutlinedInput-notchedOutline"
                >
                  <legend
                    class="css-1whs34k-MuiNotchedOutlined-root"
                  >
                    <span
                      class="notranslate"
                    >
                      ​
                    </span>
                  </legend>
                </fieldset>
              </div>
            </div>
          </div>
          <div
            class="MuiGrid-root MuiGrid-item MuiGrid-grid-xs-12 MuiGrid-grid-sm-6 MuiGrid-grid-md-3 css-10voxkt-MuiGrid-root"
          >
            <div
              class="MuiFormControl-root MuiFormControl-fullWidth css-q8hpuo-MuiFormControl-root"
            >
              <label
                class="MuiFormLabel-root MuiInputLabel-root MuiInputLabel-formControl MuiInputLabel-animated MuiInputLabel-shrink MuiInputLabel-sizeSmall MuiInputLabel-outlined MuiFormLabel-colorPrimary MuiFormLabel-filled MuiInputLabel-root MuiInputLabel-formControl MuiInputLabel-animated MuiInputLabel-shrink MuiInputLabel-sizeSmall MuiInputLabel-outlined css-fe0mau-MuiFormLabel-root-MuiInputLabel-root"
                data-shrink="true"
              >
                Status
              </label>
              <div
                class="MuiInputBase-root MuiOutlinedInput-root MuiInputBase-colorPrimary MuiInputBase-formControl MuiInputBase-sizeSmall css-13lg1x7-MuiInputBase-root-MuiOutlinedInput-root-MuiSelect-root"
              >
                <div
                  aria-controls=":ru:"
                  aria-expanded="false"
                  aria-haspopup="listbox"
                  class="MuiSelect-select MuiSelect-outlined MuiInputBase-input MuiOutlinedInput-input MuiInputBase-inputSizeSmall css-1fzjff4-MuiSelect-select-MuiInputBase-input-MuiOutlinedInput-input"
                  role="combobox"
                  tabindex="0"
                >
                  All Statuses
                </div>
                <input
                  aria-hidden="true"
                  aria-invalid="false"
                  class="MuiSelect-nativeInput css-yf8vq0-MuiSelect-nativeInput"
                  tabindex="-1"
                  value="all"
                />
                <svg
                  aria-hidden="true"
                  class="MuiSvgIcon-root MuiSvgIcon-fontSizeMedium MuiSelect-icon MuiSelect-iconOutlined css-hfutr2-MuiSvgIcon-root-MuiSelect-icon"
                  data-testid="ArrowDropDownIcon"
                  focusable="false"
                  viewBox="0 0 24 24...
 × src/test/proposal.test.tsx > ProposalList > searches proposals
   → Unable to find an element with the placeholder text of: Search proposals...

Ignored nodes: comments, script, style
<body
  style=""
>
  <div>
    <div
      class="MuiBox-root css-0"
    >
      <div
        class="MuiBox-root css-i3pbo"
      >
        <h5
          class="MuiTypography-root MuiTypography-h5 MuiTypography-gutterBottom css-1hkf4sh-MuiTypography-root"
        >
          Payment History
        </h5>
        <p
          class="MuiTypography-root MuiTypography-body2 css-xtz2xu-MuiTypography-root"
        >
          1
           payment
           found
        </p>
      </div>
      <div
        class="MuiGrid-root MuiGrid-container MuiGrid-spacing-xs-2 css-12rc5ck-MuiGrid-root"
      >
        <div
          class="MuiGrid-root MuiGrid-item MuiGrid-grid-xs-12 MuiGrid-grid-sm-6 MuiGrid-grid-md-3 css-10voxkt-MuiGrid-root"
        >
          <div
            class="MuiFormControl-root MuiFormControl-fullWidth MuiTextField-root css-18hear-MuiFormControl-root-MuiTextField-root"
          >
            <div
              class="MuiInputBase-root MuiOutlinedInput-root MuiInputBase-colorPrimary MuiInputBase-fullWidth MuiInputBase-formControl MuiInputBase-sizeSmall MuiInputBase-adornedStart css-1cj7mpt-MuiInputBase-root-MuiOutlinedInput-root"
            >
              <div
                class="MuiInputAdornment-root MuiInputAdornment-positionStart MuiInputAdornment-outlined MuiInputAdornment-sizeSmall css-ittuaa-MuiInputAdornment-root"
              >
                <span
                  class="notranslate"
                >
                  ​
                </span>
                <svg
                  aria-hidden="true"
                  class="MuiSvgIcon-root MuiSvgIcon-fontSizeMedium css-i4bv87-MuiSvgIcon-root"
                  data-testid="SearchIcon"
                  focusable="false"
                  viewBox="0 0 24 24"
                >
                  <path
                    d="M15.5 14h-.79l-.28-.27C15.41 12.59 16 11.11 16 9.5 16 5.91 13.09 3 9.5 3S3 5.91 3 9.5 5.91 16 9.5 16c1.61 0 3.09-.59 4.23-1.57l.27.28v.79l5 4.99L20.49 19zm-6 0C7.01 14 5 11.99 5 9.5S7.01 5 9.5 5 14 7.01 14 9.5 11.99 14 9.5 14"
                  />
                </svg>
              </div>
              <input
                aria-invalid="false"
                class="MuiInputBase-input MuiOutlinedInput-input MuiInputBase-inputSizeSmall MuiInputBase-inputAdornedStart css-1ua80n0-MuiInputBase-input-MuiOutlinedInput-input"
                id=":rt:"
                placeholder="Search payments..."
                type="text"
                value=""
              />
              <fieldset
                aria-hidden="true"
                class="MuiOutlinedInput-notchedOutline css-r01yff-MuiNotchedOutlined-root-MuiOutlinedInput-notchedOutline"
              >
                <legend
                  class="css-1whs34k-MuiNotchedOutlined-root"
                >
                  <span
                    class="notranslate"
                  >
                    ​
                  </span>
                </legend>
              </fieldset>
            </div>
          </div>
        </div>
        <div
          class="MuiGrid-root MuiGrid-item MuiGrid-grid-xs-12 MuiGrid-grid-sm-6 MuiGrid-grid-md-3 css-10voxkt-MuiGrid-root"
        >
          <div
            class="MuiFormControl-root MuiFormControl-fullWidth css-q8hpuo-MuiFormControl-root"
          >
            <label
              class="MuiFormLabel-root MuiInputLabel-root MuiInputLabel-formControl MuiInputLabel-animated MuiInputLabel-shrink MuiInputLabel-sizeSmall MuiInputLabel-outlined MuiFormLabel-colorPrimary MuiFormLabel-filled MuiInputLabel-root MuiInputLabel-formControl MuiInputLabel-animated MuiInputLabel-shrink MuiInputLabel-sizeSmall MuiInputLabel-outlined css-fe0mau-MuiFormLabel-root-MuiInputLabel-root"
              data-shrink="true"
            >
              Status
            </label>
            <div
              class="MuiInputBase-root MuiOutlinedInput-root MuiInputBase-colorPrimary MuiInputBase-formControl MuiInputBase-sizeSmall css-13lg1x7-MuiInputBase-root-MuiOutlinedInput-root-MuiSelect-root"
            >
              <div
                aria-controls=":ru:"
                aria-expanded="false"
                aria-haspopup="listbox"
                class="MuiSelect-select MuiSelect-outlined MuiInputBase-input MuiOutlinedInput-input MuiInputBase-inputSizeSmall css-1fzjff4-MuiSelect-select-MuiInputBase-input-MuiOutlinedInput-input"
                role="combobox"
                tabindex="0"
              >
                All Statuses
              </div>
              <input
                aria-hidden="true"
                aria-invalid="false"
                class="MuiSelect-nativeInput css-yf8vq0-MuiSelect-nativeInput"
                tabindex="-1"
                value="all"
              />
              <svg
                aria-hidden="true"
                class="MuiSvgIcon-root MuiSvgIcon-fontSizeMedium MuiSelect-icon MuiSelect-iconOutlined css-hfutr2-MuiSvgIcon-root-MuiSelect-icon"
                data-testid="ArrowDropDownIcon"
                focusable="false"
                viewBox="0 0 24 24"
              >
                <path
                  d="M7 10l5 5 5-5z"
                />
              </svg>
              <fieldset
                aria-hidden="true"
   ...
 × src/test/proposal.test.tsx > ProposalDetailModal > renders proposal details 685ms
   → Found multiple elements with the text: Jane Doe

Here are the matching elements:

Ignored nodes: comments, script, style
<h6
  class="MuiTypography-root MuiTypography-h6 css-1rem9xf-MuiTypography-root"
>
  Jane
   
  Doe
</h6>

Ignored nodes: comments, script, style
<h6
  class="MuiTypography-root MuiTypography-h6 css-1rem9xf-MuiTypography-root"
>
  Jane
   
  Doe
</h6>

Ignored nodes: comments, script, style
<h6
  class="MuiTypography-root MuiTypography-h6 css-1rem9xf-MuiTypography-root"
>
  Jane
   
  Doe
</h6>

Ignored nodes: comments, script, style
<h6
  class="MuiTypography-root MuiTypography-h6 css-1rem9xf-MuiTypography-root"
>
  Jane
   
  Doe
</h6>

(If this is intentional, then use the `*AllBy*` variant of the query (like `queryAllByText`, `getAllByText`, or `findAllByText`)).

Ignored nodes: comments, script, style
<body
  style="padding-right: 1024px; overflow: hidden;"
>
  <div
    aria-hidden="true"
  >
    <div
      class="MuiBox-root css-0"
    >
      <div
        class="MuiBox-root css-i3pbo"
      >
        <h5
          class="MuiTypography-root MuiTypography-h5 MuiTypography-gutterBottom css-1hkf4sh-MuiTypography-root"
        >
          Payment History
        </h5>
        <p
          class="MuiTypography-root MuiTypography-body2 css-xtz2xu-MuiTypography-root"
        >
          1
           payment
           found
        </p>
      </div>
      <div
        class="MuiGrid-root MuiGrid-container MuiGrid-spacing-xs-2 css-12rc5ck-MuiGrid-root"
      >
        <div
          class="MuiGrid-root MuiGrid-item MuiGrid-grid-xs-12 MuiGrid-grid-sm-6 MuiGrid-grid-md-3 css-10voxkt-MuiGrid-root"
        >
          <div
            class="MuiFormControl-root MuiFormControl-fullWidth MuiTextField-root css-18hear-MuiFormControl-root-MuiTextField-root"
          >
            <div
              class="MuiInputBase-root MuiOutlinedInput-root MuiInputBase-colorPrimary MuiInputBase-fullWidth MuiInputBase-formControl MuiInputBase-sizeSmall MuiInputBase-adornedStart css-1cj7mpt-MuiInputBase-root-MuiOutlinedInput-root"
            >
              <div
                class="MuiInputAdornment-root MuiInputAdornment-positionStart MuiInputAdornment-outlined MuiInputAdornment-sizeSmall css-ittuaa-MuiInputAdornment-root"
              >
                <span
                  class="notranslate"
                >
                  ​
                </span>
                <svg
                  aria-hidden="true"
                  class="MuiSvgIcon-root MuiSvgIcon-fontSizeMedium css-i4bv87-MuiSvgIcon-root"
                  data-testid="SearchIcon"
                  focusable="false"
                  viewBox="0 0 24 24"
                >
                  <path
                    d="M15.5 14h-.79l-.28-.27C15.41 12.59 16 11.11 16 9.5 16 5.91 13.09 3 9.5 3S3 5.91 3 9.5 5.91 16 9.5 16c1.61 0 3.09-.59 4.23-1.57l.27.28v.79l5 4.99L20.49 19zm-6 0C7.01 14 5 11.99 5 9.5S7.01 5 9.5 5 14 7.01 14 9.5 11.99 14 9.5 14"
                  />
                </svg>
              </div>
              <input
                aria-invalid="false"
                class="MuiInputBase-input MuiOutlinedInput-input MuiInputBase-inputSizeSmall MuiInputBase-inputAdornedStart css-1ua80n0-MuiInputBase-input-MuiOutlinedInput-input"
                id=":rt:"
                placeholder="Search payments..."
                type="text"
                value=""
              />
              <fieldset
                aria-hidden="true"
                class="MuiOutlinedInput-notchedOutline css-r01yff-MuiNotchedOutlined-root-MuiOutlinedInput-notchedOutline"
              >
                <legend
                  class="css-1whs34k-MuiNotchedOutlined-root"
                >
                  <span
                    class="notranslate"
                  >
                    ​
                  </span>
                </legend>
              </fieldset>
            </div>
          </div>
        </div>
        <div
          class="MuiGrid-root MuiGrid-item MuiGrid-grid-xs-12 MuiGrid-grid-sm-6 MuiGrid-grid-md-3 css-10voxkt-MuiGrid-root"
        >
          <div
            class="MuiFormControl-root MuiFormControl-fullWidth css-q8hpuo-MuiFormControl-root"
          >
            <label
              class="MuiFormLabel-root MuiInputLabel-root MuiInputLabel-formControl MuiInputLabel-animated MuiInputLabel-shrink MuiInputLabel-sizeSmall MuiInputLabel-outlined MuiFormLabel-colorPrimary MuiFormLabel-filled MuiInputLabel-root MuiInputLabel-formControl MuiInputLabel-animated MuiInputLabel-shrink MuiInputLabel-sizeSmall MuiInputLabel-outlined css-fe0mau-MuiFormLabel-root-MuiInputLabel-root"
              data-shrink="true"
            >
              Status
            </label>
            <div
              class="MuiInputBase-root MuiOutlinedInput-root MuiInputBase-colorPrimary MuiInputBase-formControl MuiInputBase-sizeSmall css-13lg1x7-MuiInputBase-root-MuiOutlinedInput-root-MuiSelect-root"
            >
              <div
                aria-controls=":ru:"
                aria-expanded="false"
                aria-haspopup="listbox"
                class="MuiSelect-select MuiSelect-outlined MuiInputBase-input MuiOutlinedInput-input MuiInputBase-inputSizeSmall css-1fzjff4-MuiSelect-select-MuiInputBase-input-MuiOutlinedInput-input"
                role="combobox"
                tabindex="0"
              >
                All Statuses
              </div>
              <input
                aria-hidden="true"
                aria-invalid="false"
                class="MuiSelect-nativeInput css-yf8vq0-MuiSelect-nativeInput"
                tabindex="-1"
                value="all"
              />
              <svg
                aria-hidden="true"
                class="MuiSvgIcon-root MuiSvgIcon-fontSizeMedium MuiSelect-icon MuiSelect-iconOutlined css-hfutr2-MuiSvgIcon-root-MuiSelect-icon"
                data-testid="ArrowDropDownIcon"
                focusable="false"
                viewBox="0 0 24 24"
              >
                <path
                  d="M7 10l5 5 5-5z"
                />
              </svg>[...
 × src/test/proposal.test.tsx > ProposalDetailModal > shows milestones accordion
   → Found multiple elements with the text: Project Milestones (2)

Here are the matching elements:

Ignored nodes: comments, script, style
<h6
  class="MuiTypography-root MuiTypography-h6 css-1rem9xf-MuiTypography-root"
>
  Project Milestones (
  2
  )
</h6>

Ignored nodes: comments, script, style
<h6
  class="MuiTypography-root MuiTypography-h6 css-1rem9xf-MuiTypography-root"
>
  Project Milestones (
  2
  )
</h6>

(If this is intentional, then use the `*AllBy*` variant of the query (like `queryAllByText`, `getAllByText`, or `findAllByText`)).

Ignored nodes: comments, script, style
<body
  style="padding-right: 1024px; overflow: hidden;"
>
  <div
    aria-hidden="true"
  >
    <div
      class="MuiBox-root css-0"
    >
      <div
        class="MuiBox-root css-i3pbo"
      >
        <h5
          class="MuiTypography-root MuiTypography-h5 MuiTypography-gutterBottom css-1hkf4sh-MuiTypography-root"
        >
          Payment History
        </h5>
        <p
          class="MuiTypography-root MuiTypography-body2 css-xtz2xu-MuiTypography-root"
        >
          1
           payment
           found
        </p>
      </div>
      <div
        class="MuiGrid-root MuiGrid-container MuiGrid-spacing-xs-2 css-12rc5ck-MuiGrid-root"
      >
        <div
          class="MuiGrid-root MuiGrid-item MuiGrid-grid-xs-12 MuiGrid-grid-sm-6 MuiGrid-grid-md-3 css-10voxkt-MuiGrid-root"
        >
          <div
            class="MuiFormControl-root MuiFormControl-fullWidth MuiTextField-root css-18hear-MuiFormControl-root-MuiTextField-root"
          >
            <div
              class="MuiInputBase-root MuiOutlinedInput-root MuiInputBase-colorPrimary MuiInputBase-fullWidth MuiInputBase-formControl MuiInputBase-sizeSmall MuiInputBase-adornedStart css-1cj7mpt-MuiInputBase-root-MuiOutlinedInput-root"
            >
              <div
                class="MuiInputAdornment-root MuiInputAdornment-positionStart MuiInputAdornment-outlined MuiInputAdornment-sizeSmall css-ittuaa-MuiInputAdornment-root"
              >
                <span
                  class="notranslate"
                >
                  ​
                </span>
                <svg
                  aria-hidden="true"
                  class="MuiSvgIcon-root MuiSvgIcon-fontSizeMedium css-i4bv87-MuiSvgIcon-root"
                  data-testid="SearchIcon"
                  focusable="false"
                  viewBox="0 0 24 24"
                >
                  <path
                    d="M15.5 14h-.79l-.28-.27C15.41 12.59 16 11.11 16 9.5 16 5.91 13.09 3 9.5 3S3 5.91 3 9.5 5.91 16 9.5 16c1.61 0 3.09-.59 4.23-1.57l.27.28v.79l5 4.99L20.49 19zm-6 0C7.01 14 5 11.99 5 9.5S7.01 5 9.5 5 14 7.01 14 9.5 11.99 14 9.5 14"
                  />
                </svg>
              </div>
              <input
                aria-invalid="false"
                class="MuiInputBase-input MuiOutlinedInput-input MuiInputBase-inputSizeSmall MuiInputBase-inputAdornedStart css-1ua80n0-MuiInputBase-input-MuiOutlinedInput-input"
                id=":rt:"
                placeholder="Search payments..."
                type="text"
                value=""
              />
              <fieldset
                aria-hidden="true"
                class="MuiOutlinedInput-notchedOutline css-r01yff-MuiNotchedOutlined-root-MuiOutlinedInput-notchedOutline"
              >
                <legend
                  class="css-1whs34k-MuiNotchedOutlined-root"
                >
                  <span
                    class="notranslate"
                  >
                    ​
                  </span>
                </legend>
              </fieldset>
            </div>
          </div>
        </div>
        <div
          class="MuiGrid-root MuiGrid-item MuiGrid-grid-xs-12 MuiGrid-grid-sm-6 MuiGrid-grid-md-3 css-10voxkt-MuiGrid-root"
        >
          <div
            class="MuiFormControl-root MuiFormControl-fullWidth css-q8hpuo-MuiFormControl-root"
          >
            <label
              class="MuiFormLabel-root MuiInputLabel-root MuiInputLabel-formControl MuiInputLabel-animated MuiInputLabel-shrink MuiInputLabel-sizeSmall MuiInputLabel-outlined MuiFormLabel-colorPrimary MuiFormLabel-filled MuiInputLabel-root MuiInputLabel-formControl MuiInputLabel-animated MuiInputLabel-shrink MuiInputLabel-sizeSmall MuiInputLabel-outlined css-fe0mau-MuiFormLabel-root-MuiInputLabel-root"
              data-shrink="true"
            >
              Status
            </label>
            <div
              class="MuiInputBase-root MuiOutlinedInput-root MuiInputBase-colorPrimary MuiInputBase-formControl MuiInputBase-sizeSmall css-13lg1x7-MuiInputBase-root-MuiOutlinedInput-root-MuiSelect-root"
            >
              <div
                aria-controls=":ru:"
                aria-expanded="false"
                aria-haspopup="listbox"
                class="MuiSelect-select MuiSelect-outlined MuiInputBase-input MuiOutlinedInput-input MuiInputBase-inputSizeSmall css-1fzjff4-MuiSelect-select-MuiInputBase-input-MuiOutlinedInput-input"
                role="combobox"
                tabindex="0"
              >
                All Statuses
              </div>
              <input
                aria-hidden="true"
                aria-invalid="false"
                class="MuiSelect-nativeInput css-yf8vq0-MuiSelect-nativeInput"
                tabindex="-1"
                value="all"
              />
              <svg
                aria-hidden="true"
                class="MuiSvgIcon-root MuiSvgIcon-fontSizeMedium MuiSelect-icon MuiSelect-iconOutlined css-hfutr2-MuiSvgIcon-root-MuiSelect-icon"
                data-testid="ArrowDropDownIcon"
                focusable="false"
                viewBox="0 0 24 24"
              >
                <path
                  d="M7 10l5 5 5-5z"
                />
              </svg>[...
 × src/test/proposal.test.tsx > ProposalDetailModal > handles proposal acceptance
   → Found multiple elements with the text: Accept Proposal

Here are the matching elements:

Ignored nodes: comments, script, style
<button
  class="MuiButtonBase-root MuiButton-root MuiButton-contained MuiButton-containedSuccess MuiButton-sizeMedium MuiButton-containedSizeMedium MuiButton-colorSuccess MuiButton-root MuiButton-contained MuiButton-containedSuccess MuiButton-sizeMedium MuiButton-containedSizeMedium MuiButton-colorSuccess css-1icjxmz-MuiButtonBase-root-MuiButton-root"
  tabindex="0"
  type="button"
>
  Accept Proposal
  <span
    class="MuiTouchRipple-root css-8je8zh-MuiTouchRipple-root"
  />
</button>

Ignored nodes: comments, script, style
<button
  class="MuiButtonBase-root MuiButton-root MuiButton-contained MuiButton-containedSuccess MuiButton-sizeMedium MuiButton-containedSizeMedium MuiButton-colorSuccess MuiButton-root MuiButton-contained MuiButton-containedSuccess MuiButton-sizeMedium MuiButton-containedSizeMedium MuiButton-colorSuccess css-1icjxmz-MuiButtonBase-root-MuiButton-root"
  tabindex="0"
  type="button"
>
  Accept Proposal
  <span
    class="MuiTouchRipple-root css-8je8zh-MuiTouchRipple-root"
  />
</button>

Ignored nodes: comments, script, style
<button
  class="MuiButtonBase-root MuiButton-root MuiButton-contained MuiButton-containedSuccess MuiButton-sizeMedium MuiButton-containedSizeMedium MuiButton-colorSuccess MuiButton-root MuiButton-contained MuiButton-containedSuccess MuiButton-sizeMedium MuiButton-containedSizeMedium MuiButton-colorSuccess css-1icjxmz-MuiButtonBase-root-MuiButton-root"
  tabindex="0"
  type="button"
>
  Accept Proposal
  <span
    class="MuiTouchRipple-root css-8je8zh-MuiTouchRipple-root"
  />
</button>

(If this is intentional, then use the `*AllBy*` variant of the query (like `queryAllByText`, `getAllByText`, or `findAllByText`)).

Ignored nodes: comments, script, style
<body
  style="padding-right: 1024px; overflow: hidden;"
>
  <div
    aria-hidden="true"
  >
    <div
      class="MuiBox-root css-0"
    >
      <div
        class="MuiBox-root css-i3pbo"
      >
        <h5
          class="MuiTypography-root MuiTypography-h5 MuiTypography-gutterBottom css-1hkf4sh-MuiTypography-root"
        >
          Payment History
        </h5>
        <p
          class="MuiTypography-root MuiTypography-body2 css-xtz2xu-MuiTypography-root"
        >
          1
           payment
           found
        </p>
      </div>
      <div
        class="MuiGrid-root MuiGrid-container MuiGrid-spacing-xs-2 css-12rc5ck-MuiGrid-root"
      >
        <div
          class="MuiGrid-root MuiGrid-item MuiGrid-grid-xs-12 MuiGrid-grid-sm-6 MuiGrid-grid-md-3 css-10voxkt-MuiGrid-root"
        >
          <div
            class="MuiFormControl-root MuiFormControl-fullWidth MuiTextField-root css-18hear-MuiFormControl-root-MuiTextField-root"
          >
            <div
              class="MuiInputBase-root MuiOutlinedInput-root MuiInputBase-colorPrimary MuiInputBase-fullWidth MuiInputBase-formControl MuiInputBase-sizeSmall MuiInputBase-adornedStart css-1cj7mpt-MuiInputBase-root-MuiOutlinedInput-root"
            >
              <div
                class="MuiInputAdornment-root MuiInputAdornment-positionStart MuiInputAdornment-outlined MuiInputAdornment-sizeSmall css-ittuaa-MuiInputAdornment-root"
              >
                <span
                  class="notranslate"
                >
                  ​
                </span>
                <svg
                  aria-hidden="true"
                  class="MuiSvgIcon-root MuiSvgIcon-fontSizeMedium css-i4bv87-MuiSvgIcon-root"
                  data-testid="SearchIcon"
                  focusable="false"
                  viewBox="0 0 24 24"
                >
                  <path
                    d="M15.5 14h-.79l-.28-.27C15.41 12.59 16 11.11 16 9.5 16 5.91 13.09 3 9.5 3S3 5.91 3 9.5 5.91 16 9.5 16c1.61 0 3.09-.59 4.23-1.57l.27.28v.79l5 4.99L20.49 19zm-6 0C7.01 14 5 11.99 5 9.5S7.01 5 9.5 5 14 7.01 14 9.5 11.99 14 9.5 14"
                  />
                </svg>
              </div>
              <input
                aria-invalid="false"
                class="MuiInputBase-input MuiOutlinedInput-input MuiInputBase-inputSizeSmall MuiInputBase-inputAdornedStart css-1ua80n0-MuiInputBase-input-MuiOutlinedInput-input"
                id=":rt:"
                placeholder="Search payments..."
                type="text"
                value=""
              />
              <fieldset
                aria-hidden="true"
                class="MuiOutlinedInput-notchedOutline css-r01yff-MuiNotchedOutlined-root-MuiOutlinedInput-notchedOutline"
              >
                <legend
                  class="css-1whs34k-MuiNotchedOutlined-root"
                >
                  <span
                    class="notranslate"
                  >
                    ​
                  </span>
                </legend>
              </fieldset>
            </div>
          </div>
        </div>
        <div
          class="MuiGrid-root MuiGrid-item MuiGrid-grid-xs-12 MuiGrid-grid-sm-6 MuiGrid-grid-md-3 css-10voxkt-MuiGrid-root"
        >
          <div
            class="MuiFormControl-root MuiFormControl-fullWidth css-q8hpuo-MuiFormControl-root"
          >
            <label
              class="MuiFormLabel-root MuiInputLabel-root MuiInputLabel-formControl MuiInputLabel-animated MuiInputLabel-shrink MuiInputLabel-sizeSmall MuiInputLabel-outlined MuiFormLabel-colorPrimary MuiFormLabel-filled MuiInputLabel-root MuiInputLabel-formControl MuiInputLabel-animated MuiInputLabel-shrink MuiInputLabel-sizeSmall MuiInputLabel-outlined css-fe0mau-MuiFormLabel-root-MuiInputLabel-root"
              data-shrink="true"
            >
              Status
            </label>
            <div
              class="MuiInputBase-root MuiOutlinedInput-root MuiInputBase-colorPrimary MuiInputBase-formControl MuiInputBase-sizeSmall css-13lg1x7-MuiInputBase-root-MuiOutlinedInput-root-MuiSelect-root"
            >
              <div
                aria-controls=":ru:"
                aria-expanded="false"
                aria-haspopup="listbox"
                class="MuiSelect-select MuiSelect-outlined MuiInputBase-input MuiOutlinedInput-input MuiInputBase-inputSizeSmall css-1fzjff4-MuiSelect-select-MuiInputBase-input-MuiOutlinedInput-input"
                role="combobox"
                tabindex="0"
              >
                All Statuses
              </div>
              <input
                aria-hidden="true"
                aria-invalid="false"
                class="MuiSelect-nativeInput css-yf8vq0-MuiSelect-nativeInput"
                tabindex="-1"
                value="all"
              />
              <svg
                aria-hidden="true"
                class="MuiSvgIcon-root MuiSvgIcon-fontSizeMedium MuiSelect-icon MuiSelect-iconOutlined css-hfutr2-MuiSvgIcon-root-MuiSelect-icon"
                data-testid="ArrowDropDownIcon"
                focusable="false"
                viewBox="0 0 24 24"
              >
                <path
                  d="M7 10l5 5 5-5z"
                />
              </svg>[...
 ❯ src/test/proposal.test.tsx  (16 tests | 13 failed) 16401ms
   ❯ src/test/proposal.test.tsx > ProposalForm > validates cover letter length
     → Found multiple elements with the text of: /Cover Letter/i

Here are the matching elements:

Ignored nodes: comments, script, style
<textarea
  aria-describedby=":r1o:-helper-text"
  aria-invalid="false"
  class="MuiInputBase-input MuiOutlinedInput-input MuiInputBase-inputMultiline css-1sqnrkk-MuiInputBase-input-MuiOutlinedInput-input"
  id=":r1o:"
  name="coverLetter"
  placeholder="Introduce yourself and explain why you're the perfect fit for this project. Highlight your relevant experience and approach to the work."
  rows="8"
  style="height: 0px; overflow: hidden;"
/>

Ignored nodes: comments, script, style
<textarea
  aria-describedby=":r21:-helper-text"
  aria-invalid="false"
  class="MuiInputBase-input MuiOutlinedInput-input MuiInputBase-inputMultiline css-1sqnrkk-MuiInputBase-input-MuiOutlinedInput-input"
  id=":r21:"
  name="coverLetter"
  placeholder="Introduce yourself and explain why you're the perfect fit for this project. Highlight your relevant experience and approach to the work."
  rows="8"
  style="height: 0px; overflow: hidden;"
/>

(If this is intentional, then use the `*AllBy*` variant of the query (like `queryAllByText`, `getAllByText`, or `findAllByText`)).

Ignored nodes: comments, script, style
<body
  style=""
>
  <div>
    <div
      class="MuiBox-root css-0"
    >
      <div
        class="MuiBox-root css-i3pbo"
      >
        <h5
          class="MuiTypography-root MuiTypography-h5 MuiTypography-gutterBottom css-1hkf4sh-MuiTypography-root"
        >
          Payment History
        </h5>
        <p
          class="MuiTypography-root MuiTypography-body2 css-xtz2xu-MuiTypography-root"
        >
          1
           payment
           found
        </p>
      </div>
      <div
        class="MuiGrid-root MuiGrid-container MuiGrid-spacing-xs-2 css-12rc5ck-MuiGrid-root"
      >
        <div
          class="MuiGrid-root MuiGrid-item MuiGrid-grid-xs-12 MuiGrid-grid-sm-6 MuiGrid-grid-md-3 css-10voxkt-MuiGrid-root"
        >
          <div
            class="MuiFormControl-root MuiFormControl-fullWidth MuiTextField-root css-18hear-MuiFormControl-root-MuiTextField-root"
          >
            <div
              class="MuiInputBase-root MuiOutlinedInput-root MuiInputBase-colorPrimary MuiInputBase-fullWidth MuiInputBase-formControl MuiInputBase-sizeSmall MuiInputBase-adornedStart css-1cj7mpt-MuiInputBase-root-MuiOutlinedInput-root"
            >
              <div
                class="MuiInputAdornment-root MuiInputAdornment-positionStart MuiInputAdornment-outlined MuiInputAdornment-sizeSmall css-ittuaa-MuiInputAdornment-root"
              >
                <span
                  class="notranslate"
                >
                  ​
                </span>
                <svg
                  aria-hidden="true"
                  class="MuiSvgIcon-root MuiSvgIcon-fontSizeMedium css-i4bv87-MuiSvgIcon-root"
                  data-testid="SearchIcon"
                  focusable="false"
                  viewBox="0 0 24 24"
                >
                  <path
                    d="M15.5 14h-.79l-.28-.27C15.41 12.59 16 11.11 16 9.5 16 5.91 13.09 3 9.5 3S3 5.91 3 9.5 5.91 16 9.5 16c1.61 0 3.09-.59 4.23-1.57l.27.28v.79l5 4.99L20.49 19zm-6 0C7.01 14 5 11.99 5 9.5S7.01 5 9.5 5 14 7.01 14 9.5 11.99 14 9.5 14"
                  />
                </svg>
              </div>
              <input
                aria-invalid="false"
                class="MuiInputBase-input MuiOutlinedInput-input MuiInputBase-inputSizeSmall MuiInputBase-inputAdornedStart css-1ua80n0-MuiInputBase-input-MuiOutlinedInput-input"
                id=":rt:"
                placeholder="Search payments..."
                type="text"
                value=""
              />
              <fieldset
                aria-hidden="true"
                class="MuiOutlinedInput-notchedOutline css-r01yff-MuiNotchedOutlined-root-MuiOutlinedInput-notchedOutline"
              >
                <legend
                  class="css-1whs34k-MuiNotchedOutlined-root"
                >
                  <span
                    class="notranslate"
                  >
                    ​
                  </span>
                </legend>
              </fieldset>
            </div>
          </div>
        </div>
        <div
          class="MuiGrid-root MuiGrid-item MuiGrid-grid-xs-12 MuiGrid-grid-sm-6 MuiGrid-grid-md-3 css-10voxkt-MuiGrid-root"
        >
          <div
            class="MuiFormControl-root MuiFormControl-fullWidth css-q8hpuo-MuiFormControl-root"
          >
            <label
              class="MuiFormLabel-root MuiInputLabel-root MuiInputLabel-formControl MuiInputLabel-animated MuiInputLabel-shrink MuiInputLabel-sizeSmall MuiInputLabel-outlined MuiFormLabel-colorPrimary MuiFormLabel-filled MuiInputLabel-root MuiInputLabel-formControl MuiInputLabel-animated MuiInputLabel-shrink MuiInputLabel-sizeSmall MuiInputLabel-outlined css-fe0mau-MuiFormLabel-root-MuiInputLabel-root"
              data-shrink="true"
            >
              Status
            </label>
            <div
              class="MuiInputBase-root MuiOutlinedInput-root MuiInputBase-colorPrimary MuiInputBase-formControl MuiInputBase-sizeSmall css-13lg1x7-MuiInputBase-root-MuiOutlinedInput-root-MuiSelect-root"
            >
              <div
                aria-controls=":ru:"
                aria-expanded="false"
                aria-haspopup="listbox"
                class="MuiSelect-select MuiSelect-outlined MuiInputBase-input MuiOutlinedInput-input MuiInputBase-inputSizeSmall css-1fzjff4-MuiSelect-select-MuiInputBase-input-MuiOutlinedInput-input"
                role="combobox"
                tabindex="0"
              >
                All Statuses
              </div>
              <input
                aria-hidden="true"
                aria-invalid="false"
                class="MuiSelect-nativeInput css-yf8vq0-MuiSelect-nativeInput"
                tabindex="-1"
                value="all"
              />
              <svg
                aria-hidden="true"
                class="MuiSvgIcon-root MuiSvgIcon-fontSizeMedium MuiSelect-icon MuiSelect-iconOutlined css-hfutr2-MuiSvgIcon-root-MuiSelect-icon"
                data-testid="ArrowDropDownIcon"
                focusable="false"
                viewBox="0 0 24 24"
              >
                <path
                  d="M7 10l5 5 5-5z"
                />
              </svg>
              <fieldset
                aria-hidden="true"
   ...
   ❯ src/test/proposal.test.tsx > ProposalForm > submits proposal successfully
     → Found multiple elements with the text of: /Cover Letter/i

Here are the matching elements:

Ignored nodes: comments, script, style
<textarea
  aria-describedby=":r1o:-helper-text"
  aria-invalid="false"
  class="MuiInputBase-input MuiOutlinedInput-input MuiInputBase-inputMultiline css-1sqnrkk-MuiInputBase-input-MuiOutlinedInput-input"
  id=":r1o:"
  name="coverLetter"
  placeholder="Introduce yourself and explain why you're the perfect fit for this project. Highlight your relevant experience and approach to the work."
  rows="8"
  style="height: 0px; overflow: hidden;"
/>

Ignored nodes: comments, script, style
<textarea
  aria-describedby=":r21:-helper-text"
  aria-invalid="false"
  class="MuiInputBase-input MuiOutlinedInput-input MuiInputBase-inputMultiline css-1sqnrkk-MuiInputBase-input-MuiOutlinedInput-input"
  id=":r21:"
  name="coverLetter"
  placeholder="Introduce yourself and explain why you're the perfect fit for this project. Highlight your relevant experience and approach to the work."
  rows="8"
  style="height: 0px; overflow: hidden;"
/>

Ignored nodes: comments, script, style
<textarea
  aria-describedby=":r2a:-helper-text"
  aria-invalid="false"
  class="MuiInputBase-input MuiOutlinedInput-input MuiInputBase-inputMultiline css-1sqnrkk-MuiInputBase-input-MuiOutlinedInput-input"
  id=":r2a:"
  name="coverLetter"
  placeholder="Introduce yourself and explain why you're the perfect fit for this project. Highlight your relevant experience and approach to the work."
  rows="8"
  style="height: 0px; overflow: hidden;"
/>

(If this is intentional, then use the `*AllBy*` variant of the query (like `queryAllByText`, `getAllByText`, or `findAllByText`)).

Ignored nodes: comments, script, style
<body
  style=""
>
  <div>
    <div
      class="MuiBox-root css-0"
    >
      <div
        class="MuiBox-root css-i3pbo"
      >
        <h5
          class="MuiTypography-root MuiTypography-h5 MuiTypography-gutterBottom css-1hkf4sh-MuiTypography-root"
        >
          Payment History
        </h5>
        <p
          class="MuiTypography-root MuiTypography-body2 css-xtz2xu-MuiTypography-root"
        >
          1
           payment
           found
        </p>
      </div>
      <div
        class="MuiGrid-root MuiGrid-container MuiGrid-spacing-xs-2 css-12rc5ck-MuiGrid-root"
      >
        <div
          class="MuiGrid-root MuiGrid-item MuiGrid-grid-xs-12 MuiGrid-grid-sm-6 MuiGrid-grid-md-3 css-10voxkt-MuiGrid-root"
        >
          <div
            class="MuiFormControl-root MuiFormControl-fullWidth MuiTextField-root css-18hear-MuiFormControl-root-MuiTextField-root"
          >
            <div
              class="MuiInputBase-root MuiOutlinedInput-root MuiInputBase-colorPrimary MuiInputBase-fullWidth MuiInputBase-formControl MuiInputBase-sizeSmall MuiInputBase-adornedStart css-1cj7mpt-MuiInputBase-root-MuiOutlinedInput-root"
            >
              <div
                class="MuiInputAdornment-root MuiInputAdornment-positionStart MuiInputAdornment-outlined MuiInputAdornment-sizeSmall css-ittuaa-MuiInputAdornment-root"
              >
                <span
                  class="notranslate"
                >
                  ​
                </span>
                <svg
                  aria-hidden="true"
                  class="MuiSvgIcon-root MuiSvgIcon-fontSizeMedium css-i4bv87-MuiSvgIcon-root"
                  data-testid="SearchIcon"
                  focusable="false"
                  viewBox="0 0 24 24"
                >
                  <path
                    d="M15.5 14h-.79l-.28-.27C15.41 12.59 16 11.11 16 9.5 16 5.91 13.09 3 9.5 3S3 5.91 3 9.5 5.91 16 9.5 16c1.61 0 3.09-.59 4.23-1.57l.27.28v.79l5 4.99L20.49 19zm-6 0C7.01 14 5 11.99 5 9.5S7.01 5 9.5 5 14 7.01 14 9.5 11.99 14 9.5 14"
                  />
                </svg>
              </div>
              <input
                aria-invalid="false"
                class="MuiInputBase-input MuiOutlinedInput-input MuiInputBase-inputSizeSmall MuiInputBase-inputAdornedStart css-1ua80n0-MuiInputBase-input-MuiOutlinedInput-input"
                id=":rt:"
                placeholder="Search payments..."
                type="text"
                value=""
              />
              <fieldset
                aria-hidden="true"
                class="MuiOutlinedInput-notchedOutline css-r01yff-MuiNotchedOutlined-root-MuiOutlinedInput-notchedOutline"
              >
                <legend
                  class="css-1whs34k-MuiNotchedOutlined-root"
                >
                  <span
                    class="notranslate"
                  >
                    ​
                  </span>
                </legend>
              </fieldset>
            </div>
          </div>
        </div>
        <div
          class="MuiGrid-root MuiGrid-item MuiGrid-grid-xs-12 MuiGrid-grid-sm-6 MuiGrid-grid-md-3 css-10voxkt-MuiGrid-root"
        >
          <div
            class="MuiFormControl-root MuiFormControl-fullWidth css-q8hpuo-MuiFormControl-root"
          >
            <label
              class="MuiFormLabel-root MuiInputLabel-root MuiInputLabel-formControl MuiInputLabel-animated MuiInputLabel-shrink MuiInputLabel-sizeSmall MuiInputLabel-outlined MuiFormLabel-colorPrimary MuiFormLabel-filled MuiInputLabel-root MuiInputLabel-formControl MuiInputLabel-animated MuiInputLabel-shrink MuiInputLabel-sizeSmall MuiInputLabel-outlined css-fe0mau-MuiFormLabel-root-MuiInputLabel-root"
              data-shrink="true"
            >
              Status
            </label>
            <div
              class="MuiInputBase-root MuiOutlinedInput-root MuiInputBase-colorPrimary MuiInputBase-formControl MuiInputBase-sizeSmall css-13lg1x7-MuiInputBase-root-MuiOutlinedInput-root-MuiSelect-root"
            >
              <div
                aria-controls=":ru:"
                aria-expanded="false"
                aria-haspopup="listbox"
                class="MuiSelect-select MuiSelect-outlined MuiInputBase-input MuiOutlinedInput-input MuiInputBase-inputSizeSmall css-1fzjff4-MuiSelect-select-MuiInputBase-input-MuiOutlinedInput-input"
                role="combobox"
                tabindex="0"
              >
                All Statuses
              </div>
              <input
                aria-hidden="true"
                aria-invalid="false"
                class="MuiSelect-nativeInput css-yf8vq0-MuiSelect-nativeInput"
                tabindex="-1"
                value="all"
              />
              <svg
                aria-hidden="true"
                class="MuiSvgIcon-root MuiSvgIcon-fontSizeMedium MuiSelect-icon MuiSelect-iconOutlined css-hfutr2-MuiSvgIcon-root-MuiSelect-icon"
                data-testid="ArrowDropDownIcon"
                focusable="false"
                viewBox="0 0 24 24"
              >
                <path
                  d="M7 10l5 5 5-5z"
                />
              </svg>
              <fieldset
                aria-hidden="true"
   ...
   ❯ src/test/proposal.test.tsx > ProposalForm > adds and removes milestones
     → Found multiple elements with the text of: Milestone Title

Here are the matching elements:

Ignored nodes: comments, script, style
<input
  aria-invalid="false"
  class="MuiInputBase-input MuiOutlinedInput-input MuiInputBase-inputSizeSmall css-1n4twyu-MuiInputBase-input-MuiOutlinedInput-input"
  id=":r1s:"
  type="text"
  value=""
/>

Ignored nodes: comments, script, style
<input
  aria-invalid="false"
  class="MuiInputBase-input MuiOutlinedInput-input MuiInputBase-inputSizeSmall css-1n4twyu-MuiInputBase-input-MuiOutlinedInput-input"
  id=":r25:"
  type="text"
  value=""
/>

Ignored nodes: comments, script, style
<input
  aria-invalid="false"
  class="MuiInputBase-input MuiOutlinedInput-input MuiInputBase-inputSizeSmall css-1n4twyu-MuiInputBase-input-MuiOutlinedInput-input"
  id=":r2e:"
  type="text"
  value=""
/>

Ignored nodes: comments, script, style
<input
  aria-invalid="false"
  class="MuiInputBase-input MuiOutlinedInput-input MuiInputBase-inputSizeSmall css-1n4twyu-MuiInputBase-input-MuiOutlinedInput-input"
  id=":r2n:"
  type="text"
  value=""
/>

(If this is intentional, then use the `*AllBy*` variant of the query (like `queryAllByText`, `getAllByText`, or `findAllByText`)).

Ignored nodes: comments, script, style
<body
  style=""
>
  <div>
    <div
      class="MuiBox-root css-0"
    >
      <div
        class="MuiBox-root css-i3pbo"
      >
        <h5
          class="MuiTypography-root MuiTypography-h5 MuiTypography-gutterBottom css-1hkf4sh-MuiTypography-root"
        >
          Payment History
        </h5>
        <p
          class="MuiTypography-root MuiTypography-body2 css-xtz2xu-MuiTypography-root"
        >
          1
           payment
           found
        </p>
      </div>
      <div
        class="MuiGrid-root MuiGrid-container MuiGrid-spacing-xs-2 css-12rc5ck-MuiGrid-root"
      >
        <div
          class="MuiGrid-root MuiGrid-item MuiGrid-grid-xs-12 MuiGrid-grid-sm-6 MuiGrid-grid-md-3 css-10voxkt-MuiGrid-root"
        >
          <div
            class="MuiFormControl-root MuiFormControl-fullWidth MuiTextField-root css-18hear-MuiFormControl-root-MuiTextField-root"
          >
            <div
              class="MuiInputBase-root MuiOutlinedInput-root MuiInputBase-colorPrimary MuiInputBase-fullWidth MuiInputBase-formControl MuiInputBase-sizeSmall MuiInputBase-adornedStart css-1cj7mpt-MuiInputBase-root-MuiOutlinedInput-root"
            >
              <div
                class="MuiInputAdornment-root MuiInputAdornment-positionStart MuiInputAdornment-outlined MuiInputAdornment-sizeSmall css-ittuaa-MuiInputAdornment-root"
              >
                <span
                  class="notranslate"
                >
                  ​
                </span>
                <svg
                  aria-hidden="true"
                  class="MuiSvgIcon-root MuiSvgIcon-fontSizeMedium css-i4bv87-MuiSvgIcon-root"
                  data-testid="SearchIcon"
                  focusable="false"
                  viewBox="0 0 24 24"
                >
                  <path
                    d="M15.5 14h-.79l-.28-.27C15.41 12.59 16 11.11 16 9.5 16 5.91 13.09 3 9.5 3S3 5.91 3 9.5 5.91 16 9.5 16c1.61 0 3.09-.59 4.23-1.57l.27.28v.79l5 4.99L20.49 19zm-6 0C7.01 14 5 11.99 5 9.5S7.01 5 9.5 5 14 7.01 14 9.5 11.99 14 9.5 14"
                  />
                </svg>
              </div>
              <input
                aria-invalid="false"
                class="MuiInputBase-input MuiOutlinedInput-input MuiInputBase-inputSizeSmall MuiInputBase-inputAdornedStart css-1ua80n0-MuiInputBase-input-MuiOutlinedInput-input"
                id=":rt:"
                placeholder="Search payments..."
                type="text"
                value=""
              />
              <fieldset
                aria-hidden="true"
                class="MuiOutlinedInput-notchedOutline css-r01yff-MuiNotchedOutlined-root-MuiOutlinedInput-notchedOutline"
              >
                <legend
                  class="css-1whs34k-MuiNotchedOutlined-root"
                >
                  <span
                    class="notranslate"
                  >
                    ​
                  </span>
                </legend>
              </fieldset>
            </div>
          </div>
        </div>
        <div
          class="MuiGrid-root MuiGrid-item MuiGrid-grid-xs-12 MuiGrid-grid-sm-6 MuiGrid-grid-md-3 css-10voxkt-MuiGrid-root"
        >
          <div
            class="MuiFormControl-root MuiFormControl-fullWidth css-q8hpuo-MuiFormControl-root"
          >
            <label
              class="MuiFormLabel-root MuiInputLabel-root MuiInputLabel-formControl MuiInputLabel-animated MuiInputLabel-shrink MuiInputLabel-sizeSmall MuiInputLabel-outlined MuiFormLabel-colorPrimary MuiFormLabel-filled MuiInputLabel-root MuiInputLabel-formControl MuiInputLabel-animated MuiInputLabel-shrink MuiInputLabel-sizeSmall MuiInputLabel-outlined css-fe0mau-MuiFormLabel-root-MuiInputLabel-root"
              data-shrink="true"
            >
              Status
            </label>
            <div
              class="MuiInputBase-root MuiOutlinedInput-root MuiInputBase-colorPrimary MuiInputBase-formControl MuiInputBase-sizeSmall css-13lg1x7-MuiInputBase-root-MuiOutlinedInput-root-MuiSelect-root"
            >
              <div
                aria-controls=":ru:"
                aria-expanded="false"
                aria-haspopup="listbox"
                class="MuiSelect-select MuiSelect-outlined MuiInputBase-input MuiOutlinedInput-input MuiInputBase-inputSizeSmall css-1fzjff4-MuiSelect-select-MuiInputBase-input-MuiOutlinedInput-input"
                role="combobox"
                tabindex="0"
              >
                All Statuses
              </div>
              <input
                aria-hidden="true"
                aria-invalid="false"
                class="MuiSelect-nativeInput css-yf8vq0-MuiSelect-nativeInput"
                tabindex="-1"
                value="all"
              />
              <svg
                aria-hidden="true"
                class="MuiSvgIcon-root MuiSvgIcon-fontSizeMedium MuiSelect-icon MuiSelect-iconOutlined css-hfutr2-MuiSvgIcon-root-MuiSelect-icon"
                data-testid="ArrowDropDownIcon"
                focusable="false"
                viewBox="0 0 24 24"
              >
                <path
                  d="M7 10l5 5 5-5z"
                />
              </svg>
              <fieldset
                aria-hidden="true"
   ...
   ❯ src/test/proposal.test.tsx > ProposalCard > renders proposal card for freelancer view
     → Found multiple elements with the text: Test Project

Here are the matching elements:

Ignored nodes: comments, script, style
<h6
  class="MuiTypography-root MuiTypography-h6 MuiTypography-gutterBottom css-1u1cxmu-MuiTypography-root"
>
  Test Project
</h6>

Ignored nodes: comments, script, style
<h6
  class="MuiTypography-root MuiTypography-h6 MuiTypography-gutterBottom css-1u1cxmu-MuiTypography-root"
>
  Test Project
</h6>

Ignored nodes: comments, script, style
<h6
  class="MuiTypography-root MuiTypography-h6 MuiTypography-gutterBottom css-1u1cxmu-MuiTypography-root"
>
  Test Project
</h6>

Ignored nodes: comments, script, style
<h6
  class="MuiTypography-root MuiTypography-h6 MuiTypography-gutterBottom css-1u1cxmu-MuiTypography-root"
>
  Test Project
</h6>

Ignored nodes: comments, script, style
<h6
  class="MuiTypography-root MuiTypography-h6 MuiTypography-gutterBottom css-pne570-MuiTypography-root"
>
  Test Project
</h6>

(If this is intentional, then use the `*AllBy*` variant of the query (like `queryAllByText`, `getAllByText`, or `findAllByText`)).

Ignored nodes: comments, script, style
<body
  style=""
>
  <div>
    <div
      class="MuiBox-root css-0"
    >
      <div
        class="MuiBox-root css-i3pbo"
      >
        <h5
          class="MuiTypography-root MuiTypography-h5 MuiTypography-gutterBottom css-1hkf4sh-MuiTypography-root"
        >
          Payment History
        </h5>
        <p
          class="MuiTypography-root MuiTypography-body2 css-xtz2xu-MuiTypography-root"
        >
          1
           payment
           found
        </p>
      </div>
      <div
        class="MuiGrid-root MuiGrid-container MuiGrid-spacing-xs-2 css-12rc5ck-MuiGrid-root"
      >
        <div
          class="MuiGrid-root MuiGrid-item MuiGrid-grid-xs-12 MuiGrid-grid-sm-6 MuiGrid-grid-md-3 css-10voxkt-MuiGrid-root"
        >
          <div
            class="MuiFormControl-root MuiFormControl-fullWidth MuiTextField-root css-18hear-MuiFormControl-root-MuiTextField-root"
          >
            <div
              class="MuiInputBase-root MuiOutlinedInput-root MuiInputBase-colorPrimary MuiInputBase-fullWidth MuiInputBase-formControl MuiInputBase-sizeSmall MuiInputBase-adornedStart css-1cj7mpt-MuiInputBase-root-MuiOutlinedInput-root"
            >
              <div
                class="MuiInputAdornment-root MuiInputAdornment-positionStart MuiInputAdornment-outlined MuiInputAdornment-sizeSmall css-ittuaa-MuiInputAdornment-root"
              >
                <span
                  class="notranslate"
                >
                  ​
                </span>
                <svg
                  aria-hidden="true"
                  class="MuiSvgIcon-root MuiSvgIcon-fontSizeMedium css-i4bv87-MuiSvgIcon-root"
                  data-testid="SearchIcon"
                  focusable="false"
                  viewBox="0 0 24 24"
                >
                  <path
                    d="M15.5 14h-.79l-.28-.27C15.41 12.59 16 11.11 16 9.5 16 5.91 13.09 3 9.5 3S3 5.91 3 9.5 5.91 16 9.5 16c1.61 0 3.09-.59 4.23-1.57l.27.28v.79l5 4.99L20.49 19zm-6 0C7.01 14 5 11.99 5 9.5S7.01 5 9.5 5 14 7.01 14 9.5 11.99 14 9.5 14"
                  />
                </svg>
              </div>
              <input
                aria-invalid="false"
                class="MuiInputBase-input MuiOutlinedInput-input MuiInputBase-inputSizeSmall MuiInputBase-inputAdornedStart css-1ua80n0-MuiInputBase-input-MuiOutlinedInput-input"
                id=":rt:"
                placeholder="Search payments..."
                type="text"
                value=""
              />
              <fieldset
                aria-hidden="true"
                class="MuiOutlinedInput-notchedOutline css-r01yff-MuiNotchedOutlined-root-MuiOutlinedInput-notchedOutline"
              >
                <legend
                  class="css-1whs34k-MuiNotchedOutlined-root"
                >
                  <span
                    class="notranslate"
                  >
                    ​
                  </span>
                </legend>
              </fieldset>
            </div>
          </div>
        </div>
        <div
          class="MuiGrid-root MuiGrid-item MuiGrid-grid-xs-12 MuiGrid-grid-sm-6 MuiGrid-grid-md-3 css-10voxkt-MuiGrid-root"
        >
          <div
            class="MuiFormControl-root MuiFormControl-fullWidth css-q8hpuo-MuiFormControl-root"
          >
            <label
              class="MuiFormLabel-root MuiInputLabel-root MuiInputLabel-formControl MuiInputLabel-animated MuiInputLabel-shrink MuiInputLabel-sizeSmall MuiInputLabel-outlined MuiFormLabel-colorPrimary MuiFormLabel-filled MuiInputLabel-root MuiInputLabel-formControl MuiInputLabel-animated MuiInputLabel-shrink MuiInputLabel-sizeSmall MuiInputLabel-outlined css-fe0mau-MuiFormLabel-root-MuiInputLabel-root"
              data-shrink="true"
            >
              Status
            </label>
            <div
              class="MuiInputBase-root MuiOutlinedInput-root MuiInputBase-colorPrimary MuiInputBase-formControl MuiInputBase-sizeSmall css-13lg1x7-MuiInputBase-root-MuiOutlinedInput-root-MuiSelect-root"
            >
              <div
                aria-controls=":ru:"
                aria-expanded="false"
                aria-haspopup="listbox"
                class="MuiSelect-select MuiSelect-outlined MuiInputBase-input MuiOutlinedInput-input MuiInputBase-inputSizeSmall css-1fzjff4-MuiSelect-select-MuiInputBase-input-MuiOutlinedInput-input"
                role="combobox"
                tabindex="0"
              >
                All Statuses
              </div>
              <input
                aria-hidden="true"
                aria-invalid="false"
                class="MuiSelect-nativeInput css-yf8vq0-MuiSelect-nativeInput"
                tabindex="-1"
                value="all"
              />
              <svg
                aria-hidden="true"
                class="MuiSvgIcon-root MuiSvgIcon-fontSizeMedium MuiSelect-icon MuiSelect-iconOutlined css-hfutr2-MuiSvgIcon-root-MuiSelect-icon"
                data-testid="ArrowDropDownIcon"
                focusable="false"
                viewBox="0 0 24 24"
              >
                <path
                  d="M7 10l5 5 5-5z"
                />
              </svg>
              <fieldset
                aria-hidden="true"
   ...
   ❯ src/test/proposal.test.tsx > ProposalCard > shows milestones preview
     → Found multiple elements with the text: 2 milestones

Here are the matching elements:

Ignored nodes: comments, script, style
<p
  class="MuiTypography-root MuiTypography-body2 MuiTypography-gutterBottom css-141jttu-MuiTypography-root"
>
  2
   milestone
  s
</p>

Ignored nodes: comments, script, style
<p
  class="MuiTypography-root MuiTypography-body2 MuiTypography-gutterBottom css-141jttu-MuiTypography-root"
>
  2
   milestone
  s
</p>

Ignored nodes: comments, script, style
<p
  class="MuiTypography-root MuiTypography-body2 MuiTypography-gutterBottom css-141jttu-MuiTypography-root"
>
  2
   milestone
  s
</p>

(If this is intentional, then use the `*AllBy*` variant of the query (like `queryAllByText`, `getAllByText`, or `findAllByText`)).

Ignored nodes: comments, script, style
<body
  style=""
>
  <div>
    <div
      class="MuiBox-root css-0"
    >
      <div
        class="MuiBox-root css-i3pbo"
      >
        <h5
          class="MuiTypography-root MuiTypography-h5 MuiTypography-gutterBottom css-1hkf4sh-MuiTypography-root"
        >
          Payment History
        </h5>
        <p
          class="MuiTypography-root MuiTypography-body2 css-xtz2xu-MuiTypography-root"
        >
          1
           payment
           found
        </p>
      </div>
      <div
        class="MuiGrid-root MuiGrid-container MuiGrid-spacing-xs-2 css-12rc5ck-MuiGrid-root"
      >
        <div
          class="MuiGrid-root MuiGrid-item MuiGrid-grid-xs-12 MuiGrid-grid-sm-6 MuiGrid-grid-md-3 css-10voxkt-MuiGrid-root"
        >
          <div
            class="MuiFormControl-root MuiFormControl-fullWidth MuiTextField-root css-18hear-MuiFormControl-root-MuiTextField-root"
          >
            <div
              class="MuiInputBase-root MuiOutlinedInput-root MuiInputBase-colorPrimary MuiInputBase-fullWidth MuiInputBase-formControl MuiInputBase-sizeSmall MuiInputBase-adornedStart css-1cj7mpt-MuiInputBase-root-MuiOutlinedInput-root"
            >
              <div
                class="MuiInputAdornment-root MuiInputAdornment-positionStart MuiInputAdornment-outlined MuiInputAdornment-sizeSmall css-ittuaa-MuiInputAdornment-root"
              >
                <span
                  class="notranslate"
                >
                  ​
                </span>
                <svg
                  aria-hidden="true"
                  class="MuiSvgIcon-root MuiSvgIcon-fontSizeMedium css-i4bv87-MuiSvgIcon-root"
                  data-testid="SearchIcon"
                  focusable="false"
                  viewBox="0 0 24 24"
                >
                  <path
                    d="M15.5 14h-.79l-.28-.27C15.41 12.59 16 11.11 16 9.5 16 5.91 13.09 3 9.5 3S3 5.91 3 9.5 5.91 16 9.5 16c1.61 0 3.09-.59 4.23-1.57l.27.28v.79l5 4.99L20.49 19zm-6 0C7.01 14 5 11.99 5 9.5S7.01 5 9.5 5 14 7.01 14 9.5 11.99 14 9.5 14"
                  />
                </svg>
              </div>
              <input
                aria-invalid="false"
                class="MuiInputBase-input MuiOutlinedInput-input MuiInputBase-inputSizeSmall MuiInputBase-inputAdornedStart css-1ua80n0-MuiInputBase-input-MuiOutlinedInput-input"
                id=":rt:"
                placeholder="Search payments..."
                type="text"
                value=""
              />
              <fieldset
                aria-hidden="true"
                class="MuiOutlinedInput-notchedOutline css-r01yff-MuiNotchedOutlined-root-MuiOutlinedInput-notchedOutline"
              >
                <legend
                  class="css-1whs34k-MuiNotchedOutlined-root"
                >
                  <span
                    class="notranslate"
                  >
                    ​
                  </span>
                </legend>
              </fieldset>
            </div>
          </div>
        </div>
        <div
          class="MuiGrid-root MuiGrid-item MuiGrid-grid-xs-12 MuiGrid-grid-sm-6 MuiGrid-grid-md-3 css-10voxkt-MuiGrid-root"
        >
          <div
            class="MuiFormControl-root MuiFormControl-fullWidth css-q8hpuo-MuiFormControl-root"
          >
            <label
              class="MuiFormLabel-root MuiInputLabel-root MuiInputLabel-formControl MuiInputLabel-animated MuiInputLabel-shrink MuiInputLabel-sizeSmall MuiInputLabel-outlined MuiFormLabel-colorPrimary MuiFormLabel-filled MuiInputLabel-root MuiInputLabel-formControl MuiInputLabel-animated MuiInputLabel-shrink MuiInputLabel-sizeSmall MuiInputLabel-outlined css-fe0mau-MuiFormLabel-root-MuiInputLabel-root"
              data-shrink="true"
            >
              Status
            </label>
            <div
              class="MuiInputBase-root MuiOutlinedInput-root MuiInputBase-colorPrimary MuiInputBase-formControl MuiInputBase-sizeSmall css-13lg1x7-MuiInputBase-root-MuiOutlinedInput-root-MuiSelect-root"
            >
              <div
                aria-controls=":ru:"
                aria-expanded="false"
                aria-haspopup="listbox"
                class="MuiSelect-select MuiSelect-outlined MuiInputBase-input MuiOutlinedInput-input MuiInputBase-inputSizeSmall css-1fzjff4-MuiSelect-select-MuiInputBase-input-MuiOutlinedInput-input"
                role="combobox"
                tabindex="0"
              >
                All Statuses
              </div>
              <input
                aria-hidden="true"
                aria-invalid="false"
                class="MuiSelect-nativeInput css-yf8vq0-MuiSelect-nativeInput"
                tabindex="-1"
                value="all"
              />
              <svg
                aria-hidden="true"
                class="MuiSvgIcon-root MuiSvgIcon-fontSizeMedium MuiSelect-icon MuiSelect-iconOutlined css-hfutr2-MuiSvgIcon-root-MuiSelect-icon"
                data-testid="ArrowDropDownIcon"
                focusable="false"
                viewBox="0 0 24 24"
              >
                <path
                  d="M7 10l5 5 5-5z"
                />
              </svg>
              <fieldset
                aria-hidden="true"
   ...
   ❯ src/test/proposal.test.tsx > ProposalCard > calls action handlers
     → Found multiple elements with the text: Accept

Here are the matching elements:

Ignored nodes: comments, script, style
<button
  class="MuiButtonBase-root MuiButton-root MuiButton-contained MuiButton-containedPrimary MuiButton-sizeSmall MuiButton-containedSizeSmall MuiButton-colorPrimary MuiButton-root MuiButton-contained MuiButton-containedPrimary MuiButton-sizeSmall MuiButton-containedSizeSmall MuiButton-colorPrimary css-1wl839p-MuiButtonBase-root-MuiButton-root"
  tabindex="0"
  type="button"
>
  Accept
  <span
    class="MuiTouchRipple-root css-8je8zh-MuiTouchRipple-root"
  />
</button>

Ignored nodes: comments, script, style
<button
  class="MuiButtonBase-root MuiButton-root MuiButton-contained MuiButton-containedPrimary MuiButton-sizeSmall MuiButton-containedSizeSmall MuiButton-colorPrimary MuiButton-root MuiButton-contained MuiButton-containedPrimary MuiButton-sizeSmall MuiButton-containedSizeSmall MuiButton-colorPrimary css-1wl839p-MuiButtonBase-root-MuiButton-root"
  tabindex="0"
  type="button"
>
  Accept
  <span
    class="MuiTouchRipple-root css-8je8zh-MuiTouchRipple-root"
  />
</button>

Ignored nodes: comments, script, style
<button
  class="MuiButtonBase-root MuiButton-root MuiButton-contained MuiButton-containedPrimary MuiButton-sizeSmall MuiButton-containedSizeSmall MuiButton-colorPrimary MuiButton-root MuiButton-contained MuiButton-containedPrimary MuiButton-sizeSmall MuiButton-containedSizeSmall MuiButton-colorPrimary css-1wl839p-MuiButtonBase-root-MuiButton-root"
  tabindex="0"
  type="button"
>
  Accept
  <span
    class="MuiTouchRipple-root css-8je8zh-MuiTouchRipple-root"
  />
</button>

(If this is intentional, then use the `*AllBy*` variant of the query (like `queryAllByText`, `getAllByText`, or `findAllByText`)).

Ignored nodes: comments, script, style
<body
  style=""
>
  <div>
    <div
      class="MuiBox-root css-0"
    >
      <div
        class="MuiBox-root css-i3pbo"
      >
        <h5
          class="MuiTypography-root MuiTypography-h5 MuiTypography-gutterBottom css-1hkf4sh-MuiTypography-root"
        >
          Payment History
        </h5>
        <p
          class="MuiTypography-root MuiTypography-body2 css-xtz2xu-MuiTypography-root"
        >
          1
           payment
           found
        </p>
      </div>
      <div
        class="MuiGrid-root MuiGrid-container MuiGrid-spacing-xs-2 css-12rc5ck-MuiGrid-root"
      >
        <div
          class="MuiGrid-root MuiGrid-item MuiGrid-grid-xs-12 MuiGrid-grid-sm-6 MuiGrid-grid-md-3 css-10voxkt-MuiGrid-root"
        >
          <div
            class="MuiFormControl-root MuiFormControl-fullWidth MuiTextField-root css-18hear-MuiFormControl-root-MuiTextField-root"
          >
            <div
              class="MuiInputBase-root MuiOutlinedInput-root MuiInputBase-colorPrimary MuiInputBase-fullWidth MuiInputBase-formControl MuiInputBase-sizeSmall MuiInputBase-adornedStart css-1cj7mpt-MuiInputBase-root-MuiOutlinedInput-root"
            >
              <div
                class="MuiInputAdornment-root MuiInputAdornment-positionStart MuiInputAdornment-outlined MuiInputAdornment-sizeSmall css-ittuaa-MuiInputAdornment-root"
              >
                <span
                  class="notranslate"
                >
                  ​
                </span>
                <svg
                  aria-hidden="true"
                  class="MuiSvgIcon-root MuiSvgIcon-fontSizeMedium css-i4bv87-MuiSvgIcon-root"
                  data-testid="SearchIcon"
                  focusable="false"
                  viewBox="0 0 24 24"
                >
                  <path
                    d="M15.5 14h-.79l-.28-.27C15.41 12.59 16 11.11 16 9.5 16 5.91 13.09 3 9.5 3S3 5.91 3 9.5 5.91 16 9.5 16c1.61 0 3.09-.59 4.23-1.57l.27.28v.79l5 4.99L20.49 19zm-6 0C7.01 14 5 11.99 5 9.5S7.01 5 9.5 5 14 7.01 14 9.5 11.99 14 9.5 14"
                  />
                </svg>
              </div>
              <input
                aria-invalid="false"
                class="MuiInputBase-input MuiOutlinedInput-input MuiInputBase-inputSizeSmall MuiInputBase-inputAdornedStart css-1ua80n0-MuiInputBase-input-MuiOutlinedInput-input"
                id=":rt:"
                placeholder="Search payments..."
                type="text"
                value=""
              />
              <fieldset
                aria-hidden="true"
                class="MuiOutlinedInput-notchedOutline css-r01yff-MuiNotchedOutlined-root-MuiOutlinedInput-notchedOutline"
              >
                <legend
                  class="css-1whs34k-MuiNotchedOutlined-root"
                >
                  <span
                    class="notranslate"
                  >
                    ​
                  </span>
                </legend>
              </fieldset>
            </div>
          </div>
        </div>
        <div
          class="MuiGrid-root MuiGrid-item MuiGrid-grid-xs-12 MuiGrid-grid-sm-6 MuiGrid-grid-md-3 css-10voxkt-MuiGrid-root"
        >
          <div
            class="MuiFormControl-root MuiFormControl-fullWidth css-q8hpuo-MuiFormControl-root"
          >
            <label
              class="MuiFormLabel-root MuiInputLabel-root MuiInputLabel-formControl MuiInputLabel-animated MuiInputLabel-shrink MuiInputLabel-sizeSmall MuiInputLabel-outlined MuiFormLabel-colorPrimary MuiFormLabel-filled MuiInputLabel-root MuiInputLabel-formControl MuiInputLabel-animated MuiInputLabel-shrink MuiInputLabel-sizeSmall MuiInputLabel-outlined css-fe0mau-MuiFormLabel-root-MuiInputLabel-root"
              data-shrink="true"
            >
              Status
            </label>
            <div
              class="MuiInputBase-root MuiOutlinedInput-root MuiInputBase-colorPrimary MuiInputBase-formControl MuiInputBase-sizeSmall css-13lg1x7-MuiInputBase-root-MuiOutlinedInput-root-MuiSelect-root"
            >
              <div
                aria-controls=":ru:"
                aria-expanded="false"
                aria-haspopup="listbox"
                class="MuiSelect-select MuiSelect-outlined MuiInputBase-input MuiOutlinedInput-input MuiInputBase-inputSizeSmall css-1fzjff4-MuiSelect-select-MuiInputBase-input-MuiOutlinedInput-input"
                role="combobox"
                tabindex="0"
              >
                All Statuses
              </div>
              <input
                aria-hidden="true"
                aria-invalid="false"
                class="MuiSelect-nativeInput css-yf8vq0-MuiSelect-nativeInput"
                tabindex="-1"
                value="all"
              />
              <svg
                aria-hidden="true"
                class="MuiSvgIcon-root MuiSvgIcon-fontSizeMedium MuiSelect-icon MuiSelect-iconOutlined css-hfutr2-MuiSvgIcon-root-MuiSelect-icon"
                data-testid="ArrowDropDownIcon"
                focusable="false"
                viewBox="0 0 24 24"
              >
                <path
                  d="M7 10l5 5 5-5z"
                />
              </svg>
              <fieldset
                aria-hidden="true"
   ...
   ❯ src/test/proposal.test.tsx > ProposalList > renders proposal list for client
     → Unable to find an element with the text: Project Proposals. This could be because the text is broken up by multiple elements. In this case, you can provide a function for your text matcher to make your matcher more flexible.

Ignored nodes: comments, script, style
<body
  style=""
>
  <div>
    <div
      class="MuiBox-root css-0"
    >
      <div
        class="MuiBox-root css-i3pbo"
      >
        <h5
          class="MuiTypography-root MuiTypography-h5 MuiTypography-gutterBottom css-1hkf4sh-MuiTypography-root"
        >
          Payment History
        </h5>
        <p
          class="MuiTypography-root MuiTypography-body2 css-xtz2xu-MuiTypography-root"
        >
          1
           payment
           found
        </p>
      </div>
      <div
        class="MuiGrid-root MuiGrid-container MuiGrid-spacing-xs-2 css-12rc5ck-MuiGrid-root"
      >
        <div
          class="MuiGrid-root MuiGrid-item MuiGrid-grid-xs-12 MuiGrid-grid-sm-6 MuiGrid-grid-md-3 css-10voxkt-MuiGrid-root"
        >
          <div
            class="MuiFormControl-root MuiFormControl-fullWidth MuiTextField-root css-18hear-MuiFormControl-root-MuiTextField-root"
          >
            <div
              class="MuiInputBase-root MuiOutlinedInput-root MuiInputBase-colorPrimary MuiInputBase-fullWidth MuiInputBase-formControl MuiInputBase-sizeSmall MuiInputBase-adornedStart css-1cj7mpt-MuiInputBase-root-MuiOutlinedInput-root"
            >
              <div
                class="MuiInputAdornment-root MuiInputAdornment-positionStart MuiInputAdornment-outlined MuiInputAdornment-sizeSmall css-ittuaa-MuiInputAdornment-root"
              >
                <span
                  class="notranslate"
                >
                  ​
                </span>
                <svg
                  aria-hidden="true"
                  class="MuiSvgIcon-root MuiSvgIcon-fontSizeMedium css-i4bv87-MuiSvgIcon-root"
                  data-testid="SearchIcon"
                  focusable="false"
                  viewBox="0 0 24 24"
                >
                  <path
                    d="M15.5 14h-.79l-.28-.27C15.41 12.59 16 11.11 16 9.5 16 5.91 13.09 3 9.5 3S3 5.91 3 9.5 5.91 16 9.5 16c1.61 0 3.09-.59 4.23-1.57l.27.28v.79l5 4.99L20.49 19zm-6 0C7.01 14 5 11.99 5 9.5S7.01 5 9.5 5 14 7.01 14 9.5 11.99 14 9.5 14"
                  />
                </svg>
              </div>
              <input
                aria-invalid="false"
                class="MuiInputBase-input MuiOutlinedInput-input MuiInputBase-inputSizeSmall MuiInputBase-inputAdornedStart css-1ua80n0-MuiInputBase-input-MuiOutlinedInput-input"
                id=":rt:"
                placeholder="Search payments..."
                type="text"
                value=""
              />
              <fieldset
                aria-hidden="true"
                class="MuiOutlinedInput-notchedOutline css-r01yff-MuiNotchedOutlined-root-MuiOutlinedInput-notchedOutline"
              >
                <legend
                  class="css-1whs34k-MuiNotchedOutlined-root"
                >
                  <span
                    class="notranslate"
                  >
                    ​
                  </span>
                </legend>
              </fieldset>
            </div>
          </div>
        </div>
        <div
          class="MuiGrid-root MuiGrid-item MuiGrid-grid-xs-12 MuiGrid-grid-sm-6 MuiGrid-grid-md-3 css-10voxkt-MuiGrid-root"
        >
          <div
            class="MuiFormControl-root MuiFormControl-fullWidth css-q8hpuo-MuiFormControl-root"
          >
            <label
              class="MuiFormLabel-root MuiInputLabel-root MuiInputLabel-formControl MuiInputLabel-animated MuiInputLabel-shrink MuiInputLabel-sizeSmall MuiInputLabel-outlined MuiFormLabel-colorPrimary MuiFormLabel-filled MuiInputLabel-root MuiInputLabel-formControl MuiInputLabel-animated MuiInputLabel-shrink MuiInputLabel-sizeSmall MuiInputLabel-outlined css-fe0mau-MuiFormLabel-root-MuiInputLabel-root"
              data-shrink="true"
            >
              Status
            </label>
            <div
              class="MuiInputBase-root MuiOutlinedInput-root MuiInputBase-colorPrimary MuiInputBase-formControl MuiInputBase-sizeSmall css-13lg1x7-MuiInputBase-root-MuiOutlinedInput-root-MuiSelect-root"
            >
              <div
                aria-controls=":ru:"
                aria-expanded="false"
                aria-haspopup="listbox"
                class="MuiSelect-select MuiSelect-outlined MuiInputBase-input MuiOutlinedInput-input MuiInputBase-inputSizeSmall css-1fzjff4-MuiSelect-select-MuiInputBase-input-MuiOutlinedInput-input"
                role="combobox"
                tabindex="0"
              >
                All Statuses
              </div>
              <input
                aria-hidden="true"
                aria-invalid="false"
                class="MuiSelect-nativeInput css-yf8vq0-MuiSelect-nativeInput"
                tabindex="-1"
                value="all"
              />
              <svg
                aria-hidden="true"
                class="MuiSvgIcon-root MuiSvgIcon-fontSizeMedium MuiSelect-icon MuiSelect-iconOutlined css-hfutr2-MuiSvgIcon-root-MuiSelect-icon"
                data-testid="ArrowDropDownIcon"
                focusable="false"
                viewBox="0 0 24 24"
              >
                <path
                  d="M7 10l5 5 5-5z"
                />
              </svg>
              <fieldset
                aria-hidden="true"
   ...

Ignored nodes: comments, script, style
<html>
  <head />
  <body
    style=""
  >
    <div>
      <div
        class="MuiBox-root css-0"
      >
        <div
          class="MuiBox-root css-i3pbo"
        >
          <h5
            class="MuiTypography-root MuiTypography-h5 MuiTypography-gutterBottom css-1hkf4sh-MuiTypography-root"
          >
            Payment History
          </h5>
          <p
            class="MuiTypography-root MuiTypography-body2 css-xtz2xu-MuiTypography-root"
          >
            1
             payment
             found
          </p>
        </div>
        <div
          class="MuiGrid-root MuiGrid-container MuiGrid-spacing-xs-2 css-12rc5ck-MuiGrid-root"
        >
          <div
            class="MuiGrid-root MuiGrid-item MuiGrid-grid-xs-12 MuiGrid-grid-sm-6 MuiGrid-grid-md-3 css-10voxkt-MuiGrid-root"
          >
            <div
              class="MuiFormControl-root MuiFormControl-fullWidth MuiTextField-root css-18hear-MuiFormControl-root-MuiTextField-root"
            >
              <div
                class="MuiInputBase-root MuiOutlinedInput-root MuiInputBase-colorPrimary MuiInputBase-fullWidth MuiInputBase-formControl MuiInputBase-sizeSmall MuiInputBase-adornedStart css-1cj7mpt-MuiInputBase-root-MuiOutlinedInput-root"
              >
                <div
                  class="MuiInputAdornment-root MuiInputAdornment-positionStart MuiInputAdornment-outlined MuiInputAdornment-sizeSmall css-ittuaa-MuiInputAdornment-root"
                >
                  <span
                    class="notranslate"
                  >
                    ​
                  </span>
                  <svg
                    aria-hidden="true"
                    class="MuiSvgIcon-root MuiSvgIcon-fontSizeMedium css-i4bv87-MuiSvgIcon-root"
                    data-testid="SearchIcon"
                    focusable="false"
                    viewBox="0 0 24 24"
                  >
                    <path
                      d="M15.5 14h-.79l-.28-.27C15.41 12.59 16 11.11 16 9.5 16 5.91 13.09 3 9.5 3S3 5.91 3 9.5 5.91 16 9.5 16c1.61 0 3.09-.59 4.23-1.57l.27.28v.79l5 4.99L20.49 19zm-6 0C7.01 14 5 11.99 5 9.5S7.01 5 9.5 5 14 7.01 14 9.5 11.99 14 9.5 14"
                    />
                  </svg>
                </div>
                <input
                  aria-invalid="false"
                  class="MuiInputBase-input MuiOutlinedInput-input MuiInputBase-inputSizeSmall MuiInputBase-inputAdornedStart css-1ua80n0-MuiInputBase-input-MuiOutlinedInput-input"
                  id=":rt:"
                  placeholder="Search payments..."
                  type="text"
                  value=""
                />
                <fieldset
                  aria-hidden="true"
                  class="MuiOutlinedInput-notchedOutline css-r01yff-MuiNotchedOutlined-root-MuiOutlinedInput-notchedOutline"
                >
                  <legend
                    class="css-1whs34k-MuiNotchedOutlined-root"
                  >
                    <span
                      class="notranslate"
                    >
                      ​
                    </span>
                  </legend>
                </fieldset>
              </div>
            </div>
          </div>
          <div
            class="MuiGrid-root MuiGrid-item MuiGrid-grid-xs-12 MuiGrid-grid-sm-6 MuiGrid-grid-md-3 css-10voxkt-MuiGrid-root"
          >
            <div
              class="MuiFormControl-root MuiFormControl-fullWidth css-q8hpuo-MuiFormControl-root"
            >
              <label
                class="MuiFormLabel-root MuiInputLabel-root MuiInputLabel-formControl MuiInputLabel-animated MuiInputLabel-shrink MuiInputLabel-sizeSmall MuiInputLabel-outlined MuiFormLabel-colorPrimary MuiFormLabel-filled MuiInputLabel-root MuiInputLabel-formControl MuiInputLabel-animated MuiInputLabel-shrink MuiInputLabel-sizeSmall MuiInputLabel-outlined css-fe0mau-MuiFormLabel-root-MuiInputLabel-root"
                data-shrink="true"
              >
                Status
              </label>
              <div
                class="MuiInputBase-root MuiOutlinedInput-root MuiInputBase-colorPrimary MuiInputBase-formControl MuiInputBase-sizeSmall css-13lg1x7-MuiInputBase-root-MuiOutlinedInput-root-MuiSelect-root"
              >
                <div
                  aria-controls=":ru:"
                  aria-expanded="false"
                  aria-haspopup="listbox"
                  class="MuiSelect-select MuiSelect-outlined MuiInputBase-input MuiOutlinedInput-input MuiInputBase-inputSizeSmall css-1fzjff4-MuiSelect-select-MuiInputBase-input-MuiOutlinedInput-input"
                  role="combobox"
                  tabindex="0"
                >
                  All Statuses
                </div>
                <input
                  aria-hidden="true"
                  aria-invalid="false"
                  class="MuiSelect-nativeInput css-yf8vq0-MuiSelect-nativeInput"
                  tabindex="-1"
                  value="all"
                />
                <svg
                  aria-hidden="true"
                  class="MuiSvgIcon-root MuiSvgIcon-fontSizeMedium MuiSelect-icon MuiSelect-iconOutlined css-hfutr2-MuiSvgIcon-root-MuiSelect-icon"
                  data-testid="ArrowDropDownIcon"
                  focusable="false"
                  viewBox="0 0 24 24...
   ❯ src/test/proposal.test.tsx > ProposalList > renders proposal list for freelancer
     → Unable to find an element with the text: My Proposals. This could be because the text is broken up by multiple elements. In this case, you can provide a function for your text matcher to make your matcher more flexible.

Ignored nodes: comments, script, style
<body
  style=""
>
  <div>
    <div
      class="MuiBox-root css-0"
    >
      <div
        class="MuiBox-root css-i3pbo"
      >
        <h5
          class="MuiTypography-root MuiTypography-h5 MuiTypography-gutterBottom css-1hkf4sh-MuiTypography-root"
        >
          Payment History
        </h5>
        <p
          class="MuiTypography-root MuiTypography-body2 css-xtz2xu-MuiTypography-root"
        >
          1
           payment
           found
        </p>
      </div>
      <div
        class="MuiGrid-root MuiGrid-container MuiGrid-spacing-xs-2 css-12rc5ck-MuiGrid-root"
      >
        <div
          class="MuiGrid-root MuiGrid-item MuiGrid-grid-xs-12 MuiGrid-grid-sm-6 MuiGrid-grid-md-3 css-10voxkt-MuiGrid-root"
        >
          <div
            class="MuiFormControl-root MuiFormControl-fullWidth MuiTextField-root css-18hear-MuiFormControl-root-MuiTextField-root"
          >
            <div
              class="MuiInputBase-root MuiOutlinedInput-root MuiInputBase-colorPrimary MuiInputBase-fullWidth MuiInputBase-formControl MuiInputBase-sizeSmall MuiInputBase-adornedStart css-1cj7mpt-MuiInputBase-root-MuiOutlinedInput-root"
            >
              <div
                class="MuiInputAdornment-root MuiInputAdornment-positionStart MuiInputAdornment-outlined MuiInputAdornment-sizeSmall css-ittuaa-MuiInputAdornment-root"
              >
                <span
                  class="notranslate"
                >
                  ​
                </span>
                <svg
                  aria-hidden="true"
                  class="MuiSvgIcon-root MuiSvgIcon-fontSizeMedium css-i4bv87-MuiSvgIcon-root"
                  data-testid="SearchIcon"
                  focusable="false"
                  viewBox="0 0 24 24"
                >
                  <path
                    d="M15.5 14h-.79l-.28-.27C15.41 12.59 16 11.11 16 9.5 16 5.91 13.09 3 9.5 3S3 5.91 3 9.5 5.91 16 9.5 16c1.61 0 3.09-.59 4.23-1.57l.27.28v.79l5 4.99L20.49 19zm-6 0C7.01 14 5 11.99 5 9.5S7.01 5 9.5 5 14 7.01 14 9.5 11.99 14 9.5 14"
                  />
                </svg>
              </div>
              <input
                aria-invalid="false"
                class="MuiInputBase-input MuiOutlinedInput-input MuiInputBase-inputSizeSmall MuiInputBase-inputAdornedStart css-1ua80n0-MuiInputBase-input-MuiOutlinedInput-input"
                id=":rt:"
                placeholder="Search payments..."
                type="text"
                value=""
              />
              <fieldset
                aria-hidden="true"
                class="MuiOutlinedInput-notchedOutline css-r01yff-MuiNotchedOutlined-root-MuiOutlinedInput-notchedOutline"
              >
                <legend
                  class="css-1whs34k-MuiNotchedOutlined-root"
                >
                  <span
                    class="notranslate"
                  >
                    ​
                  </span>
                </legend>
              </fieldset>
            </div>
          </div>
        </div>
        <div
          class="MuiGrid-root MuiGrid-item MuiGrid-grid-xs-12 MuiGrid-grid-sm-6 MuiGrid-grid-md-3 css-10voxkt-MuiGrid-root"
        >
          <div
            class="MuiFormControl-root MuiFormControl-fullWidth css-q8hpuo-MuiFormControl-root"
          >
            <label
              class="MuiFormLabel-root MuiInputLabel-root MuiInputLabel-formControl MuiInputLabel-animated MuiInputLabel-shrink MuiInputLabel-sizeSmall MuiInputLabel-outlined MuiFormLabel-colorPrimary MuiFormLabel-filled MuiInputLabel-root MuiInputLabel-formControl MuiInputLabel-animated MuiInputLabel-shrink MuiInputLabel-sizeSmall MuiInputLabel-outlined css-fe0mau-MuiFormLabel-root-MuiInputLabel-root"
              data-shrink="true"
            >
              Status
            </label>
            <div
              class="MuiInputBase-root MuiOutlinedInput-root MuiInputBase-colorPrimary MuiInputBase-formControl MuiInputBase-sizeSmall css-13lg1x7-MuiInputBase-root-MuiOutlinedInput-root-MuiSelect-root"
            >
              <div
                aria-controls=":ru:"
                aria-expanded="false"
                aria-haspopup="listbox"
                class="MuiSelect-select MuiSelect-outlined MuiInputBase-input MuiOutlinedInput-input MuiInputBase-inputSizeSmall css-1fzjff4-MuiSelect-select-MuiInputBase-input-MuiOutlinedInput-input"
                role="combobox"
                tabindex="0"
              >
                All Statuses
              </div>
              <input
                aria-hidden="true"
                aria-invalid="false"
                class="MuiSelect-nativeInput css-yf8vq0-MuiSelect-nativeInput"
                tabindex="-1"
                value="all"
              />
              <svg
                aria-hidden="true"
                class="MuiSvgIcon-root MuiSvgIcon-fontSizeMedium MuiSelect-icon MuiSelect-iconOutlined css-hfutr2-MuiSvgIcon-root-MuiSelect-icon"
                data-testid="ArrowDropDownIcon"
                focusable="false"
                viewBox="0 0 24 24"
              >
                <path
                  d="M7 10l5 5 5-5z"
                />
              </svg>
              <fieldset
                aria-hidden="true"
   ...

Ignored nodes: comments, script, style
<html>
  <head />
  <body
    style=""
  >
    <div>
      <div
        class="MuiBox-root css-0"
      >
        <div
          class="MuiBox-root css-i3pbo"
        >
          <h5
            class="MuiTypography-root MuiTypography-h5 MuiTypography-gutterBottom css-1hkf4sh-MuiTypography-root"
          >
            Payment History
          </h5>
          <p
            class="MuiTypography-root MuiTypography-body2 css-xtz2xu-MuiTypography-root"
          >
            1
             payment
             found
          </p>
        </div>
        <div
          class="MuiGrid-root MuiGrid-container MuiGrid-spacing-xs-2 css-12rc5ck-MuiGrid-root"
        >
          <div
            class="MuiGrid-root MuiGrid-item MuiGrid-grid-xs-12 MuiGrid-grid-sm-6 MuiGrid-grid-md-3 css-10voxkt-MuiGrid-root"
          >
            <div
              class="MuiFormControl-root MuiFormControl-fullWidth MuiTextField-root css-18hear-MuiFormControl-root-MuiTextField-root"
            >
              <div
                class="MuiInputBase-root MuiOutlinedInput-root MuiInputBase-colorPrimary MuiInputBase-fullWidth MuiInputBase-formControl MuiInputBase-sizeSmall MuiInputBase-adornedStart css-1cj7mpt-MuiInputBase-root-MuiOutlinedInput-root"
              >
                <div
                  class="MuiInputAdornment-root MuiInputAdornment-positionStart MuiInputAdornment-outlined MuiInputAdornment-sizeSmall css-ittuaa-MuiInputAdornment-root"
                >
                  <span
                    class="notranslate"
                  >
                    ​
                  </span>
                  <svg
                    aria-hidden="true"
                    class="MuiSvgIcon-root MuiSvgIcon-fontSizeMedium css-i4bv87-MuiSvgIcon-root"
                    data-testid="SearchIcon"
                    focusable="false"
                    viewBox="0 0 24 24"
                  >
                    <path
                      d="M15.5 14h-.79l-.28-.27C15.41 12.59 16 11.11 16 9.5 16 5.91 13.09 3 9.5 3S3 5.91 3 9.5 5.91 16 9.5 16c1.61 0 3.09-.59 4.23-1.57l.27.28v.79l5 4.99L20.49 19zm-6 0C7.01 14 5 11.99 5 9.5S7.01 5 9.5 5 14 7.01 14 9.5 11.99 14 9.5 14"
                    />
                  </svg>
                </div>
                <input
                  aria-invalid="false"
                  class="MuiInputBase-input MuiOutlinedInput-input MuiInputBase-inputSizeSmall MuiInputBase-inputAdornedStart css-1ua80n0-MuiInputBase-input-MuiOutlinedInput-input"
                  id=":rt:"
                  placeholder="Search payments..."
                  type="text"
                  value=""
                />
                <fieldset
                  aria-hidden="true"
                  class="MuiOutlinedInput-notchedOutline css-r01yff-MuiNotchedOutlined-root-MuiOutlinedInput-notchedOutline"
                >
                  <legend
                    class="css-1whs34k-MuiNotchedOutlined-root"
                  >
                    <span
                      class="notranslate"
                    >
                      ​
                    </span>
                  </legend>
                </fieldset>
              </div>
            </div>
          </div>
          <div
            class="MuiGrid-root MuiGrid-item MuiGrid-grid-xs-12 MuiGrid-grid-sm-6 MuiGrid-grid-md-3 css-10voxkt-MuiGrid-root"
          >
            <div
              class="MuiFormControl-root MuiFormControl-fullWidth css-q8hpuo-MuiFormControl-root"
            >
              <label
                class="MuiFormLabel-root MuiInputLabel-root MuiInputLabel-formControl MuiInputLabel-animated MuiInputLabel-shrink MuiInputLabel-sizeSmall MuiInputLabel-outlined MuiFormLabel-colorPrimary MuiFormLabel-filled MuiInputLabel-root MuiInputLabel-formControl MuiInputLabel-animated MuiInputLabel-shrink MuiInputLabel-sizeSmall MuiInputLabel-outlined css-fe0mau-MuiFormLabel-root-MuiInputLabel-root"
                data-shrink="true"
              >
                Status
              </label>
              <div
                class="MuiInputBase-root MuiOutlinedInput-root MuiInputBase-colorPrimary MuiInputBase-formControl MuiInputBase-sizeSmall css-13lg1x7-MuiInputBase-root-MuiOutlinedInput-root-MuiSelect-root"
              >
                <div
                  aria-controls=":ru:"
                  aria-expanded="false"
                  aria-haspopup="listbox"
                  class="MuiSelect-select MuiSelect-outlined MuiInputBase-input MuiOutlinedInput-input MuiInputBase-inputSizeSmall css-1fzjff4-MuiSelect-select-MuiInputBase-input-MuiOutlinedInput-input"
                  role="combobox"
                  tabindex="0"
                >
                  All Statuses
                </div>
                <input
                  aria-hidden="true"
                  aria-invalid="false"
                  class="MuiSelect-nativeInput css-yf8vq0-MuiSelect-nativeInput"
                  tabindex="-1"
                  value="all"
                />
                <svg
                  aria-hidden="true"
                  class="MuiSvgIcon-root MuiSvgIcon-fontSizeMedium MuiSelect-icon MuiSelect-iconOutlined css-hfutr2-MuiSvgIcon-root-MuiSelect-icon"
                  data-testid="ArrowDropDownIcon"
                  focusable="false"
                  viewBox="0 0 24 24...
   ❯ src/test/proposal.test.tsx > ProposalList > filters proposals by status
     → Found a label with the text of: Status, however no form control was found associated to that label. Make sure you're using the "for" attribute or "aria-labelledby" attribute correctly.

Ignored nodes: comments, script, style
<body
  style=""
>
  <div>
    <div
      class="MuiBox-root css-0"
    >
      <div
        class="MuiBox-root css-i3pbo"
      >
        <h5
          class="MuiTypography-root MuiTypography-h5 MuiTypography-gutterBottom css-1hkf4sh-MuiTypography-root"
        >
          Payment History
        </h5>
        <p
          class="MuiTypography-root MuiTypography-body2 css-xtz2xu-MuiTypography-root"
        >
          1
           payment
           found
        </p>
      </div>
      <div
        class="MuiGrid-root MuiGrid-container MuiGrid-spacing-xs-2 css-12rc5ck-MuiGrid-root"
      >
        <div
          class="MuiGrid-root MuiGrid-item MuiGrid-grid-xs-12 MuiGrid-grid-sm-6 MuiGrid-grid-md-3 css-10voxkt-MuiGrid-root"
        >
          <div
            class="MuiFormControl-root MuiFormControl-fullWidth MuiTextField-root css-18hear-MuiFormControl-root-MuiTextField-root"
          >
            <div
              class="MuiInputBase-root MuiOutlinedInput-root MuiInputBase-colorPrimary MuiInputBase-fullWidth MuiInputBase-formControl MuiInputBase-sizeSmall MuiInputBase-adornedStart css-1cj7mpt-MuiInputBase-root-MuiOutlinedInput-root"
            >
              <div
                class="MuiInputAdornment-root MuiInputAdornment-positionStart MuiInputAdornment-outlined MuiInputAdornment-sizeSmall css-ittuaa-MuiInputAdornment-root"
              >
                <span
                  class="notranslate"
                >
                  ​
                </span>
                <svg
                  aria-hidden="true"
                  class="MuiSvgIcon-root MuiSvgIcon-fontSizeMedium css-i4bv87-MuiSvgIcon-root"
                  data-testid="SearchIcon"
                  focusable="false"
                  viewBox="0 0 24 24"
                >
                  <path
                    d="M15.5 14h-.79l-.28-.27C15.41 12.59 16 11.11 16 9.5 16 5.91 13.09 3 9.5 3S3 5.91 3 9.5 5.91 16 9.5 16c1.61 0 3.09-.59 4.23-1.57l.27.28v.79l5 4.99L20.49 19zm-6 0C7.01 14 5 11.99 5 9.5S7.01 5 9.5 5 14 7.01 14 9.5 11.99 14 9.5 14"
                  />
                </svg>
              </div>
              <input
                aria-invalid="false"
                class="MuiInputBase-input MuiOutlinedInput-input MuiInputBase-inputSizeSmall MuiInputBase-inputAdornedStart css-1ua80n0-MuiInputBase-input-MuiOutlinedInput-input"
                id=":rt:"
                placeholder="Search payments..."
                type="text"
                value=""
              />
              <fieldset
                aria-hidden="true"
                class="MuiOutlinedInput-notchedOutline css-r01yff-MuiNotchedOutlined-root-MuiOutlinedInput-notchedOutline"
              >
                <legend
                  class="css-1whs34k-MuiNotchedOutlined-root"
                >
                  <span
                    class="notranslate"
                  >
                    ​
                  </span>
                </legend>
              </fieldset>
            </div>
          </div>
        </div>
        <div
          class="MuiGrid-root MuiGrid-item MuiGrid-grid-xs-12 MuiGrid-grid-sm-6 MuiGrid-grid-md-3 css-10voxkt-MuiGrid-root"
        >
          <div
            class="MuiFormControl-root MuiFormControl-fullWidth css-q8hpuo-MuiFormControl-root"
          >
            <label
              class="MuiFormLabel-root MuiInputLabel-root MuiInputLabel-formControl MuiInputLabel-animated MuiInputLabel-shrink MuiInputLabel-sizeSmall MuiInputLabel-outlined MuiFormLabel-colorPrimary MuiFormLabel-filled MuiInputLabel-root MuiInputLabel-formControl MuiInputLabel-animated MuiInputLabel-shrink MuiInputLabel-sizeSmall MuiInputLabel-outlined css-fe0mau-MuiFormLabel-root-MuiInputLabel-root"
              data-shrink="true"
            >
              Status
            </label>
            <div
              class="MuiInputBase-root MuiOutlinedInput-root MuiInputBase-colorPrimary MuiInputBase-formControl MuiInputBase-sizeSmall css-13lg1x7-MuiInputBase-root-MuiOutlinedInput-root-MuiSelect-root"
            >
              <div
                aria-controls=":ru:"
                aria-expanded="false"
                aria-haspopup="listbox"
                class="MuiSelect-select MuiSelect-outlined MuiInputBase-input MuiOutlinedInput-input MuiInputBase-inputSizeSmall css-1fzjff4-MuiSelect-select-MuiInputBase-input-MuiOutlinedInput-input"
                role="combobox"
                tabindex="0"
              >
                All Statuses
              </div>
              <input
                aria-hidden="true"
                aria-invalid="false"
                class="MuiSelect-nativeInput css-yf8vq0-MuiSelect-nativeInput"
                tabindex="-1"
                value="all"
              />
              <svg
                aria-hidden="true"
                class="MuiSvgIcon-root MuiSvgIcon-fontSizeMedium MuiSelect-icon MuiSelect-iconOutlined css-hfutr2-MuiSvgIcon-root-MuiSelect-icon"
                data-testid="ArrowDropDownIcon"
                focusable="false"
                viewBox="0 0 24 24"
              >
                <path
                  d="M7 10l5 5 5-5z"
                />
              </svg>
              <fieldset
                aria-hidden="true"
   ...

Ignored nodes: comments, script, style
<html>
  <head />
  <body
    style=""
  >
    <div>
      <div
        class="MuiBox-root css-0"
      >
        <div
          class="MuiBox-root css-i3pbo"
        >
          <h5
            class="MuiTypography-root MuiTypography-h5 MuiTypography-gutterBottom css-1hkf4sh-MuiTypography-root"
          >
            Payment History
          </h5>
          <p
            class="MuiTypography-root MuiTypography-body2 css-xtz2xu-MuiTypography-root"
          >
            1
             payment
             found
          </p>
        </div>
        <div
          class="MuiGrid-root MuiGrid-container MuiGrid-spacing-xs-2 css-12rc5ck-MuiGrid-root"
        >
          <div
            class="MuiGrid-root MuiGrid-item MuiGrid-grid-xs-12 MuiGrid-grid-sm-6 MuiGrid-grid-md-3 css-10voxkt-MuiGrid-root"
          >
            <div
              class="MuiFormControl-root MuiFormControl-fullWidth MuiTextField-root css-18hear-MuiFormControl-root-MuiTextField-root"
            >
              <div
                class="MuiInputBase-root MuiOutlinedInput-root MuiInputBase-colorPrimary MuiInputBase-fullWidth MuiInputBase-formControl MuiInputBase-sizeSmall MuiInputBase-adornedStart css-1cj7mpt-MuiInputBase-root-MuiOutlinedInput-root"
              >
                <div
                  class="MuiInputAdornment-root MuiInputAdornment-positionStart MuiInputAdornment-outlined MuiInputAdornment-sizeSmall css-ittuaa-MuiInputAdornment-root"
                >
                  <span
                    class="notranslate"
                  >
                    ​
                  </span>
                  <svg
                    aria-hidden="true"
                    class="MuiSvgIcon-root MuiSvgIcon-fontSizeMedium css-i4bv87-MuiSvgIcon-root"
                    data-testid="SearchIcon"
                    focusable="false"
                    viewBox="0 0 24 24"
                  >
                    <path
                      d="M15.5 14h-.79l-.28-.27C15.41 12.59 16 11.11 16 9.5 16 5.91 13.09 3 9.5 3S3 5.91 3 9.5 5.91 16 9.5 16c1.61 0 3.09-.59 4.23-1.57l.27.28v.79l5 4.99L20.49 19zm-6 0C7.01 14 5 11.99 5 9.5S7.01 5 9.5 5 14 7.01 14 9.5 11.99 14 9.5 14"
                    />
                  </svg>
                </div>
                <input
                  aria-invalid="false"
                  class="MuiInputBase-input MuiOutlinedInput-input MuiInputBase-inputSizeSmall MuiInputBase-inputAdornedStart css-1ua80n0-MuiInputBase-input-MuiOutlinedInput-input"
                  id=":rt:"
                  placeholder="Search payments..."
                  type="text"
                  value=""
                />
                <fieldset
                  aria-hidden="true"
                  class="MuiOutlinedInput-notchedOutline css-r01yff-MuiNotchedOutlined-root-MuiOutlinedInput-notchedOutline"
                >
                  <legend
                    class="css-1whs34k-MuiNotchedOutlined-root"
                  >
                    <span
                      class="notranslate"
                    >
                      ​
                    </span>
                  </legend>
                </fieldset>
              </div>
            </div>
          </div>
          <div
            class="MuiGrid-root MuiGrid-item MuiGrid-grid-xs-12 MuiGrid-grid-sm-6 MuiGrid-grid-md-3 css-10voxkt-MuiGrid-root"
          >
            <div
              class="MuiFormControl-root MuiFormControl-fullWidth css-q8hpuo-MuiFormControl-root"
            >
              <label
                class="MuiFormLabel-root MuiInputLabel-root MuiInputLabel-formControl MuiInputLabel-animated MuiInputLabel-shrink MuiInputLabel-sizeSmall MuiInputLabel-outlined MuiFormLabel-colorPrimary MuiFormLabel-filled MuiInputLabel-root MuiInputLabel-formControl MuiInputLabel-animated MuiInputLabel-shrink MuiInputLabel-sizeSmall MuiInputLabel-outlined css-fe0mau-MuiFormLabel-root-MuiInputLabel-root"
                data-shrink="true"
              >
                Status
              </label>
              <div
                class="MuiInputBase-root MuiOutlinedInput-root MuiInputBase-colorPrimary MuiInputBase-formControl MuiInputBase-sizeSmall css-13lg1x7-MuiInputBase-root-MuiOutlinedInput-root-MuiSelect-root"
              >
                <div
                  aria-controls=":ru:"
                  aria-expanded="false"
                  aria-haspopup="listbox"
                  class="MuiSelect-select MuiSelect-outlined MuiInputBase-input MuiOutlinedInput-input MuiInputBase-inputSizeSmall css-1fzjff4-MuiSelect-select-MuiInputBase-input-MuiOutlinedInput-input"
                  role="combobox"
                  tabindex="0"
                >
                  All Statuses
                </div>
                <input
                  aria-hidden="true"
                  aria-invalid="false"
                  class="MuiSelect-nativeInput css-yf8vq0-MuiSelect-nativeInput"
                  tabindex="-1"
                  value="all"
                />
                <svg
                  aria-hidden="true"
                  class="MuiSvgIcon-root MuiSvgIcon-fontSizeMedium MuiSelect-icon MuiSelect-iconOutlined css-hfutr2-MuiSvgIcon-root-MuiSelect-icon"
                  data-testid="ArrowDropDownIcon"
                  focusable="false"
                  viewBox="0 0 24 24...
   ❯ src/test/proposal.test.tsx > ProposalList > searches proposals
     → Unable to find an element with the placeholder text of: Search proposals...

Ignored nodes: comments, script, style
<body
  style=""
>
  <div>
    <div
      class="MuiBox-root css-0"
    >
      <div
        class="MuiBox-root css-i3pbo"
      >
        <h5
          class="MuiTypography-root MuiTypography-h5 MuiTypography-gutterBottom css-1hkf4sh-MuiTypography-root"
        >
          Payment History
        </h5>
        <p
          class="MuiTypography-root MuiTypography-body2 css-xtz2xu-MuiTypography-root"
        >
          1
           payment
           found
        </p>
      </div>
      <div
        class="MuiGrid-root MuiGrid-container MuiGrid-spacing-xs-2 css-12rc5ck-MuiGrid-root"
      >
        <div
          class="MuiGrid-root MuiGrid-item MuiGrid-grid-xs-12 MuiGrid-grid-sm-6 MuiGrid-grid-md-3 css-10voxkt-MuiGrid-root"
        >
          <div
            class="MuiFormControl-root MuiFormControl-fullWidth MuiTextField-root css-18hear-MuiFormControl-root-MuiTextField-root"
          >
            <div
              class="MuiInputBase-root MuiOutlinedInput-root MuiInputBase-colorPrimary MuiInputBase-fullWidth MuiInputBase-formControl MuiInputBase-sizeSmall MuiInputBase-adornedStart css-1cj7mpt-MuiInputBase-root-MuiOutlinedInput-root"
            >
              <div
                class="MuiInputAdornment-root MuiInputAdornment-positionStart MuiInputAdornment-outlined MuiInputAdornment-sizeSmall css-ittuaa-MuiInputAdornment-root"
              >
                <span
                  class="notranslate"
                >
                  ​
                </span>
                <svg
                  aria-hidden="true"
                  class="MuiSvgIcon-root MuiSvgIcon-fontSizeMedium css-i4bv87-MuiSvgIcon-root"
                  data-testid="SearchIcon"
                  focusable="false"
                  viewBox="0 0 24 24"
                >
                  <path
                    d="M15.5 14h-.79l-.28-.27C15.41 12.59 16 11.11 16 9.5 16 5.91 13.09 3 9.5 3S3 5.91 3 9.5 5.91 16 9.5 16c1.61 0 3.09-.59 4.23-1.57l.27.28v.79l5 4.99L20.49 19zm-6 0C7.01 14 5 11.99 5 9.5S7.01 5 9.5 5 14 7.01 14 9.5 11.99 14 9.5 14"
                  />
                </svg>
              </div>
              <input
                aria-invalid="false"
                class="MuiInputBase-input MuiOutlinedInput-input MuiInputBase-inputSizeSmall MuiInputBase-inputAdornedStart css-1ua80n0-MuiInputBase-input-MuiOutlinedInput-input"
                id=":rt:"
                placeholder="Search payments..."
                type="text"
                value=""
              />
              <fieldset
                aria-hidden="true"
                class="MuiOutlinedInput-notchedOutline css-r01yff-MuiNotchedOutlined-root-MuiOutlinedInput-notchedOutline"
              >
                <legend
                  class="css-1whs34k-MuiNotchedOutlined-root"
                >
                  <span
                    class="notranslate"
                  >
                    ​
                  </span>
                </legend>
              </fieldset>
            </div>
          </div>
        </div>
        <div
          class="MuiGrid-root MuiGrid-item MuiGrid-grid-xs-12 MuiGrid-grid-sm-6 MuiGrid-grid-md-3 css-10voxkt-MuiGrid-root"
        >
          <div
            class="MuiFormControl-root MuiFormControl-fullWidth css-q8hpuo-MuiFormControl-root"
          >
            <label
              class="MuiFormLabel-root MuiInputLabel-root MuiInputLabel-formControl MuiInputLabel-animated MuiInputLabel-shrink MuiInputLabel-sizeSmall MuiInputLabel-outlined MuiFormLabel-colorPrimary MuiFormLabel-filled MuiInputLabel-root MuiInputLabel-formControl MuiInputLabel-animated MuiInputLabel-shrink MuiInputLabel-sizeSmall MuiInputLabel-outlined css-fe0mau-MuiFormLabel-root-MuiInputLabel-root"
              data-shrink="true"
            >
              Status
            </label>
            <div
              class="MuiInputBase-root MuiOutlinedInput-root MuiInputBase-colorPrimary MuiInputBase-formControl MuiInputBase-sizeSmall css-13lg1x7-MuiInputBase-root-MuiOutlinedInput-root-MuiSelect-root"
            >
              <div
                aria-controls=":ru:"
                aria-expanded="false"
                aria-haspopup="listbox"
                class="MuiSelect-select MuiSelect-outlined MuiInputBase-input MuiOutlinedInput-input MuiInputBase-inputSizeSmall css-1fzjff4-MuiSelect-select-MuiInputBase-input-MuiOutlinedInput-input"
                role="combobox"
                tabindex="0"
              >
                All Statuses
              </div>
              <input
                aria-hidden="true"
                aria-invalid="false"
                class="MuiSelect-nativeInput css-yf8vq0-MuiSelect-nativeInput"
                tabindex="-1"
                value="all"
              />
              <svg
                aria-hidden="true"
                class="MuiSvgIcon-root MuiSvgIcon-fontSizeMedium MuiSelect-icon MuiSelect-iconOutlined css-hfutr2-MuiSvgIcon-root-MuiSelect-icon"
                data-testid="ArrowDropDownIcon"
                focusable="false"
                viewBox="0 0 24 24"
              >
                <path
                  d="M7 10l5 5 5-5z"
                />
              </svg>
              <fieldset
                aria-hidden="true"
   ...
   ❯ src/test/proposal.test.tsx > ProposalDetailModal > renders proposal details
     → Found multiple elements with the text: Jane Doe

Here are the matching elements:

Ignored nodes: comments, script, style
<h6
  class="MuiTypography-root MuiTypography-h6 css-1rem9xf-MuiTypography-root"
>
  Jane
   
  Doe
</h6>

Ignored nodes: comments, script, style
<h6
  class="MuiTypography-root MuiTypography-h6 css-1rem9xf-MuiTypography-root"
>
  Jane
   
  Doe
</h6>

Ignored nodes: comments, script, style
<h6
  class="MuiTypography-root MuiTypography-h6 css-1rem9xf-MuiTypography-root"
>
  Jane
   
  Doe
</h6>

Ignored nodes: comments, script, style
<h6
  class="MuiTypography-root MuiTypography-h6 css-1rem9xf-MuiTypography-root"
>
  Jane
   
  Doe
</h6>

(If this is intentional, then use the `*AllBy*` variant of the query (like `queryAllByText`, `getAllByText`, or `findAllByText`)).

Ignored nodes: comments, script, style
<body
  style="padding-right: 1024px; overflow: hidden;"
>
  <div
    aria-hidden="true"
  >
    <div
      class="MuiBox-root css-0"
    >
      <div
        class="MuiBox-root css-i3pbo"
      >
        <h5
          class="MuiTypography-root MuiTypography-h5 MuiTypography-gutterBottom css-1hkf4sh-MuiTypography-root"
        >
          Payment History
        </h5>
        <p
          class="MuiTypography-root MuiTypography-body2 css-xtz2xu-MuiTypography-root"
        >
          1
           payment
           found
        </p>
      </div>
      <div
        class="MuiGrid-root MuiGrid-container MuiGrid-spacing-xs-2 css-12rc5ck-MuiGrid-root"
      >
        <div
          class="MuiGrid-root MuiGrid-item MuiGrid-grid-xs-12 MuiGrid-grid-sm-6 MuiGrid-grid-md-3 css-10voxkt-MuiGrid-root"
        >
          <div
            class="MuiFormControl-root MuiFormControl-fullWidth MuiTextField-root css-18hear-MuiFormControl-root-MuiTextField-root"
          >
            <div
              class="MuiInputBase-root MuiOutlinedInput-root MuiInputBase-colorPrimary MuiInputBase-fullWidth MuiInputBase-formControl MuiInputBase-sizeSmall MuiInputBase-adornedStart css-1cj7mpt-MuiInputBase-root-MuiOutlinedInput-root"
            >
              <div
                class="MuiInputAdornment-root MuiInputAdornment-positionStart MuiInputAdornment-outlined MuiInputAdornment-sizeSmall css-ittuaa-MuiInputAdornment-root"
              >
                <span
                  class="notranslate"
                >
                  ​
                </span>
                <svg
                  aria-hidden="true"
                  class="MuiSvgIcon-root MuiSvgIcon-fontSizeMedium css-i4bv87-MuiSvgIcon-root"
                  data-testid="SearchIcon"
                  focusable="false"
                  viewBox="0 0 24 24"
                >
                  <path
                    d="M15.5 14h-.79l-.28-.27C15.41 12.59 16 11.11 16 9.5 16 5.91 13.09 3 9.5 3S3 5.91 3 9.5 5.91 16 9.5 16c1.61 0 3.09-.59 4.23-1.57l.27.28v.79l5 4.99L20.49 19zm-6 0C7.01 14 5 11.99 5 9.5S7.01 5 9.5 5 14 7.01 14 9.5 11.99 14 9.5 14"
                  />
                </svg>
              </div>
              <input
                aria-invalid="false"
                class="MuiInputBase-input MuiOutlinedInput-input MuiInputBase-inputSizeSmall MuiInputBase-inputAdornedStart css-1ua80n0-MuiInputBase-input-MuiOutlinedInput-input"
                id=":rt:"
                placeholder="Search payments..."
                type="text"
                value=""
              />
              <fieldset
                aria-hidden="true"
                class="MuiOutlinedInput-notchedOutline css-r01yff-MuiNotchedOutlined-root-MuiOutlinedInput-notchedOutline"
              >
                <legend
                  class="css-1whs34k-MuiNotchedOutlined-root"
                >
                  <span
                    class="notranslate"
                  >
                    ​
                  </span>
                </legend>
              </fieldset>
            </div>
          </div>
        </div>
        <div
          class="MuiGrid-root MuiGrid-item MuiGrid-grid-xs-12 MuiGrid-grid-sm-6 MuiGrid-grid-md-3 css-10voxkt-MuiGrid-root"
        >
          <div
            class="MuiFormControl-root MuiFormControl-fullWidth css-q8hpuo-MuiFormControl-root"
          >
            <label
              class="MuiFormLabel-root MuiInputLabel-root MuiInputLabel-formControl MuiInputLabel-animated MuiInputLabel-shrink MuiInputLabel-sizeSmall MuiInputLabel-outlined MuiFormLabel-colorPrimary MuiFormLabel-filled MuiInputLabel-root MuiInputLabel-formControl MuiInputLabel-animated MuiInputLabel-shrink MuiInputLabel-sizeSmall MuiInputLabel-outlined css-fe0mau-MuiFormLabel-root-MuiInputLabel-root"
              data-shrink="true"
            >
              Status
            </label>
            <div
              class="MuiInputBase-root MuiOutlinedInput-root MuiInputBase-colorPrimary MuiInputBase-formControl MuiInputBase-sizeSmall css-13lg1x7-MuiInputBase-root-MuiOutlinedInput-root-MuiSelect-root"
            >
              <div
                aria-controls=":ru:"
                aria-expanded="false"
                aria-haspopup="listbox"
                class="MuiSelect-select MuiSelect-outlined MuiInputBase-input MuiOutlinedInput-input MuiInputBase-inputSizeSmall css-1fzjff4-MuiSelect-select-MuiInputBase-input-MuiOutlinedInput-input"
                role="combobox"
                tabindex="0"
              >
                All Statuses
              </div>
              <input
                aria-hidden="true"
                aria-invalid="false"
                class="MuiSelect-nativeInput css-yf8vq0-MuiSelect-nativeInput"
                tabindex="-1"
                value="all"
              />
              <svg
                aria-hidden="true"
                class="MuiSvgIcon-root MuiSvgIcon-fontSizeMedium MuiSelect-icon MuiSelect-iconOutlined css-hfutr2-MuiSvgIcon-root-MuiSelect-icon"
                data-testid="ArrowDropDownIcon"
                focusable="false"
                viewBox="0 0 24 24"
              >
                <path
                  d="M7 10l5 5 5-5z"
                />
              </svg>[...
   ❯ src/test/proposal.test.tsx > ProposalDetailModal > shows milestones accordion
     → Found multiple elements with the text: Project Milestones (2)

Here are the matching elements:

Ignored nodes: comments, script, style
<h6
  class="MuiTypography-root MuiTypography-h6 css-1rem9xf-MuiTypography-root"
>
  Project Milestones (
  2
  )
</h6>

Ignored nodes: comments, script, style
<h6
  class="MuiTypography-root MuiTypography-h6 css-1rem9xf-MuiTypography-root"
>
  Project Milestones (
  2
  )
</h6>

(If this is intentional, then use the `*AllBy*` variant of the query (like `queryAllByText`, `getAllByText`, or `findAllByText`)).

Ignored nodes: comments, script, style
<body
  style="padding-right: 1024px; overflow: hidden;"
>
  <div
    aria-hidden="true"
  >
    <div
      class="MuiBox-root css-0"
    >
      <div
        class="MuiBox-root css-i3pbo"
      >
        <h5
          class="MuiTypography-root MuiTypography-h5 MuiTypography-gutterBottom css-1hkf4sh-MuiTypography-root"
        >
          Payment History
        </h5>
        <p
          class="MuiTypography-root MuiTypography-body2 css-xtz2xu-MuiTypography-root"
        >
          1
           payment
           found
        </p>
      </div>
      <div
        class="MuiGrid-root MuiGrid-container MuiGrid-spacing-xs-2 css-12rc5ck-MuiGrid-root"
      >
        <div
          class="MuiGrid-root MuiGrid-item MuiGrid-grid-xs-12 MuiGrid-grid-sm-6 MuiGrid-grid-md-3 css-10voxkt-MuiGrid-root"
        >
          <div
            class="MuiFormControl-root MuiFormControl-fullWidth MuiTextField-root css-18hear-MuiFormControl-root-MuiTextField-root"
          >
            <div
              class="MuiInputBase-root MuiOutlinedInput-root MuiInputBase-colorPrimary MuiInputBase-fullWidth MuiInputBase-formControl MuiInputBase-sizeSmall MuiInputBase-adornedStart css-1cj7mpt-MuiInputBase-root-MuiOutlinedInput-root"
            >
              <div
                class="MuiInputAdornment-root MuiInputAdornment-positionStart MuiInputAdornment-outlined MuiInputAdornment-sizeSmall css-ittuaa-MuiInputAdornment-root"
              >
                <span
                  class="notranslate"
                >
                  ​
                </span>
                <svg
                  aria-hidden="true"
                  class="MuiSvgIcon-root MuiSvgIcon-fontSizeMedium css-i4bv87-MuiSvgIcon-root"
                  data-testid="SearchIcon"
                  focusable="false"
                  viewBox="0 0 24 24"
                >
                  <path
                    d="M15.5 14h-.79l-.28-.27C15.41 12.59 16 11.11 16 9.5 16 5.91 13.09 3 9.5 3S3 5.91 3 9.5 5.91 16 9.5 16c1.61 0 3.09-.59 4.23-1.57l.27.28v.79l5 4.99L20.49 19zm-6 0C7.01 14 5 11.99 5 9.5S7.01 5 9.5 5 14 7.01 14 9.5 11.99 14 9.5 14"
                  />
                </svg>
              </div>
              <input
                aria-invalid="false"
                class="MuiInputBase-input MuiOutlinedInput-input MuiInputBase-inputSizeSmall MuiInputBase-inputAdornedStart css-1ua80n0-MuiInputBase-input-MuiOutlinedInput-input"
                id=":rt:"
                placeholder="Search payments..."
                type="text"
                value=""
              />
              <fieldset
                aria-hidden="true"
                class="MuiOutlinedInput-notchedOutline css-r01yff-MuiNotchedOutlined-root-MuiOutlinedInput-notchedOutline"
              >
                <legend
                  class="css-1whs34k-MuiNotchedOutlined-root"
                >
                  <span
                    class="notranslate"
                  >
                    ​
                  </span>
                </legend>
              </fieldset>
            </div>
          </div>
        </div>
        <div
          class="MuiGrid-root MuiGrid-item MuiGrid-grid-xs-12 MuiGrid-grid-sm-6 MuiGrid-grid-md-3 css-10voxkt-MuiGrid-root"
        >
          <div
            class="MuiFormControl-root MuiFormControl-fullWidth css-q8hpuo-MuiFormControl-root"
          >
            <label
              class="MuiFormLabel-root MuiInputLabel-root MuiInputLabel-formControl MuiInputLabel-animated MuiInputLabel-shrink MuiInputLabel-sizeSmall MuiInputLabel-outlined MuiFormLabel-colorPrimary MuiFormLabel-filled MuiInputLabel-root MuiInputLabel-formControl MuiInputLabel-animated MuiInputLabel-shrink MuiInputLabel-sizeSmall MuiInputLabel-outlined css-fe0mau-MuiFormLabel-root-MuiInputLabel-root"
              data-shrink="true"
            >
              Status
            </label>
            <div
              class="MuiInputBase-root MuiOutlinedInput-root MuiInputBase-colorPrimary MuiInputBase-formControl MuiInputBase-sizeSmall css-13lg1x7-MuiInputBase-root-MuiOutlinedInput-root-MuiSelect-root"
            >
              <div
                aria-controls=":ru:"
                aria-expanded="false"
                aria-haspopup="listbox"
                class="MuiSelect-select MuiSelect-outlined MuiInputBase-input MuiOutlinedInput-input MuiInputBase-inputSizeSmall css-1fzjff4-MuiSelect-select-MuiInputBase-input-MuiOutlinedInput-input"
                role="combobox"
                tabindex="0"
              >
                All Statuses
              </div>
              <input
                aria-hidden="true"
                aria-invalid="false"
                class="MuiSelect-nativeInput css-yf8vq0-MuiSelect-nativeInput"
                tabindex="-1"
                value="all"
              />
              <svg
                aria-hidden="true"
                class="MuiSvgIcon-root MuiSvgIcon-fontSizeMedium MuiSelect-icon MuiSelect-iconOutlined css-hfutr2-MuiSvgIcon-root-MuiSelect-icon"
                data-testid="ArrowDropDownIcon"
                focusable="false"
                viewBox="0 0 24 24"
              >
                <path
                  d="M7 10l5 5 5-5z"
                />
              </svg>[...
   ❯ src/test/proposal.test.tsx > ProposalDetailModal > handles proposal acceptance
     → Found multiple elements with the text: Accept Proposal

Here are the matching elements:

Ignored nodes: comments, script, style
<button
  class="MuiButtonBase-root MuiButton-root MuiButton-contained MuiButton-containedSuccess MuiButton-sizeMedium MuiButton-containedSizeMedium MuiButton-colorSuccess MuiButton-root MuiButton-contained MuiButton-containedSuccess MuiButton-sizeMedium MuiButton-containedSizeMedium MuiButton-colorSuccess css-1icjxmz-MuiButtonBase-root-MuiButton-root"
  tabindex="0"
  type="button"
>
  Accept Proposal
  <span
    class="MuiTouchRipple-root css-8je8zh-MuiTouchRipple-root"
  />
</button>

Ignored nodes: comments, script, style
<button
  class="MuiButtonBase-root MuiButton-root MuiButton-contained MuiButton-containedSuccess MuiButton-sizeMedium MuiButton-containedSizeMedium MuiButton-colorSuccess MuiButton-root MuiButton-contained MuiButton-containedSuccess MuiButton-sizeMedium MuiButton-containedSizeMedium MuiButton-colorSuccess css-1icjxmz-MuiButtonBase-root-MuiButton-root"
  tabindex="0"
  type="button"
>
  Accept Proposal
  <span
    class="MuiTouchRipple-root css-8je8zh-MuiTouchRipple-root"
  />
</button>

Ignored nodes: comments, script, style
<button
  class="MuiButtonBase-root MuiButton-root MuiButton-contained MuiButton-containedSuccess MuiButton-sizeMedium MuiButton-containedSizeMedium MuiButton-colorSuccess MuiButton-root MuiButton-contained MuiButton-containedSuccess MuiButton-sizeMedium MuiButton-containedSizeMedium MuiButton-colorSuccess css-1icjxmz-MuiButtonBase-root-MuiButton-root"
  tabindex="0"
  type="button"
>
  Accept Proposal
  <span
    class="MuiTouchRipple-root css-8je8zh-MuiTouchRipple-root"
  />
</button>

(If this is intentional, then use the `*AllBy*` variant of the query (like `queryAllByText`, `getAllByText`, or `findAllByText`)).

Ignored nodes: comments, script, style
<body
  style="padding-right: 1024px; overflow: hidden;"
>
  <div
    aria-hidden="true"
  >
    <div
      class="MuiBox-root css-0"
    >
      <div
        class="MuiBox-root css-i3pbo"
      >
        <h5
          class="MuiTypography-root MuiTypography-h5 MuiTypography-gutterBottom css-1hkf4sh-MuiTypography-root"
        >
          Payment History
        </h5>
        <p
          class="MuiTypography-root MuiTypography-body2 css-xtz2xu-MuiTypography-root"
        >
          1
           payment
           found
        </p>
      </div>
      <div
        class="MuiGrid-root MuiGrid-container MuiGrid-spacing-xs-2 css-12rc5ck-MuiGrid-root"
      >
        <div
          class="MuiGrid-root MuiGrid-item MuiGrid-grid-xs-12 MuiGrid-grid-sm-6 MuiGrid-grid-md-3 css-10voxkt-MuiGrid-root"
        >
          <div
            class="MuiFormControl-root MuiFormControl-fullWidth MuiTextField-root css-18hear-MuiFormControl-root-MuiTextField-root"
          >
            <div
              class="MuiInputBase-root MuiOutlinedInput-root MuiInputBase-colorPrimary MuiInputBase-fullWidth MuiInputBase-formControl MuiInputBase-sizeSmall MuiInputBase-adornedStart css-1cj7mpt-MuiInputBase-root-MuiOutlinedInput-root"
            >
              <div
                class="MuiInputAdornment-root MuiInputAdornment-positionStart MuiInputAdornment-outlined MuiInputAdornment-sizeSmall css-ittuaa-MuiInputAdornment-root"
              >
                <span
                  class="notranslate"
                >
                  ​
                </span>
                <svg
                  aria-hidden="true"
                  class="MuiSvgIcon-root MuiSvgIcon-fontSizeMedium css-i4bv87-MuiSvgIcon-root"
                  data-testid="SearchIcon"
                  focusable="false"
                  viewBox="0 0 24 24"
                >
                  <path
                    d="M15.5 14h-.79l-.28-.27C15.41 12.59 16 11.11 16 9.5 16 5.91 13.09 3 9.5 3S3 5.91 3 9.5 5.91 16 9.5 16c1.61 0 3.09-.59 4.23-1.57l.27.28v.79l5 4.99L20.49 19zm-6 0C7.01 14 5 11.99 5 9.5S7.01 5 9.5 5 14 7.01 14 9.5 11.99 14 9.5 14"
                  />
                </svg>
              </div>
              <input
                aria-invalid="false"
                class="MuiInputBase-input MuiOutlinedInput-input MuiInputBase-inputSizeSmall MuiInputBase-inputAdornedStart css-1ua80n0-MuiInputBase-input-MuiOutlinedInput-input"
                id=":rt:"
                placeholder="Search payments..."
                type="text"
                value=""
              />
              <fieldset
                aria-hidden="true"
                class="MuiOutlinedInput-notchedOutline css-r01yff-MuiNotchedOutlined-root-MuiOutlinedInput-notchedOutline"
              >
                <legend
                  class="css-1whs34k-MuiNotchedOutlined-root"
                >
                  <span
                    class="notranslate"
                  >
                    ​
                  </span>
                </legend>
              </fieldset>
            </div>
          </div>
        </div>
        <div
          class="MuiGrid-root MuiGrid-item MuiGrid-grid-xs-12 MuiGrid-grid-sm-6 MuiGrid-grid-md-3 css-10voxkt-MuiGrid-root"
        >
          <div
            class="MuiFormControl-root MuiFormControl-fullWidth css-q8hpuo-MuiFormControl-root"
          >
            <label
              class="MuiFormLabel-root MuiInputLabel-root MuiInputLabel-formControl MuiInputLabel-animated MuiInputLabel-shrink MuiInputLabel-sizeSmall MuiInputLabel-outlined MuiFormLabel-colorPrimary MuiFormLabel-filled MuiInputLabel-root MuiInputLabel-formControl MuiInputLabel-animated MuiInputLabel-shrink MuiInputLabel-sizeSmall MuiInputLabel-outlined css-fe0mau-MuiFormLabel-root-MuiInputLabel-root"
              data-shrink="true"
            >
              Status
            </label>
            <div
              class="MuiInputBase-root MuiOutlinedInput-root MuiInputBase-colorPrimary MuiInputBase-formControl MuiInputBase-sizeSmall css-13lg1x7-MuiInputBase-root-MuiOutlinedInput-root-MuiSelect-root"
            >
              <div
                aria-controls=":ru:"
                aria-expanded="false"
                aria-haspopup="listbox"
                class="MuiSelect-select MuiSelect-outlined MuiInputBase-input MuiOutlinedInput-input MuiInputBase-inputSizeSmall css-1fzjff4-MuiSelect-select-MuiInputBase-input-MuiOutlinedInput-input"
                role="combobox"
                tabindex="0"
              >
                All Statuses
              </div>
              <input
                aria-hidden="true"
                aria-invalid="false"
                class="MuiSelect-nativeInput css-yf8vq0-MuiSelect-nativeInput"
                tabindex="-1"
                value="all"
              />
              <svg
                aria-hidden="true"
                class="MuiSvgIcon-root MuiSvgIcon-fontSizeMedium MuiSelect-icon MuiSelect-iconOutlined css-hfutr2-MuiSvgIcon-root-MuiSelect-icon"
                data-testid="ArrowDropDownIcon"
                focusable="false"
                viewBox="0 0 24 24"
              >
                <path
                  d="M7 10l5 5 5-5z"
                />
              </svg>[...
 ✓ src/test/proposal.test.tsx > ProposalDetailModal > handles proposal withdrawal
 ❯ src/test/project.test.tsx  (19 tests | 15 failed) 55137ms
   ❯ src/test/project.test.tsx > Project Components > ProjectCard > displays featured badge for featured projects
     → Found multiple elements with the text: FEATURED

Here are the matching elements:

Ignored nodes: comments, script, style
<div
  class="MuiBox-root css-9zj1wp"
>
  FEATURED
</div>

Ignored nodes: comments, script, style
<div
  class="MuiBox-root css-9zj1wp"
>
  FEATURED
</div>

(If this is intentional, then use the `*AllBy*` variant of the query (like `queryAllByText`, `getAllByText`, or `findAllByText`)).

Ignored nodes: comments, script, style
<body
  style="padding-right: 1024px; overflow: hidden;"
>
  <div
    aria-hidden="true"
  >
    <div
      class="MuiBox-root css-0"
    >
      <div
        class="MuiBox-root css-i3pbo"
      >
        <h5
          class="MuiTypography-root MuiTypography-h5 MuiTypography-gutterBottom css-1hkf4sh-MuiTypography-root"
        >
          Payment History
        </h5>
        <p
          class="MuiTypography-root MuiTypography-body2 css-xtz2xu-MuiTypography-root"
        >
          1
           payment
           found
        </p>
      </div>
      <div
        class="MuiGrid-root MuiGrid-container MuiGrid-spacing-xs-2 css-12rc5ck-MuiGrid-root"
      >
        <div
          class="MuiGrid-root MuiGrid-item MuiGrid-grid-xs-12 MuiGrid-grid-sm-6 MuiGrid-grid-md-3 css-10voxkt-MuiGrid-root"
        >
          <div
            class="MuiFormControl-root MuiFormControl-fullWidth MuiTextField-root css-18hear-MuiFormControl-root-MuiTextField-root"
          >
            <div
              class="MuiInputBase-root MuiOutlinedInput-root MuiInputBase-colorPrimary MuiInputBase-fullWidth MuiInputBase-formControl MuiInputBase-sizeSmall MuiInputBase-adornedStart css-1cj7mpt-MuiInputBase-root-MuiOutlinedInput-root"
            >
              <div
                class="MuiInputAdornment-root MuiInputAdornment-positionStart MuiInputAdornment-outlined MuiInputAdornment-sizeSmall css-ittuaa-MuiInputAdornment-root"
              >
                <span
                  class="notranslate"
                >
                  ​
                </span>
                <svg
                  aria-hidden="true"
                  class="MuiSvgIcon-root MuiSvgIcon-fontSizeMedium css-i4bv87-MuiSvgIcon-root"
                  data-testid="SearchIcon"
                  focusable="false"
                  viewBox="0 0 24 24"
                >
                  <path
                    d="M15.5 14h-.79l-.28-.27C15.41 12.59 16 11.11 16 9.5 16 5.91 13.09 3 9.5 3S3 5.91 3 9.5 5.91 16 9.5 16c1.61 0 3.09-.59 4.23-1.57l.27.28v.79l5 4.99L20.49 19zm-6 0C7.01 14 5 11.99 5 9.5S7.01 5 9.5 5 14 7.01 14 9.5 11.99 14 9.5 14"
                  />
                </svg>
              </div>
              <input
                aria-invalid="false"
                class="MuiInputBase-input MuiOutlinedInput-input MuiInputBase-inputSizeSmall MuiInputBase-inputAdornedStart css-1ua80n0-MuiInputBase-input-MuiOutlinedInput-input"
                id=":rt:"
                placeholder="Search payments..."
                type="text"
                value=""
              />
              <fieldset
                aria-hidden="true"
                class="MuiOutlinedInput-notchedOutline css-r01yff-MuiNotchedOutlined-root-MuiOutlinedInput-notchedOutline"
              >
                <legend
                  class="css-1whs34k-MuiNotchedOutlined-root"
                >
                  <span
                    class="notranslate"
                  >
                    ​
                  </span>
                </legend>
              </fieldset>
            </div>
          </div>
        </div>
        <div
          class="MuiGrid-root MuiGrid-item MuiGrid-grid-xs-12 MuiGrid-grid-sm-6 MuiGrid-grid-md-3 css-10voxkt-MuiGrid-root"
        >
          <div
            class="MuiFormControl-root MuiFormControl-fullWidth css-q8hpuo-MuiFormControl-root"
          >
            <label
              class="MuiFormLabel-root MuiInputLabel-root MuiInputLabel-formControl MuiInputLabel-animated MuiInputLabel-shrink MuiInputLabel-sizeSmall MuiInputLabel-outlined MuiFormLabel-colorPrimary MuiFormLabel-filled MuiInputLabel-root MuiInputLabel-formControl MuiInputLabel-animated MuiInputLabel-shrink MuiInputLabel-sizeSmall MuiInputLabel-outlined css-fe0mau-MuiFormLabel-root-MuiInputLabel-root"
              data-shrink="true"
            >
              Status
            </label>
            <div
              class="MuiInputBase-root MuiOutlinedInput-root MuiInputBase-colorPrimary MuiInputBase-formControl MuiInputBase-sizeSmall css-13lg1x7-MuiInputBase-root-MuiOutlinedInput-root-MuiSelect-root"
            >
              <div
                aria-controls=":ru:"
                aria-expanded="false"
                aria-haspopup="listbox"
                class="MuiSelect-select MuiSelect-outlined MuiInputBase-input MuiOutlinedInput-input MuiInputBase-inputSizeSmall css-1fzjff4-MuiSelect-select-MuiInputBase-input-MuiOutlinedInput-input"
                role="combobox"
                tabindex="0"
              >
                All Statuses
              </div>
              <input
                aria-hidden="true"
                aria-invalid="false"
                class="MuiSelect-nativeInput css-yf8vq0-MuiSelect-nativeInput"
                tabindex="-1"
                value="all"
              />
              <svg
                aria-hidden="true"
                class="MuiSvgIcon-root MuiSvgIcon-fontSizeMedium MuiSelect-icon MuiSelect-iconOutlined css-hfutr2-MuiSvgIcon-root-MuiSelect-icon"
                data-testid="ArrowDropDownIcon"
                focusable="false"
                viewBox="0 0 24 24"
              >
                <path
                  d="M7 10l5 5 5-5z"
                />
              </svg>[...
   ❯ src/test/project.test.tsx > Project Components > ProjectCard > shows urgent flag for urgent projects
     → Unable to find an element with the title: Urgent project.

Ignored nodes: comments, script, style
<body
  style="padding-right: 1024px; overflow: hidden;"
>
  <div
    aria-hidden="true"
  >
    <div
      class="MuiBox-root css-0"
    >
      <div
        class="MuiBox-root css-i3pbo"
      >
        <h5
          class="MuiTypography-root MuiTypography-h5 MuiTypography-gutterBottom css-1hkf4sh-MuiTypography-root"
        >
          Payment History
        </h5>
        <p
          class="MuiTypography-root MuiTypography-body2 css-xtz2xu-MuiTypography-root"
        >
          1
           payment
           found
        </p>
      </div>
      <div
        class="MuiGrid-root MuiGrid-container MuiGrid-spacing-xs-2 css-12rc5ck-MuiGrid-root"
      >
        <div
          class="MuiGrid-root MuiGrid-item MuiGrid-grid-xs-12 MuiGrid-grid-sm-6 MuiGrid-grid-md-3 css-10voxkt-MuiGrid-root"
        >
          <div
            class="MuiFormControl-root MuiFormControl-fullWidth MuiTextField-root css-18hear-MuiFormControl-root-MuiTextField-root"
          >
            <div
              class="MuiInputBase-root MuiOutlinedInput-root MuiInputBase-colorPrimary MuiInputBase-fullWidth MuiInputBase-formControl MuiInputBase-sizeSmall MuiInputBase-adornedStart css-1cj7mpt-MuiInputBase-root-MuiOutlinedInput-root"
            >
              <div
                class="MuiInputAdornment-root MuiInputAdornment-positionStart MuiInputAdornment-outlined MuiInputAdornment-sizeSmall css-ittuaa-MuiInputAdornment-root"
              >
                <span
                  class="notranslate"
                >
                  ​
                </span>
                <svg
                  aria-hidden="true"
                  class="MuiSvgIcon-root MuiSvgIcon-fontSizeMedium css-i4bv87-MuiSvgIcon-root"
                  data-testid="SearchIcon"
                  focusable="false"
                  viewBox="0 0 24 24"
                >
                  <path
                    d="M15.5 14h-.79l-.28-.27C15.41 12.59 16 11.11 16 9.5 16 5.91 13.09 3 9.5 3S3 5.91 3 9.5 5.91 16 9.5 16c1.61 0 3.09-.59 4.23-1.57l.27.28v.79l5 4.99L20.49 19zm-6 0C7.01 14 5 11.99 5 9.5S7.01 5 9.5 5 14 7.01 14 9.5 11.99 14 9.5 14"
                  />
                </svg>
              </div>
              <input
                aria-invalid="false"
                class="MuiInputBase-input MuiOutlinedInput-input MuiInputBase-inputSizeSmall MuiInputBase-inputAdornedStart css-1ua80n0-MuiInputBase-input-MuiOutlinedInput-input"
                id=":rt:"
                placeholder="Search payments..."
                type="text"
                value=""
              />
              <fieldset
                aria-hidden="true"
                class="MuiOutlinedInput-notchedOutline css-r01yff-MuiNotchedOutlined-root-MuiOutlinedInput-notchedOutline"
              >
                <legend
                  class="css-1whs34k-MuiNotchedOutlined-root"
                >
                  <span
                    class="notranslate"
                  >
                    ​
                  </span>
                </legend>
              </fieldset>
            </div>
          </div>
        </div>
        <div
          class="MuiGrid-root MuiGrid-item MuiGrid-grid-xs-12 MuiGrid-grid-sm-6 MuiGrid-grid-md-3 css-10voxkt-MuiGrid-root"
        >
          <div
            class="MuiFormControl-root MuiFormControl-fullWidth css-q8hpuo-MuiFormControl-root"
          >
            <label
              class="MuiFormLabel-root MuiInputLabel-root MuiInputLabel-formControl MuiInputLabel-animated MuiInputLabel-shrink MuiInputLabel-sizeSmall MuiInputLabel-outlined MuiFormLabel-colorPrimary MuiFormLabel-filled MuiInputLabel-root MuiInputLabel-formControl MuiInputLabel-animated MuiInputLabel-shrink MuiInputLabel-sizeSmall MuiInputLabel-outlined css-fe0mau-MuiFormLabel-root-MuiInputLabel-root"
              data-shrink="true"
            >
              Status
            </label>
            <div
              class="MuiInputBase-root MuiOutlinedInput-root MuiInputBase-colorPrimary MuiInputBase-formControl MuiInputBase-sizeSmall css-13lg1x7-MuiInputBase-root-MuiOutlinedInput-root-MuiSelect-root"
            >
              <div
                aria-controls=":ru:"
                aria-expanded="false"
                aria-haspopup="listbox"
                class="MuiSelect-select MuiSelect-outlined MuiInputBase-input MuiOutlinedInput-input MuiInputBase-inputSizeSmall css-1fzjff4-MuiSelect-select-MuiInputBase-input-MuiOutlinedInput-input"
                role="combobox"
                tabindex="0"
              >
                All Statuses
              </div>
              <input
                aria-hidden="true"
                aria-invalid="false"
                class="MuiSelect-nativeInput css-yf8vq0-MuiSelect-nativeInput"
                tabindex="-1"
                value="all"
              />
              <svg
                aria-hidden="true"
                class="MuiSvgIcon-root MuiSvgIcon-fontSizeMedium MuiSelect-icon MuiSelect-iconOutlined css-hfutr2-MuiSvgIcon-root-MuiSelect-icon"
                data-testid="ArrowDropDownIcon"
                focusable="false"
                viewBox="0 0 24 24"
              >
                <path
                  d="M7 10l5 5 5-5z"
                />
              </svg>[...
   ❯ src/test/project.test.tsx > Project Components > ProjectCard > displays skills with overflow indicator
     → Found multiple elements with the text: React

Here are the matching elements:

Ignored nodes: comments, script, style
<span
  class="MuiChip-label MuiChip-labelSmall css-rrn746-MuiChip-label"
>
  React
</span>

Ignored nodes: comments, script, style
<span
  class="MuiChip-label MuiChip-labelSmall css-rrn746-MuiChip-label"
>
  React
</span>

Ignored nodes: comments, script, style
<span
  class="MuiChip-label MuiChip-labelSmall css-rrn746-MuiChip-label"
>
  React
</span>

Ignored nodes: comments, script, style
<span
  class="MuiChip-label MuiChip-labelSmall css-rrn746-MuiChip-label"
>
  React
</span>

(If this is intentional, then use the `*AllBy*` variant of the query (like `queryAllByText`, `getAllByText`, or `findAllByText`)).

Ignored nodes: comments, script, style
<body
  style="padding-right: 1024px; overflow: hidden;"
>
  <div
    aria-hidden="true"
  >
    <div
      class="MuiBox-root css-0"
    >
      <div
        class="MuiBox-root css-i3pbo"
      >
        <h5
          class="MuiTypography-root MuiTypography-h5 MuiTypography-gutterBottom css-1hkf4sh-MuiTypography-root"
        >
          Payment History
        </h5>
        <p
          class="MuiTypography-root MuiTypography-body2 css-xtz2xu-MuiTypography-root"
        >
          1
           payment
           found
        </p>
      </div>
      <div
        class="MuiGrid-root MuiGrid-container MuiGrid-spacing-xs-2 css-12rc5ck-MuiGrid-root"
      >
        <div
          class="MuiGrid-root MuiGrid-item MuiGrid-grid-xs-12 MuiGrid-grid-sm-6 MuiGrid-grid-md-3 css-10voxkt-MuiGrid-root"
        >
          <div
            class="MuiFormControl-root MuiFormControl-fullWidth MuiTextField-root css-18hear-MuiFormControl-root-MuiTextField-root"
          >
            <div
              class="MuiInputBase-root MuiOutlinedInput-root MuiInputBase-colorPrimary MuiInputBase-fullWidth MuiInputBase-formControl MuiInputBase-sizeSmall MuiInputBase-adornedStart css-1cj7mpt-MuiInputBase-root-MuiOutlinedInput-root"
            >
              <div
                class="MuiInputAdornment-root MuiInputAdornment-positionStart MuiInputAdornment-outlined MuiInputAdornment-sizeSmall css-ittuaa-MuiInputAdornment-root"
              >
                <span
                  class="notranslate"
                >
                  ​
                </span>
                <svg
                  aria-hidden="true"
                  class="MuiSvgIcon-root MuiSvgIcon-fontSizeMedium css-i4bv87-MuiSvgIcon-root"
                  data-testid="SearchIcon"
                  focusable="false"
                  viewBox="0 0 24 24"
                >
                  <path
                    d="M15.5 14h-.79l-.28-.27C15.41 12.59 16 11.11 16 9.5 16 5.91 13.09 3 9.5 3S3 5.91 3 9.5 5.91 16 9.5 16c1.61 0 3.09-.59 4.23-1.57l.27.28v.79l5 4.99L20.49 19zm-6 0C7.01 14 5 11.99 5 9.5S7.01 5 9.5 5 14 7.01 14 9.5 11.99 14 9.5 14"
                  />
                </svg>
              </div>
              <input
                aria-invalid="false"
                class="MuiInputBase-input MuiOutlinedInput-input MuiInputBase-inputSizeSmall MuiInputBase-inputAdornedStart css-1ua80n0-MuiInputBase-input-MuiOutlinedInput-input"
                id=":rt:"
                placeholder="Search payments..."
                type="text"
                value=""
              />
              <fieldset
                aria-hidden="true"
                class="MuiOutlinedInput-notchedOutline css-r01yff-MuiNotchedOutlined-root-MuiOutlinedInput-notchedOutline"
              >
                <legend
                  class="css-1whs34k-MuiNotchedOutlined-root"
                >
                  <span
                    class="notranslate"
                  >
                    ​
                  </span>
                </legend>
              </fieldset>
            </div>
          </div>
        </div>
        <div
          class="MuiGrid-root MuiGrid-item MuiGrid-grid-xs-12 MuiGrid-grid-sm-6 MuiGrid-grid-md-3 css-10voxkt-MuiGrid-root"
        >
          <div
            class="MuiFormControl-root MuiFormControl-fullWidth css-q8hpuo-MuiFormControl-root"
          >
            <label
              class="MuiFormLabel-root MuiInputLabel-root MuiInputLabel-formControl MuiInputLabel-animated MuiInputLabel-shrink MuiInputLabel-sizeSmall MuiInputLabel-outlined MuiFormLabel-colorPrimary MuiFormLabel-filled MuiInputLabel-root MuiInputLabel-formControl MuiInputLabel-animated MuiInputLabel-shrink MuiInputLabel-sizeSmall MuiInputLabel-outlined css-fe0mau-MuiFormLabel-root-MuiInputLabel-root"
              data-shrink="true"
            >
              Status
            </label>
            <div
              class="MuiInputBase-root MuiOutlinedInput-root MuiInputBase-colorPrimary MuiInputBase-formControl MuiInputBase-sizeSmall css-13lg1x7-MuiInputBase-root-MuiOutlinedInput-root-MuiSelect-root"
            >
              <div
                aria-controls=":ru:"
                aria-expanded="false"
                aria-haspopup="listbox"
                class="MuiSelect-select MuiSelect-outlined MuiInputBase-input MuiOutlinedInput-input MuiInputBase-inputSizeSmall css-1fzjff4-MuiSelect-select-MuiInputBase-input-MuiOutlinedInput-input"
                role="combobox"
                tabindex="0"
              >
                All Statuses
              </div>
              <input
                aria-hidden="true"
                aria-invalid="false"
                class="MuiSelect-nativeInput css-yf8vq0-MuiSelect-nativeInput"
                tabindex="-1"
                value="all"
              />
              <svg
                aria-hidden="true"
                class="MuiSvgIcon-root MuiSvgIcon-fontSizeMedium MuiSelect-icon MuiSelect-iconOutlined css-hfutr2-MuiSvgIcon-root-MuiSelect-icon"
                data-testid="ArrowDropDownIcon"
                focusable="false"
                viewBox="0 0 24 24"
              >
                <path
                  d="M7 10l5 5 5-5z"
                />
              </svg>[...
   ❯ src/test/project.test.tsx > Project Components > ProjectCard > shows bookmark button when enabled
     → Found multiple elements with the role "button"

Here are the matching elements:

Ignored nodes: comments, script, style
<button
  class="MuiButtonBase-root MuiIconButton-root MuiIconButton-sizeMedium css-78trlr-MuiButtonBase-root-MuiIconButton-root"
  tabindex="0"
  type="button"
>
  <svg
    aria-hidden="true"
    class="MuiSvgIcon-root MuiSvgIcon-fontSizeMedium css-i4bv87-MuiSvgIcon-root"
    data-testid="CloseIcon"
    focusable="false"
    viewBox="0 0 24 24"
  >
    <path
      d="M19 6.41 17.59 5 12 10.59 6.41 5 5 6.41 10.59 12 5 17.59 6.41 19 12 13.41 17.59 19 19 17.59 13.41 12z"
    />
  </svg>
  <span
    class="MuiTouchRipple-root css-8je8zh-MuiTouchRipple-root"
  />
</button>

Ignored nodes: comments, script, style
<div
  aria-expanded="false"
  class="MuiButtonBase-root MuiAccordionSummary-root MuiAccordionSummary-gutters css-1f773le-MuiButtonBase-root-MuiAccordionSummary-root"
  role="button"
  tabindex="0"
>
  <div
    class="MuiAccordionSummary-content MuiAccordionSummary-contentGutters css-eqpfi5-MuiAccordionSummary-content"
  >
    <h6
      class="MuiTypography-root MuiTypography-h6 css-1rem9xf-MuiTypography-root"
    >
      Project Milestones (
      2
      )
    </h6>
  </div>
  <div
    class="MuiAccordionSummary-expandIconWrapper css-yw020d-MuiAccordionSummary-expandIconWrapper"
  >
    <svg
      aria-hidden="true"
      class="MuiSvgIcon-root MuiSvgIcon-fontSizeMedium css-i4bv87-MuiSvgIcon-root"
      data-testid="ExpandMoreIcon"
      focusable="false"
      viewBox="0 0 24 24"
    >
      <path
        d="M16.59 8.59 12 13.17 7.41 8.59 6 10l6 6 6-6z"
      />
    </svg>
  </div>
</div>

Ignored nodes: comments, script, style
<button
  class="MuiButtonBase-root MuiButton-root MuiButton-text MuiButton-textError MuiButton-sizeMedium MuiButton-textSizeMedium MuiButton-colorError MuiButton-root MuiButton-text MuiButton-textError MuiButton-sizeMedium MuiButton-textSizeMedium MuiButton-colorError css-gwcbq2-MuiButtonBase-root-MuiButton-root"
  tabindex="0"
  type="button"
>
  Withdraw Proposal
  <span
    class="MuiTouchRipple-root css-8je8zh-MuiTouchRipple-root"
  />
</button>

Ignored nodes: comments, script, style
<button
  class="MuiButtonBase-root MuiButton-root MuiButton-text MuiButton-textPrimary MuiButton-sizeMedium MuiButton-textSizeMedium MuiButton-colorPrimary MuiButton-root MuiButton-text MuiButton-textPrimary MuiButton-sizeMedium MuiButton-textSizeMedium MuiButton-colorPrimary css-94khcu-MuiButtonBase-root-MuiButton-root"
  tabindex="0"
  type="button"
>
  Close
  <span
    class="MuiTouchRipple-root css-8je8zh-MuiTouchRipple-root"
  />
</button>

Ignored nodes: comments, script, style
<button
  class="MuiButtonBase-root MuiIconButton-root MuiIconButton-sizeSmall css-1l7m31k-MuiButtonBase-root-MuiIconButton-root"
  tabindex="0"
  type="button"
>
  <svg
    aria-hidden="true"
    class="MuiSvgIcon-root MuiSvgIcon-fontSizeMedium css-i4bv87-MuiSvgIcon-root"
    data-testid="BookmarkBorderIcon"
    focusable="false"
    viewBox="0 0 24 24"
  >
    <path
      d="M17 3H7c-1.1 0-1.99.9-1.99 2L5 21l7-3 7 3V5c0-1.1-.9-2-2-2m0 15-5-2.18L7 18V5h10z"
    />
  </svg>
  <span
    class="MuiTouchRipple-root css-8je8zh-MuiTouchRipple-root"
  />
</button>

(If this is intentional, then use the `*AllBy*` variant of the query (like `queryAllByText`, `getAllByText`, or `findAllByText`)).

Ignored nodes: comments, script, style
<body
  style="padding-right: 1024px; overflow: hidden;"
>
  <div
    aria-hidden="true"
  >
    <div
      class="MuiBox-root css-0"
    >
      <div
        class="MuiBox-root css-i3pbo"
      >
        <h5
          class="MuiTypography-root MuiTypography-h5 MuiTypography-gutterBottom css-1hkf4sh-MuiTypography-root"
        >
          Payment History
        </h5>
        <p
          class="MuiTypography-root MuiTypography-body2 css-xtz2xu-MuiTypography-root"
        >
          1
           payment
           found
        </p>
      </div>
      <div
        class="MuiGrid-root MuiGrid-container MuiGrid-spacing-xs-2 css-12rc5ck-MuiGrid-root"
      >
        <div
          class="MuiGrid-root MuiGrid-item MuiGrid-grid-xs-12 MuiGrid-grid-sm-6 MuiGrid-grid-md-3 css-10voxkt-MuiGrid-root"
        >
          <div
            class="MuiFormControl-root MuiFormControl-fullWidth MuiTextField-root css-18hear-MuiFormControl-root-MuiTextField-root"
          >
            <div
              class="MuiInputBase-root MuiOutlinedInput-root MuiInputBase-colorPrimary MuiInputBase-fullWidth MuiInputBase-formControl MuiInputBase-sizeSmall MuiInputBase-adornedStart css-1cj7mpt-MuiInputBase-root-MuiOutlinedInput-root"
            >
              <div
                class="MuiInputAdornment-root MuiInputAdornment-positionStart MuiInputAdornment-outlined MuiInputAdornment-sizeSmall css-ittuaa-MuiInputAdornment-root"
              >
                <span
                  class="notranslate"
                >
                  ​
                </span>
                <svg
                  aria-hidden="true"
                  class="MuiSvgIcon-root MuiSvgIcon-fontSizeMedium css-i4bv87-MuiSvgIcon-root"
                  data-testid="SearchIcon"
                  focusable="false"
                  viewBox="0 0 24 24"
                >
                  <path
                    d="M15.5 14h-.79l-.28-.27C15.41 12.59 16 11.11 16 9.5 16 5.91 13.09 3 9.5 3S3 5.91 3 9.5 5.91 16 9.5 16c1.61 0 3.09-.59 4.23-1.57l.27.28v.79l5 4.99L20.49 19zm-6 0C7.01 14 5 11.99 5 9.5S7.01 5 9.5 5 14 7.01 14 9.5 11.99 14 9.5 14"
                  />
                </svg>
              </div>
              <input
                aria-invalid="false"
                class="MuiInputBase-input MuiOutlinedInput-input MuiInputBase-inputSizeSmall MuiInputBase-inputAdornedStart css-1ua80n0-MuiInputBase-input-MuiOutlinedInput-input"
                id=":rt:"
                placeholder="Search payments..."
                type="text"
                value=""
              />
              <fieldset
                aria-hidden="true"
                class="MuiOutlinedInput-notchedOutline css-r01yff-MuiNotchedOutlined-root-MuiOutlinedInput-notchedOutline"
              >
                <legend
                  class="css-1whs34k-MuiNotchedOutlined-root"
                >
                  <span
                    class="notranslate"
                  >
                    ​
                  </span>
                </legend>
              </fieldset>
            </div>
          </div>
        </div>
        <div
          class="MuiGrid-root MuiGrid-item MuiGrid-grid-xs-12 MuiGrid-grid-sm-6 MuiGrid-grid-md-3 css-10voxkt-MuiGrid-root"
        >
          <div
            class="MuiFormControl-root MuiFormControl-fullWidth css-q8hpuo-MuiFormControl-root"
          >
            <label
              class="MuiFormLabel-root MuiInputLabel-root MuiInputLabel-formControl MuiInputLabel-animated MuiInputLabel-shrink MuiInputLabel-sizeSmall MuiInputLabel-outlined MuiFormLabel-colorPrimary MuiFormLabel-filled MuiInputLabel-root MuiInputLabel-formControl MuiInputLabel-animated MuiInputLabel-shrink MuiInputLabel-sizeSmall MuiInputLabel-outlined css-fe0mau-MuiFormLabel-root-MuiInputLabel-root"
              data-shrink="true"
            >
              Status
            </label>
            <div
              class="MuiInputBase-root MuiOutlinedInput-root MuiInputBase-colorPrimary MuiInputBase-formControl MuiInputBase-sizeSmall css-13lg1x7-MuiInputBase-root-MuiOutlinedInput-root-MuiSelect-root"
            >
              <div
                aria-controls=":ru:"
                aria-expanded="false"
                aria-haspopup="listbox"
                class="MuiSelect-select MuiSelect-outlined MuiInputBase-input MuiOutlinedInput-input MuiInputBase-inputSizeSmall css-1fzjff4-MuiSelect-select-MuiInputBase-input-MuiOutlinedInput-input"
                role="combobox"
                tabindex="0"
              >
                All Statuses
              </div>
              <input
                aria-hidden="true"
                aria-invalid="false"
                class="MuiSelect-nativeInput css-yf8vq0-MuiSelect-nativeInput"
                tabindex="-1"
                value="all"
              />
              <svg
                aria-hidden="true"
                class="MuiSvgIcon-root MuiSvgIcon-fontSizeMedium MuiSelect-icon MuiSelect-iconOutlined css-hfutr2-MuiSvgIcon-root-MuiSelect-icon"
                data-testid="ArrowDropDownIcon"
                focusable="false"
                viewBox="0 0 24 24"
              >
                <path
                  d="M7 10l5 5 5-5z"
                />
              </svg>[...
   ❯ src/test/project.test.tsx > Project Components > ProjectCard > displays project stats correctly
     → Found multiple elements with the text: 5 proposals

Here are the matching elements:

Ignored nodes: comments, script, style
<span
  class="MuiTypography-root MuiTypography-caption css-ol7wxs-MuiTypography-root"
>
  5
   proposals
</span>

Ignored nodes: comments, script, style
<span
  class="MuiTypography-root MuiTypography-caption css-ol7wxs-MuiTypography-root"
>
  5
   proposals
</span>

Ignored nodes: comments, script, style
<span
  class="MuiTypography-root MuiTypography-caption css-ol7wxs-MuiTypography-root"
>
  5
   proposals
</span>

Ignored nodes: comments, script, style
<span
  class="MuiTypography-root MuiTypography-caption css-ol7wxs-MuiTypography-root"
>
  5
   proposals
</span>

Ignored nodes: comments, script, style
<span
  class="MuiTypography-root MuiTypography-caption css-ol7wxs-MuiTypography-root"
>
  5
   proposals
</span>

Ignored nodes: comments, script, style
<span
  class="MuiTypography-root MuiTypography-caption css-ol7wxs-MuiTypography-root"
>
  5
   proposals
</span>

(If this is intentional, then use the `*AllBy*` variant of the query (like `queryAllByText`, `getAllByText`, or `findAllByText`)).

Ignored nodes: comments, script, style
<body
  style="padding-right: 1024px; overflow: hidden;"
>
  <div
    aria-hidden="true"
  >
    <div
      class="MuiBox-root css-0"
    >
      <div
        class="MuiBox-root css-i3pbo"
      >
        <h5
          class="MuiTypography-root MuiTypography-h5 MuiTypography-gutterBottom css-1hkf4sh-MuiTypography-root"
        >
          Payment History
        </h5>
        <p
          class="MuiTypography-root MuiTypography-body2 css-xtz2xu-MuiTypography-root"
        >
          1
           payment
           found
        </p>
      </div>
      <div
        class="MuiGrid-root MuiGrid-container MuiGrid-spacing-xs-2 css-12rc5ck-MuiGrid-root"
      >
        <div
          class="MuiGrid-root MuiGrid-item MuiGrid-grid-xs-12 MuiGrid-grid-sm-6 MuiGrid-grid-md-3 css-10voxkt-MuiGrid-root"
        >
          <div
            class="MuiFormControl-root MuiFormControl-fullWidth MuiTextField-root css-18hear-MuiFormControl-root-MuiTextField-root"
          >
            <div
              class="MuiInputBase-root MuiOutlinedInput-root MuiInputBase-colorPrimary MuiInputBase-fullWidth MuiInputBase-formControl MuiInputBase-sizeSmall MuiInputBase-adornedStart css-1cj7mpt-MuiInputBase-root-MuiOutlinedInput-root"
            >
              <div
                class="MuiInputAdornment-root MuiInputAdornment-positionStart MuiInputAdornment-outlined MuiInputAdornment-sizeSmall css-ittuaa-MuiInputAdornment-root"
              >
                <span
                  class="notranslate"
                >
                  ​
                </span>
                <svg
                  aria-hidden="true"
                  class="MuiSvgIcon-root MuiSvgIcon-fontSizeMedium css-i4bv87-MuiSvgIcon-root"
                  data-testid="SearchIcon"
                  focusable="false"
                  viewBox="0 0 24 24"
                >
                  <path
                    d="M15.5 14h-.79l-.28-.27C15.41 12.59 16 11.11 16 9.5 16 5.91 13.09 3 9.5 3S3 5.91 3 9.5 5.91 16 9.5 16c1.61 0 3.09-.59 4.23-1.57l.27.28v.79l5 4.99L20.49 19zm-6 0C7.01 14 5 11.99 5 9.5S7.01 5 9.5 5 14 7.01 14 9.5 11.99 14 9.5 14"
                  />
                </svg>
              </div>
              <input
                aria-invalid="false"
                class="MuiInputBase-input MuiOutlinedInput-input MuiInputBase-inputSizeSmall MuiInputBase-inputAdornedStart css-1ua80n0-MuiInputBase-input-MuiOutlinedInput-input"
                id=":rt:"
                placeholder="Search payments..."
                type="text"
                value=""
              />
              <fieldset
                aria-hidden="true"
                class="MuiOutlinedInput-notchedOutline css-r01yff-MuiNotchedOutlined-root-MuiOutlinedInput-notchedOutline"
              >
                <legend
                  class="css-1whs34k-MuiNotchedOutlined-root"
                >
                  <span
                    class="notranslate"
                  >
                    ​
                  </span>
                </legend>
              </fieldset>
            </div>
          </div>
        </div>
        <div
          class="MuiGrid-root MuiGrid-item MuiGrid-grid-xs-12 MuiGrid-grid-sm-6 MuiGrid-grid-md-3 css-10voxkt-MuiGrid-root"
        >
          <div
            class="MuiFormControl-root MuiFormControl-fullWidth css-q8hpuo-MuiFormControl-root"
          >
            <label
              class="MuiFormLabel-root MuiInputLabel-root MuiInputLabel-formControl MuiInputLabel-animated MuiInputLabel-shrink MuiInputLabel-sizeSmall MuiInputLabel-outlined MuiFormLabel-colorPrimary MuiFormLabel-filled MuiInputLabel-root MuiInputLabel-formControl MuiInputLabel-animated MuiInputLabel-shrink MuiInputLabel-sizeSmall MuiInputLabel-outlined css-fe0mau-MuiFormLabel-root-MuiInputLabel-root"
              data-shrink="true"
            >
              Status
            </label>
            <div
              class="MuiInputBase-root MuiOutlinedInput-root MuiInputBase-colorPrimary MuiInputBase-formControl MuiInputBase-sizeSmall css-13lg1x7-MuiInputBase-root-MuiOutlinedInput-root-MuiSelect-root"
            >
              <div
                aria-controls=":ru:"
                aria-expanded="false"
                aria-haspopup="listbox"
                class="MuiSelect-select MuiSelect-outlined MuiInputBase-input MuiOutlinedInput-input MuiInputBase-inputSizeSmall css-1fzjff4-MuiSelect-select-MuiInputBase-input-MuiOutlinedInput-input"
                role="combobox"
                tabindex="0"
              >
                All Statuses
              </div>
              <input
                aria-hidden="true"
                aria-invalid="false"
                class="MuiSelect-nativeInput css-yf8vq0-MuiSelect-nativeInput"
                tabindex="-1"
                value="all"
              />
              <svg
                aria-hidden="true"
                class="MuiSvgIcon-root MuiSvgIcon-fontSizeMedium MuiSelect-icon MuiSelect-iconOutlined css-hfutr2-MuiSvgIcon-root-MuiSelect-icon"
                data-testid="ArrowDropDownIcon"
                focusable="false"
                viewBox="0 0 24 24"
              >
                <path
                  d="M7 10l5 5 5-5z"
                />
              </svg>[...
   ❯ src/test/project.test.tsx > Project Components > ProjectCard > shows application deadline
     → Found multiple elements with the text: /Deadline:/

Here are the matching elements:

Ignored nodes: comments, script, style
<span
  class="MuiTypography-root MuiTypography-caption css-19sk6fl-MuiTypography-root"
>
  Deadline: 
  2/15/2024
</span>

Ignored nodes: comments, script, style
<span
  class="MuiTypography-root MuiTypography-caption css-19sk6fl-MuiTypography-root"
>
  Deadline: 
  2/15/2024
</span>

Ignored nodes: comments, script, style
<span
  class="MuiTypography-root MuiTypography-caption css-19sk6fl-MuiTypography-root"
>
  Deadline: 
  2/15/2024
</span>

Ignored nodes: comments, script, style
<span
  class="MuiTypography-root MuiTypography-caption css-19sk6fl-MuiTypography-root"
>
  Deadline: 
  2/15/2024
</span>

Ignored nodes: comments, script, style
<span
  class="MuiTypography-root MuiTypography-caption css-19sk6fl-MuiTypography-root"
>
  Deadline: 
  2/15/2024
</span>

Ignored nodes: comments, script, style
<span
  class="MuiTypography-root MuiTypography-caption css-19sk6fl-MuiTypography-root"
>
  Deadline: 
  2/15/2024
</span>

Ignored nodes: comments, script, style
<span
  class="MuiTypography-root MuiTypography-caption css-19sk6fl-MuiTypography-root"
>
  Deadline: 
  2/15/2024
</span>

(If this is intentional, then use the `*AllBy*` variant of the query (like `queryAllByText`, `getAllByText`, or `findAllByText`)).

Ignored nodes: comments, script, style
<body
  style="padding-right: 1024px; overflow: hidden;"
>
  <div
    aria-hidden="true"
  >
    <div
      class="MuiBox-root css-0"
    >
      <div
        class="MuiBox-root css-i3pbo"
      >
        <h5
          class="MuiTypography-root MuiTypography-h5 MuiTypography-gutterBottom css-1hkf4sh-MuiTypography-root"
        >
          Payment History
        </h5>
        <p
          class="MuiTypography-root MuiTypography-body2 css-xtz2xu-MuiTypography-root"
        >
          1
           payment
           found
        </p>
      </div>
      <div
        class="MuiGrid-root MuiGrid-container MuiGrid-spacing-xs-2 css-12rc5ck-MuiGrid-root"
      >
        <div
          class="MuiGrid-root MuiGrid-item MuiGrid-grid-xs-12 MuiGrid-grid-sm-6 MuiGrid-grid-md-3 css-10voxkt-MuiGrid-root"
        >
          <div
            class="MuiFormControl-root MuiFormControl-fullWidth MuiTextField-root css-18hear-MuiFormControl-root-MuiTextField-root"
          >
            <div
              class="MuiInputBase-root MuiOutlinedInput-root MuiInputBase-colorPrimary MuiInputBase-fullWidth MuiInputBase-formControl MuiInputBase-sizeSmall MuiInputBase-adornedStart css-1cj7mpt-MuiInputBase-root-MuiOutlinedInput-root"
            >
              <div
                class="MuiInputAdornment-root MuiInputAdornment-positionStart MuiInputAdornment-outlined MuiInputAdornment-sizeSmall css-ittuaa-MuiInputAdornment-root"
              >
                <span
                  class="notranslate"
                >
                  ​
                </span>
                <svg
                  aria-hidden="true"
                  class="MuiSvgIcon-root MuiSvgIcon-fontSizeMedium css-i4bv87-MuiSvgIcon-root"
                  data-testid="SearchIcon"
                  focusable="false"
                  viewBox="0 0 24 24"
                >
                  <path
                    d="M15.5 14h-.79l-.28-.27C15.41 12.59 16 11.11 16 9.5 16 5.91 13.09 3 9.5 3S3 5.91 3 9.5 5.91 16 9.5 16c1.61 0 3.09-.59 4.23-1.57l.27.28v.79l5 4.99L20.49 19zm-6 0C7.01 14 5 11.99 5 9.5S7.01 5 9.5 5 14 7.01 14 9.5 11.99 14 9.5 14"
                  />
                </svg>
              </div>
              <input
                aria-invalid="false"
                class="MuiInputBase-input MuiOutlinedInput-input MuiInputBase-inputSizeSmall MuiInputBase-inputAdornedStart css-1ua80n0-MuiInputBase-input-MuiOutlinedInput-input"
                id=":rt:"
                placeholder="Search payments..."
                type="text"
                value=""
              />
              <fieldset
                aria-hidden="true"
                class="MuiOutlinedInput-notchedOutline css-r01yff-MuiNotchedOutlined-root-MuiOutlinedInput-notchedOutline"
              >
                <legend
                  class="css-1whs34k-MuiNotchedOutlined-root"
                >
                  <span
                    class="notranslate"
                  >
                    ​
                  </span>
                </legend>
              </fieldset>
            </div>
          </div>
        </div>
        <div
          class="MuiGrid-root MuiGrid-item MuiGrid-grid-xs-12 MuiGrid-grid-sm-6 MuiGrid-grid-md-3 css-10voxkt-MuiGrid-root"
        >
          <div
            class="MuiFormControl-root MuiFormControl-fullWidth css-q8hpuo-MuiFormControl-root"
          >
            <label
              class="MuiFormLabel-root MuiInputLabel-root MuiInputLabel-formControl MuiInputLabel-animated MuiInputLabel-shrink MuiInputLabel-sizeSmall MuiInputLabel-outlined MuiFormLabel-colorPrimary MuiFormLabel-filled MuiInputLabel-root MuiInputLabel-formControl MuiInputLabel-animated MuiInputLabel-shrink MuiInputLabel-sizeSmall MuiInputLabel-outlined css-fe0mau-MuiFormLabel-root-MuiInputLabel-root"
              data-shrink="true"
            >
              Status
            </label>
            <div
              class="MuiInputBase-root MuiOutlinedInput-root MuiInputBase-colorPrimary MuiInputBase-formControl MuiInputBase-sizeSmall css-13lg1x7-MuiInputBase-root-MuiOutlinedInput-root-MuiSelect-root"
            >
              <div
                aria-controls=":ru:"
                aria-expanded="false"
                aria-haspopup="listbox"
                class="MuiSelect-select MuiSelect-outlined MuiInputBase-input MuiOutlinedInput-input MuiInputBase-inputSizeSmall css-1fzjff4-MuiSelect-select-MuiInputBase-input-MuiOutlinedInput-input"
                role="combobox"
                tabindex="0"
              >
                All Statuses
              </div>
              <input
                aria-hidden="true"
                aria-invalid="false"
                class="MuiSelect-nativeInput css-yf8vq0-MuiSelect-nativeInput"
                tabindex="-1"
                value="all"
              />
              <svg
                aria-hidden="true"
                class="MuiSvgIcon-root MuiSvgIcon-fontSizeMedium MuiSelect-icon MuiSelect-iconOutlined css-hfutr2-MuiSvgIcon-root-MuiSelect-icon"
                data-testid="ArrowDropDownIcon"
                focusable="false"
                viewBox="0 0 24 24"
              >
                <path
                  d="M7 10l5 5 5-5z"
                />
              </svg>[...
   ❯ src/test/project.test.tsx > Project Components > ProjectCard > has view details link
     → Found multiple elements with the text: View Details

Here are the matching elements:

Ignored nodes: comments, script, style
<button
  class="MuiButtonBase-root MuiButton-root MuiButton-text MuiButton-textPrimary MuiButton-sizeSmall MuiButton-textSizeSmall MuiButton-colorPrimary MuiButton-root MuiButton-text MuiButton-textPrimary MuiButton-sizeSmall MuiButton-textSizeSmall MuiButton-colorPrimary css-1v1pa0w-MuiButtonBase-root-MuiButton-root"
  tabindex="0"
  type="button"
>
  <span
    class="MuiButton-icon MuiButton-startIcon MuiButton-iconSizeSmall css-cstir9-MuiButton-startIcon"
  >
    <svg
      aria-hidden="true"
      class="MuiSvgIcon-root MuiSvgIcon-fontSizeMedium css-i4bv87-MuiSvgIcon-root"
      data-testid="VisibilityIcon"
      focusable="false"
      viewBox="0 0 24 24"
    >
      <path
        d="M12 4.5C7 4.5 2.73 7.61 1 12c1.73 4.39 6 7.5 11 7.5s9.27-3.11 11-7.5c-1.73-4.39-6-7.5-11-7.5M12 17c-2.76 0-5-2.24-5-5s2.24-5 5-5 5 2.24 5 5-2.24 5-5 5m0-8c-1.66 0-3 1.34-3 3s1.34 3 3 3 3-1.34 3-3-1.34-3-3-3"
      />
    </svg>
  </span>
  View Details
  <span
    class="MuiTouchRipple-root css-8je8zh-MuiTouchRipple-root"
  />
</button>

Ignored nodes: comments, script, style
<button
  class="MuiButtonBase-root MuiButton-root MuiButton-text MuiButton-textPrimary MuiButton-sizeSmall MuiButton-textSizeSmall MuiButton-colorPrimary MuiButton-root MuiButton-text MuiButton-textPrimary MuiButton-sizeSmall MuiButton-textSizeSmall MuiButton-colorPrimary css-1v1pa0w-MuiButtonBase-root-MuiButton-root"
  tabindex="0"
  type="button"
>
  <span
    class="MuiButton-icon MuiButton-startIcon MuiButton-iconSizeSmall css-cstir9-MuiButton-startIcon"
  >
    <svg
      aria-hidden="true"
      class="MuiSvgIcon-root MuiSvgIcon-fontSizeMedium css-i4bv87-MuiSvgIcon-root"
      data-testid="VisibilityIcon"
      focusable="false"
      viewBox="0 0 24 24"
    >
      <path
        d="M12 4.5C7 4.5 2.73 7.61 1 12c1.73 4.39 6 7.5 11 7.5s9.27-3.11 11-7.5c-1.73-4.39-6-7.5-11-7.5M12 17c-2.76 0-5-2.24-5-5s2.24-5 5-5 5 2.24 5 5-2.24 5-5 5m0-8c-1.66 0-3 1.34-3 3s1.34 3 3 3 3-1.34 3-3-1.34-3-3-3"
      />
    </svg>
  </span>
  View Details
  <span
    class="MuiTouchRipple-root css-8je8zh-MuiTouchRipple-root"
  />
</button>

Ignored nodes: comments, script, style
<button
  class="MuiButtonBase-root MuiButton-root MuiButton-text MuiButton-textPrimary MuiButton-sizeSmall MuiButton-textSizeSmall MuiButton-colorPrimary MuiButton-root MuiButton-text MuiButton-textPrimary MuiButton-sizeSmall MuiButton-textSizeSmall MuiButton-colorPrimary css-1v1pa0w-MuiButtonBase-root-MuiButton-root"
  tabindex="0"
  type="button"
>
  <span
    class="MuiButton-icon MuiButton-startIcon MuiButton-iconSizeSmall css-cstir9-MuiButton-startIcon"
  >
    <svg
      aria-hidden="true"
      class="MuiSvgIcon-root MuiSvgIcon-fontSizeMedium css-i4bv87-MuiSvgIcon-root"
      data-testid="VisibilityIcon"
      focusable="false"
      viewBox="0 0 24 24"
    >
      <path
        d="M12 4.5C7 4.5 2.73 7.61 1 12c1.73 4.39 6 7.5 11 7.5s9.27-3.11 11-7.5c-1.73-4.39-6-7.5-11-7.5M12 17c-2.76 0-5-2.24-5-5s2.24-5 5-5 5 2.24 5 5-2.24 5-5 5m0-8c-1.66 0-3 1.34-3 3s1.34 3 3 3 3-1.34 3-3-1.34-3-3-3"
      />
    </svg>
  </span>
  View Details
  <span
    class="MuiTouchRipple-root css-8je8zh-MuiTouchRipple-root"
  />
</button>

Ignored nodes: comments, script, style
<button
  class="MuiButtonBase-root MuiButton-root MuiButton-text MuiButton-textPrimary MuiButton-sizeSmall MuiButton-textSizeSmall MuiButton-colorPrimary MuiButton-root MuiButton-text MuiButton-textPrimary MuiButton-sizeSmall MuiButton-textSizeSmall MuiButton-colorPrimary css-1v1pa0w-MuiButtonBase-root-MuiButton-root"
  tabindex="0"
  type="button"
>
  <span
    class="MuiButton-icon MuiButton-startIcon MuiButton-iconSizeSmall css-cstir9-MuiButton-startIcon"
  >
    <svg
      aria-hidden="true"
      class="MuiSvgIcon-root MuiSvgIcon-fontSizeMedium css-i4bv87-MuiSvgIcon-root"
      data-testid="VisibilityIcon"
      focusable="false"
      viewBox="0 0 24 24"
    >
      <path
        d="M12 4.5C7 4.5 2.73 7.61 1 12c1.73 4.39 6 7.5 11 7.5s9.27-3.11 11-7.5c-1.73-4.39-6-7.5-11-7.5M12 17c-2.76 0-5-2.24-5-5s2.24-5 5-5 5 2.24 5 5-2.24 5-5 5m0-8c-1.66 0-3 1.34-3 3s1.34 3 3 3 3-1.34 3-3-1.34-3-3-3"
      />
    </svg>
  </span>
  View Details
  <span
    class="MuiTouchRipple-root css-8je8zh-MuiTouchRipple-root"
  />
</button>

Ignored nodes: comments, script, style
<a
  class="MuiButtonBase-root MuiButton-root MuiButton-contained MuiButton-containedPrimary MuiButton-sizeSmall MuiButton-containedSizeSmall MuiButton-colorPrimary MuiButton-fullWidth MuiButton-root MuiButton-contained MuiButton-containedPrimary MuiButton-sizeSmall MuiButton-containedSizeSmall MuiButton-colorPrimary MuiButton-fullWidth css-1evprfk-MuiButtonBase-root-MuiButton-root"
  href="/projects/1"
  tabindex="0"
>
  View Details
  <span
    class="MuiTouchRipple-root css-8je8zh-MuiTouchRipple-root"
  />
</a>

Ignored nodes: comments, script, style
<a
  class="MuiButtonBase-root MuiButton-root MuiButton-contained MuiButton-containedPrimary MuiButton-sizeSmall MuiButton-containedSizeSmall MuiButton-colorPrimary MuiButton-fullWidth MuiButton-root MuiButton-contained MuiButton-containedPrimary MuiButton-sizeSmall MuiButton-containedSizeSmall MuiButton-colorPrimary MuiButton-fullWidth css-1evprfk-MuiButtonBase-root-MuiButton-root"
  href="/projects/1"
  tabindex="0"
>
  View Details
  <span
    class="MuiTouchRipple-root css-8je8zh-MuiTouchRipple-root"
  />
</a>

Ignored nodes: comments, script, style
<a
  class="MuiButtonBase-root MuiButton-root MuiButton-contained MuiButton-containedPrimary MuiButton-sizeSmall MuiButton-containedSizeSmall MuiButton-colorPrimary MuiButton-fullWidth MuiButton-root MuiButton-contained MuiButton-containedPrimary MuiButton-sizeSmall MuiButton-containedSizeSmall MuiButton-colorPrimary MuiButton-fullWidth css-1evprfk-MuiButtonBase-root-MuiButton-root"
  href="/projects/1"
  tabindex="0"
>
  View Details
  <span
    class="MuiTouchRipple-root css-8je8zh-MuiTouchRipple-root"
  />
</a>

Ignored nodes: comments, script, style
<a
  class="MuiButtonBase-root MuiButton-root MuiButton-contained MuiButton-containedPrimary MuiButton-sizeSmall MuiButton-containedSizeSmall MuiButton-colorPrimary MuiButton-fullWidth MuiButton-root MuiButton-contained MuiButton-containedPrimary MuiButton-sizeSmall MuiButton-containedSizeSmall MuiButton-colorPrimary MuiButton-fullWidth css-1evprfk-MuiButtonBase-root-MuiButton-root"
  href="/projects/1"
  tabindex="0"
>
  View Details
  <span
    class="MuiTouchRipple-root css-8je8zh-MuiTouchRipple-root"
  />
</a>

Ignored nodes: comments, script, style
<a
  class="MuiButtonBase-root MuiButton-root MuiButton-contained MuiButton-containedPrimary MuiButton-sizeSmall MuiButton-containedSizeSmall MuiButton-colorPrimary MuiButton-fullWidth MuiButton-root MuiButton-contained MuiButton-containedPrimary MuiButton-sizeSmall MuiButton-containedSizeSmall MuiButton-colorPrimary MuiButton-fullWidth css-1evprfk-MuiButtonBase-root-MuiButton-root"
  href="/projects/1"
  tabindex="0"
>
  View Details
  <span
    class="MuiTouchRipple-root css-8je8zh-MuiTouchRipple-root"
  />
</a>

Ignored nodes: comments, script, style
<a
  class="MuiButtonBase-root MuiButton-root MuiButton-contained MuiButton-containedPrimary MuiButton-sizeSmall MuiButton-containedSizeSmall MuiButton-colorPrimary MuiButton-fullWidth MuiButton-root MuiButton-contained MuiButton-containedPrimary MuiButton-sizeSmall MuiButton-containedSizeSmall MuiButton-colorPrimary MuiButton-fullWidth css-1evprfk-MuiButtonBase-root-MuiButton-root"
  href="/projects/1"
  tabindex="0"
>
  View Details
  <span
    class="MuiTouchRipple-root css-8je8zh-MuiTouchRipple-root"
  />
</a>

Ignored nodes: comments, script, style
<a
  class="MuiButtonBase-root MuiButton-root MuiButton-contained MuiButton-containedPrimary MuiButton-sizeSmall MuiButton-containedSizeSmall MuiButton-colorPrimary MuiButton-fullWidth MuiButton-root MuiButton-contained MuiButton-containedPrimary MuiButton-sizeSmall MuiButton-containedSizeSmall MuiButton-colorPrimary MuiButton-fullWidth css-1evprfk-MuiButtonBase-root-MuiButton-root"
  href="/projects/1"
  tabindex="0"
>
  View Details
  <span
    class="MuiTouchRipple-root css-8je8zh-MuiTouchRipple-root"
  />
</a>

Ignored nodes: comments, script, style
<a
  class="MuiButtonBase-root MuiButton-root MuiButton-contained MuiButton-containedPrimary MuiButton-sizeSmall MuiButton-containedSizeSmall MuiButton-colorPrimary MuiButton-fullWidth MuiButton-root MuiButton-contained MuiButton-containedPrimary MuiButton-sizeSmall MuiButton-containedSizeSmall MuiButton-colorPrimary MuiButton-fullWidth css-1evprfk-MuiButtonBase-root-MuiButton-root"
  href="/projects/1"
  tabindex="0"
>
  View Details
  <span
    class="MuiTouchRipple-root css-8je8zh-MuiTouchRipple-root"
  />
</a>

(If this is intentional, then use the `*AllBy*` variant of the query (like `queryAllByText`, `getAllByText`, or `findAllByText`)).

Ignored nodes: comments, script, style
<body
  style="padding-right: 1024px; overflow: hidden;"
>
  <div
    aria-hidden="true"
  >
    <div
      class="MuiBox-root css-0"
    >
      <div
        class="MuiBox-root css-i3pbo"
      >
        <h5
          class="MuiTypography-root MuiTypography-h5 MuiTypography-gutterBottom css-1hkf4sh-MuiTypography-root"
        >
          Payment History
        </h5>
        <p
          class="MuiTypography-root MuiTypography-body2 css-xtz2xu-MuiTypography-root"
        >
          1
           payment
           found
        </p>
      </div>
      <div
        class="MuiGrid-root MuiGrid-container MuiGrid-spacing-xs-2 css-12rc5ck-MuiGrid-root"
      >
        <div
          class="MuiGrid-root MuiGrid-item MuiGrid-grid-xs-12 MuiGrid-grid-sm-6 MuiGrid-grid-md-3 css-10voxkt-MuiGrid-root"
        >
          <div
            class="MuiFormControl-root MuiFormControl-fullWidth MuiTextField-root css-18hear-MuiFormControl-root-MuiTextField-root"
          >
            <div
              class="MuiInputBase-root MuiOutlinedInput-root MuiInputBase-colorPrimary MuiInputBase-fullWidth MuiInputBase-formControl MuiInputBase-sizeSmall MuiInputBase-adornedStart css-1cj7mpt-MuiInputBase-root-MuiOutlinedInput-root"
            >
              <div
                class="MuiInputAdornment-root MuiInputAdornment-positionStart MuiInputAdornment-outlined MuiInputAdornment-sizeSmall css-ittuaa-MuiInputAdornment-root"
              >
                <span
                  class="notranslate"
                >
                  ​
                </span>
                <svg
                  aria-hidden="true"
                  class="MuiSvgIcon-root MuiSvgIcon-fontSizeMedium css-i4bv87-MuiSvgIcon-root"
                  data-testid="SearchIcon"
                  focusable="false"
                  viewBox="0 0 24 24"
                >
                  <path
                    d="M15.5 14h-.79l-.28-.27C15.41 12.59 16 11.11 16 9.5 16 5.91 13.09 3 9.5 3S3 5.91 3 9.5 5.91 16 9.5 16c1.61 0 3.09-.59 4.23-1.57l.27.28v.79l5 4.99L20.49 19zm-6 0C7.01 14 5 11.99 5 9.5S7.01 5 9.5 5 14 7.01 14 9.5 11.99 14 9.5 14"
                  />
                </svg>
              </div>
              <input
                aria-invalid="false"
                class="MuiInputBase-input MuiOutlinedInput-input MuiInputBase-inputSizeSmall MuiInputBase-inputAdornedStart css-1ua80n0-MuiInputBase-input-MuiOutlinedInput-input"
                id=":rt:"
                placeholder="Search payments..."
                type="text"
                value=""
              />
              <fieldset
                aria-hidden="true"
                class="MuiOutlinedInput-notchedOutline css-r01yff-MuiNotchedOutlined-root-MuiOutlinedInput-notchedOutline"
              >
                <legend
                  class="css-1whs34k-MuiNotchedOutlined-root"
                >
                  <span
                    class="notranslate"
                  >
                    ​
                  </span>
                </legend>
              </fieldset>
            </div>
          </div>
        </div>
        <div
          class="MuiGrid-root MuiGrid-item MuiGrid-grid-xs-12 MuiGrid-grid-sm-6 MuiGrid-grid-md-3 css-10voxkt-MuiGrid-root"
        >
          <div
            class="MuiFormControl-root MuiFormControl-fullWidth css-q8hpuo-MuiFormControl-root"
          >
            <label
              class="MuiFormLabel-root MuiInputLabel-root MuiInputLabel-formControl MuiInputLabel-animated MuiInputLabel-shrink MuiInputLabel-sizeSmall MuiInputLabel-outlined MuiFormLabel-colorPrimary MuiFormLabel-filled MuiInputLabel-root MuiInputLabel-formControl MuiInputLabel-animated MuiInputLabel-shrink MuiInputLabel-sizeSmall MuiInputLabel-outlined css-fe0mau-MuiFormLabel-root-MuiInputLabel-root"
              data-shrink="true"
            >
              Status
            </label>
            <div
              class="MuiInputBase-root MuiOutlinedInput-root MuiInputBase-colorPrimary MuiInputBase-formControl MuiInputBase-sizeSmall css-13lg1x7-MuiInputBase-root-MuiOutlinedInput-root-MuiSelect-root"
            >
              <div
                aria-controls=":ru:"
                aria-expanded="false"
                aria-haspopup="listbox"
                class="MuiSelect-select MuiSelect-outlined MuiInputBase-input MuiOutlinedInput-input MuiInputBase-inputSizeSmall css-1fzjff4-MuiSelect-select-MuiInputBase-input-MuiOutlinedInput-input"
                role="combobox"
                tabindex="0"
              >
                All Statuses
              </div>
              <input
                aria-hidden="true"
                aria-invalid="false"
                class="MuiSelect-nativeInput css-yf8vq0-MuiSelect-nativeInput"
                tabindex="-1"
                value="all"
              />
              <svg
                aria-hidden="true"
                class="MuiSvgIcon-root MuiSvgIcon-fontSizeMedium MuiSelect-icon MuiSelect-iconOutlined css-hfutr2-MuiSvgIcon-root-MuiSelect-icon"
                data-testid="ArrowDropDownIcon"
                focusable="false"
                viewBox="0 0 24 24"
              >
                <path
                  d="M7 10l5 5 5-5z"
                />
              </svg>[...
   ❯ src/test/project.test.tsx > Project Components > ProjectFilters > renders quick filter buttons
     → Found multiple elements with the text: Featured

Here are the matching elements:

Ignored nodes: comments, script, style
<button
  class="MuiButtonBase-root MuiButton-root MuiButton-outlined MuiButton-outlinedPrimary MuiButton-sizeSmall MuiButton-outlinedSizeSmall MuiButton-colorPrimary MuiButton-root MuiButton-outlined MuiButton-outlinedPrimary MuiButton-sizeSmall MuiButton-outlinedSizeSmall MuiButton-colorPrimary css-1k23hlb-MuiButtonBase-root-MuiButton-root"
  tabindex="0"
  type="button"
>
  Featured
  <span
    class="MuiTouchRipple-root css-8je8zh-MuiTouchRipple-root"
  />
</button>

Ignored nodes: comments, script, style
<button
  class="MuiButtonBase-root MuiButton-root MuiButton-outlined MuiButton-outlinedPrimary MuiButton-sizeSmall MuiButton-outlinedSizeSmall MuiButton-colorPrimary MuiButton-root MuiButton-outlined MuiButton-outlinedPrimary MuiButton-sizeSmall MuiButton-outlinedSizeSmall MuiButton-colorPrimary css-1k23hlb-MuiButtonBase-root-MuiButton-root"
  tabindex="0"
  type="button"
>
  Featured
  <span
    class="MuiTouchRipple-root css-8je8zh-MuiTouchRipple-root"
  />
</button>

(If this is intentional, then use the `*AllBy*` variant of the query (like `queryAllByText`, `getAllByText`, or `findAllByText`)).

Ignored nodes: comments, script, style
<body
  style="padding-right: 1024px; overflow: hidden;"
>
  <div
    aria-hidden="true"
  >
    <div
      class="MuiBox-root css-0"
    >
      <div
        class="MuiBox-root css-i3pbo"
      >
        <h5
          class="MuiTypography-root MuiTypography-h5 MuiTypography-gutterBottom css-1hkf4sh-MuiTypography-root"
        >
          Payment History
        </h5>
        <p
          class="MuiTypography-root MuiTypography-body2 css-xtz2xu-MuiTypography-root"
        >
          1
           payment
           found
        </p>
      </div>
      <div
        class="MuiGrid-root MuiGrid-container MuiGrid-spacing-xs-2 css-12rc5ck-MuiGrid-root"
      >
        <div
          class="MuiGrid-root MuiGrid-item MuiGrid-grid-xs-12 MuiGrid-grid-sm-6 MuiGrid-grid-md-3 css-10voxkt-MuiGrid-root"
        >
          <div
            class="MuiFormControl-root MuiFormControl-fullWidth MuiTextField-root css-18hear-MuiFormControl-root-MuiTextField-root"
          >
            <div
              class="MuiInputBase-root MuiOutlinedInput-root MuiInputBase-colorPrimary MuiInputBase-fullWidth MuiInputBase-formControl MuiInputBase-sizeSmall MuiInputBase-adornedStart css-1cj7mpt-MuiInputBase-root-MuiOutlinedInput-root"
            >
              <div
                class="MuiInputAdornment-root MuiInputAdornment-positionStart MuiInputAdornment-outlined MuiInputAdornment-sizeSmall css-ittuaa-MuiInputAdornment-root"
              >
                <span
                  class="notranslate"
                >
                  ​
                </span>
                <svg
                  aria-hidden="true"
                  class="MuiSvgIcon-root MuiSvgIcon-fontSizeMedium css-i4bv87-MuiSvgIcon-root"
                  data-testid="SearchIcon"
                  focusable="false"
                  viewBox="0 0 24 24"
                >
                  <path
                    d="M15.5 14h-.79l-.28-.27C15.41 12.59 16 11.11 16 9.5 16 5.91 13.09 3 9.5 3S3 5.91 3 9.5 5.91 16 9.5 16c1.61 0 3.09-.59 4.23-1.57l.27.28v.79l5 4.99L20.49 19zm-6 0C7.01 14 5 11.99 5 9.5S7.01 5 9.5 5 14 7.01 14 9.5 11.99 14 9.5 14"
                  />
                </svg>
              </div>
              <input
                aria-invalid="false"
                class="MuiInputBase-input MuiOutlinedInput-input MuiInputBase-inputSizeSmall MuiInputBase-inputAdornedStart css-1ua80n0-MuiInputBase-input-MuiOutlinedInput-input"
                id=":rt:"
                placeholder="Search payments..."
                type="text"
                value=""
              />
              <fieldset
                aria-hidden="true"
                class="MuiOutlinedInput-notchedOutline css-r01yff-MuiNotchedOutlined-root-MuiOutlinedInput-notchedOutline"
              >
                <legend
                  class="css-1whs34k-MuiNotchedOutlined-root"
                >
                  <span
                    class="notranslate"
                  >
                    ​
                  </span>
                </legend>
              </fieldset>
            </div>
          </div>
        </div>
        <div
          class="MuiGrid-root MuiGrid-item MuiGrid-grid-xs-12 MuiGrid-grid-sm-6 MuiGrid-grid-md-3 css-10voxkt-MuiGrid-root"
        >
          <div
            class="MuiFormControl-root MuiFormControl-fullWidth css-q8hpuo-MuiFormControl-root"
          >
            <label
              class="MuiFormLabel-root MuiInputLabel-root MuiInputLabel-formControl MuiInputLabel-animated MuiInputLabel-shrink MuiInputLabel-sizeSmall MuiInputLabel-outlined MuiFormLabel-colorPrimary MuiFormLabel-filled MuiInputLabel-root MuiInputLabel-formControl MuiInputLabel-animated MuiInputLabel-shrink MuiInputLabel-sizeSmall MuiInputLabel-outlined css-fe0mau-MuiFormLabel-root-MuiInputLabel-root"
              data-shrink="true"
            >
              Status
            </label>
            <div
              class="MuiInputBase-root MuiOutlinedInput-root MuiInputBase-colorPrimary MuiInputBase-formControl MuiInputBase-sizeSmall css-13lg1x7-MuiInputBase-root-MuiOutlinedInput-root-MuiSelect-root"
            >
              <div
                aria-controls=":ru:"
                aria-expanded="false"
                aria-haspopup="listbox"
                class="MuiSelect-select MuiSelect-outlined MuiInputBase-input MuiOutlinedInput-input MuiInputBase-inputSizeSmall css-1fzjff4-MuiSelect-select-MuiInputBase-input-MuiOutlinedInput-input"
                role="combobox"
                tabindex="0"
              >
                All Statuses
              </div>
              <input
                aria-hidden="true"
                aria-invalid="false"
                class="MuiSelect-nativeInput css-yf8vq0-MuiSelect-nativeInput"
                tabindex="-1"
                value="all"
              />
              <svg
                aria-hidden="true"
                class="MuiSvgIcon-root MuiSvgIcon-fontSizeMedium MuiSelect-icon MuiSelect-iconOutlined css-hfutr2-MuiSvgIcon-root-MuiSelect-icon"
                data-testid="ArrowDropDownIcon"
                focusable="false"
                viewBox="0 0 24 24"
              >
                <path
                  d="M7 10l5 5 5-5z"
                />
              </svg>[...
   ❯ src/test/project.test.tsx > Project Components > ProjectFilters > calls onFiltersChange when search input changes
     → Found multiple elements with the placeholder text of: Search projects...

Here are the matching elements:

Ignored nodes: comments, script, style
<input
  aria-invalid="false"
  class="MuiInputBase-input MuiOutlinedInput-input MuiInputBase-inputAdornedStart css-1o9s3wi-MuiInputBase-input-MuiOutlinedInput-input"
  id=":r4g:"
  placeholder="Search projects..."
  type="text"
  value=""
/>

Ignored nodes: comments, script, style
<input
  aria-invalid="false"
  class="MuiInputBase-input MuiOutlinedInput-input MuiInputBase-inputAdornedStart css-1o9s3wi-MuiInputBase-input-MuiOutlinedInput-input"
  id=":r4n:"
  placeholder="Search projects..."
  type="text"
  value=""
/>

Ignored nodes: comments, script, style
<input
  aria-invalid="false"
  class="MuiInputBase-input MuiOutlinedInput-input MuiInputBase-inputAdornedStart css-1o9s3wi-MuiInputBase-input-MuiOutlinedInput-input"
  id=":r4u:"
  placeholder="Search projects..."
  type="text"
  value=""
/>

(If this is intentional, then use the `*AllBy*` variant of the query (like `queryAllByText`, `getAllByText`, or `findAllByText`)).

Ignored nodes: comments, script, style
<body
  style="padding-right: 1024px; overflow: hidden;"
>
  <div
    aria-hidden="true"
  >
    <div
      class="MuiBox-root css-0"
    >
      <div
        class="MuiBox-root css-i3pbo"
      >
        <h5
          class="MuiTypography-root MuiTypography-h5 MuiTypography-gutterBottom css-1hkf4sh-MuiTypography-root"
        >
          Payment History
        </h5>
        <p
          class="MuiTypography-root MuiTypography-body2 css-xtz2xu-MuiTypography-root"
        >
          1
           payment
           found
        </p>
      </div>
      <div
        class="MuiGrid-root MuiGrid-container MuiGrid-spacing-xs-2 css-12rc5ck-MuiGrid-root"
      >
        <div
          class="MuiGrid-root MuiGrid-item MuiGrid-grid-xs-12 MuiGrid-grid-sm-6 MuiGrid-grid-md-3 css-10voxkt-MuiGrid-root"
        >
          <div
            class="MuiFormControl-root MuiFormControl-fullWidth MuiTextField-root css-18hear-MuiFormControl-root-MuiTextField-root"
          >
            <div
              class="MuiInputBase-root MuiOutlinedInput-root MuiInputBase-colorPrimary MuiInputBase-fullWidth MuiInputBase-formControl MuiInputBase-sizeSmall MuiInputBase-adornedStart css-1cj7mpt-MuiInputBase-root-MuiOutlinedInput-root"
            >
              <div
                class="MuiInputAdornment-root MuiInputAdornment-positionStart MuiInputAdornment-outlined MuiInputAdornment-sizeSmall css-ittuaa-MuiInputAdornment-root"
              >
                <span
                  class="notranslate"
                >
                  ​
                </span>
                <svg
                  aria-hidden="true"
                  class="MuiSvgIcon-root MuiSvgIcon-fontSizeMedium css-i4bv87-MuiSvgIcon-root"
                  data-testid="SearchIcon"
                  focusable="false"
                  viewBox="0 0 24 24"
                >
                  <path
                    d="M15.5 14h-.79l-.28-.27C15.41 12.59 16 11.11 16 9.5 16 5.91 13.09 3 9.5 3S3 5.91 3 9.5 5.91 16 9.5 16c1.61 0 3.09-.59 4.23-1.57l.27.28v.79l5 4.99L20.49 19zm-6 0C7.01 14 5 11.99 5 9.5S7.01 5 9.5 5 14 7.01 14 9.5 11.99 14 9.5 14"
                  />
                </svg>
              </div>
              <input
                aria-invalid="false"
                class="MuiInputBase-input MuiOutlinedInput-input MuiInputBase-inputSizeSmall MuiInputBase-inputAdornedStart css-1ua80n0-MuiInputBase-input-MuiOutlinedInput-input"
                id=":rt:"
                placeholder="Search payments..."
                type="text"
                value=""
              />
              <fieldset
                aria-hidden="true"
                class="MuiOutlinedInput-notchedOutline css-r01yff-MuiNotchedOutlined-root-MuiOutlinedInput-notchedOutline"
              >
                <legend
                  class="css-1whs34k-MuiNotchedOutlined-root"
                >
                  <span
                    class="notranslate"
                  >
                    ​
                  </span>
                </legend>
              </fieldset>
            </div>
          </div>
        </div>
        <div
          class="MuiGrid-root MuiGrid-item MuiGrid-grid-xs-12 MuiGrid-grid-sm-6 MuiGrid-grid-md-3 css-10voxkt-MuiGrid-root"
        >
          <div
            class="MuiFormControl-root MuiFormControl-fullWidth css-q8hpuo-MuiFormControl-root"
          >
            <label
              class="MuiFormLabel-root MuiInputLabel-root MuiInputLabel-formControl MuiInputLabel-animated MuiInputLabel-shrink MuiInputLabel-sizeSmall MuiInputLabel-outlined MuiFormLabel-colorPrimary MuiFormLabel-filled MuiInputLabel-root MuiInputLabel-formControl MuiInputLabel-animated MuiInputLabel-shrink MuiInputLabel-sizeSmall MuiInputLabel-outlined css-fe0mau-MuiFormLabel-root-MuiInputLabel-root"
              data-shrink="true"
            >
              Status
            </label>
            <div
              class="MuiInputBase-root MuiOutlinedInput-root MuiInputBase-colorPrimary MuiInputBase-formControl MuiInputBase-sizeSmall css-13lg1x7-MuiInputBase-root-MuiOutlinedInput-root-MuiSelect-root"
            >
              <div
                aria-controls=":ru:"
                aria-expanded="false"
                aria-haspopup="listbox"
                class="MuiSelect-select MuiSelect-outlined MuiInputBase-input MuiOutlinedInput-input MuiInputBase-inputSizeSmall css-1fzjff4-MuiSelect-select-MuiInputBase-input-MuiOutlinedInput-input"
                role="combobox"
                tabindex="0"
              >
                All Statuses
              </div>
              <input
                aria-hidden="true"
                aria-invalid="false"
                class="MuiSelect-nativeInput css-yf8vq0-MuiSelect-nativeInput"
                tabindex="-1"
                value="all"
              />
              <svg
                aria-hidden="true"
                class="MuiSvgIcon-root MuiSvgIcon-fontSizeMedium MuiSelect-icon MuiSelect-iconOutlined css-hfutr2-MuiSvgIcon-root-MuiSelect-icon"
                data-testid="ArrowDropDownIcon"
                focusable="false"
                viewBox="0 0 24 24"
              >
                <path
                  d="M7 10l5 5 5-5z"
                />
              </svg>[...
   ❯ src/test/project.test.tsx > Project Components > ProjectFilters > toggles featured filter when button clicked
     → Found multiple elements with the text: Featured

Here are the matching elements:

Ignored nodes: comments, script, style
<button
  class="MuiButtonBase-root MuiButton-root MuiButton-outlined MuiButton-outlinedPrimary MuiButton-sizeSmall MuiButton-outlinedSizeSmall MuiButton-colorPrimary MuiButton-root MuiButton-outlined MuiButton-outlinedPrimary MuiButton-sizeSmall MuiButton-outlinedSizeSmall MuiButton-colorPrimary css-1k23hlb-MuiButtonBase-root-MuiButton-root"
  tabindex="0"
  type="button"
>
  Featured
  <span
    class="MuiTouchRipple-root css-8je8zh-MuiTouchRipple-root"
  />
</button>

Ignored nodes: comments, script, style
<button
  class="MuiButtonBase-root MuiButton-root MuiButton-outlined MuiButton-outlinedPrimary MuiButton-sizeSmall MuiButton-outlinedSizeSmall MuiButton-colorPrimary MuiButton-root MuiButton-outlined MuiButton-outlinedPrimary MuiButton-sizeSmall MuiButton-outlinedSizeSmall MuiButton-colorPrimary css-1k23hlb-MuiButtonBase-root-MuiButton-root"
  tabindex="0"
  type="button"
>
  Featured
  <span
    class="MuiTouchRipple-root css-8je8zh-MuiTouchRipple-root"
  />
</button>

Ignored nodes: comments, script, style
<button
  class="MuiButtonBase-root MuiButton-root MuiButton-outlined MuiButton-outlinedPrimary MuiButton-sizeSmall MuiButton-outlinedSizeSmall MuiButton-colorPrimary MuiButton-root MuiButton-outlined MuiButton-outlinedPrimary MuiButton-sizeSmall MuiButton-outlinedSizeSmall MuiButton-colorPrimary css-1k23hlb-MuiButtonBase-root-MuiButton-root"
  tabindex="0"
  type="button"
>
  Featured
  <span
    class="MuiTouchRipple-root css-8je8zh-MuiTouchRipple-root"
  />
</button>

Ignored nodes: comments, script, style
<button
  class="MuiButtonBase-root MuiButton-root MuiButton-outlined MuiButton-outlinedPrimary MuiButton-sizeSmall MuiButton-outlinedSizeSmall MuiButton-colorPrimary MuiButton-root MuiButton-outlined MuiButton-outlinedPrimary MuiButton-sizeSmall MuiButton-outlinedSizeSmall MuiButton-colorPrimary css-1k23hlb-MuiButtonBase-root-MuiButton-root"
  tabindex="0"
  type="button"
>
  Featured
  <span
    class="MuiTouchRipple-root css-8je8zh-MuiTouchRipple-root"
  />
</button>

(If this is intentional, then use the `*AllBy*` variant of the query (like `queryAllByText`, `getAllByText`, or `findAllByText`)).

Ignored nodes: comments, script, style
<body
  style="padding-right: 1024px; overflow: hidden;"
>
  <div
    aria-hidden="true"
  >
    <div
      class="MuiBox-root css-0"
    >
      <div
        class="MuiBox-root css-i3pbo"
      >
        <h5
          class="MuiTypography-root MuiTypography-h5 MuiTypography-gutterBottom css-1hkf4sh-MuiTypography-root"
        >
          Payment History
        </h5>
        <p
          class="MuiTypography-root MuiTypography-body2 css-xtz2xu-MuiTypography-root"
        >
          1
           payment
           found
        </p>
      </div>
      <div
        class="MuiGrid-root MuiGrid-container MuiGrid-spacing-xs-2 css-12rc5ck-MuiGrid-root"
      >
        <div
          class="MuiGrid-root MuiGrid-item MuiGrid-grid-xs-12 MuiGrid-grid-sm-6 MuiGrid-grid-md-3 css-10voxkt-MuiGrid-root"
        >
          <div
            class="MuiFormControl-root MuiFormControl-fullWidth MuiTextField-root css-18hear-MuiFormControl-root-MuiTextField-root"
          >
            <div
              class="MuiInputBase-root MuiOutlinedInput-root MuiInputBase-colorPrimary MuiInputBase-fullWidth MuiInputBase-formControl MuiInputBase-sizeSmall MuiInputBase-adornedStart css-1cj7mpt-MuiInputBase-root-MuiOutlinedInput-root"
            >
              <div
                class="MuiInputAdornment-root MuiInputAdornment-positionStart MuiInputAdornment-outlined MuiInputAdornment-sizeSmall css-ittuaa-MuiInputAdornment-root"
              >
                <span
                  class="notranslate"
                >
                  ​
                </span>
                <svg
                  aria-hidden="true"
                  class="MuiSvgIcon-root MuiSvgIcon-fontSizeMedium css-i4bv87-MuiSvgIcon-root"
                  data-testid="SearchIcon"
                  focusable="false"
                  viewBox="0 0 24 24"
                >
                  <path
                    d="M15.5 14h-.79l-.28-.27C15.41 12.59 16 11.11 16 9.5 16 5.91 13.09 3 9.5 3S3 5.91 3 9.5 5.91 16 9.5 16c1.61 0 3.09-.59 4.23-1.57l.27.28v.79l5 4.99L20.49 19zm-6 0C7.01 14 5 11.99 5 9.5S7.01 5 9.5 5 14 7.01 14 9.5 11.99 14 9.5 14"
                  />
                </svg>
              </div>
              <input
                aria-invalid="false"
                class="MuiInputBase-input MuiOutlinedInput-input MuiInputBase-inputSizeSmall MuiInputBase-inputAdornedStart css-1ua80n0-MuiInputBase-input-MuiOutlinedInput-input"
                id=":rt:"
                placeholder="Search payments..."
                type="text"
                value=""
              />
              <fieldset
                aria-hidden="true"
                class="MuiOutlinedInput-notchedOutline css-r01yff-MuiNotchedOutlined-root-MuiOutlinedInput-notchedOutline"
              >
                <legend
                  class="css-1whs34k-MuiNotchedOutlined-root"
                >
                  <span
                    class="notranslate"
                  >
                    ​
                  </span>
                </legend>
              </fieldset>
            </div>
          </div>
        </div>
        <div
          class="MuiGrid-root MuiGrid-item MuiGrid-grid-xs-12 MuiGrid-grid-sm-6 MuiGrid-grid-md-3 css-10voxkt-MuiGrid-root"
        >
          <div
            class="MuiFormControl-root MuiFormControl-fullWidth css-q8hpuo-MuiFormControl-root"
          >
            <label
              class="MuiFormLabel-root MuiInputLabel-root MuiInputLabel-formControl MuiInputLabel-animated MuiInputLabel-shrink MuiInputLabel-sizeSmall MuiInputLabel-outlined MuiFormLabel-colorPrimary MuiFormLabel-filled MuiInputLabel-root MuiInputLabel-formControl MuiInputLabel-animated MuiInputLabel-shrink MuiInputLabel-sizeSmall MuiInputLabel-outlined css-fe0mau-MuiFormLabel-root-MuiInputLabel-root"
              data-shrink="true"
            >
              Status
            </label>
            <div
              class="MuiInputBase-root MuiOutlinedInput-root MuiInputBase-colorPrimary MuiInputBase-formControl MuiInputBase-sizeSmall css-13lg1x7-MuiInputBase-root-MuiOutlinedInput-root-MuiSelect-root"
            >
              <div
                aria-controls=":ru:"
                aria-expanded="false"
                aria-haspopup="listbox"
                class="MuiSelect-select MuiSelect-outlined MuiInputBase-input MuiOutlinedInput-input MuiInputBase-inputSizeSmall css-1fzjff4-MuiSelect-select-MuiInputBase-input-MuiOutlinedInput-input"
                role="combobox"
                tabindex="0"
              >
                All Statuses
              </div>
              <input
                aria-hidden="true"
                aria-invalid="false"
                class="MuiSelect-nativeInput css-yf8vq0-MuiSelect-nativeInput"
                tabindex="-1"
                value="all"
              />
              <svg
                aria-hidden="true"
                class="MuiSvgIcon-root MuiSvgIcon-fontSizeMedium MuiSelect-icon MuiSelect-iconOutlined css-hfutr2-MuiSvgIcon-root-MuiSelect-icon"
                data-testid="ArrowDropDownIcon"
                focusable="false"
                viewBox="0 0 24 24"
              >
                <path
                  d="M7 10l5 5 5-5z"
                />
              </svg>[...
   ❯ src/test/project.test.tsx > Project Components > ProjectFilters > expands advanced filters when button clicked
     → Found multiple elements with the text: Advanced Filters

Here are the matching elements:

Ignored nodes: comments, script, style
<button
  class="MuiButtonBase-root MuiButton-root MuiButton-outlined MuiButton-outlinedPrimary MuiButton-sizeSmall MuiButton-outlinedSizeSmall MuiButton-colorPrimary MuiButton-root MuiButton-outlined MuiButton-outlinedPrimary MuiButton-sizeSmall MuiButton-outlinedSizeSmall MuiButton-colorPrimary css-1k23hlb-MuiButtonBase-root-MuiButton-root"
  tabindex="0"
  type="button"
>
  <span
    class="MuiButton-icon MuiButton-startIcon MuiButton-iconSizeSmall css-y6rp3m-MuiButton-startIcon"
  >
    <svg
      aria-hidden="true"
      class="MuiSvgIcon-root MuiSvgIcon-fontSizeMedium css-i4bv87-MuiSvgIcon-root"
      data-testid="FilterListIcon"
      focusable="false"
      viewBox="0 0 24 24"
    >
      <path
        d="M10 18h4v-2h-4zM3 6v2h18V6zm3 7h12v-2H6z"
      />
    </svg>
  </span>
  Advanced Filters
  <span
    class="MuiButton-icon MuiButton-endIcon MuiButton-iconSizeSmall css-155nyw6-MuiButton-endIcon"
  >
    <svg
      aria-hidden="true"
      class="MuiSvgIcon-root MuiSvgIcon-fontSizeMedium css-i4bv87-MuiSvgIcon-root"
      data-testid="ExpandMoreIcon"
      focusable="false"
      viewBox="0 0 24 24"
    >
      <path
        d="M16.59 8.59 12 13.17 7.41 8.59 6 10l6 6 6-6z"
      />
    </svg>
  </span>
  <span
    class="MuiTouchRipple-root css-8je8zh-MuiTouchRipple-root"
  />
</button>

Ignored nodes: comments, script, style
<button
  class="MuiButtonBase-root MuiButton-root MuiButton-outlined MuiButton-outlinedPrimary MuiButton-sizeSmall MuiButton-outlinedSizeSmall MuiButton-colorPrimary MuiButton-root MuiButton-outlined MuiButton-outlinedPrimary MuiButton-sizeSmall MuiButton-outlinedSizeSmall MuiButton-colorPrimary css-1k23hlb-MuiButtonBase-root-MuiButton-root"
  tabindex="0"
  type="button"
>
  <span
    class="MuiButton-icon MuiButton-startIcon MuiButton-iconSizeSmall css-y6rp3m-MuiButton-startIcon"
  >
    <svg
      aria-hidden="true"
      class="MuiSvgIcon-root MuiSvgIcon-fontSizeMedium css-i4bv87-MuiSvgIcon-root"
      data-testid="FilterListIcon"
      focusable="false"
      viewBox="0 0 24 24"
    >
      <path
        d="M10 18h4v-2h-4zM3 6v2h18V6zm3 7h12v-2H6z"
      />
    </svg>
  </span>
  Advanced Filters
  <span
    class="MuiButton-icon MuiButton-endIcon MuiButton-iconSizeSmall css-155nyw6-MuiButton-endIcon"
  >
    <svg
      aria-hidden="true"
      class="MuiSvgIcon-root MuiSvgIcon-fontSizeMedium css-i4bv87-MuiSvgIcon-root"
      data-testid="ExpandMoreIcon"
      focusable="false"
      viewBox="0 0 24 24"
    >
      <path
        d="M16.59 8.59 12 13.17 7.41 8.59 6 10l6 6 6-6z"
      />
    </svg>
  </span>
  <span
    class="MuiTouchRipple-root css-8je8zh-MuiTouchRipple-root"
  />
</button>

Ignored nodes: comments, script, style
<button
  class="MuiButtonBase-root MuiButton-root MuiButton-outlined MuiButton-outlinedPrimary MuiButton-sizeSmall MuiButton-outlinedSizeSmall MuiButton-colorPrimary MuiButton-root MuiButton-outlined MuiButton-outlinedPrimary MuiButton-sizeSmall MuiButton-outlinedSizeSmall MuiButton-colorPrimary css-1k23hlb-MuiButtonBase-root-MuiButton-root"
  tabindex="0"
  type="button"
>
  <span
    class="MuiButton-icon MuiButton-startIcon MuiButton-iconSizeSmall css-y6rp3m-MuiButton-startIcon"
  >
    <svg
      aria-hidden="true"
      class="MuiSvgIcon-root MuiSvgIcon-fontSizeMedium css-i4bv87-MuiSvgIcon-root"
      data-testid="FilterListIcon"
      focusable="false"
      viewBox="0 0 24 24"
    >
      <path
        d="M10 18h4v-2h-4zM3 6v2h18V6zm3 7h12v-2H6z"
      />
    </svg>
  </span>
  Advanced Filters
  <span
    class="MuiButton-icon MuiButton-endIcon MuiButton-iconSizeSmall css-155nyw6-MuiButton-endIcon"
  >
    <svg
      aria-hidden="true"
      class="MuiSvgIcon-root MuiSvgIcon-fontSizeMedium css-i4bv87-MuiSvgIcon-root"
      data-testid="ExpandMoreIcon"
      focusable="false"
      viewBox="0 0 24 24"
    >
      <path
        d="M16.59 8.59 12 13.17 7.41 8.59 6 10l6 6 6-6z"
      />
    </svg>
  </span>
  <span
    class="MuiTouchRipple-root css-8je8zh-MuiTouchRipple-root"
  />
</button>

Ignored nodes: comments, script, style
<button
  class="MuiButtonBase-root MuiButton-root MuiButton-outlined MuiButton-outlinedPrimary MuiButton-sizeSmall MuiButton-outlinedSizeSmall MuiButton-colorPrimary MuiButton-root MuiButton-outlined MuiButton-outlinedPrimary MuiButton-sizeSmall MuiButton-outlinedSizeSmall MuiButton-colorPrimary css-1k23hlb-MuiButtonBase-root-MuiButton-root"
  tabindex="0"
  type="button"
>
  <span
    class="MuiButton-icon MuiButton-startIcon MuiButton-iconSizeSmall css-y6rp3m-MuiButton-startIcon"
  >
    <svg
      aria-hidden="true"
      class="MuiSvgIcon-root MuiSvgIcon-fontSizeMedium css-i4bv87-MuiSvgIcon-root"
      data-testid="FilterListIcon"
      focusable="false"
      viewBox="0 0 24 24"
    >
      <path
        d="M10 18h4v-2h-4zM3 6v2h18V6zm3 7h12v-2H6z"
      />
    </svg>
  </span>
  Advanced Filters
  <span
    class="MuiButton-icon MuiButton-endIcon MuiButton-iconSizeSmall css-155nyw6-MuiButton-endIcon"
  >
    <svg
      aria-hidden="true"
      class="MuiSvgIcon-root MuiSvgIcon-fontSizeMedium css-i4bv87-MuiSvgIcon-root"
      data-testid="ExpandMoreIcon"
      focusable="false"
      viewBox="0 0 24 24"
    >
      <path
        d="M16.59 8.59 12 13.17 7.41 8.59 6 10l6 6 6-6z"
      />
    </svg>
  </span>
  <span
    class="MuiTouchRipple-root css-8je8zh-MuiTouchRipple-root"
  />
</button>

Ignored nodes: comments, script, style
<button
  class="MuiButtonBase-root MuiButton-root MuiButton-outlined MuiButton-outlinedPrimary MuiButton-sizeSmall MuiButton-outlinedSizeSmall MuiButton-colorPrimary MuiButton-root MuiButton-outlined MuiButton-outlinedPrimary MuiButton-sizeSmall MuiButton-outlinedSizeSmall MuiButton-colorPrimary css-1k23hlb-MuiButtonBase-root-MuiButton-root"
  tabindex="0"
  type="button"
>
  <span
    class="MuiButton-icon MuiButton-startIcon MuiButton-iconSizeSmall css-y6rp3m-MuiButton-startIcon"
  >
    <svg
      aria-hidden="true"
      class="MuiSvgIcon-root MuiSvgIcon-fontSizeMedium css-i4bv87-MuiSvgIcon-root"
      data-testid="FilterListIcon"
      focusable="false"
      viewBox="0 0 24 24"
    >
      <path
        d="M10 18h4v-2h-4zM3 6v2h18V6zm3 7h12v-2H6z"
      />
    </svg>
  </span>
  Advanced Filters
  <span
    class="MuiButton-icon MuiButton-endIcon MuiButton-iconSizeSmall css-155nyw6-MuiButton-endIcon"
  >
    <svg
      aria-hidden="true"
      class="MuiSvgIcon-root MuiSvgIcon-fontSizeMedium css-i4bv87-MuiSvgIcon-root"
      data-testid="ExpandMoreIcon"
      focusable="false"
      viewBox="0 0 24 24"
    >
      <path
        d="M16.59 8.59 12 13.17 7.41 8.59 6 10l6 6 6-6z"
      />
    </svg>
  </span>
  <span
    class="MuiTouchRipple-root css-8je8zh-MuiTouchRipple-root"
  />
</button>

(If this is intentional, then use the `*AllBy*` variant of the query (like `queryAllByText`, `getAllByText`, or `findAllByText`)).

Ignored nodes: comments, script, style
<body
  style="padding-right: 1024px; overflow: hidden;"
>
  <div
    aria-hidden="true"
  >
    <div
      class="MuiBox-root css-0"
    >
      <div
        class="MuiBox-root css-i3pbo"
      >
        <h5
          class="MuiTypography-root MuiTypography-h5 MuiTypography-gutterBottom css-1hkf4sh-MuiTypography-root"
        >
          Payment History
        </h5>
        <p
          class="MuiTypography-root MuiTypography-body2 css-xtz2xu-MuiTypography-root"
        >
          1
           payment
           found
        </p>
      </div>
      <div
        class="MuiGrid-root MuiGrid-container MuiGrid-spacing-xs-2 css-12rc5ck-MuiGrid-root"
      >
        <div
          class="MuiGrid-root MuiGrid-item MuiGrid-grid-xs-12 MuiGrid-grid-sm-6 MuiGrid-grid-md-3 css-10voxkt-MuiGrid-root"
        >
          <div
            class="MuiFormControl-root MuiFormControl-fullWidth MuiTextField-root css-18hear-MuiFormControl-root-MuiTextField-root"
          >
            <div
              class="MuiInputBase-root MuiOutlinedInput-root MuiInputBase-colorPrimary MuiInputBase-fullWidth MuiInputBase-formControl MuiInputBase-sizeSmall MuiInputBase-adornedStart css-1cj7mpt-MuiInputBase-root-MuiOutlinedInput-root"
            >
              <div
                class="MuiInputAdornment-root MuiInputAdornment-positionStart MuiInputAdornment-outlined MuiInputAdornment-sizeSmall css-ittuaa-MuiInputAdornment-root"
              >
                <span
                  class="notranslate"
                >
                  ​
                </span>
                <svg
                  aria-hidden="true"
                  class="MuiSvgIcon-root MuiSvgIcon-fontSizeMedium css-i4bv87-MuiSvgIcon-root"
                  data-testid="SearchIcon"
                  focusable="false"
                  viewBox="0 0 24 24"
                >
                  <path
                    d="M15.5 14h-.79l-.28-.27C15.41 12.59 16 11.11 16 9.5 16 5.91 13.09 3 9.5 3S3 5.91 3 9.5 5.91 16 9.5 16c1.61 0 3.09-.59 4.23-1.57l.27.28v.79l5 4.99L20.49 19zm-6 0C7.01 14 5 11.99 5 9.5S7.01 5 9.5 5 14 7.01 14 9.5 11.99 14 9.5 14"
                  />
                </svg>
              </div>
              <input
                aria-invalid="false"
                class="MuiInputBase-input MuiOutlinedInput-input MuiInputBase-inputSizeSmall MuiInputBase-inputAdornedStart css-1ua80n0-MuiInputBase-input-MuiOutlinedInput-input"
                id=":rt:"
                placeholder="Search payments..."
                type="text"
                value=""
              />
              <fieldset
                aria-hidden="true"
                class="MuiOutlinedInput-notchedOutline css-r01yff-MuiNotchedOutlined-root-MuiOutlinedInput-notchedOutline"
              >
                <legend
                  class="css-1whs34k-MuiNotchedOutlined-root"
                >
                  <span
                    class="notranslate"
                  >
                    ​
                  </span>
                </legend>
              </fieldset>
            </div>
          </div>
        </div>
        <div
          class="MuiGrid-root MuiGrid-item MuiGrid-grid-xs-12 MuiGrid-grid-sm-6 MuiGrid-grid-md-3 css-10voxkt-MuiGrid-root"
        >
          <div
            class="MuiFormControl-root MuiFormControl-fullWidth css-q8hpuo-MuiFormControl-root"
          >
            <label
              class="MuiFormLabel-root MuiInputLabel-root MuiInputLabel-formControl MuiInputLabel-animated MuiInputLabel-shrink MuiInputLabel-sizeSmall MuiInputLabel-outlined MuiFormLabel-colorPrimary MuiFormLabel-filled MuiInputLabel-root MuiInputLabel-formControl MuiInputLabel-animated MuiInputLabel-shrink MuiInputLabel-sizeSmall MuiInputLabel-outlined css-fe0mau-MuiFormLabel-root-MuiInputLabel-root"
              data-shrink="true"
            >
              Status
            </label>
            <div
              class="MuiInputBase-root MuiOutlinedInput-root MuiInputBase-colorPrimary MuiInputBase-formControl MuiInputBase-sizeSmall css-13lg1x7-MuiInputBase-root-MuiOutlinedInput-root-MuiSelect-root"
            >
              <div
                aria-controls=":ru:"
                aria-expanded="false"
                aria-haspopup="listbox"
                class="MuiSelect-select MuiSelect-outlined MuiInputBase-input MuiOutlinedInput-input MuiInputBase-inputSizeSmall css-1fzjff4-MuiSelect-select-MuiInputBase-input-MuiOutlinedInput-input"
                role="combobox"
                tabindex="0"
              >
                All Statuses
              </div>
              <input
                aria-hidden="true"
                aria-invalid="false"
                class="MuiSelect-nativeInput css-yf8vq0-MuiSelect-nativeInput"
                tabindex="-1"
                value="all"
              />
              <svg
                aria-hidden="true"
                class="MuiSvgIcon-root MuiSvgIcon-fontSizeMedium MuiSelect-icon MuiSelect-iconOutlined css-hfutr2-MuiSvgIcon-root-MuiSelect-icon"
                data-testid="ArrowDropDownIcon"
                focusable="false"
                viewBox="0 0 24 24"
              >
                <path
                  d="M7 10l5 5 5-5z"
                />
              </svg>[...
   ❯ src/test/project.test.tsx > Project Components > ProjectFilters > calls onClearFilters when clear all button clicked
     → Found multiple elements with the text: Clear All

Here are the matching elements:

Ignored nodes: comments, script, style
<button
  class="MuiButtonBase-root MuiButton-root MuiButton-outlined MuiButton-outlinedSecondary MuiButton-sizeSmall MuiButton-outlinedSizeSmall MuiButton-colorSecondary MuiButton-root MuiButton-outlined MuiButton-outlinedSecondary MuiButton-sizeSmall MuiButton-outlinedSizeSmall MuiButton-colorSecondary css-ssd6ke-MuiButtonBase-root-MuiButton-root"
  tabindex="0"
  type="button"
>
  <span
    class="MuiButton-icon MuiButton-startIcon MuiButton-iconSizeSmall css-y6rp3m-MuiButton-startIcon"
  >
    <svg
      aria-hidden="true"
      class="MuiSvgIcon-root MuiSvgIcon-fontSizeMedium css-i4bv87-MuiSvgIcon-root"
      data-testid="ClearIcon"
      focusable="false"
      viewBox="0 0 24 24"
    >
      <path
        d="M19 6.41 17.59 5 12 10.59 6.41 5 5 6.41 10.59 12 5 17.59 6.41 19 12 13.41 17.59 19 19 17.59 13.41 12z"
      />
    </svg>
  </span>
  Clear All
  <span
    class="MuiTouchRipple-root css-8je8zh-MuiTouchRipple-root"
  />
</button>

Ignored nodes: comments, script, style
<button
  class="MuiButtonBase-root MuiButton-root MuiButton-outlined MuiButton-outlinedSecondary MuiButton-sizeSmall MuiButton-outlinedSizeSmall MuiButton-colorSecondary MuiButton-root MuiButton-outlined MuiButton-outlinedSecondary MuiButton-sizeSmall MuiButton-outlinedSizeSmall MuiButton-colorSecondary css-ssd6ke-MuiButtonBase-root-MuiButton-root"
  tabindex="0"
  type="button"
>
  <span
    class="MuiButton-icon MuiButton-startIcon MuiButton-iconSizeSmall css-y6rp3m-MuiButton-startIcon"
  >
    <svg
      aria-hidden="true"
      class="MuiSvgIcon-root MuiSvgIcon-fontSizeMedium css-i4bv87-MuiSvgIcon-root"
      data-testid="ClearIcon"
      focusable="false"
      viewBox="0 0 24 24"
    >
      <path
        d="M19 6.41 17.59 5 12 10.59 6.41 5 5 6.41 10.59 12 5 17.59 6.41 19 12 13.41 17.59 19 19 17.59 13.41 12z"
      />
    </svg>
  </span>
  Clear All
  <span
    class="MuiTouchRipple-root css-8je8zh-MuiTouchRipple-root"
  />
</button>

(If this is intentional, then use the `*AllBy*` variant of the query (like `queryAllByText`, `getAllByText`, or `findAllByText`)).

Ignored nodes: comments, script, style
<body
  style="padding-right: 1024px; overflow: hidden;"
>
  <div
    aria-hidden="true"
  >
    <div
      class="MuiBox-root css-0"
    >
      <div
        class="MuiBox-root css-i3pbo"
      >
        <h5
          class="MuiTypography-root MuiTypography-h5 MuiTypography-gutterBottom css-1hkf4sh-MuiTypography-root"
        >
          Payment History
        </h5>
        <p
          class="MuiTypography-root MuiTypography-body2 css-xtz2xu-MuiTypography-root"
        >
          1
           payment
           found
        </p>
      </div>
      <div
        class="MuiGrid-root MuiGrid-container MuiGrid-spacing-xs-2 css-12rc5ck-MuiGrid-root"
      >
        <div
          class="MuiGrid-root MuiGrid-item MuiGrid-grid-xs-12 MuiGrid-grid-sm-6 MuiGrid-grid-md-3 css-10voxkt-MuiGrid-root"
        >
          <div
            class="MuiFormControl-root MuiFormControl-fullWidth MuiTextField-root css-18hear-MuiFormControl-root-MuiTextField-root"
          >
            <div
              class="MuiInputBase-root MuiOutlinedInput-root MuiInputBase-colorPrimary MuiInputBase-fullWidth MuiInputBase-formControl MuiInputBase-sizeSmall MuiInputBase-adornedStart css-1cj7mpt-MuiInputBase-root-MuiOutlinedInput-root"
            >
              <div
                class="MuiInputAdornment-root MuiInputAdornment-positionStart MuiInputAdornment-outlined MuiInputAdornment-sizeSmall css-ittuaa-MuiInputAdornment-root"
              >
                <span
                  class="notranslate"
                >
                  ​
                </span>
                <svg
                  aria-hidden="true"
                  class="MuiSvgIcon-root MuiSvgIcon-fontSizeMedium css-i4bv87-MuiSvgIcon-root"
                  data-testid="SearchIcon"
                  focusable="false"
                  viewBox="0 0 24 24"
                >
                  <path
                    d="M15.5 14h-.79l-.28-.27C15.41 12.59 16 11.11 16 9.5 16 5.91 13.09 3 9.5 3S3 5.91 3 9.5 5.91 16 9.5 16c1.61 0 3.09-.59 4.23-1.57l.27.28v.79l5 4.99L20.49 19zm-6 0C7.01 14 5 11.99 5 9.5S7.01 5 9.5 5 14 7.01 14 9.5 11.99 14 9.5 14"
                  />
                </svg>
              </div>
              <input
                aria-invalid="false"
                class="MuiInputBase-input MuiOutlinedInput-input MuiInputBase-inputSizeSmall MuiInputBase-inputAdornedStart css-1ua80n0-MuiInputBase-input-MuiOutlinedInput-input"
                id=":rt:"
                placeholder="Search payments..."
                type="text"
                value=""
              />
              <fieldset
                aria-hidden="true"
                class="MuiOutlinedInput-notchedOutline css-r01yff-MuiNotchedOutlined-root-MuiOutlinedInput-notchedOutline"
              >
                <legend
                  class="css-1whs34k-MuiNotchedOutlined-root"
                >
                  <span
                    class="notranslate"
                  >
                    ​
                  </span>
                </legend>
              </fieldset>
            </div>
          </div>
        </div>
        <div
          class="MuiGrid-root MuiGrid-item MuiGrid-grid-xs-12 MuiGrid-grid-sm-6 MuiGrid-grid-md-3 css-10voxkt-MuiGrid-root"
        >
          <div
            class="MuiFormControl-root MuiFormControl-fullWidth css-q8hpuo-MuiFormControl-root"
          >
            <label
              class="MuiFormLabel-root MuiInputLabel-root MuiInputLabel-formControl MuiInputLabel-animated MuiInputLabel-shrink MuiInputLabel-sizeSmall MuiInputLabel-outlined MuiFormLabel-colorPrimary MuiFormLabel-filled MuiInputLabel-root MuiInputLabel-formControl MuiInputLabel-animated MuiInputLabel-shrink MuiInputLabel-sizeSmall MuiInputLabel-outlined css-fe0mau-MuiFormLabel-root-MuiInputLabel-root"
              data-shrink="true"
            >
              Status
            </label>
            <div
              class="MuiInputBase-root MuiOutlinedInput-root MuiInputBase-colorPrimary MuiInputBase-formControl MuiInputBase-sizeSmall css-13lg1x7-MuiInputBase-root-MuiOutlinedInput-root-MuiSelect-root"
            >
              <div
                aria-controls=":ru:"
                aria-expanded="false"
                aria-haspopup="listbox"
                class="MuiSelect-select MuiSelect-outlined MuiInputBase-input MuiOutlinedInput-input MuiInputBase-inputSizeSmall css-1fzjff4-MuiSelect-select-MuiInputBase-input-MuiOutlinedInput-input"
                role="combobox"
                tabindex="0"
              >
                All Statuses
              </div>
              <input
                aria-hidden="true"
                aria-invalid="false"
                class="MuiSelect-nativeInput css-yf8vq0-MuiSelect-nativeInput"
                tabindex="-1"
                value="all"
              />
              <svg
                aria-hidden="true"
                class="MuiSvgIcon-root MuiSvgIcon-fontSizeMedium MuiSelect-icon MuiSelect-iconOutlined css-hfutr2-MuiSvgIcon-root-MuiSelect-icon"
                data-testid="ArrowDropDownIcon"
                focusable="false"
                viewBox="0 0 24 24"
              >
                <path
                  d="M7 10l5 5 5-5z"
                />
              </svg>[...
   ❯ src/test/project.test.tsx > Project Components > ProjectForm > shows validation errors for empty required fields
     → Found multiple elements with the text: Next

Here are the matching elements:

Ignored nodes: comments, script, style
<button
  class="MuiButtonBase-root MuiButton-root MuiButton-contained MuiButton-containedPrimary MuiButton-sizeMedium MuiButton-containedSizeMedium MuiButton-colorPrimary MuiButton-root MuiButton-contained MuiButton-containedPrimary MuiButton-sizeMedium MuiButton-containedSizeMedium MuiButton-colorPrimary css-sghohy-MuiButtonBase-root-MuiButton-root"
  tabindex="0"
  type="button"
>
  Next
  <span
    class="MuiTouchRipple-root css-8je8zh-MuiTouchRipple-root"
  />
</button>

Ignored nodes: comments, script, style
<button
  class="MuiButtonBase-root MuiButton-root MuiButton-contained MuiButton-containedPrimary MuiButton-sizeMedium MuiButton-containedSizeMedium MuiButton-colorPrimary MuiButton-root MuiButton-contained MuiButton-containedPrimary MuiButton-sizeMedium MuiButton-containedSizeMedium MuiButton-colorPrimary css-sghohy-MuiButtonBase-root-MuiButton-root"
  tabindex="0"
  type="button"
>
  Next
  <span
    class="MuiTouchRipple-root css-8je8zh-MuiTouchRipple-root"
  />
</button>

(If this is intentional, then use the `*AllBy*` variant of the query (like `queryAllByText`, `getAllByText`, or `findAllByText`)).

Ignored nodes: comments, script, style
<body
  style="padding-right: 1024px; overflow: hidden;"
>
  <div
    aria-hidden="true"
  >
    <div
      class="MuiBox-root css-0"
    >
      <div
        class="MuiBox-root css-i3pbo"
      >
        <h5
          class="MuiTypography-root MuiTypography-h5 MuiTypography-gutterBottom css-1hkf4sh-MuiTypography-root"
        >
          Payment History
        </h5>
        <p
          class="MuiTypography-root MuiTypography-body2 css-xtz2xu-MuiTypography-root"
        >
          1
           payment
           found
        </p>
      </div>
      <div
        class="MuiGrid-root MuiGrid-container MuiGrid-spacing-xs-2 css-12rc5ck-MuiGrid-root"
      >
        <div
          class="MuiGrid-root MuiGrid-item MuiGrid-grid-xs-12 MuiGrid-grid-sm-6 MuiGrid-grid-md-3 css-10voxkt-MuiGrid-root"
        >
          <div
            class="MuiFormControl-root MuiFormControl-fullWidth MuiTextField-root css-18hear-MuiFormControl-root-MuiTextField-root"
          >
            <div
              class="MuiInputBase-root MuiOutlinedInput-root MuiInputBase-colorPrimary MuiInputBase-fullWidth MuiInputBase-formControl MuiInputBase-sizeSmall MuiInputBase-adornedStart css-1cj7mpt-MuiInputBase-root-MuiOutlinedInput-root"
            >
              <div
                class="MuiInputAdornment-root MuiInputAdornment-positionStart MuiInputAdornment-outlined MuiInputAdornment-sizeSmall css-ittuaa-MuiInputAdornment-root"
              >
                <span
                  class="notranslate"
                >
                  ​
                </span>
                <svg
                  aria-hidden="true"
                  class="MuiSvgIcon-root MuiSvgIcon-fontSizeMedium css-i4bv87-MuiSvgIcon-root"
                  data-testid="SearchIcon"
                  focusable="false"
                  viewBox="0 0 24 24"
                >
                  <path
                    d="M15.5 14h-.79l-.28-.27C15.41 12.59 16 11.11 16 9.5 16 5.91 13.09 3 9.5 3S3 5.91 3 9.5 5.91 16 9.5 16c1.61 0 3.09-.59 4.23-1.57l.27.28v.79l5 4.99L20.49 19zm-6 0C7.01 14 5 11.99 5 9.5S7.01 5 9.5 5 14 7.01 14 9.5 11.99 14 9.5 14"
                  />
                </svg>
              </div>
              <input
                aria-invalid="false"
                class="MuiInputBase-input MuiOutlinedInput-input MuiInputBase-inputSizeSmall MuiInputBase-inputAdornedStart css-1ua80n0-MuiInputBase-input-MuiOutlinedInput-input"
                id=":rt:"
                placeholder="Search payments..."
                type="text"
                value=""
              />
              <fieldset
                aria-hidden="true"
                class="MuiOutlinedInput-notchedOutline css-r01yff-MuiNotchedOutlined-root-MuiOutlinedInput-notchedOutline"
              >
                <legend
                  class="css-1whs34k-MuiNotchedOutlined-root"
                >
                  <span
                    class="notranslate"
                  >
                    ​
                  </span>
                </legend>
              </fieldset>
            </div>
          </div>
        </div>
        <div
          class="MuiGrid-root MuiGrid-item MuiGrid-grid-xs-12 MuiGrid-grid-sm-6 MuiGrid-grid-md-3 css-10voxkt-MuiGrid-root"
        >
          <div
            class="MuiFormControl-root MuiFormControl-fullWidth css-q8hpuo-MuiFormControl-root"
          >
            <label
              class="MuiFormLabel-root MuiInputLabel-root MuiInputLabel-formControl MuiInputLabel-animated MuiInputLabel-shrink MuiInputLabel-sizeSmall MuiInputLabel-outlined MuiFormLabel-colorPrimary MuiFormLabel-filled MuiInputLabel-root MuiInputLabel-formControl MuiInputLabel-animated MuiInputLabel-shrink MuiInputLabel-sizeSmall MuiInputLabel-outlined css-fe0mau-MuiFormLabel-root-MuiInputLabel-root"
              data-shrink="true"
            >
              Status
            </label>
            <div
              class="MuiInputBase-root MuiOutlinedInput-root MuiInputBase-colorPrimary MuiInputBase-formControl MuiInputBase-sizeSmall css-13lg1x7-MuiInputBase-root-MuiOutlinedInput-root-MuiSelect-root"
            >
              <div
                aria-controls=":ru:"
                aria-expanded="false"
                aria-haspopup="listbox"
                class="MuiSelect-select MuiSelect-outlined MuiInputBase-input MuiOutlinedInput-input MuiInputBase-inputSizeSmall css-1fzjff4-MuiSelect-select-MuiInputBase-input-MuiOutlinedInput-input"
                role="combobox"
                tabindex="0"
              >
                All Statuses
              </div>
              <input
                aria-hidden="true"
                aria-invalid="false"
                class="MuiSelect-nativeInput css-yf8vq0-MuiSelect-nativeInput"
                tabindex="-1"
                value="all"
              />
              <svg
                aria-hidden="true"
                class="MuiSvgIcon-root MuiSvgIcon-fontSizeMedium MuiSelect-icon MuiSelect-iconOutlined css-hfutr2-MuiSvgIcon-root-MuiSelect-icon"
                data-testid="ArrowDropDownIcon"
                focusable="false"
                viewBox="0 0 24 24"
              >
                <path
                  d="M7 10l5 5 5-5z"
                />
              </svg>[...
   ❯ src/test/project.test.tsx > Project Components > ProjectForm > enables next button when basic info is valid
     → Found multiple elements with the text of: Project Title

Here are the matching elements:

Ignored nodes: comments, script, style
<input
  aria-invalid="false"
  class="MuiInputBase-input MuiOutlinedInput-input css-1t8l2tu-MuiInputBase-input-MuiOutlinedInput-input"
  id=":r61:"
  name="title"
  placeholder="e.g., Build a responsive e-commerce website"
  type="text"
  value=""
/>

Ignored nodes: comments, script, style
<input
  aria-invalid="false"
  class="MuiInputBase-input MuiOutlinedInput-input css-1t8l2tu-MuiInputBase-input-MuiOutlinedInput-input"
  id=":r66:"
  name="title"
  placeholder="e.g., Build a responsive e-commerce website"
  type="text"
  value=""
/>

Ignored nodes: comments, script, style
<input
  aria-invalid="false"
  class="MuiInputBase-input MuiOutlinedInput-input css-1t8l2tu-MuiInputBase-input-MuiOutlinedInput-input"
  id=":r6b:"
  name="title"
  placeholder="e.g., Build a responsive e-commerce website"
  type="text"
  value=""
/>

(If this is intentional, then use the `*AllBy*` variant of the query (like `queryAllByText`, `getAllByText`, or `findAllByText`)).

Ignored nodes: comments, script, style
<body
  style="padding-right: 1024px; overflow: hidden;"
>
  <div
    aria-hidden="true"
  >
    <div
      class="MuiBox-root css-0"
    >
      <div
        class="MuiBox-root css-i3pbo"
      >
        <h5
          class="MuiTypography-root MuiTypography-h5 MuiTypography-gutterBottom css-1hkf4sh-MuiTypography-root"
        >
          Payment History
        </h5>
        <p
          class="MuiTypography-root MuiTypography-body2 css-xtz2xu-MuiTypography-root"
        >
          1
           payment
           found
        </p>
      </div>
      <div
        class="MuiGrid-root MuiGrid-container MuiGrid-spacing-xs-2 css-12rc5ck-MuiGrid-root"
      >
        <div
          class="MuiGrid-root MuiGrid-item MuiGrid-grid-xs-12 MuiGrid-grid-sm-6 MuiGrid-grid-md-3 css-10voxkt-MuiGrid-root"
        >
          <div
            class="MuiFormControl-root MuiFormControl-fullWidth MuiTextField-root css-18hear-MuiFormControl-root-MuiTextField-root"
          >
            <div
              class="MuiInputBase-root MuiOutlinedInput-root MuiInputBase-colorPrimary MuiInputBase-fullWidth MuiInputBase-formControl MuiInputBase-sizeSmall MuiInputBase-adornedStart css-1cj7mpt-MuiInputBase-root-MuiOutlinedInput-root"
            >
              <div
                class="MuiInputAdornment-root MuiInputAdornment-positionStart MuiInputAdornment-outlined MuiInputAdornment-sizeSmall css-ittuaa-MuiInputAdornment-root"
              >
                <span
                  class="notranslate"
                >
                  ​
                </span>
                <svg
                  aria-hidden="true"
                  class="MuiSvgIcon-root MuiSvgIcon-fontSizeMedium css-i4bv87-MuiSvgIcon-root"
                  data-testid="SearchIcon"
                  focusable="false"
                  viewBox="0 0 24 24"
                >
                  <path
                    d="M15.5 14h-.79l-.28-.27C15.41 12.59 16 11.11 16 9.5 16 5.91 13.09 3 9.5 3S3 5.91 3 9.5 5.91 16 9.5 16c1.61 0 3.09-.59 4.23-1.57l.27.28v.79l5 4.99L20.49 19zm-6 0C7.01 14 5 11.99 5 9.5S7.01 5 9.5 5 14 7.01 14 9.5 11.99 14 9.5 14"
                  />
                </svg>
              </div>
              <input
                aria-invalid="false"
                class="MuiInputBase-input MuiOutlinedInput-input MuiInputBase-inputSizeSmall MuiInputBase-inputAdornedStart css-1ua80n0-MuiInputBase-input-MuiOutlinedInput-input"
                id=":rt:"
                placeholder="Search payments..."
                type="text"
                value=""
              />
              <fieldset
                aria-hidden="true"
                class="MuiOutlinedInput-notchedOutline css-r01yff-MuiNotchedOutlined-root-MuiOutlinedInput-notchedOutline"
              >
                <legend
                  class="css-1whs34k-MuiNotchedOutlined-root"
                >
                  <span
                    class="notranslate"
                  >
                    ​
                  </span>
                </legend>
              </fieldset>
            </div>
          </div>
        </div>
        <div
          class="MuiGrid-root MuiGrid-item MuiGrid-grid-xs-12 MuiGrid-grid-sm-6 MuiGrid-grid-md-3 css-10voxkt-MuiGrid-root"
        >
          <div
            class="MuiFormControl-root MuiFormControl-fullWidth css-q8hpuo-MuiFormControl-root"
          >
            <label
              class="MuiFormLabel-root MuiInputLabel-root MuiInputLabel-formControl MuiInputLabel-animated MuiInputLabel-shrink MuiInputLabel-sizeSmall MuiInputLabel-outlined MuiFormLabel-colorPrimary MuiFormLabel-filled MuiInputLabel-root MuiInputLabel-formControl MuiInputLabel-animated MuiInputLabel-shrink MuiInputLabel-sizeSmall MuiInputLabel-outlined css-fe0mau-MuiFormLabel-root-MuiInputLabel-root"
              data-shrink="true"
            >
              Status
            </label>
            <div
              class="MuiInputBase-root MuiOutlinedInput-root MuiInputBase-colorPrimary MuiInputBase-formControl MuiInputBase-sizeSmall css-13lg1x7-MuiInputBase-root-MuiOutlinedInput-root-MuiSelect-root"
            >
              <div
                aria-controls=":ru:"
                aria-expanded="false"
                aria-haspopup="listbox"
                class="MuiSelect-select MuiSelect-outlined MuiInputBase-input MuiOutlinedInput-input MuiInputBase-inputSizeSmall css-1fzjff4-MuiSelect-select-MuiInputBase-input-MuiOutlinedInput-input"
                role="combobox"
                tabindex="0"
              >
                All Statuses
              </div>
              <input
                aria-hidden="true"
                aria-invalid="false"
                class="MuiSelect-nativeInput css-yf8vq0-MuiSelect-nativeInput"
                tabindex="-1"
                value="all"
              />
              <svg
                aria-hidden="true"
                class="MuiSvgIcon-root MuiSvgIcon-fontSizeMedium MuiSelect-icon MuiSelect-iconOutlined css-hfutr2-MuiSvgIcon-root-MuiSelect-icon"
                data-testid="ArrowDropDownIcon"
                focusable="false"
                viewBox="0 0 24 24"
              >
                <path
                  d="M7 10l5 5 5-5z"
                />
              </svg>[...
   ❯ src/test/project.test.tsx > Project Components > ProjectForm > navigates through form steps
     → Found multiple elements with the text of: Project Title

Here are the matching elements:

Ignored nodes: comments, script, style
<input
  aria-invalid="false"
  class="MuiInputBase-input MuiOutlinedInput-input css-1t8l2tu-MuiInputBase-input-MuiOutlinedInput-input"
  id=":r61:"
  name="title"
  placeholder="e.g., Build a responsive e-commerce website"
  type="text"
  value=""
/>

Ignored nodes: comments, script, style
<input
  aria-invalid="false"
  class="MuiInputBase-input MuiOutlinedInput-input css-1t8l2tu-MuiInputBase-input-MuiOutlinedInput-input"
  id=":r66:"
  name="title"
  placeholder="e.g., Build a responsive e-commerce website"
  type="text"
  value=""
/>

Ignored nodes: comments, script, style
<input
  aria-invalid="false"
  class="MuiInputBase-input MuiOutlinedInput-input css-1t8l2tu-MuiInputBase-input-MuiOutlinedInput-input"
  id=":r6b:"
  name="title"
  placeholder="e.g., Build a responsive e-commerce website"
  type="text"
  value=""
/>

Ignored nodes: comments, script, style
<input
  aria-invalid="false"
  class="MuiInputBase-input MuiOutlinedInput-input css-1t8l2tu-MuiInputBase-input-MuiOutlinedInput-input"
  id=":r6g:"
  name="title"
  placeholder="e.g., Build a responsive e-commerce website"
  type="text"
  value=""
/>

(If this is intentional, then use the `*AllBy*` variant of the query (like `queryAllByText`, `getAllByText`, or `findAllByText`)).

Ignored nodes: comments, script, style
<body
  style="padding-right: 1024px; overflow: hidden;"
>
  <div
    aria-hidden="true"
  >
    <div
      class="MuiBox-root css-0"
    >
      <div
        class="MuiBox-root css-i3pbo"
      >
        <h5
          class="MuiTypography-root MuiTypography-h5 MuiTypography-gutterBottom css-1hkf4sh-MuiTypography-root"
        >
          Payment History
        </h5>
        <p
          class="MuiTypography-root MuiTypography-body2 css-xtz2xu-MuiTypography-root"
        >
          1
           payment
           found
        </p>
      </div>
      <div
        class="MuiGrid-root MuiGrid-container MuiGrid-spacing-xs-2 css-12rc5ck-MuiGrid-root"
      >
        <div
          class="MuiGrid-root MuiGrid-item MuiGrid-grid-xs-12 MuiGrid-grid-sm-6 MuiGrid-grid-md-3 css-10voxkt-MuiGrid-root"
        >
          <div
            class="MuiFormControl-root MuiFormControl-fullWidth MuiTextField-root css-18hear-MuiFormControl-root-MuiTextField-root"
          >
            <div
              class="MuiInputBase-root MuiOutlinedInput-root MuiInputBase-colorPrimary MuiInputBase-fullWidth MuiInputBase-formControl MuiInputBase-sizeSmall MuiInputBase-adornedStart css-1cj7mpt-MuiInputBase-root-MuiOutlinedInput-root"
            >
              <div
                class="MuiInputAdornment-root MuiInputAdornment-positionStart MuiInputAdornment-outlined MuiInputAdornment-sizeSmall css-ittuaa-MuiInputAdornment-root"
              >
                <span
                  class="notranslate"
                >
                  ​
                </span>
                <svg
                  aria-hidden="true"
                  class="MuiSvgIcon-root MuiSvgIcon-fontSizeMedium css-i4bv87-MuiSvgIcon-root"
                  data-testid="SearchIcon"
                  focusable="false"
                  viewBox="0 0 24 24"
                >
                  <path
                    d="M15.5 14h-.79l-.28-.27C15.41 12.59 16 11.11 16 9.5 16 5.91 13.09 3 9.5 3S3 5.91 3 9.5 5.91 16 9.5 16c1.61 0 3.09-.59 4.23-1.57l.27.28v.79l5 4.99L20.49 19zm-6 0C7.01 14 5 11.99 5 9.5S7.01 5 9.5 5 14 7.01 14 9.5 11.99 14 9.5 14"
                  />
                </svg>
              </div>
              <input
                aria-invalid="false"
                class="MuiInputBase-input MuiOutlinedInput-input MuiInputBase-inputSizeSmall MuiInputBase-inputAdornedStart css-1ua80n0-MuiInputBase-input-MuiOutlinedInput-input"
                id=":rt:"
                placeholder="Search payments..."
                type="text"
                value=""
              />
              <fieldset
                aria-hidden="true"
                class="MuiOutlinedInput-notchedOutline css-r01yff-MuiNotchedOutlined-root-MuiOutlinedInput-notchedOutline"
              >
                <legend
                  class="css-1whs34k-MuiNotchedOutlined-root"
                >
                  <span
                    class="notranslate"
                  >
                    ​
                  </span>
                </legend>
              </fieldset>
            </div>
          </div>
        </div>
        <div
          class="MuiGrid-root MuiGrid-item MuiGrid-grid-xs-12 MuiGrid-grid-sm-6 MuiGrid-grid-md-3 css-10voxkt-MuiGrid-root"
        >
          <div
            class="MuiFormControl-root MuiFormControl-fullWidth css-q8hpuo-MuiFormControl-root"
          >
            <label
              class="MuiFormLabel-root MuiInputLabel-root MuiInputLabel-formControl MuiInputLabel-animated MuiInputLabel-shrink MuiInputLabel-sizeSmall MuiInputLabel-outlined MuiFormLabel-colorPrimary MuiFormLabel-filled MuiInputLabel-root MuiInputLabel-formControl MuiInputLabel-animated MuiInputLabel-shrink MuiInputLabel-sizeSmall MuiInputLabel-outlined css-fe0mau-MuiFormLabel-root-MuiInputLabel-root"
              data-shrink="true"
            >
              Status
            </label>
            <div
              class="MuiInputBase-root MuiOutlinedInput-root MuiInputBase-colorPrimary MuiInputBase-formControl MuiInputBase-sizeSmall css-13lg1x7-MuiInputBase-root-MuiOutlinedInput-root-MuiSelect-root"
            >
              <div
                aria-controls=":ru:"
                aria-expanded="false"
                aria-haspopup="listbox"
                class="MuiSelect-select MuiSelect-outlined MuiInputBase-input MuiOutlinedInput-input MuiInputBase-inputSizeSmall css-1fzjff4-MuiSelect-select-MuiInputBase-input-MuiOutlinedInput-input"
                role="combobox"
                tabindex="0"
              >
                All Statuses
              </div>
              <input
                aria-hidden="true"
                aria-invalid="false"
                class="MuiSelect-nativeInput css-yf8vq0-MuiSelect-nativeInput"
                tabindex="-1"
                value="all"
              />
              <svg
                aria-hidden="true"
                class="MuiSvgIcon-root MuiSvgIcon-fontSizeMedium MuiSelect-icon MuiSelect-iconOutlined css-hfutr2-MuiSvgIcon-root-MuiSelect-icon"
                data-testid="ArrowDropDownIcon"
                focusable="false"
                viewBox="0 0 24 24"
              >
                <path
                  d="M7 10l5 5 5-5z"
                />
              </svg>[...
 ✓ src/test/project.test.tsx > Project Components > ProjectCard > renders project information correctly 1266ms
 × src/test/project.test.tsx > Project Components > ProjectCard > displays featured badge for featured projects
   → Found multiple elements with the text: FEATURED

Here are the matching elements:

Ignored nodes: comments, script, style
<div
  class="MuiBox-root css-9zj1wp"
>
  FEATURED
</div>

Ignored nodes: comments, script, style
<div
  class="MuiBox-root css-9zj1wp"
>
  FEATURED
</div>

(If this is intentional, then use the `*AllBy*` variant of the query (like `queryAllByText`, `getAllByText`, or `findAllByText`)).

Ignored nodes: comments, script, style
<body
  style="padding-right: 1024px; overflow: hidden;"
>
  <div
    aria-hidden="true"
  >
    <div
      class="MuiBox-root css-0"
    >
      <div
        class="MuiBox-root css-i3pbo"
      >
        <h5
          class="MuiTypography-root MuiTypography-h5 MuiTypography-gutterBottom css-1hkf4sh-MuiTypography-root"
        >
          Payment History
        </h5>
        <p
          class="MuiTypography-root MuiTypography-body2 css-xtz2xu-MuiTypography-root"
        >
          1
           payment
           found
        </p>
      </div>
      <div
        class="MuiGrid-root MuiGrid-container MuiGrid-spacing-xs-2 css-12rc5ck-MuiGrid-root"
      >
        <div
          class="MuiGrid-root MuiGrid-item MuiGrid-grid-xs-12 MuiGrid-grid-sm-6 MuiGrid-grid-md-3 css-10voxkt-MuiGrid-root"
        >
          <div
            class="MuiFormControl-root MuiFormControl-fullWidth MuiTextField-root css-18hear-MuiFormControl-root-MuiTextField-root"
          >
            <div
              class="MuiInputBase-root MuiOutlinedInput-root MuiInputBase-colorPrimary MuiInputBase-fullWidth MuiInputBase-formControl MuiInputBase-sizeSmall MuiInputBase-adornedStart css-1cj7mpt-MuiInputBase-root-MuiOutlinedInput-root"
            >
              <div
                class="MuiInputAdornment-root MuiInputAdornment-positionStart MuiInputAdornment-outlined MuiInputAdornment-sizeSmall css-ittuaa-MuiInputAdornment-root"
              >
                <span
                  class="notranslate"
                >
                  ​
                </span>
                <svg
                  aria-hidden="true"
                  class="MuiSvgIcon-root MuiSvgIcon-fontSizeMedium css-i4bv87-MuiSvgIcon-root"
                  data-testid="SearchIcon"
                  focusable="false"
                  viewBox="0 0 24 24"
                >
                  <path
                    d="M15.5 14h-.79l-.28-.27C15.41 12.59 16 11.11 16 9.5 16 5.91 13.09 3 9.5 3S3 5.91 3 9.5 5.91 16 9.5 16c1.61 0 3.09-.59 4.23-1.57l.27.28v.79l5 4.99L20.49 19zm-6 0C7.01 14 5 11.99 5 9.5S7.01 5 9.5 5 14 7.01 14 9.5 11.99 14 9.5 14"
                  />
                </svg>
              </div>
              <input
                aria-invalid="false"
                class="MuiInputBase-input MuiOutlinedInput-input MuiInputBase-inputSizeSmall MuiInputBase-inputAdornedStart css-1ua80n0-MuiInputBase-input-MuiOutlinedInput-input"
                id=":rt:"
                placeholder="Search payments..."
                type="text"
                value=""
              />
              <fieldset
                aria-hidden="true"
                class="MuiOutlinedInput-notchedOutline css-r01yff-MuiNotchedOutlined-root-MuiOutlinedInput-notchedOutline"
              >
                <legend
                  class="css-1whs34k-MuiNotchedOutlined-root"
                >
                  <span
                    class="notranslate"
                  >
                    ​
                  </span>
                </legend>
              </fieldset>
            </div>
          </div>
        </div>
        <div
          class="MuiGrid-root MuiGrid-item MuiGrid-grid-xs-12 MuiGrid-grid-sm-6 MuiGrid-grid-md-3 css-10voxkt-MuiGrid-root"
        >
          <div
            class="MuiFormControl-root MuiFormControl-fullWidth css-q8hpuo-MuiFormControl-root"
          >
            <label
              class="MuiFormLabel-root MuiInputLabel-root MuiInputLabel-formControl MuiInputLabel-animated MuiInputLabel-shrink MuiInputLabel-sizeSmall MuiInputLabel-outlined MuiFormLabel-colorPrimary MuiFormLabel-filled MuiInputLabel-root MuiInputLabel-formControl MuiInputLabel-animated MuiInputLabel-shrink MuiInputLabel-sizeSmall MuiInputLabel-outlined css-fe0mau-MuiFormLabel-root-MuiInputLabel-root"
              data-shrink="true"
            >
              Status
            </label>
            <div
              class="MuiInputBase-root MuiOutlinedInput-root MuiInputBase-colorPrimary MuiInputBase-formControl MuiInputBase-sizeSmall css-13lg1x7-MuiInputBase-root-MuiOutlinedInput-root-MuiSelect-root"
            >
              <div
                aria-controls=":ru:"
                aria-expanded="false"
                aria-haspopup="listbox"
                class="MuiSelect-select MuiSelect-outlined MuiInputBase-input MuiOutlinedInput-input MuiInputBase-inputSizeSmall css-1fzjff4-MuiSelect-select-MuiInputBase-input-MuiOutlinedInput-input"
                role="combobox"
                tabindex="0"
              >
                All Statuses
              </div>
              <input
                aria-hidden="true"
                aria-invalid="false"
                class="MuiSelect-nativeInput css-yf8vq0-MuiSelect-nativeInput"
                tabindex="-1"
                value="all"
              />
              <svg
                aria-hidden="true"
                class="MuiSvgIcon-root MuiSvgIcon-fontSizeMedium MuiSelect-icon MuiSelect-iconOutlined css-hfutr2-MuiSvgIcon-root-MuiSelect-icon"
                data-testid="ArrowDropDownIcon"
                focusable="false"
                viewBox="0 0 24 24"
              >
                <path
                  d="M7 10l5 5 5-5z"
                />
              </svg>[...
 × src/test/project.test.tsx > Project Components > ProjectCard > shows urgent flag for urgent projects
   → Unable to find an element with the title: Urgent project.

Ignored nodes: comments, script, style
<body
  style="padding-right: 1024px; overflow: hidden;"
>
  <div
    aria-hidden="true"
  >
    <div
      class="MuiBox-root css-0"
    >
      <div
        class="MuiBox-root css-i3pbo"
      >
        <h5
          class="MuiTypography-root MuiTypography-h5 MuiTypography-gutterBottom css-1hkf4sh-MuiTypography-root"
        >
          Payment History
        </h5>
        <p
          class="MuiTypography-root MuiTypography-body2 css-xtz2xu-MuiTypography-root"
        >
          1
           payment
           found
        </p>
      </div>
      <div
        class="MuiGrid-root MuiGrid-container MuiGrid-spacing-xs-2 css-12rc5ck-MuiGrid-root"
      >
        <div
          class="MuiGrid-root MuiGrid-item MuiGrid-grid-xs-12 MuiGrid-grid-sm-6 MuiGrid-grid-md-3 css-10voxkt-MuiGrid-root"
        >
          <div
            class="MuiFormControl-root MuiFormControl-fullWidth MuiTextField-root css-18hear-MuiFormControl-root-MuiTextField-root"
          >
            <div
              class="MuiInputBase-root MuiOutlinedInput-root MuiInputBase-colorPrimary MuiInputBase-fullWidth MuiInputBase-formControl MuiInputBase-sizeSmall MuiInputBase-adornedStart css-1cj7mpt-MuiInputBase-root-MuiOutlinedInput-root"
            >
              <div
                class="MuiInputAdornment-root MuiInputAdornment-positionStart MuiInputAdornment-outlined MuiInputAdornment-sizeSmall css-ittuaa-MuiInputAdornment-root"
              >
                <span
                  class="notranslate"
                >
                  ​
                </span>
                <svg
                  aria-hidden="true"
                  class="MuiSvgIcon-root MuiSvgIcon-fontSizeMedium css-i4bv87-MuiSvgIcon-root"
                  data-testid="SearchIcon"
                  focusable="false"
                  viewBox="0 0 24 24"
                >
                  <path
                    d="M15.5 14h-.79l-.28-.27C15.41 12.59 16 11.11 16 9.5 16 5.91 13.09 3 9.5 3S3 5.91 3 9.5 5.91 16 9.5 16c1.61 0 3.09-.59 4.23-1.57l.27.28v.79l5 4.99L20.49 19zm-6 0C7.01 14 5 11.99 5 9.5S7.01 5 9.5 5 14 7.01 14 9.5 11.99 14 9.5 14"
                  />
                </svg>
              </div>
              <input
                aria-invalid="false"
                class="MuiInputBase-input MuiOutlinedInput-input MuiInputBase-inputSizeSmall MuiInputBase-inputAdornedStart css-1ua80n0-MuiInputBase-input-MuiOutlinedInput-input"
                id=":rt:"
                placeholder="Search payments..."
                type="text"
                value=""
              />
              <fieldset
                aria-hidden="true"
                class="MuiOutlinedInput-notchedOutline css-r01yff-MuiNotchedOutlined-root-MuiOutlinedInput-notchedOutline"
              >
                <legend
                  class="css-1whs34k-MuiNotchedOutlined-root"
                >
                  <span
                    class="notranslate"
                  >
                    ​
                  </span>
                </legend>
              </fieldset>
            </div>
          </div>
        </div>
        <div
          class="MuiGrid-root MuiGrid-item MuiGrid-grid-xs-12 MuiGrid-grid-sm-6 MuiGrid-grid-md-3 css-10voxkt-MuiGrid-root"
        >
          <div
            class="MuiFormControl-root MuiFormControl-fullWidth css-q8hpuo-MuiFormControl-root"
          >
            <label
              class="MuiFormLabel-root MuiInputLabel-root MuiInputLabel-formControl MuiInputLabel-animated MuiInputLabel-shrink MuiInputLabel-sizeSmall MuiInputLabel-outlined MuiFormLabel-colorPrimary MuiFormLabel-filled MuiInputLabel-root MuiInputLabel-formControl MuiInputLabel-animated MuiInputLabel-shrink MuiInputLabel-sizeSmall MuiInputLabel-outlined css-fe0mau-MuiFormLabel-root-MuiInputLabel-root"
              data-shrink="true"
            >
              Status
            </label>
            <div
              class="MuiInputBase-root MuiOutlinedInput-root MuiInputBase-colorPrimary MuiInputBase-formControl MuiInputBase-sizeSmall css-13lg1x7-MuiInputBase-root-MuiOutlinedInput-root-MuiSelect-root"
            >
              <div
                aria-controls=":ru:"
                aria-expanded="false"
                aria-haspopup="listbox"
                class="MuiSelect-select MuiSelect-outlined MuiInputBase-input MuiOutlinedInput-input MuiInputBase-inputSizeSmall css-1fzjff4-MuiSelect-select-MuiInputBase-input-MuiOutlinedInput-input"
                role="combobox"
                tabindex="0"
              >
                All Statuses
              </div>
              <input
                aria-hidden="true"
                aria-invalid="false"
                class="MuiSelect-nativeInput css-yf8vq0-MuiSelect-nativeInput"
                tabindex="-1"
                value="all"
              />
              <svg
                aria-hidden="true"
                class="MuiSvgIcon-root MuiSvgIcon-fontSizeMedium MuiSelect-icon MuiSelect-iconOutlined css-hfutr2-MuiSvgIcon-root-MuiSelect-icon"
                data-testid="ArrowDropDownIcon"
                focusable="false"
                viewBox="0 0 24 24"
              >
                <path
                  d="M7 10l5 5 5-5z"
                />
              </svg>[...
 × src/test/project.test.tsx > Project Components > ProjectCard > displays skills with overflow indicator
   → Found multiple elements with the text: React

Here are the matching elements:

Ignored nodes: comments, script, style
<span
  class="MuiChip-label MuiChip-labelSmall css-rrn746-MuiChip-label"
>
  React
</span>

Ignored nodes: comments, script, style
<span
  class="MuiChip-label MuiChip-labelSmall css-rrn746-MuiChip-label"
>
  React
</span>

Ignored nodes: comments, script, style
<span
  class="MuiChip-label MuiChip-labelSmall css-rrn746-MuiChip-label"
>
  React
</span>

Ignored nodes: comments, script, style
<span
  class="MuiChip-label MuiChip-labelSmall css-rrn746-MuiChip-label"
>
  React
</span>

(If this is intentional, then use the `*AllBy*` variant of the query (like `queryAllByText`, `getAllByText`, or `findAllByText`)).

Ignored nodes: comments, script, style
<body
  style="padding-right: 1024px; overflow: hidden;"
>
  <div
    aria-hidden="true"
  >
    <div
      class="MuiBox-root css-0"
    >
      <div
        class="MuiBox-root css-i3pbo"
      >
        <h5
          class="MuiTypography-root MuiTypography-h5 MuiTypography-gutterBottom css-1hkf4sh-MuiTypography-root"
        >
          Payment History
        </h5>
        <p
          class="MuiTypography-root MuiTypography-body2 css-xtz2xu-MuiTypography-root"
        >
          1
           payment
           found
        </p>
      </div>
      <div
        class="MuiGrid-root MuiGrid-container MuiGrid-spacing-xs-2 css-12rc5ck-MuiGrid-root"
      >
        <div
          class="MuiGrid-root MuiGrid-item MuiGrid-grid-xs-12 MuiGrid-grid-sm-6 MuiGrid-grid-md-3 css-10voxkt-MuiGrid-root"
        >
          <div
            class="MuiFormControl-root MuiFormControl-fullWidth MuiTextField-root css-18hear-MuiFormControl-root-MuiTextField-root"
          >
            <div
              class="MuiInputBase-root MuiOutlinedInput-root MuiInputBase-colorPrimary MuiInputBase-fullWidth MuiInputBase-formControl MuiInputBase-sizeSmall MuiInputBase-adornedStart css-1cj7mpt-MuiInputBase-root-MuiOutlinedInput-root"
            >
              <div
                class="MuiInputAdornment-root MuiInputAdornment-positionStart MuiInputAdornment-outlined MuiInputAdornment-sizeSmall css-ittuaa-MuiInputAdornment-root"
              >
                <span
                  class="notranslate"
                >
                  ​
                </span>
                <svg
                  aria-hidden="true"
                  class="MuiSvgIcon-root MuiSvgIcon-fontSizeMedium css-i4bv87-MuiSvgIcon-root"
                  data-testid="SearchIcon"
                  focusable="false"
                  viewBox="0 0 24 24"
                >
                  <path
                    d="M15.5 14h-.79l-.28-.27C15.41 12.59 16 11.11 16 9.5 16 5.91 13.09 3 9.5 3S3 5.91 3 9.5 5.91 16 9.5 16c1.61 0 3.09-.59 4.23-1.57l.27.28v.79l5 4.99L20.49 19zm-6 0C7.01 14 5 11.99 5 9.5S7.01 5 9.5 5 14 7.01 14 9.5 11.99 14 9.5 14"
                  />
                </svg>
              </div>
              <input
                aria-invalid="false"
                class="MuiInputBase-input MuiOutlinedInput-input MuiInputBase-inputSizeSmall MuiInputBase-inputAdornedStart css-1ua80n0-MuiInputBase-input-MuiOutlinedInput-input"
                id=":rt:"
                placeholder="Search payments..."
                type="text"
                value=""
              />
              <fieldset
                aria-hidden="true"
                class="MuiOutlinedInput-notchedOutline css-r01yff-MuiNotchedOutlined-root-MuiOutlinedInput-notchedOutline"
              >
                <legend
                  class="css-1whs34k-MuiNotchedOutlined-root"
                >
                  <span
                    class="notranslate"
                  >
                    ​
                  </span>
                </legend>
              </fieldset>
            </div>
          </div>
        </div>
        <div
          class="MuiGrid-root MuiGrid-item MuiGrid-grid-xs-12 MuiGrid-grid-sm-6 MuiGrid-grid-md-3 css-10voxkt-MuiGrid-root"
        >
          <div
            class="MuiFormControl-root MuiFormControl-fullWidth css-q8hpuo-MuiFormControl-root"
          >
            <label
              class="MuiFormLabel-root MuiInputLabel-root MuiInputLabel-formControl MuiInputLabel-animated MuiInputLabel-shrink MuiInputLabel-sizeSmall MuiInputLabel-outlined MuiFormLabel-colorPrimary MuiFormLabel-filled MuiInputLabel-root MuiInputLabel-formControl MuiInputLabel-animated MuiInputLabel-shrink MuiInputLabel-sizeSmall MuiInputLabel-outlined css-fe0mau-MuiFormLabel-root-MuiInputLabel-root"
              data-shrink="true"
            >
              Status
            </label>
            <div
              class="MuiInputBase-root MuiOutlinedInput-root MuiInputBase-colorPrimary MuiInputBase-formControl MuiInputBase-sizeSmall css-13lg1x7-MuiInputBase-root-MuiOutlinedInput-root-MuiSelect-root"
            >
              <div
                aria-controls=":ru:"
                aria-expanded="false"
                aria-haspopup="listbox"
                class="MuiSelect-select MuiSelect-outlined MuiInputBase-input MuiOutlinedInput-input MuiInputBase-inputSizeSmall css-1fzjff4-MuiSelect-select-MuiInputBase-input-MuiOutlinedInput-input"
                role="combobox"
                tabindex="0"
              >
                All Statuses
              </div>
              <input
                aria-hidden="true"
                aria-invalid="false"
                class="MuiSelect-nativeInput css-yf8vq0-MuiSelect-nativeInput"
                tabindex="-1"
                value="all"
              />
              <svg
                aria-hidden="true"
                class="MuiSvgIcon-root MuiSvgIcon-fontSizeMedium MuiSelect-icon MuiSelect-iconOutlined css-hfutr2-MuiSvgIcon-root-MuiSelect-icon"
                data-testid="ArrowDropDownIcon"
                focusable="false"
                viewBox="0 0 24 24"
              >
                <path
                  d="M7 10l5 5 5-5z"
                />
              </svg>[...
 × src/test/project.test.tsx > Project Components > ProjectCard > shows bookmark button when enabled 5287ms
   → Found multiple elements with the role "button"

Here are the matching elements:

Ignored nodes: comments, script, style
<button
  class="MuiButtonBase-root MuiIconButton-root MuiIconButton-sizeMedium css-78trlr-MuiButtonBase-root-MuiIconButton-root"
  tabindex="0"
  type="button"
>
  <svg
    aria-hidden="true"
    class="MuiSvgIcon-root MuiSvgIcon-fontSizeMedium css-i4bv87-MuiSvgIcon-root"
    data-testid="CloseIcon"
    focusable="false"
    viewBox="0 0 24 24"
  >
    <path
      d="M19 6.41 17.59 5 12 10.59 6.41 5 5 6.41 10.59 12 5 17.59 6.41 19 12 13.41 17.59 19 19 17.59 13.41 12z"
    />
  </svg>
  <span
    class="MuiTouchRipple-root css-8je8zh-MuiTouchRipple-root"
  />
</button>

Ignored nodes: comments, script, style
<div
  aria-expanded="false"
  class="MuiButtonBase-root MuiAccordionSummary-root MuiAccordionSummary-gutters css-1f773le-MuiButtonBase-root-MuiAccordionSummary-root"
  role="button"
  tabindex="0"
>
  <div
    class="MuiAccordionSummary-content MuiAccordionSummary-contentGutters css-eqpfi5-MuiAccordionSummary-content"
  >
    <h6
      class="MuiTypography-root MuiTypography-h6 css-1rem9xf-MuiTypography-root"
    >
      Project Milestones (
      2
      )
    </h6>
  </div>
  <div
    class="MuiAccordionSummary-expandIconWrapper css-yw020d-MuiAccordionSummary-expandIconWrapper"
  >
    <svg
      aria-hidden="true"
      class="MuiSvgIcon-root MuiSvgIcon-fontSizeMedium css-i4bv87-MuiSvgIcon-root"
      data-testid="ExpandMoreIcon"
      focusable="false"
      viewBox="0 0 24 24"
    >
      <path
        d="M16.59 8.59 12 13.17 7.41 8.59 6 10l6 6 6-6z"
      />
    </svg>
  </div>
</div>

Ignored nodes: comments, script, style
<button
  class="MuiButtonBase-root MuiButton-root MuiButton-text MuiButton-textError MuiButton-sizeMedium MuiButton-textSizeMedium MuiButton-colorError MuiButton-root MuiButton-text MuiButton-textError MuiButton-sizeMedium MuiButton-textSizeMedium MuiButton-colorError css-gwcbq2-MuiButtonBase-root-MuiButton-root"
  tabindex="0"
  type="button"
>
  Withdraw Proposal
  <span
    class="MuiTouchRipple-root css-8je8zh-MuiTouchRipple-root"
  />
</button>

Ignored nodes: comments, script, style
<button
  class="MuiButtonBase-root MuiButton-root MuiButton-text MuiButton-textPrimary MuiButton-sizeMedium MuiButton-textSizeMedium MuiButton-colorPrimary MuiButton-root MuiButton-text MuiButton-textPrimary MuiButton-sizeMedium MuiButton-textSizeMedium MuiButton-colorPrimary css-94khcu-MuiButtonBase-root-MuiButton-root"
  tabindex="0"
  type="button"
>
  Close
  <span
    class="MuiTouchRipple-root css-8je8zh-MuiTouchRipple-root"
  />
</button>

Ignored nodes: comments, script, style
<button
  class="MuiButtonBase-root MuiIconButton-root MuiIconButton-sizeSmall css-1l7m31k-MuiButtonBase-root-MuiIconButton-root"
  tabindex="0"
  type="button"
>
  <svg
    aria-hidden="true"
    class="MuiSvgIcon-root MuiSvgIcon-fontSizeMedium css-i4bv87-MuiSvgIcon-root"
    data-testid="BookmarkBorderIcon"
    focusable="false"
    viewBox="0 0 24 24"
  >
    <path
      d="M17 3H7c-1.1 0-1.99.9-1.99 2L5 21l7-3 7 3V5c0-1.1-.9-2-2-2m0 15-5-2.18L7 18V5h10z"
    />
  </svg>
  <span
    class="MuiTouchRipple-root css-8je8zh-MuiTouchRipple-root"
  />
</button>

(If this is intentional, then use the `*AllBy*` variant of the query (like `queryAllByText`, `getAllByText`, or `findAllByText`)).

Ignored nodes: comments, script, style
<body
  style="padding-right: 1024px; overflow: hidden;"
>
  <div
    aria-hidden="true"
  >
    <div
      class="MuiBox-root css-0"
    >
      <div
        class="MuiBox-root css-i3pbo"
      >
        <h5
          class="MuiTypography-root MuiTypography-h5 MuiTypography-gutterBottom css-1hkf4sh-MuiTypography-root"
        >
          Payment History
        </h5>
        <p
          class="MuiTypography-root MuiTypography-body2 css-xtz2xu-MuiTypography-root"
        >
          1
           payment
           found
        </p>
      </div>
      <div
        class="MuiGrid-root MuiGrid-container MuiGrid-spacing-xs-2 css-12rc5ck-MuiGrid-root"
      >
        <div
          class="MuiGrid-root MuiGrid-item MuiGrid-grid-xs-12 MuiGrid-grid-sm-6 MuiGrid-grid-md-3 css-10voxkt-MuiGrid-root"
        >
          <div
            class="MuiFormControl-root MuiFormControl-fullWidth MuiTextField-root css-18hear-MuiFormControl-root-MuiTextField-root"
          >
            <div
              class="MuiInputBase-root MuiOutlinedInput-root MuiInputBase-colorPrimary MuiInputBase-fullWidth MuiInputBase-formControl MuiInputBase-sizeSmall MuiInputBase-adornedStart css-1cj7mpt-MuiInputBase-root-MuiOutlinedInput-root"
            >
              <div
                class="MuiInputAdornment-root MuiInputAdornment-positionStart MuiInputAdornment-outlined MuiInputAdornment-sizeSmall css-ittuaa-MuiInputAdornment-root"
              >
                <span
                  class="notranslate"
                >
                  ​
                </span>
                <svg
                  aria-hidden="true"
                  class="MuiSvgIcon-root MuiSvgIcon-fontSizeMedium css-i4bv87-MuiSvgIcon-root"
                  data-testid="SearchIcon"
                  focusable="false"
                  viewBox="0 0 24 24"
                >
                  <path
                    d="M15.5 14h-.79l-.28-.27C15.41 12.59 16 11.11 16 9.5 16 5.91 13.09 3 9.5 3S3 5.91 3 9.5 5.91 16 9.5 16c1.61 0 3.09-.59 4.23-1.57l.27.28v.79l5 4.99L20.49 19zm-6 0C7.01 14 5 11.99 5 9.5S7.01 5 9.5 5 14 7.01 14 9.5 11.99 14 9.5 14"
                  />
                </svg>
              </div>
              <input
                aria-invalid="false"
                class="MuiInputBase-input MuiOutlinedInput-input MuiInputBase-inputSizeSmall MuiInputBase-inputAdornedStart css-1ua80n0-MuiInputBase-input-MuiOutlinedInput-input"
                id=":rt:"
                placeholder="Search payments..."
                type="text"
                value=""
              />
              <fieldset
                aria-hidden="true"
                class="MuiOutlinedInput-notchedOutline css-r01yff-MuiNotchedOutlined-root-MuiOutlinedInput-notchedOutline"
              >
                <legend
                  class="css-1whs34k-MuiNotchedOutlined-root"
                >
                  <span
                    class="notranslate"
                  >
                    ​
                  </span>
                </legend>
              </fieldset>
            </div>
          </div>
        </div>
        <div
          class="MuiGrid-root MuiGrid-item MuiGrid-grid-xs-12 MuiGrid-grid-sm-6 MuiGrid-grid-md-3 css-10voxkt-MuiGrid-root"
        >
          <div
            class="MuiFormControl-root MuiFormControl-fullWidth css-q8hpuo-MuiFormControl-root"
          >
            <label
              class="MuiFormLabel-root MuiInputLabel-root MuiInputLabel-formControl MuiInputLabel-animated MuiInputLabel-shrink MuiInputLabel-sizeSmall MuiInputLabel-outlined MuiFormLabel-colorPrimary MuiFormLabel-filled MuiInputLabel-root MuiInputLabel-formControl MuiInputLabel-animated MuiInputLabel-shrink MuiInputLabel-sizeSmall MuiInputLabel-outlined css-fe0mau-MuiFormLabel-root-MuiInputLabel-root"
              data-shrink="true"
            >
              Status
            </label>
            <div
              class="MuiInputBase-root MuiOutlinedInput-root MuiInputBase-colorPrimary MuiInputBase-formControl MuiInputBase-sizeSmall css-13lg1x7-MuiInputBase-root-MuiOutlinedInput-root-MuiSelect-root"
            >
              <div
                aria-controls=":ru:"
                aria-expanded="false"
                aria-haspopup="listbox"
                class="MuiSelect-select MuiSelect-outlined MuiInputBase-input MuiOutlinedInput-input MuiInputBase-inputSizeSmall css-1fzjff4-MuiSelect-select-MuiInputBase-input-MuiOutlinedInput-input"
                role="combobox"
                tabindex="0"
              >
                All Statuses
              </div>
              <input
                aria-hidden="true"
                aria-invalid="false"
                class="MuiSelect-nativeInput css-yf8vq0-MuiSelect-nativeInput"
                tabindex="-1"
                value="all"
              />
              <svg
                aria-hidden="true"
                class="MuiSvgIcon-root MuiSvgIcon-fontSizeMedium MuiSelect-icon MuiSelect-iconOutlined css-hfutr2-MuiSvgIcon-root-MuiSelect-icon"
                data-testid="ArrowDropDownIcon"
                focusable="false"
                viewBox="0 0 24 24"
              >
                <path
                  d="M7 10l5 5 5-5z"
                />
              </svg>[...
 × src/test/project.test.tsx > Project Components > ProjectCard > displays project stats correctly 367ms
   → Found multiple elements with the text: 5 proposals

Here are the matching elements:

Ignored nodes: comments, script, style
<span
  class="MuiTypography-root MuiTypography-caption css-ol7wxs-MuiTypography-root"
>
  5
   proposals
</span>

Ignored nodes: comments, script, style
<span
  class="MuiTypography-root MuiTypography-caption css-ol7wxs-MuiTypography-root"
>
  5
   proposals
</span>

Ignored nodes: comments, script, style
<span
  class="MuiTypography-root MuiTypography-caption css-ol7wxs-MuiTypography-root"
>
  5
   proposals
</span>

Ignored nodes: comments, script, style
<span
  class="MuiTypography-root MuiTypography-caption css-ol7wxs-MuiTypography-root"
>
  5
   proposals
</span>

Ignored nodes: comments, script, style
<span
  class="MuiTypography-root MuiTypography-caption css-ol7wxs-MuiTypography-root"
>
  5
   proposals
</span>

Ignored nodes: comments, script, style
<span
  class="MuiTypography-root MuiTypography-caption css-ol7wxs-MuiTypography-root"
>
  5
   proposals
</span>

(If this is intentional, then use the `*AllBy*` variant of the query (like `queryAllByText`, `getAllByText`, or `findAllByText`)).

Ignored nodes: comments, script, style
<body
  style="padding-right: 1024px; overflow: hidden;"
>
  <div
    aria-hidden="true"
  >
    <div
      class="MuiBox-root css-0"
    >
      <div
        class="MuiBox-root css-i3pbo"
      >
        <h5
          class="MuiTypography-root MuiTypography-h5 MuiTypography-gutterBottom css-1hkf4sh-MuiTypography-root"
        >
          Payment History
        </h5>
        <p
          class="MuiTypography-root MuiTypography-body2 css-xtz2xu-MuiTypography-root"
        >
          1
           payment
           found
        </p>
      </div>
      <div
        class="MuiGrid-root MuiGrid-container MuiGrid-spacing-xs-2 css-12rc5ck-MuiGrid-root"
      >
        <div
          class="MuiGrid-root MuiGrid-item MuiGrid-grid-xs-12 MuiGrid-grid-sm-6 MuiGrid-grid-md-3 css-10voxkt-MuiGrid-root"
        >
          <div
            class="MuiFormControl-root MuiFormControl-fullWidth MuiTextField-root css-18hear-MuiFormControl-root-MuiTextField-root"
          >
            <div
              class="MuiInputBase-root MuiOutlinedInput-root MuiInputBase-colorPrimary MuiInputBase-fullWidth MuiInputBase-formControl MuiInputBase-sizeSmall MuiInputBase-adornedStart css-1cj7mpt-MuiInputBase-root-MuiOutlinedInput-root"
            >
              <div
                class="MuiInputAdornment-root MuiInputAdornment-positionStart MuiInputAdornment-outlined MuiInputAdornment-sizeSmall css-ittuaa-MuiInputAdornment-root"
              >
                <span
                  class="notranslate"
                >
                  ​
                </span>
                <svg
                  aria-hidden="true"
                  class="MuiSvgIcon-root MuiSvgIcon-fontSizeMedium css-i4bv87-MuiSvgIcon-root"
                  data-testid="SearchIcon"
                  focusable="false"
                  viewBox="0 0 24 24"
                >
                  <path
                    d="M15.5 14h-.79l-.28-.27C15.41 12.59 16 11.11 16 9.5 16 5.91 13.09 3 9.5 3S3 5.91 3 9.5 5.91 16 9.5 16c1.61 0 3.09-.59 4.23-1.57l.27.28v.79l5 4.99L20.49 19zm-6 0C7.01 14 5 11.99 5 9.5S7.01 5 9.5 5 14 7.01 14 9.5 11.99 14 9.5 14"
                  />
                </svg>
              </div>
              <input
                aria-invalid="false"
                class="MuiInputBase-input MuiOutlinedInput-input MuiInputBase-inputSizeSmall MuiInputBase-inputAdornedStart css-1ua80n0-MuiInputBase-input-MuiOutlinedInput-input"
                id=":rt:"
                placeholder="Search payments..."
                type="text"
                value=""
              />
              <fieldset
                aria-hidden="true"
                class="MuiOutlinedInput-notchedOutline css-r01yff-MuiNotchedOutlined-root-MuiOutlinedInput-notchedOutline"
              >
                <legend
                  class="css-1whs34k-MuiNotchedOutlined-root"
                >
                  <span
                    class="notranslate"
                  >
                    ​
                  </span>
                </legend>
              </fieldset>
            </div>
          </div>
        </div>
        <div
          class="MuiGrid-root MuiGrid-item MuiGrid-grid-xs-12 MuiGrid-grid-sm-6 MuiGrid-grid-md-3 css-10voxkt-MuiGrid-root"
        >
          <div
            class="MuiFormControl-root MuiFormControl-fullWidth css-q8hpuo-MuiFormControl-root"
          >
            <label
              class="MuiFormLabel-root MuiInputLabel-root MuiInputLabel-formControl MuiInputLabel-animated MuiInputLabel-shrink MuiInputLabel-sizeSmall MuiInputLabel-outlined MuiFormLabel-colorPrimary MuiFormLabel-filled MuiInputLabel-root MuiInputLabel-formControl MuiInputLabel-animated MuiInputLabel-shrink MuiInputLabel-sizeSmall MuiInputLabel-outlined css-fe0mau-MuiFormLabel-root-MuiInputLabel-root"
              data-shrink="true"
            >
              Status
            </label>
            <div
              class="MuiInputBase-root MuiOutlinedInput-root MuiInputBase-colorPrimary MuiInputBase-formControl MuiInputBase-sizeSmall css-13lg1x7-MuiInputBase-root-MuiOutlinedInput-root-MuiSelect-root"
            >
              <div
                aria-controls=":ru:"
                aria-expanded="false"
                aria-haspopup="listbox"
                class="MuiSelect-select MuiSelect-outlined MuiInputBase-input MuiOutlinedInput-input MuiInputBase-inputSizeSmall css-1fzjff4-MuiSelect-select-MuiInputBase-input-MuiOutlinedInput-input"
                role="combobox"
                tabindex="0"
              >
                All Statuses
              </div>
              <input
                aria-hidden="true"
                aria-invalid="false"
                class="MuiSelect-nativeInput css-yf8vq0-MuiSelect-nativeInput"
                tabindex="-1"
                value="all"
              />
              <svg
                aria-hidden="true"
                class="MuiSvgIcon-root MuiSvgIcon-fontSizeMedium MuiSelect-icon MuiSelect-iconOutlined css-hfutr2-MuiSvgIcon-root-MuiSelect-icon"
                data-testid="ArrowDropDownIcon"
                focusable="false"
                viewBox="0 0 24 24"
              >
                <path
                  d="M7 10l5 5 5-5z"
                />
              </svg>[...
 × src/test/project.test.tsx > Project Components > ProjectCard > shows application deadline 360ms
   → Found multiple elements with the text: /Deadline:/

Here are the matching elements:

Ignored nodes: comments, script, style
<span
  class="MuiTypography-root MuiTypography-caption css-19sk6fl-MuiTypography-root"
>
  Deadline: 
  2/15/2024
</span>

Ignored nodes: comments, script, style
<span
  class="MuiTypography-root MuiTypography-caption css-19sk6fl-MuiTypography-root"
>
  Deadline: 
  2/15/2024
</span>

Ignored nodes: comments, script, style
<span
  class="MuiTypography-root MuiTypography-caption css-19sk6fl-MuiTypography-root"
>
  Deadline: 
  2/15/2024
</span>

Ignored nodes: comments, script, style
<span
  class="MuiTypography-root MuiTypography-caption css-19sk6fl-MuiTypography-root"
>
  Deadline: 
  2/15/2024
</span>

Ignored nodes: comments, script, style
<span
  class="MuiTypography-root MuiTypography-caption css-19sk6fl-MuiTypography-root"
>
  Deadline: 
  2/15/2024
</span>

Ignored nodes: comments, script, style
<span
  class="MuiTypography-root MuiTypography-caption css-19sk6fl-MuiTypography-root"
>
  Deadline: 
  2/15/2024
</span>

Ignored nodes: comments, script, style
<span
  class="MuiTypography-root MuiTypography-caption css-19sk6fl-MuiTypography-root"
>
  Deadline: 
  2/15/2024
</span>

(If this is intentional, then use the `*AllBy*` variant of the query (like `queryAllByText`, `getAllByText`, or `findAllByText`)).

Ignored nodes: comments, script, style
<body
  style="padding-right: 1024px; overflow: hidden;"
>
  <div
    aria-hidden="true"
  >
    <div
      class="MuiBox-root css-0"
    >
      <div
        class="MuiBox-root css-i3pbo"
      >
        <h5
          class="MuiTypography-root MuiTypography-h5 MuiTypography-gutterBottom css-1hkf4sh-MuiTypography-root"
        >
          Payment History
        </h5>
        <p
          class="MuiTypography-root MuiTypography-body2 css-xtz2xu-MuiTypography-root"
        >
          1
           payment
           found
        </p>
      </div>
      <div
        class="MuiGrid-root MuiGrid-container MuiGrid-spacing-xs-2 css-12rc5ck-MuiGrid-root"
      >
        <div
          class="MuiGrid-root MuiGrid-item MuiGrid-grid-xs-12 MuiGrid-grid-sm-6 MuiGrid-grid-md-3 css-10voxkt-MuiGrid-root"
        >
          <div
            class="MuiFormControl-root MuiFormControl-fullWidth MuiTextField-root css-18hear-MuiFormControl-root-MuiTextField-root"
          >
            <div
              class="MuiInputBase-root MuiOutlinedInput-root MuiInputBase-colorPrimary MuiInputBase-fullWidth MuiInputBase-formControl MuiInputBase-sizeSmall MuiInputBase-adornedStart css-1cj7mpt-MuiInputBase-root-MuiOutlinedInput-root"
            >
              <div
                class="MuiInputAdornment-root MuiInputAdornment-positionStart MuiInputAdornment-outlined MuiInputAdornment-sizeSmall css-ittuaa-MuiInputAdornment-root"
              >
                <span
                  class="notranslate"
                >
                  ​
                </span>
                <svg
                  aria-hidden="true"
                  class="MuiSvgIcon-root MuiSvgIcon-fontSizeMedium css-i4bv87-MuiSvgIcon-root"
                  data-testid="SearchIcon"
                  focusable="false"
                  viewBox="0 0 24 24"
                >
                  <path
                    d="M15.5 14h-.79l-.28-.27C15.41 12.59 16 11.11 16 9.5 16 5.91 13.09 3 9.5 3S3 5.91 3 9.5 5.91 16 9.5 16c1.61 0 3.09-.59 4.23-1.57l.27.28v.79l5 4.99L20.49 19zm-6 0C7.01 14 5 11.99 5 9.5S7.01 5 9.5 5 14 7.01 14 9.5 11.99 14 9.5 14"
                  />
                </svg>
              </div>
              <input
                aria-invalid="false"
                class="MuiInputBase-input MuiOutlinedInput-input MuiInputBase-inputSizeSmall MuiInputBase-inputAdornedStart css-1ua80n0-MuiInputBase-input-MuiOutlinedInput-input"
                id=":rt:"
                placeholder="Search payments..."
                type="text"
                value=""
              />
              <fieldset
                aria-hidden="true"
                class="MuiOutlinedInput-notchedOutline css-r01yff-MuiNotchedOutlined-root-MuiOutlinedInput-notchedOutline"
              >
                <legend
                  class="css-1whs34k-MuiNotchedOutlined-root"
                >
                  <span
                    class="notranslate"
                  >
                    ​
                  </span>
                </legend>
              </fieldset>
            </div>
          </div>
        </div>
        <div
          class="MuiGrid-root MuiGrid-item MuiGrid-grid-xs-12 MuiGrid-grid-sm-6 MuiGrid-grid-md-3 css-10voxkt-MuiGrid-root"
        >
          <div
            class="MuiFormControl-root MuiFormControl-fullWidth css-q8hpuo-MuiFormControl-root"
          >
            <label
              class="MuiFormLabel-root MuiInputLabel-root MuiInputLabel-formControl MuiInputLabel-animated MuiInputLabel-shrink MuiInputLabel-sizeSmall MuiInputLabel-outlined MuiFormLabel-colorPrimary MuiFormLabel-filled MuiInputLabel-root MuiInputLabel-formControl MuiInputLabel-animated MuiInputLabel-shrink MuiInputLabel-sizeSmall MuiInputLabel-outlined css-fe0mau-MuiFormLabel-root-MuiInputLabel-root"
              data-shrink="true"
            >
              Status
            </label>
            <div
              class="MuiInputBase-root MuiOutlinedInput-root MuiInputBase-colorPrimary MuiInputBase-formControl MuiInputBase-sizeSmall css-13lg1x7-MuiInputBase-root-MuiOutlinedInput-root-MuiSelect-root"
            >
              <div
                aria-controls=":ru:"
                aria-expanded="false"
                aria-haspopup="listbox"
                class="MuiSelect-select MuiSelect-outlined MuiInputBase-input MuiOutlinedInput-input MuiInputBase-inputSizeSmall css-1fzjff4-MuiSelect-select-MuiInputBase-input-MuiOutlinedInput-input"
                role="combobox"
                tabindex="0"
              >
                All Statuses
              </div>
              <input
                aria-hidden="true"
                aria-invalid="false"
                class="MuiSelect-nativeInput css-yf8vq0-MuiSelect-nativeInput"
                tabindex="-1"
                value="all"
              />
              <svg
                aria-hidden="true"
                class="MuiSvgIcon-root MuiSvgIcon-fontSizeMedium MuiSelect-icon MuiSelect-iconOutlined css-hfutr2-MuiSvgIcon-root-MuiSelect-icon"
                data-testid="ArrowDropDownIcon"
                focusable="false"
                viewBox="0 0 24 24"
              >
                <path
                  d="M7 10l5 5 5-5z"
                />
              </svg>[...
 × src/test/project.test.tsx > Project Components > ProjectCard > has view details link 479ms
   → Found multiple elements with the text: View Details

Here are the matching elements:

Ignored nodes: comments, script, style
<button
  class="MuiButtonBase-root MuiButton-root MuiButton-text MuiButton-textPrimary MuiButton-sizeSmall MuiButton-textSizeSmall MuiButton-colorPrimary MuiButton-root MuiButton-text MuiButton-textPrimary MuiButton-sizeSmall MuiButton-textSizeSmall MuiButton-colorPrimary css-1v1pa0w-MuiButtonBase-root-MuiButton-root"
  tabindex="0"
  type="button"
>
  <span
    class="MuiButton-icon MuiButton-startIcon MuiButton-iconSizeSmall css-cstir9-MuiButton-startIcon"
  >
    <svg
      aria-hidden="true"
      class="MuiSvgIcon-root MuiSvgIcon-fontSizeMedium css-i4bv87-MuiSvgIcon-root"
      data-testid="VisibilityIcon"
      focusable="false"
      viewBox="0 0 24 24"
    >
      <path
        d="M12 4.5C7 4.5 2.73 7.61 1 12c1.73 4.39 6 7.5 11 7.5s9.27-3.11 11-7.5c-1.73-4.39-6-7.5-11-7.5M12 17c-2.76 0-5-2.24-5-5s2.24-5 5-5 5 2.24 5 5-2.24 5-5 5m0-8c-1.66 0-3 1.34-3 3s1.34 3 3 3 3-1.34 3-3-1.34-3-3-3"
      />
    </svg>
  </span>
  View Details
  <span
    class="MuiTouchRipple-root css-8je8zh-MuiTouchRipple-root"
  />
</button>

Ignored nodes: comments, script, style
<button
  class="MuiButtonBase-root MuiButton-root MuiButton-text MuiButton-textPrimary MuiButton-sizeSmall MuiButton-textSizeSmall MuiButton-colorPrimary MuiButton-root MuiButton-text MuiButton-textPrimary MuiButton-sizeSmall MuiButton-textSizeSmall MuiButton-colorPrimary css-1v1pa0w-MuiButtonBase-root-MuiButton-root"
  tabindex="0"
  type="button"
>
  <span
    class="MuiButton-icon MuiButton-startIcon MuiButton-iconSizeSmall css-cstir9-MuiButton-startIcon"
  >
    <svg
      aria-hidden="true"
      class="MuiSvgIcon-root MuiSvgIcon-fontSizeMedium css-i4bv87-MuiSvgIcon-root"
      data-testid="VisibilityIcon"
      focusable="false"
      viewBox="0 0 24 24"
    >
      <path
        d="M12 4.5C7 4.5 2.73 7.61 1 12c1.73 4.39 6 7.5 11 7.5s9.27-3.11 11-7.5c-1.73-4.39-6-7.5-11-7.5M12 17c-2.76 0-5-2.24-5-5s2.24-5 5-5 5 2.24 5 5-2.24 5-5 5m0-8c-1.66 0-3 1.34-3 3s1.34 3 3 3 3-1.34 3-3-1.34-3-3-3"
      />
    </svg>
  </span>
  View Details
  <span
    class="MuiTouchRipple-root css-8je8zh-MuiTouchRipple-root"
  />
</button>

Ignored nodes: comments, script, style
<button
  class="MuiButtonBase-root MuiButton-root MuiButton-text MuiButton-textPrimary MuiButton-sizeSmall MuiButton-textSizeSmall MuiButton-colorPrimary MuiButton-root MuiButton-text MuiButton-textPrimary MuiButton-sizeSmall MuiButton-textSizeSmall MuiButton-colorPrimary css-1v1pa0w-MuiButtonBase-root-MuiButton-root"
  tabindex="0"
  type="button"
>
  <span
    class="MuiButton-icon MuiButton-startIcon MuiButton-iconSizeSmall css-cstir9-MuiButton-startIcon"
  >
    <svg
      aria-hidden="true"
      class="MuiSvgIcon-root MuiSvgIcon-fontSizeMedium css-i4bv87-MuiSvgIcon-root"
      data-testid="VisibilityIcon"
      focusable="false"
      viewBox="0 0 24 24"
    >
      <path
        d="M12 4.5C7 4.5 2.73 7.61 1 12c1.73 4.39 6 7.5 11 7.5s9.27-3.11 11-7.5c-1.73-4.39-6-7.5-11-7.5M12 17c-2.76 0-5-2.24-5-5s2.24-5 5-5 5 2.24 5 5-2.24 5-5 5m0-8c-1.66 0-3 1.34-3 3s1.34 3 3 3 3-1.34 3-3-1.34-3-3-3"
      />
    </svg>
  </span>
  View Details
  <span
    class="MuiTouchRipple-root css-8je8zh-MuiTouchRipple-root"
  />
</button>

Ignored nodes: comments, script, style
<button
  class="MuiButtonBase-root MuiButton-root MuiButton-text MuiButton-textPrimary MuiButton-sizeSmall MuiButton-textSizeSmall MuiButton-colorPrimary MuiButton-root MuiButton-text MuiButton-textPrimary MuiButton-sizeSmall MuiButton-textSizeSmall MuiButton-colorPrimary css-1v1pa0w-MuiButtonBase-root-MuiButton-root"
  tabindex="0"
  type="button"
>
  <span
    class="MuiButton-icon MuiButton-startIcon MuiButton-iconSizeSmall css-cstir9-MuiButton-startIcon"
  >
    <svg
      aria-hidden="true"
      class="MuiSvgIcon-root MuiSvgIcon-fontSizeMedium css-i4bv87-MuiSvgIcon-root"
      data-testid="VisibilityIcon"
      focusable="false"
      viewBox="0 0 24 24"
    >
      <path
        d="M12 4.5C7 4.5 2.73 7.61 1 12c1.73 4.39 6 7.5 11 7.5s9.27-3.11 11-7.5c-1.73-4.39-6-7.5-11-7.5M12 17c-2.76 0-5-2.24-5-5s2.24-5 5-5 5 2.24 5 5-2.24 5-5 5m0-8c-1.66 0-3 1.34-3 3s1.34 3 3 3 3-1.34 3-3-1.34-3-3-3"
      />
    </svg>
  </span>
  View Details
  <span
    class="MuiTouchRipple-root css-8je8zh-MuiTouchRipple-root"
  />
</button>

Ignored nodes: comments, script, style
<a
  class="MuiButtonBase-root MuiButton-root MuiButton-contained MuiButton-containedPrimary MuiButton-sizeSmall MuiButton-containedSizeSmall MuiButton-colorPrimary MuiButton-fullWidth MuiButton-root MuiButton-contained MuiButton-containedPrimary MuiButton-sizeSmall MuiButton-containedSizeSmall MuiButton-colorPrimary MuiButton-fullWidth css-1evprfk-MuiButtonBase-root-MuiButton-root"
  href="/projects/1"
  tabindex="0"
>
  View Details
  <span
    class="MuiTouchRipple-root css-8je8zh-MuiTouchRipple-root"
  />
</a>

Ignored nodes: comments, script, style
<a
  class="MuiButtonBase-root MuiButton-root MuiButton-contained MuiButton-containedPrimary MuiButton-sizeSmall MuiButton-containedSizeSmall MuiButton-colorPrimary MuiButton-fullWidth MuiButton-root MuiButton-contained MuiButton-containedPrimary MuiButton-sizeSmall MuiButton-containedSizeSmall MuiButton-colorPrimary MuiButton-fullWidth css-1evprfk-MuiButtonBase-root-MuiButton-root"
  href="/projects/1"
  tabindex="0"
>
  View Details
  <span
    class="MuiTouchRipple-root css-8je8zh-MuiTouchRipple-root"
  />
</a>

Ignored nodes: comments, script, style
<a
  class="MuiButtonBase-root MuiButton-root MuiButton-contained MuiButton-containedPrimary MuiButton-sizeSmall MuiButton-containedSizeSmall MuiButton-colorPrimary MuiButton-fullWidth MuiButton-root MuiButton-contained MuiButton-containedPrimary MuiButton-sizeSmall MuiButton-containedSizeSmall MuiButton-colorPrimary MuiButton-fullWidth css-1evprfk-MuiButtonBase-root-MuiButton-root"
  href="/projects/1"
  tabindex="0"
>
  View Details
  <span
    class="MuiTouchRipple-root css-8je8zh-MuiTouchRipple-root"
  />
</a>

Ignored nodes: comments, script, style
<a
  class="MuiButtonBase-root MuiButton-root MuiButton-contained MuiButton-containedPrimary MuiButton-sizeSmall MuiButton-containedSizeSmall MuiButton-colorPrimary MuiButton-fullWidth MuiButton-root MuiButton-contained MuiButton-containedPrimary MuiButton-sizeSmall MuiButton-containedSizeSmall MuiButton-colorPrimary MuiButton-fullWidth css-1evprfk-MuiButtonBase-root-MuiButton-root"
  href="/projects/1"
  tabindex="0"
>
  View Details
  <span
    class="MuiTouchRipple-root css-8je8zh-MuiTouchRipple-root"
  />
</a>

Ignored nodes: comments, script, style
<a
  class="MuiButtonBase-root MuiButton-root MuiButton-contained MuiButton-containedPrimary MuiButton-sizeSmall MuiButton-containedSizeSmall MuiButton-colorPrimary MuiButton-fullWidth MuiButton-root MuiButton-contained MuiButton-containedPrimary MuiButton-sizeSmall MuiButton-containedSizeSmall MuiButton-colorPrimary MuiButton-fullWidth css-1evprfk-MuiButtonBase-root-MuiButton-root"
  href="/projects/1"
  tabindex="0"
>
  View Details
  <span
    class="MuiTouchRipple-root css-8je8zh-MuiTouchRipple-root"
  />
</a>

Ignored nodes: comments, script, style
<a
  class="MuiButtonBase-root MuiButton-root MuiButton-contained MuiButton-containedPrimary MuiButton-sizeSmall MuiButton-containedSizeSmall MuiButton-colorPrimary MuiButton-fullWidth MuiButton-root MuiButton-contained MuiButton-containedPrimary MuiButton-sizeSmall MuiButton-containedSizeSmall MuiButton-colorPrimary MuiButton-fullWidth css-1evprfk-MuiButtonBase-root-MuiButton-root"
  href="/projects/1"
  tabindex="0"
>
  View Details
  <span
    class="MuiTouchRipple-root css-8je8zh-MuiTouchRipple-root"
  />
</a>

Ignored nodes: comments, script, style
<a
  class="MuiButtonBase-root MuiButton-root MuiButton-contained MuiButton-containedPrimary MuiButton-sizeSmall MuiButton-containedSizeSmall MuiButton-colorPrimary MuiButton-fullWidth MuiButton-root MuiButton-contained MuiButton-containedPrimary MuiButton-sizeSmall MuiButton-containedSizeSmall MuiButton-colorPrimary MuiButton-fullWidth css-1evprfk-MuiButtonBase-root-MuiButton-root"
  href="/projects/1"
  tabindex="0"
>
  View Details
  <span
    class="MuiTouchRipple-root css-8je8zh-MuiTouchRipple-root"
  />
</a>

Ignored nodes: comments, script, style
<a
  class="MuiButtonBase-root MuiButton-root MuiButton-contained MuiButton-containedPrimary MuiButton-sizeSmall MuiButton-containedSizeSmall MuiButton-colorPrimary MuiButton-fullWidth MuiButton-root MuiButton-contained MuiButton-containedPrimary MuiButton-sizeSmall MuiButton-containedSizeSmall MuiButton-colorPrimary MuiButton-fullWidth css-1evprfk-MuiButtonBase-root-MuiButton-root"
  href="/projects/1"
  tabindex="0"
>
  View Details
  <span
    class="MuiTouchRipple-root css-8je8zh-MuiTouchRipple-root"
  />
</a>

(If this is intentional, then use the `*AllBy*` variant of the query (like `queryAllByText`, `getAllByText`, or `findAllByText`)).

Ignored nodes: comments, script, style
<body
  style="padding-right: 1024px; overflow: hidden;"
>
  <div
    aria-hidden="true"
  >
    <div
      class="MuiBox-root css-0"
    >
      <div
        class="MuiBox-root css-i3pbo"
      >
        <h5
          class="MuiTypography-root MuiTypography-h5 MuiTypography-gutterBottom css-1hkf4sh-MuiTypography-root"
        >
          Payment History
        </h5>
        <p
          class="MuiTypography-root MuiTypography-body2 css-xtz2xu-MuiTypography-root"
        >
          1
           payment
           found
        </p>
      </div>
      <div
        class="MuiGrid-root MuiGrid-container MuiGrid-spacing-xs-2 css-12rc5ck-MuiGrid-root"
      >
        <div
          class="MuiGrid-root MuiGrid-item MuiGrid-grid-xs-12 MuiGrid-grid-sm-6 MuiGrid-grid-md-3 css-10voxkt-MuiGrid-root"
        >
          <div
            class="MuiFormControl-root MuiFormControl-fullWidth MuiTextField-root css-18hear-MuiFormControl-root-MuiTextField-root"
          >
            <div
              class="MuiInputBase-root MuiOutlinedInput-root MuiInputBase-colorPrimary MuiInputBase-fullWidth MuiInputBase-formControl MuiInputBase-sizeSmall MuiInputBase-adornedStart css-1cj7mpt-MuiInputBase-root-MuiOutlinedInput-root"
            >
              <div
                class="MuiInputAdornment-root MuiInputAdornment-positionStart MuiInputAdornment-outlined MuiInputAdornment-sizeSmall css-ittuaa-MuiInputAdornment-root"
              >
                <span
                  class="notranslate"
                >
                  ​
                </span>
                <svg
                  aria-hidden="true"
                  class="MuiSvgIcon-root MuiSvgIcon-fontSizeMedium css-i4bv87-MuiSvgIcon-root"
                  data-testid="SearchIcon"
                  focusable="false"
                  viewBox="0 0 24 24"
                >
                  <path
                    d="M15.5 14h-.79l-.28-.27C15.41 12.59 16 11.11 16 9.5 16 5.91 13.09 3 9.5 3S3 5.91 3 9.5 5.91 16 9.5 16c1.61 0 3.09-.59 4.23-1.57l.27.28v.79l5 4.99L20.49 19zm-6 0C7.01 14 5 11.99 5 9.5S7.01 5 9.5 5 14 7.01 14 9.5 11.99 14 9.5 14"
                  />
                </svg>
              </div>
              <input
                aria-invalid="false"
                class="MuiInputBase-input MuiOutlinedInput-input MuiInputBase-inputSizeSmall MuiInputBase-inputAdornedStart css-1ua80n0-MuiInputBase-input-MuiOutlinedInput-input"
                id=":rt:"
                placeholder="Search payments..."
                type="text"
                value=""
              />
              <fieldset
                aria-hidden="true"
                class="MuiOutlinedInput-notchedOutline css-r01yff-MuiNotchedOutlined-root-MuiOutlinedInput-notchedOutline"
              >
                <legend
                  class="css-1whs34k-MuiNotchedOutlined-root"
                >
                  <span
                    class="notranslate"
                  >
                    ​
                  </span>
                </legend>
              </fieldset>
            </div>
          </div>
        </div>
        <div
          class="MuiGrid-root MuiGrid-item MuiGrid-grid-xs-12 MuiGrid-grid-sm-6 MuiGrid-grid-md-3 css-10voxkt-MuiGrid-root"
        >
          <div
            class="MuiFormControl-root MuiFormControl-fullWidth css-q8hpuo-MuiFormControl-root"
          >
            <label
              class="MuiFormLabel-root MuiInputLabel-root MuiInputLabel-formControl MuiInputLabel-animated MuiInputLabel-shrink MuiInputLabel-sizeSmall MuiInputLabel-outlined MuiFormLabel-colorPrimary MuiFormLabel-filled MuiInputLabel-root MuiInputLabel-formControl MuiInputLabel-animated MuiInputLabel-shrink MuiInputLabel-sizeSmall MuiInputLabel-outlined css-fe0mau-MuiFormLabel-root-MuiInputLabel-root"
              data-shrink="true"
            >
              Status
            </label>
            <div
              class="MuiInputBase-root MuiOutlinedInput-root MuiInputBase-colorPrimary MuiInputBase-formControl MuiInputBase-sizeSmall css-13lg1x7-MuiInputBase-root-MuiOutlinedInput-root-MuiSelect-root"
            >
              <div
                aria-controls=":ru:"
                aria-expanded="false"
                aria-haspopup="listbox"
                class="MuiSelect-select MuiSelect-outlined MuiInputBase-input MuiOutlinedInput-input MuiInputBase-inputSizeSmall css-1fzjff4-MuiSelect-select-MuiInputBase-input-MuiOutlinedInput-input"
                role="combobox"
                tabindex="0"
              >
                All Statuses
              </div>
              <input
                aria-hidden="true"
                aria-invalid="false"
                class="MuiSelect-nativeInput css-yf8vq0-MuiSelect-nativeInput"
                tabindex="-1"
                value="all"
              />
              <svg
                aria-hidden="true"
                class="MuiSvgIcon-root MuiSvgIcon-fontSizeMedium MuiSelect-icon MuiSelect-iconOutlined css-hfutr2-MuiSvgIcon-root-MuiSelect-icon"
                data-testid="ArrowDropDownIcon"
                focusable="false"
                viewBox="0 0 24 24"
              >
                <path
                  d="M7 10l5 5 5-5z"
                />
              </svg>[...
 ✓ src/test/project.test.tsx > Project Components > ProjectFilters > renders search input 2314ms
 × src/test/project.test.tsx > Project Components > ProjectFilters > renders quick filter buttons 889ms
   → Found multiple elements with the text: Featured

Here are the matching elements:

Ignored nodes: comments, script, style
<button
  class="MuiButtonBase-root MuiButton-root MuiButton-outlined MuiButton-outlinedPrimary MuiButton-sizeSmall MuiButton-outlinedSizeSmall MuiButton-colorPrimary MuiButton-root MuiButton-outlined MuiButton-outlinedPrimary MuiButton-sizeSmall MuiButton-outlinedSizeSmall MuiButton-colorPrimary css-1k23hlb-MuiButtonBase-root-MuiButton-root"
  tabindex="0"
  type="button"
>
  Featured
  <span
    class="MuiTouchRipple-root css-8je8zh-MuiTouchRipple-root"
  />
</button>

Ignored nodes: comments, script, style
<button
  class="MuiButtonBase-root MuiButton-root MuiButton-outlined MuiButton-outlinedPrimary MuiButton-sizeSmall MuiButton-outlinedSizeSmall MuiButton-colorPrimary MuiButton-root MuiButton-outlined MuiButton-outlinedPrimary MuiButton-sizeSmall MuiButton-outlinedSizeSmall MuiButton-colorPrimary css-1k23hlb-MuiButtonBase-root-MuiButton-root"
  tabindex="0"
  type="button"
>
  Featured
  <span
    class="MuiTouchRipple-root css-8je8zh-MuiTouchRipple-root"
  />
</button>

(If this is intentional, then use the `*AllBy*` variant of the query (like `queryAllByText`, `getAllByText`, or `findAllByText`)).

Ignored nodes: comments, script, style
<body
  style="padding-right: 1024px; overflow: hidden;"
>
  <div
    aria-hidden="true"
  >
    <div
      class="MuiBox-root css-0"
    >
      <div
        class="MuiBox-root css-i3pbo"
      >
        <h5
          class="MuiTypography-root MuiTypography-h5 MuiTypography-gutterBottom css-1hkf4sh-MuiTypography-root"
        >
          Payment History
        </h5>
        <p
          class="MuiTypography-root MuiTypography-body2 css-xtz2xu-MuiTypography-root"
        >
          1
           payment
           found
        </p>
      </div>
      <div
        class="MuiGrid-root MuiGrid-container MuiGrid-spacing-xs-2 css-12rc5ck-MuiGrid-root"
      >
        <div
          class="MuiGrid-root MuiGrid-item MuiGrid-grid-xs-12 MuiGrid-grid-sm-6 MuiGrid-grid-md-3 css-10voxkt-MuiGrid-root"
        >
          <div
            class="MuiFormControl-root MuiFormControl-fullWidth MuiTextField-root css-18hear-MuiFormControl-root-MuiTextField-root"
          >
            <div
              class="MuiInputBase-root MuiOutlinedInput-root MuiInputBase-colorPrimary MuiInputBase-fullWidth MuiInputBase-formControl MuiInputBase-sizeSmall MuiInputBase-adornedStart css-1cj7mpt-MuiInputBase-root-MuiOutlinedInput-root"
            >
              <div
                class="MuiInputAdornment-root MuiInputAdornment-positionStart MuiInputAdornment-outlined MuiInputAdornment-sizeSmall css-ittuaa-MuiInputAdornment-root"
              >
                <span
                  class="notranslate"
                >
                  ​
                </span>
                <svg
                  aria-hidden="true"
                  class="MuiSvgIcon-root MuiSvgIcon-fontSizeMedium css-i4bv87-MuiSvgIcon-root"
                  data-testid="SearchIcon"
                  focusable="false"
                  viewBox="0 0 24 24"
                >
                  <path
                    d="M15.5 14h-.79l-.28-.27C15.41 12.59 16 11.11 16 9.5 16 5.91 13.09 3 9.5 3S3 5.91 3 9.5 5.91 16 9.5 16c1.61 0 3.09-.59 4.23-1.57l.27.28v.79l5 4.99L20.49 19zm-6 0C7.01 14 5 11.99 5 9.5S7.01 5 9.5 5 14 7.01 14 9.5 11.99 14 9.5 14"
                  />
                </svg>
              </div>
              <input
                aria-invalid="false"
                class="MuiInputBase-input MuiOutlinedInput-input MuiInputBase-inputSizeSmall MuiInputBase-inputAdornedStart css-1ua80n0-MuiInputBase-input-MuiOutlinedInput-input"
                id=":rt:"
                placeholder="Search payments..."
                type="text"
                value=""
              />
              <fieldset
                aria-hidden="true"
                class="MuiOutlinedInput-notchedOutline css-r01yff-MuiNotchedOutlined-root-MuiOutlinedInput-notchedOutline"
              >
                <legend
                  class="css-1whs34k-MuiNotchedOutlined-root"
                >
                  <span
                    class="notranslate"
                  >
                    ​
                  </span>
                </legend>
              </fieldset>
            </div>
          </div>
        </div>
        <div
          class="MuiGrid-root MuiGrid-item MuiGrid-grid-xs-12 MuiGrid-grid-sm-6 MuiGrid-grid-md-3 css-10voxkt-MuiGrid-root"
        >
          <div
            class="MuiFormControl-root MuiFormControl-fullWidth css-q8hpuo-MuiFormControl-root"
          >
            <label
              class="MuiFormLabel-root MuiInputLabel-root MuiInputLabel-formControl MuiInputLabel-animated MuiInputLabel-shrink MuiInputLabel-sizeSmall MuiInputLabel-outlined MuiFormLabel-colorPrimary MuiFormLabel-filled MuiInputLabel-root MuiInputLabel-formControl MuiInputLabel-animated MuiInputLabel-shrink MuiInputLabel-sizeSmall MuiInputLabel-outlined css-fe0mau-MuiFormLabel-root-MuiInputLabel-root"
              data-shrink="true"
            >
              Status
            </label>
            <div
              class="MuiInputBase-root MuiOutlinedInput-root MuiInputBase-colorPrimary MuiInputBase-formControl MuiInputBase-sizeSmall css-13lg1x7-MuiInputBase-root-MuiOutlinedInput-root-MuiSelect-root"
            >
              <div
                aria-controls=":ru:"
                aria-expanded="false"
                aria-haspopup="listbox"
                class="MuiSelect-select MuiSelect-outlined MuiInputBase-input MuiOutlinedInput-input MuiInputBase-inputSizeSmall css-1fzjff4-MuiSelect-select-MuiInputBase-input-MuiOutlinedInput-input"
                role="combobox"
                tabindex="0"
              >
                All Statuses
              </div>
              <input
                aria-hidden="true"
                aria-invalid="false"
                class="MuiSelect-nativeInput css-yf8vq0-MuiSelect-nativeInput"
                tabindex="-1"
                value="all"
              />
              <svg
                aria-hidden="true"
                class="MuiSvgIcon-root MuiSvgIcon-fontSizeMedium MuiSelect-icon MuiSelect-iconOutlined css-hfutr2-MuiSvgIcon-root-MuiSelect-icon"
                data-testid="ArrowDropDownIcon"
                focusable="false"
                viewBox="0 0 24 24"
              >
                <path
                  d="M7 10l5 5 5-5z"
                />
              </svg>[...
 × src/test/project.test.tsx > Project Components > ProjectFilters > calls onFiltersChange when search input changes 560ms
   → Found multiple elements with the placeholder text of: Search projects...

Here are the matching elements:

Ignored nodes: comments, script, style
<input
  aria-invalid="false"
  class="MuiInputBase-input MuiOutlinedInput-input MuiInputBase-inputAdornedStart css-1o9s3wi-MuiInputBase-input-MuiOutlinedInput-input"
  id=":r4g:"
  placeholder="Search projects..."
  type="text"
  value=""
/>

Ignored nodes: comments, script, style
<input
  aria-invalid="false"
  class="MuiInputBase-input MuiOutlinedInput-input MuiInputBase-inputAdornedStart css-1o9s3wi-MuiInputBase-input-MuiOutlinedInput-input"
  id=":r4n:"
  placeholder="Search projects..."
  type="text"
  value=""
/>

Ignored nodes: comments, script, style
<input
  aria-invalid="false"
  class="MuiInputBase-input MuiOutlinedInput-input MuiInputBase-inputAdornedStart css-1o9s3wi-MuiInputBase-input-MuiOutlinedInput-input"
  id=":r4u:"
  placeholder="Search projects..."
  type="text"
  value=""
/>

(If this is intentional, then use the `*AllBy*` variant of the query (like `queryAllByText`, `getAllByText`, or `findAllByText`)).

Ignored nodes: comments, script, style
<body
  style="padding-right: 1024px; overflow: hidden;"
>
  <div
    aria-hidden="true"
  >
    <div
      class="MuiBox-root css-0"
    >
      <div
        class="MuiBox-root css-i3pbo"
      >
        <h5
          class="MuiTypography-root MuiTypography-h5 MuiTypography-gutterBottom css-1hkf4sh-MuiTypography-root"
        >
          Payment History
        </h5>
        <p
          class="MuiTypography-root MuiTypography-body2 css-xtz2xu-MuiTypography-root"
        >
          1
           payment
           found
        </p>
      </div>
      <div
        class="MuiGrid-root MuiGrid-container MuiGrid-spacing-xs-2 css-12rc5ck-MuiGrid-root"
      >
        <div
          class="MuiGrid-root MuiGrid-item MuiGrid-grid-xs-12 MuiGrid-grid-sm-6 MuiGrid-grid-md-3 css-10voxkt-MuiGrid-root"
        >
          <div
            class="MuiFormControl-root MuiFormControl-fullWidth MuiTextField-root css-18hear-MuiFormControl-root-MuiTextField-root"
          >
            <div
              class="MuiInputBase-root MuiOutlinedInput-root MuiInputBase-colorPrimary MuiInputBase-fullWidth MuiInputBase-formControl MuiInputBase-sizeSmall MuiInputBase-adornedStart css-1cj7mpt-MuiInputBase-root-MuiOutlinedInput-root"
            >
              <div
                class="MuiInputAdornment-root MuiInputAdornment-positionStart MuiInputAdornment-outlined MuiInputAdornment-sizeSmall css-ittuaa-MuiInputAdornment-root"
              >
                <span
                  class="notranslate"
                >
                  ​
                </span>
                <svg
                  aria-hidden="true"
                  class="MuiSvgIcon-root MuiSvgIcon-fontSizeMedium css-i4bv87-MuiSvgIcon-root"
                  data-testid="SearchIcon"
                  focusable="false"
                  viewBox="0 0 24 24"
                >
                  <path
                    d="M15.5 14h-.79l-.28-.27C15.41 12.59 16 11.11 16 9.5 16 5.91 13.09 3 9.5 3S3 5.91 3 9.5 5.91 16 9.5 16c1.61 0 3.09-.59 4.23-1.57l.27.28v.79l5 4.99L20.49 19zm-6 0C7.01 14 5 11.99 5 9.5S7.01 5 9.5 5 14 7.01 14 9.5 11.99 14 9.5 14"
                  />
                </svg>
              </div>
              <input
                aria-invalid="false"
                class="MuiInputBase-input MuiOutlinedInput-input MuiInputBase-inputSizeSmall MuiInputBase-inputAdornedStart css-1ua80n0-MuiInputBase-input-MuiOutlinedInput-input"
                id=":rt:"
                placeholder="Search payments..."
                type="text"
                value=""
              />
              <fieldset
                aria-hidden="true"
                class="MuiOutlinedInput-notchedOutline css-r01yff-MuiNotchedOutlined-root-MuiOutlinedInput-notchedOutline"
              >
                <legend
                  class="css-1whs34k-MuiNotchedOutlined-root"
                >
                  <span
                    class="notranslate"
                  >
                    ​
                  </span>
                </legend>
              </fieldset>
            </div>
          </div>
        </div>
        <div
          class="MuiGrid-root MuiGrid-item MuiGrid-grid-xs-12 MuiGrid-grid-sm-6 MuiGrid-grid-md-3 css-10voxkt-MuiGrid-root"
        >
          <div
            class="MuiFormControl-root MuiFormControl-fullWidth css-q8hpuo-MuiFormControl-root"
          >
            <label
              class="MuiFormLabel-root MuiInputLabel-root MuiInputLabel-formControl MuiInputLabel-animated MuiInputLabel-shrink MuiInputLabel-sizeSmall MuiInputLabel-outlined MuiFormLabel-colorPrimary MuiFormLabel-filled MuiInputLabel-root MuiInputLabel-formControl MuiInputLabel-animated MuiInputLabel-shrink MuiInputLabel-sizeSmall MuiInputLabel-outlined css-fe0mau-MuiFormLabel-root-MuiInputLabel-root"
              data-shrink="true"
            >
              Status
            </label>
            <div
              class="MuiInputBase-root MuiOutlinedInput-root MuiInputBase-colorPrimary MuiInputBase-formControl MuiInputBase-sizeSmall css-13lg1x7-MuiInputBase-root-MuiOutlinedInput-root-MuiSelect-root"
            >
              <div
                aria-controls=":ru:"
                aria-expanded="false"
                aria-haspopup="listbox"
                class="MuiSelect-select MuiSelect-outlined MuiInputBase-input MuiOutlinedInput-input MuiInputBase-inputSizeSmall css-1fzjff4-MuiSelect-select-MuiInputBase-input-MuiOutlinedInput-input"
                role="combobox"
                tabindex="0"
              >
                All Statuses
              </div>
              <input
                aria-hidden="true"
                aria-invalid="false"
                class="MuiSelect-nativeInput css-yf8vq0-MuiSelect-nativeInput"
                tabindex="-1"
                value="all"
              />
              <svg
                aria-hidden="true"
                class="MuiSvgIcon-root MuiSvgIcon-fontSizeMedium MuiSelect-icon MuiSelect-iconOutlined css-hfutr2-MuiSvgIcon-root-MuiSelect-icon"
                data-testid="ArrowDropDownIcon"
                focusable="false"
                viewBox="0 0 24 24"
              >
                <path
                  d="M7 10l5 5 5-5z"
                />
              </svg>[...
 × src/test/project.test.tsx > Project Components > ProjectFilters > toggles featured filter when button clicked 867ms
   → Found multiple elements with the text: Featured

Here are the matching elements:

Ignored nodes: comments, script, style
<button
  class="MuiButtonBase-root MuiButton-root MuiButton-outlined MuiButton-outlinedPrimary MuiButton-sizeSmall MuiButton-outlinedSizeSmall MuiButton-colorPrimary MuiButton-root MuiButton-outlined MuiButton-outlinedPrimary MuiButton-sizeSmall MuiButton-outlinedSizeSmall MuiButton-colorPrimary css-1k23hlb-MuiButtonBase-root-MuiButton-root"
  tabindex="0"
  type="button"
>
  Featured
  <span
    class="MuiTouchRipple-root css-8je8zh-MuiTouchRipple-root"
  />
</button>

Ignored nodes: comments, script, style
<button
  class="MuiButtonBase-root MuiButton-root MuiButton-outlined MuiButton-outlinedPrimary MuiButton-sizeSmall MuiButton-outlinedSizeSmall MuiButton-colorPrimary MuiButton-root MuiButton-outlined MuiButton-outlinedPrimary MuiButton-sizeSmall MuiButton-outlinedSizeSmall MuiButton-colorPrimary css-1k23hlb-MuiButtonBase-root-MuiButton-root"
  tabindex="0"
  type="button"
>
  Featured
  <span
    class="MuiTouchRipple-root css-8je8zh-MuiTouchRipple-root"
  />
</button>

Ignored nodes: comments, script, style
<button
  class="MuiButtonBase-root MuiButton-root MuiButton-outlined MuiButton-outlinedPrimary MuiButton-sizeSmall MuiButton-outlinedSizeSmall MuiButton-colorPrimary MuiButton-root MuiButton-outlined MuiButton-outlinedPrimary MuiButton-sizeSmall MuiButton-outlinedSizeSmall MuiButton-colorPrimary css-1k23hlb-MuiButtonBase-root-MuiButton-root"
  tabindex="0"
  type="button"
>
  Featured
  <span
    class="MuiTouchRipple-root css-8je8zh-MuiTouchRipple-root"
  />
</button>

Ignored nodes: comments, script, style
<button
  class="MuiButtonBase-root MuiButton-root MuiButton-outlined MuiButton-outlinedPrimary MuiButton-sizeSmall MuiButton-outlinedSizeSmall MuiButton-colorPrimary MuiButton-root MuiButton-outlined MuiButton-outlinedPrimary MuiButton-sizeSmall MuiButton-outlinedSizeSmall MuiButton-colorPrimary css-1k23hlb-MuiButtonBase-root-MuiButton-root"
  tabindex="0"
  type="button"
>
  Featured
  <span
    class="MuiTouchRipple-root css-8je8zh-MuiTouchRipple-root"
  />
</button>

(If this is intentional, then use the `*AllBy*` variant of the query (like `queryAllByText`, `getAllByText`, or `findAllByText`)).

Ignored nodes: comments, script, style
<body
  style="padding-right: 1024px; overflow: hidden;"
>
  <div
    aria-hidden="true"
  >
    <div
      class="MuiBox-root css-0"
    >
      <div
        class="MuiBox-root css-i3pbo"
      >
        <h5
          class="MuiTypography-root MuiTypography-h5 MuiTypography-gutterBottom css-1hkf4sh-MuiTypography-root"
        >
          Payment History
        </h5>
        <p
          class="MuiTypography-root MuiTypography-body2 css-xtz2xu-MuiTypography-root"
        >
          1
           payment
           found
        </p>
      </div>
      <div
        class="MuiGrid-root MuiGrid-container MuiGrid-spacing-xs-2 css-12rc5ck-MuiGrid-root"
      >
        <div
          class="MuiGrid-root MuiGrid-item MuiGrid-grid-xs-12 MuiGrid-grid-sm-6 MuiGrid-grid-md-3 css-10voxkt-MuiGrid-root"
        >
          <div
            class="MuiFormControl-root MuiFormControl-fullWidth MuiTextField-root css-18hear-MuiFormControl-root-MuiTextField-root"
          >
            <div
              class="MuiInputBase-root MuiOutlinedInput-root MuiInputBase-colorPrimary MuiInputBase-fullWidth MuiInputBase-formControl MuiInputBase-sizeSmall MuiInputBase-adornedStart css-1cj7mpt-MuiInputBase-root-MuiOutlinedInput-root"
            >
              <div
                class="MuiInputAdornment-root MuiInputAdornment-positionStart MuiInputAdornment-outlined MuiInputAdornment-sizeSmall css-ittuaa-MuiInputAdornment-root"
              >
                <span
                  class="notranslate"
                >
                  ​
                </span>
                <svg
                  aria-hidden="true"
                  class="MuiSvgIcon-root MuiSvgIcon-fontSizeMedium css-i4bv87-MuiSvgIcon-root"
                  data-testid="SearchIcon"
                  focusable="false"
                  viewBox="0 0 24 24"
                >
                  <path
                    d="M15.5 14h-.79l-.28-.27C15.41 12.59 16 11.11 16 9.5 16 5.91 13.09 3 9.5 3S3 5.91 3 9.5 5.91 16 9.5 16c1.61 0 3.09-.59 4.23-1.57l.27.28v.79l5 4.99L20.49 19zm-6 0C7.01 14 5 11.99 5 9.5S7.01 5 9.5 5 14 7.01 14 9.5 11.99 14 9.5 14"
                  />
                </svg>
              </div>
              <input
                aria-invalid="false"
                class="MuiInputBase-input MuiOutlinedInput-input MuiInputBase-inputSizeSmall MuiInputBase-inputAdornedStart css-1ua80n0-MuiInputBase-input-MuiOutlinedInput-input"
                id=":rt:"
                placeholder="Search payments..."
                type="text"
                value=""
              />
              <fieldset
                aria-hidden="true"
                class="MuiOutlinedInput-notchedOutline css-r01yff-MuiNotchedOutlined-root-MuiOutlinedInput-notchedOutline"
              >
                <legend
                  class="css-1whs34k-MuiNotchedOutlined-root"
                >
                  <span
                    class="notranslate"
                  >
                    ​
                  </span>
                </legend>
              </fieldset>
            </div>
          </div>
        </div>
        <div
          class="MuiGrid-root MuiGrid-item MuiGrid-grid-xs-12 MuiGrid-grid-sm-6 MuiGrid-grid-md-3 css-10voxkt-MuiGrid-root"
        >
          <div
            class="MuiFormControl-root MuiFormControl-fullWidth css-q8hpuo-MuiFormControl-root"
          >
            <label
              class="MuiFormLabel-root MuiInputLabel-root MuiInputLabel-formControl MuiInputLabel-animated MuiInputLabel-shrink MuiInputLabel-sizeSmall MuiInputLabel-outlined MuiFormLabel-colorPrimary MuiFormLabel-filled MuiInputLabel-root MuiInputLabel-formControl MuiInputLabel-animated MuiInputLabel-shrink MuiInputLabel-sizeSmall MuiInputLabel-outlined css-fe0mau-MuiFormLabel-root-MuiInputLabel-root"
              data-shrink="true"
            >
              Status
            </label>
            <div
              class="MuiInputBase-root MuiOutlinedInput-root MuiInputBase-colorPrimary MuiInputBase-formControl MuiInputBase-sizeSmall css-13lg1x7-MuiInputBase-root-MuiOutlinedInput-root-MuiSelect-root"
            >
              <div
                aria-controls=":ru:"
                aria-expanded="false"
                aria-haspopup="listbox"
                class="MuiSelect-select MuiSelect-outlined MuiInputBase-input MuiOutlinedInput-input MuiInputBase-inputSizeSmall css-1fzjff4-MuiSelect-select-MuiInputBase-input-MuiOutlinedInput-input"
                role="combobox"
                tabindex="0"
              >
                All Statuses
              </div>
              <input
                aria-hidden="true"
                aria-invalid="false"
                class="MuiSelect-nativeInput css-yf8vq0-MuiSelect-nativeInput"
                tabindex="-1"
                value="all"
              />
              <svg
                aria-hidden="true"
                class="MuiSvgIcon-root MuiSvgIcon-fontSizeMedium MuiSelect-icon MuiSelect-iconOutlined css-hfutr2-MuiSvgIcon-root-MuiSelect-icon"
                data-testid="ArrowDropDownIcon"
                focusable="false"
                viewBox="0 0 24 24"
              >
                <path
                  d="M7 10l5 5 5-5z"
                />
              </svg>[...
 × src/test/project.test.tsx > Project Components > ProjectFilters > expands advanced filters when button clicked 898ms
   → Found multiple elements with the text: Advanced Filters

Here are the matching elements:

Ignored nodes: comments, script, style
<button
  class="MuiButtonBase-root MuiButton-root MuiButton-outlined MuiButton-outlinedPrimary MuiButton-sizeSmall MuiButton-outlinedSizeSmall MuiButton-colorPrimary MuiButton-root MuiButton-outlined MuiButton-outlinedPrimary MuiButton-sizeSmall MuiButton-outlinedSizeSmall MuiButton-colorPrimary css-1k23hlb-MuiButtonBase-root-MuiButton-root"
  tabindex="0"
  type="button"
>
  <span
    class="MuiButton-icon MuiButton-startIcon MuiButton-iconSizeSmall css-y6rp3m-MuiButton-startIcon"
  >
    <svg
      aria-hidden="true"
      class="MuiSvgIcon-root MuiSvgIcon-fontSizeMedium css-i4bv87-MuiSvgIcon-root"
      data-testid="FilterListIcon"
      focusable="false"
      viewBox="0 0 24 24"
    >
      <path
        d="M10 18h4v-2h-4zM3 6v2h18V6zm3 7h12v-2H6z"
      />
    </svg>
  </span>
  Advanced Filters
  <span
    class="MuiButton-icon MuiButton-endIcon MuiButton-iconSizeSmall css-155nyw6-MuiButton-endIcon"
  >
    <svg
      aria-hidden="true"
      class="MuiSvgIcon-root MuiSvgIcon-fontSizeMedium css-i4bv87-MuiSvgIcon-root"
      data-testid="ExpandMoreIcon"
      focusable="false"
      viewBox="0 0 24 24"
    >
      <path
        d="M16.59 8.59 12 13.17 7.41 8.59 6 10l6 6 6-6z"
      />
    </svg>
  </span>
  <span
    class="MuiTouchRipple-root css-8je8zh-MuiTouchRipple-root"
  />
</button>

Ignored nodes: comments, script, style
<button
  class="MuiButtonBase-root MuiButton-root MuiButton-outlined MuiButton-outlinedPrimary MuiButton-sizeSmall MuiButton-outlinedSizeSmall MuiButton-colorPrimary MuiButton-root MuiButton-outlined MuiButton-outlinedPrimary MuiButton-sizeSmall MuiButton-outlinedSizeSmall MuiButton-colorPrimary css-1k23hlb-MuiButtonBase-root-MuiButton-root"
  tabindex="0"
  type="button"
>
  <span
    class="MuiButton-icon MuiButton-startIcon MuiButton-iconSizeSmall css-y6rp3m-MuiButton-startIcon"
  >
    <svg
      aria-hidden="true"
      class="MuiSvgIcon-root MuiSvgIcon-fontSizeMedium css-i4bv87-MuiSvgIcon-root"
      data-testid="FilterListIcon"
      focusable="false"
      viewBox="0 0 24 24"
    >
      <path
        d="M10 18h4v-2h-4zM3 6v2h18V6zm3 7h12v-2H6z"
      />
    </svg>
  </span>
  Advanced Filters
  <span
    class="MuiButton-icon MuiButton-endIcon MuiButton-iconSizeSmall css-155nyw6-MuiButton-endIcon"
  >
    <svg
      aria-hidden="true"
      class="MuiSvgIcon-root MuiSvgIcon-fontSizeMedium css-i4bv87-MuiSvgIcon-root"
      data-testid="ExpandMoreIcon"
      focusable="false"
      viewBox="0 0 24 24"
    >
      <path
        d="M16.59 8.59 12 13.17 7.41 8.59 6 10l6 6 6-6z"
      />
    </svg>
  </span>
  <span
    class="MuiTouchRipple-root css-8je8zh-MuiTouchRipple-root"
  />
</button>

Ignored nodes: comments, script, style
<button
  class="MuiButtonBase-root MuiButton-root MuiButton-outlined MuiButton-outlinedPrimary MuiButton-sizeSmall MuiButton-outlinedSizeSmall MuiButton-colorPrimary MuiButton-root MuiButton-outlined MuiButton-outlinedPrimary MuiButton-sizeSmall MuiButton-outlinedSizeSmall MuiButton-colorPrimary css-1k23hlb-MuiButtonBase-root-MuiButton-root"
  tabindex="0"
  type="button"
>
  <span
    class="MuiButton-icon MuiButton-startIcon MuiButton-iconSizeSmall css-y6rp3m-MuiButton-startIcon"
  >
    <svg
      aria-hidden="true"
      class="MuiSvgIcon-root MuiSvgIcon-fontSizeMedium css-i4bv87-MuiSvgIcon-root"
      data-testid="FilterListIcon"
      focusable="false"
      viewBox="0 0 24 24"
    >
      <path
        d="M10 18h4v-2h-4zM3 6v2h18V6zm3 7h12v-2H6z"
      />
    </svg>
  </span>
  Advanced Filters
  <span
    class="MuiButton-icon MuiButton-endIcon MuiButton-iconSizeSmall css-155nyw6-MuiButton-endIcon"
  >
    <svg
      aria-hidden="true"
      class="MuiSvgIcon-root MuiSvgIcon-fontSizeMedium css-i4bv87-MuiSvgIcon-root"
      data-testid="ExpandMoreIcon"
      focusable="false"
      viewBox="0 0 24 24"
    >
      <path
        d="M16.59 8.59 12 13.17 7.41 8.59 6 10l6 6 6-6z"
      />
    </svg>
  </span>
  <span
    class="MuiTouchRipple-root css-8je8zh-MuiTouchRipple-root"
  />
</button>

Ignored nodes: comments, script, style
<button
  class="MuiButtonBase-root MuiButton-root MuiButton-outlined MuiButton-outlinedPrimary MuiButton-sizeSmall MuiButton-outlinedSizeSmall MuiButton-colorPrimary MuiButton-root MuiButton-outlined MuiButton-outlinedPrimary MuiButton-sizeSmall MuiButton-outlinedSizeSmall MuiButton-colorPrimary css-1k23hlb-MuiButtonBase-root-MuiButton-root"
  tabindex="0"
  type="button"
>
  <span
    class="MuiButton-icon MuiButton-startIcon MuiButton-iconSizeSmall css-y6rp3m-MuiButton-startIcon"
  >
    <svg
      aria-hidden="true"
      class="MuiSvgIcon-root MuiSvgIcon-fontSizeMedium css-i4bv87-MuiSvgIcon-root"
      data-testid="FilterListIcon"
      focusable="false"
      viewBox="0 0 24 24"
    >
      <path
        d="M10 18h4v-2h-4zM3 6v2h18V6zm3 7h12v-2H6z"
      />
    </svg>
  </span>
  Advanced Filters
  <span
    class="MuiButton-icon MuiButton-endIcon MuiButton-iconSizeSmall css-155nyw6-MuiButton-endIcon"
  >
    <svg
      aria-hidden="true"
      class="MuiSvgIcon-root MuiSvgIcon-fontSizeMedium css-i4bv87-MuiSvgIcon-root"
      data-testid="ExpandMoreIcon"
      focusable="false"
      viewBox="0 0 24 24"
    >
      <path
        d="M16.59 8.59 12 13.17 7.41 8.59 6 10l6 6 6-6z"
      />
    </svg>
  </span>
  <span
    class="MuiTouchRipple-root css-8je8zh-MuiTouchRipple-root"
  />
</button>

Ignored nodes: comments, script, style
<button
  class="MuiButtonBase-root MuiButton-root MuiButton-outlined MuiButton-outlinedPrimary MuiButton-sizeSmall MuiButton-outlinedSizeSmall MuiButton-colorPrimary MuiButton-root MuiButton-outlined MuiButton-outlinedPrimary MuiButton-sizeSmall MuiButton-outlinedSizeSmall MuiButton-colorPrimary css-1k23hlb-MuiButtonBase-root-MuiButton-root"
  tabindex="0"
  type="button"
>
  <span
    class="MuiButton-icon MuiButton-startIcon MuiButton-iconSizeSmall css-y6rp3m-MuiButton-startIcon"
  >
    <svg
      aria-hidden="true"
      class="MuiSvgIcon-root MuiSvgIcon-fontSizeMedium css-i4bv87-MuiSvgIcon-root"
      data-testid="FilterListIcon"
      focusable="false"
      viewBox="0 0 24 24"
    >
      <path
        d="M10 18h4v-2h-4zM3 6v2h18V6zm3 7h12v-2H6z"
      />
    </svg>
  </span>
  Advanced Filters
  <span
    class="MuiButton-icon MuiButton-endIcon MuiButton-iconSizeSmall css-155nyw6-MuiButton-endIcon"
  >
    <svg
      aria-hidden="true"
      class="MuiSvgIcon-root MuiSvgIcon-fontSizeMedium css-i4bv87-MuiSvgIcon-root"
      data-testid="ExpandMoreIcon"
      focusable="false"
      viewBox="0 0 24 24"
    >
      <path
        d="M16.59 8.59 12 13.17 7.41 8.59 6 10l6 6 6-6z"
      />
    </svg>
  </span>
  <span
    class="MuiTouchRipple-root css-8je8zh-MuiTouchRipple-root"
  />
</button>

(If this is intentional, then use the `*AllBy*` variant of the query (like `queryAllByText`, `getAllByText`, or `findAllByText`)).

Ignored nodes: comments, script, style
<body
  style="padding-right: 1024px; overflow: hidden;"
>
  <div
    aria-hidden="true"
  >
    <div
      class="MuiBox-root css-0"
    >
      <div
        class="MuiBox-root css-i3pbo"
      >
        <h5
          class="MuiTypography-root MuiTypography-h5 MuiTypography-gutterBottom css-1hkf4sh-MuiTypography-root"
        >
          Payment History
        </h5>
        <p
          class="MuiTypography-root MuiTypography-body2 css-xtz2xu-MuiTypography-root"
        >
          1
           payment
           found
        </p>
      </div>
      <div
        class="MuiGrid-root MuiGrid-container MuiGrid-spacing-xs-2 css-12rc5ck-MuiGrid-root"
      >
        <div
          class="MuiGrid-root MuiGrid-item MuiGrid-grid-xs-12 MuiGrid-grid-sm-6 MuiGrid-grid-md-3 css-10voxkt-MuiGrid-root"
        >
          <div
            class="MuiFormControl-root MuiFormControl-fullWidth MuiTextField-root css-18hear-MuiFormControl-root-MuiTextField-root"
          >
            <div
              class="MuiInputBase-root MuiOutlinedInput-root MuiInputBase-colorPrimary MuiInputBase-fullWidth MuiInputBase-formControl MuiInputBase-sizeSmall MuiInputBase-adornedStart css-1cj7mpt-MuiInputBase-root-MuiOutlinedInput-root"
            >
              <div
                class="MuiInputAdornment-root MuiInputAdornment-positionStart MuiInputAdornment-outlined MuiInputAdornment-sizeSmall css-ittuaa-MuiInputAdornment-root"
              >
                <span
                  class="notranslate"
                >
                  ​
                </span>
                <svg
                  aria-hidden="true"
                  class="MuiSvgIcon-root MuiSvgIcon-fontSizeMedium css-i4bv87-MuiSvgIcon-root"
                  data-testid="SearchIcon"
                  focusable="false"
                  viewBox="0 0 24 24"
                >
                  <path
                    d="M15.5 14h-.79l-.28-.27C15.41 12.59 16 11.11 16 9.5 16 5.91 13.09 3 9.5 3S3 5.91 3 9.5 5.91 16 9.5 16c1.61 0 3.09-.59 4.23-1.57l.27.28v.79l5 4.99L20.49 19zm-6 0C7.01 14 5 11.99 5 9.5S7.01 5 9.5 5 14 7.01 14 9.5 11.99 14 9.5 14"
                  />
                </svg>
              </div>
              <input
                aria-invalid="false"
                class="MuiInputBase-input MuiOutlinedInput-input MuiInputBase-inputSizeSmall MuiInputBase-inputAdornedStart css-1ua80n0-MuiInputBase-input-MuiOutlinedInput-input"
                id=":rt:"
                placeholder="Search payments..."
                type="text"
                value=""
              />
              <fieldset
                aria-hidden="true"
                class="MuiOutlinedInput-notchedOutline css-r01yff-MuiNotchedOutlined-root-MuiOutlinedInput-notchedOutline"
              >
                <legend
                  class="css-1whs34k-MuiNotchedOutlined-root"
                >
                  <span
                    class="notranslate"
                  >
                    ​
                  </span>
                </legend>
              </fieldset>
            </div>
          </div>
        </div>
        <div
          class="MuiGrid-root MuiGrid-item MuiGrid-grid-xs-12 MuiGrid-grid-sm-6 MuiGrid-grid-md-3 css-10voxkt-MuiGrid-root"
        >
          <div
            class="MuiFormControl-root MuiFormControl-fullWidth css-q8hpuo-MuiFormControl-root"
          >
            <label
              class="MuiFormLabel-root MuiInputLabel-root MuiInputLabel-formControl MuiInputLabel-animated MuiInputLabel-shrink MuiInputLabel-sizeSmall MuiInputLabel-outlined MuiFormLabel-colorPrimary MuiFormLabel-filled MuiInputLabel-root MuiInputLabel-formControl MuiInputLabel-animated MuiInputLabel-shrink MuiInputLabel-sizeSmall MuiInputLabel-outlined css-fe0mau-MuiFormLabel-root-MuiInputLabel-root"
              data-shrink="true"
            >
              Status
            </label>
            <div
              class="MuiInputBase-root MuiOutlinedInput-root MuiInputBase-colorPrimary MuiInputBase-formControl MuiInputBase-sizeSmall css-13lg1x7-MuiInputBase-root-MuiOutlinedInput-root-MuiSelect-root"
            >
              <div
                aria-controls=":ru:"
                aria-expanded="false"
                aria-haspopup="listbox"
                class="MuiSelect-select MuiSelect-outlined MuiInputBase-input MuiOutlinedInput-input MuiInputBase-inputSizeSmall css-1fzjff4-MuiSelect-select-MuiInputBase-input-MuiOutlinedInput-input"
                role="combobox"
                tabindex="0"
              >
                All Statuses
              </div>
              <input
                aria-hidden="true"
                aria-invalid="false"
                class="MuiSelect-nativeInput css-yf8vq0-MuiSelect-nativeInput"
                tabindex="-1"
                value="all"
              />
              <svg
                aria-hidden="true"
                class="MuiSvgIcon-root MuiSvgIcon-fontSizeMedium MuiSelect-icon MuiSelect-iconOutlined css-hfutr2-MuiSvgIcon-root-MuiSelect-icon"
                data-testid="ArrowDropDownIcon"
                focusable="false"
                viewBox="0 0 24 24"
              >
                <path
                  d="M7 10l5 5 5-5z"
                />
              </svg>[...
 ✓ src/test/project.test.tsx > Project Components > ProjectFilters > shows clear all button when filters are active 1184ms
 × src/test/project.test.tsx > Project Components > ProjectFilters > calls onClearFilters when clear all button clicked 927ms
   → Found multiple elements with the text: Clear All

Here are the matching elements:

Ignored nodes: comments, script, style
<button
  class="MuiButtonBase-root MuiButton-root MuiButton-outlined MuiButton-outlinedSecondary MuiButton-sizeSmall MuiButton-outlinedSizeSmall MuiButton-colorSecondary MuiButton-root MuiButton-outlined MuiButton-outlinedSecondary MuiButton-sizeSmall MuiButton-outlinedSizeSmall MuiButton-colorSecondary css-ssd6ke-MuiButtonBase-root-MuiButton-root"
  tabindex="0"
  type="button"
>
  <span
    class="MuiButton-icon MuiButton-startIcon MuiButton-iconSizeSmall css-y6rp3m-MuiButton-startIcon"
  >
    <svg
      aria-hidden="true"
      class="MuiSvgIcon-root MuiSvgIcon-fontSizeMedium css-i4bv87-MuiSvgIcon-root"
      data-testid="ClearIcon"
      focusable="false"
      viewBox="0 0 24 24"
    >
      <path
        d="M19 6.41 17.59 5 12 10.59 6.41 5 5 6.41 10.59 12 5 17.59 6.41 19 12 13.41 17.59 19 19 17.59 13.41 12z"
      />
    </svg>
  </span>
  Clear All
  <span
    class="MuiTouchRipple-root css-8je8zh-MuiTouchRipple-root"
  />
</button>

Ignored nodes: comments, script, style
<button
  class="MuiButtonBase-root MuiButton-root MuiButton-outlined MuiButton-outlinedSecondary MuiButton-sizeSmall MuiButton-outlinedSizeSmall MuiButton-colorSecondary MuiButton-root MuiButton-outlined MuiButton-outlinedSecondary MuiButton-sizeSmall MuiButton-outlinedSizeSmall MuiButton-colorSecondary css-ssd6ke-MuiButtonBase-root-MuiButton-root"
  tabindex="0"
  type="button"
>
  <span
    class="MuiButton-icon MuiButton-startIcon MuiButton-iconSizeSmall css-y6rp3m-MuiButton-startIcon"
  >
    <svg
      aria-hidden="true"
      class="MuiSvgIcon-root MuiSvgIcon-fontSizeMedium css-i4bv87-MuiSvgIcon-root"
      data-testid="ClearIcon"
      focusable="false"
      viewBox="0 0 24 24"
    >
      <path
        d="M19 6.41 17.59 5 12 10.59 6.41 5 5 6.41 10.59 12 5 17.59 6.41 19 12 13.41 17.59 19 19 17.59 13.41 12z"
      />
    </svg>
  </span>
  Clear All
  <span
    class="MuiTouchRipple-root css-8je8zh-MuiTouchRipple-root"
  />
</button>

(If this is intentional, then use the `*AllBy*` variant of the query (like `queryAllByText`, `getAllByText`, or `findAllByText`)).

Ignored nodes: comments, script, style
<body
  style="padding-right: 1024px; overflow: hidden;"
>
  <div
    aria-hidden="true"
  >
    <div
      class="MuiBox-root css-0"
    >
      <div
        class="MuiBox-root css-i3pbo"
      >
        <h5
          class="MuiTypography-root MuiTypography-h5 MuiTypography-gutterBottom css-1hkf4sh-MuiTypography-root"
        >
          Payment History
        </h5>
        <p
          class="MuiTypography-root MuiTypography-body2 css-xtz2xu-MuiTypography-root"
        >
          1
           payment
           found
        </p>
      </div>
      <div
        class="MuiGrid-root MuiGrid-container MuiGrid-spacing-xs-2 css-12rc5ck-MuiGrid-root"
      >
        <div
          class="MuiGrid-root MuiGrid-item MuiGrid-grid-xs-12 MuiGrid-grid-sm-6 MuiGrid-grid-md-3 css-10voxkt-MuiGrid-root"
        >
          <div
            class="MuiFormControl-root MuiFormControl-fullWidth MuiTextField-root css-18hear-MuiFormControl-root-MuiTextField-root"
          >
            <div
              class="MuiInputBase-root MuiOutlinedInput-root MuiInputBase-colorPrimary MuiInputBase-fullWidth MuiInputBase-formControl MuiInputBase-sizeSmall MuiInputBase-adornedStart css-1cj7mpt-MuiInputBase-root-MuiOutlinedInput-root"
            >
              <div
                class="MuiInputAdornment-root MuiInputAdornment-positionStart MuiInputAdornment-outlined MuiInputAdornment-sizeSmall css-ittuaa-MuiInputAdornment-root"
              >
                <span
                  class="notranslate"
                >
                  ​
                </span>
                <svg
                  aria-hidden="true"
                  class="MuiSvgIcon-root MuiSvgIcon-fontSizeMedium css-i4bv87-MuiSvgIcon-root"
                  data-testid="SearchIcon"
                  focusable="false"
                  viewBox="0 0 24 24"
                >
                  <path
                    d="M15.5 14h-.79l-.28-.27C15.41 12.59 16 11.11 16 9.5 16 5.91 13.09 3 9.5 3S3 5.91 3 9.5 5.91 16 9.5 16c1.61 0 3.09-.59 4.23-1.57l.27.28v.79l5 4.99L20.49 19zm-6 0C7.01 14 5 11.99 5 9.5S7.01 5 9.5 5 14 7.01 14 9.5 11.99 14 9.5 14"
                  />
                </svg>
              </div>
              <input
                aria-invalid="false"
                class="MuiInputBase-input MuiOutlinedInput-input MuiInputBase-inputSizeSmall MuiInputBase-inputAdornedStart css-1ua80n0-MuiInputBase-input-MuiOutlinedInput-input"
                id=":rt:"
                placeholder="Search payments..."
                type="text"
                value=""
              />
              <fieldset
                aria-hidden="true"
                class="MuiOutlinedInput-notchedOutline css-r01yff-MuiNotchedOutlined-root-MuiOutlinedInput-notchedOutline"
              >
                <legend
                  class="css-1whs34k-MuiNotchedOutlined-root"
                >
                  <span
                    class="notranslate"
                  >
                    ​
                  </span>
                </legend>
              </fieldset>
            </div>
          </div>
        </div>
        <div
          class="MuiGrid-root MuiGrid-item MuiGrid-grid-xs-12 MuiGrid-grid-sm-6 MuiGrid-grid-md-3 css-10voxkt-MuiGrid-root"
        >
          <div
            class="MuiFormControl-root MuiFormControl-fullWidth css-q8hpuo-MuiFormControl-root"
          >
            <label
              class="MuiFormLabel-root MuiInputLabel-root MuiInputLabel-formControl MuiInputLabel-animated MuiInputLabel-shrink MuiInputLabel-sizeSmall MuiInputLabel-outlined MuiFormLabel-colorPrimary MuiFormLabel-filled MuiInputLabel-root MuiInputLabel-formControl MuiInputLabel-animated MuiInputLabel-shrink MuiInputLabel-sizeSmall MuiInputLabel-outlined css-fe0mau-MuiFormLabel-root-MuiInputLabel-root"
              data-shrink="true"
            >
              Status
            </label>
            <div
              class="MuiInputBase-root MuiOutlinedInput-root MuiInputBase-colorPrimary MuiInputBase-formControl MuiInputBase-sizeSmall css-13lg1x7-MuiInputBase-root-MuiOutlinedInput-root-MuiSelect-root"
            >
              <div
                aria-controls=":ru:"
                aria-expanded="false"
                aria-haspopup="listbox"
                class="MuiSelect-select MuiSelect-outlined MuiInputBase-input MuiOutlinedInput-input MuiInputBase-inputSizeSmall css-1fzjff4-MuiSelect-select-MuiInputBase-input-MuiOutlinedInput-input"
                role="combobox"
                tabindex="0"
              >
                All Statuses
              </div>
              <input
                aria-hidden="true"
                aria-invalid="false"
                class="MuiSelect-nativeInput css-yf8vq0-MuiSelect-nativeInput"
                tabindex="-1"
                value="all"
              />
              <svg
                aria-hidden="true"
                class="MuiSvgIcon-root MuiSvgIcon-fontSizeMedium MuiSelect-icon MuiSelect-iconOutlined css-hfutr2-MuiSvgIcon-root-MuiSelect-icon"
                data-testid="ArrowDropDownIcon"
                focusable="false"
                viewBox="0 0 24 24"
              >
                <path
                  d="M7 10l5 5 5-5z"
                />
              </svg>[...
 ✓ src/test/project.test.tsx > Project Components > ProjectForm > renders basic information step initially 12225ms
 × src/test/project.test.tsx > Project Components > ProjectForm > shows validation errors for empty required fields 1206ms
   → Found multiple elements with the text: Next

Here are the matching elements:

Ignored nodes: comments, script, style
<button
  class="MuiButtonBase-root MuiButton-root MuiButton-contained MuiButton-containedPrimary MuiButton-sizeMedium MuiButton-containedSizeMedium MuiButton-colorPrimary MuiButton-root MuiButton-contained MuiButton-containedPrimary MuiButton-sizeMedium MuiButton-containedSizeMedium MuiButton-colorPrimary css-sghohy-MuiButtonBase-root-MuiButton-root"
  tabindex="0"
  type="button"
>
  Next
  <span
    class="MuiTouchRipple-root css-8je8zh-MuiTouchRipple-root"
  />
</button>

Ignored nodes: comments, script, style
<button
  class="MuiButtonBase-root MuiButton-root MuiButton-contained MuiButton-containedPrimary MuiButton-sizeMedium MuiButton-containedSizeMedium MuiButton-colorPrimary MuiButton-root MuiButton-contained MuiButton-containedPrimary MuiButton-sizeMedium MuiButton-containedSizeMedium MuiButton-colorPrimary css-sghohy-MuiButtonBase-root-MuiButton-root"
  tabindex="0"
  type="button"
>
  Next
  <span
    class="MuiTouchRipple-root css-8je8zh-MuiTouchRipple-root"
  />
</button>

(If this is intentional, then use the `*AllBy*` variant of the query (like `queryAllByText`, `getAllByText`, or `findAllByText`)).

Ignored nodes: comments, script, style
<body
  style="padding-right: 1024px; overflow: hidden;"
>
  <div
    aria-hidden="true"
  >
    <div
      class="MuiBox-root css-0"
    >
      <div
        class="MuiBox-root css-i3pbo"
      >
        <h5
          class="MuiTypography-root MuiTypography-h5 MuiTypography-gutterBottom css-1hkf4sh-MuiTypography-root"
        >
          Payment History
        </h5>
        <p
          class="MuiTypography-root MuiTypography-body2 css-xtz2xu-MuiTypography-root"
        >
          1
           payment
           found
        </p>
      </div>
      <div
        class="MuiGrid-root MuiGrid-container MuiGrid-spacing-xs-2 css-12rc5ck-MuiGrid-root"
      >
        <div
          class="MuiGrid-root MuiGrid-item MuiGrid-grid-xs-12 MuiGrid-grid-sm-6 MuiGrid-grid-md-3 css-10voxkt-MuiGrid-root"
        >
          <div
            class="MuiFormControl-root MuiFormControl-fullWidth MuiTextField-root css-18hear-MuiFormControl-root-MuiTextField-root"
          >
            <div
              class="MuiInputBase-root MuiOutlinedInput-root MuiInputBase-colorPrimary MuiInputBase-fullWidth MuiInputBase-formControl MuiInputBase-sizeSmall MuiInputBase-adornedStart css-1cj7mpt-MuiInputBase-root-MuiOutlinedInput-root"
            >
              <div
                class="MuiInputAdornment-root MuiInputAdornment-positionStart MuiInputAdornment-outlined MuiInputAdornment-sizeSmall css-ittuaa-MuiInputAdornment-root"
              >
                <span
                  class="notranslate"
                >
                  ​
                </span>
                <svg
                  aria-hidden="true"
                  class="MuiSvgIcon-root MuiSvgIcon-fontSizeMedium css-i4bv87-MuiSvgIcon-root"
                  data-testid="SearchIcon"
                  focusable="false"
                  viewBox="0 0 24 24"
                >
                  <path
                    d="M15.5 14h-.79l-.28-.27C15.41 12.59 16 11.11 16 9.5 16 5.91 13.09 3 9.5 3S3 5.91 3 9.5 5.91 16 9.5 16c1.61 0 3.09-.59 4.23-1.57l.27.28v.79l5 4.99L20.49 19zm-6 0C7.01 14 5 11.99 5 9.5S7.01 5 9.5 5 14 7.01 14 9.5 11.99 14 9.5 14"
                  />
                </svg>
              </div>
              <input
                aria-invalid="false"
                class="MuiInputBase-input MuiOutlinedInput-input MuiInputBase-inputSizeSmall MuiInputBase-inputAdornedStart css-1ua80n0-MuiInputBase-input-MuiOutlinedInput-input"
                id=":rt:"
                placeholder="Search payments..."
                type="text"
                value=""
              />
              <fieldset
                aria-hidden="true"
                class="MuiOutlinedInput-notchedOutline css-r01yff-MuiNotchedOutlined-root-MuiOutlinedInput-notchedOutline"
              >
                <legend
                  class="css-1whs34k-MuiNotchedOutlined-root"
                >
                  <span
                    class="notranslate"
                  >
                    ​
                  </span>
                </legend>
              </fieldset>
            </div>
          </div>
        </div>
        <div
          class="MuiGrid-root MuiGrid-item MuiGrid-grid-xs-12 MuiGrid-grid-sm-6 MuiGrid-grid-md-3 css-10voxkt-MuiGrid-root"
        >
          <div
            class="MuiFormControl-root MuiFormControl-fullWidth css-q8hpuo-MuiFormControl-root"
          >
            <label
              class="MuiFormLabel-root MuiInputLabel-root MuiInputLabel-formControl MuiInputLabel-animated MuiInputLabel-shrink MuiInputLabel-sizeSmall MuiInputLabel-outlined MuiFormLabel-colorPrimary MuiFormLabel-filled MuiInputLabel-root MuiInputLabel-formControl MuiInputLabel-animated MuiInputLabel-shrink MuiInputLabel-sizeSmall MuiInputLabel-outlined css-fe0mau-MuiFormLabel-root-MuiInputLabel-root"
              data-shrink="true"
            >
              Status
            </label>
            <div
              class="MuiInputBase-root MuiOutlinedInput-root MuiInputBase-colorPrimary MuiInputBase-formControl MuiInputBase-sizeSmall css-13lg1x7-MuiInputBase-root-MuiOutlinedInput-root-MuiSelect-root"
            >
              <div
                aria-controls=":ru:"
                aria-expanded="false"
                aria-haspopup="listbox"
                class="MuiSelect-select MuiSelect-outlined MuiInputBase-input MuiOutlinedInput-input MuiInputBase-inputSizeSmall css-1fzjff4-MuiSelect-select-MuiInputBase-input-MuiOutlinedInput-input"
                role="combobox"
                tabindex="0"
              >
                All Statuses
              </div>
              <input
                aria-hidden="true"
                aria-invalid="false"
                class="MuiSelect-nativeInput css-yf8vq0-MuiSelect-nativeInput"
                tabindex="-1"
                value="all"
              />
              <svg
                aria-hidden="true"
                class="MuiSvgIcon-root MuiSvgIcon-fontSizeMedium MuiSelect-icon MuiSelect-iconOutlined css-hfutr2-MuiSvgIcon-root-MuiSelect-icon"
                data-testid="ArrowDropDownIcon"
                focusable="false"
                viewBox="0 0 24 24"
              >
                <path
                  d="M7 10l5 5 5-5z"
                />
              </svg>[...
 × src/test/project.test.tsx > Project Components > ProjectForm > enables next button when basic info is valid 12088ms
   → Found multiple elements with the text of: Project Title

Here are the matching elements:

Ignored nodes: comments, script, style
<input
  aria-invalid="false"
  class="MuiInputBase-input MuiOutlinedInput-input css-1t8l2tu-MuiInputBase-input-MuiOutlinedInput-input"
  id=":r61:"
  name="title"
  placeholder="e.g., Build a responsive e-commerce website"
  type="text"
  value=""
/>

Ignored nodes: comments, script, style
<input
  aria-invalid="false"
  class="MuiInputBase-input MuiOutlinedInput-input css-1t8l2tu-MuiInputBase-input-MuiOutlinedInput-input"
  id=":r66:"
  name="title"
  placeholder="e.g., Build a responsive e-commerce website"
  type="text"
  value=""
/>

Ignored nodes: comments, script, style
<input
  aria-invalid="false"
  class="MuiInputBase-input MuiOutlinedInput-input css-1t8l2tu-MuiInputBase-input-MuiOutlinedInput-input"
  id=":r6b:"
  name="title"
  placeholder="e.g., Build a responsive e-commerce website"
  type="text"
  value=""
/>

(If this is intentional, then use the `*AllBy*` variant of the query (like `queryAllByText`, `getAllByText`, or `findAllByText`)).

Ignored nodes: comments, script, style
<body
  style="padding-right: 1024px; overflow: hidden;"
>
  <div
    aria-hidden="true"
  >
    <div
      class="MuiBox-root css-0"
    >
      <div
        class="MuiBox-root css-i3pbo"
      >
        <h5
          class="MuiTypography-root MuiTypography-h5 MuiTypography-gutterBottom css-1hkf4sh-MuiTypography-root"
        >
          Payment History
        </h5>
        <p
          class="MuiTypography-root MuiTypography-body2 css-xtz2xu-MuiTypography-root"
        >
          1
           payment
           found
        </p>
      </div>
      <div
        class="MuiGrid-root MuiGrid-container MuiGrid-spacing-xs-2 css-12rc5ck-MuiGrid-root"
      >
        <div
          class="MuiGrid-root MuiGrid-item MuiGrid-grid-xs-12 MuiGrid-grid-sm-6 MuiGrid-grid-md-3 css-10voxkt-MuiGrid-root"
        >
          <div
            class="MuiFormControl-root MuiFormControl-fullWidth MuiTextField-root css-18hear-MuiFormControl-root-MuiTextField-root"
          >
            <div
              class="MuiInputBase-root MuiOutlinedInput-root MuiInputBase-colorPrimary MuiInputBase-fullWidth MuiInputBase-formControl MuiInputBase-sizeSmall MuiInputBase-adornedStart css-1cj7mpt-MuiInputBase-root-MuiOutlinedInput-root"
            >
              <div
                class="MuiInputAdornment-root MuiInputAdornment-positionStart MuiInputAdornment-outlined MuiInputAdornment-sizeSmall css-ittuaa-MuiInputAdornment-root"
              >
                <span
                  class="notranslate"
                >
                  ​
                </span>
                <svg
                  aria-hidden="true"
                  class="MuiSvgIcon-root MuiSvgIcon-fontSizeMedium css-i4bv87-MuiSvgIcon-root"
                  data-testid="SearchIcon"
                  focusable="false"
                  viewBox="0 0 24 24"
                >
                  <path
                    d="M15.5 14h-.79l-.28-.27C15.41 12.59 16 11.11 16 9.5 16 5.91 13.09 3 9.5 3S3 5.91 3 9.5 5.91 16 9.5 16c1.61 0 3.09-.59 4.23-1.57l.27.28v.79l5 4.99L20.49 19zm-6 0C7.01 14 5 11.99 5 9.5S7.01 5 9.5 5 14 7.01 14 9.5 11.99 14 9.5 14"
                  />
                </svg>
              </div>
              <input
                aria-invalid="false"
                class="MuiInputBase-input MuiOutlinedInput-input MuiInputBase-inputSizeSmall MuiInputBase-inputAdornedStart css-1ua80n0-MuiInputBase-input-MuiOutlinedInput-input"
                id=":rt:"
                placeholder="Search payments..."
                type="text"
                value=""
              />
              <fieldset
                aria-hidden="true"
                class="MuiOutlinedInput-notchedOutline css-r01yff-MuiNotchedOutlined-root-MuiOutlinedInput-notchedOutline"
              >
                <legend
                  class="css-1whs34k-MuiNotchedOutlined-root"
                >
                  <span
                    class="notranslate"
                  >
                    ​
                  </span>
                </legend>
              </fieldset>
            </div>
          </div>
        </div>
        <div
          class="MuiGrid-root MuiGrid-item MuiGrid-grid-xs-12 MuiGrid-grid-sm-6 MuiGrid-grid-md-3 css-10voxkt-MuiGrid-root"
        >
          <div
            class="MuiFormControl-root MuiFormControl-fullWidth css-q8hpuo-MuiFormControl-root"
          >
            <label
              class="MuiFormLabel-root MuiInputLabel-root MuiInputLabel-formControl MuiInputLabel-animated MuiInputLabel-shrink MuiInputLabel-sizeSmall MuiInputLabel-outlined MuiFormLabel-colorPrimary MuiFormLabel-filled MuiInputLabel-root MuiInputLabel-formControl MuiInputLabel-animated MuiInputLabel-shrink MuiInputLabel-sizeSmall MuiInputLabel-outlined css-fe0mau-MuiFormLabel-root-MuiInputLabel-root"
              data-shrink="true"
            >
              Status
            </label>
            <div
              class="MuiInputBase-root MuiOutlinedInput-root MuiInputBase-colorPrimary MuiInputBase-formControl MuiInputBase-sizeSmall css-13lg1x7-MuiInputBase-root-MuiOutlinedInput-root-MuiSelect-root"
            >
              <div
                aria-controls=":ru:"
                aria-expanded="false"
                aria-haspopup="listbox"
                class="MuiSelect-select MuiSelect-outlined MuiInputBase-input MuiOutlinedInput-input MuiInputBase-inputSizeSmall css-1fzjff4-MuiSelect-select-MuiInputBase-input-MuiOutlinedInput-input"
                role="combobox"
                tabindex="0"
              >
                All Statuses
              </div>
              <input
                aria-hidden="true"
                aria-invalid="false"
                class="MuiSelect-nativeInput css-yf8vq0-MuiSelect-nativeInput"
                tabindex="-1"
                value="all"
              />
              <svg
                aria-hidden="true"
                class="MuiSvgIcon-root MuiSvgIcon-fontSizeMedium MuiSelect-icon MuiSelect-iconOutlined css-hfutr2-MuiSvgIcon-root-MuiSelect-icon"
                data-testid="ArrowDropDownIcon"
                focusable="false"
                viewBox="0 0 24 24"
              >
                <path
                  d="M7 10l5 5 5-5z"
                />
              </svg>[...
 × src/test/project.test.tsx > Project Components > ProjectForm > navigates through form steps 13537ms
   → Found multiple elements with the text of: Project Title

Here are the matching elements:

Ignored nodes: comments, script, style
<input
  aria-invalid="false"
  class="MuiInputBase-input MuiOutlinedInput-input css-1t8l2tu-MuiInputBase-input-MuiOutlinedInput-input"
  id=":r61:"
  name="title"
  placeholder="e.g., Build a responsive e-commerce website"
  type="text"
  value=""
/>

Ignored nodes: comments, script, style
<input
  aria-invalid="false"
  class="MuiInputBase-input MuiOutlinedInput-input css-1t8l2tu-MuiInputBase-input-MuiOutlinedInput-input"
  id=":r66:"
  name="title"
  placeholder="e.g., Build a responsive e-commerce website"
  type="text"
  value=""
/>

Ignored nodes: comments, script, style
<input
  aria-invalid="false"
  class="MuiInputBase-input MuiOutlinedInput-input css-1t8l2tu-MuiInputBase-input-MuiOutlinedInput-input"
  id=":r6b:"
  name="title"
  placeholder="e.g., Build a responsive e-commerce website"
  type="text"
  value=""
/>

Ignored nodes: comments, script, style
<input
  aria-invalid="false"
  class="MuiInputBase-input MuiOutlinedInput-input css-1t8l2tu-MuiInputBase-input-MuiOutlinedInput-input"
  id=":r6g:"
  name="title"
  placeholder="e.g., Build a responsive e-commerce website"
  type="text"
  value=""
/>

(If this is intentional, then use the `*AllBy*` variant of the query (like `queryAllByText`, `getAllByText`, or `findAllByText`)).

Ignored nodes: comments, script, style
<body
  style="padding-right: 1024px; overflow: hidden;"
>
  <div
    aria-hidden="true"
  >
    <div
      class="MuiBox-root css-0"
    >
      <div
        class="MuiBox-root css-i3pbo"
      >
        <h5
          class="MuiTypography-root MuiTypography-h5 MuiTypography-gutterBottom css-1hkf4sh-MuiTypography-root"
        >
          Payment History
        </h5>
        <p
          class="MuiTypography-root MuiTypography-body2 css-xtz2xu-MuiTypography-root"
        >
          1
           payment
           found
        </p>
      </div>
      <div
        class="MuiGrid-root MuiGrid-container MuiGrid-spacing-xs-2 css-12rc5ck-MuiGrid-root"
      >
        <div
          class="MuiGrid-root MuiGrid-item MuiGrid-grid-xs-12 MuiGrid-grid-sm-6 MuiGrid-grid-md-3 css-10voxkt-MuiGrid-root"
        >
          <div
            class="MuiFormControl-root MuiFormControl-fullWidth MuiTextField-root css-18hear-MuiFormControl-root-MuiTextField-root"
          >
            <div
              class="MuiInputBase-root MuiOutlinedInput-root MuiInputBase-colorPrimary MuiInputBase-fullWidth MuiInputBase-formControl MuiInputBase-sizeSmall MuiInputBase-adornedStart css-1cj7mpt-MuiInputBase-root-MuiOutlinedInput-root"
            >
              <div
                class="MuiInputAdornment-root MuiInputAdornment-positionStart MuiInputAdornment-outlined MuiInputAdornment-sizeSmall css-ittuaa-MuiInputAdornment-root"
              >
                <span
                  class="notranslate"
                >
                  ​
                </span>
                <svg
                  aria-hidden="true"
                  class="MuiSvgIcon-root MuiSvgIcon-fontSizeMedium css-i4bv87-MuiSvgIcon-root"
                  data-testid="SearchIcon"
                  focusable="false"
                  viewBox="0 0 24 24"
                >
                  <path
                    d="M15.5 14h-.79l-.28-.27C15.41 12.59 16 11.11 16 9.5 16 5.91 13.09 3 9.5 3S3 5.91 3 9.5 5.91 16 9.5 16c1.61 0 3.09-.59 4.23-1.57l.27.28v.79l5 4.99L20.49 19zm-6 0C7.01 14 5 11.99 5 9.5S7.01 5 9.5 5 14 7.01 14 9.5 11.99 14 9.5 14"
                  />
                </svg>
              </div>
              <input
                aria-invalid="false"
                class="MuiInputBase-input MuiOutlinedInput-input MuiInputBase-inputSizeSmall MuiInputBase-inputAdornedStart css-1ua80n0-MuiInputBase-input-MuiOutlinedInput-input"
                id=":rt:"
                placeholder="Search payments..."
                type="text"
                value=""
              />
              <fieldset
                aria-hidden="true"
                class="MuiOutlinedInput-notchedOutline css-r01yff-MuiNotchedOutlined-root-MuiOutlinedInput-notchedOutline"
              >
                <legend
                  class="css-1whs34k-MuiNotchedOutlined-root"
                >
                  <span
                    class="notranslate"
                  >
                    ​
                  </span>
                </legend>
              </fieldset>
            </div>
          </div>
        </div>
        <div
          class="MuiGrid-root MuiGrid-item MuiGrid-grid-xs-12 MuiGrid-grid-sm-6 MuiGrid-grid-md-3 css-10voxkt-MuiGrid-root"
        >
          <div
            class="MuiFormControl-root MuiFormControl-fullWidth css-q8hpuo-MuiFormControl-root"
          >
            <label
              class="MuiFormLabel-root MuiInputLabel-root MuiInputLabel-formControl MuiInputLabel-animated MuiInputLabel-shrink MuiInputLabel-sizeSmall MuiInputLabel-outlined MuiFormLabel-colorPrimary MuiFormLabel-filled MuiInputLabel-root MuiInputLabel-formControl MuiInputLabel-animated MuiInputLabel-shrink MuiInputLabel-sizeSmall MuiInputLabel-outlined css-fe0mau-MuiFormLabel-root-MuiInputLabel-root"
              data-shrink="true"
            >
              Status
            </label>
            <div
              class="MuiInputBase-root MuiOutlinedInput-root MuiInputBase-colorPrimary MuiInputBase-formControl MuiInputBase-sizeSmall css-13lg1x7-MuiInputBase-root-MuiOutlinedInput-root-MuiSelect-root"
            >
              <div
                aria-controls=":ru:"
                aria-expanded="false"
                aria-haspopup="listbox"
                class="MuiSelect-select MuiSelect-outlined MuiInputBase-input MuiOutlinedInput-input MuiInputBase-inputSizeSmall css-1fzjff4-MuiSelect-select-MuiInputBase-input-MuiOutlinedInput-input"
                role="combobox"
                tabindex="0"
              >
                All Statuses
              </div>
              <input
                aria-hidden="true"
                aria-invalid="false"
                class="MuiSelect-nativeInput css-yf8vq0-MuiSelect-nativeInput"
                tabindex="-1"
                value="all"
              />
              <svg
                aria-hidden="true"
                class="MuiSvgIcon-root MuiSvgIcon-fontSizeMedium MuiSelect-icon MuiSelect-iconOutlined css-hfutr2-MuiSvgIcon-root-MuiSelect-icon"
                data-testid="ArrowDropDownIcon"
                focusable="false"
                viewBox="0 0 24 24"
              >
                <path
                  d="M7 10l5 5 5-5z"
                />
              </svg>[...
 ✓ src/test/timeTracking.test.tsx > TimeTracker Component > should render time tracker 1740ms
 × src/test/timeTracking.test.tsx > TimeTracker Component > should display timer in correct format 1216ms
   → Found multiple elements with the text: 00:00:00

Here are the matching elements:

Ignored nodes: comments, script, style
<h3
  class="MuiTypography-root MuiTypography-h3 css-l00yh9-MuiTypography-root"
>
  00:00:00
</h3>

Ignored nodes: comments, script, style
<h3
  class="MuiTypography-root MuiTypography-h3 css-l00yh9-MuiTypography-root"
>
  00:00:00
</h3>

(If this is intentional, then use the `*AllBy*` variant of the query (like `queryAllByText`, `getAllByText`, or `findAllByText`)).

Ignored nodes: comments, script, style
<body
  style="padding-right: 1024px; overflow: hidden;"
>
  <div
    aria-hidden="true"
  >
    <div
      class="MuiBox-root css-0"
    >
      <div
        class="MuiBox-root css-i3pbo"
      >
        <h5
          class="MuiTypography-root MuiTypography-h5 MuiTypography-gutterBottom css-1hkf4sh-MuiTypography-root"
        >
          Payment History
        </h5>
        <p
          class="MuiTypography-root MuiTypography-body2 css-xtz2xu-MuiTypography-root"
        >
          1
           payment
           found
        </p>
      </div>
      <div
        class="MuiGrid-root MuiGrid-container MuiGrid-spacing-xs-2 css-12rc5ck-MuiGrid-root"
      >
        <div
          class="MuiGrid-root MuiGrid-item MuiGrid-grid-xs-12 MuiGrid-grid-sm-6 MuiGrid-grid-md-3 css-10voxkt-MuiGrid-root"
        >
          <div
            class="MuiFormControl-root MuiFormControl-fullWidth MuiTextField-root css-18hear-MuiFormControl-root-MuiTextField-root"
          >
            <div
              class="MuiInputBase-root MuiOutlinedInput-root MuiInputBase-colorPrimary MuiInputBase-fullWidth MuiInputBase-formControl MuiInputBase-sizeSmall MuiInputBase-adornedStart css-1cj7mpt-MuiInputBase-root-MuiOutlinedInput-root"
            >
              <div
                class="MuiInputAdornment-root MuiInputAdornment-positionStart MuiInputAdornment-outlined MuiInputAdornment-sizeSmall css-ittuaa-MuiInputAdornment-root"
              >
                <span
                  class="notranslate"
                >
                  ​
                </span>
                <svg
                  aria-hidden="true"
                  class="MuiSvgIcon-root MuiSvgIcon-fontSizeMedium css-i4bv87-MuiSvgIcon-root"
                  data-testid="SearchIcon"
                  focusable="false"
                  viewBox="0 0 24 24"
                >
                  <path
                    d="M15.5 14h-.79l-.28-.27C15.41 12.59 16 11.11 16 9.5 16 5.91 13.09 3 9.5 3S3 5.91 3 9.5 5.91 16 9.5 16c1.61 0 3.09-.59 4.23-1.57l.27.28v.79l5 4.99L20.49 19zm-6 0C7.01 14 5 11.99 5 9.5S7.01 5 9.5 5 14 7.01 14 9.5 11.99 14 9.5 14"
                  />
                </svg>
              </div>
              <input
                aria-invalid="false"
                class="MuiInputBase-input MuiOutlinedInput-input MuiInputBase-inputSizeSmall MuiInputBase-inputAdornedStart css-1ua80n0-MuiInputBase-input-MuiOutlinedInput-input"
                id=":rt:"
                placeholder="Search payments..."
                type="text"
                value=""
              />
              <fieldset
                aria-hidden="true"
                class="MuiOutlinedInput-notchedOutline css-r01yff-MuiNotchedOutlined-root-MuiOutlinedInput-notchedOutline"
              >
                <legend
                  class="css-1whs34k-MuiNotchedOutlined-root"
                >
                  <span
                    class="notranslate"
                  >
                    ​
                  </span>
                </legend>
              </fieldset>
            </div>
          </div>
        </div>
        <div
          class="MuiGrid-root MuiGrid-item MuiGrid-grid-xs-12 MuiGrid-grid-sm-6 MuiGrid-grid-md-3 css-10voxkt-MuiGrid-root"
        >
          <div
            class="MuiFormControl-root MuiFormControl-fullWidth css-q8hpuo-MuiFormControl-root"
          >
            <label
              class="MuiFormLabel-root MuiInputLabel-root MuiInputLabel-formControl MuiInputLabel-animated MuiInputLabel-shrink MuiInputLabel-sizeSmall MuiInputLabel-outlined MuiFormLabel-colorPrimary MuiFormLabel-filled MuiInputLabel-root MuiInputLabel-formControl MuiInputLabel-animated MuiInputLabel-shrink MuiInputLabel-sizeSmall MuiInputLabel-outlined css-fe0mau-MuiFormLabel-root-MuiInputLabel-root"
              data-shrink="true"
            >
              Status
            </label>
            <div
              class="MuiInputBase-root MuiOutlinedInput-root MuiInputBase-colorPrimary MuiInputBase-formControl MuiInputBase-sizeSmall css-13lg1x7-MuiInputBase-root-MuiOutlinedInput-root-MuiSelect-root"
            >
              <div
                aria-controls=":ru:"
                aria-expanded="false"
                aria-haspopup="listbox"
                class="MuiSelect-select MuiSelect-outlined MuiInputBase-input MuiOutlinedInput-input MuiInputBase-inputSizeSmall css-1fzjff4-MuiSelect-select-MuiInputBase-input-MuiOutlinedInput-input"
                role="combobox"
                tabindex="0"
              >
                All Statuses
              </div>
              <input
                aria-hidden="true"
                aria-invalid="false"
                class="MuiSelect-nativeInput css-yf8vq0-MuiSelect-nativeInput"
                tabindex="-1"
                value="all"
              />
              <svg
                aria-hidden="true"
                class="MuiSvgIcon-root MuiSvgIcon-fontSizeMedium MuiSelect-icon MuiSelect-iconOutlined css-hfutr2-MuiSvgIcon-root-MuiSelect-icon"
                data-testid="ArrowDropDownIcon"
                focusable="false"
                viewBox="0 0 24 24"
              >
                <path
                  d="M7 10l5 5 5-5z"
                />
              </svg>[...
 × src/test/timeTracking.test.tsx > TimeTracker Component > should start tracking when button clicked 16997ms
   → Found a label with the text of: Project, however no form control was found associated to that label. Make sure you're using the "for" attribute or "aria-labelledby" attribute correctly.

Ignored nodes: comments, script, style
<body
  style="padding-right: 1024px; overflow: hidden;"
>
  <div
    aria-hidden="true"
  >
    <div
      class="MuiBox-root css-0"
    >
      <div
        class="MuiBox-root css-i3pbo"
      >
        <h5
          class="MuiTypography-root MuiTypography-h5 MuiTypography-gutterBottom css-1hkf4sh-MuiTypography-root"
        >
          Payment History
        </h5>
        <p
          class="MuiTypography-root MuiTypography-body2 css-xtz2xu-MuiTypography-root"
        >
          1
           payment
           found
        </p>
      </div>
      <div
        class="MuiGrid-root MuiGrid-container MuiGrid-spacing-xs-2 css-12rc5ck-MuiGrid-root"
      >
        <div
          class="MuiGrid-root MuiGrid-item MuiGrid-grid-xs-12 MuiGrid-grid-sm-6 MuiGrid-grid-md-3 css-10voxkt-MuiGrid-root"
        >
          <div
            class="MuiFormControl-root MuiFormControl-fullWidth MuiTextField-root css-18hear-MuiFormControl-root-MuiTextField-root"
          >
            <div
              class="MuiInputBase-root MuiOutlinedInput-root MuiInputBase-colorPrimary MuiInputBase-fullWidth MuiInputBase-formControl MuiInputBase-sizeSmall MuiInputBase-adornedStart css-1cj7mpt-MuiInputBase-root-MuiOutlinedInput-root"
            >
              <div
                class="MuiInputAdornment-root MuiInputAdornment-positionStart MuiInputAdornment-outlined MuiInputAdornment-sizeSmall css-ittuaa-MuiInputAdornment-root"
              >
                <span
                  class="notranslate"
                >
                  ​
                </span>
                <svg
                  aria-hidden="true"
                  class="MuiSvgIcon-root MuiSvgIcon-fontSizeMedium css-i4bv87-MuiSvgIcon-root"
                  data-testid="SearchIcon"
                  focusable="false"
                  viewBox="0 0 24 24"
                >
                  <path
                    d="M15.5 14h-.79l-.28-.27C15.41 12.59 16 11.11 16 9.5 16 5.91 13.09 3 9.5 3S3 5.91 3 9.5 5.91 16 9.5 16c1.61 0 3.09-.59 4.23-1.57l.27.28v.79l5 4.99L20.49 19zm-6 0C7.01 14 5 11.99 5 9.5S7.01 5 9.5 5 14 7.01 14 9.5 11.99 14 9.5 14"
                  />
                </svg>
              </div>
              <input
                aria-invalid="false"
                class="MuiInputBase-input MuiOutlinedInput-input MuiInputBase-inputSizeSmall MuiInputBase-inputAdornedStart css-1ua80n0-MuiInputBase-input-MuiOutlinedInput-input"
                id=":rt:"
                placeholder="Search payments..."
                type="text"
                value=""
              />
              <fieldset
                aria-hidden="true"
                class="MuiOutlinedInput-notchedOutline css-r01yff-MuiNotchedOutlined-root-MuiOutlinedInput-notchedOutline"
              >
                <legend
                  class="css-1whs34k-MuiNotchedOutlined-root"
                >
                  <span
                    class="notranslate"
                  >
                    ​
                  </span>
                </legend>
              </fieldset>
            </div>
          </div>
        </div>
        <div
          class="MuiGrid-root MuiGrid-item MuiGrid-grid-xs-12 MuiGrid-grid-sm-6 MuiGrid-grid-md-3 css-10voxkt-MuiGrid-root"
        >
          <div
            class="MuiFormControl-root MuiFormControl-fullWidth css-q8hpuo-MuiFormControl-root"
          >
            <label
              class="MuiFormLabel-root MuiInputLabel-root MuiInputLabel-formControl MuiInputLabel-animated MuiInputLabel-shrink MuiInputLabel-sizeSmall MuiInputLabel-outlined MuiFormLabel-colorPrimary MuiFormLabel-filled MuiInputLabel-root MuiInputLabel-formControl MuiInputLabel-animated MuiInputLabel-shrink MuiInputLabel-sizeSmall MuiInputLabel-outlined css-fe0mau-MuiFormLabel-root-MuiInputLabel-root"
              data-shrink="true"
            >
              Status
            </label>
            <div
              class="MuiInputBase-root MuiOutlinedInput-root MuiInputBase-colorPrimary MuiInputBase-formControl MuiInputBase-sizeSmall css-13lg1x7-MuiInputBase-root-MuiOutlinedInput-root-MuiSelect-root"
            >
              <div
                aria-controls=":ru:"
                aria-expanded="false"
                aria-haspopup="listbox"
                class="MuiSelect-select MuiSelect-outlined MuiInputBase-input MuiOutlinedInput-input MuiInputBase-inputSizeSmall css-1fzjff4-MuiSelect-select-MuiInputBase-input-MuiOutlinedInput-input"
                role="combobox"
                tabindex="0"
              >
                All Statuses
              </div>
              <input
                aria-hidden="true"
                aria-invalid="false"
                class="MuiSelect-nativeInput css-yf8vq0-MuiSelect-nativeInput"
                tabindex="-1"
                value="all"
              />
              <svg
                aria-hidden="true"
                class="MuiSvgIcon-root MuiSvgIcon-fontSizeMedium MuiSelect-icon MuiSelect-iconOutlined css-hfutr2-MuiSvgIcon-root-MuiSelect-icon"
                data-testid="ArrowDropDownIcon"
                focusable="false"
                viewBox="0 0 24 24"
              >
                <path
                  d="M7 10l5 5 5-5z"
                />
              </svg>[...

Ignored nodes: comments, script, style
<html>
  <head />
  <body
    style="padding-right: 1024px; overflow: hidden;"
  >
    <div
      aria-hidden="true"
    >
      <div
        class="MuiBox-root css-0"
      >
        <div
          class="MuiBox-root css-i3pbo"
        >
          <h5
            class="MuiTypography-root MuiTypography-h5 MuiTypography-gutterBottom css-1hkf4sh-MuiTypography-root"
          >
            Payment History
          </h5>
          <p
            class="MuiTypography-root MuiTypography-body2 css-xtz2xu-MuiTypography-root"
          >
            1
             payment
             found
          </p>
        </div>
        <div
          class="MuiGrid-root MuiGrid-container MuiGrid-spacing-xs-2 css-12rc5ck-MuiGrid-root"
        >
          <div
            class="MuiGrid-root MuiGrid-item MuiGrid-grid-xs-12 MuiGrid-grid-sm-6 MuiGrid-grid-md-3 css-10voxkt-MuiGrid-root"
          >
            <div
              class="MuiFormControl-root MuiFormControl-fullWidth MuiTextField-root css-18hear-MuiFormControl-root-MuiTextField-root"
            >
              <div
                class="MuiInputBase-root MuiOutlinedInput-root MuiInputBase-colorPrimary MuiInputBase-fullWidth MuiInputBase-formControl MuiInputBase-sizeSmall MuiInputBase-adornedStart css-1cj7mpt-MuiInputBase-root-MuiOutlinedInput-root"
              >
                <div
                  class="MuiInputAdornment-root MuiInputAdornment-positionStart MuiInputAdornment-outlined MuiInputAdornment-sizeSmall css-ittuaa-MuiInputAdornment-root"
                >
                  <span
                    class="notranslate"
                  >
                    ​
                  </span>
                  <svg
                    aria-hidden="true"
                    class="MuiSvgIcon-root MuiSvgIcon-fontSizeMedium css-i4bv87-MuiSvgIcon-root"
                    data-testid="SearchIcon"
                    focusable="false"
                    viewBox="0 0 24 24"
                  >
                    <path
                      d="M15.5 14h-.79l-.28-.27C15.41 12.59 16 11.11 16 9.5 16 5.91 13.09 3 9.5 3S3 5.91 3 9.5 5.91 16 9.5 16c1.61 0 3.09-.59 4.23-1.57l.27.28v.79l5 4.99L20.49 19zm-6 0C7.01 14 5 11.99 5 9.5S7.01 5 9.5 5 14 7.01 14 9.5 11.99 14 9.5 14"
                    />
                  </svg>
                </div>
                <input
                  aria-invalid="false"
                  class="MuiInputBase-input MuiOutlinedInput-input MuiInputBase-inputSizeSmall MuiInputBase-inputAdornedStart css-1ua80n0-MuiInputBase-input-MuiOutlinedInput-input"
                  id=":rt:"
                  placeholder="Search payments..."
                  type="text"
                  value=""
                />
                <fieldset
                  aria-hidden="true"
                  class="MuiOutlinedInput-notchedOutline css-r01yff-MuiNotchedOutlined-root-MuiOutlinedInput-notchedOutline"
                >
                  <legend
                    class="css-1whs34k-MuiNotchedOutlined-root"
                  >
                    <span
                      class="notranslate"
                    >
                      ​
                    </span>
                  </legend>
                </fieldset>
              </div>
            </div>
          </div>
          <div
            class="MuiGrid-root MuiGrid-item MuiGrid-grid-xs-12 MuiGrid-grid-sm-6 MuiGrid-grid-md-3 css-10voxkt-MuiGrid-root"
          >
            <div
              class="MuiFormControl-root MuiFormControl-fullWidth css-q8hpuo-MuiFormControl-root"
            >
              <label
                class="MuiFormLabel-root MuiInputLabel-root MuiInputLabel-formControl MuiInputLabel-animated MuiInputLabel-shrink MuiInputLabel-sizeSmall MuiInputLabel-outlined MuiFormLabel-colorPrimary MuiFormLabel-filled MuiInputLabel-root MuiInputLabel-formControl MuiInputLabel-animated MuiInputLabel-shrink MuiInputLabel-sizeSmall MuiInputLabel-outlined css-fe0mau-MuiFormLabel-root-MuiInputLabel-root"
                data-shrink="true"
              >
                Status
              </label>
              <div
                class="MuiInputBase-root MuiOutlinedInput-root MuiInputBase-colorPrimary MuiInputBase-formControl MuiInputBase-sizeSmall css-13lg1x7-MuiInputBase-root-MuiOutlinedInput-root-MuiSelect-root"
              >
                <div
                  aria-controls=":ru:"
                  aria-expanded="false"
                  aria-haspopup="listbox"
                  class="MuiSelect-select MuiSelect-outlined MuiInputBase-input MuiOutlinedInput-input MuiInputBase-inputSizeSmall css-1fzjff4-MuiSelect-select-MuiInputBase-input-MuiOutlinedInput-input"
                  role="combobox"
                  tabindex="0"
                >
                  All Statuses
                </div>
                <input
                  aria-hidden="true"
                  aria-invalid="false"
                  class="MuiSelect-nativeInput css-yf8vq0-MuiSelect-nativeInput"
                  tabindex="-1"
                  value="all"
                />
                <svg
                  aria-hidden="true"
                  class="MuiSvgIcon-root MuiSvgIcon-fontSizeMedium MuiSelect-icon MuiSelect-iconOutlined css-hfutr2-MuiSvgIcon-root-MuiSelect-icon"
                  data-testid="ArrowDropDownIcon"
       ...
 × src/test/timeTracking.test.tsx > TimeTracker Component > should stop tracking and save entry 1435ms
   → Found multiple elements with the text: Start Tracking

Here are the matching elements:

Ignored nodes: comments, script, style
<button
  class="MuiButtonBase-root MuiButton-root MuiButton-contained MuiButton-containedPrimary MuiButton-sizeLarge MuiButton-containedSizeLarge MuiButton-colorPrimary MuiButton-root MuiButton-contained MuiButton-containedPrimary MuiButton-sizeLarge MuiButton-containedSizeLarge MuiButton-colorPrimary css-jh47zj-MuiButtonBase-root-MuiButton-root"
  tabindex="0"
  type="button"
>
  <span
    class="MuiButton-icon MuiButton-startIcon MuiButton-iconSizeLarge css-htszrh-MuiButton-startIcon"
  >
    <svg
      aria-hidden="true"
      class="MuiSvgIcon-root MuiSvgIcon-fontSizeMedium css-i4bv87-MuiSvgIcon-root"
      data-testid="PlayArrowIcon"
      focusable="false"
      viewBox="0 0 24 24"
    >
      <path
        d="M8 5v14l11-7z"
      />
    </svg>
  </span>
  Start Tracking
  <span
    class="MuiTouchRipple-root css-8je8zh-MuiTouchRipple-root"
  />
</button>

Ignored nodes: comments, script, style
<button
  class="MuiButtonBase-root MuiButton-root MuiButton-contained MuiButton-containedPrimary MuiButton-sizeLarge MuiButton-containedSizeLarge MuiButton-colorPrimary MuiButton-root MuiButton-contained MuiButton-containedPrimary MuiButton-sizeLarge MuiButton-containedSizeLarge MuiButton-colorPrimary css-jh47zj-MuiButtonBase-root-MuiButton-root"
  tabindex="0"
  type="button"
>
  <span
    class="MuiButton-icon MuiButton-startIcon MuiButton-iconSizeLarge css-htszrh-MuiButton-startIcon"
  >
    <svg
      aria-hidden="true"
      class="MuiSvgIcon-root MuiSvgIcon-fontSizeMedium css-i4bv87-MuiSvgIcon-root"
      data-testid="PlayArrowIcon"
      focusable="false"
      viewBox="0 0 24 24"
    >
      <path
        d="M8 5v14l11-7z"
      />
    </svg>
  </span>
  Start Tracking
  <span
    class="MuiTouchRipple-root css-8je8zh-MuiTouchRipple-root"
  />
</button>

Ignored nodes: comments, script, style
<button
  class="MuiButtonBase-root MuiButton-root MuiButton-contained MuiButton-containedPrimary MuiButton-sizeLarge MuiButton-containedSizeLarge MuiButton-colorPrimary MuiButton-root MuiButton-contained MuiButton-containedPrimary MuiButton-sizeLarge MuiButton-containedSizeLarge MuiButton-colorPrimary css-jh47zj-MuiButtonBase-root-MuiButton-root"
  tabindex="0"
  type="button"
>
  <span
    class="MuiButton-icon MuiButton-startIcon MuiButton-iconSizeLarge css-htszrh-MuiButton-startIcon"
  >
    <svg
      aria-hidden="true"
      class="MuiSvgIcon-root MuiSvgIcon-fontSizeMedium css-i4bv87-MuiSvgIcon-root"
      data-testid="PlayArrowIcon"
      focusable="false"
      viewBox="0 0 24 24"
    >
      <path
        d="M8 5v14l11-7z"
      />
    </svg>
  </span>
  Start Tracking
  <span
    class="MuiTouchRipple-root css-8je8zh-MuiTouchRipple-root"
  />
</button>

Ignored nodes: comments, script, style
<button
  class="MuiButtonBase-root MuiButton-root MuiButton-contained MuiButton-containedPrimary MuiButton-sizeLarge MuiButton-containedSizeLarge MuiButton-colorPrimary MuiButton-root MuiButton-contained MuiButton-containedPrimary MuiButton-sizeLarge MuiButton-containedSizeLarge MuiButton-colorPrimary css-jh47zj-MuiButtonBase-root-MuiButton-root"
  tabindex="0"
  type="button"
>
  <span
    class="MuiButton-icon MuiButton-startIcon MuiButton-iconSizeLarge css-htszrh-MuiButton-startIcon"
  >
    <svg
      aria-hidden="true"
      class="MuiSvgIcon-root MuiSvgIcon-fontSizeMedium css-i4bv87-MuiSvgIcon-root"
      data-testid="PlayArrowIcon"
      focusable="false"
      viewBox="0 0 24 24"
    >
      <path
        d="M8 5v14l11-7z"
      />
    </svg>
  </span>
  Start Tracking
  <span
    class="MuiTouchRipple-root css-8je8zh-MuiTouchRipple-root"
  />
</button>

(If this is intentional, then use the `*AllBy*` variant of the query (like `queryAllByText`, `getAllByText`, or `findAllByText`)).

Ignored nodes: comments, script, style
<body
  style="padding-right: 1024px; overflow: hidden;"
>
  <div
    aria-hidden="true"
  >
    <div
      class="MuiBox-root css-0"
    >
      <div
        class="MuiBox-root css-i3pbo"
      >
        <h5
          class="MuiTypography-root MuiTypography-h5 MuiTypography-gutterBottom css-1hkf4sh-MuiTypography-root"
        >
          Payment History
        </h5>
        <p
          class="MuiTypography-root MuiTypography-body2 css-xtz2xu-MuiTypography-root"
        >
          1
           payment
           found
        </p>
      </div>
      <div
        class="MuiGrid-root MuiGrid-container MuiGrid-spacing-xs-2 css-12rc5ck-MuiGrid-root"
      >
        <div
          class="MuiGrid-root MuiGrid-item MuiGrid-grid-xs-12 MuiGrid-grid-sm-6 MuiGrid-grid-md-3 css-10voxkt-MuiGrid-root"
        >
          <div
            class="MuiFormControl-root MuiFormControl-fullWidth MuiTextField-root css-18hear-MuiFormControl-root-MuiTextField-root"
          >
            <div
              class="MuiInputBase-root MuiOutlinedInput-root MuiInputBase-colorPrimary MuiInputBase-fullWidth MuiInputBase-formControl MuiInputBase-sizeSmall MuiInputBase-adornedStart css-1cj7mpt-MuiInputBase-root-MuiOutlinedInput-root"
            >
              <div
                class="MuiInputAdornment-root MuiInputAdornment-positionStart MuiInputAdornment-outlined MuiInputAdornment-sizeSmall css-ittuaa-MuiInputAdornment-root"
              >
                <span
                  class="notranslate"
                >
                  ​
                </span>
                <svg
                  aria-hidden="true"
                  class="MuiSvgIcon-root MuiSvgIcon-fontSizeMedium css-i4bv87-MuiSvgIcon-root"
                  data-testid="SearchIcon"
                  focusable="false"
                  viewBox="0 0 24 24"
                >
                  <path
                    d="M15.5 14h-.79l-.28-.27C15.41 12.59 16 11.11 16 9.5 16 5.91 13.09 3 9.5 3S3 5.91 3 9.5 5.91 16 9.5 16c1.61 0 3.09-.59 4.23-1.57l.27.28v.79l5 4.99L20.49 19zm-6 0C7.01 14 5 11.99 5 9.5S7.01 5 9.5 5 14 7.01 14 9.5 11.99 14 9.5 14"
                  />
                </svg>
              </div>
              <input
                aria-invalid="false"
                class="MuiInputBase-input MuiOutlinedInput-input MuiInputBase-inputSizeSmall MuiInputBase-inputAdornedStart css-1ua80n0-MuiInputBase-input-MuiOutlinedInput-input"
                id=":rt:"
                placeholder="Search payments..."
                type="text"
                value=""
              />
              <fieldset
                aria-hidden="true"
                class="MuiOutlinedInput-notchedOutline css-r01yff-MuiNotchedOutlined-root-MuiOutlinedInput-notchedOutline"
              >
                <legend
                  class="css-1whs34k-MuiNotchedOutlined-root"
                >
                  <span
                    class="notranslate"
                  >
                    ​
                  </span>
                </legend>
              </fieldset>
            </div>
          </div>
        </div>
        <div
          class="MuiGrid-root MuiGrid-item MuiGrid-grid-xs-12 MuiGrid-grid-sm-6 MuiGrid-grid-md-3 css-10voxkt-MuiGrid-root"
        >
          <div
            class="MuiFormControl-root MuiFormControl-fullWidth css-q8hpuo-MuiFormControl-root"
          >
            <label
              class="MuiFormLabel-root MuiInputLabel-root MuiInputLabel-formControl MuiInputLabel-animated MuiInputLabel-shrink MuiInputLabel-sizeSmall MuiInputLabel-outlined MuiFormLabel-colorPrimary MuiFormLabel-filled MuiInputLabel-root MuiInputLabel-formControl MuiInputLabel-animated MuiInputLabel-shrink MuiInputLabel-sizeSmall MuiInputLabel-outlined css-fe0mau-MuiFormLabel-root-MuiInputLabel-root"
              data-shrink="true"
            >
              Status
            </label>
            <div
              class="MuiInputBase-root MuiOutlinedInput-root MuiInputBase-colorPrimary MuiInputBase-formControl MuiInputBase-sizeSmall css-13lg1x7-MuiInputBase-root-MuiOutlinedInput-root-MuiSelect-root"
            >
              <div
                aria-controls=":ru:"
                aria-expanded="false"
                aria-haspopup="listbox"
                class="MuiSelect-select MuiSelect-outlined MuiInputBase-input MuiOutlinedInput-input MuiInputBase-inputSizeSmall css-1fzjff4-MuiSelect-select-MuiInputBase-input-MuiOutlinedInput-input"
                role="combobox"
                tabindex="0"
              >
                All Statuses
              </div>
              <input
                aria-hidden="true"
                aria-invalid="false"
                class="MuiSelect-nativeInput css-yf8vq0-MuiSelect-nativeInput"
                tabindex="-1"
                value="all"
              />
              <svg
                aria-hidden="true"
                class="MuiSvgIcon-root MuiSvgIcon-fontSizeMedium MuiSelect-icon MuiSelect-iconOutlined css-hfutr2-MuiSvgIcon-root-MuiSelect-icon"
                data-testid="ArrowDropDownIcon"
                focusable="false"
                viewBox="0 0 24 24"
              >
                <path
                  d="M7 10l5 5 5-5z"
                />
              </svg>[...
 ✓ src/test/timeTracking.test.tsx > TimeEntryList Component > should render time entry list 2678ms
 ❯ src/test/timeTracking.test.tsx  (9 tests | 5 failed) 85686ms
   ❯ src/test/timeTracking.test.tsx > TimeTracker Component > should display timer in correct format
     → Found multiple elements with the text: 00:00:00

Here are the matching elements:

Ignored nodes: comments, script, style
<h3
  class="MuiTypography-root MuiTypography-h3 css-l00yh9-MuiTypography-root"
>
  00:00:00
</h3>

Ignored nodes: comments, script, style
<h3
  class="MuiTypography-root MuiTypography-h3 css-l00yh9-MuiTypography-root"
>
  00:00:00
</h3>

(If this is intentional, then use the `*AllBy*` variant of the query (like `queryAllByText`, `getAllByText`, or `findAllByText`)).

Ignored nodes: comments, script, style
<body
  style="padding-right: 1024px; overflow: hidden;"
>
  <div
    aria-hidden="true"
  >
    <div
      class="MuiBox-root css-0"
    >
      <div
        class="MuiBox-root css-i3pbo"
      >
        <h5
          class="MuiTypography-root MuiTypography-h5 MuiTypography-gutterBottom css-1hkf4sh-MuiTypography-root"
        >
          Payment History
        </h5>
        <p
          class="MuiTypography-root MuiTypography-body2 css-xtz2xu-MuiTypography-root"
        >
          1
           payment
           found
        </p>
      </div>
      <div
        class="MuiGrid-root MuiGrid-container MuiGrid-spacing-xs-2 css-12rc5ck-MuiGrid-root"
      >
        <div
          class="MuiGrid-root MuiGrid-item MuiGrid-grid-xs-12 MuiGrid-grid-sm-6 MuiGrid-grid-md-3 css-10voxkt-MuiGrid-root"
        >
          <div
            class="MuiFormControl-root MuiFormControl-fullWidth MuiTextField-root css-18hear-MuiFormControl-root-MuiTextField-root"
          >
            <div
              class="MuiInputBase-root MuiOutlinedInput-root MuiInputBase-colorPrimary MuiInputBase-fullWidth MuiInputBase-formControl MuiInputBase-sizeSmall MuiInputBase-adornedStart css-1cj7mpt-MuiInputBase-root-MuiOutlinedInput-root"
            >
              <div
                class="MuiInputAdornment-root MuiInputAdornment-positionStart MuiInputAdornment-outlined MuiInputAdornment-sizeSmall css-ittuaa-MuiInputAdornment-root"
              >
                <span
                  class="notranslate"
                >
                  ​
                </span>
                <svg
                  aria-hidden="true"
                  class="MuiSvgIcon-root MuiSvgIcon-fontSizeMedium css-i4bv87-MuiSvgIcon-root"
                  data-testid="SearchIcon"
                  focusable="false"
                  viewBox="0 0 24 24"
                >
                  <path
                    d="M15.5 14h-.79l-.28-.27C15.41 12.59 16 11.11 16 9.5 16 5.91 13.09 3 9.5 3S3 5.91 3 9.5 5.91 16 9.5 16c1.61 0 3.09-.59 4.23-1.57l.27.28v.79l5 4.99L20.49 19zm-6 0C7.01 14 5 11.99 5 9.5S7.01 5 9.5 5 14 7.01 14 9.5 11.99 14 9.5 14"
                  />
                </svg>
              </div>
              <input
                aria-invalid="false"
                class="MuiInputBase-input MuiOutlinedInput-input MuiInputBase-inputSizeSmall MuiInputBase-inputAdornedStart css-1ua80n0-MuiInputBase-input-MuiOutlinedInput-input"
                id=":rt:"
                placeholder="Search payments..."
                type="text"
                value=""
              />
              <fieldset
                aria-hidden="true"
                class="MuiOutlinedInput-notchedOutline css-r01yff-MuiNotchedOutlined-root-MuiOutlinedInput-notchedOutline"
              >
                <legend
                  class="css-1whs34k-MuiNotchedOutlined-root"
                >
                  <span
                    class="notranslate"
                  >
                    ​
                  </span>
                </legend>
              </fieldset>
            </div>
          </div>
        </div>
        <div
          class="MuiGrid-root MuiGrid-item MuiGrid-grid-xs-12 MuiGrid-grid-sm-6 MuiGrid-grid-md-3 css-10voxkt-MuiGrid-root"
        >
          <div
            class="MuiFormControl-root MuiFormControl-fullWidth css-q8hpuo-MuiFormControl-root"
          >
            <label
              class="MuiFormLabel-root MuiInputLabel-root MuiInputLabel-formControl MuiInputLabel-animated MuiInputLabel-shrink MuiInputLabel-sizeSmall MuiInputLabel-outlined MuiFormLabel-colorPrimary MuiFormLabel-filled MuiInputLabel-root MuiInputLabel-formControl MuiInputLabel-animated MuiInputLabel-shrink MuiInputLabel-sizeSmall MuiInputLabel-outlined css-fe0mau-MuiFormLabel-root-MuiInputLabel-root"
              data-shrink="true"
            >
              Status
            </label>
            <div
              class="MuiInputBase-root MuiOutlinedInput-root MuiInputBase-colorPrimary MuiInputBase-formControl MuiInputBase-sizeSmall css-13lg1x7-MuiInputBase-root-MuiOutlinedInput-root-MuiSelect-root"
            >
              <div
                aria-controls=":ru:"
                aria-expanded="false"
                aria-haspopup="listbox"
                class="MuiSelect-select MuiSelect-outlined MuiInputBase-input MuiOutlinedInput-input MuiInputBase-inputSizeSmall css-1fzjff4-MuiSelect-select-MuiInputBase-input-MuiOutlinedInput-input"
                role="combobox"
                tabindex="0"
              >
                All Statuses
              </div>
              <input
                aria-hidden="true"
                aria-invalid="false"
                class="MuiSelect-nativeInput css-yf8vq0-MuiSelect-nativeInput"
                tabindex="-1"
                value="all"
              />
              <svg
                aria-hidden="true"
                class="MuiSvgIcon-root MuiSvgIcon-fontSizeMedium MuiSelect-icon MuiSelect-iconOutlined css-hfutr2-MuiSvgIcon-root-MuiSelect-icon"
                data-testid="ArrowDropDownIcon"
                focusable="false"
                viewBox="0 0 24 24"
              >
                <path
                  d="M7 10l5 5 5-5z"
                />
              </svg>[...
   ❯ src/test/timeTracking.test.tsx > TimeTracker Component > should start tracking when button clicked
     → Found a label with the text of: Project, however no form control was found associated to that label. Make sure you're using the "for" attribute or "aria-labelledby" attribute correctly.

Ignored nodes: comments, script, style
<body
  style="padding-right: 1024px; overflow: hidden;"
>
  <div
    aria-hidden="true"
  >
    <div
      class="MuiBox-root css-0"
    >
      <div
        class="MuiBox-root css-i3pbo"
      >
        <h5
          class="MuiTypography-root MuiTypography-h5 MuiTypography-gutterBottom css-1hkf4sh-MuiTypography-root"
        >
          Payment History
        </h5>
        <p
          class="MuiTypography-root MuiTypography-body2 css-xtz2xu-MuiTypography-root"
        >
          1
           payment
           found
        </p>
      </div>
      <div
        class="MuiGrid-root MuiGrid-container MuiGrid-spacing-xs-2 css-12rc5ck-MuiGrid-root"
      >
        <div
          class="MuiGrid-root MuiGrid-item MuiGrid-grid-xs-12 MuiGrid-grid-sm-6 MuiGrid-grid-md-3 css-10voxkt-MuiGrid-root"
        >
          <div
            class="MuiFormControl-root MuiFormControl-fullWidth MuiTextField-root css-18hear-MuiFormControl-root-MuiTextField-root"
          >
            <div
              class="MuiInputBase-root MuiOutlinedInput-root MuiInputBase-colorPrimary MuiInputBase-fullWidth MuiInputBase-formControl MuiInputBase-sizeSmall MuiInputBase-adornedStart css-1cj7mpt-MuiInputBase-root-MuiOutlinedInput-root"
            >
              <div
                class="MuiInputAdornment-root MuiInputAdornment-positionStart MuiInputAdornment-outlined MuiInputAdornment-sizeSmall css-ittuaa-MuiInputAdornment-root"
              >
                <span
                  class="notranslate"
                >
                  ​
                </span>
                <svg
                  aria-hidden="true"
                  class="MuiSvgIcon-root MuiSvgIcon-fontSizeMedium css-i4bv87-MuiSvgIcon-root"
                  data-testid="SearchIcon"
                  focusable="false"
                  viewBox="0 0 24 24"
                >
                  <path
                    d="M15.5 14h-.79l-.28-.27C15.41 12.59 16 11.11 16 9.5 16 5.91 13.09 3 9.5 3S3 5.91 3 9.5 5.91 16 9.5 16c1.61 0 3.09-.59 4.23-1.57l.27.28v.79l5 4.99L20.49 19zm-6 0C7.01 14 5 11.99 5 9.5S7.01 5 9.5 5 14 7.01 14 9.5 11.99 14 9.5 14"
                  />
                </svg>
              </div>
              <input
                aria-invalid="false"
                class="MuiInputBase-input MuiOutlinedInput-input MuiInputBase-inputSizeSmall MuiInputBase-inputAdornedStart css-1ua80n0-MuiInputBase-input-MuiOutlinedInput-input"
                id=":rt:"
                placeholder="Search payments..."
                type="text"
                value=""
              />
              <fieldset
                aria-hidden="true"
                class="MuiOutlinedInput-notchedOutline css-r01yff-MuiNotchedOutlined-root-MuiOutlinedInput-notchedOutline"
              >
                <legend
                  class="css-1whs34k-MuiNotchedOutlined-root"
                >
                  <span
                    class="notranslate"
                  >
                    ​
                  </span>
                </legend>
              </fieldset>
            </div>
          </div>
        </div>
        <div
          class="MuiGrid-root MuiGrid-item MuiGrid-grid-xs-12 MuiGrid-grid-sm-6 MuiGrid-grid-md-3 css-10voxkt-MuiGrid-root"
        >
          <div
            class="MuiFormControl-root MuiFormControl-fullWidth css-q8hpuo-MuiFormControl-root"
          >
            <label
              class="MuiFormLabel-root MuiInputLabel-root MuiInputLabel-formControl MuiInputLabel-animated MuiInputLabel-shrink MuiInputLabel-sizeSmall MuiInputLabel-outlined MuiFormLabel-colorPrimary MuiFormLabel-filled MuiInputLabel-root MuiInputLabel-formControl MuiInputLabel-animated MuiInputLabel-shrink MuiInputLabel-sizeSmall MuiInputLabel-outlined css-fe0mau-MuiFormLabel-root-MuiInputLabel-root"
              data-shrink="true"
            >
              Status
            </label>
            <div
              class="MuiInputBase-root MuiOutlinedInput-root MuiInputBase-colorPrimary MuiInputBase-formControl MuiInputBase-sizeSmall css-13lg1x7-MuiInputBase-root-MuiOutlinedInput-root-MuiSelect-root"
            >
              <div
                aria-controls=":ru:"
                aria-expanded="false"
                aria-haspopup="listbox"
                class="MuiSelect-select MuiSelect-outlined MuiInputBase-input MuiOutlinedInput-input MuiInputBase-inputSizeSmall css-1fzjff4-MuiSelect-select-MuiInputBase-input-MuiOutlinedInput-input"
                role="combobox"
                tabindex="0"
              >
                All Statuses
              </div>
              <input
                aria-hidden="true"
                aria-invalid="false"
                class="MuiSelect-nativeInput css-yf8vq0-MuiSelect-nativeInput"
                tabindex="-1"
                value="all"
              />
              <svg
                aria-hidden="true"
                class="MuiSvgIcon-root MuiSvgIcon-fontSizeMedium MuiSelect-icon MuiSelect-iconOutlined css-hfutr2-MuiSvgIcon-root-MuiSelect-icon"
                data-testid="ArrowDropDownIcon"
                focusable="false"
                viewBox="0 0 24 24"
              >
                <path
                  d="M7 10l5 5 5-5z"
                />
              </svg>[...

Ignored nodes: comments, script, style
<html>
  <head />
  <body
    style="padding-right: 1024px; overflow: hidden;"
  >
    <div
      aria-hidden="true"
    >
      <div
        class="MuiBox-root css-0"
      >
        <div
          class="MuiBox-root css-i3pbo"
        >
          <h5
            class="MuiTypography-root MuiTypography-h5 MuiTypography-gutterBottom css-1hkf4sh-MuiTypography-root"
          >
            Payment History
          </h5>
          <p
            class="MuiTypography-root MuiTypography-body2 css-xtz2xu-MuiTypography-root"
          >
            1
             payment
             found
          </p>
        </div>
        <div
          class="MuiGrid-root MuiGrid-container MuiGrid-spacing-xs-2 css-12rc5ck-MuiGrid-root"
        >
          <div
            class="MuiGrid-root MuiGrid-item MuiGrid-grid-xs-12 MuiGrid-grid-sm-6 MuiGrid-grid-md-3 css-10voxkt-MuiGrid-root"
          >
            <div
              class="MuiFormControl-root MuiFormControl-fullWidth MuiTextField-root css-18hear-MuiFormControl-root-MuiTextField-root"
            >
              <div
                class="MuiInputBase-root MuiOutlinedInput-root MuiInputBase-colorPrimary MuiInputBase-fullWidth MuiInputBase-formControl MuiInputBase-sizeSmall MuiInputBase-adornedStart css-1cj7mpt-MuiInputBase-root-MuiOutlinedInput-root"
              >
                <div
                  class="MuiInputAdornment-root MuiInputAdornment-positionStart MuiInputAdornment-outlined MuiInputAdornment-sizeSmall css-ittuaa-MuiInputAdornment-root"
                >
                  <span
                    class="notranslate"
                  >
                    ​
                  </span>
                  <svg
                    aria-hidden="true"
                    class="MuiSvgIcon-root MuiSvgIcon-fontSizeMedium css-i4bv87-MuiSvgIcon-root"
                    data-testid="SearchIcon"
                    focusable="false"
                    viewBox="0 0 24 24"
                  >
                    <path
                      d="M15.5 14h-.79l-.28-.27C15.41 12.59 16 11.11 16 9.5 16 5.91 13.09 3 9.5 3S3 5.91 3 9.5 5.91 16 9.5 16c1.61 0 3.09-.59 4.23-1.57l.27.28v.79l5 4.99L20.49 19zm-6 0C7.01 14 5 11.99 5 9.5S7.01 5 9.5 5 14 7.01 14 9.5 11.99 14 9.5 14"
                    />
                  </svg>
                </div>
                <input
                  aria-invalid="false"
                  class="MuiInputBase-input MuiOutlinedInput-input MuiInputBase-inputSizeSmall MuiInputBase-inputAdornedStart css-1ua80n0-MuiInputBase-input-MuiOutlinedInput-input"
                  id=":rt:"
                  placeholder="Search payments..."
                  type="text"
                  value=""
                />
                <fieldset
                  aria-hidden="true"
                  class="MuiOutlinedInput-notchedOutline css-r01yff-MuiNotchedOutlined-root-MuiOutlinedInput-notchedOutline"
                >
                  <legend
                    class="css-1whs34k-MuiNotchedOutlined-root"
                  >
                    <span
                      class="notranslate"
                    >
                      ​
                    </span>
                  </legend>
                </fieldset>
              </div>
            </div>
          </div>
          <div
            class="MuiGrid-root MuiGrid-item MuiGrid-grid-xs-12 MuiGrid-grid-sm-6 MuiGrid-grid-md-3 css-10voxkt-MuiGrid-root"
          >
            <div
              class="MuiFormControl-root MuiFormControl-fullWidth css-q8hpuo-MuiFormControl-root"
            >
              <label
                class="MuiFormLabel-root MuiInputLabel-root MuiInputLabel-formControl MuiInputLabel-animated MuiInputLabel-shrink MuiInputLabel-sizeSmall MuiInputLabel-outlined MuiFormLabel-colorPrimary MuiFormLabel-filled MuiInputLabel-root MuiInputLabel-formControl MuiInputLabel-animated MuiInputLabel-shrink MuiInputLabel-sizeSmall MuiInputLabel-outlined css-fe0mau-MuiFormLabel-root-MuiInputLabel-root"
                data-shrink="true"
              >
                Status
              </label>
              <div
                class="MuiInputBase-root MuiOutlinedInput-root MuiInputBase-colorPrimary MuiInputBase-formControl MuiInputBase-sizeSmall css-13lg1x7-MuiInputBase-root-MuiOutlinedInput-root-MuiSelect-root"
              >
                <div
                  aria-controls=":ru:"
                  aria-expanded="false"
                  aria-haspopup="listbox"
                  class="MuiSelect-select MuiSelect-outlined MuiInputBase-input MuiOutlinedInput-input MuiInputBase-inputSizeSmall css-1fzjff4-MuiSelect-select-MuiInputBase-input-MuiOutlinedInput-input"
                  role="combobox"
                  tabindex="0"
                >
                  All Statuses
                </div>
                <input
                  aria-hidden="true"
                  aria-invalid="false"
                  class="MuiSelect-nativeInput css-yf8vq0-MuiSelect-nativeInput"
                  tabindex="-1"
                  value="all"
                />
                <svg
                  aria-hidden="true"
                  class="MuiSvgIcon-root MuiSvgIcon-fontSizeMedium MuiSelect-icon MuiSelect-iconOutlined css-hfutr2-MuiSvgIcon-root-MuiSelect-icon"
                  data-testid="ArrowDropDownIcon"
       ...
   ❯ src/test/timeTracking.test.tsx > TimeTracker Component > should stop tracking and save entry
     → Found multiple elements with the text: Start Tracking

Here are the matching elements:

Ignored nodes: comments, script, style
<button
  class="MuiButtonBase-root MuiButton-root MuiButton-contained MuiButton-containedPrimary MuiButton-sizeLarge MuiButton-containedSizeLarge MuiButton-colorPrimary MuiButton-root MuiButton-contained MuiButton-containedPrimary MuiButton-sizeLarge MuiButton-containedSizeLarge MuiButton-colorPrimary css-jh47zj-MuiButtonBase-root-MuiButton-root"
  tabindex="0"
  type="button"
>
  <span
    class="MuiButton-icon MuiButton-startIcon MuiButton-iconSizeLarge css-htszrh-MuiButton-startIcon"
  >
    <svg
      aria-hidden="true"
      class="MuiSvgIcon-root MuiSvgIcon-fontSizeMedium css-i4bv87-MuiSvgIcon-root"
      data-testid="PlayArrowIcon"
      focusable="false"
      viewBox="0 0 24 24"
    >
      <path
        d="M8 5v14l11-7z"
      />
    </svg>
  </span>
  Start Tracking
  <span
    class="MuiTouchRipple-root css-8je8zh-MuiTouchRipple-root"
  />
</button>

Ignored nodes: comments, script, style
<button
  class="MuiButtonBase-root MuiButton-root MuiButton-contained MuiButton-containedPrimary MuiButton-sizeLarge MuiButton-containedSizeLarge MuiButton-colorPrimary MuiButton-root MuiButton-contained MuiButton-containedPrimary MuiButton-sizeLarge MuiButton-containedSizeLarge MuiButton-colorPrimary css-jh47zj-MuiButtonBase-root-MuiButton-root"
  tabindex="0"
  type="button"
>
  <span
    class="MuiButton-icon MuiButton-startIcon MuiButton-iconSizeLarge css-htszrh-MuiButton-startIcon"
  >
    <svg
      aria-hidden="true"
      class="MuiSvgIcon-root MuiSvgIcon-fontSizeMedium css-i4bv87-MuiSvgIcon-root"
      data-testid="PlayArrowIcon"
      focusable="false"
      viewBox="0 0 24 24"
    >
      <path
        d="M8 5v14l11-7z"
      />
    </svg>
  </span>
  Start Tracking
  <span
    class="MuiTouchRipple-root css-8je8zh-MuiTouchRipple-root"
  />
</button>

Ignored nodes: comments, script, style
<button
  class="MuiButtonBase-root MuiButton-root MuiButton-contained MuiButton-containedPrimary MuiButton-sizeLarge MuiButton-containedSizeLarge MuiButton-colorPrimary MuiButton-root MuiButton-contained MuiButton-containedPrimary MuiButton-sizeLarge MuiButton-containedSizeLarge MuiButton-colorPrimary css-jh47zj-MuiButtonBase-root-MuiButton-root"
  tabindex="0"
  type="button"
>
  <span
    class="MuiButton-icon MuiButton-startIcon MuiButton-iconSizeLarge css-htszrh-MuiButton-startIcon"
  >
    <svg
      aria-hidden="true"
      class="MuiSvgIcon-root MuiSvgIcon-fontSizeMedium css-i4bv87-MuiSvgIcon-root"
      data-testid="PlayArrowIcon"
      focusable="false"
      viewBox="0 0 24 24"
    >
      <path
        d="M8 5v14l11-7z"
      />
    </svg>
  </span>
  Start Tracking
  <span
    class="MuiTouchRipple-root css-8je8zh-MuiTouchRipple-root"
  />
</button>

Ignored nodes: comments, script, style
<button
  class="MuiButtonBase-root MuiButton-root MuiButton-contained MuiButton-containedPrimary MuiButton-sizeLarge MuiButton-containedSizeLarge MuiButton-colorPrimary MuiButton-root MuiButton-contained MuiButton-containedPrimary MuiButton-sizeLarge MuiButton-containedSizeLarge MuiButton-colorPrimary css-jh47zj-MuiButtonBase-root-MuiButton-root"
  tabindex="0"
  type="button"
>
  <span
    class="MuiButton-icon MuiButton-startIcon MuiButton-iconSizeLarge css-htszrh-MuiButton-startIcon"
  >
    <svg
      aria-hidden="true"
      class="MuiSvgIcon-root MuiSvgIcon-fontSizeMedium css-i4bv87-MuiSvgIcon-root"
      data-testid="PlayArrowIcon"
      focusable="false"
      viewBox="0 0 24 24"
    >
      <path
        d="M8 5v14l11-7z"
      />
    </svg>
  </span>
  Start Tracking
  <span
    class="MuiTouchRipple-root css-8je8zh-MuiTouchRipple-root"
  />
</button>

(If this is intentional, then use the `*AllBy*` variant of the query (like `queryAllByText`, `getAllByText`, or `findAllByText`)).

Ignored nodes: comments, script, style
<body
  style="padding-right: 1024px; overflow: hidden;"
>
  <div
    aria-hidden="true"
  >
    <div
      class="MuiBox-root css-0"
    >
      <div
        class="MuiBox-root css-i3pbo"
      >
        <h5
          class="MuiTypography-root MuiTypography-h5 MuiTypography-gutterBottom css-1hkf4sh-MuiTypography-root"
        >
          Payment History
        </h5>
        <p
          class="MuiTypography-root MuiTypography-body2 css-xtz2xu-MuiTypography-root"
        >
          1
           payment
           found
        </p>
      </div>
      <div
        class="MuiGrid-root MuiGrid-container MuiGrid-spacing-xs-2 css-12rc5ck-MuiGrid-root"
      >
        <div
          class="MuiGrid-root MuiGrid-item MuiGrid-grid-xs-12 MuiGrid-grid-sm-6 MuiGrid-grid-md-3 css-10voxkt-MuiGrid-root"
        >
          <div
            class="MuiFormControl-root MuiFormControl-fullWidth MuiTextField-root css-18hear-MuiFormControl-root-MuiTextField-root"
          >
            <div
              class="MuiInputBase-root MuiOutlinedInput-root MuiInputBase-colorPrimary MuiInputBase-fullWidth MuiInputBase-formControl MuiInputBase-sizeSmall MuiInputBase-adornedStart css-1cj7mpt-MuiInputBase-root-MuiOutlinedInput-root"
            >
              <div
                class="MuiInputAdornment-root MuiInputAdornment-positionStart MuiInputAdornment-outlined MuiInputAdornment-sizeSmall css-ittuaa-MuiInputAdornment-root"
              >
                <span
                  class="notranslate"
                >
                  ​
                </span>
                <svg
                  aria-hidden="true"
                  class="MuiSvgIcon-root MuiSvgIcon-fontSizeMedium css-i4bv87-MuiSvgIcon-root"
                  data-testid="SearchIcon"
                  focusable="false"
                  viewBox="0 0 24 24"
                >
                  <path
                    d="M15.5 14h-.79l-.28-.27C15.41 12.59 16 11.11 16 9.5 16 5.91 13.09 3 9.5 3S3 5.91 3 9.5 5.91 16 9.5 16c1.61 0 3.09-.59 4.23-1.57l.27.28v.79l5 4.99L20.49 19zm-6 0C7.01 14 5 11.99 5 9.5S7.01 5 9.5 5 14 7.01 14 9.5 11.99 14 9.5 14"
                  />
                </svg>
              </div>
              <input
                aria-invalid="false"
                class="MuiInputBase-input MuiOutlinedInput-input MuiInputBase-inputSizeSmall MuiInputBase-inputAdornedStart css-1ua80n0-MuiInputBase-input-MuiOutlinedInput-input"
                id=":rt:"
                placeholder="Search payments..."
                type="text"
                value=""
              />
              <fieldset
                aria-hidden="true"
                class="MuiOutlinedInput-notchedOutline css-r01yff-MuiNotchedOutlined-root-MuiOutlinedInput-notchedOutline"
              >
                <legend
                  class="css-1whs34k-MuiNotchedOutlined-root"
                >
                  <span
                    class="notranslate"
                  >
                    ​
                  </span>
                </legend>
              </fieldset>
            </div>
          </div>
        </div>
        <div
          class="MuiGrid-root MuiGrid-item MuiGrid-grid-xs-12 MuiGrid-grid-sm-6 MuiGrid-grid-md-3 css-10voxkt-MuiGrid-root"
        >
          <div
            class="MuiFormControl-root MuiFormControl-fullWidth css-q8hpuo-MuiFormControl-root"
          >
            <label
              class="MuiFormLabel-root MuiInputLabel-root MuiInputLabel-formControl MuiInputLabel-animated MuiInputLabel-shrink MuiInputLabel-sizeSmall MuiInputLabel-outlined MuiFormLabel-colorPrimary MuiFormLabel-filled MuiInputLabel-root MuiInputLabel-formControl MuiInputLabel-animated MuiInputLabel-shrink MuiInputLabel-sizeSmall MuiInputLabel-outlined css-fe0mau-MuiFormLabel-root-MuiInputLabel-root"
              data-shrink="true"
            >
              Status
            </label>
            <div
              class="MuiInputBase-root MuiOutlinedInput-root MuiInputBase-colorPrimary MuiInputBase-formControl MuiInputBase-sizeSmall css-13lg1x7-MuiInputBase-root-MuiOutlinedInput-root-MuiSelect-root"
            >
              <div
                aria-controls=":ru:"
                aria-expanded="false"
                aria-haspopup="listbox"
                class="MuiSelect-select MuiSelect-outlined MuiInputBase-input MuiOutlinedInput-input MuiInputBase-inputSizeSmall css-1fzjff4-MuiSelect-select-MuiInputBase-input-MuiOutlinedInput-input"
                role="combobox"
                tabindex="0"
              >
                All Statuses
              </div>
              <input
                aria-hidden="true"
                aria-invalid="false"
                class="MuiSelect-nativeInput css-yf8vq0-MuiSelect-nativeInput"
                tabindex="-1"
                value="all"
              />
              <svg
                aria-hidden="true"
                class="MuiSvgIcon-root MuiSvgIcon-fontSizeMedium MuiSelect-icon MuiSelect-iconOutlined css-hfutr2-MuiSvgIcon-root-MuiSelect-icon"
                data-testid="ArrowDropDownIcon"
                focusable="false"
                viewBox="0 0 24 24"
              >
                <path
                  d="M7 10l5 5 5-5z"
                />
              </svg>[...
   ❯ src/test/timeTracking.test.tsx > TimeReport Component > should generate report
     → Found multiple elements with the text of: Start Date

Here are the matching elements:

Ignored nodes: comments, script, style
<input
  aria-invalid="false"
  class="MuiInputBase-input MuiOutlinedInput-input css-1t8l2tu-MuiInputBase-input-MuiOutlinedInput-input"
  id=":r75:"
  type="date"
  value=""
/>

Ignored nodes: comments, script, style
<input
  aria-invalid="false"
  class="MuiInputBase-input MuiOutlinedInput-input css-1t8l2tu-MuiInputBase-input-MuiOutlinedInput-input"
  id=":r77:"
  type="date"
  value=""
/>

(If this is intentional, then use the `*AllBy*` variant of the query (like `queryAllByText`, `getAllByText`, or `findAllByText`)).

Ignored nodes: comments, script, style
<body
  style="padding-right: 1024px; overflow: hidden;"
>
  <div
    aria-hidden="true"
  >
    <div
      class="MuiBox-root css-0"
    >
      <div
        class="MuiBox-root css-i3pbo"
      >
        <h5
          class="MuiTypography-root MuiTypography-h5 MuiTypography-gutterBottom css-1hkf4sh-MuiTypography-root"
        >
          Payment History
        </h5>
        <p
          class="MuiTypography-root MuiTypography-body2 css-xtz2xu-MuiTypography-root"
        >
          1
           payment
           found
        </p>
      </div>
      <div
        class="MuiGrid-root MuiGrid-container MuiGrid-spacing-xs-2 css-12rc5ck-MuiGrid-root"
      >
        <div
          class="MuiGrid-root MuiGrid-item MuiGrid-grid-xs-12 MuiGrid-grid-sm-6 MuiGrid-grid-md-3 css-10voxkt-MuiGrid-root"
        >
          <div
            class="MuiFormControl-root MuiFormControl-fullWidth MuiTextField-root css-18hear-MuiFormControl-root-MuiTextField-root"
          >
            <div
              class="MuiInputBase-root MuiOutlinedInput-root MuiInputBase-colorPrimary MuiInputBase-fullWidth MuiInputBase-formControl MuiInputBase-sizeSmall MuiInputBase-adornedStart css-1cj7mpt-MuiInputBase-root-MuiOutlinedInput-root"
            >
              <div
                class="MuiInputAdornment-root MuiInputAdornment-positionStart MuiInputAdornment-outlined MuiInputAdornment-sizeSmall css-ittuaa-MuiInputAdornment-root"
              >
                <span
                  class="notranslate"
                >
                  ​
                </span>
                <svg
                  aria-hidden="true"
                  class="MuiSvgIcon-root MuiSvgIcon-fontSizeMedium css-i4bv87-MuiSvgIcon-root"
                  data-testid="SearchIcon"
                  focusable="false"
                  viewBox="0 0 24 24"
                >
                  <path
                    d="M15.5 14h-.79l-.28-.27C15.41 12.59 16 11.11 16 9.5 16 5.91 13.09 3 9.5 3S3 5.91 3 9.5 5.91 16 9.5 16c1.61 0 3.09-.59 4.23-1.57l.27.28v.79l5 4.99L20.49 19zm-6 0C7.01 14 5 11.99 5 9.5S7.01 5 9.5 5 14 7.01 14 9.5 11.99 14 9.5 14"
                  />
                </svg>
              </div>
              <input
                aria-invalid="false"
                class="MuiInputBase-input MuiOutlinedInput-input MuiInputBase-inputSizeSmall MuiInputBase-inputAdornedStart css-1ua80n0-MuiInputBase-input-MuiOutlinedInput-input"
                id=":rt:"
                placeholder="Search payments..."
                type="text"
                value=""
              />
              <fieldset
                aria-hidden="true"
                class="MuiOutlinedInput-notchedOutline css-r01yff-MuiNotchedOutlined-root-MuiOutlinedInput-notchedOutline"
              >
                <legend
                  class="css-1whs34k-MuiNotchedOutlined-root"
                >
                  <span
                    class="notranslate"
                  >
                    ​
                  </span>
                </legend>
              </fieldset>
            </div>
          </div>
        </div>
        <div
          class="MuiGrid-root MuiGrid-item MuiGrid-grid-xs-12 MuiGrid-grid-sm-6 MuiGrid-grid-md-3 css-10voxkt-MuiGrid-root"
        >
          <div
            class="MuiFormControl-root MuiFormControl-fullWidth css-q8hpuo-MuiFormControl-root"
          >
            <label
              class="MuiFormLabel-root MuiInputLabel-root MuiInputLabel-formControl MuiInputLabel-animated MuiInputLabel-shrink MuiInputLabel-sizeSmall MuiInputLabel-outlined MuiFormLabel-colorPrimary MuiFormLabel-filled MuiInputLabel-root MuiInputLabel-formControl MuiInputLabel-animated MuiInputLabel-shrink MuiInputLabel-sizeSmall MuiInputLabel-outlined css-fe0mau-MuiFormLabel-root-MuiInputLabel-root"
              data-shrink="true"
            >
              Status
            </label>
            <div
              class="MuiInputBase-root MuiOutlinedInput-root MuiInputBase-colorPrimary MuiInputBase-formControl MuiInputBase-sizeSmall css-13lg1x7-MuiInputBase-root-MuiOutlinedInput-root-MuiSelect-root"
            >
              <div
                aria-controls=":ru:"
                aria-expanded="false"
                aria-haspopup="listbox"
                class="MuiSelect-select MuiSelect-outlined MuiInputBase-input MuiOutlinedInput-input MuiInputBase-inputSizeSmall css-1fzjff4-MuiSelect-select-MuiInputBase-input-MuiOutlinedInput-input"
                role="combobox"
                tabindex="0"
              >
                All Statuses
              </div>
              <input
                aria-hidden="true"
                aria-invalid="false"
                class="MuiSelect-nativeInput css-yf8vq0-MuiSelect-nativeInput"
                tabindex="-1"
                value="all"
              />
              <svg
                aria-hidden="true"
                class="MuiSvgIcon-root MuiSvgIcon-fontSizeMedium MuiSelect-icon MuiSelect-iconOutlined css-hfutr2-MuiSvgIcon-root-MuiSelect-icon"
                data-testid="ArrowDropDownIcon"
                focusable="false"
                viewBox="0 0 24 24"
              >
                <path
                  d="M7 10l5 5 5-5z"
                />
              </svg>[...
   ❯ src/test/timeTracking.test.tsx > TimeReport Component > should export report to CSV
     → Found multiple elements with the text of: Start Date

Here are the matching elements:

Ignored nodes: comments, script, style
<input
  aria-invalid="false"
  class="MuiInputBase-input MuiOutlinedInput-input css-1t8l2tu-MuiInputBase-input-MuiOutlinedInput-input"
  id=":r75:"
  type="date"
  value=""
/>

Ignored nodes: comments, script, style
<input
  aria-invalid="false"
  class="MuiInputBase-input MuiOutlinedInput-input css-1t8l2tu-MuiInputBase-input-MuiOutlinedInput-input"
  id=":r77:"
  type="date"
  value=""
/>

Ignored nodes: comments, script, style
<input
  aria-invalid="false"
  class="MuiInputBase-input MuiOutlinedInput-input css-1t8l2tu-MuiInputBase-input-MuiOutlinedInput-input"
  id=":r79:"
  type="date"
  value=""
/>

(If this is intentional, then use the `*AllBy*` variant of the query (like `queryAllByText`, `getAllByText`, or `findAllByText`)).

Ignored nodes: comments, script, style
<body
  style="padding-right: 1024px; overflow: hidden;"
>
  <div
    aria-hidden="true"
  >
    <div
      class="MuiBox-root css-0"
    >
      <div
        class="MuiBox-root css-i3pbo"
      >
        <h5
          class="MuiTypography-root MuiTypography-h5 MuiTypography-gutterBottom css-1hkf4sh-MuiTypography-root"
        >
          Payment History
        </h5>
        <p
          class="MuiTypography-root MuiTypography-body2 css-xtz2xu-MuiTypography-root"
        >
          1
           payment
           found
        </p>
      </div>
      <div
        class="MuiGrid-root MuiGrid-container MuiGrid-spacing-xs-2 css-12rc5ck-MuiGrid-root"
      >
        <div
          class="MuiGrid-root MuiGrid-item MuiGrid-grid-xs-12 MuiGrid-grid-sm-6 MuiGrid-grid-md-3 css-10voxkt-MuiGrid-root"
        >
          <div
            class="MuiFormControl-root MuiFormControl-fullWidth MuiTextField-root css-18hear-MuiFormControl-root-MuiTextField-root"
          >
            <div
              class="MuiInputBase-root MuiOutlinedInput-root MuiInputBase-colorPrimary MuiInputBase-fullWidth MuiInputBase-formControl MuiInputBase-sizeSmall MuiInputBase-adornedStart css-1cj7mpt-MuiInputBase-root-MuiOutlinedInput-root"
            >
              <div
                class="MuiInputAdornment-root MuiInputAdornment-positionStart MuiInputAdornment-outlined MuiInputAdornment-sizeSmall css-ittuaa-MuiInputAdornment-root"
              >
                <span
                  class="notranslate"
                >
                  ​
                </span>
                <svg
                  aria-hidden="true"
                  class="MuiSvgIcon-root MuiSvgIcon-fontSizeMedium css-i4bv87-MuiSvgIcon-root"
                  data-testid="SearchIcon"
                  focusable="false"
                  viewBox="0 0 24 24"
                >
                  <path
                    d="M15.5 14h-.79l-.28-.27C15.41 12.59 16 11.11 16 9.5 16 5.91 13.09 3 9.5 3S3 5.91 3 9.5 5.91 16 9.5 16c1.61 0 3.09-.59 4.23-1.57l.27.28v.79l5 4.99L20.49 19zm-6 0C7.01 14 5 11.99 5 9.5S7.01 5 9.5 5 14 7.01 14 9.5 11.99 14 9.5 14"
                  />
                </svg>
              </div>
              <input
                aria-invalid="false"
                class="MuiInputBase-input MuiOutlinedInput-input MuiInputBase-inputSizeSmall MuiInputBase-inputAdornedStart css-1ua80n0-MuiInputBase-input-MuiOutlinedInput-input"
                id=":rt:"
                placeholder="Search payments..."
                type="text"
                value=""
              />
              <fieldset
                aria-hidden="true"
                class="MuiOutlinedInput-notchedOutline css-r01yff-MuiNotchedOutlined-root-MuiOutlinedInput-notchedOutline"
              >
                <legend
                  class="css-1whs34k-MuiNotchedOutlined-root"
                >
                  <span
                    class="notranslate"
                  >
                    ​
                  </span>
                </legend>
              </fieldset>
            </div>
          </div>
        </div>
        <div
          class="MuiGrid-root MuiGrid-item MuiGrid-grid-xs-12 MuiGrid-grid-sm-6 MuiGrid-grid-md-3 css-10voxkt-MuiGrid-root"
        >
          <div
            class="MuiFormControl-root MuiFormControl-fullWidth css-q8hpuo-MuiFormControl-root"
          >
            <label
              class="MuiFormLabel-root MuiInputLabel-root MuiInputLabel-formControl MuiInputLabel-animated MuiInputLabel-shrink MuiInputLabel-sizeSmall MuiInputLabel-outlined MuiFormLabel-colorPrimary MuiFormLabel-filled MuiInputLabel-root MuiInputLabel-formControl MuiInputLabel-animated MuiInputLabel-shrink MuiInputLabel-sizeSmall MuiInputLabel-outlined css-fe0mau-MuiFormLabel-root-MuiInputLabel-root"
              data-shrink="true"
            >
              Status
            </label>
            <div
              class="MuiInputBase-root MuiOutlinedInput-root MuiInputBase-colorPrimary MuiInputBase-formControl MuiInputBase-sizeSmall css-13lg1x7-MuiInputBase-root-MuiOutlinedInput-root-MuiSelect-root"
            >
              <div
                aria-controls=":ru:"
                aria-expanded="false"
                aria-haspopup="listbox"
                class="MuiSelect-select MuiSelect-outlined MuiInputBase-input MuiOutlinedInput-input MuiInputBase-inputSizeSmall css-1fzjff4-MuiSelect-select-MuiInputBase-input-MuiOutlinedInput-input"
                role="combobox"
                tabindex="0"
              >
                All Statuses
              </div>
              <input
                aria-hidden="true"
                aria-invalid="false"
                class="MuiSelect-nativeInput css-yf8vq0-MuiSelect-nativeInput"
                tabindex="-1"
                value="all"
              />
              <svg
                aria-hidden="true"
                class="MuiSvgIcon-root MuiSvgIcon-fontSizeMedium MuiSelect-icon MuiSelect-iconOutlined css-hfutr2-MuiSvgIcon-root-MuiSelect-icon"
                data-testid="ArrowDropDownIcon"
                focusable="false"
                viewBox="0 0 24 24"
              >
                <path
                  d="M7 10l5 5 5-5z"
                />
              </svg>[...
 ✓ src/test/timeTracking.test.tsx > TimeEntryList Component > should submit selected entries 2766ms
 ✓ src/test/timeTracking.test.tsx > TimeReport Component > should render time report 18902ms
 × src/test/timeTracking.test.tsx > TimeReport Component > should generate report 19401ms
   → Found multiple elements with the text of: Start Date

Here are the matching elements:

Ignored nodes: comments, script, style
<input
  aria-invalid="false"
  class="MuiInputBase-input MuiOutlinedInput-input css-1t8l2tu-MuiInputBase-input-MuiOutlinedInput-input"
  id=":r75:"
  type="date"
  value=""
/>

Ignored nodes: comments, script, style
<input
  aria-invalid="false"
  class="MuiInputBase-input MuiOutlinedInput-input css-1t8l2tu-MuiInputBase-input-MuiOutlinedInput-input"
  id=":r77:"
  type="date"
  value=""
/>

(If this is intentional, then use the `*AllBy*` variant of the query (like `queryAllByText`, `getAllByText`, or `findAllByText`)).

Ignored nodes: comments, script, style
<body
  style="padding-right: 1024px; overflow: hidden;"
>
  <div
    aria-hidden="true"
  >
    <div
      class="MuiBox-root css-0"
    >
      <div
        class="MuiBox-root css-i3pbo"
      >
        <h5
          class="MuiTypography-root MuiTypography-h5 MuiTypography-gutterBottom css-1hkf4sh-MuiTypography-root"
        >
          Payment History
        </h5>
        <p
          class="MuiTypography-root MuiTypography-body2 css-xtz2xu-MuiTypography-root"
        >
          1
           payment
           found
        </p>
      </div>
      <div
        class="MuiGrid-root MuiGrid-container MuiGrid-spacing-xs-2 css-12rc5ck-MuiGrid-root"
      >
        <div
          class="MuiGrid-root MuiGrid-item MuiGrid-grid-xs-12 MuiGrid-grid-sm-6 MuiGrid-grid-md-3 css-10voxkt-MuiGrid-root"
        >
          <div
            class="MuiFormControl-root MuiFormControl-fullWidth MuiTextField-root css-18hear-MuiFormControl-root-MuiTextField-root"
          >
            <div
              class="MuiInputBase-root MuiOutlinedInput-root MuiInputBase-colorPrimary MuiInputBase-fullWidth MuiInputBase-formControl MuiInputBase-sizeSmall MuiInputBase-adornedStart css-1cj7mpt-MuiInputBase-root-MuiOutlinedInput-root"
            >
              <div
                class="MuiInputAdornment-root MuiInputAdornment-positionStart MuiInputAdornment-outlined MuiInputAdornment-sizeSmall css-ittuaa-MuiInputAdornment-root"
              >
                <span
                  class="notranslate"
                >
                  ​
                </span>
                <svg
                  aria-hidden="true"
                  class="MuiSvgIcon-root MuiSvgIcon-fontSizeMedium css-i4bv87-MuiSvgIcon-root"
                  data-testid="SearchIcon"
                  focusable="false"
                  viewBox="0 0 24 24"
                >
                  <path
                    d="M15.5 14h-.79l-.28-.27C15.41 12.59 16 11.11 16 9.5 16 5.91 13.09 3 9.5 3S3 5.91 3 9.5 5.91 16 9.5 16c1.61 0 3.09-.59 4.23-1.57l.27.28v.79l5 4.99L20.49 19zm-6 0C7.01 14 5 11.99 5 9.5S7.01 5 9.5 5 14 7.01 14 9.5 11.99 14 9.5 14"
                  />
                </svg>
              </div>
              <input
                aria-invalid="false"
                class="MuiInputBase-input MuiOutlinedInput-input MuiInputBase-inputSizeSmall MuiInputBase-inputAdornedStart css-1ua80n0-MuiInputBase-input-MuiOutlinedInput-input"
                id=":rt:"
                placeholder="Search payments..."
                type="text"
                value=""
              />
              <fieldset
                aria-hidden="true"
                class="MuiOutlinedInput-notchedOutline css-r01yff-MuiNotchedOutlined-root-MuiOutlinedInput-notchedOutline"
              >
                <legend
                  class="css-1whs34k-MuiNotchedOutlined-root"
                >
                  <span
                    class="notranslate"
                  >
                    ​
                  </span>
                </legend>
              </fieldset>
            </div>
          </div>
        </div>
        <div
          class="MuiGrid-root MuiGrid-item MuiGrid-grid-xs-12 MuiGrid-grid-sm-6 MuiGrid-grid-md-3 css-10voxkt-MuiGrid-root"
        >
          <div
            class="MuiFormControl-root MuiFormControl-fullWidth css-q8hpuo-MuiFormControl-root"
          >
            <label
              class="MuiFormLabel-root MuiInputLabel-root MuiInputLabel-formControl MuiInputLabel-animated MuiInputLabel-shrink MuiInputLabel-sizeSmall MuiInputLabel-outlined MuiFormLabel-colorPrimary MuiFormLabel-filled MuiInputLabel-root MuiInputLabel-formControl MuiInputLabel-animated MuiInputLabel-shrink MuiInputLabel-sizeSmall MuiInputLabel-outlined css-fe0mau-MuiFormLabel-root-MuiInputLabel-root"
              data-shrink="true"
            >
              Status
            </label>
            <div
              class="MuiInputBase-root MuiOutlinedInput-root MuiInputBase-colorPrimary MuiInputBase-formControl MuiInputBase-sizeSmall css-13lg1x7-MuiInputBase-root-MuiOutlinedInput-root-MuiSelect-root"
            >
              <div
                aria-controls=":ru:"
                aria-expanded="false"
                aria-haspopup="listbox"
                class="MuiSelect-select MuiSelect-outlined MuiInputBase-input MuiOutlinedInput-input MuiInputBase-inputSizeSmall css-1fzjff4-MuiSelect-select-MuiInputBase-input-MuiOutlinedInput-input"
                role="combobox"
                tabindex="0"
              >
                All Statuses
              </div>
              <input
                aria-hidden="true"
                aria-invalid="false"
                class="MuiSelect-nativeInput css-yf8vq0-MuiSelect-nativeInput"
                tabindex="-1"
                value="all"
              />
              <svg
                aria-hidden="true"
                class="MuiSvgIcon-root MuiSvgIcon-fontSizeMedium MuiSelect-icon MuiSelect-iconOutlined css-hfutr2-MuiSvgIcon-root-MuiSelect-icon"
                data-testid="ArrowDropDownIcon"
                focusable="false"
                viewBox="0 0 24 24"
              >
                <path
                  d="M7 10l5 5 5-5z"
                />
              </svg>[...
 × src/test/timeTracking.test.tsx > TimeReport Component > should export report to CSV 20551ms
   → Found multiple elements with the text of: Start Date

Here are the matching elements:

Ignored nodes: comments, script, style
<input
  aria-invalid="false"
  class="MuiInputBase-input MuiOutlinedInput-input css-1t8l2tu-MuiInputBase-input-MuiOutlinedInput-input"
  id=":r75:"
  type="date"
  value=""
/>

Ignored nodes: comments, script, style
<input
  aria-invalid="false"
  class="MuiInputBase-input MuiOutlinedInput-input css-1t8l2tu-MuiInputBase-input-MuiOutlinedInput-input"
  id=":r77:"
  type="date"
  value=""
/>

Ignored nodes: comments, script, style
<input
  aria-invalid="false"
  class="MuiInputBase-input MuiOutlinedInput-input css-1t8l2tu-MuiInputBase-input-MuiOutlinedInput-input"
  id=":r79:"
  type="date"
  value=""
/>

(If this is intentional, then use the `*AllBy*` variant of the query (like `queryAllByText`, `getAllByText`, or `findAllByText`)).

Ignored nodes: comments, script, style
<body
  style="padding-right: 1024px; overflow: hidden;"
>
  <div
    aria-hidden="true"
  >
    <div
      class="MuiBox-root css-0"
    >
      <div
        class="MuiBox-root css-i3pbo"
      >
        <h5
          class="MuiTypography-root MuiTypography-h5 MuiTypography-gutterBottom css-1hkf4sh-MuiTypography-root"
        >
          Payment History
        </h5>
        <p
          class="MuiTypography-root MuiTypography-body2 css-xtz2xu-MuiTypography-root"
        >
          1
           payment
           found
        </p>
      </div>
      <div
        class="MuiGrid-root MuiGrid-container MuiGrid-spacing-xs-2 css-12rc5ck-MuiGrid-root"
      >
        <div
          class="MuiGrid-root MuiGrid-item MuiGrid-grid-xs-12 MuiGrid-grid-sm-6 MuiGrid-grid-md-3 css-10voxkt-MuiGrid-root"
        >
          <div
            class="MuiFormControl-root MuiFormControl-fullWidth MuiTextField-root css-18hear-MuiFormControl-root-MuiTextField-root"
          >
            <div
              class="MuiInputBase-root MuiOutlinedInput-root MuiInputBase-colorPrimary MuiInputBase-fullWidth MuiInputBase-formControl MuiInputBase-sizeSmall MuiInputBase-adornedStart css-1cj7mpt-MuiInputBase-root-MuiOutlinedInput-root"
            >
              <div
                class="MuiInputAdornment-root MuiInputAdornment-positionStart MuiInputAdornment-outlined MuiInputAdornment-sizeSmall css-ittuaa-MuiInputAdornment-root"
              >
                <span
                  class="notranslate"
                >
                  ​
                </span>
                <svg
                  aria-hidden="true"
                  class="MuiSvgIcon-root MuiSvgIcon-fontSizeMedium css-i4bv87-MuiSvgIcon-root"
                  data-testid="SearchIcon"
                  focusable="false"
                  viewBox="0 0 24 24"
                >
                  <path
                    d="M15.5 14h-.79l-.28-.27C15.41 12.59 16 11.11 16 9.5 16 5.91 13.09 3 9.5 3S3 5.91 3 9.5 5.91 16 9.5 16c1.61 0 3.09-.59 4.23-1.57l.27.28v.79l5 4.99L20.49 19zm-6 0C7.01 14 5 11.99 5 9.5S7.01 5 9.5 5 14 7.01 14 9.5 11.99 14 9.5 14"
                  />
                </svg>
              </div>
              <input
                aria-invalid="false"
                class="MuiInputBase-input MuiOutlinedInput-input MuiInputBase-inputSizeSmall MuiInputBase-inputAdornedStart css-1ua80n0-MuiInputBase-input-MuiOutlinedInput-input"
                id=":rt:"
                placeholder="Search payments..."
                type="text"
                value=""
              />
              <fieldset
                aria-hidden="true"
                class="MuiOutlinedInput-notchedOutline css-r01yff-MuiNotchedOutlined-root-MuiOutlinedInput-notchedOutline"
              >
                <legend
                  class="css-1whs34k-MuiNotchedOutlined-root"
                >
                  <span
                    class="notranslate"
                  >
                    ​
                  </span>
                </legend>
              </fieldset>
            </div>
          </div>
        </div>
        <div
          class="MuiGrid-root MuiGrid-item MuiGrid-grid-xs-12 MuiGrid-grid-sm-6 MuiGrid-grid-md-3 css-10voxkt-MuiGrid-root"
        >
          <div
            class="MuiFormControl-root MuiFormControl-fullWidth css-q8hpuo-MuiFormControl-root"
          >
            <label
              class="MuiFormLabel-root MuiInputLabel-root MuiInputLabel-formControl MuiInputLabel-animated MuiInputLabel-shrink MuiInputLabel-sizeSmall MuiInputLabel-outlined MuiFormLabel-colorPrimary MuiFormLabel-filled MuiInputLabel-root MuiInputLabel-formControl MuiInputLabel-animated MuiInputLabel-shrink MuiInputLabel-sizeSmall MuiInputLabel-outlined css-fe0mau-MuiFormLabel-root-MuiInputLabel-root"
              data-shrink="true"
            >
              Status
            </label>
            <div
              class="MuiInputBase-root MuiOutlinedInput-root MuiInputBase-colorPrimary MuiInputBase-formControl MuiInputBase-sizeSmall css-13lg1x7-MuiInputBase-root-MuiOutlinedInput-root-MuiSelect-root"
            >
              <div
                aria-controls=":ru:"
                aria-expanded="false"
                aria-haspopup="listbox"
                class="MuiSelect-select MuiSelect-outlined MuiInputBase-input MuiOutlinedInput-input MuiInputBase-inputSizeSmall css-1fzjff4-MuiSelect-select-MuiInputBase-input-MuiOutlinedInput-input"
                role="combobox"
                tabindex="0"
              >
                All Statuses
              </div>
              <input
                aria-hidden="true"
                aria-invalid="false"
                class="MuiSelect-nativeInput css-yf8vq0-MuiSelect-nativeInput"
                tabindex="-1"
                value="all"
              />
              <svg
                aria-hidden="true"
                class="MuiSvgIcon-root MuiSvgIcon-fontSizeMedium MuiSelect-icon MuiSelect-iconOutlined css-hfutr2-MuiSvgIcon-root-MuiSelect-icon"
                data-testid="ArrowDropDownIcon"
                focusable="false"
                viewBox="0 0 24 24"
              >
                <path
                  d="M7 10l5 5 5-5z"
                />
              </svg>[...
 ❯ src/test/profile.test.tsx  (16 tests | 10 failed) 41070ms
   ❯ src/test/profile.test.tsx > Profile Components > ProfileHeader > renders user information correctly
     → Found multiple elements with the text: Full Stack Developer

Here are the matching elements:

Ignored nodes: comments, script, style
<p
  class="MuiTypography-root MuiTypography-body2 css-xtz2xu-MuiTypography-root"
>
  Full Stack Developer
</p>

Ignored nodes: comments, script, style
<p
  class="MuiTypography-root MuiTypography-body2 css-xtz2xu-MuiTypography-root"
>
  Full Stack Developer
</p>

Ignored nodes: comments, script, style
<p
  class="MuiTypography-root MuiTypography-body2 css-xtz2xu-MuiTypography-root"
>
  Full Stack Developer
</p>

Ignored nodes: comments, script, style
<p
  class="MuiTypography-root MuiTypography-body2 MuiTypography-gutterBottom css-141jttu-MuiTypography-root"
>
  Full Stack Developer
</p>

Ignored nodes: comments, script, style
<p
  class="MuiTypography-root MuiTypography-body2 MuiTypography-gutterBottom css-141jttu-MuiTypography-root"
>
  Full Stack Developer
</p>

Ignored nodes: comments, script, style
<p
  class="MuiTypography-root MuiTypography-body2 MuiTypography-gutterBottom css-141jttu-MuiTypography-root"
>
  Full Stack Developer
</p>

Ignored nodes: comments, script, style
<h6
  class="MuiTypography-root MuiTypography-h6 MuiTypography-gutterBottom css-137rogq-MuiTypography-root"
>
  Full Stack Developer
</h6>

(If this is intentional, then use the `*AllBy*` variant of the query (like `queryAllByText`, `getAllByText`, or `findAllByText`)).

Ignored nodes: comments, script, style
<body
  style="padding-right: 1024px; overflow: hidden;"
>
  <div
    aria-hidden="true"
  >
    <div
      class="MuiBox-root css-0"
    >
      <div
        class="MuiBox-root css-i3pbo"
      >
        <h5
          class="MuiTypography-root MuiTypography-h5 MuiTypography-gutterBottom css-1hkf4sh-MuiTypography-root"
        >
          Payment History
        </h5>
        <p
          class="MuiTypography-root MuiTypography-body2 css-xtz2xu-MuiTypography-root"
        >
          1
           payment
           found
        </p>
      </div>
      <div
        class="MuiGrid-root MuiGrid-container MuiGrid-spacing-xs-2 css-12rc5ck-MuiGrid-root"
      >
        <div
          class="MuiGrid-root MuiGrid-item MuiGrid-grid-xs-12 MuiGrid-grid-sm-6 MuiGrid-grid-md-3 css-10voxkt-MuiGrid-root"
        >
          <div
            class="MuiFormControl-root MuiFormControl-fullWidth MuiTextField-root css-18hear-MuiFormControl-root-MuiTextField-root"
          >
            <div
              class="MuiInputBase-root MuiOutlinedInput-root MuiInputBase-colorPrimary MuiInputBase-fullWidth MuiInputBase-formControl MuiInputBase-sizeSmall MuiInputBase-adornedStart css-1cj7mpt-MuiInputBase-root-MuiOutlinedInput-root"
            >
              <div
                class="MuiInputAdornment-root MuiInputAdornment-positionStart MuiInputAdornment-outlined MuiInputAdornment-sizeSmall css-ittuaa-MuiInputAdornment-root"
              >
                <span
                  class="notranslate"
                >
                  ​
                </span>
                <svg
                  aria-hidden="true"
                  class="MuiSvgIcon-root MuiSvgIcon-fontSizeMedium css-i4bv87-MuiSvgIcon-root"
                  data-testid="SearchIcon"
                  focusable="false"
                  viewBox="0 0 24 24"
                >
                  <path
                    d="M15.5 14h-.79l-.28-.27C15.41 12.59 16 11.11 16 9.5 16 5.91 13.09 3 9.5 3S3 5.91 3 9.5 5.91 16 9.5 16c1.61 0 3.09-.59 4.23-1.57l.27.28v.79l5 4.99L20.49 19zm-6 0C7.01 14 5 11.99 5 9.5S7.01 5 9.5 5 14 7.01 14 9.5 11.99 14 9.5 14"
                  />
                </svg>
              </div>
              <input
                aria-invalid="false"
                class="MuiInputBase-input MuiOutlinedInput-input MuiInputBase-inputSizeSmall MuiInputBase-inputAdornedStart css-1ua80n0-MuiInputBase-input-MuiOutlinedInput-input"
                id=":rt:"
                placeholder="Search payments..."
                type="text"
                value=""
              />
              <fieldset
                aria-hidden="true"
                class="MuiOutlinedInput-notchedOutline css-r01yff-MuiNotchedOutlined-root-MuiOutlinedInput-notchedOutline"
              >
                <legend
                  class="css-1whs34k-MuiNotchedOutlined-root"
                >
                  <span
                    class="notranslate"
                  >
                    ​
                  </span>
                </legend>
              </fieldset>
            </div>
          </div>
        </div>
        <div
          class="MuiGrid-root MuiGrid-item MuiGrid-grid-xs-12 MuiGrid-grid-sm-6 MuiGrid-grid-md-3 css-10voxkt-MuiGrid-root"
        >
          <div
            class="MuiFormControl-root MuiFormControl-fullWidth css-q8hpuo-MuiFormControl-root"
          >
            <label
              class="MuiFormLabel-root MuiInputLabel-root MuiInputLabel-formControl MuiInputLabel-animated MuiInputLabel-shrink MuiInputLabel-sizeSmall MuiInputLabel-outlined MuiFormLabel-colorPrimary MuiFormLabel-filled MuiInputLabel-root MuiInputLabel-formControl MuiInputLabel-animated MuiInputLabel-shrink MuiInputLabel-sizeSmall MuiInputLabel-outlined css-fe0mau-MuiFormLabel-root-MuiInputLabel-root"
              data-shrink="true"
            >
              Status
            </label>
            <div
              class="MuiInputBase-root MuiOutlinedInput-root MuiInputBase-colorPrimary MuiInputBase-formControl MuiInputBase-sizeSmall css-13lg1x7-MuiInputBase-root-MuiOutlinedInput-root-MuiSelect-root"
            >
              <div
                aria-controls=":ru:"
                aria-expanded="false"
                aria-haspopup="listbox"
                class="MuiSelect-select MuiSelect-outlined MuiInputBase-input MuiOutlinedInput-input MuiInputBase-inputSizeSmall css-1fzjff4-MuiSelect-select-MuiInputBase-input-MuiOutlinedInput-input"
                role="combobox"
                tabindex="0"
              >
                All Statuses
              </div>
              <input
                aria-hidden="true"
                aria-invalid="false"
                class="MuiSelect-nativeInput css-yf8vq0-MuiSelect-nativeInput"
                tabindex="-1"
                value="all"
              />
              <svg
                aria-hidden="true"
                class="MuiSvgIcon-root MuiSvgIcon-fontSizeMedium MuiSelect-icon MuiSelect-iconOutlined css-hfutr2-MuiSvgIcon-root-MuiSelect-icon"
                data-testid="ArrowDropDownIcon"
                focusable="false"
                viewBox="0 0 24 24"
              >
                <path
                  d="M7 10l5 5 5-5z"
                />
              </svg>[...
   ❯ src/test/profile.test.tsx > Profile Components > ProfileHeader > shows profile completeness for own profile
     → Found multiple elements with the text: Profile Completeness

Here are the matching elements:

Ignored nodes: comments, script, style
<p
  class="MuiTypography-root MuiTypography-body2 css-r40f8v-MuiTypography-root"
>
  Profile Completeness
</p>

Ignored nodes: comments, script, style
<p
  class="MuiTypography-root MuiTypography-body2 css-r40f8v-MuiTypography-root"
>
  Profile Completeness
</p>

(If this is intentional, then use the `*AllBy*` variant of the query (like `queryAllByText`, `getAllByText`, or `findAllByText`)).

Ignored nodes: comments, script, style
<body
  style="padding-right: 1024px; overflow: hidden;"
>
  <div
    aria-hidden="true"
  >
    <div
      class="MuiBox-root css-0"
    >
      <div
        class="MuiBox-root css-i3pbo"
      >
        <h5
          class="MuiTypography-root MuiTypography-h5 MuiTypography-gutterBottom css-1hkf4sh-MuiTypography-root"
        >
          Payment History
        </h5>
        <p
          class="MuiTypography-root MuiTypography-body2 css-xtz2xu-MuiTypography-root"
        >
          1
           payment
           found
        </p>
      </div>
      <div
        class="MuiGrid-root MuiGrid-container MuiGrid-spacing-xs-2 css-12rc5ck-MuiGrid-root"
      >
        <div
          class="MuiGrid-root MuiGrid-item MuiGrid-grid-xs-12 MuiGrid-grid-sm-6 MuiGrid-grid-md-3 css-10voxkt-MuiGrid-root"
        >
          <div
            class="MuiFormControl-root MuiFormControl-fullWidth MuiTextField-root css-18hear-MuiFormControl-root-MuiTextField-root"
          >
            <div
              class="MuiInputBase-root MuiOutlinedInput-root MuiInputBase-colorPrimary MuiInputBase-fullWidth MuiInputBase-formControl MuiInputBase-sizeSmall MuiInputBase-adornedStart css-1cj7mpt-MuiInputBase-root-MuiOutlinedInput-root"
            >
              <div
                class="MuiInputAdornment-root MuiInputAdornment-positionStart MuiInputAdornment-outlined MuiInputAdornment-sizeSmall css-ittuaa-MuiInputAdornment-root"
              >
                <span
                  class="notranslate"
                >
                  ​
                </span>
                <svg
                  aria-hidden="true"
                  class="MuiSvgIcon-root MuiSvgIcon-fontSizeMedium css-i4bv87-MuiSvgIcon-root"
                  data-testid="SearchIcon"
                  focusable="false"
                  viewBox="0 0 24 24"
                >
                  <path
                    d="M15.5 14h-.79l-.28-.27C15.41 12.59 16 11.11 16 9.5 16 5.91 13.09 3 9.5 3S3 5.91 3 9.5 5.91 16 9.5 16c1.61 0 3.09-.59 4.23-1.57l.27.28v.79l5 4.99L20.49 19zm-6 0C7.01 14 5 11.99 5 9.5S7.01 5 9.5 5 14 7.01 14 9.5 11.99 14 9.5 14"
                  />
                </svg>
              </div>
              <input
                aria-invalid="false"
                class="MuiInputBase-input MuiOutlinedInput-input MuiInputBase-inputSizeSmall MuiInputBase-inputAdornedStart css-1ua80n0-MuiInputBase-input-MuiOutlinedInput-input"
                id=":rt:"
                placeholder="Search payments..."
                type="text"
                value=""
              />
              <fieldset
                aria-hidden="true"
                class="MuiOutlinedInput-notchedOutline css-r01yff-MuiNotchedOutlined-root-MuiOutlinedInput-notchedOutline"
              >
                <legend
                  class="css-1whs34k-MuiNotchedOutlined-root"
                >
                  <span
                    class="notranslate"
                  >
                    ​
                  </span>
                </legend>
              </fieldset>
            </div>
          </div>
        </div>
        <div
          class="MuiGrid-root MuiGrid-item MuiGrid-grid-xs-12 MuiGrid-grid-sm-6 MuiGrid-grid-md-3 css-10voxkt-MuiGrid-root"
        >
          <div
            class="MuiFormControl-root MuiFormControl-fullWidth css-q8hpuo-MuiFormControl-root"
          >
            <label
              class="MuiFormLabel-root MuiInputLabel-root MuiInputLabel-formControl MuiInputLabel-animated MuiInputLabel-shrink MuiInputLabel-sizeSmall MuiInputLabel-outlined MuiFormLabel-colorPrimary MuiFormLabel-filled MuiInputLabel-root MuiInputLabel-formControl MuiInputLabel-animated MuiInputLabel-shrink MuiInputLabel-sizeSmall MuiInputLabel-outlined css-fe0mau-MuiFormLabel-root-MuiInputLabel-root"
              data-shrink="true"
            >
              Status
            </label>
            <div
              class="MuiInputBase-root MuiOutlinedInput-root MuiInputBase-colorPrimary MuiInputBase-formControl MuiInputBase-sizeSmall css-13lg1x7-MuiInputBase-root-MuiOutlinedInput-root-MuiSelect-root"
            >
              <div
                aria-controls=":ru:"
                aria-expanded="false"
                aria-haspopup="listbox"
                class="MuiSelect-select MuiSelect-outlined MuiInputBase-input MuiOutlinedInput-input MuiInputBase-inputSizeSmall css-1fzjff4-MuiSelect-select-MuiInputBase-input-MuiOutlinedInput-input"
                role="combobox"
                tabindex="0"
              >
                All Statuses
              </div>
              <input
                aria-hidden="true"
                aria-invalid="false"
                class="MuiSelect-nativeInput css-yf8vq0-MuiSelect-nativeInput"
                tabindex="-1"
                value="all"
              />
              <svg
                aria-hidden="true"
                class="MuiSvgIcon-root MuiSvgIcon-fontSizeMedium MuiSelect-icon MuiSelect-iconOutlined css-hfutr2-MuiSvgIcon-root-MuiSelect-icon"
                data-testid="ArrowDropDownIcon"
                focusable="false"
                viewBox="0 0 24 24"
              >
                <path
                  d="M7 10l5 5 5-5z"
                />
              </svg>[...
   ❯ src/test/profile.test.tsx > Profile Components > ProfileHeader > displays availability status correctly
     → Found multiple elements with the text: Available for work

Here are the matching elements:

Ignored nodes: comments, script, style
<span
  class="MuiChip-label MuiChip-labelSmall css-wjsjww-MuiChip-label"
>
  Available for work
</span>

Ignored nodes: comments, script, style
<span
  class="MuiChip-label MuiChip-labelSmall css-wjsjww-MuiChip-label"
>
  Available for work
</span>

Ignored nodes: comments, script, style
<span
  class="MuiChip-label MuiChip-labelSmall css-wjsjww-MuiChip-label"
>
  Available for work
</span>

Ignored nodes: comments, script, style
<span
  class="MuiChip-label MuiChip-labelSmall css-wjsjww-MuiChip-label"
>
  Available for work
</span>

(If this is intentional, then use the `*AllBy*` variant of the query (like `queryAllByText`, `getAllByText`, or `findAllByText`)).

Ignored nodes: comments, script, style
<body
  style="padding-right: 1024px; overflow: hidden;"
>
  <div
    aria-hidden="true"
  >
    <div
      class="MuiBox-root css-0"
    >
      <div
        class="MuiBox-root css-i3pbo"
      >
        <h5
          class="MuiTypography-root MuiTypography-h5 MuiTypography-gutterBottom css-1hkf4sh-MuiTypography-root"
        >
          Payment History
        </h5>
        <p
          class="MuiTypography-root MuiTypography-body2 css-xtz2xu-MuiTypography-root"
        >
          1
           payment
           found
        </p>
      </div>
      <div
        class="MuiGrid-root MuiGrid-container MuiGrid-spacing-xs-2 css-12rc5ck-MuiGrid-root"
      >
        <div
          class="MuiGrid-root MuiGrid-item MuiGrid-grid-xs-12 MuiGrid-grid-sm-6 MuiGrid-grid-md-3 css-10voxkt-MuiGrid-root"
        >
          <div
            class="MuiFormControl-root MuiFormControl-fullWidth MuiTextField-root css-18hear-MuiFormControl-root-MuiTextField-root"
          >
            <div
              class="MuiInputBase-root MuiOutlinedInput-root MuiInputBase-colorPrimary MuiInputBase-fullWidth MuiInputBase-formControl MuiInputBase-sizeSmall MuiInputBase-adornedStart css-1cj7mpt-MuiInputBase-root-MuiOutlinedInput-root"
            >
              <div
                class="MuiInputAdornment-root MuiInputAdornment-positionStart MuiInputAdornment-outlined MuiInputAdornment-sizeSmall css-ittuaa-MuiInputAdornment-root"
              >
                <span
                  class="notranslate"
                >
                  ​
                </span>
                <svg
                  aria-hidden="true"
                  class="MuiSvgIcon-root MuiSvgIcon-fontSizeMedium css-i4bv87-MuiSvgIcon-root"
                  data-testid="SearchIcon"
                  focusable="false"
                  viewBox="0 0 24 24"
                >
                  <path
                    d="M15.5 14h-.79l-.28-.27C15.41 12.59 16 11.11 16 9.5 16 5.91 13.09 3 9.5 3S3 5.91 3 9.5 5.91 16 9.5 16c1.61 0 3.09-.59 4.23-1.57l.27.28v.79l5 4.99L20.49 19zm-6 0C7.01 14 5 11.99 5 9.5S7.01 5 9.5 5 14 7.01 14 9.5 11.99 14 9.5 14"
                  />
                </svg>
              </div>
              <input
                aria-invalid="false"
                class="MuiInputBase-input MuiOutlinedInput-input MuiInputBase-inputSizeSmall MuiInputBase-inputAdornedStart css-1ua80n0-MuiInputBase-input-MuiOutlinedInput-input"
                id=":rt:"
                placeholder="Search payments..."
                type="text"
                value=""
              />
              <fieldset
                aria-hidden="true"
                class="MuiOutlinedInput-notchedOutline css-r01yff-MuiNotchedOutlined-root-MuiOutlinedInput-notchedOutline"
              >
                <legend
                  class="css-1whs34k-MuiNotchedOutlined-root"
                >
                  <span
                    class="notranslate"
                  >
                    ​
                  </span>
                </legend>
              </fieldset>
            </div>
          </div>
        </div>
        <div
          class="MuiGrid-root MuiGrid-item MuiGrid-grid-xs-12 MuiGrid-grid-sm-6 MuiGrid-grid-md-3 css-10voxkt-MuiGrid-root"
        >
          <div
            class="MuiFormControl-root MuiFormControl-fullWidth css-q8hpuo-MuiFormControl-root"
          >
            <label
              class="MuiFormLabel-root MuiInputLabel-root MuiInputLabel-formControl MuiInputLabel-animated MuiInputLabel-shrink MuiInputLabel-sizeSmall MuiInputLabel-outlined MuiFormLabel-colorPrimary MuiFormLabel-filled MuiInputLabel-root MuiInputLabel-formControl MuiInputLabel-animated MuiInputLabel-shrink MuiInputLabel-sizeSmall MuiInputLabel-outlined css-fe0mau-MuiFormLabel-root-MuiInputLabel-root"
              data-shrink="true"
            >
              Status
            </label>
            <div
              class="MuiInputBase-root MuiOutlinedInput-root MuiInputBase-colorPrimary MuiInputBase-formControl MuiInputBase-sizeSmall css-13lg1x7-MuiInputBase-root-MuiOutlinedInput-root-MuiSelect-root"
            >
              <div
                aria-controls=":ru:"
                aria-expanded="false"
                aria-haspopup="listbox"
                class="MuiSelect-select MuiSelect-outlined MuiInputBase-input MuiOutlinedInput-input MuiInputBase-inputSizeSmall css-1fzjff4-MuiSelect-select-MuiInputBase-input-MuiOutlinedInput-input"
                role="combobox"
                tabindex="0"
              >
                All Statuses
              </div>
              <input
                aria-hidden="true"
                aria-invalid="false"
                class="MuiSelect-nativeInput css-yf8vq0-MuiSelect-nativeInput"
                tabindex="-1"
                value="all"
              />
              <svg
                aria-hidden="true"
                class="MuiSvgIcon-root MuiSvgIcon-fontSizeMedium MuiSelect-icon MuiSelect-iconOutlined css-hfutr2-MuiSvgIcon-root-MuiSelect-icon"
                data-testid="ArrowDropDownIcon"
                focusable="false"
                viewBox="0 0 24 24"
              >
                <path
                  d="M7 10l5 5 5-5z"
                />
              </svg>[...
   ❯ src/test/profile.test.tsx > Profile Components > ProfileHeader > shows hourly rate for freelancers
     → Found multiple elements with the text: $50/hour

Here are the matching elements:

Ignored nodes: comments, script, style
<h5
  class="MuiTypography-root MuiTypography-h5 css-1invrju-MuiTypography-root"
>
  $
  50
  /hour
</h5>

Ignored nodes: comments, script, style
<h5
  class="MuiTypography-root MuiTypography-h5 css-1invrju-MuiTypography-root"
>
  $
  50
  /hour
</h5>

Ignored nodes: comments, script, style
<h5
  class="MuiTypography-root MuiTypography-h5 css-1invrju-MuiTypography-root"
>
  $
  50
  /hour
</h5>

Ignored nodes: comments, script, style
<h5
  class="MuiTypography-root MuiTypography-h5 css-1invrju-MuiTypography-root"
>
  $
  50
  /hour
</h5>

Ignored nodes: comments, script, style
<h5
  class="MuiTypography-root MuiTypography-h5 css-1invrju-MuiTypography-root"
>
  $
  50
  /hour
</h5>

(If this is intentional, then use the `*AllBy*` variant of the query (like `queryAllByText`, `getAllByText`, or `findAllByText`)).

Ignored nodes: comments, script, style
<body
  style="padding-right: 1024px; overflow: hidden;"
>
  <div
    aria-hidden="true"
  >
    <div
      class="MuiBox-root css-0"
    >
      <div
        class="MuiBox-root css-i3pbo"
      >
        <h5
          class="MuiTypography-root MuiTypography-h5 MuiTypography-gutterBottom css-1hkf4sh-MuiTypography-root"
        >
          Payment History
        </h5>
        <p
          class="MuiTypography-root MuiTypography-body2 css-xtz2xu-MuiTypography-root"
        >
          1
           payment
           found
        </p>
      </div>
      <div
        class="MuiGrid-root MuiGrid-container MuiGrid-spacing-xs-2 css-12rc5ck-MuiGrid-root"
      >
        <div
          class="MuiGrid-root MuiGrid-item MuiGrid-grid-xs-12 MuiGrid-grid-sm-6 MuiGrid-grid-md-3 css-10voxkt-MuiGrid-root"
        >
          <div
            class="MuiFormControl-root MuiFormControl-fullWidth MuiTextField-root css-18hear-MuiFormControl-root-MuiTextField-root"
          >
            <div
              class="MuiInputBase-root MuiOutlinedInput-root MuiInputBase-colorPrimary MuiInputBase-fullWidth MuiInputBase-formControl MuiInputBase-sizeSmall MuiInputBase-adornedStart css-1cj7mpt-MuiInputBase-root-MuiOutlinedInput-root"
            >
              <div
                class="MuiInputAdornment-root MuiInputAdornment-positionStart MuiInputAdornment-outlined MuiInputAdornment-sizeSmall css-ittuaa-MuiInputAdornment-root"
              >
                <span
                  class="notranslate"
                >
                  ​
                </span>
                <svg
                  aria-hidden="true"
                  class="MuiSvgIcon-root MuiSvgIcon-fontSizeMedium css-i4bv87-MuiSvgIcon-root"
                  data-testid="SearchIcon"
                  focusable="false"
                  viewBox="0 0 24 24"
                >
                  <path
                    d="M15.5 14h-.79l-.28-.27C15.41 12.59 16 11.11 16 9.5 16 5.91 13.09 3 9.5 3S3 5.91 3 9.5 5.91 16 9.5 16c1.61 0 3.09-.59 4.23-1.57l.27.28v.79l5 4.99L20.49 19zm-6 0C7.01 14 5 11.99 5 9.5S7.01 5 9.5 5 14 7.01 14 9.5 11.99 14 9.5 14"
                  />
                </svg>
              </div>
              <input
                aria-invalid="false"
                class="MuiInputBase-input MuiOutlinedInput-input MuiInputBase-inputSizeSmall MuiInputBase-inputAdornedStart css-1ua80n0-MuiInputBase-input-MuiOutlinedInput-input"
                id=":rt:"
                placeholder="Search payments..."
                type="text"
                value=""
              />
              <fieldset
                aria-hidden="true"
                class="MuiOutlinedInput-notchedOutline css-r01yff-MuiNotchedOutlined-root-MuiOutlinedInput-notchedOutline"
              >
                <legend
                  class="css-1whs34k-MuiNotchedOutlined-root"
                >
                  <span
                    class="notranslate"
                  >
                    ​
                  </span>
                </legend>
              </fieldset>
            </div>
          </div>
        </div>
        <div
          class="MuiGrid-root MuiGrid-item MuiGrid-grid-xs-12 MuiGrid-grid-sm-6 MuiGrid-grid-md-3 css-10voxkt-MuiGrid-root"
        >
          <div
            class="MuiFormControl-root MuiFormControl-fullWidth css-q8hpuo-MuiFormControl-root"
          >
            <label
              class="MuiFormLabel-root MuiInputLabel-root MuiInputLabel-formControl MuiInputLabel-animated MuiInputLabel-shrink MuiInputLabel-sizeSmall MuiInputLabel-outlined MuiFormLabel-colorPrimary MuiFormLabel-filled MuiInputLabel-root MuiInputLabel-formControl MuiInputLabel-animated MuiInputLabel-shrink MuiInputLabel-sizeSmall MuiInputLabel-outlined css-fe0mau-MuiFormLabel-root-MuiInputLabel-root"
              data-shrink="true"
            >
              Status
            </label>
            <div
              class="MuiInputBase-root MuiOutlinedInput-root MuiInputBase-colorPrimary MuiInputBase-formControl MuiInputBase-sizeSmall css-13lg1x7-MuiInputBase-root-MuiOutlinedInput-root-MuiSelect-root"
            >
              <div
                aria-controls=":ru:"
                aria-expanded="false"
                aria-haspopup="listbox"
                class="MuiSelect-select MuiSelect-outlined MuiInputBase-input MuiOutlinedInput-input MuiInputBase-inputSizeSmall css-1fzjff4-MuiSelect-select-MuiInputBase-input-MuiOutlinedInput-input"
                role="combobox"
                tabindex="0"
              >
                All Statuses
              </div>
              <input
                aria-hidden="true"
                aria-invalid="false"
                class="MuiSelect-nativeInput css-yf8vq0-MuiSelect-nativeInput"
                tabindex="-1"
                value="all"
              />
              <svg
                aria-hidden="true"
                class="MuiSvgIcon-root MuiSvgIcon-fontSizeMedium MuiSelect-icon MuiSelect-iconOutlined css-hfutr2-MuiSvgIcon-root-MuiSelect-icon"
                data-testid="ArrowDropDownIcon"
                focusable="false"
                viewBox="0 0 24 24"
              >
                <path
                  d="M7 10l5 5 5-5z"
                />
              </svg>[...
   ❯ src/test/profile.test.tsx > Profile Components > SkillsManager > displays skills correctly
     → Found multiple elements with the text: React

Here are the matching elements:

Ignored nodes: comments, script, style
<span
  class="MuiChip-label MuiChip-labelSmall css-rrn746-MuiChip-label"
>
  React
</span>

Ignored nodes: comments, script, style
<span
  class="MuiChip-label MuiChip-labelSmall css-rrn746-MuiChip-label"
>
  React
</span>

Ignored nodes: comments, script, style
<span
  class="MuiChip-label MuiChip-labelSmall css-rrn746-MuiChip-label"
>
  React
</span>

Ignored nodes: comments, script, style
<span
  class="MuiChip-label MuiChip-labelSmall css-rrn746-MuiChip-label"
>
  React
</span>

Ignored nodes: comments, script, style
<span
  class="MuiChip-label MuiChip-labelSmall css-rrn746-MuiChip-label"
>
  React
</span>

Ignored nodes: comments, script, style
<span
  class="MuiChip-label MuiChip-labelSmall css-rrn746-MuiChip-label"
>
  React
</span>

Ignored nodes: comments, script, style
<span
  class="MuiChip-label MuiChip-labelSmall css-rrn746-MuiChip-label"
>
  React
</span>

Ignored nodes: comments, script, style
<span
  class="MuiChip-label MuiChip-labelSmall css-rrn746-MuiChip-label"
>
  React
</span>

Ignored nodes: comments, script, style
<span
  class="MuiChip-label MuiChip-labelSmall css-rrn746-MuiChip-label"
>
  React
</span>

Ignored nodes: comments, script, style
<span
  class="MuiChip-label MuiChip-labelSmall css-rrn746-MuiChip-label"
>
  React
</span>

Ignored nodes: comments, script, style
<span
  class="MuiChip-label MuiChip-labelSmall css-rrn746-MuiChip-label"
>
  React
</span>

Ignored nodes: comments, script, style
<span
  class="MuiChip-label MuiChip-labelSmall css-rrn746-MuiChip-label"
>
  React
</span>

Ignored nodes: comments, script, style
<span
  class="MuiChip-label MuiChip-labelSmall css-rrn746-MuiChip-label"
>
  React
</span>

Ignored nodes: comments, script, style
<span>
  React
</span>

(If this is intentional, then use the `*AllBy*` variant of the query (like `queryAllByText`, `getAllByText`, or `findAllByText`)).

Ignored nodes: comments, script, style
<body
  style="padding-right: 1024px; overflow: hidden;"
>
  <div
    aria-hidden="true"
  >
    <div
      class="MuiBox-root css-0"
    >
      <div
        class="MuiBox-root css-i3pbo"
      >
        <h5
          class="MuiTypography-root MuiTypography-h5 MuiTypography-gutterBottom css-1hkf4sh-MuiTypography-root"
        >
          Payment History
        </h5>
        <p
          class="MuiTypography-root MuiTypography-body2 css-xtz2xu-MuiTypography-root"
        >
          1
           payment
           found
        </p>
      </div>
      <div
        class="MuiGrid-root MuiGrid-container MuiGrid-spacing-xs-2 css-12rc5ck-MuiGrid-root"
      >
        <div
          class="MuiGrid-root MuiGrid-item MuiGrid-grid-xs-12 MuiGrid-grid-sm-6 MuiGrid-grid-md-3 css-10voxkt-MuiGrid-root"
        >
          <div
            class="MuiFormControl-root MuiFormControl-fullWidth MuiTextField-root css-18hear-MuiFormControl-root-MuiTextField-root"
          >
            <div
              class="MuiInputBase-root MuiOutlinedInput-root MuiInputBase-colorPrimary MuiInputBase-fullWidth MuiInputBase-formControl MuiInputBase-sizeSmall MuiInputBase-adornedStart css-1cj7mpt-MuiInputBase-root-MuiOutlinedInput-root"
            >
              <div
                class="MuiInputAdornment-root MuiInputAdornment-positionStart MuiInputAdornment-outlined MuiInputAdornment-sizeSmall css-ittuaa-MuiInputAdornment-root"
              >
                <span
                  class="notranslate"
                >
                  ​
                </span>
                <svg
                  aria-hidden="true"
                  class="MuiSvgIcon-root MuiSvgIcon-fontSizeMedium css-i4bv87-MuiSvgIcon-root"
                  data-testid="SearchIcon"
                  focusable="false"
                  viewBox="0 0 24 24"
                >
                  <path
                    d="M15.5 14h-.79l-.28-.27C15.41 12.59 16 11.11 16 9.5 16 5.91 13.09 3 9.5 3S3 5.91 3 9.5 5.91 16 9.5 16c1.61 0 3.09-.59 4.23-1.57l.27.28v.79l5 4.99L20.49 19zm-6 0C7.01 14 5 11.99 5 9.5S7.01 5 9.5 5 14 7.01 14 9.5 11.99 14 9.5 14"
                  />
                </svg>
              </div>
              <input
                aria-invalid="false"
                class="MuiInputBase-input MuiOutlinedInput-input MuiInputBase-inputSizeSmall MuiInputBase-inputAdornedStart css-1ua80n0-MuiInputBase-input-MuiOutlinedInput-input"
                id=":rt:"
                placeholder="Search payments..."
                type="text"
                value=""
              />
              <fieldset
                aria-hidden="true"
                class="MuiOutlinedInput-notchedOutline css-r01yff-MuiNotchedOutlined-root-MuiOutlinedInput-notchedOutline"
              >
                <legend
                  class="css-1whs34k-MuiNotchedOutlined-root"
                >
                  <span
                    class="notranslate"
                  >
                    ​
                  </span>
                </legend>
              </fieldset>
            </div>
          </div>
        </div>
        <div
          class="MuiGrid-root MuiGrid-item MuiGrid-grid-xs-12 MuiGrid-grid-sm-6 MuiGrid-grid-md-3 css-10voxkt-MuiGrid-root"
        >
          <div
            class="MuiFormControl-root MuiFormControl-fullWidth css-q8hpuo-MuiFormControl-root"
          >
            <label
              class="MuiFormLabel-root MuiInputLabel-root MuiInputLabel-formControl MuiInputLabel-animated MuiInputLabel-shrink MuiInputLabel-sizeSmall MuiInputLabel-outlined MuiFormLabel-colorPrimary MuiFormLabel-filled MuiInputLabel-root MuiInputLabel-formControl MuiInputLabel-animated MuiInputLabel-shrink MuiInputLabel-sizeSmall MuiInputLabel-outlined css-fe0mau-MuiFormLabel-root-MuiInputLabel-root"
              data-shrink="true"
            >
              Status
            </label>
            <div
              class="MuiInputBase-root MuiOutlinedInput-root MuiInputBase-colorPrimary MuiInputBase-formControl MuiInputBase-sizeSmall css-13lg1x7-MuiInputBase-root-MuiOutlinedInput-root-MuiSelect-root"
            >
              <div
                aria-controls=":ru:"
                aria-expanded="false"
                aria-haspopup="listbox"
                class="MuiSelect-select MuiSelect-outlined MuiInputBase-input MuiOutlinedInput-input MuiInputBase-inputSizeSmall css-1fzjff4-MuiSelect-select-MuiInputBase-input-MuiOutlinedInput-input"
                role="combobox"
                tabindex="0"
              >
                All Statuses
              </div>
              <input
                aria-hidden="true"
                aria-invalid="false"
                class="MuiSelect-nativeInput css-yf8vq0-MuiSelect-nativeInput"
                tabindex="-1"
                value="all"
              />
              <svg
                aria-hidden="true"
                class="MuiSvgIcon-root MuiSvgIcon-fontSizeMedium MuiSelect-icon MuiSelect-iconOutlined css-hfutr2-MuiSvgIcon-root-MuiSelect-icon"
                data-testid="ArrowDropDownIcon"
                focusable="false"
                viewBox="0 0 24 24"
              >
                <path
                  d="M7 10l5 5 5-5z"
                />
              </svg>[...
   ❯ src/test/profile.test.tsx > Profile Components > SkillsManager > shows skill rates when available
     → Found multiple elements with the text: /\$60\/hr/

Here are the matching elements:

Ignored nodes: comments, script, style
<span
  class="MuiBox-root css-1o5izto"
>
  $
  60
  /hr
</span>

Ignored nodes: comments, script, style
<span
  class="MuiBox-root css-1o5izto"
>
  $
  60
  /hr
</span>

(If this is intentional, then use the `*AllBy*` variant of the query (like `queryAllByText`, `getAllByText`, or `findAllByText`)).

Ignored nodes: comments, script, style
<body
  style="padding-right: 1024px; overflow: hidden;"
>
  <div
    aria-hidden="true"
  >
    <div
      class="MuiBox-root css-0"
    >
      <div
        class="MuiBox-root css-i3pbo"
      >
        <h5
          class="MuiTypography-root MuiTypography-h5 MuiTypography-gutterBottom css-1hkf4sh-MuiTypography-root"
        >
          Payment History
        </h5>
        <p
          class="MuiTypography-root MuiTypography-body2 css-xtz2xu-MuiTypography-root"
        >
          1
           payment
           found
        </p>
      </div>
      <div
        class="MuiGrid-root MuiGrid-container MuiGrid-spacing-xs-2 css-12rc5ck-MuiGrid-root"
      >
        <div
          class="MuiGrid-root MuiGrid-item MuiGrid-grid-xs-12 MuiGrid-grid-sm-6 MuiGrid-grid-md-3 css-10voxkt-MuiGrid-root"
        >
          <div
            class="MuiFormControl-root MuiFormControl-fullWidth MuiTextField-root css-18hear-MuiFormControl-root-MuiTextField-root"
          >
            <div
              class="MuiInputBase-root MuiOutlinedInput-root MuiInputBase-colorPrimary MuiInputBase-fullWidth MuiInputBase-formControl MuiInputBase-sizeSmall MuiInputBase-adornedStart css-1cj7mpt-MuiInputBase-root-MuiOutlinedInput-root"
            >
              <div
                class="MuiInputAdornment-root MuiInputAdornment-positionStart MuiInputAdornment-outlined MuiInputAdornment-sizeSmall css-ittuaa-MuiInputAdornment-root"
              >
                <span
                  class="notranslate"
                >
                  ​
                </span>
                <svg
                  aria-hidden="true"
                  class="MuiSvgIcon-root MuiSvgIcon-fontSizeMedium css-i4bv87-MuiSvgIcon-root"
                  data-testid="SearchIcon"
                  focusable="false"
                  viewBox="0 0 24 24"
                >
                  <path
                    d="M15.5 14h-.79l-.28-.27C15.41 12.59 16 11.11 16 9.5 16 5.91 13.09 3 9.5 3S3 5.91 3 9.5 5.91 16 9.5 16c1.61 0 3.09-.59 4.23-1.57l.27.28v.79l5 4.99L20.49 19zm-6 0C7.01 14 5 11.99 5 9.5S7.01 5 9.5 5 14 7.01 14 9.5 11.99 14 9.5 14"
                  />
                </svg>
              </div>
              <input
                aria-invalid="false"
                class="MuiInputBase-input MuiOutlinedInput-input MuiInputBase-inputSizeSmall MuiInputBase-inputAdornedStart css-1ua80n0-MuiInputBase-input-MuiOutlinedInput-input"
                id=":rt:"
                placeholder="Search payments..."
                type="text"
                value=""
              />
              <fieldset
                aria-hidden="true"
                class="MuiOutlinedInput-notchedOutline css-r01yff-MuiNotchedOutlined-root-MuiOutlinedInput-notchedOutline"
              >
                <legend
                  class="css-1whs34k-MuiNotchedOutlined-root"
                >
                  <span
                    class="notranslate"
                  >
                    ​
                  </span>
                </legend>
              </fieldset>
            </div>
          </div>
        </div>
        <div
          class="MuiGrid-root MuiGrid-item MuiGrid-grid-xs-12 MuiGrid-grid-sm-6 MuiGrid-grid-md-3 css-10voxkt-MuiGrid-root"
        >
          <div
            class="MuiFormControl-root MuiFormControl-fullWidth css-q8hpuo-MuiFormControl-root"
          >
            <label
              class="MuiFormLabel-root MuiInputLabel-root MuiInputLabel-formControl MuiInputLabel-animated MuiInputLabel-shrink MuiInputLabel-sizeSmall MuiInputLabel-outlined MuiFormLabel-colorPrimary MuiFormLabel-filled MuiInputLabel-root MuiInputLabel-formControl MuiInputLabel-animated MuiInputLabel-shrink MuiInputLabel-sizeSmall MuiInputLabel-outlined css-fe0mau-MuiFormLabel-root-MuiInputLabel-root"
              data-shrink="true"
            >
              Status
            </label>
            <div
              class="MuiInputBase-root MuiOutlinedInput-root MuiInputBase-colorPrimary MuiInputBase-formControl MuiInputBase-sizeSmall css-13lg1x7-MuiInputBase-root-MuiOutlinedInput-root-MuiSelect-root"
            >
              <div
                aria-controls=":ru:"
                aria-expanded="false"
                aria-haspopup="listbox"
                class="MuiSelect-select MuiSelect-outlined MuiInputBase-input MuiOutlinedInput-input MuiInputBase-inputSizeSmall css-1fzjff4-MuiSelect-select-MuiInputBase-input-MuiOutlinedInput-input"
                role="combobox"
                tabindex="0"
              >
                All Statuses
              </div>
              <input
                aria-hidden="true"
                aria-invalid="false"
                class="MuiSelect-nativeInput css-yf8vq0-MuiSelect-nativeInput"
                tabindex="-1"
                value="all"
              />
              <svg
                aria-hidden="true"
                class="MuiSvgIcon-root MuiSvgIcon-fontSizeMedium MuiSelect-icon MuiSelect-iconOutlined css-hfutr2-MuiSvgIcon-root-MuiSelect-icon"
                data-testid="ArrowDropDownIcon"
                focusable="false"
                viewBox="0 0 24 24"
              >
                <path
                  d="M7 10l5 5 5-5z"
                />
              </svg>[...
   ❯ src/test/profile.test.tsx > Profile Components > SkillsManager > opens add skill dialog when button clicked
     → Found multiple elements with the text: Add Skill

Here are the matching elements:

Ignored nodes: comments, script, style
<button
  class="MuiButtonBase-root MuiButton-root MuiButton-outlined MuiButton-outlinedPrimary MuiButton-sizeSmall MuiButton-outlinedSizeSmall MuiButton-colorPrimary MuiButton-root MuiButton-outlined MuiButton-outlinedPrimary MuiButton-sizeSmall MuiButton-outlinedSizeSmall MuiButton-colorPrimary css-1k23hlb-MuiButtonBase-root-MuiButton-root"
  tabindex="0"
  type="button"
>
  <span
    class="MuiButton-icon MuiButton-startIcon MuiButton-iconSizeSmall css-y6rp3m-MuiButton-startIcon"
  >
    <svg
      aria-hidden="true"
      class="MuiSvgIcon-root MuiSvgIcon-fontSizeMedium css-i4bv87-MuiSvgIcon-root"
      data-testid="AddIcon"
      focusable="false"
      viewBox="0 0 24 24"
    >
      <path
        d="M19 13h-6v6h-2v-6H5v-2h6V5h2v6h6z"
      />
    </svg>
  </span>
  Add Skill
  <span
    class="MuiTouchRipple-root css-8je8zh-MuiTouchRipple-root"
  />
</button>

Ignored nodes: comments, script, style
<button
  class="MuiButtonBase-root MuiButton-root MuiButton-outlined MuiButton-outlinedPrimary MuiButton-sizeSmall MuiButton-outlinedSizeSmall MuiButton-colorPrimary MuiButton-root MuiButton-outlined MuiButton-outlinedPrimary MuiButton-sizeSmall MuiButton-outlinedSizeSmall MuiButton-colorPrimary css-1k23hlb-MuiButtonBase-root-MuiButton-root"
  tabindex="0"
  type="button"
>
  <span
    class="MuiButton-icon MuiButton-startIcon MuiButton-iconSizeSmall css-y6rp3m-MuiButton-startIcon"
  >
    <svg
      aria-hidden="true"
      class="MuiSvgIcon-root MuiSvgIcon-fontSizeMedium css-i4bv87-MuiSvgIcon-root"
      data-testid="AddIcon"
      focusable="false"
      viewBox="0 0 24 24"
    >
      <path
        d="M19 13h-6v6h-2v-6H5v-2h6V5h2v6h6z"
      />
    </svg>
  </span>
  Add Skill
  <span
    class="MuiTouchRipple-root css-8je8zh-MuiTouchRipple-root"
  />
</button>

(If this is intentional, then use the `*AllBy*` variant of the query (like `queryAllByText`, `getAllByText`, or `findAllByText`)).

Ignored nodes: comments, script, style
<body
  style="padding-right: 1024px; overflow: hidden;"
>
  <div
    aria-hidden="true"
  >
    <div
      class="MuiBox-root css-0"
    >
      <div
        class="MuiBox-root css-i3pbo"
      >
        <h5
          class="MuiTypography-root MuiTypography-h5 MuiTypography-gutterBottom css-1hkf4sh-MuiTypography-root"
        >
          Payment History
        </h5>
        <p
          class="MuiTypography-root MuiTypography-body2 css-xtz2xu-MuiTypography-root"
        >
          1
           payment
           found
        </p>
      </div>
      <div
        class="MuiGrid-root MuiGrid-container MuiGrid-spacing-xs-2 css-12rc5ck-MuiGrid-root"
      >
        <div
          class="MuiGrid-root MuiGrid-item MuiGrid-grid-xs-12 MuiGrid-grid-sm-6 MuiGrid-grid-md-3 css-10voxkt-MuiGrid-root"
        >
          <div
            class="MuiFormControl-root MuiFormControl-fullWidth MuiTextField-root css-18hear-MuiFormControl-root-MuiTextField-root"
          >
            <div
              class="MuiInputBase-root MuiOutlinedInput-root MuiInputBase-colorPrimary MuiInputBase-fullWidth MuiInputBase-formControl MuiInputBase-sizeSmall MuiInputBase-adornedStart css-1cj7mpt-MuiInputBase-root-MuiOutlinedInput-root"
            >
              <div
                class="MuiInputAdornment-root MuiInputAdornment-positionStart MuiInputAdornment-outlined MuiInputAdornment-sizeSmall css-ittuaa-MuiInputAdornment-root"
              >
                <span
                  class="notranslate"
                >
                  ​
                </span>
                <svg
                  aria-hidden="true"
                  class="MuiSvgIcon-root MuiSvgIcon-fontSizeMedium css-i4bv87-MuiSvgIcon-root"
                  data-testid="SearchIcon"
                  focusable="false"
                  viewBox="0 0 24 24"
                >
                  <path
                    d="M15.5 14h-.79l-.28-.27C15.41 12.59 16 11.11 16 9.5 16 5.91 13.09 3 9.5 3S3 5.91 3 9.5 5.91 16 9.5 16c1.61 0 3.09-.59 4.23-1.57l.27.28v.79l5 4.99L20.49 19zm-6 0C7.01 14 5 11.99 5 9.5S7.01 5 9.5 5 14 7.01 14 9.5 11.99 14 9.5 14"
                  />
                </svg>
              </div>
              <input
                aria-invalid="false"
                class="MuiInputBase-input MuiOutlinedInput-input MuiInputBase-inputSizeSmall MuiInputBase-inputAdornedStart css-1ua80n0-MuiInputBase-input-MuiOutlinedInput-input"
                id=":rt:"
                placeholder="Search payments..."
                type="text"
                value=""
              />
              <fieldset
                aria-hidden="true"
                class="MuiOutlinedInput-notchedOutline css-r01yff-MuiNotchedOutlined-root-MuiOutlinedInput-notchedOutline"
              >
                <legend
                  class="css-1whs34k-MuiNotchedOutlined-root"
                >
                  <span
                    class="notranslate"
                  >
                    ​
                  </span>
                </legend>
              </fieldset>
            </div>
          </div>
        </div>
        <div
          class="MuiGrid-root MuiGrid-item MuiGrid-grid-xs-12 MuiGrid-grid-sm-6 MuiGrid-grid-md-3 css-10voxkt-MuiGrid-root"
        >
          <div
            class="MuiFormControl-root MuiFormControl-fullWidth css-q8hpuo-MuiFormControl-root"
          >
            <label
              class="MuiFormLabel-root MuiInputLabel-root MuiInputLabel-formControl MuiInputLabel-animated MuiInputLabel-shrink MuiInputLabel-sizeSmall MuiInputLabel-outlined MuiFormLabel-colorPrimary MuiFormLabel-filled MuiInputLabel-root MuiInputLabel-formControl MuiInputLabel-animated MuiInputLabel-shrink MuiInputLabel-sizeSmall MuiInputLabel-outlined css-fe0mau-MuiFormLabel-root-MuiInputLabel-root"
              data-shrink="true"
            >
              Status
            </label>
            <div
              class="MuiInputBase-root MuiOutlinedInput-root MuiInputBase-colorPrimary MuiInputBase-formControl MuiInputBase-sizeSmall css-13lg1x7-MuiInputBase-root-MuiOutlinedInput-root-MuiSelect-root"
            >
              <div
                aria-controls=":ru:"
                aria-expanded="false"
                aria-haspopup="listbox"
                class="MuiSelect-select MuiSelect-outlined MuiInputBase-input MuiOutlinedInput-input MuiInputBase-inputSizeSmall css-1fzjff4-MuiSelect-select-MuiInputBase-input-MuiOutlinedInput-input"
                role="combobox"
                tabindex="0"
              >
                All Statuses
              </div>
              <input
                aria-hidden="true"
                aria-invalid="false"
                class="MuiSelect-nativeInput css-yf8vq0-MuiSelect-nativeInput"
                tabindex="-1"
                value="all"
              />
              <svg
                aria-hidden="true"
                class="MuiSvgIcon-root MuiSvgIcon-fontSizeMedium MuiSelect-icon MuiSelect-iconOutlined css-hfutr2-MuiSvgIcon-root-MuiSelect-icon"
                data-testid="ArrowDropDownIcon"
                focusable="false"
                viewBox="0 0 24 24"
              >
                <path
                  d="M7 10l5 5 5-5z"
                />
              </svg>[...
   ❯ src/test/profile.test.tsx > Profile Components > FreelancerCard > renders freelancer information correctly
     → Found multiple elements with the text: John Doe

Here are the matching elements:

Ignored nodes: comments, script, style
<h1
  class="MuiTypography-root MuiTypography-h4 css-5lbw0b-MuiTypography-root"
>
  John
   
  Doe
</h1>

Ignored nodes: comments, script, style
<h1
  class="MuiTypography-root MuiTypography-h4 css-5lbw0b-MuiTypography-root"
>
  John
   
  Doe
</h1>

Ignored nodes: comments, script, style
<h1
  class="MuiTypography-root MuiTypography-h4 css-5lbw0b-MuiTypography-root"
>
  John
   
  Doe
</h1>

Ignored nodes: comments, script, style
<h1
  class="MuiTypography-root MuiTypography-h4 css-5lbw0b-MuiTypography-root"
>
  John
   
  Doe
</h1>

Ignored nodes: comments, script, style
<h1
  class="MuiTypography-root MuiTypography-h4 css-5lbw0b-MuiTypography-root"
>
  John
   
  Doe
</h1>

Ignored nodes: comments, script, style
<h3
  class="MuiTypography-root MuiTypography-h6 css-2ulfj5-MuiTypography-root"
>
  John
   
  Doe
</h3>

(If this is intentional, then use the `*AllBy*` variant of the query (like `queryAllByText`, `getAllByText`, or `findAllByText`)).

Ignored nodes: comments, script, style
<body
  style="padding-right: 1024px; overflow: hidden;"
>
  <div
    aria-hidden="true"
  >
    <div
      class="MuiBox-root css-0"
    >
      <div
        class="MuiBox-root css-i3pbo"
      >
        <h5
          class="MuiTypography-root MuiTypography-h5 MuiTypography-gutterBottom css-1hkf4sh-MuiTypography-root"
        >
          Payment History
        </h5>
        <p
          class="MuiTypography-root MuiTypography-body2 css-xtz2xu-MuiTypography-root"
        >
          1
           payment
           found
        </p>
      </div>
      <div
        class="MuiGrid-root MuiGrid-container MuiGrid-spacing-xs-2 css-12rc5ck-MuiGrid-root"
      >
        <div
          class="MuiGrid-root MuiGrid-item MuiGrid-grid-xs-12 MuiGrid-grid-sm-6 MuiGrid-grid-md-3 css-10voxkt-MuiGrid-root"
        >
          <div
            class="MuiFormControl-root MuiFormControl-fullWidth MuiTextField-root css-18hear-MuiFormControl-root-MuiTextField-root"
          >
            <div
              class="MuiInputBase-root MuiOutlinedInput-root MuiInputBase-colorPrimary MuiInputBase-fullWidth MuiInputBase-formControl MuiInputBase-sizeSmall MuiInputBase-adornedStart css-1cj7mpt-MuiInputBase-root-MuiOutlinedInput-root"
            >
              <div
                class="MuiInputAdornment-root MuiInputAdornment-positionStart MuiInputAdornment-outlined MuiInputAdornment-sizeSmall css-ittuaa-MuiInputAdornment-root"
              >
                <span
                  class="notranslate"
                >
                  ​
                </span>
                <svg
                  aria-hidden="true"
                  class="MuiSvgIcon-root MuiSvgIcon-fontSizeMedium css-i4bv87-MuiSvgIcon-root"
                  data-testid="SearchIcon"
                  focusable="false"
                  viewBox="0 0 24 24"
                >
                  <path
                    d="M15.5 14h-.79l-.28-.27C15.41 12.59 16 11.11 16 9.5 16 5.91 13.09 3 9.5 3S3 5.91 3 9.5 5.91 16 9.5 16c1.61 0 3.09-.59 4.23-1.57l.27.28v.79l5 4.99L20.49 19zm-6 0C7.01 14 5 11.99 5 9.5S7.01 5 9.5 5 14 7.01 14 9.5 11.99 14 9.5 14"
                  />
                </svg>
              </div>
              <input
                aria-invalid="false"
                class="MuiInputBase-input MuiOutlinedInput-input MuiInputBase-inputSizeSmall MuiInputBase-inputAdornedStart css-1ua80n0-MuiInputBase-input-MuiOutlinedInput-input"
                id=":rt:"
                placeholder="Search payments..."
                type="text"
                value=""
              />
              <fieldset
                aria-hidden="true"
                class="MuiOutlinedInput-notchedOutline css-r01yff-MuiNotchedOutlined-root-MuiOutlinedInput-notchedOutline"
              >
                <legend
                  class="css-1whs34k-MuiNotchedOutlined-root"
                >
                  <span
                    class="notranslate"
                  >
                    ​
                  </span>
                </legend>
              </fieldset>
            </div>
          </div>
        </div>
        <div
          class="MuiGrid-root MuiGrid-item MuiGrid-grid-xs-12 MuiGrid-grid-sm-6 MuiGrid-grid-md-3 css-10voxkt-MuiGrid-root"
        >
          <div
            class="MuiFormControl-root MuiFormControl-fullWidth css-q8hpuo-MuiFormControl-root"
          >
            <label
              class="MuiFormLabel-root MuiInputLabel-root MuiInputLabel-formControl MuiInputLabel-animated MuiInputLabel-shrink MuiInputLabel-sizeSmall MuiInputLabel-outlined MuiFormLabel-colorPrimary MuiFormLabel-filled MuiInputLabel-root MuiInputLabel-formControl MuiInputLabel-animated MuiInputLabel-shrink MuiInputLabel-sizeSmall MuiInputLabel-outlined css-fe0mau-MuiFormLabel-root-MuiInputLabel-root"
              data-shrink="true"
            >
              Status
            </label>
            <div
              class="MuiInputBase-root MuiOutlinedInput-root MuiInputBase-colorPrimary MuiInputBase-formControl MuiInputBase-sizeSmall css-13lg1x7-MuiInputBase-root-MuiOutlinedInput-root-MuiSelect-root"
            >
              <div
                aria-controls=":ru:"
                aria-expanded="false"
                aria-haspopup="listbox"
                class="MuiSelect-select MuiSelect-outlined MuiInputBase-input MuiOutlinedInput-input MuiInputBase-inputSizeSmall css-1fzjff4-MuiSelect-select-MuiInputBase-input-MuiOutlinedInput-input"
                role="combobox"
                tabindex="0"
              >
                All Statuses
              </div>
              <input
                aria-hidden="true"
                aria-invalid="false"
                class="MuiSelect-nativeInput css-yf8vq0-MuiSelect-nativeInput"
                tabindex="-1"
                value="all"
              />
              <svg
                aria-hidden="true"
                class="MuiSvgIcon-root MuiSvgIcon-fontSizeMedium MuiSelect-icon MuiSelect-iconOutlined css-hfutr2-MuiSvgIcon-root-MuiSelect-icon"
                data-testid="ArrowDropDownIcon"
                focusable="false"
                viewBox="0 0 24 24"
              >
                <path
                  d="M7 10l5 5 5-5z"
                />
              </svg>[...
   ❯ src/test/profile.test.tsx > Profile Components > FreelancerCard > shows verified badge for verified freelancers
     → Found multiple elements with the text of: Verified freelancer

Here are the matching elements:

Ignored nodes: comments, script, style
<svg
  aria-hidden="true"
  aria-label="Verified freelancer"
  class="MuiSvgIcon-root MuiSvgIcon-colorPrimary MuiSvgIcon-fontSizeSmall css-1bptiuh-MuiSvgIcon-root"
  data-mui-internal-clone-element="true"
  data-testid="VerifiedIcon"
  focusable="false"
  viewBox="0 0 24 24"
>
  <path
    d="m23 12-2.44-2.79.34-3.69-3.61-.82-1.89-3.2L12 2.96 8.6 1.5 6.71 4.69 3.1 5.5l.34 3.7L1 12l2.44 2.79-.34 3.7 3.61.82L8.6 22.5l3.4-1.47 3.4 1.46 1.89-3.19 3.61-.82-.34-3.69zm-12.91 4.72-3.8-3.81 1.48-1.48 2.32 2.33 5.85-5.87 1.48 1.48z"
  />
</svg>

Ignored nodes: comments, script, style
<svg
  aria-hidden="true"
  aria-label="Verified freelancer"
  class="MuiSvgIcon-root MuiSvgIcon-colorPrimary MuiSvgIcon-fontSizeSmall css-1bptiuh-MuiSvgIcon-root"
  data-mui-internal-clone-element="true"
  data-testid="VerifiedIcon"
  focusable="false"
  viewBox="0 0 24 24"
>
  <path
    d="m23 12-2.44-2.79.34-3.69-3.61-.82-1.89-3.2L12 2.96 8.6 1.5 6.71 4.69 3.1 5.5l.34 3.7L1 12l2.44 2.79-.34 3.7 3.61.82L8.6 22.5l3.4-1.47 3.4 1.46 1.89-3.19 3.61-.82-.34-3.69zm-12.91 4.72-3.8-3.81 1.48-1.48 2.32 2.33 5.85-5.87 1.48 1.48z"
  />
</svg>

Ignored nodes: comments, script, style
<svg
  aria-hidden="true"
  aria-label="Verified freelancer"
  class="MuiSvgIcon-root MuiSvgIcon-colorPrimary MuiSvgIcon-fontSizeSmall css-1bptiuh-MuiSvgIcon-root"
  data-mui-internal-clone-element="true"
  data-testid="VerifiedIcon"
  focusable="false"
  viewBox="0 0 24 24"
>
  <path
    d="m23 12-2.44-2.79.34-3.69-3.61-.82-1.89-3.2L12 2.96 8.6 1.5 6.71 4.69 3.1 5.5l.34 3.7L1 12l2.44 2.79-.34 3.7 3.61.82L8.6 22.5l3.4-1.47 3.4 1.46 1.89-3.19 3.61-.82-.34-3.69zm-12.91 4.72-3.8-3.81 1.48-1.48 2.32 2.33 5.85-5.87 1.48 1.48z"
  />
</svg>

(If this is intentional, then use the `*AllBy*` variant of the query (like `queryAllByText`, `getAllByText`, or `findAllByText`)).

Ignored nodes: comments, script, style
<body
  style="padding-right: 1024px; overflow: hidden;"
>
  <div
    aria-hidden="true"
  >
    <div
      class="MuiBox-root css-0"
    >
      <div
        class="MuiBox-root css-i3pbo"
      >
        <h5
          class="MuiTypography-root MuiTypography-h5 MuiTypography-gutterBottom css-1hkf4sh-MuiTypography-root"
        >
          Payment History
        </h5>
        <p
          class="MuiTypography-root MuiTypography-body2 css-xtz2xu-MuiTypography-root"
        >
          1
           payment
           found
        </p>
      </div>
      <div
        class="MuiGrid-root MuiGrid-container MuiGrid-spacing-xs-2 css-12rc5ck-MuiGrid-root"
      >
        <div
          class="MuiGrid-root MuiGrid-item MuiGrid-grid-xs-12 MuiGrid-grid-sm-6 MuiGrid-grid-md-3 css-10voxkt-MuiGrid-root"
        >
          <div
            class="MuiFormControl-root MuiFormControl-fullWidth MuiTextField-root css-18hear-MuiFormControl-root-MuiTextField-root"
          >
            <div
              class="MuiInputBase-root MuiOutlinedInput-root MuiInputBase-colorPrimary MuiInputBase-fullWidth MuiInputBase-formControl MuiInputBase-sizeSmall MuiInputBase-adornedStart css-1cj7mpt-MuiInputBase-root-MuiOutlinedInput-root"
            >
              <div
                class="MuiInputAdornment-root MuiInputAdornment-positionStart MuiInputAdornment-outlined MuiInputAdornment-sizeSmall css-ittuaa-MuiInputAdornment-root"
              >
                <span
                  class="notranslate"
                >
                  ​
                </span>
                <svg
                  aria-hidden="true"
                  class="MuiSvgIcon-root MuiSvgIcon-fontSizeMedium css-i4bv87-MuiSvgIcon-root"
                  data-testid="SearchIcon"
                  focusable="false"
                  viewBox="0 0 24 24"
                >
                  <path
                    d="M15.5 14h-.79l-.28-.27C15.41 12.59 16 11.11 16 9.5 16 5.91 13.09 3 9.5 3S3 5.91 3 9.5 5.91 16 9.5 16c1.61 0 3.09-.59 4.23-1.57l.27.28v.79l5 4.99L20.49 19zm-6 0C7.01 14 5 11.99 5 9.5S7.01 5 9.5 5 14 7.01 14 9.5 11.99 14 9.5 14"
                  />
                </svg>
              </div>
              <input
                aria-invalid="false"
                class="MuiInputBase-input MuiOutlinedInput-input MuiInputBase-inputSizeSmall MuiInputBase-inputAdornedStart css-1ua80n0-MuiInputBase-input-MuiOutlinedInput-input"
                id=":rt:"
                placeholder="Search payments..."
                type="text"
                value=""
              />
              <fieldset
                aria-hidden="true"
                class="MuiOutlinedInput-notchedOutline css-r01yff-MuiNotchedOutlined-root-MuiOutlinedInput-notchedOutline"
              >
                <legend
                  class="css-1whs34k-MuiNotchedOutlined-root"
                >
                  <span
                    class="notranslate"
                  >
                    ​
                  </span>
                </legend>
              </fieldset>
            </div>
          </div>
        </div>
        <div
          class="MuiGrid-root MuiGrid-item MuiGrid-grid-xs-12 MuiGrid-grid-sm-6 MuiGrid-grid-md-3 css-10voxkt-MuiGrid-root"
        >
          <div
            class="MuiFormControl-root MuiFormControl-fullWidth css-q8hpuo-MuiFormControl-root"
          >
            <label
              class="MuiFormLabel-root MuiInputLabel-root MuiInputLabel-formControl MuiInputLabel-animated MuiInputLabel-shrink MuiInputLabel-sizeSmall MuiInputLabel-outlined MuiFormLabel-colorPrimary MuiFormLabel-filled MuiInputLabel-root MuiInputLabel-formControl MuiInputLabel-animated MuiInputLabel-shrink MuiInputLabel-sizeSmall MuiInputLabel-outlined css-fe0mau-MuiFormLabel-root-MuiInputLabel-root"
              data-shrink="true"
            >
              Status
            </label>
            <div
              class="MuiInputBase-root MuiOutlinedInput-root MuiInputBase-colorPrimary MuiInputBase-formControl MuiInputBase-sizeSmall css-13lg1x7-MuiInputBase-root-MuiOutlinedInput-root-MuiSelect-root"
            >
              <div
                aria-controls=":ru:"
                aria-expanded="false"
                aria-haspopup="listbox"
                class="MuiSelect-select MuiSelect-outlined MuiInputBase-input MuiOutlinedInput-input MuiInputBase-inputSizeSmall css-1fzjff4-MuiSelect-select-MuiInputBase-input-MuiOutlinedInput-input"
                role="combobox"
                tabindex="0"
              >
                All Statuses
              </div>
              <input
                aria-hidden="true"
                aria-invalid="false"
                class="MuiSelect-nativeInput css-yf8vq0-MuiSelect-nativeInput"
                tabindex="-1"
                value="all"
              />
              <svg
                aria-hidden="true"
                class="MuiSvgIcon-root MuiSvgIcon-fontSizeMedium MuiSelect-icon MuiSelect-iconOutlined css-hfutr2-MuiSvgIcon-root-MuiSelect-icon"
                data-testid="ArrowDropDownIcon"
                focusable="false"
                viewBox="0 0 24 24"
              >
                <path
                  d="M7 10l5 5 5-5z"
                />
              </svg>[...
   ❯ src/test/profile.test.tsx > Profile Components > FreelancerCard > has view profile link
     → Found multiple elements with the text: View Profile

Here are the matching elements:

Ignored nodes: comments, script, style
<a
  class="MuiButtonBase-root MuiButton-root MuiButton-contained MuiButton-containedPrimary MuiButton-sizeSmall MuiButton-containedSizeSmall MuiButton-colorPrimary MuiButton-root MuiButton-contained MuiButton-containedPrimary MuiButton-sizeSmall MuiButton-containedSizeSmall MuiButton-colorPrimary css-11qr2p8-MuiButtonBase-root-MuiButton-root"
  href="/freelancers/1"
  tabindex="0"
>
  View Profile
  <span
    class="MuiTouchRipple-root css-8je8zh-MuiTouchRipple-root"
  />
</a>

Ignored nodes: comments, script, style
<a
  class="MuiButtonBase-root MuiButton-root MuiButton-contained MuiButton-containedPrimary MuiButton-sizeSmall MuiButton-containedSizeSmall MuiButton-colorPrimary MuiButton-root MuiButton-contained MuiButton-containedPrimary MuiButton-sizeSmall MuiButton-containedSizeSmall MuiButton-colorPrimary css-11qr2p8-MuiButtonBase-root-MuiButton-root"
  href="/freelancers/1"
  tabindex="0"
>
  View Profile
  <span
    class="MuiTouchRipple-root css-8je8zh-MuiTouchRipple-root"
  />
</a>

Ignored nodes: comments, script, style
<a
  class="MuiButtonBase-root MuiButton-root MuiButton-contained MuiButton-containedPrimary MuiButton-sizeSmall MuiButton-containedSizeSmall MuiButton-colorPrimary MuiButton-root MuiButton-contained MuiButton-containedPrimary MuiButton-sizeSmall MuiButton-containedSizeSmall MuiButton-colorPrimary css-11qr2p8-MuiButtonBase-root-MuiButton-root"
  href="/freelancers/1"
  tabindex="0"
>
  View Profile
  <span
    class="MuiTouchRipple-root css-8je8zh-MuiTouchRipple-root"
  />
</a>

Ignored nodes: comments, script, style
<a
  class="MuiButtonBase-root MuiButton-root MuiButton-contained MuiButton-containedPrimary MuiButton-sizeSmall MuiButton-containedSizeSmall MuiButton-colorPrimary MuiButton-root MuiButton-contained MuiButton-containedPrimary MuiButton-sizeSmall MuiButton-containedSizeSmall MuiButton-colorPrimary css-11qr2p8-MuiButtonBase-root-MuiButton-root"
  href="/freelancers/1"
  tabindex="0"
>
  View Profile
  <span
    class="MuiTouchRipple-root css-8je8zh-MuiTouchRipple-root"
  />
</a>

Ignored nodes: comments, script, style
<a
  class="MuiButtonBase-root MuiButton-root MuiButton-contained MuiButton-containedPrimary MuiButton-sizeSmall MuiButton-containedSizeSmall MuiButton-colorPrimary MuiButton-root MuiButton-contained MuiButton-containedPrimary MuiButton-sizeSmall MuiButton-containedSizeSmall MuiButton-colorPrimary css-11qr2p8-MuiButtonBase-root-MuiButton-root"
  href="/freelancers/1"
  tabindex="0"
>
  View Profile
  <span
    class="MuiTouchRipple-root css-8je8zh-MuiTouchRipple-root"
  />
</a>

Ignored nodes: comments, script, style
<a
  class="MuiButtonBase-root MuiButton-root MuiButton-contained MuiButton-containedPrimary MuiButton-sizeSmall MuiButton-containedSizeSmall MuiButton-colorPrimary MuiButton-root MuiButton-contained MuiButton-containedPrimary MuiButton-sizeSmall MuiButton-containedSizeSmall MuiButton-colorPrimary css-11qr2p8-MuiButtonBase-root-MuiButton-root"
  href="/freelancers/1"
  tabindex="0"
>
  View Profile
  <span
    class="MuiTouchRipple-root css-8je8zh-MuiTouchRipple-root"
  />
</a>

(If this is intentional, then use the `*AllBy*` variant of the query (like `queryAllByText`, `getAllByText`, or `findAllByText`)).

Ignored nodes: comments, script, style
<body
  style="padding-right: 1024px; overflow: hidden;"
>
  <div
    aria-hidden="true"
  >
    <div
      class="MuiBox-root css-0"
    >
      <div
        class="MuiBox-root css-i3pbo"
      >
        <h5
          class="MuiTypography-root MuiTypography-h5 MuiTypography-gutterBottom css-1hkf4sh-MuiTypography-root"
        >
          Payment History
        </h5>
        <p
          class="MuiTypography-root MuiTypography-body2 css-xtz2xu-MuiTypography-root"
        >
          1
           payment
           found
        </p>
      </div>
      <div
        class="MuiGrid-root MuiGrid-container MuiGrid-spacing-xs-2 css-12rc5ck-MuiGrid-root"
      >
        <div
          class="MuiGrid-root MuiGrid-item MuiGrid-grid-xs-12 MuiGrid-grid-sm-6 MuiGrid-grid-md-3 css-10voxkt-MuiGrid-root"
        >
          <div
            class="MuiFormControl-root MuiFormControl-fullWidth MuiTextField-root css-18hear-MuiFormControl-root-MuiTextField-root"
          >
            <div
              class="MuiInputBase-root MuiOutlinedInput-root MuiInputBase-colorPrimary MuiInputBase-fullWidth MuiInputBase-formControl MuiInputBase-sizeSmall MuiInputBase-adornedStart css-1cj7mpt-MuiInputBase-root-MuiOutlinedInput-root"
            >
              <div
                class="MuiInputAdornment-root MuiInputAdornment-positionStart MuiInputAdornment-outlined MuiInputAdornment-sizeSmall css-ittuaa-MuiInputAdornment-root"
              >
                <span
                  class="notranslate"
                >
                  ​
                </span>
                <svg
                  aria-hidden="true"
                  class="MuiSvgIcon-root MuiSvgIcon-fontSizeMedium css-i4bv87-MuiSvgIcon-root"
                  data-testid="SearchIcon"
                  focusable="false"
                  viewBox="0 0 24 24"
                >
                  <path
                    d="M15.5 14h-.79l-.28-.27C15.41 12.59 16 11.11 16 9.5 16 5.91 13.09 3 9.5 3S3 5.91 3 9.5 5.91 16 9.5 16c1.61 0 3.09-.59 4.23-1.57l.27.28v.79l5 4.99L20.49 19zm-6 0C7.01 14 5 11.99 5 9.5S7.01 5 9.5 5 14 7.01 14 9.5 11.99 14 9.5 14"
                  />
                </svg>
              </div>
              <input
                aria-invalid="false"
                class="MuiInputBase-input MuiOutlinedInput-input MuiInputBase-inputSizeSmall MuiInputBase-inputAdornedStart css-1ua80n0-MuiInputBase-input-MuiOutlinedInput-input"
                id=":rt:"
                placeholder="Search payments..."
                type="text"
                value=""
              />
              <fieldset
                aria-hidden="true"
                class="MuiOutlinedInput-notchedOutline css-r01yff-MuiNotchedOutlined-root-MuiOutlinedInput-notchedOutline"
              >
                <legend
                  class="css-1whs34k-MuiNotchedOutlined-root"
                >
                  <span
                    class="notranslate"
                  >
                    ​
                  </span>
                </legend>
              </fieldset>
            </div>
          </div>
        </div>
        <div
          class="MuiGrid-root MuiGrid-item MuiGrid-grid-xs-12 MuiGrid-grid-sm-6 MuiGrid-grid-md-3 css-10voxkt-MuiGrid-root"
        >
          <div
            class="MuiFormControl-root MuiFormControl-fullWidth css-q8hpuo-MuiFormControl-root"
          >
            <label
              class="MuiFormLabel-root MuiInputLabel-root MuiInputLabel-formControl MuiInputLabel-animated MuiInputLabel-shrink MuiInputLabel-sizeSmall MuiInputLabel-outlined MuiFormLabel-colorPrimary MuiFormLabel-filled MuiInputLabel-root MuiInputLabel-formControl MuiInputLabel-animated MuiInputLabel-shrink MuiInputLabel-sizeSmall MuiInputLabel-outlined css-fe0mau-MuiFormLabel-root-MuiInputLabel-root"
              data-shrink="true"
            >
              Status
            </label>
            <div
              class="MuiInputBase-root MuiOutlinedInput-root MuiInputBase-colorPrimary MuiInputBase-formControl MuiInputBase-sizeSmall css-13lg1x7-MuiInputBase-root-MuiOutlinedInput-root-MuiSelect-root"
            >
              <div
                aria-controls=":ru:"
                aria-expanded="false"
                aria-haspopup="listbox"
                class="MuiSelect-select MuiSelect-outlined MuiInputBase-input MuiOutlinedInput-input MuiInputBase-inputSizeSmall css-1fzjff4-MuiSelect-select-MuiInputBase-input-MuiOutlinedInput-input"
                role="combobox"
                tabindex="0"
              >
                All Statuses
              </div>
              <input
                aria-hidden="true"
                aria-invalid="false"
                class="MuiSelect-nativeInput css-yf8vq0-MuiSelect-nativeInput"
                tabindex="-1"
                value="all"
              />
              <svg
                aria-hidden="true"
                class="MuiSvgIcon-root MuiSvgIcon-fontSizeMedium MuiSelect-icon MuiSelect-iconOutlined css-hfutr2-MuiSvgIcon-root-MuiSelect-icon"
                data-testid="ArrowDropDownIcon"
                focusable="false"
                viewBox="0 0 24 24"
              >
                <path
                  d="M7 10l5 5 5-5z"
                />
              </svg>[...
 × src/test/profile.test.tsx > Profile Components > ProfileHeader > renders user information correctly 1423ms
   → Found multiple elements with the text: Full Stack Developer

Here are the matching elements:

Ignored nodes: comments, script, style
<p
  class="MuiTypography-root MuiTypography-body2 css-xtz2xu-MuiTypography-root"
>
  Full Stack Developer
</p>

Ignored nodes: comments, script, style
<p
  class="MuiTypography-root MuiTypography-body2 css-xtz2xu-MuiTypography-root"
>
  Full Stack Developer
</p>

Ignored nodes: comments, script, style
<p
  class="MuiTypography-root MuiTypography-body2 css-xtz2xu-MuiTypography-root"
>
  Full Stack Developer
</p>

Ignored nodes: comments, script, style
<p
  class="MuiTypography-root MuiTypography-body2 MuiTypography-gutterBottom css-141jttu-MuiTypography-root"
>
  Full Stack Developer
</p>

Ignored nodes: comments, script, style
<p
  class="MuiTypography-root MuiTypography-body2 MuiTypography-gutterBottom css-141jttu-MuiTypography-root"
>
  Full Stack Developer
</p>

Ignored nodes: comments, script, style
<p
  class="MuiTypography-root MuiTypography-body2 MuiTypography-gutterBottom css-141jttu-MuiTypography-root"
>
  Full Stack Developer
</p>

Ignored nodes: comments, script, style
<h6
  class="MuiTypography-root MuiTypography-h6 MuiTypography-gutterBottom css-137rogq-MuiTypography-root"
>
  Full Stack Developer
</h6>

(If this is intentional, then use the `*AllBy*` variant of the query (like `queryAllByText`, `getAllByText`, or `findAllByText`)).

Ignored nodes: comments, script, style
<body
  style="padding-right: 1024px; overflow: hidden;"
>
  <div
    aria-hidden="true"
  >
    <div
      class="MuiBox-root css-0"
    >
      <div
        class="MuiBox-root css-i3pbo"
      >
        <h5
          class="MuiTypography-root MuiTypography-h5 MuiTypography-gutterBottom css-1hkf4sh-MuiTypography-root"
        >
          Payment History
        </h5>
        <p
          class="MuiTypography-root MuiTypography-body2 css-xtz2xu-MuiTypography-root"
        >
          1
           payment
           found
        </p>
      </div>
      <div
        class="MuiGrid-root MuiGrid-container MuiGrid-spacing-xs-2 css-12rc5ck-MuiGrid-root"
      >
        <div
          class="MuiGrid-root MuiGrid-item MuiGrid-grid-xs-12 MuiGrid-grid-sm-6 MuiGrid-grid-md-3 css-10voxkt-MuiGrid-root"
        >
          <div
            class="MuiFormControl-root MuiFormControl-fullWidth MuiTextField-root css-18hear-MuiFormControl-root-MuiTextField-root"
          >
            <div
              class="MuiInputBase-root MuiOutlinedInput-root MuiInputBase-colorPrimary MuiInputBase-fullWidth MuiInputBase-formControl MuiInputBase-sizeSmall MuiInputBase-adornedStart css-1cj7mpt-MuiInputBase-root-MuiOutlinedInput-root"
            >
              <div
                class="MuiInputAdornment-root MuiInputAdornment-positionStart MuiInputAdornment-outlined MuiInputAdornment-sizeSmall css-ittuaa-MuiInputAdornment-root"
              >
                <span
                  class="notranslate"
                >
                  ​
                </span>
                <svg
                  aria-hidden="true"
                  class="MuiSvgIcon-root MuiSvgIcon-fontSizeMedium css-i4bv87-MuiSvgIcon-root"
                  data-testid="SearchIcon"
                  focusable="false"
                  viewBox="0 0 24 24"
                >
                  <path
                    d="M15.5 14h-.79l-.28-.27C15.41 12.59 16 11.11 16 9.5 16 5.91 13.09 3 9.5 3S3 5.91 3 9.5 5.91 16 9.5 16c1.61 0 3.09-.59 4.23-1.57l.27.28v.79l5 4.99L20.49 19zm-6 0C7.01 14 5 11.99 5 9.5S7.01 5 9.5 5 14 7.01 14 9.5 11.99 14 9.5 14"
                  />
                </svg>
              </div>
              <input
                aria-invalid="false"
                class="MuiInputBase-input MuiOutlinedInput-input MuiInputBase-inputSizeSmall MuiInputBase-inputAdornedStart css-1ua80n0-MuiInputBase-input-MuiOutlinedInput-input"
                id=":rt:"
                placeholder="Search payments..."
                type="text"
                value=""
              />
              <fieldset
                aria-hidden="true"
                class="MuiOutlinedInput-notchedOutline css-r01yff-MuiNotchedOutlined-root-MuiOutlinedInput-notchedOutline"
              >
                <legend
                  class="css-1whs34k-MuiNotchedOutlined-root"
                >
                  <span
                    class="notranslate"
                  >
                    ​
                  </span>
                </legend>
              </fieldset>
            </div>
          </div>
        </div>
        <div
          class="MuiGrid-root MuiGrid-item MuiGrid-grid-xs-12 MuiGrid-grid-sm-6 MuiGrid-grid-md-3 css-10voxkt-MuiGrid-root"
        >
          <div
            class="MuiFormControl-root MuiFormControl-fullWidth css-q8hpuo-MuiFormControl-root"
          >
            <label
              class="MuiFormLabel-root MuiInputLabel-root MuiInputLabel-formControl MuiInputLabel-animated MuiInputLabel-shrink MuiInputLabel-sizeSmall MuiInputLabel-outlined MuiFormLabel-colorPrimary MuiFormLabel-filled MuiInputLabel-root MuiInputLabel-formControl MuiInputLabel-animated MuiInputLabel-shrink MuiInputLabel-sizeSmall MuiInputLabel-outlined css-fe0mau-MuiFormLabel-root-MuiInputLabel-root"
              data-shrink="true"
            >
              Status
            </label>
            <div
              class="MuiInputBase-root MuiOutlinedInput-root MuiInputBase-colorPrimary MuiInputBase-formControl MuiInputBase-sizeSmall css-13lg1x7-MuiInputBase-root-MuiOutlinedInput-root-MuiSelect-root"
            >
              <div
                aria-controls=":ru:"
                aria-expanded="false"
                aria-haspopup="listbox"
                class="MuiSelect-select MuiSelect-outlined MuiInputBase-input MuiOutlinedInput-input MuiInputBase-inputSizeSmall css-1fzjff4-MuiSelect-select-MuiInputBase-input-MuiOutlinedInput-input"
                role="combobox"
                tabindex="0"
              >
                All Statuses
              </div>
              <input
                aria-hidden="true"
                aria-invalid="false"
                class="MuiSelect-nativeInput css-yf8vq0-MuiSelect-nativeInput"
                tabindex="-1"
                value="all"
              />
              <svg
                aria-hidden="true"
                class="MuiSvgIcon-root MuiSvgIcon-fontSizeMedium MuiSelect-icon MuiSelect-iconOutlined css-hfutr2-MuiSvgIcon-root-MuiSelect-icon"
                data-testid="ArrowDropDownIcon"
                focusable="false"
                viewBox="0 0 24 24"
              >
                <path
                  d="M7 10l5 5 5-5z"
                />
              </svg>[...
 ✓ src/test/profile.test.tsx > Profile Components > ProfileHeader > shows edit button for own profile 992ms
 × src/test/profile.test.tsx > Profile Components > ProfileHeader > shows profile completeness for own profile 858ms
   → Found multiple elements with the text: Profile Completeness

Here are the matching elements:

Ignored nodes: comments, script, style
<p
  class="MuiTypography-root MuiTypography-body2 css-r40f8v-MuiTypography-root"
>
  Profile Completeness
</p>

Ignored nodes: comments, script, style
<p
  class="MuiTypography-root MuiTypography-body2 css-r40f8v-MuiTypography-root"
>
  Profile Completeness
</p>

(If this is intentional, then use the `*AllBy*` variant of the query (like `queryAllByText`, `getAllByText`, or `findAllByText`)).

Ignored nodes: comments, script, style
<body
  style="padding-right: 1024px; overflow: hidden;"
>
  <div
    aria-hidden="true"
  >
    <div
      class="MuiBox-root css-0"
    >
      <div
        class="MuiBox-root css-i3pbo"
      >
        <h5
          class="MuiTypography-root MuiTypography-h5 MuiTypography-gutterBottom css-1hkf4sh-MuiTypography-root"
        >
          Payment History
        </h5>
        <p
          class="MuiTypography-root MuiTypography-body2 css-xtz2xu-MuiTypography-root"
        >
          1
           payment
           found
        </p>
      </div>
      <div
        class="MuiGrid-root MuiGrid-container MuiGrid-spacing-xs-2 css-12rc5ck-MuiGrid-root"
      >
        <div
          class="MuiGrid-root MuiGrid-item MuiGrid-grid-xs-12 MuiGrid-grid-sm-6 MuiGrid-grid-md-3 css-10voxkt-MuiGrid-root"
        >
          <div
            class="MuiFormControl-root MuiFormControl-fullWidth MuiTextField-root css-18hear-MuiFormControl-root-MuiTextField-root"
          >
            <div
              class="MuiInputBase-root MuiOutlinedInput-root MuiInputBase-colorPrimary MuiInputBase-fullWidth MuiInputBase-formControl MuiInputBase-sizeSmall MuiInputBase-adornedStart css-1cj7mpt-MuiInputBase-root-MuiOutlinedInput-root"
            >
              <div
                class="MuiInputAdornment-root MuiInputAdornment-positionStart MuiInputAdornment-outlined MuiInputAdornment-sizeSmall css-ittuaa-MuiInputAdornment-root"
              >
                <span
                  class="notranslate"
                >
                  ​
                </span>
                <svg
                  aria-hidden="true"
                  class="MuiSvgIcon-root MuiSvgIcon-fontSizeMedium css-i4bv87-MuiSvgIcon-root"
                  data-testid="SearchIcon"
                  focusable="false"
                  viewBox="0 0 24 24"
                >
                  <path
                    d="M15.5 14h-.79l-.28-.27C15.41 12.59 16 11.11 16 9.5 16 5.91 13.09 3 9.5 3S3 5.91 3 9.5 5.91 16 9.5 16c1.61 0 3.09-.59 4.23-1.57l.27.28v.79l5 4.99L20.49 19zm-6 0C7.01 14 5 11.99 5 9.5S7.01 5 9.5 5 14 7.01 14 9.5 11.99 14 9.5 14"
                  />
                </svg>
              </div>
              <input
                aria-invalid="false"
                class="MuiInputBase-input MuiOutlinedInput-input MuiInputBase-inputSizeSmall MuiInputBase-inputAdornedStart css-1ua80n0-MuiInputBase-input-MuiOutlinedInput-input"
                id=":rt:"
                placeholder="Search payments..."
                type="text"
                value=""
              />
              <fieldset
                aria-hidden="true"
                class="MuiOutlinedInput-notchedOutline css-r01yff-MuiNotchedOutlined-root-MuiOutlinedInput-notchedOutline"
              >
                <legend
                  class="css-1whs34k-MuiNotchedOutlined-root"
                >
                  <span
                    class="notranslate"
                  >
                    ​
                  </span>
                </legend>
              </fieldset>
            </div>
          </div>
        </div>
        <div
          class="MuiGrid-root MuiGrid-item MuiGrid-grid-xs-12 MuiGrid-grid-sm-6 MuiGrid-grid-md-3 css-10voxkt-MuiGrid-root"
        >
          <div
            class="MuiFormControl-root MuiFormControl-fullWidth css-q8hpuo-MuiFormControl-root"
          >
            <label
              class="MuiFormLabel-root MuiInputLabel-root MuiInputLabel-formControl MuiInputLabel-animated MuiInputLabel-shrink MuiInputLabel-sizeSmall MuiInputLabel-outlined MuiFormLabel-colorPrimary MuiFormLabel-filled MuiInputLabel-root MuiInputLabel-formControl MuiInputLabel-animated MuiInputLabel-shrink MuiInputLabel-sizeSmall MuiInputLabel-outlined css-fe0mau-MuiFormLabel-root-MuiInputLabel-root"
              data-shrink="true"
            >
              Status
            </label>
            <div
              class="MuiInputBase-root MuiOutlinedInput-root MuiInputBase-colorPrimary MuiInputBase-formControl MuiInputBase-sizeSmall css-13lg1x7-MuiInputBase-root-MuiOutlinedInput-root-MuiSelect-root"
            >
              <div
                aria-controls=":ru:"
                aria-expanded="false"
                aria-haspopup="listbox"
                class="MuiSelect-select MuiSelect-outlined MuiInputBase-input MuiOutlinedInput-input MuiInputBase-inputSizeSmall css-1fzjff4-MuiSelect-select-MuiInputBase-input-MuiOutlinedInput-input"
                role="combobox"
                tabindex="0"
              >
                All Statuses
              </div>
              <input
                aria-hidden="true"
                aria-invalid="false"
                class="MuiSelect-nativeInput css-yf8vq0-MuiSelect-nativeInput"
                tabindex="-1"
                value="all"
              />
              <svg
                aria-hidden="true"
                class="MuiSvgIcon-root MuiSvgIcon-fontSizeMedium MuiSelect-icon MuiSelect-iconOutlined css-hfutr2-MuiSvgIcon-root-MuiSelect-icon"
                data-testid="ArrowDropDownIcon"
                focusable="false"
                viewBox="0 0 24 24"
              >
                <path
                  d="M7 10l5 5 5-5z"
                />
              </svg>[...
 × src/test/profile.test.tsx > Profile Components > ProfileHeader > displays availability status correctly 954ms
   → Found multiple elements with the text: Available for work

Here are the matching elements:

Ignored nodes: comments, script, style
<span
  class="MuiChip-label MuiChip-labelSmall css-wjsjww-MuiChip-label"
>
  Available for work
</span>

Ignored nodes: comments, script, style
<span
  class="MuiChip-label MuiChip-labelSmall css-wjsjww-MuiChip-label"
>
  Available for work
</span>

Ignored nodes: comments, script, style
<span
  class="MuiChip-label MuiChip-labelSmall css-wjsjww-MuiChip-label"
>
  Available for work
</span>

Ignored nodes: comments, script, style
<span
  class="MuiChip-label MuiChip-labelSmall css-wjsjww-MuiChip-label"
>
  Available for work
</span>

(If this is intentional, then use the `*AllBy*` variant of the query (like `queryAllByText`, `getAllByText`, or `findAllByText`)).

Ignored nodes: comments, script, style
<body
  style="padding-right: 1024px; overflow: hidden;"
>
  <div
    aria-hidden="true"
  >
    <div
      class="MuiBox-root css-0"
    >
      <div
        class="MuiBox-root css-i3pbo"
      >
        <h5
          class="MuiTypography-root MuiTypography-h5 MuiTypography-gutterBottom css-1hkf4sh-MuiTypography-root"
        >
          Payment History
        </h5>
        <p
          class="MuiTypography-root MuiTypography-body2 css-xtz2xu-MuiTypography-root"
        >
          1
           payment
           found
        </p>
      </div>
      <div
        class="MuiGrid-root MuiGrid-container MuiGrid-spacing-xs-2 css-12rc5ck-MuiGrid-root"
      >
        <div
          class="MuiGrid-root MuiGrid-item MuiGrid-grid-xs-12 MuiGrid-grid-sm-6 MuiGrid-grid-md-3 css-10voxkt-MuiGrid-root"
        >
          <div
            class="MuiFormControl-root MuiFormControl-fullWidth MuiTextField-root css-18hear-MuiFormControl-root-MuiTextField-root"
          >
            <div
              class="MuiInputBase-root MuiOutlinedInput-root MuiInputBase-colorPrimary MuiInputBase-fullWidth MuiInputBase-formControl MuiInputBase-sizeSmall MuiInputBase-adornedStart css-1cj7mpt-MuiInputBase-root-MuiOutlinedInput-root"
            >
              <div
                class="MuiInputAdornment-root MuiInputAdornment-positionStart MuiInputAdornment-outlined MuiInputAdornment-sizeSmall css-ittuaa-MuiInputAdornment-root"
              >
                <span
                  class="notranslate"
                >
                  ​
                </span>
                <svg
                  aria-hidden="true"
                  class="MuiSvgIcon-root MuiSvgIcon-fontSizeMedium css-i4bv87-MuiSvgIcon-root"
                  data-testid="SearchIcon"
                  focusable="false"
                  viewBox="0 0 24 24"
                >
                  <path
                    d="M15.5 14h-.79l-.28-.27C15.41 12.59 16 11.11 16 9.5 16 5.91 13.09 3 9.5 3S3 5.91 3 9.5 5.91 16 9.5 16c1.61 0 3.09-.59 4.23-1.57l.27.28v.79l5 4.99L20.49 19zm-6 0C7.01 14 5 11.99 5 9.5S7.01 5 9.5 5 14 7.01 14 9.5 11.99 14 9.5 14"
                  />
                </svg>
              </div>
              <input
                aria-invalid="false"
                class="MuiInputBase-input MuiOutlinedInput-input MuiInputBase-inputSizeSmall MuiInputBase-inputAdornedStart css-1ua80n0-MuiInputBase-input-MuiOutlinedInput-input"
                id=":rt:"
                placeholder="Search payments..."
                type="text"
                value=""
              />
              <fieldset
                aria-hidden="true"
                class="MuiOutlinedInput-notchedOutline css-r01yff-MuiNotchedOutlined-root-MuiOutlinedInput-notchedOutline"
              >
                <legend
                  class="css-1whs34k-MuiNotchedOutlined-root"
                >
                  <span
                    class="notranslate"
                  >
                    ​
                  </span>
                </legend>
              </fieldset>
            </div>
          </div>
        </div>
        <div
          class="MuiGrid-root MuiGrid-item MuiGrid-grid-xs-12 MuiGrid-grid-sm-6 MuiGrid-grid-md-3 css-10voxkt-MuiGrid-root"
        >
          <div
            class="MuiFormControl-root MuiFormControl-fullWidth css-q8hpuo-MuiFormControl-root"
          >
            <label
              class="MuiFormLabel-root MuiInputLabel-root MuiInputLabel-formControl MuiInputLabel-animated MuiInputLabel-shrink MuiInputLabel-sizeSmall MuiInputLabel-outlined MuiFormLabel-colorPrimary MuiFormLabel-filled MuiInputLabel-root MuiInputLabel-formControl MuiInputLabel-animated MuiInputLabel-shrink MuiInputLabel-sizeSmall MuiInputLabel-outlined css-fe0mau-MuiFormLabel-root-MuiInputLabel-root"
              data-shrink="true"
            >
              Status
            </label>
            <div
              class="MuiInputBase-root MuiOutlinedInput-root MuiInputBase-colorPrimary MuiInputBase-formControl MuiInputBase-sizeSmall css-13lg1x7-MuiInputBase-root-MuiOutlinedInput-root-MuiSelect-root"
            >
              <div
                aria-controls=":ru:"
                aria-expanded="false"
                aria-haspopup="listbox"
                class="MuiSelect-select MuiSelect-outlined MuiInputBase-input MuiOutlinedInput-input MuiInputBase-inputSizeSmall css-1fzjff4-MuiSelect-select-MuiInputBase-input-MuiOutlinedInput-input"
                role="combobox"
                tabindex="0"
              >
                All Statuses
              </div>
              <input
                aria-hidden="true"
                aria-invalid="false"
                class="MuiSelect-nativeInput css-yf8vq0-MuiSelect-nativeInput"
                tabindex="-1"
                value="all"
              />
              <svg
                aria-hidden="true"
                class="MuiSvgIcon-root MuiSvgIcon-fontSizeMedium MuiSelect-icon MuiSelect-iconOutlined css-hfutr2-MuiSvgIcon-root-MuiSelect-icon"
                data-testid="ArrowDropDownIcon"
                focusable="false"
                viewBox="0 0 24 24"
              >
                <path
                  d="M7 10l5 5 5-5z"
                />
              </svg>[...
 × src/test/profile.test.tsx > Profile Components > ProfileHeader > shows hourly rate for freelancers 904ms
   → Found multiple elements with the text: $50/hour

Here are the matching elements:

Ignored nodes: comments, script, style
<h5
  class="MuiTypography-root MuiTypography-h5 css-1invrju-MuiTypography-root"
>
  $
  50
  /hour
</h5>

Ignored nodes: comments, script, style
<h5
  class="MuiTypography-root MuiTypography-h5 css-1invrju-MuiTypography-root"
>
  $
  50
  /hour
</h5>

Ignored nodes: comments, script, style
<h5
  class="MuiTypography-root MuiTypography-h5 css-1invrju-MuiTypography-root"
>
  $
  50
  /hour
</h5>

Ignored nodes: comments, script, style
<h5
  class="MuiTypography-root MuiTypography-h5 css-1invrju-MuiTypography-root"
>
  $
  50
  /hour
</h5>

Ignored nodes: comments, script, style
<h5
  class="MuiTypography-root MuiTypography-h5 css-1invrju-MuiTypography-root"
>
  $
  50
  /hour
</h5>

(If this is intentional, then use the `*AllBy*` variant of the query (like `queryAllByText`, `getAllByText`, or `findAllByText`)).

Ignored nodes: comments, script, style
<body
  style="padding-right: 1024px; overflow: hidden;"
>
  <div
    aria-hidden="true"
  >
    <div
      class="MuiBox-root css-0"
    >
      <div
        class="MuiBox-root css-i3pbo"
      >
        <h5
          class="MuiTypography-root MuiTypography-h5 MuiTypography-gutterBottom css-1hkf4sh-MuiTypography-root"
        >
          Payment History
        </h5>
        <p
          class="MuiTypography-root MuiTypography-body2 css-xtz2xu-MuiTypography-root"
        >
          1
           payment
           found
        </p>
      </div>
      <div
        class="MuiGrid-root MuiGrid-container MuiGrid-spacing-xs-2 css-12rc5ck-MuiGrid-root"
      >
        <div
          class="MuiGrid-root MuiGrid-item MuiGrid-grid-xs-12 MuiGrid-grid-sm-6 MuiGrid-grid-md-3 css-10voxkt-MuiGrid-root"
        >
          <div
            class="MuiFormControl-root MuiFormControl-fullWidth MuiTextField-root css-18hear-MuiFormControl-root-MuiTextField-root"
          >
            <div
              class="MuiInputBase-root MuiOutlinedInput-root MuiInputBase-colorPrimary MuiInputBase-fullWidth MuiInputBase-formControl MuiInputBase-sizeSmall MuiInputBase-adornedStart css-1cj7mpt-MuiInputBase-root-MuiOutlinedInput-root"
            >
              <div
                class="MuiInputAdornment-root MuiInputAdornment-positionStart MuiInputAdornment-outlined MuiInputAdornment-sizeSmall css-ittuaa-MuiInputAdornment-root"
              >
                <span
                  class="notranslate"
                >
                  ​
                </span>
                <svg
                  aria-hidden="true"
                  class="MuiSvgIcon-root MuiSvgIcon-fontSizeMedium css-i4bv87-MuiSvgIcon-root"
                  data-testid="SearchIcon"
                  focusable="false"
                  viewBox="0 0 24 24"
                >
                  <path
                    d="M15.5 14h-.79l-.28-.27C15.41 12.59 16 11.11 16 9.5 16 5.91 13.09 3 9.5 3S3 5.91 3 9.5 5.91 16 9.5 16c1.61 0 3.09-.59 4.23-1.57l.27.28v.79l5 4.99L20.49 19zm-6 0C7.01 14 5 11.99 5 9.5S7.01 5 9.5 5 14 7.01 14 9.5 11.99 14 9.5 14"
                  />
                </svg>
              </div>
              <input
                aria-invalid="false"
                class="MuiInputBase-input MuiOutlinedInput-input MuiInputBase-inputSizeSmall MuiInputBase-inputAdornedStart css-1ua80n0-MuiInputBase-input-MuiOutlinedInput-input"
                id=":rt:"
                placeholder="Search payments..."
                type="text"
                value=""
              />
              <fieldset
                aria-hidden="true"
                class="MuiOutlinedInput-notchedOutline css-r01yff-MuiNotchedOutlined-root-MuiOutlinedInput-notchedOutline"
              >
                <legend
                  class="css-1whs34k-MuiNotchedOutlined-root"
                >
                  <span
                    class="notranslate"
                  >
                    ​
                  </span>
                </legend>
              </fieldset>
            </div>
          </div>
        </div>
        <div
          class="MuiGrid-root MuiGrid-item MuiGrid-grid-xs-12 MuiGrid-grid-sm-6 MuiGrid-grid-md-3 css-10voxkt-MuiGrid-root"
        >
          <div
            class="MuiFormControl-root MuiFormControl-fullWidth css-q8hpuo-MuiFormControl-root"
          >
            <label
              class="MuiFormLabel-root MuiInputLabel-root MuiInputLabel-formControl MuiInputLabel-animated MuiInputLabel-shrink MuiInputLabel-sizeSmall MuiInputLabel-outlined MuiFormLabel-colorPrimary MuiFormLabel-filled MuiInputLabel-root MuiInputLabel-formControl MuiInputLabel-animated MuiInputLabel-shrink MuiInputLabel-sizeSmall MuiInputLabel-outlined css-fe0mau-MuiFormLabel-root-MuiInputLabel-root"
              data-shrink="true"
            >
              Status
            </label>
            <div
              class="MuiInputBase-root MuiOutlinedInput-root MuiInputBase-colorPrimary MuiInputBase-formControl MuiInputBase-sizeSmall css-13lg1x7-MuiInputBase-root-MuiOutlinedInput-root-MuiSelect-root"
            >
              <div
                aria-controls=":ru:"
                aria-expanded="false"
                aria-haspopup="listbox"
                class="MuiSelect-select MuiSelect-outlined MuiInputBase-input MuiOutlinedInput-input MuiInputBase-inputSizeSmall css-1fzjff4-MuiSelect-select-MuiInputBase-input-MuiOutlinedInput-input"
                role="combobox"
                tabindex="0"
              >
                All Statuses
              </div>
              <input
                aria-hidden="true"
                aria-invalid="false"
                class="MuiSelect-nativeInput css-yf8vq0-MuiSelect-nativeInput"
                tabindex="-1"
                value="all"
              />
              <svg
                aria-hidden="true"
                class="MuiSvgIcon-root MuiSvgIcon-fontSizeMedium MuiSelect-icon MuiSelect-iconOutlined css-hfutr2-MuiSvgIcon-root-MuiSelect-icon"
                data-testid="ArrowDropDownIcon"
                focusable="false"
                viewBox="0 0 24 24"
              >
                <path
                  d="M7 10l5 5 5-5z"
                />
              </svg>[...
 × src/test/profile.test.tsx > Profile Components > SkillsManager > displays skills correctly 2538ms
   → Found multiple elements with the text: React

Here are the matching elements:

Ignored nodes: comments, script, style
<span
  class="MuiChip-label MuiChip-labelSmall css-rrn746-MuiChip-label"
>
  React
</span>

Ignored nodes: comments, script, style
<span
  class="MuiChip-label MuiChip-labelSmall css-rrn746-MuiChip-label"
>
  React
</span>

Ignored nodes: comments, script, style
<span
  class="MuiChip-label MuiChip-labelSmall css-rrn746-MuiChip-label"
>
  React
</span>

Ignored nodes: comments, script, style
<span
  class="MuiChip-label MuiChip-labelSmall css-rrn746-MuiChip-label"
>
  React
</span>

Ignored nodes: comments, script, style
<span
  class="MuiChip-label MuiChip-labelSmall css-rrn746-MuiChip-label"
>
  React
</span>

Ignored nodes: comments, script, style
<span
  class="MuiChip-label MuiChip-labelSmall css-rrn746-MuiChip-label"
>
  React
</span>

Ignored nodes: comments, script, style
<span
  class="MuiChip-label MuiChip-labelSmall css-rrn746-MuiChip-label"
>
  React
</span>

Ignored nodes: comments, script, style
<span
  class="MuiChip-label MuiChip-labelSmall css-rrn746-MuiChip-label"
>
  React
</span>

Ignored nodes: comments, script, style
<span
  class="MuiChip-label MuiChip-labelSmall css-rrn746-MuiChip-label"
>
  React
</span>

Ignored nodes: comments, script, style
<span
  class="MuiChip-label MuiChip-labelSmall css-rrn746-MuiChip-label"
>
  React
</span>

Ignored nodes: comments, script, style
<span
  class="MuiChip-label MuiChip-labelSmall css-rrn746-MuiChip-label"
>
  React
</span>

Ignored nodes: comments, script, style
<span
  class="MuiChip-label MuiChip-labelSmall css-rrn746-MuiChip-label"
>
  React
</span>

Ignored nodes: comments, script, style
<span
  class="MuiChip-label MuiChip-labelSmall css-rrn746-MuiChip-label"
>
  React
</span>

Ignored nodes: comments, script, style
<span>
  React
</span>

(If this is intentional, then use the `*AllBy*` variant of the query (like `queryAllByText`, `getAllByText`, or `findAllByText`)).

Ignored nodes: comments, script, style
<body
  style="padding-right: 1024px; overflow: hidden;"
>
  <div
    aria-hidden="true"
  >
    <div
      class="MuiBox-root css-0"
    >
      <div
        class="MuiBox-root css-i3pbo"
      >
        <h5
          class="MuiTypography-root MuiTypography-h5 MuiTypography-gutterBottom css-1hkf4sh-MuiTypography-root"
        >
          Payment History
        </h5>
        <p
          class="MuiTypography-root MuiTypography-body2 css-xtz2xu-MuiTypography-root"
        >
          1
           payment
           found
        </p>
      </div>
      <div
        class="MuiGrid-root MuiGrid-container MuiGrid-spacing-xs-2 css-12rc5ck-MuiGrid-root"
      >
        <div
          class="MuiGrid-root MuiGrid-item MuiGrid-grid-xs-12 MuiGrid-grid-sm-6 MuiGrid-grid-md-3 css-10voxkt-MuiGrid-root"
        >
          <div
            class="MuiFormControl-root MuiFormControl-fullWidth MuiTextField-root css-18hear-MuiFormControl-root-MuiTextField-root"
          >
            <div
              class="MuiInputBase-root MuiOutlinedInput-root MuiInputBase-colorPrimary MuiInputBase-fullWidth MuiInputBase-formControl MuiInputBase-sizeSmall MuiInputBase-adornedStart css-1cj7mpt-MuiInputBase-root-MuiOutlinedInput-root"
            >
              <div
                class="MuiInputAdornment-root MuiInputAdornment-positionStart MuiInputAdornment-outlined MuiInputAdornment-sizeSmall css-ittuaa-MuiInputAdornment-root"
              >
                <span
                  class="notranslate"
                >
                  ​
                </span>
                <svg
                  aria-hidden="true"
                  class="MuiSvgIcon-root MuiSvgIcon-fontSizeMedium css-i4bv87-MuiSvgIcon-root"
                  data-testid="SearchIcon"
                  focusable="false"
                  viewBox="0 0 24 24"
                >
                  <path
                    d="M15.5 14h-.79l-.28-.27C15.41 12.59 16 11.11 16 9.5 16 5.91 13.09 3 9.5 3S3 5.91 3 9.5 5.91 16 9.5 16c1.61 0 3.09-.59 4.23-1.57l.27.28v.79l5 4.99L20.49 19zm-6 0C7.01 14 5 11.99 5 9.5S7.01 5 9.5 5 14 7.01 14 9.5 11.99 14 9.5 14"
                  />
                </svg>
              </div>
              <input
                aria-invalid="false"
                class="MuiInputBase-input MuiOutlinedInput-input MuiInputBase-inputSizeSmall MuiInputBase-inputAdornedStart css-1ua80n0-MuiInputBase-input-MuiOutlinedInput-input"
                id=":rt:"
                placeholder="Search payments..."
                type="text"
                value=""
              />
              <fieldset
                aria-hidden="true"
                class="MuiOutlinedInput-notchedOutline css-r01yff-MuiNotchedOutlined-root-MuiOutlinedInput-notchedOutline"
              >
                <legend
                  class="css-1whs34k-MuiNotchedOutlined-root"
                >
                  <span
                    class="notranslate"
                  >
                    ​
                  </span>
                </legend>
              </fieldset>
            </div>
          </div>
        </div>
        <div
          class="MuiGrid-root MuiGrid-item MuiGrid-grid-xs-12 MuiGrid-grid-sm-6 MuiGrid-grid-md-3 css-10voxkt-MuiGrid-root"
        >
          <div
            class="MuiFormControl-root MuiFormControl-fullWidth css-q8hpuo-MuiFormControl-root"
          >
            <label
              class="MuiFormLabel-root MuiInputLabel-root MuiInputLabel-formControl MuiInputLabel-animated MuiInputLabel-shrink MuiInputLabel-sizeSmall MuiInputLabel-outlined MuiFormLabel-colorPrimary MuiFormLabel-filled MuiInputLabel-root MuiInputLabel-formControl MuiInputLabel-animated MuiInputLabel-shrink MuiInputLabel-sizeSmall MuiInputLabel-outlined css-fe0mau-MuiFormLabel-root-MuiInputLabel-root"
              data-shrink="true"
            >
              Status
            </label>
            <div
              class="MuiInputBase-root MuiOutlinedInput-root MuiInputBase-colorPrimary MuiInputBase-formControl MuiInputBase-sizeSmall css-13lg1x7-MuiInputBase-root-MuiOutlinedInput-root-MuiSelect-root"
            >
              <div
                aria-controls=":ru:"
                aria-expanded="false"
                aria-haspopup="listbox"
                class="MuiSelect-select MuiSelect-outlined MuiInputBase-input MuiOutlinedInput-input MuiInputBase-inputSizeSmall css-1fzjff4-MuiSelect-select-MuiInputBase-input-MuiOutlinedInput-input"
                role="combobox"
                tabindex="0"
              >
                All Statuses
              </div>
              <input
                aria-hidden="true"
                aria-invalid="false"
                class="MuiSelect-nativeInput css-yf8vq0-MuiSelect-nativeInput"
                tabindex="-1"
                value="all"
              />
              <svg
                aria-hidden="true"
                class="MuiSvgIcon-root MuiSvgIcon-fontSizeMedium MuiSelect-icon MuiSelect-iconOutlined css-hfutr2-MuiSvgIcon-root-MuiSelect-icon"
                data-testid="ArrowDropDownIcon"
                focusable="false"
                viewBox="0 0 24 24"
              >
                <path
                  d="M7 10l5 5 5-5z"
                />
              </svg>[...
 × src/test/profile.test.tsx > Profile Components > SkillsManager > shows skill rates when available 1031ms
   → Found multiple elements with the text: /\$60\/hr/

Here are the matching elements:

Ignored nodes: comments, script, style
<span
  class="MuiBox-root css-1o5izto"
>
  $
  60
  /hr
</span>

Ignored nodes: comments, script, style
<span
  class="MuiBox-root css-1o5izto"
>
  $
  60
  /hr
</span>

(If this is intentional, then use the `*AllBy*` variant of the query (like `queryAllByText`, `getAllByText`, or `findAllByText`)).

Ignored nodes: comments, script, style
<body
  style="padding-right: 1024px; overflow: hidden;"
>
  <div
    aria-hidden="true"
  >
    <div
      class="MuiBox-root css-0"
    >
      <div
        class="MuiBox-root css-i3pbo"
      >
        <h5
          class="MuiTypography-root MuiTypography-h5 MuiTypography-gutterBottom css-1hkf4sh-MuiTypography-root"
        >
          Payment History
        </h5>
        <p
          class="MuiTypography-root MuiTypography-body2 css-xtz2xu-MuiTypography-root"
        >
          1
           payment
           found
        </p>
      </div>
      <div
        class="MuiGrid-root MuiGrid-container MuiGrid-spacing-xs-2 css-12rc5ck-MuiGrid-root"
      >
        <div
          class="MuiGrid-root MuiGrid-item MuiGrid-grid-xs-12 MuiGrid-grid-sm-6 MuiGrid-grid-md-3 css-10voxkt-MuiGrid-root"
        >
          <div
            class="MuiFormControl-root MuiFormControl-fullWidth MuiTextField-root css-18hear-MuiFormControl-root-MuiTextField-root"
          >
            <div
              class="MuiInputBase-root MuiOutlinedInput-root MuiInputBase-colorPrimary MuiInputBase-fullWidth MuiInputBase-formControl MuiInputBase-sizeSmall MuiInputBase-adornedStart css-1cj7mpt-MuiInputBase-root-MuiOutlinedInput-root"
            >
              <div
                class="MuiInputAdornment-root MuiInputAdornment-positionStart MuiInputAdornment-outlined MuiInputAdornment-sizeSmall css-ittuaa-MuiInputAdornment-root"
              >
                <span
                  class="notranslate"
                >
                  ​
                </span>
                <svg
                  aria-hidden="true"
                  class="MuiSvgIcon-root MuiSvgIcon-fontSizeMedium css-i4bv87-MuiSvgIcon-root"
                  data-testid="SearchIcon"
                  focusable="false"
                  viewBox="0 0 24 24"
                >
                  <path
                    d="M15.5 14h-.79l-.28-.27C15.41 12.59 16 11.11 16 9.5 16 5.91 13.09 3 9.5 3S3 5.91 3 9.5 5.91 16 9.5 16c1.61 0 3.09-.59 4.23-1.57l.27.28v.79l5 4.99L20.49 19zm-6 0C7.01 14 5 11.99 5 9.5S7.01 5 9.5 5 14 7.01 14 9.5 11.99 14 9.5 14"
                  />
                </svg>
              </div>
              <input
                aria-invalid="false"
                class="MuiInputBase-input MuiOutlinedInput-input MuiInputBase-inputSizeSmall MuiInputBase-inputAdornedStart css-1ua80n0-MuiInputBase-input-MuiOutlinedInput-input"
                id=":rt:"
                placeholder="Search payments..."
                type="text"
                value=""
              />
              <fieldset
                aria-hidden="true"
                class="MuiOutlinedInput-notchedOutline css-r01yff-MuiNotchedOutlined-root-MuiOutlinedInput-notchedOutline"
              >
                <legend
                  class="css-1whs34k-MuiNotchedOutlined-root"
                >
                  <span
                    class="notranslate"
                  >
                    ​
                  </span>
                </legend>
              </fieldset>
            </div>
          </div>
        </div>
        <div
          class="MuiGrid-root MuiGrid-item MuiGrid-grid-xs-12 MuiGrid-grid-sm-6 MuiGrid-grid-md-3 css-10voxkt-MuiGrid-root"
        >
          <div
            class="MuiFormControl-root MuiFormControl-fullWidth css-q8hpuo-MuiFormControl-root"
          >
            <label
              class="MuiFormLabel-root MuiInputLabel-root MuiInputLabel-formControl MuiInputLabel-animated MuiInputLabel-shrink MuiInputLabel-sizeSmall MuiInputLabel-outlined MuiFormLabel-colorPrimary MuiFormLabel-filled MuiInputLabel-root MuiInputLabel-formControl MuiInputLabel-animated MuiInputLabel-shrink MuiInputLabel-sizeSmall MuiInputLabel-outlined css-fe0mau-MuiFormLabel-root-MuiInputLabel-root"
              data-shrink="true"
            >
              Status
            </label>
            <div
              class="MuiInputBase-root MuiOutlinedInput-root MuiInputBase-colorPrimary MuiInputBase-formControl MuiInputBase-sizeSmall css-13lg1x7-MuiInputBase-root-MuiOutlinedInput-root-MuiSelect-root"
            >
              <div
                aria-controls=":ru:"
                aria-expanded="false"
                aria-haspopup="listbox"
                class="MuiSelect-select MuiSelect-outlined MuiInputBase-input MuiOutlinedInput-input MuiInputBase-inputSizeSmall css-1fzjff4-MuiSelect-select-MuiInputBase-input-MuiOutlinedInput-input"
                role="combobox"
                tabindex="0"
              >
                All Statuses
              </div>
              <input
                aria-hidden="true"
                aria-invalid="false"
                class="MuiSelect-nativeInput css-yf8vq0-MuiSelect-nativeInput"
                tabindex="-1"
                value="all"
              />
              <svg
                aria-hidden="true"
                class="MuiSvgIcon-root MuiSvgIcon-fontSizeMedium MuiSelect-icon MuiSelect-iconOutlined css-hfutr2-MuiSvgIcon-root-MuiSelect-icon"
                data-testid="ArrowDropDownIcon"
                focusable="false"
                viewBox="0 0 24 24"
              >
                <path
                  d="M7 10l5 5 5-5z"
                />
              </svg>[...
 ✓ src/test/profile.test.tsx > Profile Components > SkillsManager > shows add skill button when editable 2075ms
 × src/test/profile.test.tsx > Profile Components > SkillsManager > opens add skill dialog when button clicked 933ms
   → Found multiple elements with the text: Add Skill

Here are the matching elements:

Ignored nodes: comments, script, style
<button
  class="MuiButtonBase-root MuiButton-root MuiButton-outlined MuiButton-outlinedPrimary MuiButton-sizeSmall MuiButton-outlinedSizeSmall MuiButton-colorPrimary MuiButton-root MuiButton-outlined MuiButton-outlinedPrimary MuiButton-sizeSmall MuiButton-outlinedSizeSmall MuiButton-colorPrimary css-1k23hlb-MuiButtonBase-root-MuiButton-root"
  tabindex="0"
  type="button"
>
  <span
    class="MuiButton-icon MuiButton-startIcon MuiButton-iconSizeSmall css-y6rp3m-MuiButton-startIcon"
  >
    <svg
      aria-hidden="true"
      class="MuiSvgIcon-root MuiSvgIcon-fontSizeMedium css-i4bv87-MuiSvgIcon-root"
      data-testid="AddIcon"
      focusable="false"
      viewBox="0 0 24 24"
    >
      <path
        d="M19 13h-6v6h-2v-6H5v-2h6V5h2v6h6z"
      />
    </svg>
  </span>
  Add Skill
  <span
    class="MuiTouchRipple-root css-8je8zh-MuiTouchRipple-root"
  />
</button>

Ignored nodes: comments, script, style
<button
  class="MuiButtonBase-root MuiButton-root MuiButton-outlined MuiButton-outlinedPrimary MuiButton-sizeSmall MuiButton-outlinedSizeSmall MuiButton-colorPrimary MuiButton-root MuiButton-outlined MuiButton-outlinedPrimary MuiButton-sizeSmall MuiButton-outlinedSizeSmall MuiButton-colorPrimary css-1k23hlb-MuiButtonBase-root-MuiButton-root"
  tabindex="0"
  type="button"
>
  <span
    class="MuiButton-icon MuiButton-startIcon MuiButton-iconSizeSmall css-y6rp3m-MuiButton-startIcon"
  >
    <svg
      aria-hidden="true"
      class="MuiSvgIcon-root MuiSvgIcon-fontSizeMedium css-i4bv87-MuiSvgIcon-root"
      data-testid="AddIcon"
      focusable="false"
      viewBox="0 0 24 24"
    >
      <path
        d="M19 13h-6v6h-2v-6H5v-2h6V5h2v6h6z"
      />
    </svg>
  </span>
  Add Skill
  <span
    class="MuiTouchRipple-root css-8je8zh-MuiTouchRipple-root"
  />
</button>

(If this is intentional, then use the `*AllBy*` variant of the query (like `queryAllByText`, `getAllByText`, or `findAllByText`)).

Ignored nodes: comments, script, style
<body
  style="padding-right: 1024px; overflow: hidden;"
>
  <div
    aria-hidden="true"
  >
    <div
      class="MuiBox-root css-0"
    >
      <div
        class="MuiBox-root css-i3pbo"
      >
        <h5
          class="MuiTypography-root MuiTypography-h5 MuiTypography-gutterBottom css-1hkf4sh-MuiTypography-root"
        >
          Payment History
        </h5>
        <p
          class="MuiTypography-root MuiTypography-body2 css-xtz2xu-MuiTypography-root"
        >
          1
           payment
           found
        </p>
      </div>
      <div
        class="MuiGrid-root MuiGrid-container MuiGrid-spacing-xs-2 css-12rc5ck-MuiGrid-root"
      >
        <div
          class="MuiGrid-root MuiGrid-item MuiGrid-grid-xs-12 MuiGrid-grid-sm-6 MuiGrid-grid-md-3 css-10voxkt-MuiGrid-root"
        >
          <div
            class="MuiFormControl-root MuiFormControl-fullWidth MuiTextField-root css-18hear-MuiFormControl-root-MuiTextField-root"
          >
            <div
              class="MuiInputBase-root MuiOutlinedInput-root MuiInputBase-colorPrimary MuiInputBase-fullWidth MuiInputBase-formControl MuiInputBase-sizeSmall MuiInputBase-adornedStart css-1cj7mpt-MuiInputBase-root-MuiOutlinedInput-root"
            >
              <div
                class="MuiInputAdornment-root MuiInputAdornment-positionStart MuiInputAdornment-outlined MuiInputAdornment-sizeSmall css-ittuaa-MuiInputAdornment-root"
              >
                <span
                  class="notranslate"
                >
                  ​
                </span>
                <svg
                  aria-hidden="true"
                  class="MuiSvgIcon-root MuiSvgIcon-fontSizeMedium css-i4bv87-MuiSvgIcon-root"
                  data-testid="SearchIcon"
                  focusable="false"
                  viewBox="0 0 24 24"
                >
                  <path
                    d="M15.5 14h-.79l-.28-.27C15.41 12.59 16 11.11 16 9.5 16 5.91 13.09 3 9.5 3S3 5.91 3 9.5 5.91 16 9.5 16c1.61 0 3.09-.59 4.23-1.57l.27.28v.79l5 4.99L20.49 19zm-6 0C7.01 14 5 11.99 5 9.5S7.01 5 9.5 5 14 7.01 14 9.5 11.99 14 9.5 14"
                  />
                </svg>
              </div>
              <input
                aria-invalid="false"
                class="MuiInputBase-input MuiOutlinedInput-input MuiInputBase-inputSizeSmall MuiInputBase-inputAdornedStart css-1ua80n0-MuiInputBase-input-MuiOutlinedInput-input"
                id=":rt:"
                placeholder="Search payments..."
                type="text"
                value=""
              />
              <fieldset
                aria-hidden="true"
                class="MuiOutlinedInput-notchedOutline css-r01yff-MuiNotchedOutlined-root-MuiOutlinedInput-notchedOutline"
              >
                <legend
                  class="css-1whs34k-MuiNotchedOutlined-root"
                >
                  <span
                    class="notranslate"
                  >
                    ​
                  </span>
                </legend>
              </fieldset>
            </div>
          </div>
        </div>
        <div
          class="MuiGrid-root MuiGrid-item MuiGrid-grid-xs-12 MuiGrid-grid-sm-6 MuiGrid-grid-md-3 css-10voxkt-MuiGrid-root"
        >
          <div
            class="MuiFormControl-root MuiFormControl-fullWidth css-q8hpuo-MuiFormControl-root"
          >
            <label
              class="MuiFormLabel-root MuiInputLabel-root MuiInputLabel-formControl MuiInputLabel-animated MuiInputLabel-shrink MuiInputLabel-sizeSmall MuiInputLabel-outlined MuiFormLabel-colorPrimary MuiFormLabel-filled MuiInputLabel-root MuiInputLabel-formControl MuiInputLabel-animated MuiInputLabel-shrink MuiInputLabel-sizeSmall MuiInputLabel-outlined css-fe0mau-MuiFormLabel-root-MuiInputLabel-root"
              data-shrink="true"
            >
              Status
            </label>
            <div
              class="MuiInputBase-root MuiOutlinedInput-root MuiInputBase-colorPrimary MuiInputBase-formControl MuiInputBase-sizeSmall css-13lg1x7-MuiInputBase-root-MuiOutlinedInput-root-MuiSelect-root"
            >
              <div
                aria-controls=":ru:"
                aria-expanded="false"
                aria-haspopup="listbox"
                class="MuiSelect-select MuiSelect-outlined MuiInputBase-input MuiOutlinedInput-input MuiInputBase-inputSizeSmall css-1fzjff4-MuiSelect-select-MuiInputBase-input-MuiOutlinedInput-input"
                role="combobox"
                tabindex="0"
              >
                All Statuses
              </div>
              <input
                aria-hidden="true"
                aria-invalid="false"
                class="MuiSelect-nativeInput css-yf8vq0-MuiSelect-nativeInput"
                tabindex="-1"
                value="all"
              />
              <svg
                aria-hidden="true"
                class="MuiSvgIcon-root MuiSvgIcon-fontSizeMedium MuiSelect-icon MuiSelect-iconOutlined css-hfutr2-MuiSvgIcon-root-MuiSelect-icon"
                data-testid="ArrowDropDownIcon"
                focusable="false"
                viewBox="0 0 24 24"
              >
                <path
                  d="M7 10l5 5 5-5z"
                />
              </svg>[...
 ✓ src/test/profile.test.tsx > Profile Components > SkillsManager > shows empty state when no skills 699ms
 × src/test/profile.test.tsx > Profile Components > FreelancerCard > renders freelancer information correctly 1755ms
   → Found multiple elements with the text: John Doe

Here are the matching elements:

Ignored nodes: comments, script, style
<h1
  class="MuiTypography-root MuiTypography-h4 css-5lbw0b-MuiTypography-root"
>
  John
   
  Doe
</h1>

Ignored nodes: comments, script, style
<h1
  class="MuiTypography-root MuiTypography-h4 css-5lbw0b-MuiTypography-root"
>
  John
   
  Doe
</h1>

Ignored nodes: comments, script, style
<h1
  class="MuiTypography-root MuiTypography-h4 css-5lbw0b-MuiTypography-root"
>
  John
   
  Doe
</h1>

Ignored nodes: comments, script, style
<h1
  class="MuiTypography-root MuiTypography-h4 css-5lbw0b-MuiTypography-root"
>
  John
   
  Doe
</h1>

Ignored nodes: comments, script, style
<h1
  class="MuiTypography-root MuiTypography-h4 css-5lbw0b-MuiTypography-root"
>
  John
   
  Doe
</h1>

Ignored nodes: comments, script, style
<h3
  class="MuiTypography-root MuiTypography-h6 css-2ulfj5-MuiTypography-root"
>
  John
   
  Doe
</h3>

(If this is intentional, then use the `*AllBy*` variant of the query (like `queryAllByText`, `getAllByText`, or `findAllByText`)).

Ignored nodes: comments, script, style
<body
  style="padding-right: 1024px; overflow: hidden;"
>
  <div
    aria-hidden="true"
  >
    <div
      class="MuiBox-root css-0"
    >
      <div
        class="MuiBox-root css-i3pbo"
      >
        <h5
          class="MuiTypography-root MuiTypography-h5 MuiTypography-gutterBottom css-1hkf4sh-MuiTypography-root"
        >
          Payment History
        </h5>
        <p
          class="MuiTypography-root MuiTypography-body2 css-xtz2xu-MuiTypography-root"
        >
          1
           payment
           found
        </p>
      </div>
      <div
        class="MuiGrid-root MuiGrid-container MuiGrid-spacing-xs-2 css-12rc5ck-MuiGrid-root"
      >
        <div
          class="MuiGrid-root MuiGrid-item MuiGrid-grid-xs-12 MuiGrid-grid-sm-6 MuiGrid-grid-md-3 css-10voxkt-MuiGrid-root"
        >
          <div
            class="MuiFormControl-root MuiFormControl-fullWidth MuiTextField-root css-18hear-MuiFormControl-root-MuiTextField-root"
          >
            <div
              class="MuiInputBase-root MuiOutlinedInput-root MuiInputBase-colorPrimary MuiInputBase-fullWidth MuiInputBase-formControl MuiInputBase-sizeSmall MuiInputBase-adornedStart css-1cj7mpt-MuiInputBase-root-MuiOutlinedInput-root"
            >
              <div
                class="MuiInputAdornment-root MuiInputAdornment-positionStart MuiInputAdornment-outlined MuiInputAdornment-sizeSmall css-ittuaa-MuiInputAdornment-root"
              >
                <span
                  class="notranslate"
                >
                  ​
                </span>
                <svg
                  aria-hidden="true"
                  class="MuiSvgIcon-root MuiSvgIcon-fontSizeMedium css-i4bv87-MuiSvgIcon-root"
                  data-testid="SearchIcon"
                  focusable="false"
                  viewBox="0 0 24 24"
                >
                  <path
                    d="M15.5 14h-.79l-.28-.27C15.41 12.59 16 11.11 16 9.5 16 5.91 13.09 3 9.5 3S3 5.91 3 9.5 5.91 16 9.5 16c1.61 0 3.09-.59 4.23-1.57l.27.28v.79l5 4.99L20.49 19zm-6 0C7.01 14 5 11.99 5 9.5S7.01 5 9.5 5 14 7.01 14 9.5 11.99 14 9.5 14"
                  />
                </svg>
              </div>
              <input
                aria-invalid="false"
                class="MuiInputBase-input MuiOutlinedInput-input MuiInputBase-inputSizeSmall MuiInputBase-inputAdornedStart css-1ua80n0-MuiInputBase-input-MuiOutlinedInput-input"
                id=":rt:"
                placeholder="Search payments..."
                type="text"
                value=""
              />
              <fieldset
                aria-hidden="true"
                class="MuiOutlinedInput-notchedOutline css-r01yff-MuiNotchedOutlined-root-MuiOutlinedInput-notchedOutline"
              >
                <legend
                  class="css-1whs34k-MuiNotchedOutlined-root"
                >
                  <span
                    class="notranslate"
                  >
                    ​
                  </span>
                </legend>
              </fieldset>
            </div>
          </div>
        </div>
        <div
          class="MuiGrid-root MuiGrid-item MuiGrid-grid-xs-12 MuiGrid-grid-sm-6 MuiGrid-grid-md-3 css-10voxkt-MuiGrid-root"
        >
          <div
            class="MuiFormControl-root MuiFormControl-fullWidth css-q8hpuo-MuiFormControl-root"
          >
            <label
              class="MuiFormLabel-root MuiInputLabel-root MuiInputLabel-formControl MuiInputLabel-animated MuiInputLabel-shrink MuiInputLabel-sizeSmall MuiInputLabel-outlined MuiFormLabel-colorPrimary MuiFormLabel-filled MuiInputLabel-root MuiInputLabel-formControl MuiInputLabel-animated MuiInputLabel-shrink MuiInputLabel-sizeSmall MuiInputLabel-outlined css-fe0mau-MuiFormLabel-root-MuiInputLabel-root"
              data-shrink="true"
            >
              Status
            </label>
            <div
              class="MuiInputBase-root MuiOutlinedInput-root MuiInputBase-colorPrimary MuiInputBase-formControl MuiInputBase-sizeSmall css-13lg1x7-MuiInputBase-root-MuiOutlinedInput-root-MuiSelect-root"
            >
              <div
                aria-controls=":ru:"
                aria-expanded="false"
                aria-haspopup="listbox"
                class="MuiSelect-select MuiSelect-outlined MuiInputBase-input MuiOutlinedInput-input MuiInputBase-inputSizeSmall css-1fzjff4-MuiSelect-select-MuiInputBase-input-MuiOutlinedInput-input"
                role="combobox"
                tabindex="0"
              >
                All Statuses
              </div>
              <input
                aria-hidden="true"
                aria-invalid="false"
                class="MuiSelect-nativeInput css-yf8vq0-MuiSelect-nativeInput"
                tabindex="-1"
                value="all"
              />
              <svg
                aria-hidden="true"
                class="MuiSvgIcon-root MuiSvgIcon-fontSizeMedium MuiSelect-icon MuiSelect-iconOutlined css-hfutr2-MuiSvgIcon-root-MuiSelect-icon"
                data-testid="ArrowDropDownIcon"
                focusable="false"
                viewBox="0 0 24 24"
              >
                <path
                  d="M7 10l5 5 5-5z"
                />
              </svg>[...
 ✓ src/test/profile.test.tsx > Profile Components > FreelancerCard > displays skills with overflow indicator 1147ms
 × src/test/profile.test.tsx > Profile Components > FreelancerCard > shows verified badge for verified freelancers 22661ms
   → Found multiple elements with the text of: Verified freelancer

Here are the matching elements:

Ignored nodes: comments, script, style
<svg
  aria-hidden="true"
  aria-label="Verified freelancer"
  class="MuiSvgIcon-root MuiSvgIcon-colorPrimary MuiSvgIcon-fontSizeSmall css-1bptiuh-MuiSvgIcon-root"
  data-mui-internal-clone-element="true"
  data-testid="VerifiedIcon"
  focusable="false"
  viewBox="0 0 24 24"
>
  <path
    d="m23 12-2.44-2.79.34-3.69-3.61-.82-1.89-3.2L12 2.96 8.6 1.5 6.71 4.69 3.1 5.5l.34 3.7L1 12l2.44 2.79-.34 3.7 3.61.82L8.6 22.5l3.4-1.47 3.4 1.46 1.89-3.19 3.61-.82-.34-3.69zm-12.91 4.72-3.8-3.81 1.48-1.48 2.32 2.33 5.85-5.87 1.48 1.48z"
  />
</svg>

Ignored nodes: comments, script, style
<svg
  aria-hidden="true"
  aria-label="Verified freelancer"
  class="MuiSvgIcon-root MuiSvgIcon-colorPrimary MuiSvgIcon-fontSizeSmall css-1bptiuh-MuiSvgIcon-root"
  data-mui-internal-clone-element="true"
  data-testid="VerifiedIcon"
  focusable="false"
  viewBox="0 0 24 24"
>
  <path
    d="m23 12-2.44-2.79.34-3.69-3.61-.82-1.89-3.2L12 2.96 8.6 1.5 6.71 4.69 3.1 5.5l.34 3.7L1 12l2.44 2.79-.34 3.7 3.61.82L8.6 22.5l3.4-1.47 3.4 1.46 1.89-3.19 3.61-.82-.34-3.69zm-12.91 4.72-3.8-3.81 1.48-1.48 2.32 2.33 5.85-5.87 1.48 1.48z"
  />
</svg>

Ignored nodes: comments, script, style
<svg
  aria-hidden="true"
  aria-label="Verified freelancer"
  class="MuiSvgIcon-root MuiSvgIcon-colorPrimary MuiSvgIcon-fontSizeSmall css-1bptiuh-MuiSvgIcon-root"
  data-mui-internal-clone-element="true"
  data-testid="VerifiedIcon"
  focusable="false"
  viewBox="0 0 24 24"
>
  <path
    d="m23 12-2.44-2.79.34-3.69-3.61-.82-1.89-3.2L12 2.96 8.6 1.5 6.71 4.69 3.1 5.5l.34 3.7L1 12l2.44 2.79-.34 3.7 3.61.82L8.6 22.5l3.4-1.47 3.4 1.46 1.89-3.19 3.61-.82-.34-3.69zm-12.91 4.72-3.8-3.81 1.48-1.48 2.32 2.33 5.85-5.87 1.48 1.48z"
  />
</svg>

(If this is intentional, then use the `*AllBy*` variant of the query (like `queryAllByText`, `getAllByText`, or `findAllByText`)).

Ignored nodes: comments, script, style
<body
  style="padding-right: 1024px; overflow: hidden;"
>
  <div
    aria-hidden="true"
  >
    <div
      class="MuiBox-root css-0"
    >
      <div
        class="MuiBox-root css-i3pbo"
      >
        <h5
          class="MuiTypography-root MuiTypography-h5 MuiTypography-gutterBottom css-1hkf4sh-MuiTypography-root"
        >
          Payment History
        </h5>
        <p
          class="MuiTypography-root MuiTypography-body2 css-xtz2xu-MuiTypography-root"
        >
          1
           payment
           found
        </p>
      </div>
      <div
        class="MuiGrid-root MuiGrid-container MuiGrid-spacing-xs-2 css-12rc5ck-MuiGrid-root"
      >
        <div
          class="MuiGrid-root MuiGrid-item MuiGrid-grid-xs-12 MuiGrid-grid-sm-6 MuiGrid-grid-md-3 css-10voxkt-MuiGrid-root"
        >
          <div
            class="MuiFormControl-root MuiFormControl-fullWidth MuiTextField-root css-18hear-MuiFormControl-root-MuiTextField-root"
          >
            <div
              class="MuiInputBase-root MuiOutlinedInput-root MuiInputBase-colorPrimary MuiInputBase-fullWidth MuiInputBase-formControl MuiInputBase-sizeSmall MuiInputBase-adornedStart css-1cj7mpt-MuiInputBase-root-MuiOutlinedInput-root"
            >
              <div
                class="MuiInputAdornment-root MuiInputAdornment-positionStart MuiInputAdornment-outlined MuiInputAdornment-sizeSmall css-ittuaa-MuiInputAdornment-root"
              >
                <span
                  class="notranslate"
                >
                  ​
                </span>
                <svg
                  aria-hidden="true"
                  class="MuiSvgIcon-root MuiSvgIcon-fontSizeMedium css-i4bv87-MuiSvgIcon-root"
                  data-testid="SearchIcon"
                  focusable="false"
                  viewBox="0 0 24 24"
                >
                  <path
                    d="M15.5 14h-.79l-.28-.27C15.41 12.59 16 11.11 16 9.5 16 5.91 13.09 3 9.5 3S3 5.91 3 9.5 5.91 16 9.5 16c1.61 0 3.09-.59 4.23-1.57l.27.28v.79l5 4.99L20.49 19zm-6 0C7.01 14 5 11.99 5 9.5S7.01 5 9.5 5 14 7.01 14 9.5 11.99 14 9.5 14"
                  />
                </svg>
              </div>
              <input
                aria-invalid="false"
                class="MuiInputBase-input MuiOutlinedInput-input MuiInputBase-inputSizeSmall MuiInputBase-inputAdornedStart css-1ua80n0-MuiInputBase-input-MuiOutlinedInput-input"
                id=":rt:"
                placeholder="Search payments..."
                type="text"
                value=""
              />
              <fieldset
                aria-hidden="true"
                class="MuiOutlinedInput-notchedOutline css-r01yff-MuiNotchedOutlined-root-MuiOutlinedInput-notchedOutline"
              >
                <legend
                  class="css-1whs34k-MuiNotchedOutlined-root"
                >
                  <span
                    class="notranslate"
                  >
                    ​
                  </span>
                </legend>
              </fieldset>
            </div>
          </div>
        </div>
        <div
          class="MuiGrid-root MuiGrid-item MuiGrid-grid-xs-12 MuiGrid-grid-sm-6 MuiGrid-grid-md-3 css-10voxkt-MuiGrid-root"
        >
          <div
            class="MuiFormControl-root MuiFormControl-fullWidth css-q8hpuo-MuiFormControl-root"
          >
            <label
              class="MuiFormLabel-root MuiInputLabel-root MuiInputLabel-formControl MuiInputLabel-animated MuiInputLabel-shrink MuiInputLabel-sizeSmall MuiInputLabel-outlined MuiFormLabel-colorPrimary MuiFormLabel-filled MuiInputLabel-root MuiInputLabel-formControl MuiInputLabel-animated MuiInputLabel-shrink MuiInputLabel-sizeSmall MuiInputLabel-outlined css-fe0mau-MuiFormLabel-root-MuiInputLabel-root"
              data-shrink="true"
            >
              Status
            </label>
            <div
              class="MuiInputBase-root MuiOutlinedInput-root MuiInputBase-colorPrimary MuiInputBase-formControl MuiInputBase-sizeSmall css-13lg1x7-MuiInputBase-root-MuiOutlinedInput-root-MuiSelect-root"
            >
              <div
                aria-controls=":ru:"
                aria-expanded="false"
                aria-haspopup="listbox"
                class="MuiSelect-select MuiSelect-outlined MuiInputBase-input MuiOutlinedInput-input MuiInputBase-inputSizeSmall css-1fzjff4-MuiSelect-select-MuiInputBase-input-MuiOutlinedInput-input"
                role="combobox"
                tabindex="0"
              >
                All Statuses
              </div>
              <input
                aria-hidden="true"
                aria-invalid="false"
                class="MuiSelect-nativeInput css-yf8vq0-MuiSelect-nativeInput"
                tabindex="-1"
                value="all"
              />
              <svg
                aria-hidden="true"
                class="MuiSvgIcon-root MuiSvgIcon-fontSizeMedium MuiSelect-icon MuiSelect-iconOutlined css-hfutr2-MuiSvgIcon-root-MuiSelect-icon"
                data-testid="ArrowDropDownIcon"
                focusable="false"
                viewBox="0 0 24 24"
              >
                <path
                  d="M7 10l5 5 5-5z"
                />
              </svg>[...
 ✓ src/test/profile.test.tsx > Profile Components > FreelancerCard > shows favorite button when enabled
 ✓ src/test/profile.test.tsx > Profile Components > FreelancerCard > displays different availability statuses correctly 1286ms
 × src/test/profile.test.tsx > Profile Components > FreelancerCard > has view profile link 1740ms
   → Found multiple elements with the text: View Profile

Here are the matching elements:

Ignored nodes: comments, script, style
<a
  class="MuiButtonBase-root MuiButton-root MuiButton-contained MuiButton-containedPrimary MuiButton-sizeSmall MuiButton-containedSizeSmall MuiButton-colorPrimary MuiButton-root MuiButton-contained MuiButton-containedPrimary MuiButton-sizeSmall MuiButton-containedSizeSmall MuiButton-colorPrimary css-11qr2p8-MuiButtonBase-root-MuiButton-root"
  href="/freelancers/1"
  tabindex="0"
>
  View Profile
  <span
    class="MuiTouchRipple-root css-8je8zh-MuiTouchRipple-root"
  />
</a>

Ignored nodes: comments, script, style
<a
  class="MuiButtonBase-root MuiButton-root MuiButton-contained MuiButton-containedPrimary MuiButton-sizeSmall MuiButton-containedSizeSmall MuiButton-colorPrimary MuiButton-root MuiButton-contained MuiButton-containedPrimary MuiButton-sizeSmall MuiButton-containedSizeSmall MuiButton-colorPrimary css-11qr2p8-MuiButtonBase-root-MuiButton-root"
  href="/freelancers/1"
  tabindex="0"
>
  View Profile
  <span
    class="MuiTouchRipple-root css-8je8zh-MuiTouchRipple-root"
  />
</a>

Ignored nodes: comments, script, style
<a
  class="MuiButtonBase-root MuiButton-root MuiButton-contained MuiButton-containedPrimary MuiButton-sizeSmall MuiButton-containedSizeSmall MuiButton-colorPrimary MuiButton-root MuiButton-contained MuiButton-containedPrimary MuiButton-sizeSmall MuiButton-containedSizeSmall MuiButton-colorPrimary css-11qr2p8-MuiButtonBase-root-MuiButton-root"
  href="/freelancers/1"
  tabindex="0"
>
  View Profile
  <span
    class="MuiTouchRipple-root css-8je8zh-MuiTouchRipple-root"
  />
</a>

Ignored nodes: comments, script, style
<a
  class="MuiButtonBase-root MuiButton-root MuiButton-contained MuiButton-containedPrimary MuiButton-sizeSmall MuiButton-containedSizeSmall MuiButton-colorPrimary MuiButton-root MuiButton-contained MuiButton-containedPrimary MuiButton-sizeSmall MuiButton-containedSizeSmall MuiButton-colorPrimary css-11qr2p8-MuiButtonBase-root-MuiButton-root"
  href="/freelancers/1"
  tabindex="0"
>
  View Profile
  <span
    class="MuiTouchRipple-root css-8je8zh-MuiTouchRipple-root"
  />
</a>

Ignored nodes: comments, script, style
<a
  class="MuiButtonBase-root MuiButton-root MuiButton-contained MuiButton-containedPrimary MuiButton-sizeSmall MuiButton-containedSizeSmall MuiButton-colorPrimary MuiButton-root MuiButton-contained MuiButton-containedPrimary MuiButton-sizeSmall MuiButton-containedSizeSmall MuiButton-colorPrimary css-11qr2p8-MuiButtonBase-root-MuiButton-root"
  href="/freelancers/1"
  tabindex="0"
>
  View Profile
  <span
    class="MuiTouchRipple-root css-8je8zh-MuiTouchRipple-root"
  />
</a>

Ignored nodes: comments, script, style
<a
  class="MuiButtonBase-root MuiButton-root MuiButton-contained MuiButton-containedPrimary MuiButton-sizeSmall MuiButton-containedSizeSmall MuiButton-colorPrimary MuiButton-root MuiButton-contained MuiButton-containedPrimary MuiButton-sizeSmall MuiButton-containedSizeSmall MuiButton-colorPrimary css-11qr2p8-MuiButtonBase-root-MuiButton-root"
  href="/freelancers/1"
  tabindex="0"
>
  View Profile
  <span
    class="MuiTouchRipple-root css-8je8zh-MuiTouchRipple-root"
  />
</a>

(If this is intentional, then use the `*AllBy*` variant of the query (like `queryAllByText`, `getAllByText`, or `findAllByText`)).

Ignored nodes: comments, script, style
<body
  style="padding-right: 1024px; overflow: hidden;"
>
  <div
    aria-hidden="true"
  >
    <div
      class="MuiBox-root css-0"
    >
      <div
        class="MuiBox-root css-i3pbo"
      >
        <h5
          class="MuiTypography-root MuiTypography-h5 MuiTypography-gutterBottom css-1hkf4sh-MuiTypography-root"
        >
          Payment History
        </h5>
        <p
          class="MuiTypography-root MuiTypography-body2 css-xtz2xu-MuiTypography-root"
        >
          1
           payment
           found
        </p>
      </div>
      <div
        class="MuiGrid-root MuiGrid-container MuiGrid-spacing-xs-2 css-12rc5ck-MuiGrid-root"
      >
        <div
          class="MuiGrid-root MuiGrid-item MuiGrid-grid-xs-12 MuiGrid-grid-sm-6 MuiGrid-grid-md-3 css-10voxkt-MuiGrid-root"
        >
          <div
            class="MuiFormControl-root MuiFormControl-fullWidth MuiTextField-root css-18hear-MuiFormControl-root-MuiTextField-root"
          >
            <div
              class="MuiInputBase-root MuiOutlinedInput-root MuiInputBase-colorPrimary MuiInputBase-fullWidth MuiInputBase-formControl MuiInputBase-sizeSmall MuiInputBase-adornedStart css-1cj7mpt-MuiInputBase-root-MuiOutlinedInput-root"
            >
              <div
                class="MuiInputAdornment-root MuiInputAdornment-positionStart MuiInputAdornment-outlined MuiInputAdornment-sizeSmall css-ittuaa-MuiInputAdornment-root"
              >
                <span
                  class="notranslate"
                >
                  ​
                </span>
                <svg
                  aria-hidden="true"
                  class="MuiSvgIcon-root MuiSvgIcon-fontSizeMedium css-i4bv87-MuiSvgIcon-root"
                  data-testid="SearchIcon"
                  focusable="false"
                  viewBox="0 0 24 24"
                >
                  <path
                    d="M15.5 14h-.79l-.28-.27C15.41 12.59 16 11.11 16 9.5 16 5.91 13.09 3 9.5 3S3 5.91 3 9.5 5.91 16 9.5 16c1.61 0 3.09-.59 4.23-1.57l.27.28v.79l5 4.99L20.49 19zm-6 0C7.01 14 5 11.99 5 9.5S7.01 5 9.5 5 14 7.01 14 9.5 11.99 14 9.5 14"
                  />
                </svg>
              </div>
              <input
                aria-invalid="false"
                class="MuiInputBase-input MuiOutlinedInput-input MuiInputBase-inputSizeSmall MuiInputBase-inputAdornedStart css-1ua80n0-MuiInputBase-input-MuiOutlinedInput-input"
                id=":rt:"
                placeholder="Search payments..."
                type="text"
                value=""
              />
              <fieldset
                aria-hidden="true"
                class="MuiOutlinedInput-notchedOutline css-r01yff-MuiNotchedOutlined-root-MuiOutlinedInput-notchedOutline"
              >
                <legend
                  class="css-1whs34k-MuiNotchedOutlined-root"
                >
                  <span
                    class="notranslate"
                  >
                    ​
                  </span>
                </legend>
              </fieldset>
            </div>
          </div>
        </div>
        <div
          class="MuiGrid-root MuiGrid-item MuiGrid-grid-xs-12 MuiGrid-grid-sm-6 MuiGrid-grid-md-3 css-10voxkt-MuiGrid-root"
        >
          <div
            class="MuiFormControl-root MuiFormControl-fullWidth css-q8hpuo-MuiFormControl-root"
          >
            <label
              class="MuiFormLabel-root MuiInputLabel-root MuiInputLabel-formControl MuiInputLabel-animated MuiInputLabel-shrink MuiInputLabel-sizeSmall MuiInputLabel-outlined MuiFormLabel-colorPrimary MuiFormLabel-filled MuiInputLabel-root MuiInputLabel-formControl MuiInputLabel-animated MuiInputLabel-shrink MuiInputLabel-sizeSmall MuiInputLabel-outlined css-fe0mau-MuiFormLabel-root-MuiInputLabel-root"
              data-shrink="true"
            >
              Status
            </label>
            <div
              class="MuiInputBase-root MuiOutlinedInput-root MuiInputBase-colorPrimary MuiInputBase-formControl MuiInputBase-sizeSmall css-13lg1x7-MuiInputBase-root-MuiOutlinedInput-root-MuiSelect-root"
            >
              <div
                aria-controls=":ru:"
                aria-expanded="false"
                aria-haspopup="listbox"
                class="MuiSelect-select MuiSelect-outlined MuiInputBase-input MuiOutlinedInput-input MuiInputBase-inputSizeSmall css-1fzjff4-MuiSelect-select-MuiInputBase-input-MuiOutlinedInput-input"
                role="combobox"
                tabindex="0"
              >
                All Statuses
              </div>
              <input
                aria-hidden="true"
                aria-invalid="false"
                class="MuiSelect-nativeInput css-yf8vq0-MuiSelect-nativeInput"
                tabindex="-1"
                value="all"
              />
              <svg
                aria-hidden="true"
                class="MuiSvgIcon-root MuiSvgIcon-fontSizeMedium MuiSelect-icon MuiSelect-iconOutlined css-hfutr2-MuiSvgIcon-root-MuiSelect-icon"
                data-testid="ArrowDropDownIcon"
                focusable="false"
                viewBox="0 0 24 24"
              >
                <path
                  d="M7 10l5 5 5-5z"
                />
              </svg>[...
 ✓ src/test/auth.test.tsx > Authentication Components > LoginPage > renders login form correctly 52764ms
 × src/test/auth.test.tsx > Authentication Components > LoginPage > shows validation errors for empty fields 38753ms
   → Found multiple elements with the role "button" and name `/sign in/i`

Here are the matching elements:

Ignored nodes: comments, script, style
<button
  class="MuiButtonBase-root MuiButton-root MuiButton-contained MuiButton-containedPrimary MuiButton-sizeLarge MuiButton-containedSizeLarge MuiButton-colorPrimary MuiButton-fullWidth MuiButton-root MuiButton-contained MuiButton-containedPrimary MuiButton-sizeLarge MuiButton-containedSizeLarge MuiButton-colorPrimary MuiButton-fullWidth css-i4zi72-MuiButtonBase-root-MuiButton-root"
  tabindex="0"
  type="submit"
>
  Sign In
  <span
    class="MuiTouchRipple-root css-8je8zh-MuiTouchRipple-root"
  />
</button>

Ignored nodes: comments, script, style
<button
  class="MuiButtonBase-root MuiButton-root MuiButton-contained MuiButton-containedPrimary MuiButton-sizeLarge MuiButton-containedSizeLarge MuiButton-colorPrimary MuiButton-fullWidth MuiButton-root MuiButton-contained MuiButton-containedPrimary MuiButton-sizeLarge MuiButton-containedSizeLarge MuiButton-colorPrimary MuiButton-fullWidth css-i4zi72-MuiButtonBase-root-MuiButton-root"
  tabindex="0"
  type="submit"
>
  Sign In
  <span
    class="MuiTouchRipple-root css-8je8zh-MuiTouchRipple-root"
  />
</button>

(If this is intentional, then use the `*AllBy*` variant of the query (like `queryAllByText`, `getAllByText`, or `findAllByText`)).

Ignored nodes: comments, script, style
<body
  style="padding-right: 1024px; overflow: hidden;"
>
  <div
    aria-hidden="true"
  >
    <div
      class="MuiBox-root css-0"
    >
      <div
        class="MuiBox-root css-i3pbo"
      >
        <h5
          class="MuiTypography-root MuiTypography-h5 MuiTypography-gutterBottom css-1hkf4sh-MuiTypography-root"
        >
          Payment History
        </h5>
        <p
          class="MuiTypography-root MuiTypography-body2 css-xtz2xu-MuiTypography-root"
        >
          1
           payment
           found
        </p>
      </div>
      <div
        class="MuiGrid-root MuiGrid-container MuiGrid-spacing-xs-2 css-12rc5ck-MuiGrid-root"
      >
        <div
          class="MuiGrid-root MuiGrid-item MuiGrid-grid-xs-12 MuiGrid-grid-sm-6 MuiGrid-grid-md-3 css-10voxkt-MuiGrid-root"
        >
          <div
            class="MuiFormControl-root MuiFormControl-fullWidth MuiTextField-root css-18hear-MuiFormControl-root-MuiTextField-root"
          >
            <div
              class="MuiInputBase-root MuiOutlinedInput-root MuiInputBase-colorPrimary MuiInputBase-fullWidth MuiInputBase-formControl MuiInputBase-sizeSmall MuiInputBase-adornedStart css-1cj7mpt-MuiInputBase-root-MuiOutlinedInput-root"
            >
              <div
                class="MuiInputAdornment-root MuiInputAdornment-positionStart MuiInputAdornment-outlined MuiInputAdornment-sizeSmall css-ittuaa-MuiInputAdornment-root"
              >
                <span
                  class="notranslate"
                >
                  ​
                </span>
                <svg
                  aria-hidden="true"
                  class="MuiSvgIcon-root MuiSvgIcon-fontSizeMedium css-i4bv87-MuiSvgIcon-root"
                  data-testid="SearchIcon"
                  focusable="false"
                  viewBox="0 0 24 24"
                >
                  <path
                    d="M15.5 14h-.79l-.28-.27C15.41 12.59 16 11.11 16 9.5 16 5.91 13.09 3 9.5 3S3 5.91 3 9.5 5.91 16 9.5 16c1.61 0 3.09-.59 4.23-1.57l.27.28v.79l5 4.99L20.49 19zm-6 0C7.01 14 5 11.99 5 9.5S7.01 5 9.5 5 14 7.01 14 9.5 11.99 14 9.5 14"
                  />
                </svg>
              </div>
              <input
                aria-invalid="false"
                class="MuiInputBase-input MuiOutlinedInput-input MuiInputBase-inputSizeSmall MuiInputBase-inputAdornedStart css-1ua80n0-MuiInputBase-input-MuiOutlinedInput-input"
                id=":rt:"
                placeholder="Search payments..."
                type="text"
                value=""
              />
              <fieldset
                aria-hidden="true"
                class="MuiOutlinedInput-notchedOutline css-r01yff-MuiNotchedOutlined-root-MuiOutlinedInput-notchedOutline"
              >
                <legend
                  class="css-1whs34k-MuiNotchedOutlined-root"
                >
                  <span
                    class="notranslate"
                  >
                    ​
                  </span>
                </legend>
              </fieldset>
            </div>
          </div>
        </div>
        <div
          class="MuiGrid-root MuiGrid-item MuiGrid-grid-xs-12 MuiGrid-grid-sm-6 MuiGrid-grid-md-3 css-10voxkt-MuiGrid-root"
        >
          <div
            class="MuiFormControl-root MuiFormControl-fullWidth css-q8hpuo-MuiFormControl-root"
          >
            <label
              class="MuiFormLabel-root MuiInputLabel-root MuiInputLabel-formControl MuiInputLabel-animated MuiInputLabel-shrink MuiInputLabel-sizeSmall MuiInputLabel-outlined MuiFormLabel-colorPrimary MuiFormLabel-filled MuiInputLabel-root MuiInputLabel-formControl MuiInputLabel-animated MuiInputLabel-shrink MuiInputLabel-sizeSmall MuiInputLabel-outlined css-fe0mau-MuiFormLabel-root-MuiInputLabel-root"
              data-shrink="true"
            >
              Status
            </label>
            <div
              class="MuiInputBase-root MuiOutlinedInput-root MuiInputBase-colorPrimary MuiInputBase-formControl MuiInputBase-sizeSmall css-13lg1x7-MuiInputBase-root-MuiOutlinedInput-root-MuiSelect-root"
            >
              <div
                aria-controls=":ru:"
                aria-expanded="false"
                aria-haspopup="listbox"
                class="MuiSelect-select MuiSelect-outlined MuiInputBase-input MuiOutlinedInput-input MuiInputBase-inputSizeSmall css-1fzjff4-MuiSelect-select-MuiInputBase-input-MuiOutlinedInput-input"
                role="combobox"
                tabindex="0"
              >
                All Statuses
              </div>
              <input
                aria-hidden="true"
                aria-invalid="false"
                class="MuiSelect-nativeInput css-yf8vq0-MuiSelect-nativeInput"
                tabindex="-1"
                value="all"
              />
              <svg
                aria-hidden="true"
                class="MuiSvgIcon-root MuiSvgIcon-fontSizeMedium MuiSelect-icon MuiSelect-iconOutlined css-hfutr2-MuiSvgIcon-root-MuiSelect-icon"
                data-testid="ArrowDropDownIcon"
                focusable="false"
                viewBox="0 0 24 24"
              >
                <path
                  d="M7 10l5 5 5-5z"
                />
              </svg>[...
 ✓ src/test/auth.test.tsx > Authentication Components > LoginPage > shows validation error for invalid email 34817ms
 × src/test/auth.test.tsx > Authentication Components > LoginPage > redirects to dashboard when already authenticated 2385ms
   → Found multiple elements with the text: Welcome Back

Here are the matching elements:

Ignored nodes: comments, script, style
<h1
  class="MuiTypography-root MuiTypography-h4 MuiTypography-gutterBottom css-1vw6mcs-MuiTypography-root"
>
  Welcome Back
</h1>

Ignored nodes: comments, script, style
<h1
  class="MuiTypography-root MuiTypography-h4 MuiTypography-gutterBottom css-1vw6mcs-MuiTypography-root"
>
  Welcome Back
</h1>

Ignored nodes: comments, script, style
<h1
  class="MuiTypography-root MuiTypography-h4 MuiTypography-gutterBottom css-1vw6mcs-MuiTypography-root"
>
  Welcome Back
</h1>

(If this is intentional, then use the `*AllBy*` variant of the query (like `queryAllByText`, `getAllByText`, or `findAllByText`)).

Ignored nodes: comments, script, style
<body
  style="padding-right: 1024px; overflow: hidden;"
>
  <div
    aria-hidden="true"
  >
    <div
      class="MuiBox-root css-0"
    >
      <div
        class="MuiBox-root css-i3pbo"
      >
        <h5
          class="MuiTypography-root MuiTypography-h5 MuiTypography-gutterBottom css-1hkf4sh-MuiTypography-root"
        >
          Payment History
        </h5>
        <p
          class="MuiTypography-root MuiTypography-body2 css-xtz2xu-MuiTypography-root"
        >
          1
           payment
           found
        </p>
      </div>
      <div
        class="MuiGrid-root MuiGrid-container MuiGrid-spacing-xs-2 css-12rc5ck-MuiGrid-root"
      >
        <div
          class="MuiGrid-root MuiGrid-item MuiGrid-grid-xs-12 MuiGrid-grid-sm-6 MuiGrid-grid-md-3 css-10voxkt-MuiGrid-root"
        >
          <div
            class="MuiFormControl-root MuiFormControl-fullWidth MuiTextField-root css-18hear-MuiFormControl-root-MuiTextField-root"
          >
            <div
              class="MuiInputBase-root MuiOutlinedInput-root MuiInputBase-colorPrimary MuiInputBase-fullWidth MuiInputBase-formControl MuiInputBase-sizeSmall MuiInputBase-adornedStart css-1cj7mpt-MuiInputBase-root-MuiOutlinedInput-root"
            >
              <div
                class="MuiInputAdornment-root MuiInputAdornment-positionStart MuiInputAdornment-outlined MuiInputAdornment-sizeSmall css-ittuaa-MuiInputAdornment-root"
              >
                <span
                  class="notranslate"
                >
                  ​
                </span>
                <svg
                  aria-hidden="true"
                  class="MuiSvgIcon-root MuiSvgIcon-fontSizeMedium css-i4bv87-MuiSvgIcon-root"
                  data-testid="SearchIcon"
                  focusable="false"
                  viewBox="0 0 24 24"
                >
                  <path
                    d="M15.5 14h-.79l-.28-.27C15.41 12.59 16 11.11 16 9.5 16 5.91 13.09 3 9.5 3S3 5.91 3 9.5 5.91 16 9.5 16c1.61 0 3.09-.59 4.23-1.57l.27.28v.79l5 4.99L20.49 19zm-6 0C7.01 14 5 11.99 5 9.5S7.01 5 9.5 5 14 7.01 14 9.5 11.99 14 9.5 14"
                  />
                </svg>
              </div>
              <input
                aria-invalid="false"
                class="MuiInputBase-input MuiOutlinedInput-input MuiInputBase-inputSizeSmall MuiInputBase-inputAdornedStart css-1ua80n0-MuiInputBase-input-MuiOutlinedInput-input"
                id=":rt:"
                placeholder="Search payments..."
                type="text"
                value=""
              />
              <fieldset
                aria-hidden="true"
                class="MuiOutlinedInput-notchedOutline css-r01yff-MuiNotchedOutlined-root-MuiOutlinedInput-notchedOutline"
              >
                <legend
                  class="css-1whs34k-MuiNotchedOutlined-root"
                >
                  <span
                    class="notranslate"
                  >
                    ​
                  </span>
                </legend>
              </fieldset>
            </div>
          </div>
        </div>
        <div
          class="MuiGrid-root MuiGrid-item MuiGrid-grid-xs-12 MuiGrid-grid-sm-6 MuiGrid-grid-md-3 css-10voxkt-MuiGrid-root"
        >
          <div
            class="MuiFormControl-root MuiFormControl-fullWidth css-q8hpuo-MuiFormControl-root"
          >
            <label
              class="MuiFormLabel-root MuiInputLabel-root MuiInputLabel-formControl MuiInputLabel-animated MuiInputLabel-shrink MuiInputLabel-sizeSmall MuiInputLabel-outlined MuiFormLabel-colorPrimary MuiFormLabel-filled MuiInputLabel-root MuiInputLabel-formControl MuiInputLabel-animated MuiInputLabel-shrink MuiInputLabel-sizeSmall MuiInputLabel-outlined css-fe0mau-MuiFormLabel-root-MuiInputLabel-root"
              data-shrink="true"
            >
              Status
            </label>
            <div
              class="MuiInputBase-root MuiOutlinedInput-root MuiInputBase-colorPrimary MuiInputBase-formControl MuiInputBase-sizeSmall css-13lg1x7-MuiInputBase-root-MuiOutlinedInput-root-MuiSelect-root"
            >
              <div
                aria-controls=":ru:"
                aria-expanded="false"
                aria-haspopup="listbox"
                class="MuiSelect-select MuiSelect-outlined MuiInputBase-input MuiOutlinedInput-input MuiInputBase-inputSizeSmall css-1fzjff4-MuiSelect-select-MuiInputBase-input-MuiOutlinedInput-input"
                role="combobox"
                tabindex="0"
              >
                All Statuses
              </div>
              <input
                aria-hidden="true"
                aria-invalid="false"
                class="MuiSelect-nativeInput css-yf8vq0-MuiSelect-nativeInput"
                tabindex="-1"
                value="all"
              />
              <svg
                aria-hidden="true"
                class="MuiSvgIcon-root MuiSvgIcon-fontSizeMedium MuiSelect-icon MuiSelect-iconOutlined css-hfutr2-MuiSvgIcon-root-MuiSelect-icon"
                data-testid="ArrowDropDownIcon"
                focusable="false"
                viewBox="0 0 24 24"
              >
                <path
                  d="M7 10l5 5 5-5z"
                />
              </svg>[...
 ✓ src/test/auth.test.tsx > Authentication Components > RegisterPage > renders registration form correctly 75777ms
 × src/test/auth.test.tsx > Authentication Components > RegisterPage > shows role selection buttons 3486ms
   → Found multiple elements with the text: Find Work as a Freelancer

Here are the matching elements:

Ignored nodes: comments, script, style
<button
  aria-label="freelancer"
  aria-pressed="true"
  class="MuiButtonBase-root MuiToggleButtonGroup-grouped MuiToggleButtonGroup-groupedHorizontal MuiToggleButton-root Mui-selected MuiToggleButton-fullWidth MuiToggleButton-sizeMedium MuiToggleButton-standard MuiToggleButtonGroup-grouped MuiToggleButtonGroup-groupedHorizontal MuiToggleButtonGroup-firstButton css-17ndd9v-MuiButtonBase-root-MuiToggleButton-root"
  tabindex="0"
  type="button"
  value="freelancer"
>
  <svg
    aria-hidden="true"
    class="MuiSvgIcon-root MuiSvgIcon-fontSizeMedium css-elhp89-MuiSvgIcon-root"
    data-testid="PersonIcon"
    focusable="false"
    viewBox="0 0 24 24"
  >
    <path
      d="M12 12c2.21 0 4-1.79 4-4s-1.79-4-4-4-4 1.79-4 4 1.79 4 4 4m0 2c-2.67 0-8 1.34-8 4v2h16v-2c0-2.66-5.33-4-8-4"
    />
  </svg>
  Find Work as a Freelancer
  <span
    class="MuiTouchRipple-root css-8je8zh-MuiTouchRipple-root"
  />
</button>

Ignored nodes: comments, script, style
<button
  aria-label="freelancer"
  aria-pressed="true"
  class="MuiButtonBase-root MuiToggleButtonGroup-grouped MuiToggleButtonGroup-groupedHorizontal MuiToggleButton-root Mui-selected MuiToggleButton-fullWidth MuiToggleButton-sizeMedium MuiToggleButton-standard MuiToggleButtonGroup-grouped MuiToggleButtonGroup-groupedHorizontal MuiToggleButtonGroup-firstButton css-17ndd9v-MuiButtonBase-root-MuiToggleButton-root"
  tabindex="0"
  type="button"
  value="freelancer"
>
  <svg
    aria-hidden="true"
    class="MuiSvgIcon-root MuiSvgIcon-fontSizeMedium css-elhp89-MuiSvgIcon-root"
    data-testid="PersonIcon"
    focusable="false"
    viewBox="0 0 24 24"
  >
    <path
      d="M12 12c2.21 0 4-1.79 4-4s-1.79-4-4-4-4 1.79-4 4 1.79 4 4 4m0 2c-2.67 0-8 1.34-8 4v2h16v-2c0-2.66-5.33-4-8-4"
    />
  </svg>
  Find Work as a Freelancer
  <span
    class="MuiTouchRipple-root css-8je8zh-MuiTouchRipple-root"
  />
</button>

(If this is intentional, then use the `*AllBy*` variant of the query (like `queryAllByText`, `getAllByText`, or `findAllByText`)).

Ignored nodes: comments, script, style
<body
  style="padding-right: 1024px; overflow: hidden;"
>
  <div
    aria-hidden="true"
  >
    <div
      class="MuiBox-root css-0"
    >
      <div
        class="MuiBox-root css-i3pbo"
      >
        <h5
          class="MuiTypography-root MuiTypography-h5 MuiTypography-gutterBottom css-1hkf4sh-MuiTypography-root"
        >
          Payment History
        </h5>
        <p
          class="MuiTypography-root MuiTypography-body2 css-xtz2xu-MuiTypography-root"
        >
          1
           payment
           found
        </p>
      </div>
      <div
        class="MuiGrid-root MuiGrid-container MuiGrid-spacing-xs-2 css-12rc5ck-MuiGrid-root"
      >
        <div
          class="MuiGrid-root MuiGrid-item MuiGrid-grid-xs-12 MuiGrid-grid-sm-6 MuiGrid-grid-md-3 css-10voxkt-MuiGrid-root"
        >
          <div
            class="MuiFormControl-root MuiFormControl-fullWidth MuiTextField-root css-18hear-MuiFormControl-root-MuiTextField-root"
          >
            <div
              class="MuiInputBase-root MuiOutlinedInput-root MuiInputBase-colorPrimary MuiInputBase-fullWidth MuiInputBase-formControl MuiInputBase-sizeSmall MuiInputBase-adornedStart css-1cj7mpt-MuiInputBase-root-MuiOutlinedInput-root"
            >
              <div
                class="MuiInputAdornment-root MuiInputAdornment-positionStart MuiInputAdornment-outlined MuiInputAdornment-sizeSmall css-ittuaa-MuiInputAdornment-root"
              >
                <span
                  class="notranslate"
                >
                  ​
                </span>
                <svg
                  aria-hidden="true"
                  class="MuiSvgIcon-root MuiSvgIcon-fontSizeMedium css-i4bv87-MuiSvgIcon-root"
                  data-testid="SearchIcon"
                  focusable="false"
                  viewBox="0 0 24 24"
                >
                  <path
                    d="M15.5 14h-.79l-.28-.27C15.41 12.59 16 11.11 16 9.5 16 5.91 13.09 3 9.5 3S3 5.91 3 9.5 5.91 16 9.5 16c1.61 0 3.09-.59 4.23-1.57l.27.28v.79l5 4.99L20.49 19zm-6 0C7.01 14 5 11.99 5 9.5S7.01 5 9.5 5 14 7.01 14 9.5 11.99 14 9.5 14"
                  />
                </svg>
              </div>
              <input
                aria-invalid="false"
                class="MuiInputBase-input MuiOutlinedInput-input MuiInputBase-inputSizeSmall MuiInputBase-inputAdornedStart css-1ua80n0-MuiInputBase-input-MuiOutlinedInput-input"
                id=":rt:"
                placeholder="Search payments..."
                type="text"
                value=""
              />
              <fieldset
                aria-hidden="true"
                class="MuiOutlinedInput-notchedOutline css-r01yff-MuiNotchedOutlined-root-MuiOutlinedInput-notchedOutline"
              >
                <legend
                  class="css-1whs34k-MuiNotchedOutlined-root"
                >
                  <span
                    class="notranslate"
                  >
                    ​
                  </span>
                </legend>
              </fieldset>
            </div>
          </div>
        </div>
        <div
          class="MuiGrid-root MuiGrid-item MuiGrid-grid-xs-12 MuiGrid-grid-sm-6 MuiGrid-grid-md-3 css-10voxkt-MuiGrid-root"
        >
          <div
            class="MuiFormControl-root MuiFormControl-fullWidth css-q8hpuo-MuiFormControl-root"
          >
            <label
              class="MuiFormLabel-root MuiInputLabel-root MuiInputLabel-formControl MuiInputLabel-animated MuiInputLabel-shrink MuiInputLabel-sizeSmall MuiInputLabel-outlined MuiFormLabel-colorPrimary MuiFormLabel-filled MuiInputLabel-root MuiInputLabel-formControl MuiInputLabel-animated MuiInputLabel-shrink MuiInputLabel-sizeSmall MuiInputLabel-outlined css-fe0mau-MuiFormLabel-root-MuiInputLabel-root"
              data-shrink="true"
            >
              Status
            </label>
            <div
              class="MuiInputBase-root MuiOutlinedInput-root MuiInputBase-colorPrimary MuiInputBase-formControl MuiInputBase-sizeSmall css-13lg1x7-MuiInputBase-root-MuiOutlinedInput-root-MuiSelect-root"
            >
              <div
                aria-controls=":ru:"
                aria-expanded="false"
                aria-haspopup="listbox"
                class="MuiSelect-select MuiSelect-outlined MuiInputBase-input MuiOutlinedInput-input MuiInputBase-inputSizeSmall css-1fzjff4-MuiSelect-select-MuiInputBase-input-MuiOutlinedInput-input"
                role="combobox"
                tabindex="0"
              >
                All Statuses
              </div>
              <input
                aria-hidden="true"
                aria-invalid="false"
                class="MuiSelect-nativeInput css-yf8vq0-MuiSelect-nativeInput"
                tabindex="-1"
                value="all"
              />
              <svg
                aria-hidden="true"
                class="MuiSvgIcon-root MuiSvgIcon-fontSizeMedium MuiSelect-icon MuiSelect-iconOutlined css-hfutr2-MuiSvgIcon-root-MuiSelect-icon"
                data-testid="ArrowDropDownIcon"
                focusable="false"
                viewBox="0 0 24 24"
              >
                <path
                  d="M7 10l5 5 5-5z"
                />
              </svg>[...
 × src/test/auth.test.tsx > Authentication Components > RegisterPage > shows company name field for client role 3263ms
   → Found multiple elements with the text: Hire Freelancers

Here are the matching elements:

Ignored nodes: comments, script, style
<button
  aria-label="client"
  aria-pressed="false"
  class="MuiButtonBase-root MuiToggleButtonGroup-grouped MuiToggleButtonGroup-groupedHorizontal MuiToggleButton-root MuiToggleButton-fullWidth MuiToggleButton-sizeMedium MuiToggleButton-standard MuiToggleButtonGroup-grouped MuiToggleButtonGroup-groupedHorizontal MuiToggleButtonGroup-middleButton css-17ndd9v-MuiButtonBase-root-MuiToggleButton-root"
  tabindex="0"
  type="button"
  value="client"
>
  <svg
    aria-hidden="true"
    class="MuiSvgIcon-root MuiSvgIcon-fontSizeMedium css-elhp89-MuiSvgIcon-root"
    data-testid="BusinessIcon"
    focusable="false"
    viewBox="0 0 24 24"
  >
    <path
      d="M12 7V3H2v18h20V7zM6 19H4v-2h2zm0-4H4v-2h2zm0-4H4V9h2zm0-4H4V5h2zm4 12H8v-2h2zm0-4H8v-2h2zm0-4H8V9h2zm0-4H8V5h2zm10 12h-8v-2h2v-2h-2v-2h2v-2h-2V9h8zm-2-8h-2v2h2zm0 4h-2v2h2z"
    />
  </svg>
  Hire Freelancers
  <span
    class="MuiTouchRipple-root css-8je8zh-MuiTouchRipple-root"
  />
</button>

Ignored nodes: comments, script, style
<button
  aria-label="client"
  aria-pressed="false"
  class="MuiButtonBase-root MuiToggleButtonGroup-grouped MuiToggleButtonGroup-groupedHorizontal MuiToggleButton-root MuiToggleButton-fullWidth MuiToggleButton-sizeMedium MuiToggleButton-standard MuiToggleButtonGroup-grouped MuiToggleButtonGroup-groupedHorizontal MuiToggleButtonGroup-middleButton css-17ndd9v-MuiButtonBase-root-MuiToggleButton-root"
  tabindex="0"
  type="button"
  value="client"
>
  <svg
    aria-hidden="true"
    class="MuiSvgIcon-root MuiSvgIcon-fontSizeMedium css-elhp89-MuiSvgIcon-root"
    data-testid="BusinessIcon"
    focusable="false"
    viewBox="0 0 24 24"
  >
    <path
      d="M12 7V3H2v18h20V7zM6 19H4v-2h2zm0-4H4v-2h2zm0-4H4V9h2zm0-4H4V5h2zm4 12H8v-2h2zm0-4H8v-2h2zm0-4H8V9h2zm0-4H8V5h2zm10 12h-8v-2h2v-2h-2v-2h2v-2h-2V9h8zm-2-8h-2v2h2zm0 4h-2v2h2z"
    />
  </svg>
  Hire Freelancers
  <span
    class="MuiTouchRipple-root css-8je8zh-MuiTouchRipple-root"
  />
</button>

Ignored nodes: comments, script, style
<button
  aria-label="client"
  aria-pressed="false"
  class="MuiButtonBase-root MuiToggleButtonGroup-grouped MuiToggleButtonGroup-groupedHorizontal MuiToggleButton-root MuiToggleButton-fullWidth MuiToggleButton-sizeMedium MuiToggleButton-standard MuiToggleButtonGroup-grouped MuiToggleButtonGroup-groupedHorizontal MuiToggleButtonGroup-middleButton css-17ndd9v-MuiButtonBase-root-MuiToggleButton-root"
  tabindex="0"
  type="button"
  value="client"
>
  <svg
    aria-hidden="true"
    class="MuiSvgIcon-root MuiSvgIcon-fontSizeMedium css-elhp89-MuiSvgIcon-root"
    data-testid="BusinessIcon"
    focusable="false"
    viewBox="0 0 24 24"
  >
    <path
      d="M12 7V3H2v18h20V7zM6 19H4v-2h2zm0-4H4v-2h2zm0-4H4V9h2zm0-4H4V5h2zm4 12H8v-2h2zm0-4H8v-2h2zm0-4H8V9h2zm0-4H8V5h2zm10 12h-8v-2h2v-2h-2v-2h2v-2h-2V9h8zm-2-8h-2v2h2zm0 4h-2v2h2z"
    />
  </svg>
  Hire Freelancers
  <span
    class="MuiTouchRipple-root css-8je8zh-MuiTouchRipple-root"
  />
</button>

(If this is intentional, then use the `*AllBy*` variant of the query (like `queryAllByText`, `getAllByText`, or `findAllByText`)).

Ignored nodes: comments, script, style
<body
  style="padding-right: 1024px; overflow: hidden;"
>
  <div
    aria-hidden="true"
  >
    <div
      class="MuiBox-root css-0"
    >
      <div
        class="MuiBox-root css-i3pbo"
      >
        <h5
          class="MuiTypography-root MuiTypography-h5 MuiTypography-gutterBottom css-1hkf4sh-MuiTypography-root"
        >
          Payment History
        </h5>
        <p
          class="MuiTypography-root MuiTypography-body2 css-xtz2xu-MuiTypography-root"
        >
          1
           payment
           found
        </p>
      </div>
      <div
        class="MuiGrid-root MuiGrid-container MuiGrid-spacing-xs-2 css-12rc5ck-MuiGrid-root"
      >
        <div
          class="MuiGrid-root MuiGrid-item MuiGrid-grid-xs-12 MuiGrid-grid-sm-6 MuiGrid-grid-md-3 css-10voxkt-MuiGrid-root"
        >
          <div
            class="MuiFormControl-root MuiFormControl-fullWidth MuiTextField-root css-18hear-MuiFormControl-root-MuiTextField-root"
          >
            <div
              class="MuiInputBase-root MuiOutlinedInput-root MuiInputBase-colorPrimary MuiInputBase-fullWidth MuiInputBase-formControl MuiInputBase-sizeSmall MuiInputBase-adornedStart css-1cj7mpt-MuiInputBase-root-MuiOutlinedInput-root"
            >
              <div
                class="MuiInputAdornment-root MuiInputAdornment-positionStart MuiInputAdornment-outlined MuiInputAdornment-sizeSmall css-ittuaa-MuiInputAdornment-root"
              >
                <span
                  class="notranslate"
                >
                  ​
                </span>
                <svg
                  aria-hidden="true"
                  class="MuiSvgIcon-root MuiSvgIcon-fontSizeMedium css-i4bv87-MuiSvgIcon-root"
                  data-testid="SearchIcon"
                  focusable="false"
                  viewBox="0 0 24 24"
                >
                  <path
                    d="M15.5 14h-.79l-.28-.27C15.41 12.59 16 11.11 16 9.5 16 5.91 13.09 3 9.5 3S3 5.91 3 9.5 5.91 16 9.5 16c1.61 0 3.09-.59 4.23-1.57l.27.28v.79l5 4.99L20.49 19zm-6 0C7.01 14 5 11.99 5 9.5S7.01 5 9.5 5 14 7.01 14 9.5 11.99 14 9.5 14"
                  />
                </svg>
              </div>
              <input
                aria-invalid="false"
                class="MuiInputBase-input MuiOutlinedInput-input MuiInputBase-inputSizeSmall MuiInputBase-inputAdornedStart css-1ua80n0-MuiInputBase-input-MuiOutlinedInput-input"
                id=":rt:"
                placeholder="Search payments..."
                type="text"
                value=""
              />
              <fieldset
                aria-hidden="true"
                class="MuiOutlinedInput-notchedOutline css-r01yff-MuiNotchedOutlined-root-MuiOutlinedInput-notchedOutline"
              >
                <legend
                  class="css-1whs34k-MuiNotchedOutlined-root"
                >
                  <span
                    class="notranslate"
                  >
                    ​
                  </span>
                </legend>
              </fieldset>
            </div>
          </div>
        </div>
        <div
          class="MuiGrid-root MuiGrid-item MuiGrid-grid-xs-12 MuiGrid-grid-sm-6 MuiGrid-grid-md-3 css-10voxkt-MuiGrid-root"
        >
          <div
            class="MuiFormControl-root MuiFormControl-fullWidth css-q8hpuo-MuiFormControl-root"
          >
            <label
              class="MuiFormLabel-root MuiInputLabel-root MuiInputLabel-formControl MuiInputLabel-animated MuiInputLabel-shrink MuiInputLabel-sizeSmall MuiInputLabel-outlined MuiFormLabel-colorPrimary MuiFormLabel-filled MuiInputLabel-root MuiInputLabel-formControl MuiInputLabel-animated MuiInputLabel-shrink MuiInputLabel-sizeSmall MuiInputLabel-outlined css-fe0mau-MuiFormLabel-root-MuiInputLabel-root"
              data-shrink="true"
            >
              Status
            </label>
            <div
              class="MuiInputBase-root MuiOutlinedInput-root MuiInputBase-colorPrimary MuiInputBase-formControl MuiInputBase-sizeSmall css-13lg1x7-MuiInputBase-root-MuiOutlinedInput-root-MuiSelect-root"
            >
              <div
                aria-controls=":ru:"
                aria-expanded="false"
                aria-haspopup="listbox"
                class="MuiSelect-select MuiSelect-outlined MuiInputBase-input MuiOutlinedInput-input MuiInputBase-inputSizeSmall css-1fzjff4-MuiSelect-select-MuiInputBase-input-MuiOutlinedInput-input"
                role="combobox"
                tabindex="0"
              >
                All Statuses
              </div>
              <input
                aria-hidden="true"
                aria-invalid="false"
                class="MuiSelect-nativeInput css-yf8vq0-MuiSelect-nativeInput"
                tabindex="-1"
                value="all"
              />
              <svg
                aria-hidden="true"
                class="MuiSvgIcon-root MuiSvgIcon-fontSizeMedium MuiSelect-icon MuiSelect-iconOutlined css-hfutr2-MuiSvgIcon-root-MuiSelect-icon"
                data-testid="ArrowDropDownIcon"
                focusable="false"
                viewBox="0 0 24 24"
              >
                <path
                  d="M7 10l5 5 5-5z"
                />
              </svg>[...
 × src/test/auth.test.tsx > Authentication Components > RegisterPage > shows professional title field for freelancer role 3459ms
   → Found multiple elements with the text: Find Work as a Freelancer

Here are the matching elements:

Ignored nodes: comments, script, style
<button
  aria-label="freelancer"
  aria-pressed="true"
  class="MuiButtonBase-root MuiToggleButtonGroup-grouped MuiToggleButtonGroup-groupedHorizontal MuiToggleButton-root Mui-selected MuiToggleButton-fullWidth MuiToggleButton-sizeMedium MuiToggleButton-standard MuiToggleButtonGroup-grouped MuiToggleButtonGroup-groupedHorizontal MuiToggleButtonGroup-firstButton css-17ndd9v-MuiButtonBase-root-MuiToggleButton-root"
  tabindex="0"
  type="button"
  value="freelancer"
>
  <svg
    aria-hidden="true"
    class="MuiSvgIcon-root MuiSvgIcon-fontSizeMedium css-elhp89-MuiSvgIcon-root"
    data-testid="PersonIcon"
    focusable="false"
    viewBox="0 0 24 24"
  >
    <path
      d="M12 12c2.21 0 4-1.79 4-4s-1.79-4-4-4-4 1.79-4 4 1.79 4 4 4m0 2c-2.67 0-8 1.34-8 4v2h16v-2c0-2.66-5.33-4-8-4"
    />
  </svg>
  Find Work as a Freelancer
  <span
    class="MuiTouchRipple-root css-8je8zh-MuiTouchRipple-root"
  />
</button>

Ignored nodes: comments, script, style
<button
  aria-label="freelancer"
  aria-pressed="true"
  class="MuiButtonBase-root MuiToggleButtonGroup-grouped MuiToggleButtonGroup-groupedHorizontal MuiToggleButton-root Mui-selected MuiToggleButton-fullWidth MuiToggleButton-sizeMedium MuiToggleButton-standard MuiToggleButtonGroup-grouped MuiToggleButtonGroup-groupedHorizontal MuiToggleButtonGroup-firstButton css-17ndd9v-MuiButtonBase-root-MuiToggleButton-root"
  tabindex="0"
  type="button"
  value="freelancer"
>
  <svg
    aria-hidden="true"
    class="MuiSvgIcon-root MuiSvgIcon-fontSizeMedium css-elhp89-MuiSvgIcon-root"
    data-testid="PersonIcon"
    focusable="false"
    viewBox="0 0 24 24"
  >
    <path
      d="M12 12c2.21 0 4-1.79 4-4s-1.79-4-4-4-4 1.79-4 4 1.79 4 4 4m0 2c-2.67 0-8 1.34-8 4v2h16v-2c0-2.66-5.33-4-8-4"
    />
  </svg>
  Find Work as a Freelancer
  <span
    class="MuiTouchRipple-root css-8je8zh-MuiTouchRipple-root"
  />
</button>

Ignored nodes: comments, script, style
<button
  aria-label="freelancer"
  aria-pressed="true"
  class="MuiButtonBase-root MuiToggleButtonGroup-grouped MuiToggleButtonGroup-groupedHorizontal MuiToggleButton-root Mui-selected MuiToggleButton-fullWidth MuiToggleButton-sizeMedium MuiToggleButton-standard MuiToggleButtonGroup-grouped MuiToggleButtonGroup-groupedHorizontal MuiToggleButtonGroup-firstButton css-17ndd9v-MuiButtonBase-root-MuiToggleButton-root"
  tabindex="0"
  type="button"
  value="freelancer"
>
  <svg
    aria-hidden="true"
    class="MuiSvgIcon-root MuiSvgIcon-fontSizeMedium css-elhp89-MuiSvgIcon-root"
    data-testid="PersonIcon"
    focusable="false"
    viewBox="0 0 24 24"
  >
    <path
      d="M12 12c2.21 0 4-1.79 4-4s-1.79-4-4-4-4 1.79-4 4 1.79 4 4 4m0 2c-2.67 0-8 1.34-8 4v2h16v-2c0-2.66-5.33-4-8-4"
    />
  </svg>
  Find Work as a Freelancer
  <span
    class="MuiTouchRipple-root css-8je8zh-MuiTouchRipple-root"
  />
</button>

Ignored nodes: comments, script, style
<button
  aria-label="freelancer"
  aria-pressed="true"
  class="MuiButtonBase-root MuiToggleButtonGroup-grouped MuiToggleButtonGroup-groupedHorizontal MuiToggleButton-root Mui-selected MuiToggleButton-fullWidth MuiToggleButton-sizeMedium MuiToggleButton-standard MuiToggleButtonGroup-grouped MuiToggleButtonGroup-groupedHorizontal MuiToggleButtonGroup-firstButton css-17ndd9v-MuiButtonBase-root-MuiToggleButton-root"
  tabindex="0"
  type="button"
  value="freelancer"
>
  <svg
    aria-hidden="true"
    class="MuiSvgIcon-root MuiSvgIcon-fontSizeMedium css-elhp89-MuiSvgIcon-root"
    data-testid="PersonIcon"
    focusable="false"
    viewBox="0 0 24 24"
  >
    <path
      d="M12 12c2.21 0 4-1.79 4-4s-1.79-4-4-4-4 1.79-4 4 1.79 4 4 4m0 2c-2.67 0-8 1.34-8 4v2h16v-2c0-2.66-5.33-4-8-4"
    />
  </svg>
  Find Work as a Freelancer
  <span
    class="MuiTouchRipple-root css-8je8zh-MuiTouchRipple-root"
  />
</button>

(If this is intentional, then use the `*AllBy*` variant of the query (like `queryAllByText`, `getAllByText`, or `findAllByText`)).

Ignored nodes: comments, script, style
<body
  style="padding-right: 1024px; overflow: hidden;"
>
  <div
    aria-hidden="true"
  >
    <div
      class="MuiBox-root css-0"
    >
      <div
        class="MuiBox-root css-i3pbo"
      >
        <h5
          class="MuiTypography-root MuiTypography-h5 MuiTypography-gutterBottom css-1hkf4sh-MuiTypography-root"
        >
          Payment History
        </h5>
        <p
          class="MuiTypography-root MuiTypography-body2 css-xtz2xu-MuiTypography-root"
        >
          1
           payment
           found
        </p>
      </div>
      <div
        class="MuiGrid-root MuiGrid-container MuiGrid-spacing-xs-2 css-12rc5ck-MuiGrid-root"
      >
        <div
          class="MuiGrid-root MuiGrid-item MuiGrid-grid-xs-12 MuiGrid-grid-sm-6 MuiGrid-grid-md-3 css-10voxkt-MuiGrid-root"
        >
          <div
            class="MuiFormControl-root MuiFormControl-fullWidth MuiTextField-root css-18hear-MuiFormControl-root-MuiTextField-root"
          >
            <div
              class="MuiInputBase-root MuiOutlinedInput-root MuiInputBase-colorPrimary MuiInputBase-fullWidth MuiInputBase-formControl MuiInputBase-sizeSmall MuiInputBase-adornedStart css-1cj7mpt-MuiInputBase-root-MuiOutlinedInput-root"
            >
              <div
                class="MuiInputAdornment-root MuiInputAdornment-positionStart MuiInputAdornment-outlined MuiInputAdornment-sizeSmall css-ittuaa-MuiInputAdornment-root"
              >
                <span
                  class="notranslate"
                >
                  ​
                </span>
                <svg
                  aria-hidden="true"
                  class="MuiSvgIcon-root MuiSvgIcon-fontSizeMedium css-i4bv87-MuiSvgIcon-root"
                  data-testid="SearchIcon"
                  focusable="false"
                  viewBox="0 0 24 24"
                >
                  <path
                    d="M15.5 14h-.79l-.28-.27C15.41 12.59 16 11.11 16 9.5 16 5.91 13.09 3 9.5 3S3 5.91 3 9.5 5.91 16 9.5 16c1.61 0 3.09-.59 4.23-1.57l.27.28v.79l5 4.99L20.49 19zm-6 0C7.01 14 5 11.99 5 9.5S7.01 5 9.5 5 14 7.01 14 9.5 11.99 14 9.5 14"
                  />
                </svg>
              </div>
              <input
                aria-invalid="false"
                class="MuiInputBase-input MuiOutlinedInput-input MuiInputBase-inputSizeSmall MuiInputBase-inputAdornedStart css-1ua80n0-MuiInputBase-input-MuiOutlinedInput-input"
                id=":rt:"
                placeholder="Search payments..."
                type="text"
                value=""
              />
              <fieldset
                aria-hidden="true"
                class="MuiOutlinedInput-notchedOutline css-r01yff-MuiNotchedOutlined-root-MuiOutlinedInput-notchedOutline"
              >
                <legend
                  class="css-1whs34k-MuiNotchedOutlined-root"
                >
                  <span
                    class="notranslate"
                  >
                    ​
                  </span>
                </legend>
              </fieldset>
            </div>
          </div>
        </div>
        <div
          class="MuiGrid-root MuiGrid-item MuiGrid-grid-xs-12 MuiGrid-grid-sm-6 MuiGrid-grid-md-3 css-10voxkt-MuiGrid-root"
        >
          <div
            class="MuiFormControl-root MuiFormControl-fullWidth css-q8hpuo-MuiFormControl-root"
          >
            <label
              class="MuiFormLabel-root MuiInputLabel-root MuiInputLabel-formControl MuiInputLabel-animated MuiInputLabel-shrink MuiInputLabel-sizeSmall MuiInputLabel-outlined MuiFormLabel-colorPrimary MuiFormLabel-filled MuiInputLabel-root MuiInputLabel-formControl MuiInputLabel-animated MuiInputLabel-shrink MuiInputLabel-sizeSmall MuiInputLabel-outlined css-fe0mau-MuiFormLabel-root-MuiInputLabel-root"
              data-shrink="true"
            >
              Status
            </label>
            <div
              class="MuiInputBase-root MuiOutlinedInput-root MuiInputBase-colorPrimary MuiInputBase-formControl MuiInputBase-sizeSmall css-13lg1x7-MuiInputBase-root-MuiOutlinedInput-root-MuiSelect-root"
            >
              <div
                aria-controls=":ru:"
                aria-expanded="false"
                aria-haspopup="listbox"
                class="MuiSelect-select MuiSelect-outlined MuiInputBase-input MuiOutlinedInput-input MuiInputBase-inputSizeSmall css-1fzjff4-MuiSelect-select-MuiInputBase-input-MuiOutlinedInput-input"
                role="combobox"
                tabindex="0"
              >
                All Statuses
              </div>
              <input
                aria-hidden="true"
                aria-invalid="false"
                class="MuiSelect-nativeInput css-yf8vq0-MuiSelect-nativeInput"
                tabindex="-1"
                value="all"
              />
              <svg
                aria-hidden="true"
                class="MuiSvgIcon-root MuiSvgIcon-fontSizeMedium MuiSelect-icon MuiSelect-iconOutlined css-hfutr2-MuiSvgIcon-root-MuiSelect-icon"
                data-testid="ArrowDropDownIcon"
                focusable="false"
                viewBox="0 0 24 24"
              >
                <path
                  d="M7 10l5 5 5-5z"
                />
              </svg>[...
 × src/test/auth.test.tsx > Authentication Components > RegisterPage > shows validation errors for required fields 65111ms
   → Found multiple elements with the role "button" and name `/create account/i`

Here are the matching elements:

Ignored nodes: comments, script, style
<button
  class="MuiButtonBase-root MuiButton-root MuiButton-contained MuiButton-containedPrimary MuiButton-sizeLarge MuiButton-containedSizeLarge MuiButton-colorPrimary MuiButton-fullWidth MuiButton-root MuiButton-contained MuiButton-containedPrimary MuiButton-sizeLarge MuiButton-containedSizeLarge MuiButton-colorPrimary MuiButton-fullWidth css-i4zi72-MuiButtonBase-root-MuiButton-root"
  tabindex="0"
  type="submit"
>
  Create Account
  <span
    class="MuiTouchRipple-root css-8je8zh-MuiTouchRipple-root"
  />
</button>

Ignored nodes: comments, script, style
<button
  class="MuiButtonBase-root MuiButton-root MuiButton-contained MuiButton-containedPrimary MuiButton-sizeLarge MuiButton-containedSizeLarge MuiButton-colorPrimary MuiButton-fullWidth MuiButton-root MuiButton-contained MuiButton-containedPrimary MuiButton-sizeLarge MuiButton-containedSizeLarge MuiButton-colorPrimary MuiButton-fullWidth css-i4zi72-MuiButtonBase-root-MuiButton-root"
  tabindex="0"
  type="submit"
>
  Create Account
  <span
    class="MuiTouchRipple-root css-8je8zh-MuiTouchRipple-root"
  />
</button>

Ignored nodes: comments, script, style
<button
  class="MuiButtonBase-root MuiButton-root MuiButton-contained MuiButton-containedPrimary MuiButton-sizeLarge MuiButton-containedSizeLarge MuiButton-colorPrimary MuiButton-fullWidth MuiButton-root MuiButton-contained MuiButton-containedPrimary MuiButton-sizeLarge MuiButton-containedSizeLarge MuiButton-colorPrimary MuiButton-fullWidth css-i4zi72-MuiButtonBase-root-MuiButton-root"
  tabindex="0"
  type="submit"
>
  Create Account
  <span
    class="MuiTouchRipple-root css-8je8zh-MuiTouchRipple-root"
  />
</button>

Ignored nodes: comments, script, style
<button
  class="MuiButtonBase-root MuiButton-root MuiButton-contained MuiButton-containedPrimary MuiButton-sizeLarge MuiButton-containedSizeLarge MuiButton-colorPrimary MuiButton-fullWidth MuiButton-root MuiButton-contained MuiButton-containedPrimary MuiButton-sizeLarge MuiButton-containedSizeLarge MuiButton-colorPrimary MuiButton-fullWidth css-i4zi72-MuiButtonBase-root-MuiButton-root"
  tabindex="0"
  type="submit"
>
  Create Account
  <span
    class="MuiTouchRipple-root css-8je8zh-MuiTouchRipple-root"
  />
</button>

Ignored nodes: comments, script, style
<button
  class="MuiButtonBase-root MuiButton-root MuiButton-contained MuiButton-containedPrimary MuiButton-sizeLarge MuiButton-containedSizeLarge MuiButton-colorPrimary MuiButton-fullWidth MuiButton-root MuiButton-contained MuiButton-containedPrimary MuiButton-sizeLarge MuiButton-containedSizeLarge MuiButton-colorPrimary MuiButton-fullWidth css-i4zi72-MuiButtonBase-root-MuiButton-root"
  tabindex="0"
  type="submit"
>
  Create Account
  <span
    class="MuiTouchRipple-root css-8je8zh-MuiTouchRipple-root"
  />
</button>

(If this is intentional, then use the `*AllBy*` variant of the query (like `queryAllByText`, `getAllByText`, or `findAllByText`)).

Ignored nodes: comments, script, style
<body
  style="padding-right: 1024px; overflow: hidden;"
>
  <div
    aria-hidden="true"
  >
    <div
      class="MuiBox-root css-0"
    >
      <div
        class="MuiBox-root css-i3pbo"
      >
        <h5
          class="MuiTypography-root MuiTypography-h5 MuiTypography-gutterBottom css-1hkf4sh-MuiTypography-root"
        >
          Payment History
        </h5>
        <p
          class="MuiTypography-root MuiTypography-body2 css-xtz2xu-MuiTypography-root"
        >
          1
           payment
           found
        </p>
      </div>
      <div
        class="MuiGrid-root MuiGrid-container MuiGrid-spacing-xs-2 css-12rc5ck-MuiGrid-root"
      >
        <div
          class="MuiGrid-root MuiGrid-item MuiGrid-grid-xs-12 MuiGrid-grid-sm-6 MuiGrid-grid-md-3 css-10voxkt-MuiGrid-root"
        >
          <div
            class="MuiFormControl-root MuiFormControl-fullWidth MuiTextField-root css-18hear-MuiFormControl-root-MuiTextField-root"
          >
            <div
              class="MuiInputBase-root MuiOutlinedInput-root MuiInputBase-colorPrimary MuiInputBase-fullWidth MuiInputBase-formControl MuiInputBase-sizeSmall MuiInputBase-adornedStart css-1cj7mpt-MuiInputBase-root-MuiOutlinedInput-root"
            >
              <div
                class="MuiInputAdornment-root MuiInputAdornment-positionStart MuiInputAdornment-outlined MuiInputAdornment-sizeSmall css-ittuaa-MuiInputAdornment-root"
              >
                <span
                  class="notranslate"
                >
                  ​
                </span>
                <svg
                  aria-hidden="true"
                  class="MuiSvgIcon-root MuiSvgIcon-fontSizeMedium css-i4bv87-MuiSvgIcon-root"
                  data-testid="SearchIcon"
                  focusable="false"
                  viewBox="0 0 24 24"
                >
                  <path
                    d="M15.5 14h-.79l-.28-.27C15.41 12.59 16 11.11 16 9.5 16 5.91 13.09 3 9.5 3S3 5.91 3 9.5 5.91 16 9.5 16c1.61 0 3.09-.59 4.23-1.57l.27.28v.79l5 4.99L20.49 19zm-6 0C7.01 14 5 11.99 5 9.5S7.01 5 9.5 5 14 7.01 14 9.5 11.99 14 9.5 14"
                  />
                </svg>
              </div>
              <input
                aria-invalid="false"
                class="MuiInputBase-input MuiOutlinedInput-input MuiInputBase-inputSizeSmall MuiInputBase-inputAdornedStart css-1ua80n0-MuiInputBase-input-MuiOutlinedInput-input"
                id=":rt:"
                placeholder="Search payments..."
                type="text"
                value=""
              />
              <fieldset
                aria-hidden="true"
                class="MuiOutlinedInput-notchedOutline css-r01yff-MuiNotchedOutlined-root-MuiOutlinedInput-notchedOutline"
              >
                <legend
                  class="css-1whs34k-MuiNotchedOutlined-root"
                >
                  <span
                    class="notranslate"
                  >
                    ​
                  </span>
                </legend>
              </fieldset>
            </div>
          </div>
        </div>
        <div
          class="MuiGrid-root MuiGrid-item MuiGrid-grid-xs-12 MuiGrid-grid-sm-6 MuiGrid-grid-md-3 css-10voxkt-MuiGrid-root"
        >
          <div
            class="MuiFormControl-root MuiFormControl-fullWidth css-q8hpuo-MuiFormControl-root"
          >
            <label
              class="MuiFormLabel-root MuiInputLabel-root MuiInputLabel-formControl MuiInputLabel-animated MuiInputLabel-shrink MuiInputLabel-sizeSmall MuiInputLabel-outlined MuiFormLabel-colorPrimary MuiFormLabel-filled MuiInputLabel-root MuiInputLabel-formControl MuiInputLabel-animated MuiInputLabel-shrink MuiInputLabel-sizeSmall MuiInputLabel-outlined css-fe0mau-MuiFormLabel-root-MuiInputLabel-root"
              data-shrink="true"
            >
              Status
            </label>
            <div
              class="MuiInputBase-root MuiOutlinedInput-root MuiInputBase-colorPrimary MuiInputBase-formControl MuiInputBase-sizeSmall css-13lg1x7-MuiInputBase-root-MuiOutlinedInput-root-MuiSelect-root"
            >
              <div
                aria-controls=":ru:"
                aria-expanded="false"
                aria-haspopup="listbox"
                class="MuiSelect-select MuiSelect-outlined MuiInputBase-input MuiOutlinedInput-input MuiInputBase-inputSizeSmall css-1fzjff4-MuiSelect-select-MuiInputBase-input-MuiOutlinedInput-input"
                role="combobox"
                tabindex="0"
              >
                All Statuses
              </div>
              <input
                aria-hidden="true"
                aria-invalid="false"
                class="MuiSelect-nativeInput css-yf8vq0-MuiSelect-nativeInput"
                tabindex="-1"
                value="all"
              />
              <svg
                aria-hidden="true"
                class="MuiSvgIcon-root MuiSvgIcon-fontSizeMedium MuiSelect-icon MuiSelect-iconOutlined css-hfutr2-MuiSvgIcon-root-MuiSelect-icon"
                data-testid="ArrowDropDownIcon"
                focusable="false"
                viewBox="0 0 24 24"
              >
                <path
                  d="M7 10l5 5 5-5z"
                />
              </svg>[...
 ❯ src/test/auth.test.tsx  (10 tests | 6 failed) 384872ms
   ❯ src/test/auth.test.tsx > Authentication Components > LoginPage > shows validation errors for empty fields
     → Found multiple elements with the role "button" and name `/sign in/i`

Here are the matching elements:

Ignored nodes: comments, script, style
<button
  class="MuiButtonBase-root MuiButton-root MuiButton-contained MuiButton-containedPrimary MuiButton-sizeLarge MuiButton-containedSizeLarge MuiButton-colorPrimary MuiButton-fullWidth MuiButton-root MuiButton-contained MuiButton-containedPrimary MuiButton-sizeLarge MuiButton-containedSizeLarge MuiButton-colorPrimary MuiButton-fullWidth css-i4zi72-MuiButtonBase-root-MuiButton-root"
  tabindex="0"
  type="submit"
>
  Sign In
  <span
    class="MuiTouchRipple-root css-8je8zh-MuiTouchRipple-root"
  />
</button>

Ignored nodes: comments, script, style
<button
  class="MuiButtonBase-root MuiButton-root MuiButton-contained MuiButton-containedPrimary MuiButton-sizeLarge MuiButton-containedSizeLarge MuiButton-colorPrimary MuiButton-fullWidth MuiButton-root MuiButton-contained MuiButton-containedPrimary MuiButton-sizeLarge MuiButton-containedSizeLarge MuiButton-colorPrimary MuiButton-fullWidth css-i4zi72-MuiButtonBase-root-MuiButton-root"
  tabindex="0"
  type="submit"
>
  Sign In
  <span
    class="MuiTouchRipple-root css-8je8zh-MuiTouchRipple-root"
  />
</button>

(If this is intentional, then use the `*AllBy*` variant of the query (like `queryAllByText`, `getAllByText`, or `findAllByText`)).

Ignored nodes: comments, script, style
<body
  style="padding-right: 1024px; overflow: hidden;"
>
  <div
    aria-hidden="true"
  >
    <div
      class="MuiBox-root css-0"
    >
      <div
        class="MuiBox-root css-i3pbo"
      >
        <h5
          class="MuiTypography-root MuiTypography-h5 MuiTypography-gutterBottom css-1hkf4sh-MuiTypography-root"
        >
          Payment History
        </h5>
        <p
          class="MuiTypography-root MuiTypography-body2 css-xtz2xu-MuiTypography-root"
        >
          1
           payment
           found
        </p>
      </div>
      <div
        class="MuiGrid-root MuiGrid-container MuiGrid-spacing-xs-2 css-12rc5ck-MuiGrid-root"
      >
        <div
          class="MuiGrid-root MuiGrid-item MuiGrid-grid-xs-12 MuiGrid-grid-sm-6 MuiGrid-grid-md-3 css-10voxkt-MuiGrid-root"
        >
          <div
            class="MuiFormControl-root MuiFormControl-fullWidth MuiTextField-root css-18hear-MuiFormControl-root-MuiTextField-root"
          >
            <div
              class="MuiInputBase-root MuiOutlinedInput-root MuiInputBase-colorPrimary MuiInputBase-fullWidth MuiInputBase-formControl MuiInputBase-sizeSmall MuiInputBase-adornedStart css-1cj7mpt-MuiInputBase-root-MuiOutlinedInput-root"
            >
              <div
                class="MuiInputAdornment-root MuiInputAdornment-positionStart MuiInputAdornment-outlined MuiInputAdornment-sizeSmall css-ittuaa-MuiInputAdornment-root"
              >
                <span
                  class="notranslate"
                >
                  ​
                </span>
                <svg
                  aria-hidden="true"
                  class="MuiSvgIcon-root MuiSvgIcon-fontSizeMedium css-i4bv87-MuiSvgIcon-root"
                  data-testid="SearchIcon"
                  focusable="false"
                  viewBox="0 0 24 24"
                >
                  <path
                    d="M15.5 14h-.79l-.28-.27C15.41 12.59 16 11.11 16 9.5 16 5.91 13.09 3 9.5 3S3 5.91 3 9.5 5.91 16 9.5 16c1.61 0 3.09-.59 4.23-1.57l.27.28v.79l5 4.99L20.49 19zm-6 0C7.01 14 5 11.99 5 9.5S7.01 5 9.5 5 14 7.01 14 9.5 11.99 14 9.5 14"
                  />
                </svg>
              </div>
              <input
                aria-invalid="false"
                class="MuiInputBase-input MuiOutlinedInput-input MuiInputBase-inputSizeSmall MuiInputBase-inputAdornedStart css-1ua80n0-MuiInputBase-input-MuiOutlinedInput-input"
                id=":rt:"
                placeholder="Search payments..."
                type="text"
                value=""
              />
              <fieldset
                aria-hidden="true"
                class="MuiOutlinedInput-notchedOutline css-r01yff-MuiNotchedOutlined-root-MuiOutlinedInput-notchedOutline"
              >
                <legend
                  class="css-1whs34k-MuiNotchedOutlined-root"
                >
                  <span
                    class="notranslate"
                  >
                    ​
                  </span>
                </legend>
              </fieldset>
            </div>
          </div>
        </div>
        <div
          class="MuiGrid-root MuiGrid-item MuiGrid-grid-xs-12 MuiGrid-grid-sm-6 MuiGrid-grid-md-3 css-10voxkt-MuiGrid-root"
        >
          <div
            class="MuiFormControl-root MuiFormControl-fullWidth css-q8hpuo-MuiFormControl-root"
          >
            <label
              class="MuiFormLabel-root MuiInputLabel-root MuiInputLabel-formControl MuiInputLabel-animated MuiInputLabel-shrink MuiInputLabel-sizeSmall MuiInputLabel-outlined MuiFormLabel-colorPrimary MuiFormLabel-filled MuiInputLabel-root MuiInputLabel-formControl MuiInputLabel-animated MuiInputLabel-shrink MuiInputLabel-sizeSmall MuiInputLabel-outlined css-fe0mau-MuiFormLabel-root-MuiInputLabel-root"
              data-shrink="true"
            >
              Status
            </label>
            <div
              class="MuiInputBase-root MuiOutlinedInput-root MuiInputBase-colorPrimary MuiInputBase-formControl MuiInputBase-sizeSmall css-13lg1x7-MuiInputBase-root-MuiOutlinedInput-root-MuiSelect-root"
            >
              <div
                aria-controls=":ru:"
                aria-expanded="false"
                aria-haspopup="listbox"
                class="MuiSelect-select MuiSelect-outlined MuiInputBase-input MuiOutlinedInput-input MuiInputBase-inputSizeSmall css-1fzjff4-MuiSelect-select-MuiInputBase-input-MuiOutlinedInput-input"
                role="combobox"
                tabindex="0"
              >
                All Statuses
              </div>
              <input
                aria-hidden="true"
                aria-invalid="false"
                class="MuiSelect-nativeInput css-yf8vq0-MuiSelect-nativeInput"
                tabindex="-1"
                value="all"
              />
              <svg
                aria-hidden="true"
                class="MuiSvgIcon-root MuiSvgIcon-fontSizeMedium MuiSelect-icon MuiSelect-iconOutlined css-hfutr2-MuiSvgIcon-root-MuiSelect-icon"
                data-testid="ArrowDropDownIcon"
                focusable="false"
                viewBox="0 0 24 24"
              >
                <path
                  d="M7 10l5 5 5-5z"
                />
              </svg>[...
   ❯ src/test/auth.test.tsx > Authentication Components > LoginPage > redirects to dashboard when already authenticated
     → Found multiple elements with the text: Welcome Back

Here are the matching elements:

Ignored nodes: comments, script, style
<h1
  class="MuiTypography-root MuiTypography-h4 MuiTypography-gutterBottom css-1vw6mcs-MuiTypography-root"
>
  Welcome Back
</h1>

Ignored nodes: comments, script, style
<h1
  class="MuiTypography-root MuiTypography-h4 MuiTypography-gutterBottom css-1vw6mcs-MuiTypography-root"
>
  Welcome Back
</h1>

Ignored nodes: comments, script, style
<h1
  class="MuiTypography-root MuiTypography-h4 MuiTypography-gutterBottom css-1vw6mcs-MuiTypography-root"
>
  Welcome Back
</h1>

(If this is intentional, then use the `*AllBy*` variant of the query (like `queryAllByText`, `getAllByText`, or `findAllByText`)).

Ignored nodes: comments, script, style
<body
  style="padding-right: 1024px; overflow: hidden;"
>
  <div
    aria-hidden="true"
  >
    <div
      class="MuiBox-root css-0"
    >
      <div
        class="MuiBox-root css-i3pbo"
      >
        <h5
          class="MuiTypography-root MuiTypography-h5 MuiTypography-gutterBottom css-1hkf4sh-MuiTypography-root"
        >
          Payment History
        </h5>
        <p
          class="MuiTypography-root MuiTypography-body2 css-xtz2xu-MuiTypography-root"
        >
          1
           payment
           found
        </p>
      </div>
      <div
        class="MuiGrid-root MuiGrid-container MuiGrid-spacing-xs-2 css-12rc5ck-MuiGrid-root"
      >
        <div
          class="MuiGrid-root MuiGrid-item MuiGrid-grid-xs-12 MuiGrid-grid-sm-6 MuiGrid-grid-md-3 css-10voxkt-MuiGrid-root"
        >
          <div
            class="MuiFormControl-root MuiFormControl-fullWidth MuiTextField-root css-18hear-MuiFormControl-root-MuiTextField-root"
          >
            <div
              class="MuiInputBase-root MuiOutlinedInput-root MuiInputBase-colorPrimary MuiInputBase-fullWidth MuiInputBase-formControl MuiInputBase-sizeSmall MuiInputBase-adornedStart css-1cj7mpt-MuiInputBase-root-MuiOutlinedInput-root"
            >
              <div
                class="MuiInputAdornment-root MuiInputAdornment-positionStart MuiInputAdornment-outlined MuiInputAdornment-sizeSmall css-ittuaa-MuiInputAdornment-root"
              >
                <span
                  class="notranslate"
                >
                  ​
                </span>
                <svg
                  aria-hidden="true"
                  class="MuiSvgIcon-root MuiSvgIcon-fontSizeMedium css-i4bv87-MuiSvgIcon-root"
                  data-testid="SearchIcon"
                  focusable="false"
                  viewBox="0 0 24 24"
                >
                  <path
                    d="M15.5 14h-.79l-.28-.27C15.41 12.59 16 11.11 16 9.5 16 5.91 13.09 3 9.5 3S3 5.91 3 9.5 5.91 16 9.5 16c1.61 0 3.09-.59 4.23-1.57l.27.28v.79l5 4.99L20.49 19zm-6 0C7.01 14 5 11.99 5 9.5S7.01 5 9.5 5 14 7.01 14 9.5 11.99 14 9.5 14"
                  />
                </svg>
              </div>
              <input
                aria-invalid="false"
                class="MuiInputBase-input MuiOutlinedInput-input MuiInputBase-inputSizeSmall MuiInputBase-inputAdornedStart css-1ua80n0-MuiInputBase-input-MuiOutlinedInput-input"
                id=":rt:"
                placeholder="Search payments..."
                type="text"
                value=""
              />
              <fieldset
                aria-hidden="true"
                class="MuiOutlinedInput-notchedOutline css-r01yff-MuiNotchedOutlined-root-MuiOutlinedInput-notchedOutline"
              >
                <legend
                  class="css-1whs34k-MuiNotchedOutlined-root"
                >
                  <span
                    class="notranslate"
                  >
                    ​
                  </span>
                </legend>
              </fieldset>
            </div>
          </div>
        </div>
        <div
          class="MuiGrid-root MuiGrid-item MuiGrid-grid-xs-12 MuiGrid-grid-sm-6 MuiGrid-grid-md-3 css-10voxkt-MuiGrid-root"
        >
          <div
            class="MuiFormControl-root MuiFormControl-fullWidth css-q8hpuo-MuiFormControl-root"
          >
            <label
              class="MuiFormLabel-root MuiInputLabel-root MuiInputLabel-formControl MuiInputLabel-animated MuiInputLabel-shrink MuiInputLabel-sizeSmall MuiInputLabel-outlined MuiFormLabel-colorPrimary MuiFormLabel-filled MuiInputLabel-root MuiInputLabel-formControl MuiInputLabel-animated MuiInputLabel-shrink MuiInputLabel-sizeSmall MuiInputLabel-outlined css-fe0mau-MuiFormLabel-root-MuiInputLabel-root"
              data-shrink="true"
            >
              Status
            </label>
            <div
              class="MuiInputBase-root MuiOutlinedInput-root MuiInputBase-colorPrimary MuiInputBase-formControl MuiInputBase-sizeSmall css-13lg1x7-MuiInputBase-root-MuiOutlinedInput-root-MuiSelect-root"
            >
              <div
                aria-controls=":ru:"
                aria-expanded="false"
                aria-haspopup="listbox"
                class="MuiSelect-select MuiSelect-outlined MuiInputBase-input MuiOutlinedInput-input MuiInputBase-inputSizeSmall css-1fzjff4-MuiSelect-select-MuiInputBase-input-MuiOutlinedInput-input"
                role="combobox"
                tabindex="0"
              >
                All Statuses
              </div>
              <input
                aria-hidden="true"
                aria-invalid="false"
                class="MuiSelect-nativeInput css-yf8vq0-MuiSelect-nativeInput"
                tabindex="-1"
                value="all"
              />
              <svg
                aria-hidden="true"
                class="MuiSvgIcon-root MuiSvgIcon-fontSizeMedium MuiSelect-icon MuiSelect-iconOutlined css-hfutr2-MuiSvgIcon-root-MuiSelect-icon"
                data-testid="ArrowDropDownIcon"
                focusable="false"
                viewBox="0 0 24 24"
              >
                <path
                  d="M7 10l5 5 5-5z"
                />
              </svg>[...
   ❯ src/test/auth.test.tsx > Authentication Components > RegisterPage > shows role selection buttons
     → Found multiple elements with the text: Find Work as a Freelancer

Here are the matching elements:

Ignored nodes: comments, script, style
<button
  aria-label="freelancer"
  aria-pressed="true"
  class="MuiButtonBase-root MuiToggleButtonGroup-grouped MuiToggleButtonGroup-groupedHorizontal MuiToggleButton-root Mui-selected MuiToggleButton-fullWidth MuiToggleButton-sizeMedium MuiToggleButton-standard MuiToggleButtonGroup-grouped MuiToggleButtonGroup-groupedHorizontal MuiToggleButtonGroup-firstButton css-17ndd9v-MuiButtonBase-root-MuiToggleButton-root"
  tabindex="0"
  type="button"
  value="freelancer"
>
  <svg
    aria-hidden="true"
    class="MuiSvgIcon-root MuiSvgIcon-fontSizeMedium css-elhp89-MuiSvgIcon-root"
    data-testid="PersonIcon"
    focusable="false"
    viewBox="0 0 24 24"
  >
    <path
      d="M12 12c2.21 0 4-1.79 4-4s-1.79-4-4-4-4 1.79-4 4 1.79 4 4 4m0 2c-2.67 0-8 1.34-8 4v2h16v-2c0-2.66-5.33-4-8-4"
    />
  </svg>
  Find Work as a Freelancer
  <span
    class="MuiTouchRipple-root css-8je8zh-MuiTouchRipple-root"
  />
</button>

Ignored nodes: comments, script, style
<button
  aria-label="freelancer"
  aria-pressed="true"
  class="MuiButtonBase-root MuiToggleButtonGroup-grouped MuiToggleButtonGroup-groupedHorizontal MuiToggleButton-root Mui-selected MuiToggleButton-fullWidth MuiToggleButton-sizeMedium MuiToggleButton-standard MuiToggleButtonGroup-grouped MuiToggleButtonGroup-groupedHorizontal MuiToggleButtonGroup-firstButton css-17ndd9v-MuiButtonBase-root-MuiToggleButton-root"
  tabindex="0"
  type="button"
  value="freelancer"
>
  <svg
    aria-hidden="true"
    class="MuiSvgIcon-root MuiSvgIcon-fontSizeMedium css-elhp89-MuiSvgIcon-root"
    data-testid="PersonIcon"
    focusable="false"
    viewBox="0 0 24 24"
  >
    <path
      d="M12 12c2.21 0 4-1.79 4-4s-1.79-4-4-4-4 1.79-4 4 1.79 4 4 4m0 2c-2.67 0-8 1.34-8 4v2h16v-2c0-2.66-5.33-4-8-4"
    />
  </svg>
  Find Work as a Freelancer
  <span
    class="MuiTouchRipple-root css-8je8zh-MuiTouchRipple-root"
  />
</button>

(If this is intentional, then use the `*AllBy*` variant of the query (like `queryAllByText`, `getAllByText`, or `findAllByText`)).

Ignored nodes: comments, script, style
<body
  style="padding-right: 1024px; overflow: hidden;"
>
  <div
    aria-hidden="true"
  >
    <div
      class="MuiBox-root css-0"
    >
      <div
        class="MuiBox-root css-i3pbo"
      >
        <h5
          class="MuiTypography-root MuiTypography-h5 MuiTypography-gutterBottom css-1hkf4sh-MuiTypography-root"
        >
          Payment History
        </h5>
        <p
          class="MuiTypography-root MuiTypography-body2 css-xtz2xu-MuiTypography-root"
        >
          1
           payment
           found
        </p>
      </div>
      <div
        class="MuiGrid-root MuiGrid-container MuiGrid-spacing-xs-2 css-12rc5ck-MuiGrid-root"
      >
        <div
          class="MuiGrid-root MuiGrid-item MuiGrid-grid-xs-12 MuiGrid-grid-sm-6 MuiGrid-grid-md-3 css-10voxkt-MuiGrid-root"
        >
          <div
            class="MuiFormControl-root MuiFormControl-fullWidth MuiTextField-root css-18hear-MuiFormControl-root-MuiTextField-root"
          >
            <div
              class="MuiInputBase-root MuiOutlinedInput-root MuiInputBase-colorPrimary MuiInputBase-fullWidth MuiInputBase-formControl MuiInputBase-sizeSmall MuiInputBase-adornedStart css-1cj7mpt-MuiInputBase-root-MuiOutlinedInput-root"
            >
              <div
                class="MuiInputAdornment-root MuiInputAdornment-positionStart MuiInputAdornment-outlined MuiInputAdornment-sizeSmall css-ittuaa-MuiInputAdornment-root"
              >
                <span
                  class="notranslate"
                >
                  ​
                </span>
                <svg
                  aria-hidden="true"
                  class="MuiSvgIcon-root MuiSvgIcon-fontSizeMedium css-i4bv87-MuiSvgIcon-root"
                  data-testid="SearchIcon"
                  focusable="false"
                  viewBox="0 0 24 24"
                >
                  <path
                    d="M15.5 14h-.79l-.28-.27C15.41 12.59 16 11.11 16 9.5 16 5.91 13.09 3 9.5 3S3 5.91 3 9.5 5.91 16 9.5 16c1.61 0 3.09-.59 4.23-1.57l.27.28v.79l5 4.99L20.49 19zm-6 0C7.01 14 5 11.99 5 9.5S7.01 5 9.5 5 14 7.01 14 9.5 11.99 14 9.5 14"
                  />
                </svg>
              </div>
              <input
                aria-invalid="false"
                class="MuiInputBase-input MuiOutlinedInput-input MuiInputBase-inputSizeSmall MuiInputBase-inputAdornedStart css-1ua80n0-MuiInputBase-input-MuiOutlinedInput-input"
                id=":rt:"
                placeholder="Search payments..."
                type="text"
                value=""
              />
              <fieldset
                aria-hidden="true"
                class="MuiOutlinedInput-notchedOutline css-r01yff-MuiNotchedOutlined-root-MuiOutlinedInput-notchedOutline"
              >
                <legend
                  class="css-1whs34k-MuiNotchedOutlined-root"
                >
                  <span
                    class="notranslate"
                  >
                    ​
                  </span>
                </legend>
              </fieldset>
            </div>
          </div>
        </div>
        <div
          class="MuiGrid-root MuiGrid-item MuiGrid-grid-xs-12 MuiGrid-grid-sm-6 MuiGrid-grid-md-3 css-10voxkt-MuiGrid-root"
        >
          <div
            class="MuiFormControl-root MuiFormControl-fullWidth css-q8hpuo-MuiFormControl-root"
          >
            <label
              class="MuiFormLabel-root MuiInputLabel-root MuiInputLabel-formControl MuiInputLabel-animated MuiInputLabel-shrink MuiInputLabel-sizeSmall MuiInputLabel-outlined MuiFormLabel-colorPrimary MuiFormLabel-filled MuiInputLabel-root MuiInputLabel-formControl MuiInputLabel-animated MuiInputLabel-shrink MuiInputLabel-sizeSmall MuiInputLabel-outlined css-fe0mau-MuiFormLabel-root-MuiInputLabel-root"
              data-shrink="true"
            >
              Status
            </label>
            <div
              class="MuiInputBase-root MuiOutlinedInput-root MuiInputBase-colorPrimary MuiInputBase-formControl MuiInputBase-sizeSmall css-13lg1x7-MuiInputBase-root-MuiOutlinedInput-root-MuiSelect-root"
            >
              <div
                aria-controls=":ru:"
                aria-expanded="false"
                aria-haspopup="listbox"
                class="MuiSelect-select MuiSelect-outlined MuiInputBase-input MuiOutlinedInput-input MuiInputBase-inputSizeSmall css-1fzjff4-MuiSelect-select-MuiInputBase-input-MuiOutlinedInput-input"
                role="combobox"
                tabindex="0"
              >
                All Statuses
              </div>
              <input
                aria-hidden="true"
                aria-invalid="false"
                class="MuiSelect-nativeInput css-yf8vq0-MuiSelect-nativeInput"
                tabindex="-1"
                value="all"
              />
              <svg
                aria-hidden="true"
                class="MuiSvgIcon-root MuiSvgIcon-fontSizeMedium MuiSelect-icon MuiSelect-iconOutlined css-hfutr2-MuiSvgIcon-root-MuiSelect-icon"
                data-testid="ArrowDropDownIcon"
                focusable="false"
                viewBox="0 0 24 24"
              >
                <path
                  d="M7 10l5 5 5-5z"
                />
              </svg>[...
   ❯ src/test/auth.test.tsx > Authentication Components > RegisterPage > shows company name field for client role
     → Found multiple elements with the text: Hire Freelancers

Here are the matching elements:

Ignored nodes: comments, script, style
<button
  aria-label="client"
  aria-pressed="false"
  class="MuiButtonBase-root MuiToggleButtonGroup-grouped MuiToggleButtonGroup-groupedHorizontal MuiToggleButton-root MuiToggleButton-fullWidth MuiToggleButton-sizeMedium MuiToggleButton-standard MuiToggleButtonGroup-grouped MuiToggleButtonGroup-groupedHorizontal MuiToggleButtonGroup-middleButton css-17ndd9v-MuiButtonBase-root-MuiToggleButton-root"
  tabindex="0"
  type="button"
  value="client"
>
  <svg
    aria-hidden="true"
    class="MuiSvgIcon-root MuiSvgIcon-fontSizeMedium css-elhp89-MuiSvgIcon-root"
    data-testid="BusinessIcon"
    focusable="false"
    viewBox="0 0 24 24"
  >
    <path
      d="M12 7V3H2v18h20V7zM6 19H4v-2h2zm0-4H4v-2h2zm0-4H4V9h2zm0-4H4V5h2zm4 12H8v-2h2zm0-4H8v-2h2zm0-4H8V9h2zm0-4H8V5h2zm10 12h-8v-2h2v-2h-2v-2h2v-2h-2V9h8zm-2-8h-2v2h2zm0 4h-2v2h2z"
    />
  </svg>
  Hire Freelancers
  <span
    class="MuiTouchRipple-root css-8je8zh-MuiTouchRipple-root"
  />
</button>

Ignored nodes: comments, script, style
<button
  aria-label="client"
  aria-pressed="false"
  class="MuiButtonBase-root MuiToggleButtonGroup-grouped MuiToggleButtonGroup-groupedHorizontal MuiToggleButton-root MuiToggleButton-fullWidth MuiToggleButton-sizeMedium MuiToggleButton-standard MuiToggleButtonGroup-grouped MuiToggleButtonGroup-groupedHorizontal MuiToggleButtonGroup-middleButton css-17ndd9v-MuiButtonBase-root-MuiToggleButton-root"
  tabindex="0"
  type="button"
  value="client"
>
  <svg
    aria-hidden="true"
    class="MuiSvgIcon-root MuiSvgIcon-fontSizeMedium css-elhp89-MuiSvgIcon-root"
    data-testid="BusinessIcon"
    focusable="false"
    viewBox="0 0 24 24"
  >
    <path
      d="M12 7V3H2v18h20V7zM6 19H4v-2h2zm0-4H4v-2h2zm0-4H4V9h2zm0-4H4V5h2zm4 12H8v-2h2zm0-4H8v-2h2zm0-4H8V9h2zm0-4H8V5h2zm10 12h-8v-2h2v-2h-2v-2h2v-2h-2V9h8zm-2-8h-2v2h2zm0 4h-2v2h2z"
    />
  </svg>
  Hire Freelancers
  <span
    class="MuiTouchRipple-root css-8je8zh-MuiTouchRipple-root"
  />
</button>

Ignored nodes: comments, script, style
<button
  aria-label="client"
  aria-pressed="false"
  class="MuiButtonBase-root MuiToggleButtonGroup-grouped MuiToggleButtonGroup-groupedHorizontal MuiToggleButton-root MuiToggleButton-fullWidth MuiToggleButton-sizeMedium MuiToggleButton-standard MuiToggleButtonGroup-grouped MuiToggleButtonGroup-groupedHorizontal MuiToggleButtonGroup-middleButton css-17ndd9v-MuiButtonBase-root-MuiToggleButton-root"
  tabindex="0"
  type="button"
  value="client"
>
  <svg
    aria-hidden="true"
    class="MuiSvgIcon-root MuiSvgIcon-fontSizeMedium css-elhp89-MuiSvgIcon-root"
    data-testid="BusinessIcon"
    focusable="false"
    viewBox="0 0 24 24"
  >
    <path
      d="M12 7V3H2v18h20V7zM6 19H4v-2h2zm0-4H4v-2h2zm0-4H4V9h2zm0-4H4V5h2zm4 12H8v-2h2zm0-4H8v-2h2zm0-4H8V9h2zm0-4H8V5h2zm10 12h-8v-2h2v-2h-2v-2h2v-2h-2V9h8zm-2-8h-2v2h2zm0 4h-2v2h2z"
    />
  </svg>
  Hire Freelancers
  <span
    class="MuiTouchRipple-root css-8je8zh-MuiTouchRipple-root"
  />
</button>

(If this is intentional, then use the `*AllBy*` variant of the query (like `queryAllByText`, `getAllByText`, or `findAllByText`)).

Ignored nodes: comments, script, style
<body
  style="padding-right: 1024px; overflow: hidden;"
>
  <div
    aria-hidden="true"
  >
    <div
      class="MuiBox-root css-0"
    >
      <div
        class="MuiBox-root css-i3pbo"
      >
        <h5
          class="MuiTypography-root MuiTypography-h5 MuiTypography-gutterBottom css-1hkf4sh-MuiTypography-root"
        >
          Payment History
        </h5>
        <p
          class="MuiTypography-root MuiTypography-body2 css-xtz2xu-MuiTypography-root"
        >
          1
           payment
           found
        </p>
      </div>
      <div
        class="MuiGrid-root MuiGrid-container MuiGrid-spacing-xs-2 css-12rc5ck-MuiGrid-root"
      >
        <div
          class="MuiGrid-root MuiGrid-item MuiGrid-grid-xs-12 MuiGrid-grid-sm-6 MuiGrid-grid-md-3 css-10voxkt-MuiGrid-root"
        >
          <div
            class="MuiFormControl-root MuiFormControl-fullWidth MuiTextField-root css-18hear-MuiFormControl-root-MuiTextField-root"
          >
            <div
              class="MuiInputBase-root MuiOutlinedInput-root MuiInputBase-colorPrimary MuiInputBase-fullWidth MuiInputBase-formControl MuiInputBase-sizeSmall MuiInputBase-adornedStart css-1cj7mpt-MuiInputBase-root-MuiOutlinedInput-root"
            >
              <div
                class="MuiInputAdornment-root MuiInputAdornment-positionStart MuiInputAdornment-outlined MuiInputAdornment-sizeSmall css-ittuaa-MuiInputAdornment-root"
              >
                <span
                  class="notranslate"
                >
                  ​
                </span>
                <svg
                  aria-hidden="true"
                  class="MuiSvgIcon-root MuiSvgIcon-fontSizeMedium css-i4bv87-MuiSvgIcon-root"
                  data-testid="SearchIcon"
                  focusable="false"
                  viewBox="0 0 24 24"
                >
                  <path
                    d="M15.5 14h-.79l-.28-.27C15.41 12.59 16 11.11 16 9.5 16 5.91 13.09 3 9.5 3S3 5.91 3 9.5 5.91 16 9.5 16c1.61 0 3.09-.59 4.23-1.57l.27.28v.79l5 4.99L20.49 19zm-6 0C7.01 14 5 11.99 5 9.5S7.01 5 9.5 5 14 7.01 14 9.5 11.99 14 9.5 14"
                  />
                </svg>
              </div>
              <input
                aria-invalid="false"
                class="MuiInputBase-input MuiOutlinedInput-input MuiInputBase-inputSizeSmall MuiInputBase-inputAdornedStart css-1ua80n0-MuiInputBase-input-MuiOutlinedInput-input"
                id=":rt:"
                placeholder="Search payments..."
                type="text"
                value=""
              />
              <fieldset
                aria-hidden="true"
                class="MuiOutlinedInput-notchedOutline css-r01yff-MuiNotchedOutlined-root-MuiOutlinedInput-notchedOutline"
              >
                <legend
                  class="css-1whs34k-MuiNotchedOutlined-root"
                >
                  <span
                    class="notranslate"
                  >
                    ​
                  </span>
                </legend>
              </fieldset>
            </div>
          </div>
        </div>
        <div
          class="MuiGrid-root MuiGrid-item MuiGrid-grid-xs-12 MuiGrid-grid-sm-6 MuiGrid-grid-md-3 css-10voxkt-MuiGrid-root"
        >
          <div
            class="MuiFormControl-root MuiFormControl-fullWidth css-q8hpuo-MuiFormControl-root"
          >
            <label
              class="MuiFormLabel-root MuiInputLabel-root MuiInputLabel-formControl MuiInputLabel-animated MuiInputLabel-shrink MuiInputLabel-sizeSmall MuiInputLabel-outlined MuiFormLabel-colorPrimary MuiFormLabel-filled MuiInputLabel-root MuiInputLabel-formControl MuiInputLabel-animated MuiInputLabel-shrink MuiInputLabel-sizeSmall MuiInputLabel-outlined css-fe0mau-MuiFormLabel-root-MuiInputLabel-root"
              data-shrink="true"
            >
              Status
            </label>
            <div
              class="MuiInputBase-root MuiOutlinedInput-root MuiInputBase-colorPrimary MuiInputBase-formControl MuiInputBase-sizeSmall css-13lg1x7-MuiInputBase-root-MuiOutlinedInput-root-MuiSelect-root"
            >
              <div
                aria-controls=":ru:"
                aria-expanded="false"
                aria-haspopup="listbox"
                class="MuiSelect-select MuiSelect-outlined MuiInputBase-input MuiOutlinedInput-input MuiInputBase-inputSizeSmall css-1fzjff4-MuiSelect-select-MuiInputBase-input-MuiOutlinedInput-input"
                role="combobox"
                tabindex="0"
              >
                All Statuses
              </div>
              <input
                aria-hidden="true"
                aria-invalid="false"
                class="MuiSelect-nativeInput css-yf8vq0-MuiSelect-nativeInput"
                tabindex="-1"
                value="all"
              />
              <svg
                aria-hidden="true"
                class="MuiSvgIcon-root MuiSvgIcon-fontSizeMedium MuiSelect-icon MuiSelect-iconOutlined css-hfutr2-MuiSvgIcon-root-MuiSelect-icon"
                data-testid="ArrowDropDownIcon"
                focusable="false"
                viewBox="0 0 24 24"
              >
                <path
                  d="M7 10l5 5 5-5z"
                />
              </svg>[...
   ❯ src/test/auth.test.tsx > Authentication Components > RegisterPage > shows professional title field for freelancer role
     → Found multiple elements with the text: Find Work as a Freelancer

Here are the matching elements:

Ignored nodes: comments, script, style
<button
  aria-label="freelancer"
  aria-pressed="true"
  class="MuiButtonBase-root MuiToggleButtonGroup-grouped MuiToggleButtonGroup-groupedHorizontal MuiToggleButton-root Mui-selected MuiToggleButton-fullWidth MuiToggleButton-sizeMedium MuiToggleButton-standard MuiToggleButtonGroup-grouped MuiToggleButtonGroup-groupedHorizontal MuiToggleButtonGroup-firstButton css-17ndd9v-MuiButtonBase-root-MuiToggleButton-root"
  tabindex="0"
  type="button"
  value="freelancer"
>
  <svg
    aria-hidden="true"
    class="MuiSvgIcon-root MuiSvgIcon-fontSizeMedium css-elhp89-MuiSvgIcon-root"
    data-testid="PersonIcon"
    focusable="false"
    viewBox="0 0 24 24"
  >
    <path
      d="M12 12c2.21 0 4-1.79 4-4s-1.79-4-4-4-4 1.79-4 4 1.79 4 4 4m0 2c-2.67 0-8 1.34-8 4v2h16v-2c0-2.66-5.33-4-8-4"
    />
  </svg>
  Find Work as a Freelancer
  <span
    class="MuiTouchRipple-root css-8je8zh-MuiTouchRipple-root"
  />
</button>

Ignored nodes: comments, script, style
<button
  aria-label="freelancer"
  aria-pressed="true"
  class="MuiButtonBase-root MuiToggleButtonGroup-grouped MuiToggleButtonGroup-groupedHorizontal MuiToggleButton-root Mui-selected MuiToggleButton-fullWidth MuiToggleButton-sizeMedium MuiToggleButton-standard MuiToggleButtonGroup-grouped MuiToggleButtonGroup-groupedHorizontal MuiToggleButtonGroup-firstButton css-17ndd9v-MuiButtonBase-root-MuiToggleButton-root"
  tabindex="0"
  type="button"
  value="freelancer"
>
  <svg
    aria-hidden="true"
    class="MuiSvgIcon-root MuiSvgIcon-fontSizeMedium css-elhp89-MuiSvgIcon-root"
    data-testid="PersonIcon"
    focusable="false"
    viewBox="0 0 24 24"
  >
    <path
      d="M12 12c2.21 0 4-1.79 4-4s-1.79-4-4-4-4 1.79-4 4 1.79 4 4 4m0 2c-2.67 0-8 1.34-8 4v2h16v-2c0-2.66-5.33-4-8-4"
    />
  </svg>
  Find Work as a Freelancer
  <span
    class="MuiTouchRipple-root css-8je8zh-MuiTouchRipple-root"
  />
</button>

Ignored nodes: comments, script, style
<button
  aria-label="freelancer"
  aria-pressed="true"
  class="MuiButtonBase-root MuiToggleButtonGroup-grouped MuiToggleButtonGroup-groupedHorizontal MuiToggleButton-root Mui-selected MuiToggleButton-fullWidth MuiToggleButton-sizeMedium MuiToggleButton-standard MuiToggleButtonGroup-grouped MuiToggleButtonGroup-groupedHorizontal MuiToggleButtonGroup-firstButton css-17ndd9v-MuiButtonBase-root-MuiToggleButton-root"
  tabindex="0"
  type="button"
  value="freelancer"
>
  <svg
    aria-hidden="true"
    class="MuiSvgIcon-root MuiSvgIcon-fontSizeMedium css-elhp89-MuiSvgIcon-root"
    data-testid="PersonIcon"
    focusable="false"
    viewBox="0 0 24 24"
  >
    <path
      d="M12 12c2.21 0 4-1.79 4-4s-1.79-4-4-4-4 1.79-4 4 1.79 4 4 4m0 2c-2.67 0-8 1.34-8 4v2h16v-2c0-2.66-5.33-4-8-4"
    />
  </svg>
  Find Work as a Freelancer
  <span
    class="MuiTouchRipple-root css-8je8zh-MuiTouchRipple-root"
  />
</button>

Ignored nodes: comments, script, style
<button
  aria-label="freelancer"
  aria-pressed="true"
  class="MuiButtonBase-root MuiToggleButtonGroup-grouped MuiToggleButtonGroup-groupedHorizontal MuiToggleButton-root Mui-selected MuiToggleButton-fullWidth MuiToggleButton-sizeMedium MuiToggleButton-standard MuiToggleButtonGroup-grouped MuiToggleButtonGroup-groupedHorizontal MuiToggleButtonGroup-firstButton css-17ndd9v-MuiButtonBase-root-MuiToggleButton-root"
  tabindex="0"
  type="button"
  value="freelancer"
>
  <svg
    aria-hidden="true"
    class="MuiSvgIcon-root MuiSvgIcon-fontSizeMedium css-elhp89-MuiSvgIcon-root"
    data-testid="PersonIcon"
    focusable="false"
    viewBox="0 0 24 24"
  >
    <path
      d="M12 12c2.21 0 4-1.79 4-4s-1.79-4-4-4-4 1.79-4 4 1.79 4 4 4m0 2c-2.67 0-8 1.34-8 4v2h16v-2c0-2.66-5.33-4-8-4"
    />
  </svg>
  Find Work as a Freelancer
  <span
    class="MuiTouchRipple-root css-8je8zh-MuiTouchRipple-root"
  />
</button>

(If this is intentional, then use the `*AllBy*` variant of the query (like `queryAllByText`, `getAllByText`, or `findAllByText`)).

Ignored nodes: comments, script, style
<body
  style="padding-right: 1024px; overflow: hidden;"
>
  <div
    aria-hidden="true"
  >
    <div
      class="MuiBox-root css-0"
    >
      <div
        class="MuiBox-root css-i3pbo"
      >
        <h5
          class="MuiTypography-root MuiTypography-h5 MuiTypography-gutterBottom css-1hkf4sh-MuiTypography-root"
        >
          Payment History
        </h5>
        <p
          class="MuiTypography-root MuiTypography-body2 css-xtz2xu-MuiTypography-root"
        >
          1
           payment
           found
        </p>
      </div>
      <div
        class="MuiGrid-root MuiGrid-container MuiGrid-spacing-xs-2 css-12rc5ck-MuiGrid-root"
      >
        <div
          class="MuiGrid-root MuiGrid-item MuiGrid-grid-xs-12 MuiGrid-grid-sm-6 MuiGrid-grid-md-3 css-10voxkt-MuiGrid-root"
        >
          <div
            class="MuiFormControl-root MuiFormControl-fullWidth MuiTextField-root css-18hear-MuiFormControl-root-MuiTextField-root"
          >
            <div
              class="MuiInputBase-root MuiOutlinedInput-root MuiInputBase-colorPrimary MuiInputBase-fullWidth MuiInputBase-formControl MuiInputBase-sizeSmall MuiInputBase-adornedStart css-1cj7mpt-MuiInputBase-root-MuiOutlinedInput-root"
            >
              <div
                class="MuiInputAdornment-root MuiInputAdornment-positionStart MuiInputAdornment-outlined MuiInputAdornment-sizeSmall css-ittuaa-MuiInputAdornment-root"
              >
                <span
                  class="notranslate"
                >
                  ​
                </span>
                <svg
                  aria-hidden="true"
                  class="MuiSvgIcon-root MuiSvgIcon-fontSizeMedium css-i4bv87-MuiSvgIcon-root"
                  data-testid="SearchIcon"
                  focusable="false"
                  viewBox="0 0 24 24"
                >
                  <path
                    d="M15.5 14h-.79l-.28-.27C15.41 12.59 16 11.11 16 9.5 16 5.91 13.09 3 9.5 3S3 5.91 3 9.5 5.91 16 9.5 16c1.61 0 3.09-.59 4.23-1.57l.27.28v.79l5 4.99L20.49 19zm-6 0C7.01 14 5 11.99 5 9.5S7.01 5 9.5 5 14 7.01 14 9.5 11.99 14 9.5 14"
                  />
                </svg>
              </div>
              <input
                aria-invalid="false"
                class="MuiInputBase-input MuiOutlinedInput-input MuiInputBase-inputSizeSmall MuiInputBase-inputAdornedStart css-1ua80n0-MuiInputBase-input-MuiOutlinedInput-input"
                id=":rt:"
                placeholder="Search payments..."
                type="text"
                value=""
              />
              <fieldset
                aria-hidden="true"
                class="MuiOutlinedInput-notchedOutline css-r01yff-MuiNotchedOutlined-root-MuiOutlinedInput-notchedOutline"
              >
                <legend
                  class="css-1whs34k-MuiNotchedOutlined-root"
                >
                  <span
                    class="notranslate"
                  >
                    ​
                  </span>
                </legend>
              </fieldset>
            </div>
          </div>
        </div>
        <div
          class="MuiGrid-root MuiGrid-item MuiGrid-grid-xs-12 MuiGrid-grid-sm-6 MuiGrid-grid-md-3 css-10voxkt-MuiGrid-root"
        >
          <div
            class="MuiFormControl-root MuiFormControl-fullWidth css-q8hpuo-MuiFormControl-root"
          >
            <label
              class="MuiFormLabel-root MuiInputLabel-root MuiInputLabel-formControl MuiInputLabel-animated MuiInputLabel-shrink MuiInputLabel-sizeSmall MuiInputLabel-outlined MuiFormLabel-colorPrimary MuiFormLabel-filled MuiInputLabel-root MuiInputLabel-formControl MuiInputLabel-animated MuiInputLabel-shrink MuiInputLabel-sizeSmall MuiInputLabel-outlined css-fe0mau-MuiFormLabel-root-MuiInputLabel-root"
              data-shrink="true"
            >
              Status
            </label>
            <div
              class="MuiInputBase-root MuiOutlinedInput-root MuiInputBase-colorPrimary MuiInputBase-formControl MuiInputBase-sizeSmall css-13lg1x7-MuiInputBase-root-MuiOutlinedInput-root-MuiSelect-root"
            >
              <div
                aria-controls=":ru:"
                aria-expanded="false"
                aria-haspopup="listbox"
                class="MuiSelect-select MuiSelect-outlined MuiInputBase-input MuiOutlinedInput-input MuiInputBase-inputSizeSmall css-1fzjff4-MuiSelect-select-MuiInputBase-input-MuiOutlinedInput-input"
                role="combobox"
                tabindex="0"
              >
                All Statuses
              </div>
              <input
                aria-hidden="true"
                aria-invalid="false"
                class="MuiSelect-nativeInput css-yf8vq0-MuiSelect-nativeInput"
                tabindex="-1"
                value="all"
              />
              <svg
                aria-hidden="true"
                class="MuiSvgIcon-root MuiSvgIcon-fontSizeMedium MuiSelect-icon MuiSelect-iconOutlined css-hfutr2-MuiSvgIcon-root-MuiSelect-icon"
                data-testid="ArrowDropDownIcon"
                focusable="false"
                viewBox="0 0 24 24"
              >
                <path
                  d="M7 10l5 5 5-5z"
                />
              </svg>[...
   ❯ src/test/auth.test.tsx > Authentication Components > RegisterPage > shows validation errors for required fields
     → Found multiple elements with the role "button" and name `/create account/i`

Here are the matching elements:

Ignored nodes: comments, script, style
<button
  class="MuiButtonBase-root MuiButton-root MuiButton-contained MuiButton-containedPrimary MuiButton-sizeLarge MuiButton-containedSizeLarge MuiButton-colorPrimary MuiButton-fullWidth MuiButton-root MuiButton-contained MuiButton-containedPrimary MuiButton-sizeLarge MuiButton-containedSizeLarge MuiButton-colorPrimary MuiButton-fullWidth css-i4zi72-MuiButtonBase-root-MuiButton-root"
  tabindex="0"
  type="submit"
>
  Create Account
  <span
    class="MuiTouchRipple-root css-8je8zh-MuiTouchRipple-root"
  />
</button>

Ignored nodes: comments, script, style
<button
  class="MuiButtonBase-root MuiButton-root MuiButton-contained MuiButton-containedPrimary MuiButton-sizeLarge MuiButton-containedSizeLarge MuiButton-colorPrimary MuiButton-fullWidth MuiButton-root MuiButton-contained MuiButton-containedPrimary MuiButton-sizeLarge MuiButton-containedSizeLarge MuiButton-colorPrimary MuiButton-fullWidth css-i4zi72-MuiButtonBase-root-MuiButton-root"
  tabindex="0"
  type="submit"
>
  Create Account
  <span
    class="MuiTouchRipple-root css-8je8zh-MuiTouchRipple-root"
  />
</button>

Ignored nodes: comments, script, style
<button
  class="MuiButtonBase-root MuiButton-root MuiButton-contained MuiButton-containedPrimary MuiButton-sizeLarge MuiButton-containedSizeLarge MuiButton-colorPrimary MuiButton-fullWidth MuiButton-root MuiButton-contained MuiButton-containedPrimary MuiButton-sizeLarge MuiButton-containedSizeLarge MuiButton-colorPrimary MuiButton-fullWidth css-i4zi72-MuiButtonBase-root-MuiButton-root"
  tabindex="0"
  type="submit"
>
  Create Account
  <span
    class="MuiTouchRipple-root css-8je8zh-MuiTouchRipple-root"
  />
</button>

Ignored nodes: comments, script, style
<button
  class="MuiButtonBase-root MuiButton-root MuiButton-contained MuiButton-containedPrimary MuiButton-sizeLarge MuiButton-containedSizeLarge MuiButton-colorPrimary MuiButton-fullWidth MuiButton-root MuiButton-contained MuiButton-containedPrimary MuiButton-sizeLarge MuiButton-containedSizeLarge MuiButton-colorPrimary MuiButton-fullWidth css-i4zi72-MuiButtonBase-root-MuiButton-root"
  tabindex="0"
  type="submit"
>
  Create Account
  <span
    class="MuiTouchRipple-root css-8je8zh-MuiTouchRipple-root"
  />
</button>

Ignored nodes: comments, script, style
<button
  class="MuiButtonBase-root MuiButton-root MuiButton-contained MuiButton-containedPrimary MuiButton-sizeLarge MuiButton-containedSizeLarge MuiButton-colorPrimary MuiButton-fullWidth MuiButton-root MuiButton-contained MuiButton-containedPrimary MuiButton-sizeLarge MuiButton-containedSizeLarge MuiButton-colorPrimary MuiButton-fullWidth css-i4zi72-MuiButtonBase-root-MuiButton-root"
  tabindex="0"
  type="submit"
>
  Create Account
  <span
    class="MuiTouchRipple-root css-8je8zh-MuiTouchRipple-root"
  />
</button>

(If this is intentional, then use the `*AllBy*` variant of the query (like `queryAllByText`, `getAllByText`, or `findAllByText`)).

Ignored nodes: comments, script, style
<body
  style="padding-right: 1024px; overflow: hidden;"
>
  <div
    aria-hidden="true"
  >
    <div
      class="MuiBox-root css-0"
    >
      <div
        class="MuiBox-root css-i3pbo"
      >
        <h5
          class="MuiTypography-root MuiTypography-h5 MuiTypography-gutterBottom css-1hkf4sh-MuiTypography-root"
        >
          Payment History
        </h5>
        <p
          class="MuiTypography-root MuiTypography-body2 css-xtz2xu-MuiTypography-root"
        >
          1
           payment
           found
        </p>
      </div>
      <div
        class="MuiGrid-root MuiGrid-container MuiGrid-spacing-xs-2 css-12rc5ck-MuiGrid-root"
      >
        <div
          class="MuiGrid-root MuiGrid-item MuiGrid-grid-xs-12 MuiGrid-grid-sm-6 MuiGrid-grid-md-3 css-10voxkt-MuiGrid-root"
        >
          <div
            class="MuiFormControl-root MuiFormControl-fullWidth MuiTextField-root css-18hear-MuiFormControl-root-MuiTextField-root"
          >
            <div
              class="MuiInputBase-root MuiOutlinedInput-root MuiInputBase-colorPrimary MuiInputBase-fullWidth MuiInputBase-formControl MuiInputBase-sizeSmall MuiInputBase-adornedStart css-1cj7mpt-MuiInputBase-root-MuiOutlinedInput-root"
            >
              <div
                class="MuiInputAdornment-root MuiInputAdornment-positionStart MuiInputAdornment-outlined MuiInputAdornment-sizeSmall css-ittuaa-MuiInputAdornment-root"
              >
                <span
                  class="notranslate"
                >
                  ​
                </span>
                <svg
                  aria-hidden="true"
                  class="MuiSvgIcon-root MuiSvgIcon-fontSizeMedium css-i4bv87-MuiSvgIcon-root"
                  data-testid="SearchIcon"
                  focusable="false"
                  viewBox="0 0 24 24"
                >
                  <path
                    d="M15.5 14h-.79l-.28-.27C15.41 12.59 16 11.11 16 9.5 16 5.91 13.09 3 9.5 3S3 5.91 3 9.5 5.91 16 9.5 16c1.61 0 3.09-.59 4.23-1.57l.27.28v.79l5 4.99L20.49 19zm-6 0C7.01 14 5 11.99 5 9.5S7.01 5 9.5 5 14 7.01 14 9.5 11.99 14 9.5 14"
                  />
                </svg>
              </div>
              <input
                aria-invalid="false"
                class="MuiInputBase-input MuiOutlinedInput-input MuiInputBase-inputSizeSmall MuiInputBase-inputAdornedStart css-1ua80n0-MuiInputBase-input-MuiOutlinedInput-input"
                id=":rt:"
                placeholder="Search payments..."
                type="text"
                value=""
              />
              <fieldset
                aria-hidden="true"
                class="MuiOutlinedInput-notchedOutline css-r01yff-MuiNotchedOutlined-root-MuiOutlinedInput-notchedOutline"
              >
                <legend
                  class="css-1whs34k-MuiNotchedOutlined-root"
                >
                  <span
                    class="notranslate"
                  >
                    ​
                  </span>
                </legend>
              </fieldset>
            </div>
          </div>
        </div>
        <div
          class="MuiGrid-root MuiGrid-item MuiGrid-grid-xs-12 MuiGrid-grid-sm-6 MuiGrid-grid-md-3 css-10voxkt-MuiGrid-root"
        >
          <div
            class="MuiFormControl-root MuiFormControl-fullWidth css-q8hpuo-MuiFormControl-root"
          >
            <label
              class="MuiFormLabel-root MuiInputLabel-root MuiInputLabel-formControl MuiInputLabel-animated MuiInputLabel-shrink MuiInputLabel-sizeSmall MuiInputLabel-outlined MuiFormLabel-colorPrimary MuiFormLabel-filled MuiInputLabel-root MuiInputLabel-formControl MuiInputLabel-animated MuiInputLabel-shrink MuiInputLabel-sizeSmall MuiInputLabel-outlined css-fe0mau-MuiFormLabel-root-MuiInputLabel-root"
              data-shrink="true"
            >
              Status
            </label>
            <div
              class="MuiInputBase-root MuiOutlinedInput-root MuiInputBase-colorPrimary MuiInputBase-formControl MuiInputBase-sizeSmall css-13lg1x7-MuiInputBase-root-MuiOutlinedInput-root-MuiSelect-root"
            >
              <div
                aria-controls=":ru:"
                aria-expanded="false"
                aria-haspopup="listbox"
                class="MuiSelect-select MuiSelect-outlined MuiInputBase-input MuiOutlinedInput-input MuiInputBase-inputSizeSmall css-1fzjff4-MuiSelect-select-MuiInputBase-input-MuiOutlinedInput-input"
                role="combobox"
                tabindex="0"
              >
                All Statuses
              </div>
              <input
                aria-hidden="true"
                aria-invalid="false"
                class="MuiSelect-nativeInput css-yf8vq0-MuiSelect-nativeInput"
                tabindex="-1"
                value="all"
              />
              <svg
                aria-hidden="true"
                class="MuiSvgIcon-root MuiSvgIcon-fontSizeMedium MuiSelect-icon MuiSelect-iconOutlined css-hfutr2-MuiSvgIcon-root-MuiSelect-icon"
                data-testid="ArrowDropDownIcon"
                focusable="false"
                viewBox="0 0 24 24"
              >
                <path
                  d="M7 10l5 5 5-5z"
                />
              </svg>[...
 ✓ src/test/auth.test.tsx > Authentication Components > RegisterPage > shows password confirmation validation 105056ms
 ✓ src/services/api/__tests__/services.test.ts  (13 tests) 11ms
 ✓ src/services/api/__tests__/services.test.ts > API Services > should export authService
 ✓ src/services/api/__tests__/services.test.ts > API Services > should export projectsService
 ✓ src/services/api/__tests__/services.test.ts > API Services > should export proposalsService
 ✓ src/services/api/__tests__/services.test.ts > API Services > should export contractsService
 ✓ src/services/api/__tests__/services.test.ts > API Services > should export paymentsService
 ✓ src/services/api/__tests__/services.test.ts > API Services > should export messagesService
 ✓ src/services/api/__tests__/services.test.ts > API Services > should export reviewsService
 ✓ src/services/api/__tests__/services.test.ts > API Services > should export notificationsService
 ✓ src/services/api/__tests__/services.test.ts > API Services > should export timeTrackingService
 ✓ src/services/api/__tests__/services.test.ts > API Services > should export organizationsService
 ✓ src/services/api/__tests__/services.test.ts > API Services > should export servicesService
 ✓ src/services/api/__tests__/services.test.ts > API Services > should export searchService
 ✓ src/services/api/__tests__/services.test.ts > API Services > should export uploadService
 ✓ src/hooks/api/__tests__/hooks.test.ts  (11 tests) 2ms
 ✓ src/hooks/api/__tests__/hooks.test.ts > API Hooks Query Keys > should have correct project query keys
 ✓ src/hooks/api/__tests__/hooks.test.ts > API Hooks Query Keys > should have correct proposal query keys
 ✓ src/hooks/api/__tests__/hooks.test.ts > API Hooks Query Keys > should have correct contract query keys
 ✓ src/hooks/api/__tests__/hooks.test.ts > API Hooks Query Keys > should have correct payment query keys
 ✓ src/hooks/api/__tests__/hooks.test.ts > API Hooks Query Keys > should have correct message query keys
 ✓ src/hooks/api/__tests__/hooks.test.ts > API Hooks Query Keys > should have correct review query keys
 ✓ src/hooks/api/__tests__/hooks.test.ts > API Hooks Query Keys > should have correct notification query keys
 ✓ src/hooks/api/__tests__/hooks.test.ts > API Hooks Query Keys > should have correct time tracking query keys
 ✓ src/hooks/api/__tests__/hooks.test.ts > API Hooks Query Keys > should have correct organization query keys
 ✓ src/hooks/api/__tests__/hooks.test.ts > API Hooks Query Keys > should have correct service query keys
 ✓ src/hooks/api/__tests__/hooks.test.ts > API Hooks Query Keys > should have correct search query keys
 ✓ src/services/socket/__tests__/socket.test.ts  (10 tests) 1ms
 ✓ src/services/socket/__tests__/socket.test.ts > SocketService > should create a socket service instance
 ✓ src/services/socket/__tests__/socket.test.ts > SocketService > should have connection methods
 ✓ src/services/socket/__tests__/socket.test.ts > SocketService > should have message event methods
 ✓ src/services/socket/__tests__/socket.test.ts > SocketService > should have notification event methods
 ✓ src/services/socket/__tests__/socket.test.ts > SocketService > should have proposal event methods
 ✓ src/services/socket/__tests__/socket.test.ts > SocketService > should have contract event methods
 ✓ src/services/socket/__tests__/socket.test.ts > SocketService > should have payment event methods
 ✓ src/services/socket/__tests__/socket.test.ts > SocketService > should have generic event methods
 ✓ src/services/socket/__tests__/socket.test.ts > SocketService > should return false for isConnected when not connected
 ✓ src/services/socket/__tests__/socket.test.ts > SocketService > should return undefined for getSocketId when not connected

⎯⎯⎯⎯⎯⎯ Unhandled Errors ⎯⎯⎯⎯⎯⎯

Vitest caught 1 unhandled error during the test run.
This might cause false positive tests. Resolve unhandled errors to make sure your tests are not affected.
⎯⎯⎯⎯⎯⎯⎯⎯⎯⎯⎯⎯⎯⎯⎯⎯⎯⎯⎯⎯⎯⎯⎯⎯⎯⎯⎯⎯⎯⎯
 Test Files  7 failed | 3 passed (10)
      Tests  66 failed | 72 passed (138)
     Errors  1 error
   Start at  20:14:07
   Duration  600.20s (transform 1.47s, setup 142ms, collect 7.84s, tests 591.27s, environment 402ms, prepare 150ms)


⎯⎯⎯⎯⎯⎯ Unhandled Errors ⎯⎯⎯⎯⎯⎯

Vitest caught 1 unhandled error during the test run.
This might cause false positive tests. Resolve unhandled errors to make sure your tests are not affected.
⎯⎯⎯⎯⎯⎯⎯⎯⎯⎯⎯⎯⎯⎯⎯⎯⎯⎯⎯⎯⎯⎯⎯⎯⎯⎯⎯⎯⎯⎯
 Test Files  7 failed | 3 passed (10)
      Tests  66 failed | 72 passed (138)
     Errors  1 error
   Start at  20:14:07
   Duration  600.45s (transform 1.47s, setup 142ms, collect 7.84s, tests 591.27s, environment 402ms, prepare 150ms)

